Context
worker.js
Stack Trace
worker.js:0 (anonymous function)
Nothing to see here, move along.

Context
devtools://devtools/bundled/devtools_app.html?remoteBase=https://chrome-devtools-frontend.appspot.com/serve_file/@fd886e2cb29dd984c13deec032832dee68d8abe3/&targetType=tab&can_dock=true
Stack Trace
assets/index-CKAiPbkH.js:13 (Fd)
assets/index-CKAiPbkH.js:13 (Qr)
assets/index-CKAiPbkH.js:13 (To)
assets/index-CKAiPbkH.js:13 (ne)
assets/index-CKAiPbkH.js:9 (run)
assets/index-CKAiPbkH.js:13 (_)
assets/index-CKAiPbkH.js:13 (m)
assets/index-CKAiPbkH.js:13 (c)
assets/index-CKAiPbkH.js:13 (k)
assets/index-CKAiPbkH.js:13 (oe)
assets/index-CKAiPbkH.js:13 (L)
assets/index-CKAiPbkH.js:13 (q)
assets/index-CKAiPbkH.js:13 (k)
assets/index-CKAiPbkH.js:13 (ne)
assets/index-CKAiPbkH.js:9 (run)
assets/index-CKAiPbkH.js:13 (_)
assets/index-CKAiPbkH.js:13 (m)
assets/index-CKAiPbkH.js:13 (c)
assets/index-CKAiPbkH.js:13 (k)
assets/index-CKAiPbkH.js:13 (oe)
assets/index-CKAiPbkH.js:13 (L)
assets/index-CKAiPbkH.js:13 (q)
assets/index-CKAiPbkH.js:13 (k)
assets/index-CKAiPbkH.js:13 (ne)
assets/index-CKAiPbkH.js:9 (run)
assets/index-CKAiPbkH.js:13 (_)
assets/index-CKAiPbkH.js:13 (m)
assets/index-CKAiPbkH.js:13 (c)
assets/index-CKAiPbkH.js:13 (k)
assets/index-CKAiPbkH.js:13 (De)
assets/index-CKAiPbkH.js:13 (mount)
assets/index-CKAiPbkH.js:17 (t.mount)
assets/index-CKAiPbkH.js:78 (anonymous function)
1
2
3
4
5
6
7
8
9
10
11
12
13
14
15
16
17
18
19
20
21
22
23
24
25
26
27
28
29
30
31
32
33
34
35
36
37
38
39
40
41
42
43
44
45
46
47
48
49
50
51
52
53
54
55
56
57
58
59
60
61
62
63
64
65
66
67
68
69
70
71
72
73
74
75
76
77
78
79
(function(){const t=document.createElement("link").relList;if(t&&t.supports&&t.supports("modulepreload"))return;for(const r of document.querySelectorAll('link[rel="modulepreload"]'))n(r);new MutationObserver(r=>{for(const o of r)if(o.type==="childList")for(const i of o.addedNodes)i.tagName==="LINK"&&i.rel==="modulepreload"&&n(i)}).observe(document,{childList:!0,subtree:!0});function s(r){const o={};return r.integrity&&(o.integrity=r.integrity),r.referrerPolicy&&(o.referrerPolicy=r.referrerPolicy),r.crossOrigin==="use-credentials"?o.credentials="include":r.crossOrigin==="anonymous"?o.credentials="omit":o.credentials="same-origin",o}function n(r){if(r.ep)return;r.ep=!0;const o=s(r);fetch(r.href,o)}})();/**
* @vue/shared v3.5.13
* (c) 2018-present Yuxi (Evan) You and Vue contributors
* @license MIT
**//*! #__NO_SIDE_EFFECTS__ */function ai(e){const t=Object.create(null);for(const s of e.split(","))t[s]=1;return s=>s in t}const Ie={},Ss=[],It=()=>{},Wu=()=>!1,Hr=e=>e.charCodeAt(0)===111&&e.charCodeAt(1)===110&&(e.charCodeAt(2)>122||e.charCodeAt(2)<97),li=e=>e.startsWith("onUpdate:"),Fe=Object.assign,ci=(e,t)=>{const s=e.indexOf(t);s>-1&&e.splice(s,1)},zu=Object.prototype.hasOwnProperty,Re=(e,t)=>zu.call(e,t),de=Array.isArray,Rs=e=>wn(e)==="[object Map]",Ls=e=>wn(e)==="[object Set]",Hi=e=>wn(e)==="[object Date]",me=e=>typeof e=="function",xe=e=>typeof e=="string",Tt=e=>typeof e=="symbol",ke=e=>e!==null&&typeof e=="object",pl=e=>(ke(e)||me(e))&&me(e.then)&&me(e.catch),ml=Object.prototype.toString,wn=e=>ml.call(e),Qu=e=>wn(e).slice(8,-1),gl=e=>wn(e)==="[object Object]",ui=e=>xe(e)&&e!=="NaN"&&e[0]!=="-"&&""+parseInt(e,10)===e,Xs=ai(",key,ref,ref_for,ref_key,onVnodeBeforeMount,onVnodeMounted,onVnodeBeforeUpdate,onVnodeUpdated,onVnodeBeforeUnmount,onVnodeUnmounted"),Br=e=>{const t=Object.create(null);return s=>t[s]||(t[s]=e(s))},Yu=/-(\w)/g,bt=Br(e=>e.replace(Yu,(t,s)=>s?s.toUpperCase():"")),Ku=/\B([A-Z])/g,gs=Br(e=>e.replace(Ku,"-$1").toLowerCase()),jr=Br(e=>e.charAt(0).toUpperCase()+e.slice(1)),fo=Br(e=>e?`on${jr(e)}`:""),Zt=(e,t)=>!Object.is(e,t),Fn=(e,...t)=>{for(let s=0;s<e.length;s++)e[s](...t)},vl=(e,t,s,n=!1)=>{Object.defineProperty(e,t,{configurable:!0,enumerable:!1,writable:n,value:s})},Zn=e=>{const t=parseFloat(e);return isNaN(t)?e:t},Xu=e=>{const t=xe(e)?Number(e):NaN;return isNaN(t)?e:t};let Bi;const Vr=()=>Bi||(Bi=typeof globalThis<"u"?globalThis:typeof self<"u"?self:typeof window<"u"?window:typeof global<"u"?global:{});function ut(e){if(de(e)){const t={};for(let s=0;s<e.length;s++){const n=e[s],r=xe(n)?td(n):ut(n);if(r)for(const o in r)t[o]=r[o]}return t}else if(xe(e)||ke(e))return e}const Ju=/;(?![^(]*\))/g,Zu=/:([^]+)/,ed=/\/\*[^]*?\*\//g;function td(e){const t={};return e.replace(ed,"").split(Ju).forEach(s=>{if(s){const n=s.split(Zu);n.length>1&&(t[n[0].trim()]=n[1].trim())}}),t}function te(e){let t="";if(xe(e))t=e;else if(de(e))for(let s=0;s<e.length;s++){const n=te(e[s]);n&&(t+=n+" ")}else if(ke(e))for(const s in e)e[s]&&(t+=s+" ");return t.trim()}const sd="itemscope,allowfullscreen,formnovalidate,ismap,nomodule,novalidate,readonly",nd=ai(sd);function bl(e){return!!e||e===""}function rd(e,t){if(e.length!==t.length)return!1;let s=!0;for(let n=0;s&&n<e.length;n++)s=_n(e[n],t[n]);return s}function _n(e,t){if(e===t)return!0;let s=Hi(e),n=Hi(t);if(s||n)return s&&n?e.getTime()===t.getTime():!1;if(s=Tt(e),n=Tt(t),s||n)return e===t;if(s=de(e),n=de(t),s||n)return s&&n?rd(e,t):!1;if(s=ke(e),n=ke(t),s||n){if(!s||!n)return!1;const r=Object.keys(e).length,o=Object.keys(t).length;if(r!==o)return!1;for(const i in e){const a=e.hasOwnProperty(i),l=t.hasOwnProperty(i);if(a&&!l||!a&&l||!_n(e[i],t[i]))return!1}}return String(e)===String(t)}function di(e,t){return e.findIndex(s=>_n(s,t))}const yl=e=>!!(e&&e.__v_isRef===!0),T=e=>xe(e)?e:e==null?"":de(e)||ke(e)&&(e.toString===ml||!me(e.toString))?yl(e)?T(e.value):JSON.stringify(e,El,2):String(e),El=(e,t)=>yl(t)?El(e,t.value):Rs(t)?{[`Map(${t.size})`]:[...t.entries()].reduce((s,[n,r],o)=>(s[po(n,o)+" =>"]=r,s),{})}:Ls(t)?{[`Set(${t.size})`]:[...t.values()].map(s=>po(s))}:Tt(t)?po(t):ke(t)&&!de(t)&&!gl(t)?String(t):t,po=(e,t="")=>{var s;return Tt(e)?`Symbol(${(s=e.description)!=null?s:t})`:e};/**
* @vue/reactivity v3.5.13
* (c) 2018-present Yuxi (Evan) You and Vue contributors
* @license MIT
**/let tt;class od{constructor(t=!1){this.detached=t,this._active=!0,this.effects=[],this.cleanups=[],this._isPaused=!1,this.parent=tt,!t&&tt&&(this.index=(tt.scopes||(tt.scopes=[])).push(this)-1)}get active(){return this._active}pause(){if(this._active){this._isPaused=!0;let t,s;if(this.scopes)for(t=0,s=this.scopes.length;t<s;t++)this.scopes[t].pause();for(t=0,s=this.effects.length;t<s;t++)this.effects[t].pause()}}resume(){if(this._active&&this._isPaused){this._isPaused=!1;let t,s;if(this.scopes)for(t=0,s=this.scopes.length;t<s;t++)this.scopes[t].resume();for(t=0,s=this.effects.length;t<s;t++)this.effects[t].resume()}}run(t){if(this._active){const s=tt;try{return tt=this,t()}finally{tt=s}}}on(){tt=this}off(){tt=this.parent}stop(t){if(this._active){this._active=!1;let s,n;for(s=0,n=this.effects.length;s<n;s++)this.effects[s].stop();for(this.effects.length=0,s=0,n=this.cleanups.length;s<n;s++)this.cleanups[s]();if(this.cleanups.length=0,this.scopes){for(s=0,n=this.scopes.length;s<n;s++)this.scopes[s].stop(!0);this.scopes.length=0}if(!this.detached&&this.parent&&!t){const r=this.parent.scopes.pop();r&&r!==this&&(this.parent.scopes[this.index]=r,r.index=this.index)}this.parent=void 0}}}function Tl(){return tt}function id(e,t=!1){tt&&tt.cleanups.push(e)}let Le;const mo=new WeakSet;class wl{constructor(t){this.fn=t,this.deps=void 0,this.depsTail=void 0,this.flags=5,this.next=void 0,this.cleanup=void 0,this.scheduler=void 0,tt&&tt.active&&tt.effects.push(this)}pause(){this.flags|=64}resume(){this.flags&64&&(this.flags&=-65,mo.has(this)&&(mo.delete(this),this.trigger()))}notify(){this.flags&2&&!(this.flags&32)||this.flags&8||Sl(this)}run(){if(!(this.flags&1))return this.fn();this.flags|=2,ji(this),Rl(this);const t=Le,s=Et;Le=this,Et=!0;try{return this.fn()}finally{Cl(this),Le=t,Et=s,this.flags&=-3}}stop(){if(this.flags&1){for(let t=this.deps;t;t=t.nextDep)pi(t);this.deps=this.depsTail=void 0,ji(this),this.onStop&&this.onStop(),this.flags&=-2}}trigger(){this.flags&64?mo.add(this):this.scheduler?this.scheduler():this.runIfDirty()}runIfDirty(){Uo(this)&&this.run()}get dirty(){return Uo(this)}}let _l=0,Js,Zs;function Sl(e,t=!1){if(e.flags|=8,t){e.next=Zs,Zs=e;return}e.next=Js,Js=e}function hi(){_l++}function fi(){if(--_l>0)return;if(Zs){let t=Zs;for(Zs=void 0;t;){const s=t.next;t.next=void 0,t.flags&=-9,t=s}}let e;for(;Js;){let t=Js;for(Js=void 0;t;){const s=t.next;if(t.next=void 0,t.flags&=-9,t.flags&1)try{t.trigger()}catch(n){e||(e=n)}t=s}}if(e)throw e}function Rl(e){for(let t=e.deps;t;t=t.nextDep)t.version=-1,t.prevActiveLink=t.dep.activeLink,t.dep.activeLink=t}function Cl(e){let t,s=e.depsTail,n=s;for(;n;){const r=n.prevDep;n.version===-1?(n===s&&(s=r),pi(n),ad(n)):t=n,n.dep.activeLink=n.prevActiveLink,n.prevActiveLink=void 0,n=r}e.deps=t,e.depsTail=s}function Uo(e){for(let t=e.deps;t;t=t.nextDep)if(t.dep.version!==t.version||t.dep.computed&&(Al(t.dep.computed)||t.dep.version!==t.version))return!0;return!!e._dirty}function Al(e){if(e.flags&4&&!(e.flags&16)||(e.flags&=-17,e.globalVersion===cn))return;e.globalVersion=cn;const t=e.dep;if(e.flags|=2,t.version>0&&!e.isSSR&&e.deps&&!Uo(e)){e.flags&=-3;return}const s=Le,n=Et;Le=e,Et=!0;try{Rl(e);const r=e.fn(e._value);(t.version===0||Zt(r,e._value))&&(e._value=r,t.version++)}catch(r){throw t.version++,r}finally{Le=s,Et=n,Cl(e),e.flags&=-3}}function pi(e,t=!1){const{dep:s,prevSub:n,nextSub:r}=e;if(n&&(n.nextSub=r,e.prevSub=void 0),r&&(r.prevSub=n,e.nextSub=void 0),s.subs===e&&(s.subs=n,!n&&s.computed)){s.computed.flags&=-5;for(let o=s.computed.deps;o;o=o.nextDep)pi(o,!0)}!t&&!--s.sc&&s.map&&s.map.delete(s.key)}function ad(e){const{prevDep:t,nextDep:s}=e;t&&(t.nextDep=s,e.prevDep=void 0),s&&(s.prevDep=t,e.nextDep=void 0)}let Et=!0;const kl=[];function ss(){kl.push(Et),Et=!1}function ns(){const e=kl.pop();Et=e===void 0?!0:e}function ji(e){const{cleanup:t}=e;if(e.cleanup=void 0,t){const s=Le;Le=void 0;try{t()}finally{Le=s}}}let cn=0;class ld{constructor(t,s){this.sub=t,this.dep=s,this.version=s.version,this.nextDep=this.prevDep=this.nextSub=this.prevSub=this.prevActiveLink=void 0}}class Gr{constructor(t){this.computed=t,this.version=0,this.activeLink=void 0,this.subs=void 0,this.map=void 0,this.key=void 0,this.sc=0}track(t){if(!Le||!Et||Le===this.computed)return;let s=this.activeLink;if(s===void 0||s.sub!==Le)s=this.activeLink=new ld(Le,this),Le.deps?(s.prevDep=Le.depsTail,Le.depsTail.nextDep=s,Le.depsTail=s):Le.deps=Le.depsTail=s,Nl(s);else if(s.version===-1&&(s.version=this.version,s.nextDep)){const n=s.nextDep;n.prevDep=s.prevDep,s.prevDep&&(s.prevDep.nextDep=n),s.prevDep=Le.depsTail,s.nextDep=void 0,Le.depsTail.nextDep=s,Le.depsTail=s,Le.deps===s&&(Le.deps=n)}return s}trigger(t){this.version++,cn++,this.notify(t)}notify(t){hi();try{for(let s=this.subs;s;s=s.prevSub)s.sub.notify()&&s.sub.dep.notify()}finally{fi()}}}function Nl(e){if(e.dep.sc++,e.sub.flags&4){const t=e.dep.computed;if(t&&!e.dep.subs){t.flags|=20;for(let n=t.deps;n;n=n.nextDep)Nl(n)}const s=e.dep.subs;s!==e&&(e.prevSub=s,s&&(s.nextSub=e)),e.dep.subs=e}}const er=new WeakMap,fs=Symbol(""),Fo=Symbol(""),un=Symbol("");function Xe(e,t,s){if(Et&&Le){let n=er.get(e);n||er.set(e,n=new Map);let r=n.get(s);r||(n.set(s,r=new Gr),r.map=n,r.key=s),r.track()}}function xt(e,t,s,n,r,o){const i=er.get(e);if(!i){cn++;return}const a=l=>{l&&l.trigger()};if(hi(),t==="clear")i.forEach(a);else{const l=de(e),h=l&&ui(s);if(l&&s==="length"){const d=Number(n);i.forEach((p,g)=>{(g==="length"||g===un||!Tt(g)&&g>=d)&&a(p)})}else switch((s!==void 0||i.has(void 0))&&a(i.get(s)),h&&a(i.get(un)),t){case"add":l?h&&a(i.get("length")):(a(i.get(fs)),Rs(e)&&a(i.get(Fo)));break;case"delete":l||(a(i.get(fs)),Rs(e)&&a(i.get(Fo)));break;case"set":Rs(e)&&a(i.get(fs));break}}fi()}function cd(e,t){const s=er.get(e);return s&&s.get(t)}function ys(e){const t=_e(e);return t===e?t:(Xe(t,"iterate",un),vt(e)?t:t.map(Je))}function Wr(e){return Xe(e=_e(e),"iterate",un),e}const ud={__proto__:null,[Symbol.iterator](){return go(this,Symbol.iterator,Je)},concat(...e){return ys(this).concat(...e.map(t=>de(t)?ys(t):t))},entries(){return go(this,"entries",e=>(e[1]=Je(e[1]),e))},every(e,t){return Lt(this,"every",e,t,void 0,arguments)},filter(e,t){return Lt(this,"filter",e,t,s=>s.map(Je),arguments)},find(e,t){return Lt(this,"find",e,t,Je,arguments)},findIndex(e,t){return Lt(this,"findIndex",e,t,void 0,arguments)},findLast(e,t){return Lt(this,"findLast",e,t,Je,arguments)},findLastIndex(e,t){return Lt(this,"findLastIndex",e,t,void 0,arguments)},forEach(e,t){return Lt(this,"forEach",e,t,void 0,arguments)},includes(...e){return vo(this,"includes",e)},indexOf(...e){return vo(this,"indexOf",e)},join(e){return ys(this).join(e)},lastIndexOf(...e){return vo(this,"lastIndexOf",e)},map(e,t){return Lt(this,"map",e,t,void 0,arguments)},pop(){return Us(this,"pop")},push(...e){return Us(this,"push",e)},reduce(e,...t){return Vi(this,"reduce",e,t)},reduceRight(e,...t){return Vi(this,"reduceRight",e,t)},shift(){return Us(this,"shift")},some(e,t){return Lt(this,"some",e,t,void 0,arguments)},splice(...e){return Us(this,"splice",e)},toReversed(){return ys(this).toReversed()},toSorted(e){return ys(this).toSorted(e)},toSpliced(...e){return ys(this).toSpliced(...e)},unshift(...e){return Us(this,"unshift",e)},values(){return go(this,"values",Je)}};function go(e,t,s){const n=Wr(e),r=n[t]();return n!==e&&!vt(e)&&(r._next=r.next,r.next=()=>{const o=r._next();return o.value&&(o.value=s(o.value)),o}),r}const dd=Array.prototype;function Lt(e,t,s,n,r,o){const i=Wr(e),a=i!==e&&!vt(e),l=i[t];if(l!==dd[t]){const p=l.apply(e,o);return a?Je(p):p}let h=s;i!==e&&(a?h=function(p,g){return s.call(this,Je(p),g,e)}:s.length>2&&(h=function(p,g){return s.call(this,p,g,e)}));const d=l.call(i,h,n);return a&&r?r(d):d}function Vi(e,t,s,n){const r=Wr(e);let o=s;return r!==e&&(vt(e)?s.length>3&&(o=function(i,a,l){return s.call(this,i,a,l,e)}):o=function(i,a,l){return s.call(this,i,Je(a),l,e)}),r[t](o,...n)}function vo(e,t,s){const n=_e(e);Xe(n,"iterate",un);const r=n[t](...s);return(r===-1||r===!1)&&bi(s[0])?(s[0]=_e(s[0]),n[t](...s)):r}function Us(e,t,s=[]){ss(),hi();const n=_e(e)[t].apply(e,s);return fi(),ns(),n}const hd=ai("__proto__,__v_isRef,__isVue"),Ol=new Set(Object.getOwnPropertyNames(Symbol).filter(e=>e!=="arguments"&&e!=="caller").map(e=>Symbol[e]).filter(Tt));function fd(e){Tt(e)||(e=String(e));const t=_e(this);return Xe(t,"has",e),t.hasOwnProperty(e)}class Il{constructor(t=!1,s=!1){this._isReadonly=t,this._isShallow=s}get(t,s,n){if(s==="__v_skip")return t.__v_skip;const r=this._isReadonly,o=this._isShallow;if(s==="__v_isReactive")return!r;if(s==="__v_isReadonly")return r;if(s==="__v_isShallow")return o;if(s==="__v_raw")return n===(r?o?_d:Dl:o?ql:Ll).get(t)||Object.getPrototypeOf(t)===Object.getPrototypeOf(n)?t:void 0;const i=de(t);if(!r){let l;if(i&&(l=ud[s]))return l;if(s==="hasOwnProperty")return fd}const a=Reflect.get(t,s,je(t)?t:n);return(Tt(s)?Ol.has(s):hd(s))||(r||Xe(t,"get",s),o)?a:je(a)?i&&ui(s)?a:a.value:ke(a)?r?gi(a):ps(a):a}}class $l extends Il{constructor(t=!1){super(!1,t)}set(t,s,n,r){let o=t[s];if(!this._isShallow){const l=ms(o);if(!vt(n)&&!ms(n)&&(o=_e(o),n=_e(n)),!de(t)&&je(o)&&!je(n))return l?!1:(o.value=n,!0)}const i=de(t)&&ui(s)?Number(s)<t.length:Re(t,s),a=Reflect.set(t,s,n,je(t)?t:r);return t===_e(r)&&(i?Zt(n,o)&&xt(t,"set",s,n):xt(t,"add",s,n)),a}deleteProperty(t,s){const n=Re(t,s);t[s];const r=Reflect.deleteProperty(t,s);return r&&n&&xt(t,"delete",s,void 0),r}has(t,s){const n=Reflect.has(t,s);return(!Tt(s)||!Ol.has(s))&&Xe(t,"has",s),n}ownKeys(t){return Xe(t,"iterate",de(t)?"length":fs),Reflect.ownKeys(t)}}class pd extends Il{constructor(t=!1){super(!0,t)}set(t,s){return!0}deleteProperty(t,s){return!0}}const md=new $l,gd=new pd,vd=new $l(!0);const Ho=e=>e,On=e=>Reflect.getPrototypeOf(e);function bd(e,t,s){return function(...n){const r=this.__v_raw,o=_e(r),i=Rs(o),a=e==="entries"||e===Symbol.iterator&&i,l=e==="keys"&&i,h=r[e](...n),d=s?Ho:t?Bo:Je;return!t&&Xe(o,"iterate",l?Fo:fs),{next(){const{value:p,done:g}=h.next();return g?{value:p,done:g}:{value:a?[d(p[0]),d(p[1])]:d(p),done:g}},[Symbol.iterator](){return this}}}}function In(e){return function(...t){return e==="delete"?!1:e==="clear"?void 0:this}}function yd(e,t){const s={get(r){const o=this.__v_raw,i=_e(o),a=_e(r);e||(Zt(r,a)&&Xe(i,"get",r),Xe(i,"get",a));const{has:l}=On(i),h=t?Ho:e?Bo:Je;if(l.call(i,r))return h(o.get(r));if(l.call(i,a))return h(o.get(a));o!==i&&o.get(r)},get size(){const r=this.__v_raw;return!e&&Xe(_e(r),"iterate",fs),Reflect.get(r,"size",r)},has(r){const o=this.__v_raw,i=_e(o),a=_e(r);return e||(Zt(r,a)&&Xe(i,"has",r),Xe(i,"has",a)),r===a?o.has(r):o.has(r)||o.has(a)},forEach(r,o){const i=this,a=i.__v_raw,l=_e(a),h=t?Ho:e?Bo:Je;return!e&&Xe(l,"iterate",fs),a.forEach((d,p)=>r.call(o,h(d),h(p),i))}};return Fe(s,e?{add:In("add"),set:In("set"),delete:In("delete"),clear:In("clear")}:{add(r){!t&&!vt(r)&&!ms(r)&&(r=_e(r));const o=_e(this);return On(o).has.call(o,r)||(o.add(r),xt(o,"add",r,r)),this},set(r,o){!t&&!vt(o)&&!ms(o)&&(o=_e(o));const i=_e(this),{has:a,get:l}=On(i);let h=a.call(i,r);h||(r=_e(r),h=a.call(i,r));const d=l.call(i,r);return i.set(r,o),h?Zt(o,d)&&xt(i,"set",r,o):xt(i,"add",r,o),this},delete(r){const o=_e(this),{has:i,get:a}=On(o);let l=i.call(o,r);l||(r=_e(r),l=i.call(o,r)),a&&a.call(o,r);const h=o.delete(r);return l&&xt(o,"delete",r,void 0),h},clear(){const r=_e(this),o=r.size!==0,i=r.clear();return o&&xt(r,"clear",void 0,void 0),i}}),["keys","values","entries",Symbol.iterator].forEach(r=>{s[r]=bd(r,e,t)}),s}function mi(e,t){const s=yd(e,t);return(n,r,o)=>r==="__v_isReactive"?!e:r==="__v_isReadonly"?e:r==="__v_raw"?n:Reflect.get(Re(s,r)&&r in n?s:n,r,o)}const Ed={get:mi(!1,!1)},Td={get:mi(!1,!0)},wd={get:mi(!0,!1)};const Ll=new WeakMap,ql=new WeakMap,Dl=new WeakMap,_d=new WeakMap;function Sd(e){switch(e){case"Object":case"Array":return 1;case"Map":case"Set":case"WeakMap":case"WeakSet":return 2;default:return 0}}function Rd(e){return e.__v_skip||!Object.isExtensible(e)?0:Sd(Qu(e))}function ps(e){return ms(e)?e:vi(e,!1,md,Ed,Ll)}function We(e){return vi(e,!1,vd,Td,ql)}function gi(e){return vi(e,!0,gd,wd,Dl)}function vi(e,t,s,n,r){if(!ke(e)||e.__v_raw&&!(t&&e.__v_isReactive))return e;const o=r.get(e);if(o)return o;const i=Rd(e);if(i===0)return e;const a=new Proxy(e,i===2?n:s);return r.set(e,a),a}function Cs(e){return ms(e)?Cs(e.__v_raw):!!(e&&e.__v_isReactive)}function ms(e){return!!(e&&e.__v_isReadonly)}function vt(e){return!!(e&&e.__v_isShallow)}function bi(e){return e?!!e.__v_raw:!1}function _e(e){const t=e&&e.__v_raw;return t?_e(t):e}function Cd(e){return!Re(e,"__v_skip")&&Object.isExtensible(e)&&vl(e,"__v_skip",!0),e}const Je=e=>ke(e)?ps(e):e,Bo=e=>ke(e)?gi(e):e;function je(e){return e?e.__v_isRef===!0:!1}function zr(e){return Ad(e,!1)}function Ad(e,t){return je(e)?e:new kd(e,t)}class kd{constructor(t,s){this.dep=new Gr,this.__v_isRef=!0,this.__v_isShallow=!1,this._rawValue=s?t:_e(t),this._value=s?t:Je(t),this.__v_isShallow=s}get value(){return this.dep.track(),this._value}set value(t){const s=this._rawValue,n=this.__v_isShallow||vt(t)||ms(t);t=n?t:_e(t),Zt(t,s)&&(this._rawValue=t,this._value=n?t:Je(t),this.dep.trigger())}}function Pl(e){return je(e)?e.value:e}function es(e){return me(e)?e():Pl(e)}const Nd={get:(e,t,s)=>t==="__v_raw"?e:Pl(Reflect.get(e,t,s)),set:(e,t,s,n)=>{const r=e[t];return je(r)&&!je(s)?(r.value=s,!0):Reflect.set(e,t,s,n)}};function xl(e){return Cs(e)?e:new Proxy(e,Nd)}class Od{constructor(t){this.__v_isRef=!0,this._value=void 0;const s=this.dep=new Gr,{get:n,set:r}=t(s.track.bind(s),s.trigger.bind(s));this._get=n,this._set=r}get value(){return this._value=this._get()}set value(t){this._set(t)}}function Id(e){return new Od(e)}class $d{constructor(t,s,n){this._object=t,this._key=s,this._defaultValue=n,this.__v_isRef=!0,this._value=void 0}get value(){const t=this._object[this._key];return this._value=t===void 0?this._defaultValue:t}set value(t){this._object[this._key]=t}get dep(){return cd(_e(this._object),this._key)}}class Ld{constructor(t){this._getter=t,this.__v_isRef=!0,this.__v_isReadonly=!0,this._value=void 0}get value(){return this._value=this._getter()}}function qd(e,t,s){return je(e)?e:me(e)?new Ld(e):ke(e)&&arguments.length>1?Dd(e,t,s):zr(e)}function Dd(e,t,s){const n=e[t];return je(n)?n:new $d(e,t,s)}class Pd{constructor(t,s,n){this.fn=t,this.setter=s,this._value=void 0,this.dep=new Gr(this),this.__v_isRef=!0,this.deps=void 0,this.depsTail=void 0,this.flags=16,this.globalVersion=cn-1,this.next=void 0,this.effect=this,this.__v_isReadonly=!s,this.isSSR=n}notify(){if(this.flags|=16,!(this.flags&8)&&Le!==this)return Sl(this,!0),!0}get value(){const t=this.dep.track();return Al(this),t&&(t.version=this.dep.version),this._value}set value(t){this.setter&&this.setter(t)}}function xd(e,t,s=!1){let n,r;return me(e)?n=e:(n=e.get,r=e.set),new Pd(n,r,s)}const $n={},tr=new WeakMap;let cs;function Md(e,t=!1,s=cs){if(s){let n=tr.get(s);n||tr.set(s,n=[]),n.push(e)}}function Ud(e,t,s=Ie){const{immediate:n,deep:r,once:o,scheduler:i,augmentJob:a,call:l}=s,h=O=>r?O:vt(O)||r===!1||r===0?Mt(O,1):Mt(O);let d,p,g,y,A=!1,k=!1;if(je(e)?(p=()=>e.value,A=vt(e)):Cs(e)?(p=()=>h(e),A=!0):de(e)?(k=!0,A=e.some(O=>Cs(O)||vt(O)),p=()=>e.map(O=>{if(je(O))return O.value;if(Cs(O))return h(O);if(me(O))return l?l(O,2):O()})):me(e)?t?p=l?()=>l(e,2):e:p=()=>{if(g){ss();try{g()}finally{ns()}}const O=cs;cs=d;try{return l?l(e,3,[y]):e(y)}finally{cs=O}}:p=It,t&&r){const O=p,q=r===!0?1/0:r;p=()=>Mt(O(),q)}const j=Tl(),W=()=>{d.stop(),j&&j.active&&ci(j.effects,d)};if(o&&t){const O=t;t=(...q)=>{O(...q),W()}}let C=k?new Array(e.length).fill($n):$n;const R=O=>{if(!(!(d.flags&1)||!d.dirty&&!O))if(t){const q=d.run();if(r||A||(k?q.some((L,Q)=>Zt(L,C[Q])):Zt(q,C))){g&&g();const L=cs;cs=d;try{const Q=[q,C===$n?void 0:k&&C[0]===$n?[]:C,y];l?l(t,3,Q):t(...Q),C=q}finally{cs=L}}}else d.run()};return a&&a(R),d=new wl(p),d.scheduler=i?()=>i(R,!1):R,y=O=>Md(O,!1,d),g=d.onStop=()=>{const O=tr.get(d);if(O){if(l)l(O,4);else for(const q of O)q();tr.delete(d)}},t?n?R(!0):C=d.run():i?i(R.bind(null,!0),!0):d.run(),W.pause=d.pause.bind(d),W.resume=d.resume.bind(d),W.stop=W,W}function Mt(e,t=1/0,s){if(t<=0||!ke(e)||e.__v_skip||(s=s||new Set,s.has(e)))return e;if(s.add(e),t--,je(e))Mt(e.value,t,s);else if(de(e))for(let n=0;n<e.length;n++)Mt(e[n],t,s);else if(Ls(e)||Rs(e))e.forEach(n=>{Mt(n,t,s)});else if(gl(e)){for(const n in e)Mt(e[n],t,s);for(const n of Object.getOwnPropertySymbols(e))Object.prototype.propertyIsEnumerable.call(e,n)&&Mt(e[n],t,s)}return e}/**
* @vue/runtime-core v3.5.13
* (c) 2018-present Yuxi (Evan) You and Vue contributors
* @license MIT
**/function Sn(e,t,s,n){try{return n?e(...n):e()}catch(r){Qr(r,t,s)}}function wt(e,t,s,n){if(me(e)){const r=Sn(e,t,s,n);return r&&pl(r)&&r.catch(o=>{Qr(o,t,s)}),r}if(de(e)){const r=[];for(let o=0;o<e.length;o++)r.push(wt(e[o],t,s,n));return r}}function Qr(e,t,s,n=!0){const r=t?t.vnode:null,{errorHandler:o,throwUnhandledErrorInProduction:i}=t&&t.appContext.config||Ie;if(t){let a=t.parent;const l=t.proxy,h=`https://vuejs.org/error-reference/#runtime-${s}`;for(;a;){const d=a.ec;if(d){for(let p=0;p<d.length;p++)if(d[p](e,l,h)===!1)return}a=a.parent}if(o){ss(),Sn(o,null,10,[e,l,h]),ns();return}}Fd(e,s,r,n,i)}function Fd(e,t,s,n=!0,r=!1){if(r)throw e;console.error(e)}const st=[];let Rt=-1;const As=[];let Wt=null,ws=0;const Ml=Promise.resolve();let sr=null;function Yr(e){const t=sr||Ml;return e?t.then(this?e.bind(this):e):t}function Hd(e){let t=Rt+1,s=st.length;for(;t<s;){const n=t+s>>>1,r=st[n],o=dn(r);o<e||o===e&&r.flags&2?t=n+1:s=n}return t}function yi(e){if(!(e.flags&1)){const t=dn(e),s=st[st.length-1];!s||!(e.flags&2)&&t>=dn(s)?st.push(e):st.splice(Hd(t),0,e),e.flags|=1,Ul()}}function Ul(){sr||(sr=Ml.then(Hl))}function Bd(e){de(e)?As.push(...e):Wt&&e.id===-1?Wt.splice(ws+1,0,e):e.flags&1||(As.push(e),e.flags|=1),Ul()}function Gi(e,t,s=Rt+1){for(;s<st.length;s++){const n=st[s];if(n&&n.flags&2){if(e&&n.id!==e.uid)continue;st.splice(s,1),s--,n.flags&4&&(n.flags&=-2),n(),n.flags&4||(n.flags&=-2)}}}function Fl(e){if(As.length){const t=[...new Set(As)].sort((s,n)=>dn(s)-dn(n));if(As.length=0,Wt){Wt.push(...t);return}for(Wt=t,ws=0;ws<Wt.length;ws++){const s=Wt[ws];s.flags&4&&(s.flags&=-2),s.flags&8||s(),s.flags&=-2}Wt=null,ws=0}}const dn=e=>e.id==null?e.flags&2?-1:1/0:e.id;function Hl(e){try{for(Rt=0;Rt<st.length;Rt++){const t=st[Rt];t&&!(t.flags&8)&&(t.flags&4&&(t.flags&=-2),Sn(t,t.i,t.i?15:14),t.flags&4||(t.flags&=-2))}}finally{for(;Rt<st.length;Rt++){const t=st[Rt];t&&(t.flags&=-2)}Rt=-1,st.length=0,Fl(),sr=null,(st.length||As.length)&&Hl()}}let Be=null,Bl=null;function nr(e){const t=Be;return Be=e,Bl=e&&e.type.__scopeId||null,t}function ce(e,t=Be,s){if(!t||e._n)return e;const n=(...r)=>{n._d&&ta(-1);const o=nr(t);let i;try{i=e(...r)}finally{nr(o),n._d&&ta(1)}return i};return n._n=!0,n._c=!0,n._d=!0,n}function Oe(e,t){if(Be===null)return e;const s=eo(Be),n=e.dirs||(e.dirs=[]);for(let r=0;r<t.length;r++){let[o,i,a,l=Ie]=t[r];o&&(me(o)&&(o={mounted:o,updated:o}),o.deep&&Mt(i),n.push({dir:o,instance:s,value:i,oldValue:void 0,arg:a,modifiers:l}))}return e}function os(e,t,s,n){const r=e.dirs,o=t&&t.dirs;for(let i=0;i<r.length;i++){const a=r[i];o&&(a.oldValue=o[i].value);let l=a.dir[n];l&&(ss(),wt(l,s,8,[e.el,a,e,t]),ns())}}const jd=Symbol("_vte"),jl=e=>e.__isTeleport,zt=Symbol("_leaveCb"),Ln=Symbol("_enterCb");function Vd(){const e={isMounted:!1,isLeaving:!1,isUnmounting:!1,leavingVNodes:new Map};return Xl(()=>{e.isMounted=!0}),Jl(()=>{e.isUnmounting=!0}),e}const ft=[Function,Array],Vl={mode:String,appear:Boolean,persisted:Boolean,onBeforeEnter:ft,onEnter:ft,onAfterEnter:ft,onEnterCancelled:ft,onBeforeLeave:ft,onLeave:ft,onAfterLeave:ft,onLeaveCancelled:ft,onBeforeAppear:ft,onAppear:ft,onAfterAppear:ft,onAppearCancelled:ft},Gl=e=>{const t=e.subTree;return t.component?Gl(t.component):t},Gd={name:"BaseTransition",props:Vl,setup(e,{slots:t}){const s=Bh(),n=Vd();return()=>{const r=t.default&&Ql(t.default(),!0);if(!r||!r.length)return;const o=Wl(r),i=_e(e),{mode:a}=i;if(n.isLeaving)return bo(o);const l=Wi(o);if(!l)return bo(o);let h=jo(l,i,n,s,p=>h=p);l.type!==nt&&hn(l,h);let d=s.subTree&&Wi(s.subTree);if(d&&d.type!==nt&&!ds(l,d)&&Gl(s).type!==nt){let p=jo(d,i,n,s);if(hn(d,p),a==="out-in"&&l.type!==nt)return n.isLeaving=!0,p.afterLeave=()=>{n.isLeaving=!1,s.job.flags&8||s.update(),delete p.afterLeave,d=void 0},bo(o);a==="in-out"&&l.type!==nt?p.delayLeave=(g,y,A)=>{const k=zl(n,d);k[String(d.key)]=d,g[zt]=()=>{y(),g[zt]=void 0,delete h.delayedLeave,d=void 0},h.delayedLeave=()=>{A(),delete h.delayedLeave,d=void 0}}:d=void 0}else d&&(d=void 0);return o}}};function Wl(e){let t=e[0];if(e.length>1){for(const s of e)if(s.type!==nt){t=s;break}}return t}const Wd=Gd;function zl(e,t){const{leavingVNodes:s}=e;let n=s.get(t.type);return n||(n=Object.create(null),s.set(t.type,n)),n}function jo(e,t,s,n,r){const{appear:o,mode:i,persisted:a=!1,onBeforeEnter:l,onEnter:h,onAfterEnter:d,onEnterCancelled:p,onBeforeLeave:g,onLeave:y,onAfterLeave:A,onLeaveCancelled:k,onBeforeAppear:j,onAppear:W,onAfterAppear:C,onAppearCancelled:R}=t,O=String(e.key),q=zl(s,e),L=(P,V)=>{P&&wt(P,n,9,V)},Q=(P,V)=>{const F=V[1];L(P,V),de(P)?P.every(M=>M.length<=1)&&F():P.length<=1&&F()},oe={mode:i,persisted:a,beforeEnter(P){let V=l;if(!s.isMounted)if(o)V=j||l;else return;P[zt]&&P[zt](!0);const F=q[O];F&&ds(e,F)&&F.el[zt]&&F.el[zt](),L(V,[P])},enter(P){let V=h,F=d,M=p;if(!s.isMounted)if(o)V=W||h,F=C||d,M=R||p;else return;let c=!1;const m=P[Ln]=b=>{c||(c=!0,b?L(M,[P]):L(F,[P]),oe.delayedLeave&&oe.delayedLeave(),P[Ln]=void 0)};V?Q(V,[P,m]):m()},leave(P,V){const F=String(e.key);if(P[Ln]&&P[Ln](!0),s.isUnmounting)return V();L(g,[P]);let M=!1;const c=P[zt]=m=>{M||(M=!0,V(),m?L(k,[P]):L(A,[P]),P[zt]=void 0,q[F]===e&&delete q[F])};q[F]=e,y?Q(y,[P,c]):c()},clone(P){const V=jo(P,t,s,n,r);return r&&r(V),V}};return oe}function bo(e){if(Kr(e))return e=ts(e),e.children=null,e}function Wi(e){if(!Kr(e))return jl(e.type)&&e.children?Wl(e.children):e;const{shapeFlag:t,children:s}=e;if(s){if(t&16)return s[0];if(t&32&&me(s.default))return s.default()}}function hn(e,t){e.shapeFlag&6&&e.component?(e.transition=t,hn(e.component.subTree,t)):e.shapeFlag&128?(e.ssContent.transition=t.clone(e.ssContent),e.ssFallback.transition=t.clone(e.ssFallback)):e.transition=t}function Ql(e,t=!1,s){let n=[],r=0;for(let o=0;o<e.length;o++){let i=e[o];const a=s==null?i.key:String(s)+String(i.key!=null?i.key:o);i.type===B?(i.patchFlag&128&&r++,n=n.concat(Ql(i.children,t,a))):(t||i.type!==nt)&&n.push(a!=null?ts(i,{key:a}):i)}if(r>1)for(let o=0;o<n.length;o++)n[o].patchFlag=-2;return n}function Yl(e){e.ids=[e.ids[0]+e.ids[2]+++"-",0,0]}function rr(e,t,s,n,r=!1){if(de(e)){e.forEach((A,k)=>rr(A,t&&(de(t)?t[k]:t),s,n,r));return}if(ks(n)&&!r){n.shapeFlag&512&&n.type.__asyncResolved&&n.component.subTree.component&&rr(e,t,s,n.component.subTree);return}const o=n.shapeFlag&4?eo(n.component):n.el,i=r?null:o,{i:a,r:l}=e,h=t&&t.r,d=a.refs===Ie?a.refs={}:a.refs,p=a.setupState,g=_e(p),y=p===Ie?()=>!1:A=>Re(g,A);if(h!=null&&h!==l&&(xe(h)?(d[h]=null,y(h)&&(p[h]=null)):je(h)&&(h.value=null)),me(l))Sn(l,a,12,[i,d]);else{const A=xe(l),k=je(l);if(A||k){const j=()=>{if(e.f){const W=A?y(l)?p[l]:d[l]:l.value;r?de(W)&&ci(W,o):de(W)?W.includes(o)||W.push(o):A?(d[l]=[o],y(l)&&(p[l]=d[l])):(l.value=[o],e.k&&(d[e.k]=l.value))}else A?(d[l]=i,y(l)&&(p[l]=i)):k&&(l.value=i,e.k&&(d[e.k]=i))};i?(j.id=-1,at(j,s)):j()}}}Vr().requestIdleCallback;Vr().cancelIdleCallback;const ks=e=>!!e.type.__asyncLoader,Kr=e=>e.type.__isKeepAlive;function zd(e,t){Kl(e,"a",t)}function Qd(e,t){Kl(e,"da",t)}function Kl(e,t,s=Ge){const n=e.__wdc||(e.__wdc=()=>{let r=s;for(;r;){if(r.isDeactivated)return;r=r.parent}return e()});if(Xr(t,n,s),s){let r=s.parent;for(;r&&r.parent;)Kr(r.parent.vnode)&&Yd(n,t,s,r),r=r.parent}}function Yd(e,t,s,n){const r=Xr(t,e,n,!0);Zl(()=>{ci(n[t],r)},s)}function Xr(e,t,s=Ge,n=!1){if(s){const r=s[e]||(s[e]=[]),o=t.__weh||(t.__weh=(...i)=>{ss();const a=Rn(s),l=wt(t,s,e,i);return a(),ns(),l});return n?r.unshift(o):r.push(o),o}}const Bt=e=>(t,s=Ge)=>{(!mn||e==="sp")&&Xr(e,(...n)=>t(...n),s)},Kd=Bt("bm"),Xl=Bt("m"),Xd=Bt("bu"),Jd=Bt("u"),Jl=Bt("bum"),Zl=Bt("um"),Zd=Bt("sp"),eh=Bt("rtg"),th=Bt("rtc");function sh(e,t=Ge){Xr("ec",e,t)}const ec="components",nh="directives";function $(e,t){return sc(ec,e,!0,t)||e}const rh=Symbol.for("v-ndc");function tc(e){return sc(nh,e)}function sc(e,t,s=!0,n=!1){const r=Be||Ge;if(r){const o=r.type;if(e===ec){const a=zh(o,!1);if(a&&(a===t||a===bt(t)||a===jr(bt(t))))return o}const i=zi(r[e]||o[e],t)||zi(r.appContext[e],t);return!i&&n?o:i}}function zi(e,t){return e&&(e[t]||e[bt(t)]||e[jr(bt(t))])}function le(e,t,s,n){let r;const o=s,i=de(e);if(i||xe(e)){const a=i&&Cs(e);let l=!1;a&&(l=!vt(e),e=Wr(e)),r=new Array(e.length);for(let h=0,d=e.length;h<d;h++)r[h]=t(l?Je(e[h]):e[h],h,void 0,o)}else if(typeof e=="number"){r=new Array(e);for(let a=0;a<e;a++)r[a]=t(a+1,a,void 0,o)}else if(ke(e))if(e[Symbol.iterator])r=Array.from(e,(a,l)=>t(a,l,void 0,o));else{const a=Object.keys(e);r=new Array(a.length);for(let l=0,h=a.length;l<h;l++){const d=a[l];r[l]=t(e[d],d,l,o)}}else r=[];return r}function oh(e,t){for(let s=0;s<t.length;s++){const n=t[s];if(de(n))for(let r=0;r<n.length;r++)e[n[r].name]=n[r].fn;else n&&(e[n.name]=n.key?(...r)=>{const o=n.fn(...r);return o&&(o.key=n.key),o}:n.fn)}return e}function $t(e,t,s={},n,r){if(Be.ce||Be.parent&&ks(Be.parent)&&Be.parent.ce)return t!=="default"&&(s.name=t),f(),J(B,null,[D("slot",s,n&&n())],64);let o=e[t];o&&o._c&&(o._d=!1),f();const i=o&&nc(o(s)),a=s.key||i&&i.key,l=J(B,{key:(a&&!Tt(a)?a:`_${t}`)+(!i&&n?"_fb":"")},i||(n?n():[]),i&&e._===1?64:-2);return l.scopeId&&(l.slotScopeIds=[l.scopeId+"-s"]),o&&o._c&&(o._d=!0),l}function nc(e){return e.some(t=>pn(t)?!(t.type===nt||t.type===B&&!nc(t.children)):!0)?e:null}const Vo=e=>e?_c(e)?eo(e):Vo(e.parent):null,en=Fe(Object.create(null),{$:e=>e,$el:e=>e.vnode.el,$data:e=>e.data,$props:e=>e.props,$attrs:e=>e.attrs,$slots:e=>e.slots,$refs:e=>e.refs,$parent:e=>Vo(e.parent),$root:e=>Vo(e.root),$host:e=>e.ce,$emit:e=>e.emit,$options:e=>Ei(e),$forceUpdate:e=>e.f||(e.f=()=>{yi(e.update)}),$nextTick:e=>e.n||(e.n=Yr.bind(e.proxy)),$watch:e=>Ah.bind(e)}),yo=(e,t)=>e!==Ie&&!e.__isScriptSetup&&Re(e,t),ih={get({_:e},t){if(t==="__v_skip")return!0;const{ctx:s,setupState:n,data:r,props:o,accessCache:i,type:a,appContext:l}=e;let h;if(t[0]!=="$"){const y=i[t];if(y!==void 0)switch(y){case 1:return n[t];case 2:return r[t];case 4:return s[t];case 3:return o[t]}else{if(yo(n,t))return i[t]=1,n[t];if(r!==Ie&&Re(r,t))return i[t]=2,r[t];if((h=e.propsOptions[0])&&Re(h,t))return i[t]=3,o[t];if(s!==Ie&&Re(s,t))return i[t]=4,s[t];Go&&(i[t]=0)}}const d=en[t];let p,g;if(d)return t==="$attrs"&&Xe(e.attrs,"get",""),d(e);if((p=a.__cssModules)&&(p=p[t]))return p;if(s!==Ie&&Re(s,t))return i[t]=4,s[t];if(g=l.config.globalProperties,Re(g,t))return g[t]},set({_:e},t,s){const{data:n,setupState:r,ctx:o}=e;return yo(r,t)?(r[t]=s,!0):n!==Ie&&Re(n,t)?(n[t]=s,!0):Re(e.props,t)||t[0]==="$"&&t.slice(1)in e?!1:(o[t]=s,!0)},has({_:{data:e,setupState:t,accessCache:s,ctx:n,appContext:r,propsOptions:o}},i){let a;return!!s[i]||e!==Ie&&Re(e,i)||yo(t,i)||(a=o[0])&&Re(a,i)||Re(n,i)||Re(en,i)||Re(r.config.globalProperties,i)},defineProperty(e,t,s){return s.get!=null?e._.accessCache[t]=0:Re(s,"value")&&this.set(e,t,s.value,null),Reflect.defineProperty(e,t,s)}};function Qi(e){return de(e)?e.reduce((t,s)=>(t[s]=null,t),{}):e}let Go=!0;function ah(e){const t=Ei(e),s=e.proxy,n=e.ctx;Go=!1,t.beforeCreate&&Yi(t.beforeCreate,e,"bc");const{data:r,computed:o,methods:i,watch:a,provide:l,inject:h,created:d,beforeMount:p,mounted:g,beforeUpdate:y,updated:A,activated:k,deactivated:j,beforeDestroy:W,beforeUnmount:C,destroyed:R,unmounted:O,render:q,renderTracked:L,renderTriggered:Q,errorCaptured:oe,serverPrefetch:P,expose:V,inheritAttrs:F,components:M,directives:c,filters:m}=t;if(h&&lh(h,n,null),i)for(const N in i){const I=i[N];me(I)&&(n[N]=I.bind(s))}if(r){const N=r.call(s,s);ke(N)&&(e.data=ps(N))}if(Go=!0,o)for(const N in o){const I=o[N],U=me(I)?I.bind(s,s):me(I.get)?I.get.bind(s,s):It,H=!me(I)&&me(I.set)?I.set.bind(s):It,Z=Rc({get:U,set:H});Object.defineProperty(n,N,{enumerable:!0,configurable:!0,get:()=>Z.value,set:ae=>Z.value=ae})}if(a)for(const N in a)rc(a[N],n,s,N);if(l){const N=me(l)?l.call(s):l;Reflect.ownKeys(N).forEach(I=>{ph(I,N[I])})}d&&Yi(d,e,"c");function _(N,I){de(I)?I.forEach(U=>N(U.bind(s))):I&&N(I.bind(s))}if(_(Kd,p),_(Xl,g),_(Xd,y),_(Jd,A),_(zd,k),_(Qd,j),_(sh,oe),_(th,L),_(eh,Q),_(Jl,C),_(Zl,O),_(Zd,P),de(V))if(V.length){const N=e.exposed||(e.exposed={});V.forEach(I=>{Object.defineProperty(N,I,{get:()=>s[I],set:U=>s[I]=U})})}else e.exposed||(e.exposed={});q&&e.render===It&&(e.render=q),F!=null&&(e.inheritAttrs=F),M&&(e.components=M),c&&(e.directives=c),P&&Yl(e)}function lh(e,t,s=It){de(e)&&(e=Wo(e));for(const n in e){const r=e[n];let o;ke(r)?"default"in r?o=Hn(r.from||n,r.default,!0):o=Hn(r.from||n):o=Hn(r),je(o)?Object.defineProperty(t,n,{enumerable:!0,configurable:!0,get:()=>o.value,set:i=>o.value=i}):t[n]=o}}function Yi(e,t,s){wt(de(e)?e.map(n=>n.bind(t.proxy)):e.bind(t.proxy),t,s)}function rc(e,t,s,n){let r=n.includes(".")?bc(s,n):()=>s[n];if(xe(e)){const o=t[e];me(o)&&Os(r,o)}else if(me(e))Os(r,e.bind(s));else if(ke(e))if(de(e))e.forEach(o=>rc(o,t,s,n));else{const o=me(e.handler)?e.handler.bind(s):t[e.handler];me(o)&&Os(r,o,e)}}function Ei(e){const t=e.type,{mixins:s,extends:n}=t,{mixins:r,optionsCache:o,config:{optionMergeStrategies:i}}=e.appContext,a=o.get(t);let l;return a?l=a:!r.length&&!s&&!n?l=t:(l={},r.length&&r.forEach(h=>or(l,h,i,!0)),or(l,t,i)),ke(t)&&o.set(t,l),l}function or(e,t,s,n=!1){const{mixins:r,extends:o}=t;o&&or(e,o,s,!0),r&&r.forEach(i=>or(e,i,s,!0));for(const i in t)if(!(n&&i==="expose")){const a=ch[i]||s&&s[i];e[i]=a?a(e[i],t[i]):t[i]}return e}const ch={data:Ki,props:Xi,emits:Xi,methods:zs,computed:zs,beforeCreate:Ze,created:Ze,beforeMount:Ze,mounted:Ze,beforeUpdate:Ze,updated:Ze,beforeDestroy:Ze,beforeUnmount:Ze,destroyed:Ze,unmounted:Ze,activated:Ze,deactivated:Ze,errorCaptured:Ze,serverPrefetch:Ze,components:zs,directives:zs,watch:dh,provide:Ki,inject:uh};function Ki(e,t){return t?e?function(){return Fe(me(e)?e.call(this,this):e,me(t)?t.call(this,this):t)}:t:e}function uh(e,t){return zs(Wo(e),Wo(t))}function Wo(e){if(de(e)){const t={};for(let s=0;s<e.length;s++)t[e[s]]=e[s];return t}return e}function Ze(e,t){return e?[...new Set([].concat(e,t))]:t}function zs(e,t){return e?Fe(Object.create(null),e,t):t}function Xi(e,t){return e?de(e)&&de(t)?[...new Set([...e,...t])]:Fe(Object.create(null),Qi(e),Qi(t??{})):t}function dh(e,t){if(!e)return t;if(!t)return e;const s=Fe(Object.create(null),e);for(const n in t)s[n]=Ze(e[n],t[n]);return s}function oc(){return{app:null,config:{isNativeTag:Wu,performance:!1,globalProperties:{},optionMergeStrategies:{},errorHandler:void 0,warnHandler:void 0,compilerOptions:{}},mixins:[],components:{},directives:{},provides:Object.create(null),optionsCache:new WeakMap,propsCache:new WeakMap,emitsCache:new WeakMap}}let hh=0;function fh(e,t){return function(n,r=null){me(n)||(n=Fe({},n)),r!=null&&!ke(r)&&(r=null);const o=oc(),i=new WeakSet,a=[];let l=!1;const h=o.app={_uid:hh++,_component:n,_props:r,_container:null,_context:o,_instance:null,version:Kh,get config(){return o.config},set config(d){},use(d,...p){return i.has(d)||(d&&me(d.install)?(i.add(d),d.install(h,...p)):me(d)&&(i.add(d),d(h,...p))),h},mixin(d){return o.mixins.includes(d)||o.mixins.push(d),h},component(d,p){return p?(o.components[d]=p,h):o.components[d]},directive(d,p){return p?(o.directives[d]=p,h):o.directives[d]},mount(d,p,g){if(!l){const y=h._ceVNode||D(n,r);return y.appContext=o,g===!0?g="svg":g===!1&&(g=void 0),p&&t?t(y,d):e(y,d,g),l=!0,h._container=d,d.__vue_app__=h,eo(y.component)}},onUnmount(d){a.push(d)},unmount(){l&&(wt(a,h._instance,16),e(null,h._container),delete h._container.__vue_app__)},provide(d,p){return o.provides[d]=p,h},runWithContext(d){const p=Ns;Ns=h;try{return d()}finally{Ns=p}}};return h}}let Ns=null;function ph(e,t){if(Ge){let s=Ge.provides;const n=Ge.parent&&Ge.parent.provides;n===s&&(s=Ge.provides=Object.create(n)),s[e]=t}}function Hn(e,t,s=!1){const n=Ge||Be;if(n||Ns){const r=Ns?Ns._context.provides:n?n.parent==null?n.vnode.appContext&&n.vnode.appContext.provides:n.parent.provides:void 0;if(r&&e in r)return r[e];if(arguments.length>1)return s&&me(t)?t.call(n&&n.proxy):t}}const ic={},ac=()=>Object.create(ic),lc=e=>Object.getPrototypeOf(e)===ic;function mh(e,t,s,n=!1){const r={},o=ac();e.propsDefaults=Object.create(null),cc(e,t,r,o);for(const i in e.propsOptions[0])i in r||(r[i]=void 0);s?e.props=n?r:We(r):e.type.props?e.props=r:e.props=o,e.attrs=o}function gh(e,t,s,n){const{props:r,attrs:o,vnode:{patchFlag:i}}=e,a=_e(r),[l]=e.propsOptions;let h=!1;if((n||i>0)&&!(i&16)){if(i&8){const d=e.vnode.dynamicProps;for(let p=0;p<d.length;p++){let g=d[p];if(Jr(e.emitsOptions,g))continue;const y=t[g];if(l)if(Re(o,g))y!==o[g]&&(o[g]=y,h=!0);else{const A=bt(g);r[A]=zo(l,a,A,y,e,!1)}else y!==o[g]&&(o[g]=y,h=!0)}}}else{cc(e,t,r,o)&&(h=!0);let d;for(const p in a)(!t||!Re(t,p)&&((d=gs(p))===p||!Re(t,d)))&&(l?s&&(s[p]!==void 0||s[d]!==void 0)&&(r[p]=zo(l,a,p,void 0,e,!0)):delete r[p]);if(o!==a)for(const p in o)(!t||!Re(t,p))&&(delete o[p],h=!0)}h&&xt(e.attrs,"set","")}function cc(e,t,s,n){const[r,o]=e.propsOptions;let i=!1,a;if(t)for(let l in t){if(Xs(l))continue;const h=t[l];let d;r&&Re(r,d=bt(l))?!o||!o.includes(d)?s[d]=h:(a||(a={}))[d]=h:Jr(e.emitsOptions,l)||(!(l in n)||h!==n[l])&&(n[l]=h,i=!0)}if(o){const l=_e(s),h=a||Ie;for(let d=0;d<o.length;d++){const p=o[d];s[p]=zo(r,l,p,h[p],e,!Re(h,p))}}return i}function zo(e,t,s,n,r,o){const i=e[s];if(i!=null){const a=Re(i,"default");if(a&&n===void 0){const l=i.default;if(i.type!==Function&&!i.skipFactory&&me(l)){const{propsDefaults:h}=r;if(s in h)n=h[s];else{const d=Rn(r);n=h[s]=l.call(null,t),d()}}else n=l;r.ce&&r.ce._setProp(s,n)}i[0]&&(o&&!a?n=!1:i[1]&&(n===""||n===gs(s))&&(n=!0))}return n}const vh=new WeakMap;function uc(e,t,s=!1){const n=s?vh:t.propsCache,r=n.get(e);if(r)return r;const o=e.props,i={},a=[];let l=!1;if(!me(e)){const d=p=>{l=!0;const[g,y]=uc(p,t,!0);Fe(i,g),y&&a.push(...y)};!s&&t.mixins.length&&t.mixins.forEach(d),e.extends&&d(e.extends),e.mixins&&e.mixins.forEach(d)}if(!o&&!l)return ke(e)&&n.set(e,Ss),Ss;if(de(o))for(let d=0;d<o.length;d++){const p=bt(o[d]);Ji(p)&&(i[p]=Ie)}else if(o)for(const d in o){const p=bt(d);if(Ji(p)){const g=o[d],y=i[p]=de(g)||me(g)?{type:g}:Fe({},g),A=y.type;let k=!1,j=!0;if(de(A))for(let W=0;W<A.length;++W){const C=A[W],R=me(C)&&C.name;if(R==="Boolean"){k=!0;break}else R==="String"&&(j=!1)}else k=me(A)&&A.name==="Boolean";y[0]=k,y[1]=j,(k||Re(y,"default"))&&a.push(p)}}const h=[i,a];return ke(e)&&n.set(e,h),h}function Ji(e){return e[0]!=="$"&&!Xs(e)}const dc=e=>e[0]==="_"||e==="$stable",Ti=e=>de(e)?e.map(Nt):[Nt(e)],bh=(e,t,s)=>{if(t._n)return t;const n=ce((...r)=>Ti(t(...r)),s);return n._c=!1,n},hc=(e,t,s)=>{const n=e._ctx;for(const r in e){if(dc(r))continue;const o=e[r];if(me(o))t[r]=bh(r,o,n);else if(o!=null){const i=Ti(o);t[r]=()=>i}}},fc=(e,t)=>{const s=Ti(t);e.slots.default=()=>s},pc=(e,t,s)=>{for(const n in t)(s||n!=="_")&&(e[n]=t[n])},yh=(e,t,s)=>{const n=e.slots=ac();if(e.vnode.shapeFlag&32){const r=t._;r?(pc(n,t,s),s&&vl(n,"_",r,!0)):hc(t,n)}else t&&fc(e,t)},Eh=(e,t,s)=>{const{vnode:n,slots:r}=e;let o=!0,i=Ie;if(n.shapeFlag&32){const a=t._;a?s&&a===1?o=!1:pc(r,t,s):(o=!t.$stable,hc(t,r)),i=t}else t&&(fc(e,t),i={default:1});if(o)for(const a in r)!dc(a)&&i[a]==null&&delete r[a]},at=qh;function Th(e){return wh(e)}function wh(e,t){const s=Vr();s.__VUE__=!0;const{insert:n,remove:r,patchProp:o,createElement:i,createText:a,createComment:l,setText:h,setElementText:d,parentNode:p,nextSibling:g,setScopeId:y=It,insertStaticContent:A}=e,k=(w,S,x,Y=null,G=null,K=null,re=void 0,ne=null,se=!!S.dynamicChildren)=>{if(w===S)return;w&&!ds(w,S)&&(Y=Ne(w),ae(w,G,K,!0),w=null),S.patchFlag===-2&&(se=!1,S.dynamicChildren=null);const{type:X,ref:fe,shapeFlag:ie}=S;switch(X){case Zr:j(w,S,x,Y);break;case nt:W(w,S,x,Y);break;case wo:w==null&&C(S,x,Y,re);break;case B:M(w,S,x,Y,G,K,re,ne,se);break;default:ie&1?q(w,S,x,Y,G,K,re,ne,se):ie&6?c(w,S,x,Y,G,K,re,ne,se):(ie&64||ie&128)&&X.process(w,S,x,Y,G,K,re,ne,se,Ue)}fe!=null&&G&&rr(fe,w&&w.ref,K,S||w,!S)},j=(w,S,x,Y)=>{if(w==null)n(S.el=a(S.children),x,Y);else{const G=S.el=w.el;S.children!==w.children&&h(G,S.children)}},W=(w,S,x,Y)=>{w==null?n(S.el=l(S.children||""),x,Y):S.el=w.el},C=(w,S,x,Y)=>{[w.el,w.anchor]=A(w.children,S,x,Y,w.el,w.anchor)},R=({el:w,anchor:S},x,Y)=>{let G;for(;w&&w!==S;)G=g(w),n(w,x,Y),w=G;n(S,x,Y)},O=({el:w,anchor:S})=>{let x;for(;w&&w!==S;)x=g(w),r(w),w=x;r(S)},q=(w,S,x,Y,G,K,re,ne,se)=>{S.type==="svg"?re="svg":S.type==="math"&&(re="mathml"),w==null?L(S,x,Y,G,K,re,ne,se):P(w,S,G,K,re,ne,se)},L=(w,S,x,Y,G,K,re,ne)=>{let se,X;const{props:fe,shapeFlag:ie,transition:ue,dirs:pe}=w;if(se=w.el=i(w.type,K,fe&&fe.is,fe),ie&8?d(se,w.children):ie&16&&oe(w.children,se,null,Y,G,Eo(w,K),re,ne),pe&&os(w,null,Y,"created"),Q(se,w,w.scopeId,re,Y),fe){for(const $e in fe)$e!=="value"&&!Xs($e)&&o(se,$e,null,fe[$e],K,Y);"value"in fe&&o(se,"value",null,fe.value,K),(X=fe.onVnodeBeforeMount)&&St(X,Y,w)}pe&&os(w,null,Y,"beforeMount");const we=_h(G,ue);we&&ue.beforeEnter(se),n(se,S,x),((X=fe&&fe.onVnodeMounted)||we||pe)&&at(()=>{X&&St(X,Y,w),we&&ue.enter(se),pe&&os(w,null,Y,"mounted")},G)},Q=(w,S,x,Y,G)=>{if(x&&y(w,x),Y)for(let K=0;K<Y.length;K++)y(w,Y[K]);if(G){let K=G.subTree;if(S===K||Ec(K.type)&&(K.ssContent===S||K.ssFallback===S)){const re=G.vnode;Q(w,re,re.scopeId,re.slotScopeIds,G.parent)}}},oe=(w,S,x,Y,G,K,re,ne,se=0)=>{for(let X=se;X<w.length;X++){const fe=w[X]=ne?Qt(w[X]):Nt(w[X]);k(null,fe,S,x,Y,G,K,re,ne)}},P=(w,S,x,Y,G,K,re)=>{const ne=S.el=w.el;let{patchFlag:se,dynamicChildren:X,dirs:fe}=S;se|=w.patchFlag&16;const ie=w.props||Ie,ue=S.props||Ie;let pe;if(x&&is(x,!1),(pe=ue.onVnodeBeforeUpdate)&&St(pe,x,S,w),fe&&os(S,w,x,"beforeUpdate"),x&&is(x,!0),(ie.innerHTML&&ue.innerHTML==null||ie.textContent&&ue.textContent==null)&&d(ne,""),X?V(w.dynamicChildren,X,ne,x,Y,Eo(S,G),K):re||I(w,S,ne,null,x,Y,Eo(S,G),K,!1),se>0){if(se&16)F(ne,ie,ue,x,G);else if(se&2&&ie.class!==ue.class&&o(ne,"class",null,ue.class,G),se&4&&o(ne,"style",ie.style,ue.style,G),se&8){const we=S.dynamicProps;for(let $e=0;$e<we.length;$e++){const Ce=we[$e],rt=ie[Ce],Ye=ue[Ce];(Ye!==rt||Ce==="value")&&o(ne,Ce,rt,Ye,G,x)}}se&1&&w.children!==S.children&&d(ne,S.children)}else!re&&X==null&&F(ne,ie,ue,x,G);((pe=ue.onVnodeUpdated)||fe)&&at(()=>{pe&&St(pe,x,S,w),fe&&os(S,w,x,"updated")},Y)},V=(w,S,x,Y,G,K,re)=>{for(let ne=0;ne<S.length;ne++){const se=w[ne],X=S[ne],fe=se.el&&(se.type===B||!ds(se,X)||se.shapeFlag&70)?p(se.el):x;k(se,X,fe,null,Y,G,K,re,!0)}},F=(w,S,x,Y,G)=>{if(S!==x){if(S!==Ie)for(const K in S)!Xs(K)&&!(K in x)&&o(w,K,S[K],null,G,Y);for(const K in x){if(Xs(K))continue;const re=x[K],ne=S[K];re!==ne&&K!=="value"&&o(w,K,ne,re,G,Y)}"value"in x&&o(w,"value",S.value,x.value,G)}},M=(w,S,x,Y,G,K,re,ne,se)=>{const X=S.el=w?w.el:a(""),fe=S.anchor=w?w.anchor:a("");let{patchFlag:ie,dynamicChildren:ue,slotScopeIds:pe}=S;pe&&(ne=ne?ne.concat(pe):pe),w==null?(n(X,x,Y),n(fe,x,Y),oe(S.children||[],x,fe,G,K,re,ne,se)):ie>0&&ie&64&&ue&&w.dynamicChildren?(V(w.dynamicChildren,ue,x,G,K,re,ne),(S.key!=null||G&&S===G.subTree)&&mc(w,S,!0)):I(w,S,x,fe,G,K,re,ne,se)},c=(w,S,x,Y,G,K,re,ne,se)=>{S.slotScopeIds=ne,w==null?S.shapeFlag&512?G.ctx.activate(S,x,Y,re,se):m(S,x,Y,G,K,re,se):b(w,S,se)},m=(w,S,x,Y,G,K,re)=>{const ne=w.component=Hh(w,Y,G);if(Kr(w)&&(ne.ctx.renderer=Ue),jh(ne,!1,re),ne.asyncDep){if(G&&G.registerDep(ne,_,re),!w.el){const se=ne.subTree=D(nt);W(null,se,S,x)}}else _(ne,w,S,x,G,K,re)},b=(w,S,x)=>{const Y=S.component=w.component;if($h(w,S,x))if(Y.asyncDep&&!Y.asyncResolved){N(Y,S,x);return}else Y.next=S,Y.update();else S.el=w.el,Y.vnode=S},_=(w,S,x,Y,G,K,re)=>{const ne=()=>{if(w.isMounted){let{next:ie,bu:ue,u:pe,parent:we,vnode:$e}=w;{const ot=gc(w);if(ot){ie&&(ie.el=$e.el,N(w,ie,re)),ot.asyncDep.then(()=>{w.isUnmounted||ne()});return}}let Ce=ie,rt;is(w,!1),ie?(ie.el=$e.el,N(w,ie,re)):ie=$e,ue&&Fn(ue),(rt=ie.props&&ie.props.onVnodeBeforeUpdate)&&St(rt,we,ie,$e),is(w,!0);const Ye=To(w),yt=w.subTree;w.subTree=Ye,k(yt,Ye,p(yt.el),Ne(yt),w,G,K),ie.el=Ye.el,Ce===null&&Lh(w,Ye.el),pe&&at(pe,G),(rt=ie.props&&ie.props.onVnodeUpdated)&&at(()=>St(rt,we,ie,$e),G)}else{let ie;const{el:ue,props:pe}=S,{bm:we,m:$e,parent:Ce,root:rt,type:Ye}=w,yt=ks(S);if(is(w,!1),we&&Fn(we),!yt&&(ie=pe&&pe.onVnodeBeforeMount)&&St(ie,Ce,S),is(w,!0),ue&&Ve){const ot=()=>{w.subTree=To(w),Ve(ue,w.subTree,w,G,null)};yt&&Ye.__asyncHydrate?Ye.__asyncHydrate(ue,w,ot):ot()}else{rt.ce&&rt.ce._injectChildStyle(Ye);const ot=w.subTree=To(w);k(null,ot,x,Y,w,G,K),S.el=ot.el}if($e&&at($e,G),!yt&&(ie=pe&&pe.onVnodeMounted)){const ot=S;at(()=>St(ie,Ce,ot),G)}(S.shapeFlag&256||Ce&&ks(Ce.vnode)&&Ce.vnode.shapeFlag&256)&&w.a&&at(w.a,G),w.isMounted=!0,S=x=Y=null}};w.scope.on();const se=w.effect=new wl(ne);w.scope.off();const X=w.update=se.run.bind(se),fe=w.job=se.runIfDirty.bind(se);fe.i=w,fe.id=w.uid,se.scheduler=()=>yi(fe),is(w,!0),X()},N=(w,S,x)=>{S.component=w;const Y=w.vnode.props;w.vnode=S,w.next=null,gh(w,S.props,Y,x),Eh(w,S.children,x),ss(),Gi(w),ns()},I=(w,S,x,Y,G,K,re,ne,se=!1)=>{const X=w&&w.children,fe=w?w.shapeFlag:0,ie=S.children,{patchFlag:ue,shapeFlag:pe}=S;if(ue>0){if(ue&128){H(X,ie,x,Y,G,K,re,ne,se);return}else if(ue&256){U(X,ie,x,Y,G,K,re,ne,se);return}}pe&8?(fe&16&&Te(X,G,K),ie!==X&&d(x,ie)):fe&16?pe&16?H(X,ie,x,Y,G,K,re,ne,se):Te(X,G,K,!0):(fe&8&&d(x,""),pe&16&&oe(ie,x,Y,G,K,re,ne,se))},U=(w,S,x,Y,G,K,re,ne,se)=>{w=w||Ss,S=S||Ss;const X=w.length,fe=S.length,ie=Math.min(X,fe);let ue;for(ue=0;ue<ie;ue++){const pe=S[ue]=se?Qt(S[ue]):Nt(S[ue]);k(w[ue],pe,x,null,G,K,re,ne,se)}X>fe?Te(w,G,K,!0,!1,ie):oe(S,x,Y,G,K,re,ne,se,ie)},H=(w,S,x,Y,G,K,re,ne,se)=>{let X=0;const fe=S.length;let ie=w.length-1,ue=fe-1;for(;X<=ie&&X<=ue;){const pe=w[X],we=S[X]=se?Qt(S[X]):Nt(S[X]);if(ds(pe,we))k(pe,we,x,null,G,K,re,ne,se);else break;X++}for(;X<=ie&&X<=ue;){const pe=w[ie],we=S[ue]=se?Qt(S[ue]):Nt(S[ue]);if(ds(pe,we))k(pe,we,x,null,G,K,re,ne,se);else break;ie--,ue--}if(X>ie){if(X<=ue){const pe=ue+1,we=pe<fe?S[pe].el:Y;for(;X<=ue;)k(null,S[X]=se?Qt(S[X]):Nt(S[X]),x,we,G,K,re,ne,se),X++}}else if(X>ue)for(;X<=ie;)ae(w[X],G,K,!0),X++;else{const pe=X,we=X,$e=new Map;for(X=we;X<=ue;X++){const it=S[X]=se?Qt(S[X]):Nt(S[X]);it.key!=null&&$e.set(it.key,X)}let Ce,rt=0;const Ye=ue-we+1;let yt=!1,ot=0;const Ms=new Array(Ye);for(X=0;X<Ye;X++)Ms[X]=0;for(X=pe;X<=ie;X++){const it=w[X];if(rt>=Ye){ae(it,G,K,!0);continue}let _t;if(it.key!=null)_t=$e.get(it.key);else for(Ce=we;Ce<=ue;Ce++)if(Ms[Ce-we]===0&&ds(it,S[Ce])){_t=Ce;break}_t===void 0?ae(it,G,K,!0):(Ms[_t-we]=X+1,_t>=ot?ot=_t:yt=!0,k(it,S[_t],x,null,G,K,re,ne,se),rt++)}const Ui=yt?Sh(Ms):Ss;for(Ce=Ui.length-1,X=Ye-1;X>=0;X--){const it=we+X,_t=S[it],Fi=it+1<fe?S[it+1].el:Y;Ms[X]===0?k(null,_t,x,Fi,G,K,re,ne,se):yt&&(Ce<0||X!==Ui[Ce]?Z(_t,x,Fi,2):Ce--)}}},Z=(w,S,x,Y,G=null)=>{const{el:K,type:re,transition:ne,children:se,shapeFlag:X}=w;if(X&6){Z(w.component.subTree,S,x,Y);return}if(X&128){w.suspense.move(S,x,Y);return}if(X&64){re.move(w,S,x,Ue);return}if(re===B){n(K,S,x);for(let ie=0;ie<se.length;ie++)Z(se[ie],S,x,Y);n(w.anchor,S,x);return}if(re===wo){R(w,S,x);return}if(Y!==2&&X&1&&ne)if(Y===0)ne.beforeEnter(K),n(K,S,x),at(()=>ne.enter(K),G);else{const{leave:ie,delayLeave:ue,afterLeave:pe}=ne,we=()=>n(K,S,x),$e=()=>{ie(K,()=>{we(),pe&&pe()})};ue?ue(K,we,$e):$e()}else n(K,S,x)},ae=(w,S,x,Y=!1,G=!1)=>{const{type:K,props:re,ref:ne,children:se,dynamicChildren:X,shapeFlag:fe,patchFlag:ie,dirs:ue,cacheIndex:pe}=w;if(ie===-2&&(G=!1),ne!=null&&rr(ne,null,x,w,!0),pe!=null&&(S.renderCache[pe]=void 0),fe&256){S.ctx.deactivate(w);return}const we=fe&1&&ue,$e=!ks(w);let Ce;if($e&&(Ce=re&&re.onVnodeBeforeUnmount)&&St(Ce,S,w),fe&6)Ee(w.component,x,Y);else{if(fe&128){w.suspense.unmount(x,Y);return}we&&os(w,null,S,"beforeUnmount"),fe&64?w.type.remove(w,S,x,Ue,Y):X&&!X.hasOnce&&(K!==B||ie>0&&ie&64)?Te(X,S,x,!1,!0):(K===B&&ie&384||!G&&fe&16)&&Te(se,S,x),Y&&Se(w)}($e&&(Ce=re&&re.onVnodeUnmounted)||we)&&at(()=>{Ce&&St(Ce,S,w),we&&os(w,null,S,"unmounted")},x)},Se=w=>{const{type:S,el:x,anchor:Y,transition:G}=w;if(S===B){ye(x,Y);return}if(S===wo){O(w);return}const K=()=>{r(x),G&&!G.persisted&&G.afterLeave&&G.afterLeave()};if(w.shapeFlag&1&&G&&!G.persisted){const{leave:re,delayLeave:ne}=G,se=()=>re(x,K);ne?ne(w.el,K,se):se()}else K()},ye=(w,S)=>{let x;for(;w!==S;)x=g(w),r(w),w=x;r(S)},Ee=(w,S,x)=>{const{bum:Y,scope:G,job:K,subTree:re,um:ne,m:se,a:X}=w;Zi(se),Zi(X),Y&&Fn(Y),G.stop(),K&&(K.flags|=8,ae(re,w,S,x)),ne&&at(ne,S),at(()=>{w.isUnmounted=!0},S),S&&S.pendingBranch&&!S.isUnmounted&&w.asyncDep&&!w.asyncResolved&&w.suspenseId===S.pendingId&&(S.deps--,S.deps===0&&S.resolve())},Te=(w,S,x,Y=!1,G=!1,K=0)=>{for(let re=K;re<w.length;re++)ae(w[re],S,x,Y,G)},Ne=w=>{if(w.shapeFlag&6)return Ne(w.component.subTree);if(w.shapeFlag&128)return w.suspense.next();const S=g(w.anchor||w.el),x=S&&S[jd];return x?g(x):S};let Pe=!1;const De=(w,S,x)=>{w==null?S._vnode&&ae(S._vnode,null,null,!0):k(S._vnode||null,w,S,null,null,null,x),S._vnode=w,Pe||(Pe=!0,Gi(),Fl(),Pe=!1)},Ue={p:k,um:ae,m:Z,r:Se,mt:m,mc:oe,pc:I,pbc:V,n:Ne,o:e};let qe,Ve;return{render:De,hydrate:qe,createApp:fh(De,qe)}}function Eo({type:e,props:t},s){return s==="svg"&&e==="foreignObject"||s==="mathml"&&e==="annotation-xml"&&t&&t.encoding&&t.encoding.includes("html")?void 0:s}function is({effect:e,job:t},s){s?(e.flags|=32,t.flags|=4):(e.flags&=-33,t.flags&=-5)}function _h(e,t){return(!e||e&&!e.pendingBranch)&&t&&!t.persisted}function mc(e,t,s=!1){const n=e.children,r=t.children;if(de(n)&&de(r))for(let o=0;o<n.length;o++){const i=n[o];let a=r[o];a.shapeFlag&1&&!a.dynamicChildren&&((a.patchFlag<=0||a.patchFlag===32)&&(a=r[o]=Qt(r[o]),a.el=i.el),!s&&a.patchFlag!==-2&&mc(i,a)),a.type===Zr&&(a.el=i.el)}}function Sh(e){const t=e.slice(),s=[0];let n,r,o,i,a;const l=e.length;for(n=0;n<l;n++){const h=e[n];if(h!==0){if(r=s[s.length-1],e[r]<h){t[n]=r,s.push(n);continue}for(o=0,i=s.length-1;o<i;)a=o+i>>1,e[s[a]]<h?o=a+1:i=a;h<e[s[o]]&&(o>0&&(t[n]=s[o-1]),s[o]=n)}}for(o=s.length,i=s[o-1];o-- >0;)s[o]=i,i=t[i];return s}function gc(e){const t=e.subTree.component;if(t)return t.asyncDep&&!t.asyncResolved?t:gc(t)}function Zi(e){if(e)for(let t=0;t<e.length;t++)e[t].flags|=8}const Rh=Symbol.for("v-scx"),Ch=()=>Hn(Rh);function Os(e,t,s){return vc(e,t,s)}function vc(e,t,s=Ie){const{immediate:n,deep:r,flush:o,once:i}=s,a=Fe({},s),l=t&&n||!t&&o!=="post";let h;if(mn){if(o==="sync"){const y=Ch();h=y.__watcherHandles||(y.__watcherHandles=[])}else if(!l){const y=()=>{};return y.stop=It,y.resume=It,y.pause=It,y}}const d=Ge;a.call=(y,A,k)=>wt(y,d,A,k);let p=!1;o==="post"?a.scheduler=y=>{at(y,d&&d.suspense)}:o!=="sync"&&(p=!0,a.scheduler=(y,A)=>{A?y():yi(y)}),a.augmentJob=y=>{t&&(y.flags|=4),p&&(y.flags|=2,d&&(y.id=d.uid,y.i=d))};const g=Ud(e,t,a);return mn&&(h?h.push(g):l&&g()),g}function Ah(e,t,s){const n=this.proxy,r=xe(e)?e.includes(".")?bc(n,e):()=>n[e]:e.bind(n,n);let o;me(t)?o=t:(o=t.handler,s=t);const i=Rn(this),a=vc(r,o.bind(n),s);return i(),a}function bc(e,t){const s=t.split(".");return()=>{let n=e;for(let r=0;r<s.length&&n;r++)n=n[s[r]];return n}}const kh=(e,t)=>t==="modelValue"||t==="model-value"?e.modelModifiers:e[`${t}Modifiers`]||e[`${bt(t)}Modifiers`]||e[`${gs(t)}Modifiers`];function Nh(e,t,...s){if(e.isUnmounted)return;const n=e.vnode.props||Ie;let r=s;const o=t.startsWith("update:"),i=o&&kh(n,t.slice(7));i&&(i.trim&&(r=s.map(d=>xe(d)?d.trim():d)),i.number&&(r=s.map(Zn)));let a,l=n[a=fo(t)]||n[a=fo(bt(t))];!l&&o&&(l=n[a=fo(gs(t))]),l&&wt(l,e,6,r);const h=n[a+"Once"];if(h){if(!e.emitted)e.emitted={};else if(e.emitted[a])return;e.emitted[a]=!0,wt(h,e,6,r)}}function yc(e,t,s=!1){const n=t.emitsCache,r=n.get(e);if(r!==void 0)return r;const o=e.emits;let i={},a=!1;if(!me(e)){const l=h=>{const d=yc(h,t,!0);d&&(a=!0,Fe(i,d))};!s&&t.mixins.length&&t.mixins.forEach(l),e.extends&&l(e.extends),e.mixins&&e.mixins.forEach(l)}return!o&&!a?(ke(e)&&n.set(e,null),null):(de(o)?o.forEach(l=>i[l]=null):Fe(i,o),ke(e)&&n.set(e,i),i)}function Jr(e,t){return!e||!Hr(t)?!1:(t=t.slice(2).replace(/Once$/,""),Re(e,t[0].toLowerCase()+t.slice(1))||Re(e,gs(t))||Re(e,t))}function To(e){const{type:t,vnode:s,proxy:n,withProxy:r,propsOptions:[o],slots:i,attrs:a,emit:l,render:h,renderCache:d,props:p,data:g,setupState:y,ctx:A,inheritAttrs:k}=e,j=nr(e);let W,C;try{if(s.shapeFlag&4){const O=r||n,q=O;W=Nt(h.call(q,O,d,p,y,g,A)),C=a}else{const O=t;W=Nt(O.length>1?O(p,{attrs:a,slots:i,emit:l}):O(p,null)),C=t.props?a:Oh(a)}}catch(O){tn.length=0,Qr(O,e,1),W=D(nt)}let R=W;if(C&&k!==!1){const O=Object.keys(C),{shapeFlag:q}=R;O.length&&q&7&&(o&&O.some(li)&&(C=Ih(C,o)),R=ts(R,C,!1,!0))}return s.dirs&&(R=ts(R,null,!1,!0),R.dirs=R.dirs?R.dirs.concat(s.dirs):s.dirs),s.transition&&hn(R,s.transition),W=R,nr(j),W}const Oh=e=>{let t;for(const s in e)(s==="class"||s==="style"||Hr(s))&&((t||(t={}))[s]=e[s]);return t},Ih=(e,t)=>{const s={};for(const n in e)(!li(n)||!(n.slice(9)in t))&&(s[n]=e[n]);return s};function $h(e,t,s){const{props:n,children:r,component:o}=e,{props:i,children:a,patchFlag:l}=t,h=o.emitsOptions;if(t.dirs||t.transition)return!0;if(s&&l>=0){if(l&1024)return!0;if(l&16)return n?ea(n,i,h):!!i;if(l&8){const d=t.dynamicProps;for(let p=0;p<d.length;p++){const g=d[p];if(i[g]!==n[g]&&!Jr(h,g))return!0}}}else return(r||a)&&(!a||!a.$stable)?!0:n===i?!1:n?i?ea(n,i,h):!0:!!i;return!1}function ea(e,t,s){const n=Object.keys(t);if(n.length!==Object.keys(e).length)return!0;for(let r=0;r<n.length;r++){const o=n[r];if(t[o]!==e[o]&&!Jr(s,o))return!0}return!1}function Lh({vnode:e,parent:t},s){for(;t;){const n=t.subTree;if(n.suspense&&n.suspense.activeBranch===e&&(n.el=e.el),n===e)(e=t.vnode).el=s,t=t.parent;else break}}const Ec=e=>e.__isSuspense;function qh(e,t){t&&t.pendingBranch?de(e)?t.effects.push(...e):t.effects.push(e):Bd(e)}const B=Symbol.for("v-fgt"),Zr=Symbol.for("v-txt"),nt=Symbol.for("v-cmt"),wo=Symbol.for("v-stc"),tn=[];let dt=null;function f(e=!1){tn.push(dt=e?null:[])}function Dh(){tn.pop(),dt=tn[tn.length-1]||null}let fn=1;function ta(e,t=!1){fn+=e,e<0&&dt&&t&&(dt.hasOnce=!0)}function Tc(e){return e.dynamicChildren=fn>0?dt||Ss:null,Dh(),fn>0&&dt&&dt.push(e),e}function v(e,t,s,n,r,o){return Tc(u(e,t,s,n,r,o,!0))}function J(e,t,s,n,r){return Tc(D(e,t,s,n,r,!0))}function pn(e){return e?e.__v_isVNode===!0:!1}function ds(e,t){return e.type===t.type&&e.key===t.key}const wc=({key:e})=>e??null,Bn=({ref:e,ref_key:t,ref_for:s})=>(typeof e=="number"&&(e=""+e),e!=null?xe(e)||je(e)||me(e)?{i:Be,r:e,k:t,f:!!s}:e:null);function u(e,t=null,s=null,n=0,r=null,o=e===B?0:1,i=!1,a=!1){const l={__v_isVNode:!0,__v_skip:!0,type:e,props:t,key:t&&wc(t),ref:t&&Bn(t),scopeId:Bl,slotScopeIds:null,children:s,component:null,suspense:null,ssContent:null,ssFallback:null,dirs:null,transition:null,el:null,anchor:null,target:null,targetStart:null,targetAnchor:null,staticCount:0,shapeFlag:o,patchFlag:n,dynamicProps:r,dynamicChildren:null,appContext:null,ctx:Be};return a?(wi(l,s),o&128&&e.normalize(l)):s&&(l.shapeFlag|=xe(s)?8:16),fn>0&&!i&&dt&&(l.patchFlag>0||o&6)&&l.patchFlag!==32&&dt.push(l),l}const D=Ph;function Ph(e,t=null,s=null,n=0,r=null,o=!1){if((!e||e===rh)&&(e=nt),pn(e)){const a=ts(e,t,!0);return s&&wi(a,s),fn>0&&!o&&dt&&(a.shapeFlag&6?dt[dt.indexOf(e)]=a:dt.push(a)),a.patchFlag=-2,a}if(Qh(e)&&(e=e.__vccOpts),t){t=xh(t);let{class:a,style:l}=t;a&&!xe(a)&&(t.class=te(a)),ke(l)&&(bi(l)&&!de(l)&&(l=Fe({},l)),t.style=ut(l))}const i=xe(e)?1:Ec(e)?128:jl(e)?64:ke(e)?4:me(e)?2:0;return u(e,t,s,n,r,i,o,!0)}function xh(e){return e?bi(e)||lc(e)?Fe({},e):e:null}function ts(e,t,s=!1,n=!1){const{props:r,ref:o,patchFlag:i,children:a,transition:l}=e,h=t?Mh(r||{},t):r,d={__v_isVNode:!0,__v_skip:!0,type:e.type,props:h,key:h&&wc(h),ref:t&&t.ref?s&&o?de(o)?o.concat(Bn(t)):[o,Bn(t)]:Bn(t):o,scopeId:e.scopeId,slotScopeIds:e.slotScopeIds,children:a,target:e.target,targetStart:e.targetStart,targetAnchor:e.targetAnchor,staticCount:e.staticCount,shapeFlag:e.shapeFlag,patchFlag:t&&e.type!==B?i===-1?16:i|16:i,dynamicProps:e.dynamicProps,dynamicChildren:e.dynamicChildren,appContext:e.appContext,dirs:e.dirs,transition:l,component:e.component,suspense:e.suspense,ssContent:e.ssContent&&ts(e.ssContent),ssFallback:e.ssFallback&&ts(e.ssFallback),el:e.el,anchor:e.anchor,ctx:e.ctx,ce:e.ce};return l&&n&&hn(d,l.clone(d)),d}function z(e=" ",t=0){return D(Zr,null,e,t)}function E(e="",t=!1){return t?(f(),J(nt,null,e)):D(nt,null,e)}function Nt(e){return e==null||typeof e=="boolean"?D(nt):de(e)?D(B,null,e.slice()):pn(e)?Qt(e):D(Zr,null,String(e))}function Qt(e){return e.el===null&&e.patchFlag!==-1||e.memo?e:ts(e)}function wi(e,t){let s=0;const{shapeFlag:n}=e;if(t==null)t=null;else if(de(t))s=16;else if(typeof t=="object")if(n&65){const r=t.default;r&&(r._c&&(r._d=!1),wi(e,r()),r._c&&(r._d=!0));return}else{s=32;const r=t._;!r&&!lc(t)?t._ctx=Be:r===3&&Be&&(Be.slots._===1?t._=1:(t._=2,e.patchFlag|=1024))}else me(t)?(t={default:t,_ctx:Be},s=32):(t=String(t),n&64?(s=16,t=[z(t)]):s=8);e.children=t,e.shapeFlag|=s}function Mh(...e){const t={};for(let s=0;s<e.length;s++){const n=e[s];for(const r in n)if(r==="class")t.class!==n.class&&(t.class=te([t.class,n.class]));else if(r==="style")t.style=ut([t.style,n.style]);else if(Hr(r)){const o=t[r],i=n[r];i&&o!==i&&!(de(o)&&o.includes(i))&&(t[r]=o?[].concat(o,i):i)}else r!==""&&(t[r]=n[r])}return t}function St(e,t,s,n=null){wt(e,t,7,[s,n])}const Uh=oc();let Fh=0;function Hh(e,t,s){const n=e.type,r=(t?t.appContext:e.appContext)||Uh,o={uid:Fh++,vnode:e,type:n,parent:t,appContext:r,root:null,next:null,subTree:null,effect:null,update:null,job:null,scope:new od(!0),render:null,proxy:null,exposed:null,exposeProxy:null,withProxy:null,provides:t?t.provides:Object.create(r.provides),ids:t?t.ids:["",0,0],accessCache:null,renderCache:[],components:null,directives:null,propsOptions:uc(n,r),emitsOptions:yc(n,r),emit:null,emitted:null,propsDefaults:Ie,inheritAttrs:n.inheritAttrs,ctx:Ie,data:Ie,props:Ie,attrs:Ie,slots:Ie,refs:Ie,setupState:Ie,setupContext:null,suspense:s,suspenseId:s?s.pendingId:0,asyncDep:null,asyncResolved:!1,isMounted:!1,isUnmounted:!1,isDeactivated:!1,bc:null,c:null,bm:null,m:null,bu:null,u:null,um:null,bum:null,da:null,a:null,rtg:null,rtc:null,ec:null,sp:null};return o.ctx={_:o},o.root=t?t.root:o,o.emit=Nh.bind(null,o),e.ce&&e.ce(o),o}let Ge=null;const Bh=()=>Ge||Be;let ir,Qo;{const e=Vr(),t=(s,n)=>{let r;return(r=e[s])||(r=e[s]=[]),r.push(n),o=>{r.length>1?r.forEach(i=>i(o)):r[0](o)}};ir=t("__VUE_INSTANCE_SETTERS__",s=>Ge=s),Qo=t("__VUE_SSR_SETTERS__",s=>mn=s)}const Rn=e=>{const t=Ge;return ir(e),e.scope.on(),()=>{e.scope.off(),ir(t)}},sa=()=>{Ge&&Ge.scope.off(),ir(null)};function _c(e){return e.vnode.shapeFlag&4}let mn=!1;function jh(e,t=!1,s=!1){t&&Qo(t);const{props:n,children:r}=e.vnode,o=_c(e);mh(e,n,o,t),yh(e,r,s);const i=o?Vh(e,t):void 0;return t&&Qo(!1),i}function Vh(e,t){const s=e.type;e.accessCache=Object.create(null),e.proxy=new Proxy(e.ctx,ih);const{setup:n}=s;if(n){ss();const r=e.setupContext=n.length>1?Wh(e):null,o=Rn(e),i=Sn(n,e,0,[e.props,r]),a=pl(i);if(ns(),o(),(a||e.sp)&&!ks(e)&&Yl(e),a){if(i.then(sa,sa),t)return i.then(l=>{na(e,l,t)}).catch(l=>{Qr(l,e,0)});e.asyncDep=i}else na(e,i,t)}else Sc(e,t)}function na(e,t,s){me(t)?e.type.__ssrInlineRender?e.ssrRender=t:e.render=t:ke(t)&&(e.setupState=xl(t)),Sc(e,s)}let ra;function Sc(e,t,s){const n=e.type;if(!e.render){if(!t&&ra&&!n.render){const r=n.template||Ei(e).template;if(r){const{isCustomElement:o,compilerOptions:i}=e.appContext.config,{delimiters:a,compilerOptions:l}=n,h=Fe(Fe({isCustomElement:o,delimiters:a},i),l);n.render=ra(r,h)}}e.render=n.render||It}{const r=Rn(e);ss();try{ah(e)}finally{ns(),r()}}}const Gh={get(e,t){return Xe(e,"get",""),e[t]}};function Wh(e){const t=s=>{e.exposed=s||{}};return{attrs:new Proxy(e.attrs,Gh),slots:e.slots,emit:e.emit,expose:t}}function eo(e){return e.exposed?e.exposeProxy||(e.exposeProxy=new Proxy(xl(Cd(e.exposed)),{get(t,s){if(s in t)return t[s];if(s in en)return en[s](e)},has(t,s){return s in t||s in en}})):e.proxy}function zh(e,t=!0){return me(e)?e.displayName||e.name:e.name||t&&e.__name}function Qh(e){return me(e)&&"__vccOpts"in e}const Rc=(e,t)=>xd(e,t,mn);function Yh(e,t,s){const n=arguments.length;return n===2?ke(t)&&!de(t)?pn(t)?D(e,null,[t]):D(e,t):D(e,null,t):(n>3?s=Array.prototype.slice.call(arguments,2):n===3&&pn(s)&&(s=[s]),D(e,t,s))}const Kh="3.5.13";/**
* @vue/runtime-dom v3.5.13
* (c) 2018-present Yuxi (Evan) You and Vue contributors
* @license MIT
**/let Yo;const oa=typeof window<"u"&&window.trustedTypes;if(oa)try{Yo=oa.createPolicy("vue",{createHTML:e=>e})}catch{}const Cc=Yo?e=>Yo.createHTML(e):e=>e,Xh="http://www.w3.org/2000/svg",Jh="http://www.w3.org/1998/Math/MathML",Pt=typeof document<"u"?document:null,ia=Pt&&Pt.createElement("template"),Zh={insert:(e,t,s)=>{t.insertBefore(e,s||null)},remove:e=>{const t=e.parentNode;t&&t.removeChild(e)},createElement:(e,t,s,n)=>{const r=t==="svg"?Pt.createElementNS(Xh,e):t==="mathml"?Pt.createElementNS(Jh,e):s?Pt.createElement(e,{is:s}):Pt.createElement(e);return e==="select"&&n&&n.multiple!=null&&r.setAttribute("multiple",n.multiple),r},createText:e=>Pt.createTextNode(e),createComment:e=>Pt.createComment(e),setText:(e,t)=>{e.nodeValue=t},setElementText:(e,t)=>{e.textContent=t},parentNode:e=>e.parentNode,nextSibling:e=>e.nextSibling,querySelector:e=>Pt.querySelector(e),setScopeId(e,t){e.setAttribute(t,"")},insertStaticContent(e,t,s,n,r,o){const i=s?s.previousSibling:t.lastChild;if(r&&(r===o||r.nextSibling))for(;t.insertBefore(r.cloneNode(!0),s),!(r===o||!(r=r.nextSibling)););else{ia.innerHTML=Cc(n==="svg"?`<svg>${e}</svg>`:n==="mathml"?`<math>${e}</math>`:e);const a=ia.content;if(n==="svg"||n==="mathml"){const l=a.firstChild;for(;l.firstChild;)a.appendChild(l.firstChild);a.removeChild(l)}t.insertBefore(a,s)}return[i?i.nextSibling:t.firstChild,s?s.previousSibling:t.lastChild]}},jt="transition",Fs="animation",gn=Symbol("_vtc"),Ac={name:String,type:String,css:{type:Boolean,default:!0},duration:[String,Number,Object],enterFromClass:String,enterActiveClass:String,enterToClass:String,appearFromClass:String,appearActiveClass:String,appearToClass:String,leaveFromClass:String,leaveActiveClass:String,leaveToClass:String},ef=Fe({},Vl,Ac),tf=e=>(e.displayName="Transition",e.props=ef,e),sf=tf((e,{slots:t})=>Yh(Wd,nf(e),t)),as=(e,t=[])=>{de(e)?e.forEach(s=>s(...t)):e&&e(...t)},aa=e=>e?de(e)?e.some(t=>t.length>1):e.length>1:!1;function nf(e){const t={};for(const M in e)M in Ac||(t[M]=e[M]);if(e.css===!1)return t;const{name:s="v",type:n,duration:r,enterFromClass:o=`${s}-enter-from`,enterActiveClass:i=`${s}-enter-active`,enterToClass:a=`${s}-enter-to`,appearFromClass:l=o,appearActiveClass:h=i,appearToClass:d=a,leaveFromClass:p=`${s}-leave-from`,leaveActiveClass:g=`${s}-leave-active`,leaveToClass:y=`${s}-leave-to`}=e,A=rf(r),k=A&&A[0],j=A&&A[1],{onBeforeEnter:W,onEnter:C,onEnterCancelled:R,onLeave:O,onLeaveCancelled:q,onBeforeAppear:L=W,onAppear:Q=C,onAppearCancelled:oe=R}=t,P=(M,c,m,b)=>{M._enterCancelled=b,ls(M,c?d:a),ls(M,c?h:i),m&&m()},V=(M,c)=>{M._isLeaving=!1,ls(M,p),ls(M,y),ls(M,g),c&&c()},F=M=>(c,m)=>{const b=M?Q:C,_=()=>P(c,M,m);as(b,[c,_]),la(()=>{ls(c,M?l:o),qt(c,M?d:a),aa(b)||ca(c,n,k,_)})};return Fe(t,{onBeforeEnter(M){as(W,[M]),qt(M,o),qt(M,i)},onBeforeAppear(M){as(L,[M]),qt(M,l),qt(M,h)},onEnter:F(!1),onAppear:F(!0),onLeave(M,c){M._isLeaving=!0;const m=()=>V(M,c);qt(M,p),M._enterCancelled?(qt(M,g),ha()):(ha(),qt(M,g)),la(()=>{M._isLeaving&&(ls(M,p),qt(M,y),aa(O)||ca(M,n,j,m))}),as(O,[M,m])},onEnterCancelled(M){P(M,!1,void 0,!0),as(R,[M])},onAppearCancelled(M){P(M,!0,void 0,!0),as(oe,[M])},onLeaveCancelled(M){V(M),as(q,[M])}})}function rf(e){if(e==null)return null;if(ke(e))return[_o(e.enter),_o(e.leave)];{const t=_o(e);return[t,t]}}function _o(e){return Xu(e)}function qt(e,t){t.split(/\s+/).forEach(s=>s&&e.classList.add(s)),(e[gn]||(e[gn]=new Set)).add(t)}function ls(e,t){t.split(/\s+/).forEach(n=>n&&e.classList.remove(n));const s=e[gn];s&&(s.delete(t),s.size||(e[gn]=void 0))}function la(e){requestAnimationFrame(()=>{requestAnimationFrame(e)})}let of=0;function ca(e,t,s,n){const r=e._endId=++of,o=()=>{r===e._endId&&n()};if(s!=null)return setTimeout(o,s);const{type:i,timeout:a,propCount:l}=af(e,t);if(!i)return n();const h=i+"end";let d=0;const p=()=>{e.removeEventListener(h,g),o()},g=y=>{y.target===e&&++d>=l&&p()};setTimeout(()=>{d<l&&p()},a+1),e.addEventListener(h,g)}function af(e,t){const s=window.getComputedStyle(e),n=A=>(s[A]||"").split(", "),r=n(`${jt}Delay`),o=n(`${jt}Duration`),i=ua(r,o),a=n(`${Fs}Delay`),l=n(`${Fs}Duration`),h=ua(a,l);let d=null,p=0,g=0;t===jt?i>0&&(d=jt,p=i,g=o.length):t===Fs?h>0&&(d=Fs,p=h,g=l.length):(p=Math.max(i,h),d=p>0?i>h?jt:Fs:null,g=d?d===jt?o.length:l.length:0);const y=d===jt&&/\b(transform|all)(,|$)/.test(n(`${jt}Property`).toString());return{type:d,timeout:p,propCount:g,hasTransform:y}}function ua(e,t){for(;e.length<t.length;)e=e.concat(e);return Math.max(...t.map((s,n)=>da(s)+da(e[n])))}function da(e){return e==="auto"?0:Number(e.slice(0,-1).replace(",","."))*1e3}function ha(){return document.body.offsetHeight}function lf(e,t,s){const n=e[gn];n&&(t=(t?[t,...n]:[...n]).join(" ")),t==null?e.removeAttribute("class"):s?e.setAttribute("class",t):e.className=t}const ar=Symbol("_vod"),kc=Symbol("_vsh"),Nc={beforeMount(e,{value:t},{transition:s}){e[ar]=e.style.display==="none"?"":e.style.display,s&&t?s.beforeEnter(e):Hs(e,t)},mounted(e,{value:t},{transition:s}){s&&t&&s.enter(e)},updated(e,{value:t,oldValue:s},{transition:n}){!t!=!s&&(n?t?(n.beforeEnter(e),Hs(e,!0),n.enter(e)):n.leave(e,()=>{Hs(e,!1)}):Hs(e,t))},beforeUnmount(e,{value:t}){Hs(e,t)}};function Hs(e,t){e.style.display=t?e[ar]:"none",e[kc]=!t}const cf=Symbol(""),uf=/(^|;)\s*display\s*:/;function df(e,t,s){const n=e.style,r=xe(s);let o=!1;if(s&&!r){if(t)if(xe(t))for(const i of t.split(";")){const a=i.slice(0,i.indexOf(":")).trim();s[a]==null&&jn(n,a,"")}else for(const i in t)s[i]==null&&jn(n,i,"");for(const i in s)i==="display"&&(o=!0),jn(n,i,s[i])}else if(r){if(t!==s){const i=n[cf];i&&(s+=";"+i),n.cssText=s,o=uf.test(s)}}else t&&e.removeAttribute("style");ar in e&&(e[ar]=o?n.display:"",e[kc]&&(n.display="none"))}const fa=/\s*!important$/;function jn(e,t,s){if(de(s))s.forEach(n=>jn(e,t,n));else if(s==null&&(s=""),t.startsWith("--"))e.setProperty(t,s);else{const n=hf(e,t);fa.test(s)?e.setProperty(gs(n),s.replace(fa,""),"important"):e[n]=s}}const pa=["Webkit","Moz","ms"],So={};function hf(e,t){const s=So[t];if(s)return s;let n=bt(t);if(n!=="filter"&&n in e)return So[t]=n;n=jr(n);for(let r=0;r<pa.length;r++){const o=pa[r]+n;if(o in e)return So[t]=o}return t}const ma="http://www.w3.org/1999/xlink";function ga(e,t,s,n,r,o=nd(t)){n&&t.startsWith("xlink:")?s==null?e.removeAttributeNS(ma,t.slice(6,t.length)):e.setAttributeNS(ma,t,s):s==null||o&&!bl(s)?e.removeAttribute(t):e.setAttribute(t,o?"":Tt(s)?String(s):s)}function va(e,t,s,n,r){if(t==="innerHTML"||t==="textContent"){s!=null&&(e[t]=t==="innerHTML"?Cc(s):s);return}const o=e.tagName;if(t==="value"&&o!=="PROGRESS"&&!o.includes("-")){const a=o==="OPTION"?e.getAttribute("value")||"":e.value,l=s==null?e.type==="checkbox"?"on":"":String(s);(a!==l||!("_value"in e))&&(e.value=l),s==null&&e.removeAttribute(t),e._value=s;return}let i=!1;if(s===""||s==null){const a=typeof e[t];a==="boolean"?s=bl(s):s==null&&a==="string"?(s="",i=!0):a==="number"&&(s=0,i=!0)}try{e[t]=s}catch{}i&&e.removeAttribute(r||t)}function Kt(e,t,s,n){e.addEventListener(t,s,n)}function ff(e,t,s,n){e.removeEventListener(t,s,n)}const ba=Symbol("_vei");function pf(e,t,s,n,r=null){const o=e[ba]||(e[ba]={}),i=o[t];if(n&&i)i.value=n;else{const[a,l]=mf(t);if(n){const h=o[t]=bf(n,r);Kt(e,a,h,l)}else i&&(ff(e,a,i,l),o[t]=void 0)}}const ya=/(?:Once|Passive|Capture)$/;function mf(e){let t;if(ya.test(e)){t={};let n;for(;n=e.match(ya);)e=e.slice(0,e.length-n[0].length),t[n[0].toLowerCase()]=!0}return[e[2]===":"?e.slice(3):gs(e.slice(2)),t]}let Ro=0;const gf=Promise.resolve(),vf=()=>Ro||(gf.then(()=>Ro=0),Ro=Date.now());function bf(e,t){const s=n=>{if(!n._vts)n._vts=Date.now();else if(n._vts<=s.attached)return;wt(yf(n,s.value),t,5,[n])};return s.value=e,s.attached=vf(),s}function yf(e,t){if(de(t)){const s=e.stopImmediatePropagation;return e.stopImmediatePropagation=()=>{s.call(e),e._stopped=!0},t.map(n=>r=>!r._stopped&&n&&n(r))}else return t}const Ea=e=>e.charCodeAt(0)===111&&e.charCodeAt(1)===110&&e.charCodeAt(2)>96&&e.charCodeAt(2)<123,Ef=(e,t,s,n,r,o)=>{const i=r==="svg";t==="class"?lf(e,n,i):t==="style"?df(e,s,n):Hr(t)?li(t)||pf(e,t,s,n,o):(t[0]==="."?(t=t.slice(1),!0):t[0]==="^"?(t=t.slice(1),!1):Tf(e,t,n,i))?(va(e,t,n),!e.tagName.includes("-")&&(t==="value"||t==="checked"||t==="selected")&&ga(e,t,n,i,o,t!=="value")):e._isVueCE&&(/[A-Z]/.test(t)||!xe(n))?va(e,bt(t),n,o,t):(t==="true-value"?e._trueValue=n:t==="false-value"&&(e._falseValue=n),ga(e,t,n,i))};function Tf(e,t,s,n){if(n)return!!(t==="innerHTML"||t==="textContent"||t in e&&Ea(t)&&me(s));if(t==="spellcheck"||t==="draggable"||t==="translate"||t==="form"||t==="list"&&e.tagName==="INPUT"||t==="type"&&e.tagName==="TEXTAREA")return!1;if(t==="width"||t==="height"){const r=e.tagName;if(r==="IMG"||r==="VIDEO"||r==="CANVAS"||r==="SOURCE")return!1}return Ea(t)&&xe(s)?!1:t in e}const Is=e=>{const t=e.props["onUpdate:modelValue"]||!1;return de(t)?s=>Fn(t,s):t};function wf(e){e.target.composing=!0}function Ta(e){const t=e.target;t.composing&&(t.composing=!1,t.dispatchEvent(new Event("input")))}const Ut=Symbol("_assign"),gt={created(e,{modifiers:{lazy:t,trim:s,number:n}},r){e[Ut]=Is(r);const o=n||r.props&&r.props.type==="number";Kt(e,t?"change":"input",i=>{if(i.target.composing)return;let a=e.value;s&&(a=a.trim()),o&&(a=Zn(a)),e[Ut](a)}),s&&Kt(e,"change",()=>{e.value=e.value.trim()}),t||(Kt(e,"compositionstart",wf),Kt(e,"compositionend",Ta),Kt(e,"change",Ta))},mounted(e,{value:t}){e.value=t??""},beforeUpdate(e,{value:t,oldValue:s,modifiers:{lazy:n,trim:r,number:o}},i){if(e[Ut]=Is(i),e.composing)return;const a=(o||e.type==="number")&&!/^0\d/.test(e.value)?Zn(e.value):e.value,l=t??"";a!==l&&(document.activeElement===e&&e.type!=="range"&&(n&&t===s||r&&e.value.trim()===l)||(e.value=l))}},Ot={deep:!0,created(e,t,s){e[Ut]=Is(s),Kt(e,"change",()=>{const n=e._modelValue,r=vn(e),o=e.checked,i=e[Ut];if(de(n)){const a=di(n,r),l=a!==-1;if(o&&!l)i(n.concat(r));else if(!o&&l){const h=[...n];h.splice(a,1),i(h)}}else if(Ls(n)){const a=new Set(n);o?a.add(r):a.delete(r),i(a)}else i(Oc(e,o))})},mounted:wa,beforeUpdate(e,t,s){e[Ut]=Is(s),wa(e,t,s)}};function wa(e,{value:t,oldValue:s},n){e._modelValue=t;let r;if(de(t))r=di(t,n.props.value)>-1;else if(Ls(t))r=t.has(n.props.value);else{if(t===s)return;r=_n(t,Oc(e,!0))}e.checked!==r&&(e.checked=r)}const _f={deep:!0,created(e,{value:t,modifiers:{number:s}},n){const r=Ls(t);Kt(e,"change",()=>{const o=Array.prototype.filter.call(e.options,i=>i.selected).map(i=>s?Zn(vn(i)):vn(i));e[Ut](e.multiple?r?new Set(o):o:o[0]),e._assigning=!0,Yr(()=>{e._assigning=!1})}),e[Ut]=Is(n)},mounted(e,{value:t}){_a(e,t)},beforeUpdate(e,t,s){e[Ut]=Is(s)},updated(e,{value:t}){e._assigning||_a(e,t)}};function _a(e,t){const s=e.multiple,n=de(t);if(!(s&&!n&&!Ls(t))){for(let r=0,o=e.options.length;r<o;r++){const i=e.options[r],a=vn(i);if(s)if(n){const l=typeof a;l==="string"||l==="number"?i.selected=t.some(h=>String(h)===String(a)):i.selected=di(t,a)>-1}else i.selected=t.has(a);else if(_n(vn(i),t)){e.selectedIndex!==r&&(e.selectedIndex=r);return}}!s&&e.selectedIndex!==-1&&(e.selectedIndex=-1)}}function vn(e){return"_value"in e?e._value:e.value}function Oc(e,t){const s=t?"_trueValue":"_falseValue";return s in e?e[s]:t}const Sf=["ctrl","shift","alt","meta"],Rf={stop:e=>e.stopPropagation(),prevent:e=>e.preventDefault(),self:e=>e.target!==e.currentTarget,ctrl:e=>!e.ctrlKey,shift:e=>!e.shiftKey,alt:e=>!e.altKey,meta:e=>!e.metaKey,left:e=>"button"in e&&e.button!==0,middle:e=>"button"in e&&e.button!==1,right:e=>"button"in e&&e.button!==2,exact:(e,t)=>Sf.some(s=>e[`${s}Key`]&&!t.includes(s))},ge=(e,t)=>{const s=e._withMods||(e._withMods={}),n=t.join(".");return s[n]||(s[n]=(r,...o)=>{for(let i=0;i<t.length;i++){const a=Rf[t[i]];if(a&&a(r,t))return}return e(r,...o)})},Cf=Fe({patchProp:Ef},Zh);let Sa;function Af(){return Sa||(Sa=Th(Cf))}const kf=(...e)=>{const t=Af().createApp(...e),{mount:s}=t;return t.mount=n=>{const r=Of(n);if(!r)return;const o=t._component;!me(o)&&!o.render&&!o.template&&(o.template=r.innerHTML),r.nodeType===1&&(r.textContent="");const i=s(r,!1,Nf(r));return r instanceof Element&&(r.removeAttribute("v-cloak"),r.setAttribute("data-v-app","")),i},t};function Nf(e){if(e instanceof SVGElement)return"svg";if(typeof MathMLElement=="function"&&e instanceof MathMLElement)return"mathml"}function Of(e){return xe(e)?document.querySelector(e):e}const he=(e,t)=>{const s=e.__vccOpts||e;for(const[n,r]of t)s[n]=r;return s},If={name:"Modal",props:["icon","shown","title","onClose"],methods:{close(){this.onClose&&this.onClose(),this.$emit("update:shown",!1)}}},$f={class:"modal"},Lf={class:"modal-header"},qf={class:"header-title"};function Df(e,t,s,n,r,o){const i=$("icon");return f(),J(sf,{name:"modal"},{default:ce(()=>[s.shown?(f(),v("div",{key:0,class:"modal-backdrop",onClick:t[1]||(t[1]=ge((...a)=>o.close&&o.close(...a),["self"]))},[u("div",$f,[u("div",Lf,[u("div",qf,[s.icon?(f(),J(i,{key:0,name:s.icon},null,8,["name"])):E("",!0),z(" "+T(s.title),1)]),u("a",{href:"#",class:"header-close",onClick:t[0]||(t[0]=ge((...a)=>o.close&&o.close(...a),["prevent"]))},[D(i,{name:"x"})])]),$t(e.$slots,"default")])])):E("",!0)]),_:3})}const vs=he(If,[["render",Df]]),Pf={name:"CreditsModal",components:{Modal:vs},computed:{credits(){return this.$credits.credits}}},xf={class:"credits-modal"},Mf={class:"credits-version"},Uf={class:"credits-authors"},Ff={class:"authors-author"},Hf={class:"author-name"},Bf={class:"author-links"},jf=["href"],Vf=["href"],Gf=["href"],Wf={key:0,class:"credits-contributors"},zf=["href","title"],Qf=["href","title"],Yf={key:0},Kf={class:"credits-sponsors"},Xf=["href","title"],Jf={key:1},Zf={class:"credits-dependencies"},ep={class:"dependencies-dependency"},tp=["href"],sp=["href"],np={class:"dependency-description"},rp={class:"dependencies-dependency"},op=["href"],ip=["href"],ap={class:"dependency-description"};function lp(e,t,s,n,r,o){const i=$("icon"),a=$("modal");return f(),J(a,{icon:"info",title:"Credits",shown:e.$credits.shown,"onUpdate:shown":t[0]||(t[0]=l=>e.$credits.shown=l)},{default:ce(()=>[u("div",xf,[t[8]||(t[8]=u("h1",null,"Clockwork App",-1)),u("p",Mf,"Version "+T(e.$credits.version),1),u("div",null,[t[1]||(t[1]=u("h2",null,"Created by",-1)),u("div",Uf,[(f(!0),v(B,null,le(e.$credits.authors,l=>(f(),v("div",Ff,[u("div",{class:"author-avatar",style:ut(`background-image:url(${l.avatarUrl};`)},null,4),u("div",null,[u("div",Hf,T(l.name),1),u("div",Bf,[u("a",{href:l.twitterUrl,target:"_blank"},[D(i,{name:"twitter"})],8,jf),u("a",{href:l.githubUrl,target:"_blank"},[D(i,{name:"github"})],8,Vf),u("a",{href:l.sponsorUrl,target:"_blank"},[D(i,{name:"heart"})],8,Gf)])])]))),256))]),o.credits.app.contributors.length||o.credits.php.contributors.length?(f(),v("div",Wf,[(f(!0),v(B,null,le(o.credits.app.contributors,l=>(f(),v("a",{class:"contributors-contributor",href:l.url,target:"_blank",title:l.userName},[u("div",{class:"contributor-avatar",style:ut(`background-image:url(${l.avatarUrl};`)},null,4)],8,zf))),256)),(f(!0),v(B,null,le(o.credits.php.contributors,l=>(f(),v("a",{class:"contributors-contributor",href:l.url,target:"_blank",title:l.userName},[u("div",{class:"contributor-avatar",style:ut(`background-image:url(${l.avatarUrl};`)},null,4)],8,Qf))),256))])):E("",!0)]),o.credits.app.sponsors.length?(f(),v("div",Yf,[t[2]||(t[2]=u("h2",null,"Sponsored by",-1)),u("div",Kf,[(f(!0),v(B,null,le(o.credits.app.sponsors,l=>(f(),v("a",{class:"sponsors-sponsor",href:l.url,target:"_blank",title:l.userName},[u("div",{class:"sponsor-avatar",style:ut(`background-image:url(${l.avatarUrl};`)},null,4)],8,Xf))),256))])])):E("",!0),o.credits.app.dependencies.length||o.credits.php.dependencies.length?(f(),v("div",Jf,[t[7]||(t[7]=u("h2",null,"Built with",-1)),u("div",Zf,[t[5]||(t[5]=u("h3",null,"Clockwork App",-1)),(f(!0),v(B,null,le(o.credits.app.dependencies,l=>(f(),v("div",ep,[u("div",null,[u("a",{href:l.url,target:"_blank"},T(l.name),9,tp),t[3]||(t[3]=z(" by ")),u("a",{href:l.authorUrl,target:"_blank"},T(l.author),9,sp)]),u("div",np,T(l.description),1)]))),256)),t[6]||(t[6]=u("h3",null,"Clockwork PHP",-1)),(f(!0),v(B,null,le(o.credits.php.dependencies,l=>(f(),v("div",rp,[u("div",null,[u("a",{href:l.url,target:"_blank"},T(l.name),9,op),t[4]||(t[4]=z(" by ")),u("a",{href:l.authorUrl,target:"_blank"},T(l.authors|e.join),9,ip)]),u("div",ap,T(l.description),1)]))),256))])])):E("",!0)])]),_:1},8,["shown"])}const cp=he(Pf,[["render",lp]]),up={name:"DetailsRequest"},dp={class:"content-request"},hp={class:"counters-row"},fp={key:0,class:"counter request-type"},pp={key:0,class:"type-text"},mp={key:1,class:"type-text"},gp={key:2,class:"type-text"},vp={key:3,class:"type-text"},bp={class:"counter request-main"},yp={class:"method-text"},Ep={class:"counter request-details"},Tp={class:"counters-group right-aligned"},wp={key:0,class:"counter request-alerts"},_p={class:"counter request-status"},Sp=["title"],Rp=["title"],Cp=["title"],Ap=["title"];function kp(e,t,s,n,r,o){const i=$("icon");return f(),v("div",dp,[u("div",hp,[e.$request.isCommand()||e.$request.isQueueJob()||e.$request.isTest()||e.$request.isAjax()?(f(),v("div",fp,[e.$request.isCommand()?(f(),v("span",pp,"CMD")):e.$request.isQueueJob()?(f(),v("span",mp,"QUEUE")):e.$request.isTest()?(f(),v("span",gp,"TEST")):e.$request.isAjax()?(f(),v("span",vp,"AJAX")):E("",!0)])):E("",!0),u("div",bp,[e.$request.isCommand()?(f(),v(B,{key:0},[z(T(e.$request.commandName),1)],64)):e.$request.isQueueJob()?(f(),v(B,{key:1},[z(T(e.$request.jobName),1)],64)):e.$request.isTest()?(f(),v(B,{key:2},[z(T(e.$request.testGroup),1)],64)):(f(),v(B,{key:3},[u("span",yp,T(e.$request.method),1),z(" "+T(e.$request.uri),1)],64))]),u("div",Ep,[e.$request.isCommand()?(f(),v(B,{key:0},[z(T(e.$request.commandLine),1)],64)):e.$request.isQueueJob()?(f(),v(B,{key:1},[z(T(e.$request.jobDescription),1)],64)):e.$request.isTest()?(f(),v(B,{key:2},[z(T(e.$request.testName),1)],64)):(f(),v(B,{key:3},[z(T(e.$request.controller),1)],64))]),u("div",Tp,[e.$request.errorsCount||e.$request.warningsCount?(f(),v("div",wp,[e.$request.errorsCount?(f(),J(i,{key:0,name:"alert-circle",class:"header-alert alert-errors"})):e.$request.warningsCount?(f(),J(i,{key:1,name:"alert-triangle",class:"header-alert alert-warnings"})):E("",!0)])):E("",!0),u("div",_p,[e.$request.isCommand()?(f(),v("span",{key:0,class:te({"status-text":!0,"client-error":e.$request.isCommandWarning(),"server-error":e.$request.isCommandError()}),title:e.$request.commandExitCode},T(e.$request.commandExitCode),11,Sp)):e.$request.isQueueJob()?(f(),v("span",{key:1,class:te({"status-text":!0,"status-text-small":!0,"client-error":e.$request.isQueueJobWarning(),"server-error":e.$request.isQueueJobError()}),title:e.$request.jobStatus},T(e.$request.jobStatus),11,Rp)):e.$request.isTest()?(f(),v("span",{key:2,class:te({"status-text":!0,"status-text-small":!0,"client-error":e.$request.isTestWarning(),"server-error":e.$request.isTestError()}),title:e.$request.testStatus},T(e.$request.testStatus),11,Cp)):(f(),v("span",{key:3,class:te({"status-text":!0,"client-error":e.$request.isClientError(),"server-error":e.$request.isServerError()}),title:e.$request.responseStatus},T(e.$request.responseStatus),11,Ap))])])])])}const Np=he(up,[["render",kp]]),Op={name:"Popover",data:()=>({shown:!1,classList:[]}),methods:{close(e){e&&this.$el.closest(".popover-container").contains(e.target)||(this.shown=!1)},async open(){this.shown=!0,await this.$nextTick();let t=this.$el.closest(".popover-viewport").getBoundingClientRect(),n=this.$el.closest(".popover-container").getBoundingClientRect();this.classList=[],t.left>n.left+n.width/2-200?this.classList=["left-aligned"]:t.right<n.left+n.width/2+200&&(this.classList=["right-aligned"])},toggle(){this.shown?this.close():this.open()}}},Ip={class:"popover-content"};function $p(e,t,s,n,r,o){const i=tc("on-click-outside");return e.shown?Oe((f(),v("div",{key:0,class:te(["popover",e.classList])},[u("div",Ip,[$t(e.$slots,"default")])],2)),[[i,o.close]]):E("",!0)}const Ic=he(Op,[["render",$p]]),Lp={name:"ShortenedText",props:["full"],data:()=>({expanded:!1}),methods:{expand(e){this.expanded||(e.stopPropagation(),e.preventDefault()),this.expanded=!0}}};function qp(e,t,s,n,r,o){return f(),v("span",{onClick:t[0]||(t[0]=i=>o.expand(i))},[e.expanded?(f(),v(B,{key:0},[z(T(s.full),1)],64)):$t(e.$slots,"default",{key:1})])}const bs=he(Lp,[["render",qp]]),Dp={name:"StackTrace",components:{Popover:Ic,ShortenedText:bs},props:["trace","file","line"],computed:{fullPath(){var e,t;return this.makeFullPath(this.file||((e=this.trace[0])==null?void 0:e.file),this.line||((t=this.trace[0])==null?void 0:t.line))},shortPath(){var e,t;return this.makeShortPath(this.file||((e=this.trace[0])==null?void 0:e.file),this.line||((t=this.trace[0])==null?void 0:t.line))}},methods:{togglePopover(e){this.trace&&(e.preventDefault(),this.$refs.popover.toggle())},makeFullPath(e,t){return`${e}:${t}`},makeShortPath(e,t){return this.makeFullPath(e,t).split(/[\/\\]/).pop()}}},Pp={class:"stack-trace popover-container"},xp=["href"],Mp={class:"stack-frame-call"},Up={class:"stack-frame-file"},Fp=["href"];function Hp(e,t,s,n,r,o){const i=$("shortened-text"),a=$("popover");return f(),v("div",Pp,[s.file||s.trace&&s.trace.length?(f(),v("a",{key:0,href:e.$editorLink(s.file||s.trace[0].file,s.line)},[D(i,{full:s.trace?o.shortPath:o.fullPath,onClick:t[0]||(t[0]=l=>o.togglePopover(l))},{default:ce(()=>[z(T(o.shortPath),1)]),_:1},8,["full"])],8,xp)):E("",!0),s.trace?(f(),J(a,{key:1,ref:"popover"},{default:ce(()=>[(f(!0),v(B,null,le(s.trace,l=>(f(),v("div",{class:te(["stack-frame",{"is-vendor":l.isVendor}])},[u("div",Mp,T(l.call),1),u("div",Up,[u("a",{href:e.$editorLink(l.file,l.line)},[D(i,{full:o.makeFullPath(l.file,l.line)},{default:ce(()=>[z(T(o.makeShortPath(l.file,l.line)),1)]),_:2},1032,["full"])],8,Fp)])],2))),256))]),_:1},512)):E("",!0)])}const ht=he(Dp,[["render",Hp]]),Bp={name:"ExceptionSection",components:{StackTrace:ht},props:["compact"],methods:{showPreviousException(e){this.$request.exceptions.push(e.previous),e.previous=void 0}}},jp={class:"exception-message"},Vp={key:0},Gp=["onClick"];function Wp(e,t,s,n,r,o){const i=$("icon"),a=$("stack-trace");return e.$request&&e.$request.exceptions.length?(f(),v("div",{key:0,class:te(["exception-section",{compact:s.compact}])},[(f(!0),v(B,null,le(e.$request.exceptions,(l,h)=>(f(),v("div",{class:"exception-info",key:`${e.$request.id}-${h}`},[u("div",jp,[s.compact?(f(),J(i,{key:0,name:"alert-circle"})):E("",!0),u("h3",null,[z(T(l.type)+" ",1),l.code?(f(),v("small",Vp,"#"+T(l.code),1)):E("",!0)]),z(" "+T(l.message),1)]),u("div",null,[l.previous?(f(),v("a",{key:0,href:"#",class:"exception-previous",onClick:ge(d=>o.showPreviousException(l),["prevent"]),title:"Show previous"},[D(i,{name:"arrow-down-circle"})],8,Gp)):E("",!0),D(a,{class:"exception-trace",trace:l.trace},null,8,["trace"])])]))),128))],2)):E("",!0)}const $c=he(Bp,[["render",Wp]]),zp={name:"ParentRequest",props:["compact"],data:()=>({parentRequest:null}),methods:{showRequestById(e){this.global.$request=this.$requests.findId(e)}},watch:{$request:{async handler(){this.parentRequest=null,!(!this.$request||!this.$request.parent||!this.$request.parent.id)&&(this.parentRequest=this.$requests.findId(this.$request.parent.id)||await this.$requests.loadId(this.$request.parent.id))},immediate:!0}}},Qp={key:0,class:"parent-name"},Yp={key:1,class:"parent-name"},Kp={key:2,class:"parent-name"},Xp={class:"parent-method"},Jp={class:"parent-uri"},Zp={class:"parent-close"};function em(e,t,s,n,r,o){return e.parentRequest?(f(),v("div",{key:0,class:te(["parent-request",{compact:s.compact}])},[u("div",null,[t[4]||(t[4]=u("div",{class:"parent-title"}," Subrequest of ",-1)),e.parentRequest.isCommand()?(f(),v("div",Qp,[t[1]||(t[1]=u("span",{class:"type-text"},"CMD",-1)),z(" "+T(e.parentRequest.commandName),1)])):e.parentRequest.isQueueJob()?(f(),v("div",Yp,[t[2]||(t[2]=u("span",{class:"type-text"},"QUEUE",-1)),z(" "+T(e.parentRequest.jobName),1)])):(f(),v("div",Kp,[u("span",Xp,T(e.parentRequest.method),1),t[3]||(t[3]=z()),u("span",Jp,T(e.parentRequest.uri),1)]))]),u("div",Zp,[u("a",{onClick:t[0]||(t[0]=i=>o.showRequestById(e.parentRequest.id)),href:"#"},"Show")])],2)):E("",!0)}const Lc=he(zp,[["render",em]]),tm={name:"MessagesOverlay",components:{ExceptionSection:$c,ParentRequest:Lc,StackTrace:ht},data:()=>({updateNotification:!1}),methods:{closeUpdateNotification(){this.$updateNotification.ignoreUpdate(this.$requests.remoteUrl),this.updateNotification=!1}},watch:{"$requests.remoteUrl":{handler(){this.updateNotification=this.$updateNotification.show(this.$requests.remoteUrl)},immediate:!0},"$updateNotification.serverVersion":function(){this.updateNotification=this.$updateNotification.show(this.$requests.remoteUrl)}}},sm={class:"messages-overlay"},nm={key:2,class:"update-notification"},rm=["href"],om={class:"updateNotification-close"};function im(e,t,s,n,r,o){const i=$("parent-request"),a=$("exception-section"),l=$("icon");return f(),v("div",sm,[e.$settings.global.requestSidebarCollapsed?(f(),J(i,{key:0,compact:"true"})):E("",!0),e.$settings.global.requestSidebarCollapsed?(f(),J(a,{key:1,compact:"true"})):E("",!0),e.updateNotification?(f(),v("div",nm,[D(l,{name:"info"}),u("span",null,[t[1]||(t[1]=z(" A new Clockwork server-side version ")),u("strong",null,T(e.updateNotification.version),1),t[2]||(t[2]=z(" is available, you are using ")),u("strong",null,T(e.updateNotification.currentVersion),1),t[3]||(t[3]=z(". ")),e.updateNotification.url?(f(),v("a",{key:0,href:e.updateNotification.url,target:"_blank"},"Read more",8,rm)):E("",!0)]),u("span",om,[u("a",{onClick:t[0]||(t[0]=(...h)=>o.closeUpdateNotification&&o.closeUpdateNotification(...h)),href:"#"},"Close")])])):E("",!0)])}const am=he(tm,[["render",im]]),lm="img/appearance-auto-icon.png",cm="img/appearance-light-icon.png",um="img/appearance-dark-icon.png",dm={name:"SettingsModal",components:{Modal:vs},data:()=>({showPersistWarning:!1,showAdvancedSettings:!1}),methods:{setAppearance(e){this.$settings.global.appearance=e,this.save()},save(){this.$settings.save(),this.$onDemand.enableProfiling()},showCredits(){this.$settings.toggle(),this.$credits.toggle()},closed(){this.showAdvancedSettings=!1}}},hm={class:"settings-modal"},fm={key:0,class:"settings-warning"},pm={class:"warning-text"},mm={key:0,class:"warning-details"},gm={class:"controls-group"},vm={class:"controls"},bm={class:"appearance-controls"},ym={class:"controls-group"},Em={class:"controls"},Tm={key:0,class:"help-text"},wm={class:"controls-group"},_m={class:"controls"},Sm={class:"controls-input-vgroup"},Rm={key:1,class:"controls-group"},Cm={class:"controls"},Am={key:2,class:"controls-group"},km={class:"controls"},Nm={class:"controls-checkbox"},Om={class:"controls-checkbox"},Im={key:3,class:"controls-group"},$m={class:"controls"},Lm={class:"controls-checkbox"},qm={class:"controls-checkbox"},Dm={class:"controls-checkbox"},Pm={key:4,class:"controls-group"},xm={class:"controls"},Mm={key:5,class:"controls-group"},Um={class:"controls"},Fm={class:"settings-footer"};function Hm(e,t,s,n,r,o){const i=$("modal");return f(),J(i,{icon:"settings",title:"Settings",shown:e.$settings.shown,"onUpdate:shown":t[26]||(t[26]=a=>e.$settings.shown=a),"on-close":o.closed},{default:ce(()=>[u("div",hm,[e.$settings.persistent?E("",!0):(f(),v("div",fm,[u("div",pm,[t[27]||(t[27]=u("span",{class:"warning-label"},"Warning",-1)),t[28]||(t[28]=u("span",null,"Settings can't be saved.",-1)),u("a",{href:"#",onClick:t[0]||(t[0]=ge(a=>e.showPersistWarning=!0,["prevent"]))},"More info")]),e.showPersistWarning?(f(),v("div",mm,' Tapped uses the "local storage" api to persist your settings. Please make sure the access to "local storage" is allowed for this app. ')):E("",!0)])),u("div",gm,[t[32]||(t[32]=u("label",{for:"settings-editor"},"Appearance",-1)),u("div",vm,[u("div",bm,[u("div",{class:te(["option",{selected:e.$settings.global.appearance=="auto"}]),onClick:t[1]||(t[1]=a=>o.setAppearance("auto"))},t[29]||(t[29]=[u("img",{src:lm},null,-1),z(" Auto ")]),2),u("div",{class:te(["option",{selected:e.$settings.global.appearance=="light"}]),onClick:t[2]||(t[2]=a=>o.setAppearance("light"))},t[30]||(t[30]=[u("img",{src:cm},null,-1),z(" Light ")]),2),u("div",{class:te(["option",{selected:e.$settings.global.appearance=="dark"}]),onClick:t[3]||(t[3]=a=>o.setAppearance("dark"))},t[31]||(t[31]=[u("img",{src:um},null,-1),z(" Dark ")]),2)])])]),u("div",ym,[t[35]||(t[35]=u("label",{for:"settings-editor"},"Code editor",-1)),u("div",Em,[Oe(u("select",{id:"settings-editor","onUpdate:modelValue":t[4]||(t[4]=a=>e.$settings.global.editor=a),onChange:t[5]||(t[5]=(...a)=>o.save&&o.save(...a))},t[33]||(t[33]=[u("option",{value:"phpstorm"},"PhpStorm",-1),u("option",{value:"sublime"},"Sublime Text",-1),u("option",{value:"vs-code"},"Visual Studio Code",-1)]),544),[[_f,e.$settings.global.editor]]),e.$settings.global.editor=="sublime"?(f(),v("div",Tm,t[34]||(t[34]=[z(" Requires "),u("a",{href:"https://github.com/inopinatus/sublime_url",target:"_blank"},"sublime_url",-1),z(" on MacOS. Not supported on other platforms. ")]))):E("",!0)])]),u("div",wm,[t[37]||(t[37]=u("label",{for:"settings-local-path-map"},"Code path",-1)),u("div",_m,[u("div",Sm,[Oe(u("input",{type:"text",name:"settings-local-path-map-real","onUpdate:modelValue":t[6]||(t[6]=a=>e.$settings.site.localPathMap.real=a),placeholder:"/real/path",onChange:t[7]||(t[7]=(...a)=>o.save&&o.save(...a))},null,544),[[gt,e.$settings.site.localPathMap.real]]),Oe(u("input",{type:"text",name:"settings-local-path-map-local","onUpdate:modelValue":t[8]||(t[8]=a=>e.$settings.site.localPathMap.local=a),placeholder:"/local/path",onChange:t[9]||(t[9]=(...a)=>o.save&&o.save(...a))},null,544),[[gt,e.$settings.site.localPathMap.local]])]),t[36]||(t[36]=u("div",{class:"help-text"}," Map a remote path to a local path when developing on a remote server or a virtual machine. ",-1))])]),e.$platform.hasFeature("requests-list")?(f(),v("div",Rm,[t[39]||(t[39]=u("label",{for:"settings-on-demand-secret"},"On-demand",-1)),u("div",Cm,[Oe(u("input",{type:"text",name:"settings-on-demand-secret",placeholder:"secret","onUpdate:modelValue":t[10]||(t[10]=a=>e.$settings.site.onDemandSecret=a),onChange:t[11]||(t[11]=(...a)=>o.save&&o.save(...a))},null,544),[[gt,e.$settings.site.onDemandSecret]]),t[38]||(t[38]=u("div",{class:"help-text"}," Only used if the server-side has on-demand mode with secret enabled. ",-1))])])):E("",!0),e.$platform.hasFeature("requests-list")?(f(),v("div",Am,[t[42]||(t[42]=u("label",null,null,-1)),u("div",km,[u("label",Nm,[Oe(u("input",{type:"checkbox","onUpdate:modelValue":t[12]||(t[12]=a=>e.$settings.global.showIncomingRequests=a),onChange:t[13]||(t[13]=(...a)=>o.save&&o.save(...a))},null,544),[[Ot,e.$settings.global.showIncomingRequests]]),t[40]||(t[40]=z(" Foxus incoming requests "))]),u("label",Om,[Oe(u("input",{type:"checkbox","onUpdate:modelValue":t[14]||(t[14]=a=>e.$settings.global.preserveLog=a),onChange:t[15]||(t[15]=(...a)=>o.save&&o.save(...a))},null,544),[[Ot,e.$settings.global.preserveLog]]),t[41]||(t[41]=z(" Keep requests log "))])])])):E("",!0),e.$platform.hasFeature("requests-list")?(f(),v("div",Im,[t[46]||(t[46]=u("label",null,null,-1)),u("div",$m,[u("label",Lm,[Oe(u("input",{type:"checkbox","onUpdate:modelValue":t[16]||(t[16]=a=>e.$settings.global.hideCommandTypeRequests=a),onChange:t[17]||(t[17]=(...a)=>o.save&&o.save(...a))},null,544),[[Ot,e.$settings.global.hideCommandTypeRequests]]),t[43]||(t[43]=z(" Hide commands in requests list "))]),u("label",qm,[Oe(u("input",{type:"checkbox","onUpdate:modelValue":t[18]||(t[18]=a=>e.$settings.global.hideQueueJobTypeRequests=a),onChange:t[19]||(t[19]=(...a)=>o.save&&o.save(...a))},null,544),[[Ot,e.$settings.global.hideQueueJobTypeRequests]]),t[44]||(t[44]=z(" Hide queue jobs in requests list "))]),u("label",Dm,[Oe(u("input",{type:"checkbox","onUpdate:modelValue":t[20]||(t[20]=a=>e.$settings.global.hideTestTypeRequests=a),onChange:t[21]||(t[21]=(...a)=>o.save&&o.save(...a))},null,544),[[Ot,e.$settings.global.hideTestTypeRequests]]),t[45]||(t[45]=z(" Hide tests in requests list "))])])])):E("",!0),e.showAdvancedSettings?(f(),v("div",Pm,[t[48]||(t[48]=u("label",{for:"settings-on-demand-secret"},"Sharing URL",-1)),u("div",xm,[Oe(u("input",{type:"text",name:"settings-sharing-url",placeholder:"https://clockwork.underground.works/ingest","onUpdate:modelValue":t[22]||(t[22]=a=>e.$settings.site.sharingUrl=a),onChange:t[23]||(t[23]=(...a)=>o.save&&o.save(...a))},null,544),[[gt,e.$settings.site.sharingUrl]]),t[47]||(t[47]=u("div",{class:"help-text"}," Set the sharing service URL, in case of running your own instance. ",-1))])])):E("",!0),e.showAdvancedSettings?E("",!0):(f(),v("div",Mm,[t[49]||(t[49]=u("label",null,null,-1)),u("div",Um,[u("a",{href:"#",onClick:t[24]||(t[24]=ge(a=>e.showAdvancedSettings=!0,["prevent"]))},"Show advanced")])])),u("div",Fm,[z(" Version "+T(e.$credits.version)+" • ",1),u("a",{href:"#",onClick:t[25]||(t[25]=ge((...a)=>o.showCredits&&o.showCredits(...a),["prevent"]))},"Credits")])])]),_:1},8,["shown","on-close"])}const Bm=he(dm,[["render",Hm]]),jm={name:"SharingModal",components:{Modal:vs},data:()=>({filter:{performance:!0,log:!0,events:!0,models:!0,database:!0,cache:!0,redis:!0,queue:!0,views:!0,notifications:!0,routes:!0,output:!0,userData:!0},isCopied:!1,error:!1}),computed:{sections(){var e,t;return[{text:"Performance",name:"performance",icon:"activity",available:!0,readonly:!0},{text:"Log",name:"log",icon:"edit-2",available:this.shownSections.log},{text:"Events",name:"events",icon:"zap",available:this.shownSections.events},{text:"Models",name:"models",icon:"disc",available:this.shownSections.models},{text:"Database",name:"database",icon:"database",available:this.shownSections.database},{text:"Cache",name:"cache",icon:"paperclip",available:this.shownSections.cache},{text:"Redis",name:"redis",icon:"layers",available:this.shownSections.redis},{text:"Queue",name:"queue",icon:"clock",available:this.shownSections.queue},{text:"Views",name:"views",icon:"image",available:this.shownSections.views},{text:"Notifications",name:"notifications",icon:"mail",available:this.shownSections.notifications},{text:"Routes",name:"routes",icon:"map",available:this.shownSections.routes},{text:"Output",name:"output",icon:"terminal",available:this.shownSections.output},{text:"Custom tabs",name:"userData",icon:"menu",available:(t=(e=this.$request)==null?void 0:e.userData)==null?void 0:t.length}]},shownSections(){var e,t,s,n,r,o,i,a,l,h,d,p,g,y,A,k,j,W,C,R,O;return{log:((t=(e=this.$request)==null?void 0:e.log)==null?void 0:t.length)>0,models:["modelsRetrieved","modelsCreated","modelsUpdated","modelsDeleted"].some(q=>{var L;return(L=this.$request)==null?void 0:L[q]})||((s=this.$request)==null?void 0:s.modelsActions.length)>0,database:((n=this.$request)==null?void 0:n.databaseQueriesCount)>0||((o=(r=this.$request)==null?void 0:r.databaseQueries)==null?void 0:o.length)>0,cache:["cacheReads","cacheHits","cacheWrites","cacheDeletes","cacheTime"].some(q=>{var L;return(L=this.$request)==null?void 0:L[q]})||((i=this.$request)==null?void 0:i.cacheQueries.length)>0,redis:((l=(a=this.$request)==null?void 0:a.redisCommands)==null?void 0:l.length)>0,queue:((d=(h=this.$request)==null?void 0:h.queueJobs)==null?void 0:d.length)>0,events:((g=(p=this.$request)==null?void 0:p.events)==null?void 0:g.length)>0,views:((A=(y=this.$request)==null?void 0:y.viewsData)==null?void 0:A.events.length)>0,notifications:((j=(k=this.$request)==null?void 0:k.notifications)==null?void 0:j.length)>0,routes:((C=(W=this.$request)==null?void 0:W.routes)==null?void 0:C.length)>0,output:((O=(R=this.$request)==null?void 0:R.commandOutput)==null?void 0:O.length)>0}},filterAll:{get(){return this.sections.every(e=>!e.available||this.filter[e.name])},set(e){this.sections.filter(t=>t.available&&!t.readonly).forEach(t=>this.filter[t.name]=e)}},errorMessage(){return this.error=="metadata-too-large"?"Shared request metadata is too large, please try selecting fewer sections.":this.error=="temporarily-unavailable"?"Share service is temporarily unavailable, please try again later.":"Unexpected error, please try again later."}},methods:{share(){this.$sharing.share(this.$request,this.filter).then(e=>{if(e&&e.error)return this.error=e.error;this.$copyText(this.$request.shareUrl).then(()=>this.isCopied=!0)})}},watch:{filter:{handler:function(){this.$sharing.clear(this.$request),this.isCopied=!1},deep:!0},$request:function(){this.isCopied=!1},"$sharing.shown":function(){this.isCopied=this.error=!1}}},Vm={class:"sharing-modal"},Gm={class:"sharing-content"},Wm={class:"item-text"},zm=["onUpdate:modelValue","disabled"],Qm={key:0,class:"error-message"},Ym={key:1,class:"sharing-terms"};function Km(e,t,s,n,r,o){const i=$("icon"),a=$("spinner"),l=$("modal");return f(),J(l,{icon:"share",title:"Share",shown:e.$sharing.shown,"onUpdate:shown":t[3]||(t[3]=h=>e.$sharing.shown=h)},{default:ce(()=>[u("div",Vm,[e.$sharing.termsAccepted?(f(),v(B,{key:0},[u("div",Gm,[u("label",{class:te(["content-item item-all",{active:o.filterAll}])},[t[4]||(t[4]=u("span",{class:"item-text"},"All",-1)),Oe(u("input",{type:"checkbox","onUpdate:modelValue":t[0]||(t[0]=h=>o.filterAll=h)},null,512),[[Ot,o.filterAll]])],2),(f(!0),v(B,null,le(o.sections,h=>(f(),v("label",{class:te(["content-item",{active:e.filter[h.name]&&h.available,unavailable:!h.available}])},[D(i,{name:h.icon},null,8,["name"]),u("span",Wm,T(h.text),1),Oe(u("input",{type:"checkbox","onUpdate:modelValue":d=>e.filter[h.name]=d,disabled:h.readonly||!h.available},null,8,zm),[[Ot,e.filter[h.name]]])],2))),256))]),e.error?(f(),v("p",Qm,T(o.errorMessage),1)):E("",!0),u("a",{href:"#",class:"button",onClick:t[1]||(t[1]=ge((...h)=>o.share&&o.share(...h),["prevent"]))},[e.isCopied?(f(),v(B,{key:0},[z(" Copied to clipboard! ")],64)):e.$sharing.inProgress?(f(),v(B,{key:1},[D(a,{width:"16",height:"16","no-fade-in":!0,color:e.$settings.appearance=="dark"?"#f27e02":"#258cdb"},null,8,["color"]),t[5]||(t[5]=z(" Sharing... "))],64)):(f(),v(B,{key:2},[z(" Share ")],64))])],64)):(f(),v("div",Ym,[u("h1",null,[D(i,{name:"users"})]),t[6]||(t[6]=u("p",null,"Request will be uploaded to the Clockwork Cloud servers and a unique public link generated for you.",-1)),t[7]||(t[7]=u("h2",null,"Deleting",-1)),t[8]||(t[8]=u("ul",null,[u("li",null,"You can delete the request anytime via the shared link."),u("li",null,"Shared links might expire after a few weeks.")],-1)),t[9]||(t[9]=u("h2",null,"Privacy",-1)),t[10]||(t[10]=u("ul",null,[u("li",null,"Shared requests are hosted on DigitalOcean servers."),u("li",null,"Collected data is never shared with third-parties.")],-1)),u("a",{href:"#",onClick:t[2]||(t[2]=ge(h=>e.$sharing.acceptTerms(),["prevent"])),class:"button"},"Continue")]))])]),_:1},8,["shown"])}const Xm=he(jm,[["render",Km]]),Jm={name:"SharingDeleteModal",components:{Modal:vs},data:()=>({deleting:!1,deleted:!1}),methods:{deleteShared(){this.deleting=!0,this.$sharing.deleteShared().then(()=>this.deleted=!0)}}},Zm={class:"delete-shared-modal"};function eg(e,t,s,n,r,o){const i=$("icon"),a=$("spinner"),l=$("modal");return f(),J(l,{icon:"trash-2",title:"Delete",shown:e.$sharing.shownDelete,"onUpdate:shown":t[1]||(t[1]=h=>e.$sharing.shownDelete=h)},{default:ce(()=>[u("div",Zm,[u("h1",null,[e.deleted?(f(),J(i,{key:0,name:"check-circle"})):(f(),J(i,{key:1,name:"trash-2"}))]),u("p",null,[e.deleted?(f(),v(B,{key:0},[z(" Shared request was successfully deleted. ")],64)):(f(),v(B,{key:1},[z(" Are you sure you want to delete this shared request? ")],64))]),u("a",{href:"#",onClick:t[0]||(t[0]=ge((...h)=>o.deleteShared&&o.deleteShared(...h),["prevent"])),class:"button"},[e.deleted?(f(),v(B,{key:0},[z(" Deleted! ")],64)):e.deleting?(f(),v(B,{key:1},[D(a,{width:"16",height:"16","no-fade-in":!0,color:e.$settings.appearance=="dark"?"#f27e02":"#258cdb"},null,8,["color"]),t[2]||(t[2]=z(" Deleting... "))],64)):(f(),v(B,{key:2},[z(" Delete ")],64))])])]),_:1},8,["shown"])}const tg=he(Jm,[["render",eg]]),sg={name:"TabHandle",props:["text","name","icon","badge","active","short","full"],methods:{selectTab(){this.$emit("tab-selected",this.name)}}},ng={key:1,class:"tab-title"},rg={key:2,class:"tab-badge"};function og(e,t,s,n,r,o){const i=$("icon");return f(),v("a",{onClick:t[0]||(t[0]=(...a)=>o.selectTab&&o.selectTab(...a)),class:te(["details-header-tab",{active:s.active,short:s.short,full:s.full}]),href:"#"},[s.icon?(f(),J(i,{key:0,name:s.icon,title:s.text},null,8,["name","title"])):E("",!0),s.short?E("",!0):(f(),v("div",ng,T(s.text),1)),s.badge&&!s.short?(f(),v("div",rg,T(s.badge),1)):E("",!0)],2)}const ig=he(sg,[["render",og]]);var to=ag;function ag(e,t,s){var n=null,r=null,o=function(){n&&(clearTimeout(n),r=null,n=null)},i=function(){var l=r;o(),l&&l()},a=function(){if(!t)return e.apply(this,arguments);var l=this,h=arguments,d=s&&!n;if(o(),r=function(){e.apply(l,h)},n=setTimeout(function(){if(n=null,!d){var p=r;return r=null,p()}},t),d)return r()};return a.cancel=o,a.flush=i,a}const lg={name:"TabBar",components:{TabHandle:ig},props:{tabs:{default:()=>[]},activeTab:{}},data:()=>({shortTabs:[],fullTabs:[]}),computed:{shownTabs(){return this.tabs.filter(e=>e.shown)}},methods:{hideOverflowingTabs(){this.shortTabs=[],this.fullTabs=[],this.$nextTick(()=>this.hideNextOverflowingTab())},hideNextOverflowingTab(){if(this.$el.scrollWidth<=this.$el.clientWidth)return;let e=this.tabs.indexOf(this.tabs.find(s=>s.name==this.activeTab)),t=this.tabs.slice().sort((s,n)=>Math.abs(e-this.tabs.indexOf(n))-Math.abs(e-this.tabs.indexOf(s))).find(s=>!this.shortTabs.includes(s));if(!t||t.name==this.activeTab)return this.fullTabs=this.tabs.filter(s=>!this.shortTabs.includes(s));this.shortTabs.push(t),this.$nextTick(()=>this.hideNextOverflowingTab())}},watch:{tabs(){this.hideOverflowingTabs()},activeTab(){this.hideOverflowingTabs()}},mounted(){this.resizeObserver=new ResizeObserver(to(()=>this.hideOverflowingTabs(),10)),this.resizeObserver.observe(this.$el)}},cg={class:"details-header-tabs"};function ug(e,t,s,n,r,o){const i=$("tab-handle");return f(),v("div",cg,[(f(!0),v(B,null,le(o.shownTabs,a=>(f(),J(i,{key:a.name,text:a.text,name:a.name,icon:a.icon,active:a.name==s.activeTab,short:e.shortTabs.includes(a),full:e.fullTabs.includes(a),onTabSelected:t[0]||(t[0]=l=>e.$emit("tab-selected",l))},{default:ce(()=>[z(T(a.text),1)]),_:2},1032,["text","name","icon","active","short","full"]))),128))])}const dg=he(lg,[["render",ug]]),hg={name:"DetailsTableFilterToggle",props:["filter"]};function fg(e,t,s,n,r,o){const i=$("icon");return f(),v("a",{href:"#",class:"toggle-filter",onClick:t[0]||(t[0]=ge(a=>s.filter.toggle(a),["stop"]))},[D(i,{name:"search"})])}const _i=he(hg,[["render",fg]]);class pg{constructor(t){if(t instanceof Object||(t=this.parseJson(t)),!(t instanceof Object))throw new Ra("Input does not contain serialized object.");this.data=t}parseJson(t){try{return JSON.parse(t)}catch(s){throw new Ra("Input is not a valid JSON string.",s)}}print(t){t.innerHTML=this.generateHtml()}generateHtml(){let[t,s]=this.resolveValueAndType(this.data);return this.createElement("ul",{class:"pretty-jason"},[this.createElement("li",{},[this.createElement("span",{data:{rendered:!0},click:n=>this.objectNodeClickedCallback(n)},[this.createElement("span",{class:"pretty-jason-icon",html:'<i class="pretty-jason-icon-closed"></i>'}),this.createElement("span",{text:`${t} `})]),this.generateHtmlPreview(this.data),this.generateHtmlNode(this.data)])])}generateHtmlNode(t){return this.createElement("ul",{style:{display:"none"}},Object.keys(t).filter(s=>!["__class__","__type__","__hash__"].includes(s)).map(s=>{let[n,r]=this.resolveValueAndType(t[s]);return this.createElement("li",{data:{key:s}},[this.createElement("span",{click:r=="object"?o=>this.objectNodeClickedCallback(o):void 0},[this.createElement("span",{class:"pretty-jason-icon",html:r=="object"?'<i class="pretty-jason-icon-closed"></i>':void 0}),this.createElement("span",{class:"pretty-jason-key",text:`${s}: `}),this.createElement("span",{class:`pretty-jason-value-${r}`,text:n})])])}))}generateHtmlPreview(t){return this.createElement("span",{class:"pretty-jason-preview"},Object.keys(t).filter(s=>!["__class__","__type__","__hash__"].includes(s)).slice(0,3).map(s=>{let[n,r]=this.resolveValueAndType(t[s]);return r=="string"&&n.length>=104&&(n=n.substring(0,101)+'…"'),this.createElement("span",{class:"pretty-jason-preview-item"},[this.createElement("span",{class:"pretty-jason-key",text:`${s}: `}),this.createElement("span",{class:`pretty-jason-value-${r}`,text:n})])}).concat(Object.keys(t).length>3?[this.createElement("span",{class:"pretty-jason-preview-item",text:"..."})]:[]))}resolveValueAndType(t){return t===null?["null","null"]:t===void 0?["undefined","undefined"]:typeof t=="boolean"?[t?"true":"false","boolean"]:typeof t=="string"?[`"${t}"`,"string"]:typeof t=="object"?t.__type__=="array"?[`Array(${Object.values(t).length-1})`,"object"]:t.__type__&&t.__type__!="object"?[t.__type__,t.__type__.replace(" ","-")]:[t.__class__||"Object","object"]:[t.toString(),typeof t]}objectNodeClickedCallback(t){let s=t.currentTarget;this.isNodeExpanded(s)?this.collapseNode(s,t.ctrlKey||t.metaKey):this.expandNode(s,t.ctrlKey||t.metaKey)}isNodeExpanded(t){let s=t.parentNode.querySelector("ul");return s&&s.style.display!="none"}expandNode(t,s){this.renderObjectNode(t);let n=t.parentNode.querySelector("ul"),r=t.querySelector("i");r.classList.remove("pretty-jason-icon-closed","pretty-jason-icon-open"),n.style.display="block",r.classList.add("pretty-jason-icon-open"),s&&n.querySelectorAll(".pretty-jason-icon-closed").forEach(o=>{this.expandNode(o.parentNode.parentNode,s)})}collapseNode(t,s){let n=t.parentNode.querySelector("ul"),r=t.querySelector("i");r.classList.remove("pretty-jason-icon-closed","pretty-jason-icon-open"),n.style.display="none",r.classList.add("pretty-jason-icon-closed"),s&&n.querySelectorAll(".pretty-jason-icon-open").forEach(o=>{this.collapseNode(o.parentNode.parentNode,s)})}renderObjectNode(t){if(t.dataset.rendered)return;let s=[],n=t;for(;n=n.parentNode;)if(!(n.tagName!="LI"||!("key"in n.dataset))){if(n.classList.contains("pretty-jason"))break;s.unshift(n.dataset.key)}t.parentNode.append(this.generateHtmlNode(this.getDataFromPath(s))),t.dataset.rendered=!0}getDataFromPath(t){let s=this.data,n;for(;(n=t.shift())!==void 0;)s=s[n];return s}createElement(t,s,n){let r=document.createElement(t);return s.html&&(r.innerHTML=s.html),s.text&&(r.innerText=s.text),s.class&&r.classList.add(s.class),s.style instanceof Object&&Object.keys(s.style).forEach(o=>r.style[o]=s.style[o]),s.data instanceof Object&&Object.keys(s.data).forEach(o=>r.dataset[o]=s.data[o]),s.click&&r.addEventListener("click",s.click),n instanceof Array&&n.forEach(o=>r.append(o)),r}}class Ra{constructor(t,s){this.message=t,this.exception=s}}const mg="aaa1rp3bb0ott3vie4c1le2ogado5udhabi7c0ademy5centure6ountant0s9o1tor4d0s1ult4e0g1ro2tna4f0l1rica5g0akhan5ency5i0g1rbus3force5tel5kdn3l0ibaba4pay4lfinanz6state5y2sace3tom5m0azon4ericanexpress7family11x2fam3ica3sterdam8nalytics7droid5quan4z2o0l2partments8p0le4q0uarelle8r0ab1mco4chi3my2pa2t0e3s0da2ia2sociates9t0hleta5torney7u0ction5di0ble3o3spost5thor3o0s4vianca6w0s2x0a2z0ure5ba0by2idu3namex3narepublic11d1k2r0celona5laycard4s5efoot5gains6seball5ketball8uhaus5yern5b0c1t1va3cg1n2d1e0ats2uty4er2ntley5rlin4st0buy5t2f1g1h0arti5i0ble3d1ke2ng0o3o1z2j1lack0friday9ockbuster8g1omberg7ue3m0s1w2n0pparibas9o0ats3ehringer8fa2m1nd2o0k0ing5sch2tik2on4t1utique6x2r0adesco6idgestone9oadway5ker3ther5ussels7s1t1uild0ers6siness6y1zz3v1w1y1z0h3ca0b1fe2l0l1vinklein9m0era3p2non3petown5ital0one8r0avan4ds2e0er0s4s2sa1e1h1ino4t0ering5holic7ba1n1re3c1d1enter4o1rn3f0a1d2g1h0anel2nel4rity4se2t2eap3intai5ristmas6ome4urch5i0priani6rcle4sco3tadel4i0c2y3k1l0aims4eaning6ick2nic1que6othing5ud3ub0med6m1n1o0ach3des3ffee4llege4ogne5m0cast4mbank4unity6pany2re3uter5sec4ndos3struction8ulting7tact3ractors9oking4l1p2rsica5untry4pon0s4rses6pa2r0edit0card4union9icket5own3s1uise0s6u0isinella9v1w1x1y0mru3ou3z2dabur3d1nce3ta1e1ing3sun4y2clk3ds2e0al0er2s3gree4livery5l1oitte5ta3mocrat6ntal2ist5si0gn4v2hl2iamonds6et2gital5rect0ory7scount3ver5h2y2j1k1m1np2o0cs1tor4g1mains5t1wnload7rive4tv2ubai3nlop4pont4rban5vag2r2z2earth3t2c0o2deka3u0cation8e1g1mail3erck5nergy4gineer0ing9terprises10pson4quipment8r0icsson6ni3s0q1tate5t1u0rovision8s2vents5xchange6pert3osed4ress5traspace10fage2il1rwinds6th3mily4n0s2rm0ers5shion4t3edex3edback6rrari3ero6i0delity5o2lm2nal1nce1ial7re0stone6mdale6sh0ing5t0ness6j1k1lickr3ghts4r2orist4wers5y2m1o0o0d1tball6rd1ex2sale4um3undation8x2r0ee1senius7l1ogans4ntier7tr2ujitsu5n0d2rniture7tbol5yi3ga0l0lery3o1up4me0s3p1rden4y2b0iz3d0n2e0a1nt0ing5orge5f1g0ee3h1i0ft0s3ves2ing5l0ass3e1obal2o4m0ail3bh2o1x2n1odaddy5ld0point6f2o0dyear5g0le4p1t1v2p1q1r0ainger5phics5tis4een3ipe3ocery4up4s1t1u0ardian6cci3ge2ide2tars5ru3w1y2hair2mburg5ngout5us3bo2dfc0bank7ealth0care8lp1sinki6re1mes5iphop4samitsu7tachi5v2k0t2m1n1ockey4ldings5iday5medepot5goods5s0ense7nda3rse3spital5t0ing5t0els3mail5use3w2r1sbc3t1u0ghes5yatt3undai7ibm2cbc2e1u2d1e0ee3fm2kano4l1m0amat4db2mo0bilien9n0c1dustries8finiti5o2g1k1stitute6urance4e4t0ernational10uit4vestments10o1piranga7q1r0ish4s0maili5t0anbul7t0au2v3jaguar4va3cb2e0ep2tzt3welry6io2ll2m0p2nj2o0bs1urg4t1y2p0morgan6rs3uegos4niper7kaufen5ddi3e0rryhotels6logistics9properties14fh2g1h1i0a1ds2m1ndle4tchen5wi3m1n1oeln3matsu5sher5p0mg2n2r0d1ed3uokgroup8w1y0oto4z2la0caixa5mborghini8er3ncaster6d0rover6xess5salle5t0ino3robe5w0yer5b1c1ds2ease3clerc5frak4gal2o2xus4gbt3i0dl2fe0insurance9style7ghting6ke2lly3mited4o2ncoln4k2psy3ve1ing5k1lc1p2oan0s3cker3us3l1ndon4tte1o3ve3pl0financial11r1s1t0d0a3u0ndbeck6xe1ury5v1y2ma0drid4if1son4keup4n0agement7go3p1rket0ing3s4riott5shalls7ttel5ba2c0kinsey7d1e0d0ia3et2lbourne7me1orial6n0u2rckmsd7g1h1iami3crosoft7l1ni1t2t0subishi9k1l0b1s2m0a2n1o0bi0le4da2e1i1m1nash3ey2ster5rmon3tgage6scow4to0rcycles9v0ie4p1q1r1s0d2t0n1r2u0seum3ic4v1w1x1y1z2na0b1goya4me2tura4vy3ba2c1e0c1t0bank4flix4work5ustar5w0s2xt0direct7us4f0l2g0o2hk2i0co2ke1on3nja3ssan1y5l1o0kia3rton4w0ruz3tv4p1r0a1w2tt2u1yc2z2obi1server7ffice5kinawa6layan0group9dnavy5lo3m0ega4ne1g1l0ine5oo2pen3racle3nge4g0anic5igins6saka4tsuka4t2vh3pa0ge2nasonic7ris2s1tners4s1y3y2ccw3e0t2f0izer5g1h0armacy6d1ilips5one2to0graphy6s4ysio5ics1tet2ures6d1n0g1k2oneer5zza4k1l0ace2y0station9umbing5s3m1n0c2ohl2ker3litie5rn2st3r0america6xi3ess3ime3o0d0uctions8f1gressive8mo2perties3y5tection8u0dential9s1t1ub2w0c2y2qa1pon3uebec3st5racing4dio4e0ad1lestate6tor2y4cipes5d0stone5umbrella9hab3ise0n3t2liance6n0t0als5pair3ort3ublican8st0aurant8view0s5xroth6ich0ardli6oh3l1o1p2o0cks3deo3gers4om3s0vp3u0gby3hr2n2w0e2yukyu6sa0arland6fe0ty4kura4le1on3msclub4ung5ndvik0coromant12ofi4p1rl2s1ve2xo3b0i1s2c0a1b1haeffler7midt4olarships8ol3ule3warz5ience5ot3d1e0arch3t2cure1ity6ek2lect4ner3rvices6ven3w1x0y3fr2g1h0angrila6rp2w2ell3ia1ksha5oes2p0ping5uji3w3i0lk2na1gles5te3j1k0i0n2y0pe4l0ing4m0art3ile4n0cf3o0ccer3ial4ftbank4ware6hu2lar2utions7ng1y2y2pa0ce3ort2t3r0l2s1t0ada2ples4r1tebank4farm7c0group6ockholm6rage3e3ream4udio2y3yle4u0cks3pplies3y2ort5rf1gery5zuki5v1watch4iss4x1y0dney4stems6z2tab1ipei4lk2obao4rget4tamotors6r2too4x0i3c0i2d0k2eam2ch0nology8l1masek5nnis4va3f1g1h0d1eater2re6iaa2ckets5enda4ps2res2ol4j0maxx4x2k0maxx5l1m0all4n1o0day3kyo3ols3p1ray3shiba5tal3urs3wn2yota3s3r0ade1ing4ining5vel0ers0insurance16ust3v2t1ube2i1nes3shu4v0s2w1z2ua1bank3s2g1k1nicom3versity8o2ol2ps2s1y1z2va0cations7na1guard7c1e0gas3ntures6risign5mögensberater2ung14sicherung10t2g1i0ajes4deo3g1king4llas4n1p1rgin4sa1ion4va1o3laanderen9n1odka3lvo3te1ing3o2yage5u2wales2mart4ter4ng0gou5tch0es6eather0channel12bcam3er2site5d0ding5ibo2r3f1hoswho6ien2ki2lliamhill9n0dows4e1ners6me2olterskluwer11odside6rk0s2ld3w2s1tc1f3xbox3erox4finity6ihuan4n2xx2yz3yachts4hoo3maxun5ndex5e1odobashi7ga2kohama6u0tube6t1un3za0ppos4ra3ero3ip2m1one3uerich6w2",gg="ελ1υ2бг1ел3дети4ею2католик6ом3мкд2он1сква6онлайн5рг3рус2ф2сайт3рб3укр3қаз3հայ3ישראל5קום3ابوظبي5رامكو5لاردن4بحرين5جزائر5سعودية6عليان5مغرب5مارات5یران5بارت2زار4يتك3ھارت5تونس4سودان3رية5شبكة4عراق2ب2مان4فلسطين6قطر3كاثوليك6وم3مصر2ليسيا5وريتانيا7قع4همراه5پاکستان7ڀارت4कॉम3नेट3भारत0म्3ोत5संगठन5বাংলা5ভারত2ৰত4ਭਾਰਤ4ભારત4ଭାରତ4இந்தியா6லங்கை6சிங்கப்பூர்11భారత్5ಭಾರತ4ഭാരതം5ලංකා4คอม3ไทย3ລາວ3გე2みんな3アマゾン4クラウド4グーグル4コム2ストア3セール3ファッション6ポイント4世界2中信1国1國1文网3亚马逊3企业2佛山2信息2健康2八卦2公司1益2台湾1灣2商城1店1标2嘉里0大酒店5在线2大拿2天主教3娱乐2家電2广东2微博2慈善2我爱你3手机2招聘2政务1府2新加坡2闻2时尚2書籍2机构2淡马锡3游戏2澳門2点看2移动2组织机构4网址1店1站1络2联通2谷歌2购物2通販2集团2電訊盈科4飞利浦3食品2餐厅2香格里拉3港2닷넷1컴2삼성2한국2",$s=(e,t)=>{for(const s in t)e[s]=t[s];return e},Ko="numeric",Xo="ascii",Jo="alpha",Vn="asciinumeric",qn="alphanumeric",Zo="domain",qc="emoji",vg="scheme",bg="slashscheme",Ca="whitespace";function yg(e,t){return e in t||(t[e]=[]),t[e]}function hs(e,t,s){t[Ko]&&(t[Vn]=!0,t[qn]=!0),t[Xo]&&(t[Vn]=!0,t[Jo]=!0),t[Vn]&&(t[qn]=!0),t[Jo]&&(t[qn]=!0),t[qn]&&(t[Zo]=!0),t[qc]&&(t[Zo]=!0);for(const n in t){const r=yg(n,s);r.indexOf(e)<0&&r.push(e)}}function Eg(e,t){const s={};for(const n in t)t[n].indexOf(e)>=0&&(s[n]=!0);return s}function lt(e){e===void 0&&(e=null),this.j={},this.jr=[],this.jd=null,this.t=e}lt.groups={};lt.prototype={accepts(){return!!this.t},go(e){const t=this,s=t.j[e];if(s)return s;for(let n=0;n<t.jr.length;n++){const r=t.jr[n][0],o=t.jr[n][1];if(o&&r.test(e))return o}return t.jd},has(e,t){return t===void 0&&(t=!1),t?e in this.j:!!this.go(e)},ta(e,t,s,n){for(let r=0;r<e.length;r++)this.tt(e[r],t,s,n)},tr(e,t,s,n){n=n||lt.groups;let r;return t&&t.j?r=t:(r=new lt(t),s&&n&&hs(t,s,n)),this.jr.push([e,r]),r},ts(e,t,s,n){let r=this;const o=e.length;if(!o)return r;for(let i=0;i<o-1;i++)r=r.tt(e[i]);return r.tt(e[o-1],t,s,n)},tt(e,t,s,n){n=n||lt.groups;const r=this;if(t&&t.j)return r.j[e]=t,t;const o=t;let i,a=r.go(e);if(a?(i=new lt,$s(i.j,a.j),i.jr.push.apply(i.jr,a.jr),i.jd=a.jd,i.t=a.t):i=new lt,o){if(n)if(i.t&&typeof i.t=="string"){const l=$s(Eg(i.t,n),s);hs(o,l,n)}else s&&hs(o,s,n);i.t=o}return r.j[e]=i,i}};const be=(e,t,s,n,r)=>e.ta(t,s,n,r),pt=(e,t,s,n,r)=>e.tr(t,s,n,r),Aa=(e,t,s,n,r)=>e.ts(t,s,n,r),ee=(e,t,s,n,r)=>e.tt(t,s,n,r),Dt="WORD",ei="UWORD",bn="LOCALHOST",ti="TLD",si="UTLD",Gn="SCHEME",_s="SLASH_SCHEME",Si="NUM",Dc="WS",Ri="NL",sn="OPENBRACE",nn="CLOSEBRACE",lr="OPENBRACKET",cr="CLOSEBRACKET",ur="OPENPAREN",dr="CLOSEPAREN",hr="OPENANGLEBRACKET",fr="CLOSEANGLEBRACKET",pr="FULLWIDTHLEFTPAREN",mr="FULLWIDTHRIGHTPAREN",gr="LEFTCORNERBRACKET",vr="RIGHTCORNERBRACKET",br="LEFTWHITECORNERBRACKET",yr="RIGHTWHITECORNERBRACKET",Er="FULLWIDTHLESSTHAN",Tr="FULLWIDTHGREATERTHAN",wr="AMPERSAND",_r="APOSTROPHE",Sr="ASTERISK",Yt="AT",Rr="BACKSLASH",Cr="BACKTICK",Ar="CARET",Xt="COLON",Ci="COMMA",kr="DOLLAR",Ct="DOT",Nr="EQUALS",Ai="EXCLAMATION",At="HYPHEN",Or="PERCENT",Ir="PIPE",$r="PLUS",Lr="POUND",qr="QUERY",ki="QUOTE",Ni="SEMI",kt="SLASH",rn="TILDE",Dr="UNDERSCORE",Pc="EMOJI",Pr="SYM";var xc=Object.freeze({__proto__:null,WORD:Dt,UWORD:ei,LOCALHOST:bn,TLD:ti,UTLD:si,SCHEME:Gn,SLASH_SCHEME:_s,NUM:Si,WS:Dc,NL:Ri,OPENBRACE:sn,CLOSEBRACE:nn,OPENBRACKET:lr,CLOSEBRACKET:cr,OPENPAREN:ur,CLOSEPAREN:dr,OPENANGLEBRACKET:hr,CLOSEANGLEBRACKET:fr,FULLWIDTHLEFTPAREN:pr,FULLWIDTHRIGHTPAREN:mr,LEFTCORNERBRACKET:gr,RIGHTCORNERBRACKET:vr,LEFTWHITECORNERBRACKET:br,RIGHTWHITECORNERBRACKET:yr,FULLWIDTHLESSTHAN:Er,FULLWIDTHGREATERTHAN:Tr,AMPERSAND:wr,APOSTROPHE:_r,ASTERISK:Sr,AT:Yt,BACKSLASH:Rr,BACKTICK:Cr,CARET:Ar,COLON:Xt,COMMA:Ci,DOLLAR:kr,DOT:Ct,EQUALS:Nr,EXCLAMATION:Ai,HYPHEN:At,PERCENT:Or,PIPE:Ir,PLUS:$r,POUND:Lr,QUERY:qr,QUOTE:ki,SEMI:Ni,SLASH:kt,TILDE:rn,UNDERSCORE:Dr,EMOJI:Pc,SYM:Pr});const Es=/[a-z]/,Co=new RegExp("\\p{L}","u"),Ao=new RegExp("\\p{Emoji}","u"),ko=/\d/,ka=/\s/,Na=`
`,Tg="️",wg="‍";let Dn=null,Pn=null;function _g(e){e===void 0&&(e=[]);const t={};lt.groups=t;const s=new lt;Dn==null&&(Dn=Oa(mg)),Pn==null&&(Pn=Oa(gg)),ee(s,"'",_r),ee(s,"{",sn),ee(s,"}",nn),ee(s,"[",lr),ee(s,"]",cr),ee(s,"(",ur),ee(s,")",dr),ee(s,"<",hr),ee(s,">",fr),ee(s,"（",pr),ee(s,"）",mr),ee(s,"「",gr),ee(s,"」",vr),ee(s,"『",br),ee(s,"』",yr),ee(s,"＜",Er),ee(s,"＞",Tr),ee(s,"&",wr),ee(s,"*",Sr),ee(s,"@",Yt),ee(s,"`",Cr),ee(s,"^",Ar),ee(s,":",Xt),ee(s,",",Ci),ee(s,"$",kr),ee(s,".",Ct),ee(s,"=",Nr),ee(s,"!",Ai),ee(s,"-",At),ee(s,"%",Or),ee(s,"|",Ir),ee(s,"+",$r),ee(s,"#",Lr),ee(s,"?",qr),ee(s,'"',ki),ee(s,"/",kt),ee(s,";",Ni),ee(s,"~",rn),ee(s,"_",Dr),ee(s,"\\",Rr);const n=pt(s,ko,Si,{[Ko]:!0});pt(n,ko,n);const r=pt(s,Es,Dt,{[Xo]:!0});pt(r,Es,r);const o=pt(s,Co,ei,{[Jo]:!0});pt(o,Es),pt(o,Co,o);const i=pt(s,ka,Dc,{[Ca]:!0});ee(s,Na,Ri,{[Ca]:!0}),ee(i,Na),pt(i,ka,i);const a=pt(s,Ao,Pc,{[qc]:!0});pt(a,Ao,a),ee(a,Tg,a);const l=ee(a,wg);pt(l,Ao,a);const h=[[Es,r]],d=[[Es,null],[Co,o]];for(let p=0;p<Dn.length;p++)Vt(s,Dn[p],ti,Dt,h);for(let p=0;p<Pn.length;p++)Vt(s,Pn[p],si,ei,d);hs(ti,{tld:!0,ascii:!0},t),hs(si,{utld:!0,alpha:!0},t),Vt(s,"file",Gn,Dt,h),Vt(s,"mailto",Gn,Dt,h),Vt(s,"http",_s,Dt,h),Vt(s,"https",_s,Dt,h),Vt(s,"ftp",_s,Dt,h),Vt(s,"ftps",_s,Dt,h),hs(Gn,{scheme:!0,ascii:!0},t),hs(_s,{slashscheme:!0,ascii:!0},t),e=e.sort((p,g)=>p[0]>g[0]?1:-1);for(let p=0;p<e.length;p++){const g=e[p][0],A=e[p][1]?{[vg]:!0}:{[bg]:!0};g.indexOf("-")>=0?A[Zo]=!0:Es.test(g)?ko.test(g)?A[Vn]=!0:A[Xo]=!0:A[Ko]=!0,Aa(s,g,g,A)}return Aa(s,"localhost",bn,{ascii:!0}),s.jd=new lt(Pr),{start:s,tokens:$s({groups:t},xc)}}function Sg(e,t){const s=Rg(t.replace(/[A-Z]/g,a=>a.toLowerCase())),n=s.length,r=[];let o=0,i=0;for(;i<n;){let a=e,l=null,h=0,d=null,p=-1,g=-1;for(;i<n&&(l=a.go(s[i]));)a=l,a.accepts()?(p=0,g=0,d=a):p>=0&&(p+=s[i].length,g++),h+=s[i].length,o+=s[i].length,i++;o-=p,i-=g,h-=p,r.push({t:d.t,v:t.slice(o-h,o),s:o-h,e:o})}return r}function Rg(e){const t=[],s=e.length;let n=0;for(;n<s;){let r=e.charCodeAt(n),o,i=r<55296||r>56319||n+1===s||(o=e.charCodeAt(n+1))<56320||o>57343?e[n]:e.slice(n,n+2);t.push(i),n+=i.length}return t}function Vt(e,t,s,n,r){let o;const i=t.length;for(let a=0;a<i-1;a++){const l=t[a];e.j[l]?o=e.j[l]:(o=new lt(n),o.jr=r.slice(),e.j[l]=o),e=o}return o=new lt(s),o.jr=r.slice(),e.j[t[i-1]]=o,o}function Oa(e){const t=[],s=[];let n=0,r="0123456789";for(;n<e.length;){let o=0;for(;r.indexOf(e[n+o])>=0;)o++;if(o>0){t.push(s.join(""));for(let i=parseInt(e.substring(n,n+o),10);i>0;i--)s.pop();n+=o}else s.push(e[n]),n++}return t}const yn={defaultProtocol:"http",events:null,format:Ia,formatHref:Ia,nl2br:!1,tagName:"a",target:null,rel:null,validate:!0,truncate:1/0,className:null,attributes:null,ignoreTags:[],render:null};function Oi(e,t){t===void 0&&(t=null);let s=$s({},yn);e&&(s=$s(s,e instanceof Oi?e.o:e));const n=s.ignoreTags,r=[];for(let o=0;o<n.length;o++)r.push(n[o].toUpperCase());this.o=s,t&&(this.defaultRender=t),this.ignoreTags=r}Oi.prototype={o:yn,ignoreTags:[],defaultRender(e){return e},check(e){return this.get("validate",e.toString(),e)},get(e,t,s){const n=t!=null;let r=this.o[e];return r&&(typeof r=="object"?(r=s.t in r?r[s.t]:yn[e],typeof r=="function"&&n&&(r=r(t,s))):typeof r=="function"&&n&&(r=r(t,s.t,s)),r)},getObj(e,t,s){let n=this.o[e];return typeof n=="function"&&t!=null&&(n=n(t,s.t,s)),n},render(e){const t=e.render(this);return(this.get("render",null,e)||this.defaultRender)(t,e.t,e)}};function Ia(e){return e}function Mc(e,t){this.t="token",this.v=e,this.tk=t}Mc.prototype={isLink:!1,toString(){return this.v},toHref(e){return this.toString()},toFormattedString(e){const t=this.toString(),s=e.get("truncate",t,this),n=e.get("format",t,this);return s&&n.length>s?n.substring(0,s)+"…":n},toFormattedHref(e){return e.get("formatHref",this.toHref(e.get("defaultProtocol")),this)},startIndex(){return this.tk[0].s},endIndex(){return this.tk[this.tk.length-1].e},toObject(e){return e===void 0&&(e=yn.defaultProtocol),{type:this.t,value:this.toString(),isLink:this.isLink,href:this.toHref(e),start:this.startIndex(),end:this.endIndex()}},toFormattedObject(e){return{type:this.t,value:this.toFormattedString(e),isLink:this.isLink,href:this.toFormattedHref(e),start:this.startIndex(),end:this.endIndex()}},validate(e){return e.get("validate",this.toString(),this)},render(e){const t=this,s=this.toHref(e.get("defaultProtocol")),n=e.get("formatHref",s,this),r=e.get("tagName",s,t),o=this.toFormattedString(e),i={},a=e.get("className",s,t),l=e.get("target",s,t),h=e.get("rel",s,t),d=e.getObj("attributes",s,t),p=e.getObj("events",s,t);return i.href=n,a&&(i.class=a),l&&(i.target=l),h&&(i.rel=h),d&&$s(i,d),{tagName:r,attributes:i,content:o,eventListeners:p}}};function so(e,t){class s extends Mc{constructor(r,o){super(r,o),this.t=e}}for(const n in t)s.prototype[n]=t[n];return s.t=e,s}const $a=so("email",{isLink:!0,toHref(){return"mailto:"+this.toString()}}),La=so("text"),Cg=so("nl"),xn=so("url",{isLink:!0,toHref(e){return e===void 0&&(e=yn.defaultProtocol),this.hasProtocol()?this.v:`${e}://${this.v}`},hasProtocol(){const e=this.tk;return e.length>=2&&e[0].t!==bn&&e[1].t===Xt}}),mt=e=>new lt(e);function Ag(e){let{groups:t}=e;const s=t.domain.concat([wr,Sr,Yt,Rr,Cr,Ar,kr,Nr,At,Si,Or,Ir,$r,Lr,kt,Pr,rn,Dr]),n=[_r,Xt,Ci,Ct,Ai,qr,ki,Ni,hr,fr,sn,nn,cr,lr,ur,dr,pr,mr,gr,vr,br,yr,Er,Tr],r=[wr,_r,Sr,Rr,Cr,Ar,kr,Nr,At,sn,nn,Or,Ir,$r,Lr,qr,kt,Pr,rn,Dr],o=mt(),i=ee(o,rn);be(i,r,i),be(i,t.domain,i);const a=mt(),l=mt(),h=mt();be(o,t.domain,a),be(o,t.scheme,l),be(o,t.slashscheme,h),be(a,r,i),be(a,t.domain,a);const d=ee(a,Yt);ee(i,Yt,d),ee(l,Yt,d),ee(h,Yt,d);const p=ee(i,Ct);be(p,r,i),be(p,t.domain,i);const g=mt();be(d,t.domain,g),be(g,t.domain,g);const y=ee(g,Ct);be(y,t.domain,g);const A=mt($a);be(y,t.tld,A),be(y,t.utld,A),ee(d,bn,A);const k=ee(g,At);be(k,t.domain,g),be(A,t.domain,g),ee(A,Ct,y),ee(A,At,k);const j=ee(A,Xt);be(j,t.numeric,$a);const W=ee(a,At),C=ee(a,Ct);be(W,t.domain,a),be(C,r,i),be(C,t.domain,a);const R=mt(xn);be(C,t.tld,R),be(C,t.utld,R),be(R,t.domain,a),be(R,r,i),ee(R,Ct,C),ee(R,At,W),ee(R,Yt,d);const O=ee(R,Xt),q=mt(xn);be(O,t.numeric,q);const L=mt(xn),Q=mt();be(L,s,L),be(L,n,Q),be(Q,s,L),be(Q,n,Q),ee(R,kt,L),ee(q,kt,L);const oe=ee(l,Xt),P=ee(h,Xt),V=ee(P,kt),F=ee(V,kt);be(l,t.domain,a),ee(l,Ct,C),ee(l,At,W),be(h,t.domain,a),ee(h,Ct,C),ee(h,At,W),be(oe,t.domain,L),ee(oe,kt,L),be(F,t.domain,L),be(F,s,L),ee(F,kt,L);const M=[[sn,nn],[lr,cr],[ur,dr],[hr,fr],[pr,mr],[gr,vr],[br,yr],[Er,Tr]];for(let c=0;c<M.length;c++){const[m,b]=M[c],_=ee(L,m);ee(Q,m,_),ee(_,b,L);const N=mt(xn);be(_,s,N);const I=mt();be(_,n),be(N,s,N),be(N,n,I),be(I,s,N),be(I,n,I),ee(N,b,L),ee(I,b,L)}return ee(o,bn,R),ee(o,Ri,Cg),{start:o,tokens:xc}}function kg(e,t,s){let n=s.length,r=0,o=[],i=[];for(;r<n;){let a=e,l=null,h=null,d=0,p=null,g=-1;for(;r<n&&!(l=a.go(s[r].t));)i.push(s[r++]);for(;r<n&&(h=l||a.go(s[r].t));)l=null,a=h,a.accepts()?(g=0,p=a):g>=0&&g++,r++,d++;if(g<0)r-=d,r<n&&(i.push(s[r]),r++);else{i.length>0&&(o.push(No(La,t,i)),i=[]),r-=g,d-=g;const y=p.t,A=s.slice(r-d,r);o.push(No(y,t,A))}}return i.length>0&&o.push(No(La,t,i)),o}function No(e,t,s){const n=s[0].s,r=s[s.length-1].e,o=t.slice(n,r);return new e(o,s)}const et={scanner:null,parser:null,tokenQueue:[],pluginQueue:[],customSchemes:[],initialized:!1};function Ng(){et.scanner=_g(et.customSchemes);for(let e=0;e<et.tokenQueue.length;e++)et.tokenQueue[e][1]({scanner:et.scanner});et.parser=Ag(et.scanner.tokens);for(let e=0;e<et.pluginQueue.length;e++)et.pluginQueue[e][1]({scanner:et.scanner,parser:et.parser});et.initialized=!0}function Og(e){return et.initialized||Ng(),kg(et.parser.start,e,Sg(et.scanner.start,e))}var Ig={amp:"&",gt:">",lt:"<",nbsp:" ",quot:'"'},$g=/^#[xX]([A-Fa-f0-9]+)$/,Lg=/^#([0-9]+)$/,qg=/^([A-Za-z0-9]+)$/,Dg=function(){function e(t){this.named=t}return e.prototype.parse=function(t){if(t){var s=t.match($g);if(s)return String.fromCharCode(parseInt(s[1],16));if(s=t.match(Lg),s)return String.fromCharCode(parseInt(s[1],10));if(s=t.match(qg),s)return this.named[s[1]]||"&"+s[1]+";"}},e}(),Pg=/[\t\n\f ]/,xg=/[A-Za-z]/,Mg=/\r\n?/g;function Ke(e){return Pg.test(e)}function qa(e){return xg.test(e)}function Ug(e){return e.replace(Mg,`
`)}var Fg=function(){function e(t,s,n){n===void 0&&(n="precompile"),this.delegate=t,this.entityParser=s,this.mode=n,this.state="beforeData",this.line=-1,this.column=-1,this.input="",this.index=-1,this.tagNameBuffer="",this.states={beforeData:function(){var r=this.peek();if(r==="<"&&!this.isIgnoredEndTag())this.transitionTo("tagOpen"),this.markTagStart(),this.consume();else{if(this.mode==="precompile"&&r===`
`){var o=this.tagNameBuffer.toLowerCase();(o==="pre"||o==="textarea")&&this.consume()}this.transitionTo("data"),this.delegate.beginData()}},data:function(){var r=this.peek(),o=this.tagNameBuffer;r==="<"&&!this.isIgnoredEndTag()?(this.delegate.finishData(),this.transitionTo("tagOpen"),this.markTagStart(),this.consume()):r==="&"&&o!=="script"&&o!=="style"?(this.consume(),this.delegate.appendToData(this.consumeCharRef()||"&")):(this.consume(),this.delegate.appendToData(r))},tagOpen:function(){var r=this.consume();r==="!"?this.transitionTo("markupDeclarationOpen"):r==="/"?this.transitionTo("endTagOpen"):(r==="@"||r===":"||qa(r))&&(this.transitionTo("tagName"),this.tagNameBuffer="",this.delegate.beginStartTag(),this.appendToTagName(r))},markupDeclarationOpen:function(){var r=this.consume();if(r==="-"&&this.peek()==="-")this.consume(),this.transitionTo("commentStart"),this.delegate.beginComment();else{var o=r.toUpperCase()+this.input.substring(this.index,this.index+6).toUpperCase();o==="DOCTYPE"&&(this.consume(),this.consume(),this.consume(),this.consume(),this.consume(),this.consume(),this.transitionTo("doctype"),this.delegate.beginDoctype&&this.delegate.beginDoctype())}},doctype:function(){var r=this.consume();Ke(r)&&this.transitionTo("beforeDoctypeName")},beforeDoctypeName:function(){var r=this.consume();Ke(r)||(this.transitionTo("doctypeName"),this.delegate.appendToDoctypeName&&this.delegate.appendToDoctypeName(r.toLowerCase()))},doctypeName:function(){var r=this.consume();Ke(r)?this.transitionTo("afterDoctypeName"):r===">"?(this.delegate.endDoctype&&this.delegate.endDoctype(),this.transitionTo("beforeData")):this.delegate.appendToDoctypeName&&this.delegate.appendToDoctypeName(r.toLowerCase())},afterDoctypeName:function(){var r=this.consume();if(!Ke(r))if(r===">")this.delegate.endDoctype&&this.delegate.endDoctype(),this.transitionTo("beforeData");else{var o=r.toUpperCase()+this.input.substring(this.index,this.index+5).toUpperCase(),i=o.toUpperCase()==="PUBLIC",a=o.toUpperCase()==="SYSTEM";(i||a)&&(this.consume(),this.consume(),this.consume(),this.consume(),this.consume(),this.consume()),i?this.transitionTo("afterDoctypePublicKeyword"):a&&this.transitionTo("afterDoctypeSystemKeyword")}},afterDoctypePublicKeyword:function(){var r=this.peek();Ke(r)?(this.transitionTo("beforeDoctypePublicIdentifier"),this.consume()):r==='"'?(this.transitionTo("doctypePublicIdentifierDoubleQuoted"),this.consume()):r==="'"?(this.transitionTo("doctypePublicIdentifierSingleQuoted"),this.consume()):r===">"&&(this.consume(),this.delegate.endDoctype&&this.delegate.endDoctype(),this.transitionTo("beforeData"))},doctypePublicIdentifierDoubleQuoted:function(){var r=this.consume();r==='"'?this.transitionTo("afterDoctypePublicIdentifier"):r===">"?(this.delegate.endDoctype&&this.delegate.endDoctype(),this.transitionTo("beforeData")):this.delegate.appendToDoctypePublicIdentifier&&this.delegate.appendToDoctypePublicIdentifier(r)},doctypePublicIdentifierSingleQuoted:function(){var r=this.consume();r==="'"?this.transitionTo("afterDoctypePublicIdentifier"):r===">"?(this.delegate.endDoctype&&this.delegate.endDoctype(),this.transitionTo("beforeData")):this.delegate.appendToDoctypePublicIdentifier&&this.delegate.appendToDoctypePublicIdentifier(r)},afterDoctypePublicIdentifier:function(){var r=this.consume();Ke(r)?this.transitionTo("betweenDoctypePublicAndSystemIdentifiers"):r===">"?(this.delegate.endDoctype&&this.delegate.endDoctype(),this.transitionTo("beforeData")):r==='"'?this.transitionTo("doctypeSystemIdentifierDoubleQuoted"):r==="'"&&this.transitionTo("doctypeSystemIdentifierSingleQuoted")},betweenDoctypePublicAndSystemIdentifiers:function(){var r=this.consume();Ke(r)||(r===">"?(this.delegate.endDoctype&&this.delegate.endDoctype(),this.transitionTo("beforeData")):r==='"'?this.transitionTo("doctypeSystemIdentifierDoubleQuoted"):r==="'"&&this.transitionTo("doctypeSystemIdentifierSingleQuoted"))},doctypeSystemIdentifierDoubleQuoted:function(){var r=this.consume();r==='"'?this.transitionTo("afterDoctypeSystemIdentifier"):r===">"?(this.delegate.endDoctype&&this.delegate.endDoctype(),this.transitionTo("beforeData")):this.delegate.appendToDoctypeSystemIdentifier&&this.delegate.appendToDoctypeSystemIdentifier(r)},doctypeSystemIdentifierSingleQuoted:function(){var r=this.consume();r==="'"?this.transitionTo("afterDoctypeSystemIdentifier"):r===">"?(this.delegate.endDoctype&&this.delegate.endDoctype(),this.transitionTo("beforeData")):this.delegate.appendToDoctypeSystemIdentifier&&this.delegate.appendToDoctypeSystemIdentifier(r)},afterDoctypeSystemIdentifier:function(){var r=this.consume();Ke(r)||r===">"&&(this.delegate.endDoctype&&this.delegate.endDoctype(),this.transitionTo("beforeData"))},commentStart:function(){var r=this.consume();r==="-"?this.transitionTo("commentStartDash"):r===">"?(this.delegate.finishComment(),this.transitionTo("beforeData")):(this.delegate.appendToCommentData(r),this.transitionTo("comment"))},commentStartDash:function(){var r=this.consume();r==="-"?this.transitionTo("commentEnd"):r===">"?(this.delegate.finishComment(),this.transitionTo("beforeData")):(this.delegate.appendToCommentData("-"),this.transitionTo("comment"))},comment:function(){var r=this.consume();r==="-"?this.transitionTo("commentEndDash"):this.delegate.appendToCommentData(r)},commentEndDash:function(){var r=this.consume();r==="-"?this.transitionTo("commentEnd"):(this.delegate.appendToCommentData("-"+r),this.transitionTo("comment"))},commentEnd:function(){var r=this.consume();r===">"?(this.delegate.finishComment(),this.transitionTo("beforeData")):(this.delegate.appendToCommentData("--"+r),this.transitionTo("comment"))},tagName:function(){var r=this.consume();Ke(r)?this.transitionTo("beforeAttributeName"):r==="/"?this.transitionTo("selfClosingStartTag"):r===">"?(this.delegate.finishTag(),this.transitionTo("beforeData")):this.appendToTagName(r)},endTagName:function(){var r=this.consume();Ke(r)?(this.transitionTo("beforeAttributeName"),this.tagNameBuffer=""):r==="/"?(this.transitionTo("selfClosingStartTag"),this.tagNameBuffer=""):r===">"?(this.delegate.finishTag(),this.transitionTo("beforeData"),this.tagNameBuffer=""):this.appendToTagName(r)},beforeAttributeName:function(){var r=this.peek();if(Ke(r)){this.consume();return}else r==="/"?(this.transitionTo("selfClosingStartTag"),this.consume()):r===">"?(this.consume(),this.delegate.finishTag(),this.transitionTo("beforeData")):r==="="?(this.delegate.reportSyntaxError("attribute name cannot start with equals sign"),this.transitionTo("attributeName"),this.delegate.beginAttribute(),this.consume(),this.delegate.appendToAttributeName(r)):(this.transitionTo("attributeName"),this.delegate.beginAttribute())},attributeName:function(){var r=this.peek();Ke(r)?(this.transitionTo("afterAttributeName"),this.consume()):r==="/"?(this.delegate.beginAttributeValue(!1),this.delegate.finishAttributeValue(),this.consume(),this.transitionTo("selfClosingStartTag")):r==="="?(this.transitionTo("beforeAttributeValue"),this.consume()):r===">"?(this.delegate.beginAttributeValue(!1),this.delegate.finishAttributeValue(),this.consume(),this.delegate.finishTag(),this.transitionTo("beforeData")):r==='"'||r==="'"||r==="<"?(this.delegate.reportSyntaxError(r+" is not a valid character within attribute names"),this.consume(),this.delegate.appendToAttributeName(r)):(this.consume(),this.delegate.appendToAttributeName(r))},afterAttributeName:function(){var r=this.peek();if(Ke(r)){this.consume();return}else r==="/"?(this.delegate.beginAttributeValue(!1),this.delegate.finishAttributeValue(),this.consume(),this.transitionTo("selfClosingStartTag")):r==="="?(this.consume(),this.transitionTo("beforeAttributeValue")):r===">"?(this.delegate.beginAttributeValue(!1),this.delegate.finishAttributeValue(),this.consume(),this.delegate.finishTag(),this.transitionTo("beforeData")):(this.delegate.beginAttributeValue(!1),this.delegate.finishAttributeValue(),this.transitionTo("attributeName"),this.delegate.beginAttribute(),this.consume(),this.delegate.appendToAttributeName(r))},beforeAttributeValue:function(){var r=this.peek();Ke(r)?this.consume():r==='"'?(this.transitionTo("attributeValueDoubleQuoted"),this.delegate.beginAttributeValue(!0),this.consume()):r==="'"?(this.transitionTo("attributeValueSingleQuoted"),this.delegate.beginAttributeValue(!0),this.consume()):r===">"?(this.delegate.beginAttributeValue(!1),this.delegate.finishAttributeValue(),this.consume(),this.delegate.finishTag(),this.transitionTo("beforeData")):(this.transitionTo("attributeValueUnquoted"),this.delegate.beginAttributeValue(!1),this.consume(),this.delegate.appendToAttributeValue(r))},attributeValueDoubleQuoted:function(){var r=this.consume();r==='"'?(this.delegate.finishAttributeValue(),this.transitionTo("afterAttributeValueQuoted")):r==="&"?this.delegate.appendToAttributeValue(this.consumeCharRef()||"&"):this.delegate.appendToAttributeValue(r)},attributeValueSingleQuoted:function(){var r=this.consume();r==="'"?(this.delegate.finishAttributeValue(),this.transitionTo("afterAttributeValueQuoted")):r==="&"?this.delegate.appendToAttributeValue(this.consumeCharRef()||"&"):this.delegate.appendToAttributeValue(r)},attributeValueUnquoted:function(){var r=this.peek();Ke(r)?(this.delegate.finishAttributeValue(),this.consume(),this.transitionTo("beforeAttributeName")):r==="/"?(this.delegate.finishAttributeValue(),this.consume(),this.transitionTo("selfClosingStartTag")):r==="&"?(this.consume(),this.delegate.appendToAttributeValue(this.consumeCharRef()||"&")):r===">"?(this.delegate.finishAttributeValue(),this.consume(),this.delegate.finishTag(),this.transitionTo("beforeData")):(this.consume(),this.delegate.appendToAttributeValue(r))},afterAttributeValueQuoted:function(){var r=this.peek();Ke(r)?(this.consume(),this.transitionTo("beforeAttributeName")):r==="/"?(this.consume(),this.transitionTo("selfClosingStartTag")):r===">"?(this.consume(),this.delegate.finishTag(),this.transitionTo("beforeData")):this.transitionTo("beforeAttributeName")},selfClosingStartTag:function(){var r=this.peek();r===">"?(this.consume(),this.delegate.markTagAsSelfClosing(),this.delegate.finishTag(),this.transitionTo("beforeData")):this.transitionTo("beforeAttributeName")},endTagOpen:function(){var r=this.consume();(r==="@"||r===":"||qa(r))&&(this.transitionTo("endTagName"),this.tagNameBuffer="",this.delegate.beginEndTag(),this.appendToTagName(r))}},this.reset()}return e.prototype.reset=function(){this.transitionTo("beforeData"),this.input="",this.tagNameBuffer="",this.index=0,this.line=1,this.column=0,this.delegate.reset()},e.prototype.transitionTo=function(t){this.state=t},e.prototype.tokenize=function(t){this.reset(),this.tokenizePart(t),this.tokenizeEOF()},e.prototype.tokenizePart=function(t){for(this.input+=Ug(t);this.index<this.input.length;){var s=this.states[this.state];if(s!==void 0)s.call(this);else throw new Error("unhandled state "+this.state)}},e.prototype.tokenizeEOF=function(){this.flushData()},e.prototype.flushData=function(){this.state==="data"&&(this.delegate.finishData(),this.transitionTo("beforeData"))},e.prototype.peek=function(){return this.input.charAt(this.index)},e.prototype.consume=function(){var t=this.peek();return this.index++,t===`
`?(this.line++,this.column=0):this.column++,t},e.prototype.consumeCharRef=function(){var t=this.input.indexOf(";",this.index);if(t!==-1){var s=this.input.slice(this.index,t),n=this.entityParser.parse(s);if(n){for(var r=s.length;r;)this.consume(),r--;return this.consume(),n}}},e.prototype.markTagStart=function(){this.delegate.tagOpen()},e.prototype.appendToTagName=function(t){this.tagNameBuffer+=t,this.delegate.appendToTagName(t)},e.prototype.isIgnoredEndTag=function(){var t=this.tagNameBuffer;return t==="title"&&this.input.substring(this.index,this.index+8)!=="</title>"||t==="style"&&this.input.substring(this.index,this.index+8)!=="</style>"||t==="script"&&this.input.substring(this.index,this.index+9)!=="<\/script>"},e}(),Hg=function(){function e(t,s){s===void 0&&(s={}),this.options=s,this.token=null,this.startLine=1,this.startColumn=0,this.tokens=[],this.tokenizer=new Fg(this,t,s.mode),this._currentAttribute=void 0}return e.prototype.tokenize=function(t){return this.tokens=[],this.tokenizer.tokenize(t),this.tokens},e.prototype.tokenizePart=function(t){return this.tokens=[],this.tokenizer.tokenizePart(t),this.tokens},e.prototype.tokenizeEOF=function(){return this.tokens=[],this.tokenizer.tokenizeEOF(),this.tokens[0]},e.prototype.reset=function(){this.token=null,this.startLine=1,this.startColumn=0},e.prototype.current=function(){var t=this.token;if(t===null)throw new Error("token was unexpectedly null");if(arguments.length===0)return t;for(var s=0;s<arguments.length;s++)if(t.type===arguments[s])return t;throw new Error("token type was unexpectedly "+t.type)},e.prototype.push=function(t){this.token=t,this.tokens.push(t)},e.prototype.currentAttribute=function(){return this._currentAttribute},e.prototype.addLocInfo=function(){this.options.loc&&(this.current().loc={start:{line:this.startLine,column:this.startColumn},end:{line:this.tokenizer.line,column:this.tokenizer.column}}),this.startLine=this.tokenizer.line,this.startColumn=this.tokenizer.column},e.prototype.beginDoctype=function(){this.push({type:"Doctype",name:""})},e.prototype.appendToDoctypeName=function(t){this.current("Doctype").name+=t},e.prototype.appendToDoctypePublicIdentifier=function(t){var s=this.current("Doctype");s.publicIdentifier===void 0?s.publicIdentifier=t:s.publicIdentifier+=t},e.prototype.appendToDoctypeSystemIdentifier=function(t){var s=this.current("Doctype");s.systemIdentifier===void 0?s.systemIdentifier=t:s.systemIdentifier+=t},e.prototype.endDoctype=function(){this.addLocInfo()},e.prototype.beginData=function(){this.push({type:"Chars",chars:""})},e.prototype.appendToData=function(t){this.current("Chars").chars+=t},e.prototype.finishData=function(){this.addLocInfo()},e.prototype.beginComment=function(){this.push({type:"Comment",chars:""})},e.prototype.appendToCommentData=function(t){this.current("Comment").chars+=t},e.prototype.finishComment=function(){this.addLocInfo()},e.prototype.tagOpen=function(){},e.prototype.beginStartTag=function(){this.push({type:"StartTag",tagName:"",attributes:[],selfClosing:!1})},e.prototype.beginEndTag=function(){this.push({type:"EndTag",tagName:""})},e.prototype.finishTag=function(){this.addLocInfo()},e.prototype.markTagAsSelfClosing=function(){this.current("StartTag").selfClosing=!0},e.prototype.appendToTagName=function(t){this.current("StartTag","EndTag").tagName+=t},e.prototype.beginAttribute=function(){this._currentAttribute=["","",!1]},e.prototype.appendToAttributeName=function(t){this.currentAttribute()[0]+=t},e.prototype.beginAttributeValue=function(t){this.currentAttribute()[2]=t},e.prototype.appendToAttributeValue=function(t){this.currentAttribute()[1]+=t},e.prototype.finishAttributeValue=function(){this.current("StartTag").attributes.push(this._currentAttribute)},e.prototype.reportSyntaxError=function(t){this.current().syntaxError=t},e}();function Bg(e,t){var s=new Hg(new Dg(Ig),t);return s.tokenize(e)}const Uc="LinkifyResult",xr="StartTag",Fc="EndTag",ni="Chars",jg="Comment",Vg="Doctype";function Gg(e,t){t===void 0&&(t={});const s=Bg(e),n=[],r=[],o=new Oi(t,Qg);for(let i=0;i<s.length;i++){const a=s[i];if(a.type===xr){n.push(a);const l=a.tagName.toUpperCase();if(!(l==="A"||o.ignoreTags.indexOf(l)>=0))continue;let d=n.length;zg(l,s,++i,n),i+=n.length-d-1}else if(a.type!==ni)n.push(a);else{const l=Wg(a.chars,o);n.push.apply(n,l)}}for(let i=0;i<n.length;i++){const a=n[i];switch(a.type){case Uc:r.push(a.rendered);break;case xr:{let l="<"+a.tagName;a.attributes.length>0&&(l+=" "+Kg(a.attributes).join(" ")),a.selfClosing&&(l+=" /"),l+=">",r.push(l);break}case Fc:r.push(`</${a.tagName}>`);break;case ni:r.push(ri(a.chars));break;case jg:r.push(`<!--${ri(a.chars)}-->`);break;case Vg:{let l=`<!DOCTYPE ${a.name}`;a.publicIdentifier&&(l+=` PUBLIC "${a.publicIdentifier}"`),a.systemIdentifier&&(l+=` "${a.systemIdentifier}"`),l+=">",r.push(l);break}}}return r.join("")}function Wg(e,t){const s=Og(e),n=[];for(let r=0;r<s.length;r++){const o=s[r];o.t==="nl"&&t.get("nl2br")?n.push({type:xr,tagName:"br",attributes:[],selfClosing:!0}):!o.isLink||!t.check(o)?n.push({type:ni,chars:o.toString()}):n.push({type:Uc,rendered:t.render(o)})}return n}function zg(e,t,s,n){let r=1;for(;s<t.length&&r>0;){let o=t[s];o.type===xr&&o.tagName.toUpperCase()===e?r++:o.type===Fc&&o.tagName.toUpperCase()===e&&r--,n.push(o),s++}return n}function Qg(e){let{tagName:t,attributes:s,content:n}=e;return`<${t} ${Yg(s)}>${ri(n)}</${t}>`}function ri(e){return e.replace(/</g,"&lt;").replace(/>/g,"&gt;")}function Hc(e){return e.replace(/"/g,"&quot;")}function Yg(e){const t=[];for(const s in e){const n=e[s]+"";t.push(`${s}="${Hc(n)}"`)}return t.join(" ")}function Kg(e){const t=[];for(let s=0;s<e.length;s++){const n=e[s][0],r=e[s][1]+"";t.push(`${n}="${Hc(r)}"`)}return t}const Xg={name:"PrettyPrint",props:["data","expanded","linkify"],data:()=>({hasLongText:!1,showFullText:!1}),methods:{render(){let e=this.data,t=document.createElement("div");if(e===!0)t.innerHTML="<i>true</i>";else if(e===!1)t.innerHTML="<i>false</i>";else if(e===void 0)t.innerHTML="<i>undefined</i>";else if(e===null)t.innerHTML="<i>null</i>";else if(typeof e=="number")t.innerText=e;else try{t.append(new pg(e).generateHtml())}catch{this.hasLongText=e.length>1e3,t.innerText=this.hasLongText&&!this.showFullText?e.substring(0,1e3)+"...":e,this.linkify&&(t.innerHTML=Gg(t.innerHTML,{target:(n,r)=>r==="url"&&"_blank"}))}this.$refs.content.firstChild&&this.$refs.content.firstChild.remove(),this.$refs.content.append(t),this.expanded&&this.$refs.content.querySelector(".pretty-jason > li > span").click()}},mounted(){this.render()},watch:{data(){this.render()},showFullText(){this.render()}}},Jg={ref:"content"};function Zg(e,t,s,n,r,o){return f(),v(B,null,[u("div",Jg,null,512),e.hasLongText&&!e.showFullText?(f(),v("a",{key:0,onClick:t[0]||(t[0]=ge(i=>e.showFullText=!0,["prevent"])),class:"pretty-print-more-link",href:"#"},"Show more")):E("",!0)],64)}const Qe=he(Xg,[["render",Zg]]),ev={name:"DetailsTable",components:{DetailsTableFilterToggle:_i,PrettyPrint:Qe},props:{badge:{},columns:{},filter:{},filterExample:{},icon:{default:"menu"},items:{},noHeader:{},noTableHead:{},perPage:{default:50},title:{}},data:()=>({firstShown:0}),computed:{filteredItems(){return this.filter?this.filter.filter(this.items):this.items},shownItems(){return this.firstShown>this.filteredItems.length&&(this.firstShown=Math.max(this.filteredItems.length-this.perPage,0)),this.filteredItems.slice(this.firstShown,this.firstShown+this.perPage)},hasPreviousItems(){return this.firstShown>0},previousItemsCount(){return this.firstShown},hasNextItems(){return this.firstShown+this.perPage<this.filteredItems.length},nextItemsCount(){return this.filteredItems.length-this.perPage-this.firstShown}},methods:{showPreviousItems(){this.firstShown-=this.perPage},showNextItems(){this.firstShown+=this.perPage;let e=this.$el.parentElement;for(;e&&e.scrollTop==0;)e=e.parentElement;let t=this.$el.offsetTop-e.offsetTop-5;e&&e.scrollTop>t&&(e.scrollTop=t)}},watch:{filteredItems(){this.firstShown=0}}},tv={class:"details-table"},sv={key:0,class:"table-header"},nv={class:"header-title"},rv={key:0,class:"title-badge"},ov={class:"header-group"},iv={key:0,class:"header-search"},av={class:"table-content"},lv={key:0},cv=["onClick"],uv={key:0,class:"pagination-controls"},dv=["colspan"],hv={key:1,class:"pagination-controls"},fv=["colspan"];function pv(e,t,s,n,r,o){const i=$("icon");return f(),v("div",tv,[s.noHeader?E("",!0):(f(),v("div",sv,[u("div",nv,[D(i,{name:s.icon},null,8,["name"]),z(" "+T(s.title)+" ",1),s.badge?(f(),v("span",rv,T(s.badge),1)):E("",!0)]),$t(e.$slots,"toolbar",{filter:s.filter},()=>[u("div",ov,[s.filter?(f(),v("div",iv,[Oe(u("input",{type:"search","onUpdate:modelValue":t[0]||(t[0]=a=>s.filter.input=a),placeholder:"Search..."},null,512),[[gt,s.filter.input]]),D(i,{name:"search"})])):E("",!0)])])])),u("div",av,[u("table",null,[u("thead",null,[s.noTableHead?E("",!0):(f(),v("tr",lv,[$t(e.$slots,"header",{filter:s.filter},()=>[(f(!0),v(B,null,le(s.columns,(a,l)=>(f(),v("th",{onClick:h=>s.filter.sortBy(a.sortBy||a.toLowerCase()),class:te(a.class)},[z(T(a.name||a)+" ",1),s.filter.sortedBy==(a.sortBy||a.toLowerCase())?(f(),J(i,{key:0,name:s.filter.sortedDesc?"chevron-down":"chevron-up"},null,8,["name"])):E("",!0)],10,cv))),256))])]))]),u("tbody",null,[o.hasPreviousItems?(f(),v("tr",uv,[u("td",{colspan:s.columns.length},[u("a",{href:"#",onClick:t[1]||(t[1]=(...a)=>o.showPreviousItems&&o.showPreviousItems(...a))},"Show "+T(o.previousItemsCount)+" previous",1)],8,dv)])):E("",!0),$t(e.$slots,"body",{items:o.shownItems}),o.hasNextItems?(f(),v("tr",hv,[u("td",{colspan:s.columns.length},[u("a",{href:"#",onClick:t[2]||(t[2]=(...a)=>o.showNextItems&&o.showNextItems(...a))},"Show "+T(o.nextItemsCount)+" more",1)],8,fv)])):E("",!0)])])])])}const He=he(ev,[["render",pv]]),Bc=6048e5,mv=864e5,jc=6e4,Vc=36e5,Da=Symbol.for("constructDateFrom");function Ht(e,t){return typeof e=="function"?e(t):e&&typeof e=="object"&&Da in e?e[Da](t):e instanceof Date?new e.constructor(t):new Date(t)}function Me(e,t){return Ht(t||e,e)}let gv={};function no(){return gv}function En(e,t){var a,l,h,d;const s=no(),n=(t==null?void 0:t.weekStartsOn)??((l=(a=t==null?void 0:t.locale)==null?void 0:a.options)==null?void 0:l.weekStartsOn)??s.weekStartsOn??((d=(h=s.locale)==null?void 0:h.options)==null?void 0:d.weekStartsOn)??0,r=Me(e,t==null?void 0:t.in),o=r.getDay(),i=(o<n?7:0)+o-n;return r.setDate(r.getDate()-i),r.setHours(0,0,0,0),r}function Mr(e,t){return En(e,{...t,weekStartsOn:1})}function Gc(e,t){const s=Me(e,t==null?void 0:t.in),n=s.getFullYear(),r=Ht(s,0);r.setFullYear(n+1,0,4),r.setHours(0,0,0,0);const o=Mr(r),i=Ht(s,0);i.setFullYear(n,0,4),i.setHours(0,0,0,0);const a=Mr(i);return s.getTime()>=o.getTime()?n+1:s.getTime()>=a.getTime()?n:n-1}function Pa(e){const t=Me(e),s=new Date(Date.UTC(t.getFullYear(),t.getMonth(),t.getDate(),t.getHours(),t.getMinutes(),t.getSeconds(),t.getMilliseconds()));return s.setUTCFullYear(t.getFullYear()),+e-+s}function vv(e,...t){const s=Ht.bind(null,t.find(n=>typeof n=="object"));return t.map(s)}function xa(e,t){const s=Me(e,t==null?void 0:t.in);return s.setHours(0,0,0,0),s}function bv(e,t,s){const[n,r]=vv(s==null?void 0:s.in,e,t),o=xa(n),i=xa(r),a=+o-Pa(o),l=+i-Pa(i);return Math.round((a-l)/mv)}function yv(e,t){const s=Gc(e,t),n=Ht(e,0);return n.setFullYear(s,0,4),n.setHours(0,0,0,0),Mr(n)}function Ev(e){return e instanceof Date||typeof e=="object"&&Object.prototype.toString.call(e)==="[object Date]"}function Tv(e){return!(!Ev(e)&&typeof e!="number"||isNaN(+Me(e)))}function wv(e,t){const s=Me(e,t==null?void 0:t.in);return s.setFullYear(s.getFullYear(),0,1),s.setHours(0,0,0,0),s}const _v={lessThanXSeconds:{one:"less than a second",other:"less than {{count}} seconds"},xSeconds:{one:"1 second",other:"{{count}} seconds"},halfAMinute:"half a minute",lessThanXMinutes:{one:"less than a minute",other:"less than {{count}} minutes"},xMinutes:{one:"1 minute",other:"{{count}} minutes"},aboutXHours:{one:"about 1 hour",other:"about {{count}} hours"},xHours:{one:"1 hour",other:"{{count}} hours"},xDays:{one:"1 day",other:"{{count}} days"},aboutXWeeks:{one:"about 1 week",other:"about {{count}} weeks"},xWeeks:{one:"1 week",other:"{{count}} weeks"},aboutXMonths:{one:"about 1 month",other:"about {{count}} months"},xMonths:{one:"1 month",other:"{{count}} months"},aboutXYears:{one:"about 1 year",other:"about {{count}} years"},xYears:{one:"1 year",other:"{{count}} years"},overXYears:{one:"over 1 year",other:"over {{count}} years"},almostXYears:{one:"almost 1 year",other:"almost {{count}} years"}},Sv=(e,t,s)=>{let n;const r=_v[e];return typeof r=="string"?n=r:t===1?n=r.one:n=r.other.replace("{{count}}",t.toString()),s!=null&&s.addSuffix?s.comparison&&s.comparison>0?"in "+n:n+" ago":n};function Oo(e){return(t={})=>{const s=t.width?String(t.width):e.defaultWidth;return e.formats[s]||e.formats[e.defaultWidth]}}const Rv={full:"EEEE, MMMM do, y",long:"MMMM do, y",medium:"MMM d, y",short:"MM/dd/yyyy"},Cv={full:"h:mm:ss a zzzz",long:"h:mm:ss a z",medium:"h:mm:ss a",short:"h:mm a"},Av={full:"{{date}} 'at' {{time}}",long:"{{date}} 'at' {{time}}",medium:"{{date}}, {{time}}",short:"{{date}}, {{time}}"},kv={date:Oo({formats:Rv,defaultWidth:"full"}),time:Oo({formats:Cv,defaultWidth:"full"}),dateTime:Oo({formats:Av,defaultWidth:"full"})},Nv={lastWeek:"'last' eeee 'at' p",yesterday:"'yesterday at' p",today:"'today at' p",tomorrow:"'tomorrow at' p",nextWeek:"eeee 'at' p",other:"P"},Ov=(e,t,s,n)=>Nv[e];function Bs(e){return(t,s)=>{const n=s!=null&&s.context?String(s.context):"standalone";let r;if(n==="formatting"&&e.formattingValues){const i=e.defaultFormattingWidth||e.defaultWidth,a=s!=null&&s.width?String(s.width):i;r=e.formattingValues[a]||e.formattingValues[i]}else{const i=e.defaultWidth,a=s!=null&&s.width?String(s.width):e.defaultWidth;r=e.values[a]||e.values[i]}const o=e.argumentCallback?e.argumentCallback(t):t;return r[o]}}const Iv={narrow:["B","A"],abbreviated:["BC","AD"],wide:["Before Christ","Anno Domini"]},$v={narrow:["1","2","3","4"],abbreviated:["Q1","Q2","Q3","Q4"],wide:["1st quarter","2nd quarter","3rd quarter","4th quarter"]},Lv={narrow:["J","F","M","A","M","J","J","A","S","O","N","D"],abbreviated:["Jan","Feb","Mar","Apr","May","Jun","Jul","Aug","Sep","Oct","Nov","Dec"],wide:["January","February","March","April","May","June","July","August","September","October","November","December"]},qv={narrow:["S","M","T","W","T","F","S"],short:["Su","Mo","Tu","We","Th","Fr","Sa"],abbreviated:["Sun","Mon","Tue","Wed","Thu","Fri","Sat"],wide:["Sunday","Monday","Tuesday","Wednesday","Thursday","Friday","Saturday"]},Dv={narrow:{am:"a",pm:"p",midnight:"mi",noon:"n",morning:"morning",afternoon:"afternoon",evening:"evening",night:"night"},abbreviated:{am:"AM",pm:"PM",midnight:"midnight",noon:"noon",morning:"morning",afternoon:"afternoon",evening:"evening",night:"night"},wide:{am:"a.m.",pm:"p.m.",midnight:"midnight",noon:"noon",morning:"morning",afternoon:"afternoon",evening:"evening",night:"night"}},Pv={narrow:{am:"a",pm:"p",midnight:"mi",noon:"n",morning:"in the morning",afternoon:"in the afternoon",evening:"in the evening",night:"at night"},abbreviated:{am:"AM",pm:"PM",midnight:"midnight",noon:"noon",morning:"in the morning",afternoon:"in the afternoon",evening:"in the evening",night:"at night"},wide:{am:"a.m.",pm:"p.m.",midnight:"midnight",noon:"noon",morning:"in the morning",afternoon:"in the afternoon",evening:"in the evening",night:"at night"}},xv=(e,t)=>{const s=Number(e),n=s%100;if(n>20||n<10)switch(n%10){case 1:return s+"st";case 2:return s+"nd";case 3:return s+"rd"}return s+"th"},Mv={ordinalNumber:xv,era:Bs({values:Iv,defaultWidth:"wide"}),quarter:Bs({values:$v,defaultWidth:"wide",argumentCallback:e=>e-1}),month:Bs({values:Lv,defaultWidth:"wide"}),day:Bs({values:qv,defaultWidth:"wide"}),dayPeriod:Bs({values:Dv,defaultWidth:"wide",formattingValues:Pv,defaultFormattingWidth:"wide"})};function js(e){return(t,s={})=>{const n=s.width,r=n&&e.matchPatterns[n]||e.matchPatterns[e.defaultMatchWidth],o=t.match(r);if(!o)return null;const i=o[0],a=n&&e.parsePatterns[n]||e.parsePatterns[e.defaultParseWidth],l=Array.isArray(a)?Fv(a,p=>p.test(i)):Uv(a,p=>p.test(i));let h;h=e.valueCallback?e.valueCallback(l):l,h=s.valueCallback?s.valueCallback(h):h;const d=t.slice(i.length);return{value:h,rest:d}}}function Uv(e,t){for(const s in e)if(Object.prototype.hasOwnProperty.call(e,s)&&t(e[s]))return s}function Fv(e,t){for(let s=0;s<e.length;s++)if(t(e[s]))return s}function Hv(e){return(t,s={})=>{const n=t.match(e.matchPattern);if(!n)return null;const r=n[0],o=t.match(e.parsePattern);if(!o)return null;let i=e.valueCallback?e.valueCallback(o[0]):o[0];i=s.valueCallback?s.valueCallback(i):i;const a=t.slice(r.length);return{value:i,rest:a}}}const Bv=/^(\d+)(th|st|nd|rd)?/i,jv=/\d+/i,Vv={narrow:/^(b|a)/i,abbreviated:/^(b\.?\s?c\.?|b\.?\s?c\.?\s?e\.?|a\.?\s?d\.?|c\.?\s?e\.?)/i,wide:/^(before christ|before common era|anno domini|common era)/i},Gv={any:[/^b/i,/^(a|c)/i]},Wv={narrow:/^[1234]/i,abbreviated:/^q[1234]/i,wide:/^[1234](th|st|nd|rd)? quarter/i},zv={any:[/1/i,/2/i,/3/i,/4/i]},Qv={narrow:/^[jfmasond]/i,abbreviated:/^(jan|feb|mar|apr|may|jun|jul|aug|sep|oct|nov|dec)/i,wide:/^(january|february|march|april|may|june|july|august|september|october|november|december)/i},Yv={narrow:[/^j/i,/^f/i,/^m/i,/^a/i,/^m/i,/^j/i,/^j/i,/^a/i,/^s/i,/^o/i,/^n/i,/^d/i],any:[/^ja/i,/^f/i,/^mar/i,/^ap/i,/^may/i,/^jun/i,/^jul/i,/^au/i,/^s/i,/^o/i,/^n/i,/^d/i]},Kv={narrow:/^[smtwf]/i,short:/^(su|mo|tu|we|th|fr|sa)/i,abbreviated:/^(sun|mon|tue|wed|thu|fri|sat)/i,wide:/^(sunday|monday|tuesday|wednesday|thursday|friday|saturday)/i},Xv={narrow:[/^s/i,/^m/i,/^t/i,/^w/i,/^t/i,/^f/i,/^s/i],any:[/^su/i,/^m/i,/^tu/i,/^w/i,/^th/i,/^f/i,/^sa/i]},Jv={narrow:/^(a|p|mi|n|(in the|at) (morning|afternoon|evening|night))/i,any:/^([ap]\.?\s?m\.?|midnight|noon|(in the|at) (morning|afternoon|evening|night))/i},Zv={any:{am:/^a/i,pm:/^p/i,midnight:/^mi/i,noon:/^no/i,morning:/morning/i,afternoon:/afternoon/i,evening:/evening/i,night:/night/i}},eb={ordinalNumber:Hv({matchPattern:Bv,parsePattern:jv,valueCallback:e=>parseInt(e,10)}),era:js({matchPatterns:Vv,defaultMatchWidth:"wide",parsePatterns:Gv,defaultParseWidth:"any"}),quarter:js({matchPatterns:Wv,defaultMatchWidth:"wide",parsePatterns:zv,defaultParseWidth:"any",valueCallback:e=>e+1}),month:js({matchPatterns:Qv,defaultMatchWidth:"wide",parsePatterns:Yv,defaultParseWidth:"any"}),day:js({matchPatterns:Kv,defaultMatchWidth:"wide",parsePatterns:Xv,defaultParseWidth:"any"}),dayPeriod:js({matchPatterns:Jv,defaultMatchWidth:"any",parsePatterns:Zv,defaultParseWidth:"any"})},tb={code:"en-US",formatDistance:Sv,formatLong:kv,formatRelative:Ov,localize:Mv,match:eb,options:{weekStartsOn:0,firstWeekContainsDate:1}};function sb(e,t){const s=Me(e,t==null?void 0:t.in);return bv(s,wv(s))+1}function nb(e,t){const s=Me(e,t==null?void 0:t.in),n=+Mr(s)-+yv(s);return Math.round(n/Bc)+1}function Wc(e,t){var d,p,g,y;const s=Me(e,t==null?void 0:t.in),n=s.getFullYear(),r=no(),o=(t==null?void 0:t.firstWeekContainsDate)??((p=(d=t==null?void 0:t.locale)==null?void 0:d.options)==null?void 0:p.firstWeekContainsDate)??r.firstWeekContainsDate??((y=(g=r.locale)==null?void 0:g.options)==null?void 0:y.firstWeekContainsDate)??1,i=Ht((t==null?void 0:t.in)||e,0);i.setFullYear(n+1,0,o),i.setHours(0,0,0,0);const a=En(i,t),l=Ht((t==null?void 0:t.in)||e,0);l.setFullYear(n,0,o),l.setHours(0,0,0,0);const h=En(l,t);return+s>=+a?n+1:+s>=+h?n:n-1}function rb(e,t){var a,l,h,d;const s=no(),n=(t==null?void 0:t.firstWeekContainsDate)??((l=(a=t==null?void 0:t.locale)==null?void 0:a.options)==null?void 0:l.firstWeekContainsDate)??s.firstWeekContainsDate??((d=(h=s.locale)==null?void 0:h.options)==null?void 0:d.firstWeekContainsDate)??1,r=Wc(e,t),o=Ht((t==null?void 0:t.in)||e,0);return o.setFullYear(r,0,n),o.setHours(0,0,0,0),En(o,t)}function ob(e,t){const s=Me(e,t==null?void 0:t.in),n=+En(s,t)-+rb(s,t);return Math.round(n/Bc)+1}function Ae(e,t){const s=e<0?"-":"",n=Math.abs(e).toString().padStart(t,"0");return s+n}const Gt={y(e,t){const s=e.getFullYear(),n=s>0?s:1-s;return Ae(t==="yy"?n%100:n,t.length)},M(e,t){const s=e.getMonth();return t==="M"?String(s+1):Ae(s+1,2)},d(e,t){return Ae(e.getDate(),t.length)},a(e,t){const s=e.getHours()/12>=1?"pm":"am";switch(t){case"a":case"aa":return s.toUpperCase();case"aaa":return s;case"aaaaa":return s[0];case"aaaa":default:return s==="am"?"a.m.":"p.m."}},h(e,t){return Ae(e.getHours()%12||12,t.length)},H(e,t){return Ae(e.getHours(),t.length)},m(e,t){return Ae(e.getMinutes(),t.length)},s(e,t){return Ae(e.getSeconds(),t.length)},S(e,t){const s=t.length,n=e.getMilliseconds(),r=Math.trunc(n*Math.pow(10,s-3));return Ae(r,t.length)}},Ts={am:"am",pm:"pm",midnight:"midnight",noon:"noon",morning:"morning",afternoon:"afternoon",evening:"evening",night:"night"},Ma={G:function(e,t,s){const n=e.getFullYear()>0?1:0;switch(t){case"G":case"GG":case"GGG":return s.era(n,{width:"abbreviated"});case"GGGGG":return s.era(n,{width:"narrow"});case"GGGG":default:return s.era(n,{width:"wide"})}},y:function(e,t,s){if(t==="yo"){const n=e.getFullYear(),r=n>0?n:1-n;return s.ordinalNumber(r,{unit:"year"})}return Gt.y(e,t)},Y:function(e,t,s,n){const r=Wc(e,n),o=r>0?r:1-r;if(t==="YY"){const i=o%100;return Ae(i,2)}return t==="Yo"?s.ordinalNumber(o,{unit:"year"}):Ae(o,t.length)},R:function(e,t){const s=Gc(e);return Ae(s,t.length)},u:function(e,t){const s=e.getFullYear();return Ae(s,t.length)},Q:function(e,t,s){const n=Math.ceil((e.getMonth()+1)/3);switch(t){case"Q":return String(n);case"QQ":return Ae(n,2);case"Qo":return s.ordinalNumber(n,{unit:"quarter"});case"QQQ":return s.quarter(n,{width:"abbreviated",context:"formatting"});case"QQQQQ":return s.quarter(n,{width:"narrow",context:"formatting"});case"QQQQ":default:return s.quarter(n,{width:"wide",context:"formatting"})}},q:function(e,t,s){const n=Math.ceil((e.getMonth()+1)/3);switch(t){case"q":return String(n);case"qq":return Ae(n,2);case"qo":return s.ordinalNumber(n,{unit:"quarter"});case"qqq":return s.quarter(n,{width:"abbreviated",context:"standalone"});case"qqqqq":return s.quarter(n,{width:"narrow",context:"standalone"});case"qqqq":default:return s.quarter(n,{width:"wide",context:"standalone"})}},M:function(e,t,s){const n=e.getMonth();switch(t){case"M":case"MM":return Gt.M(e,t);case"Mo":return s.ordinalNumber(n+1,{unit:"month"});case"MMM":return s.month(n,{width:"abbreviated",context:"formatting"});case"MMMMM":return s.month(n,{width:"narrow",context:"formatting"});case"MMMM":default:return s.month(n,{width:"wide",context:"formatting"})}},L:function(e,t,s){const n=e.getMonth();switch(t){case"L":return String(n+1);case"LL":return Ae(n+1,2);case"Lo":return s.ordinalNumber(n+1,{unit:"month"});case"LLL":return s.month(n,{width:"abbreviated",context:"standalone"});case"LLLLL":return s.month(n,{width:"narrow",context:"standalone"});case"LLLL":default:return s.month(n,{width:"wide",context:"standalone"})}},w:function(e,t,s,n){const r=ob(e,n);return t==="wo"?s.ordinalNumber(r,{unit:"week"}):Ae(r,t.length)},I:function(e,t,s){const n=nb(e);return t==="Io"?s.ordinalNumber(n,{unit:"week"}):Ae(n,t.length)},d:function(e,t,s){return t==="do"?s.ordinalNumber(e.getDate(),{unit:"date"}):Gt.d(e,t)},D:function(e,t,s){const n=sb(e);return t==="Do"?s.ordinalNumber(n,{unit:"dayOfYear"}):Ae(n,t.length)},E:function(e,t,s){const n=e.getDay();switch(t){case"E":case"EE":case"EEE":return s.day(n,{width:"abbreviated",context:"formatting"});case"EEEEE":return s.day(n,{width:"narrow",context:"formatting"});case"EEEEEE":return s.day(n,{width:"short",context:"formatting"});case"EEEE":default:return s.day(n,{width:"wide",context:"formatting"})}},e:function(e,t,s,n){const r=e.getDay(),o=(r-n.weekStartsOn+8)%7||7;switch(t){case"e":return String(o);case"ee":return Ae(o,2);case"eo":return s.ordinalNumber(o,{unit:"day"});case"eee":return s.day(r,{width:"abbreviated",context:"formatting"});case"eeeee":return s.day(r,{width:"narrow",context:"formatting"});case"eeeeee":return s.day(r,{width:"short",context:"formatting"});case"eeee":default:return s.day(r,{width:"wide",context:"formatting"})}},c:function(e,t,s,n){const r=e.getDay(),o=(r-n.weekStartsOn+8)%7||7;switch(t){case"c":return String(o);case"cc":return Ae(o,t.length);case"co":return s.ordinalNumber(o,{unit:"day"});case"ccc":return s.day(r,{width:"abbreviated",context:"standalone"});case"ccccc":return s.day(r,{width:"narrow",context:"standalone"});case"cccccc":return s.day(r,{width:"short",context:"standalone"});case"cccc":default:return s.day(r,{width:"wide",context:"standalone"})}},i:function(e,t,s){const n=e.getDay(),r=n===0?7:n;switch(t){case"i":return String(r);case"ii":return Ae(r,t.length);case"io":return s.ordinalNumber(r,{unit:"day"});case"iii":return s.day(n,{width:"abbreviated",context:"formatting"});case"iiiii":return s.day(n,{width:"narrow",context:"formatting"});case"iiiiii":return s.day(n,{width:"short",context:"formatting"});case"iiii":default:return s.day(n,{width:"wide",context:"formatting"})}},a:function(e,t,s){const r=e.getHours()/12>=1?"pm":"am";switch(t){case"a":case"aa":return s.dayPeriod(r,{width:"abbreviated",context:"formatting"});case"aaa":return s.dayPeriod(r,{width:"abbreviated",context:"formatting"}).toLowerCase();case"aaaaa":return s.dayPeriod(r,{width:"narrow",context:"formatting"});case"aaaa":default:return s.dayPeriod(r,{width:"wide",context:"formatting"})}},b:function(e,t,s){const n=e.getHours();let r;switch(n===12?r=Ts.noon:n===0?r=Ts.midnight:r=n/12>=1?"pm":"am",t){case"b":case"bb":return s.dayPeriod(r,{width:"abbreviated",context:"formatting"});case"bbb":return s.dayPeriod(r,{width:"abbreviated",context:"formatting"}).toLowerCase();case"bbbbb":return s.dayPeriod(r,{width:"narrow",context:"formatting"});case"bbbb":default:return s.dayPeriod(r,{width:"wide",context:"formatting"})}},B:function(e,t,s){const n=e.getHours();let r;switch(n>=17?r=Ts.evening:n>=12?r=Ts.afternoon:n>=4?r=Ts.morning:r=Ts.night,t){case"B":case"BB":case"BBB":return s.dayPeriod(r,{width:"abbreviated",context:"formatting"});case"BBBBB":return s.dayPeriod(r,{width:"narrow",context:"formatting"});case"BBBB":default:return s.dayPeriod(r,{width:"wide",context:"formatting"})}},h:function(e,t,s){if(t==="ho"){let n=e.getHours()%12;return n===0&&(n=12),s.ordinalNumber(n,{unit:"hour"})}return Gt.h(e,t)},H:function(e,t,s){return t==="Ho"?s.ordinalNumber(e.getHours(),{unit:"hour"}):Gt.H(e,t)},K:function(e,t,s){const n=e.getHours()%12;return t==="Ko"?s.ordinalNumber(n,{unit:"hour"}):Ae(n,t.length)},k:function(e,t,s){let n=e.getHours();return n===0&&(n=24),t==="ko"?s.ordinalNumber(n,{unit:"hour"}):Ae(n,t.length)},m:function(e,t,s){return t==="mo"?s.ordinalNumber(e.getMinutes(),{unit:"minute"}):Gt.m(e,t)},s:function(e,t,s){return t==="so"?s.ordinalNumber(e.getSeconds(),{unit:"second"}):Gt.s(e,t)},S:function(e,t){return Gt.S(e,t)},X:function(e,t,s){const n=e.getTimezoneOffset();if(n===0)return"Z";switch(t){case"X":return Fa(n);case"XXXX":case"XX":return us(n);case"XXXXX":case"XXX":default:return us(n,":")}},x:function(e,t,s){const n=e.getTimezoneOffset();switch(t){case"x":return Fa(n);case"xxxx":case"xx":return us(n);case"xxxxx":case"xxx":default:return us(n,":")}},O:function(e,t,s){const n=e.getTimezoneOffset();switch(t){case"O":case"OO":case"OOO":return"GMT"+Ua(n,":");case"OOOO":default:return"GMT"+us(n,":")}},z:function(e,t,s){const n=e.getTimezoneOffset();switch(t){case"z":case"zz":case"zzz":return"GMT"+Ua(n,":");case"zzzz":default:return"GMT"+us(n,":")}},t:function(e,t,s){const n=Math.trunc(+e/1e3);return Ae(n,t.length)},T:function(e,t,s){return Ae(+e,t.length)}};function Ua(e,t=""){const s=e>0?"-":"+",n=Math.abs(e),r=Math.trunc(n/60),o=n%60;return o===0?s+String(r):s+String(r)+t+Ae(o,2)}function Fa(e,t){return e%60===0?(e>0?"-":"+")+Ae(Math.abs(e)/60,2):us(e,t)}function us(e,t=""){const s=e>0?"-":"+",n=Math.abs(e),r=Ae(Math.trunc(n/60),2),o=Ae(n%60,2);return s+r+t+o}const Ha=(e,t)=>{switch(e){case"P":return t.date({width:"short"});case"PP":return t.date({width:"medium"});case"PPP":return t.date({width:"long"});case"PPPP":default:return t.date({width:"full"})}},zc=(e,t)=>{switch(e){case"p":return t.time({width:"short"});case"pp":return t.time({width:"medium"});case"ppp":return t.time({width:"long"});case"pppp":default:return t.time({width:"full"})}},ib=(e,t)=>{const s=e.match(/(P+)(p+)?/)||[],n=s[1],r=s[2];if(!r)return Ha(e,t);let o;switch(n){case"P":o=t.dateTime({width:"short"});break;case"PP":o=t.dateTime({width:"medium"});break;case"PPP":o=t.dateTime({width:"long"});break;case"PPPP":default:o=t.dateTime({width:"full"});break}return o.replace("{{date}}",Ha(n,t)).replace("{{time}}",zc(r,t))},ab={p:zc,P:ib},lb=/^D+$/,cb=/^Y+$/,ub=["D","DD","YY","YYYY"];function db(e){return lb.test(e)}function hb(e){return cb.test(e)}function fb(e,t,s){const n=pb(e,t,s);if(console.warn(n),ub.includes(e))throw new RangeError(n)}function pb(e,t,s){const n=e[0]==="Y"?"years":"days of the month";return`Use \`${e.toLowerCase()}\` instead of \`${e}\` (in \`${t}\`) for formatting ${n} to the input \`${s}\`; see: https://github.com/date-fns/date-fns/blob/master/docs/unicodeTokens.md`}const mb=/[yYQqMLwIdDecihHKkms]o|(\w)\1*|''|'(''|[^'])+('|$)|./g,gb=/P+p+|P+|p+|''|'(''|[^'])+('|$)|./g,vb=/^'([^]*?)'?$/,bb=/''/g,yb=/[a-zA-Z]/;function Wn(e,t,s){var d,p,g,y;const n=no(),r=n.locale??tb,o=n.firstWeekContainsDate??((p=(d=n.locale)==null?void 0:d.options)==null?void 0:p.firstWeekContainsDate)??1,i=n.weekStartsOn??((y=(g=n.locale)==null?void 0:g.options)==null?void 0:y.weekStartsOn)??0,a=Me(e,s==null?void 0:s.in);if(!Tv(a))throw new RangeError("Invalid time value");let l=t.match(gb).map(A=>{const k=A[0];if(k==="p"||k==="P"){const j=ab[k];return j(A,r.formatLong)}return A}).join("").match(mb).map(A=>{if(A==="''")return{isToken:!1,value:"'"};const k=A[0];if(k==="'")return{isToken:!1,value:Eb(A)};if(Ma[k])return{isToken:!0,value:A};if(k.match(yb))throw new RangeError("Format string contains an unescaped latin alphabet character `"+k+"`");return{isToken:!1,value:A}});r.localize.preprocessor&&(l=r.localize.preprocessor(a,l));const h={firstWeekContainsDate:o,weekStartsOn:i,locale:r};return l.map(A=>{if(!A.isToken)return A.value;const k=A.value;(hb(k)||db(k))&&fb(k,t,String(e));const j=Ma[k[0]];return j(a,k,r.localize,h)}).join("")}function Eb(e){const t=e.match(vb);return t?t[1].replace(bb,"'"):e}function Tb(e,t){return+Me(e)>+Me(t)}function wb(e,t){return+Me(e)<+Me(t)}function _b(e,t){return+Me(e)==+Me(t)}function Io(e,t){const s=()=>Ht(t==null?void 0:t.in,NaN),r=Ab(e);let o;if(r.date){const h=kb(r.date,2);o=Nb(h.restDateString,h.year)}if(!o||isNaN(+o))return s();const i=+o;let a=0,l;if(r.time&&(a=Ob(r.time),isNaN(a)))return s();if(r.timezone){if(l=Ib(r.timezone),isNaN(l))return s()}else{const h=new Date(i+a),d=Me(0,t==null?void 0:t.in);return d.setFullYear(h.getUTCFullYear(),h.getUTCMonth(),h.getUTCDate()),d.setHours(h.getUTCHours(),h.getUTCMinutes(),h.getUTCSeconds(),h.getUTCMilliseconds()),d}return Me(i+a+l,t==null?void 0:t.in)}const Mn={dateTimeDelimiter:/[T ]/,timeZoneDelimiter:/[Z ]/i,timezone:/([Z+-].*)$/},Sb=/^-?(?:(\d{3})|(\d{2})(?:-?(\d{2}))?|W(\d{2})(?:-?(\d{1}))?|)$/,Rb=/^(\d{2}(?:[.,]\d*)?)(?::?(\d{2}(?:[.,]\d*)?))?(?::?(\d{2}(?:[.,]\d*)?))?$/,Cb=/^([+-])(\d{2})(?::?(\d{2}))?$/;function Ab(e){const t={},s=e.split(Mn.dateTimeDelimiter);let n;if(s.length>2)return t;if(/:/.test(s[0])?n=s[0]:(t.date=s[0],n=s[1],Mn.timeZoneDelimiter.test(t.date)&&(t.date=e.split(Mn.timeZoneDelimiter)[0],n=e.substr(t.date.length,e.length))),n){const r=Mn.timezone.exec(n);r?(t.time=n.replace(r[1],""),t.timezone=r[1]):t.time=n}return t}function kb(e,t){const s=new RegExp("^(?:(\\d{4}|[+-]\\d{"+(4+t)+"})|(\\d{2}|[+-]\\d{"+(2+t)+"})$)"),n=e.match(s);if(!n)return{year:NaN,restDateString:""};const r=n[1]?parseInt(n[1]):null,o=n[2]?parseInt(n[2]):null;return{year:o===null?r:o*100,restDateString:e.slice((n[1]||n[2]).length)}}function Nb(e,t){if(t===null)return new Date(NaN);const s=e.match(Sb);if(!s)return new Date(NaN);const n=!!s[4],r=Vs(s[1]),o=Vs(s[2])-1,i=Vs(s[3]),a=Vs(s[4]),l=Vs(s[5])-1;if(n)return Pb(t,a,l)?$b(t,a,l):new Date(NaN);{const h=new Date(0);return!qb(t,o,i)||!Db(t,r)?new Date(NaN):(h.setUTCFullYear(t,o,Math.max(r,i)),h)}}function Vs(e){return e?parseInt(e):1}function Ob(e){const t=e.match(Rb);if(!t)return NaN;const s=$o(t[1]),n=$o(t[2]),r=$o(t[3]);return xb(s,n,r)?s*Vc+n*jc+r*1e3:NaN}function $o(e){return e&&parseFloat(e.replace(",","."))||0}function Ib(e){if(e==="Z")return 0;const t=e.match(Cb);if(!t)return 0;const s=t[1]==="+"?-1:1,n=parseInt(t[2]),r=t[3]&&parseInt(t[3])||0;return Mb(n,r)?s*(n*Vc+r*jc):NaN}function $b(e,t,s){const n=new Date(0);n.setUTCFullYear(e,0,4);const r=n.getUTCDay()||7,o=(t-1)*7+s+1-r;return n.setUTCDate(n.getUTCDate()+o),n}const Lb=[31,null,31,30,31,30,31,31,30,31,30,31];function Qc(e){return e%400===0||e%4===0&&e%100!==0}function qb(e,t,s){return t>=0&&t<=11&&s>=1&&s<=(Lb[t]||(Qc(e)?29:28))}function Db(e,t){return t>=1&&t<=(Qc(e)?366:365)}function Pb(e,t,s){return t>=1&&t<=53&&s>=0&&s<=6}function xb(e,t,s){return e===24?t===0&&s===0:s>=0&&s<60&&t>=0&&t<60&&e>=0&&e<25}function Mb(e,t){return t>=0&&t<=59}function Lo(e,t,s){const n=Me(e,s==null?void 0:s.in);return n.setMilliseconds(t),n}let Ub=class{constructor(t,s){this.tags=t,this.map=s,this.shown=!1,this.sortedBy=void 0,this.sortedDesc=!1,this.input=""}toggle(t){this.shown=!this.shown,this.shown&&Yr(()=>{let s=t.target;for(;(s=s.parentNode)&&s.tagName!="TABLE";);s.querySelector(".filter input").focus()})}sortBy(t){this.sortedBy==t?this.sortedDesc=!this.sortedDesc:(this.sortedBy=t,this.sortedDesc=!0)}filter(t){let{terms:s,tags:n}=this.tokenize(this.input);if(t=t.filter(r=>{let o=this.map?this.map(r):r;return this.matchesTerms(o,s)&&this.matchesTags(r,n)}),this.sortedBy){let r=this.tags.find(o=>o.tag==this.sortedBy);t.sort((o,i)=>{var a,l;return r&&r.type=="number"?o[this.sortedBy]-i[this.sortedBy]:(l=o[this.sortedBy])==null?void 0:l.toString().localeCompare((a=i[this.sortedBy])==null?void 0:a.toString())})}return this.sortedDesc&&(t=t.reverse()),t}matchesTerms(t,s){return s.length?typeof t=="object"&&t!==null?Object.values(t).find(n=>this.matchesTerms(n,s)):typeof t!="string"?!1:s.find(n=>t.toLowerCase().includes(n.toLowerCase())):!0}matchesTags(t,s){return Object.keys(s).length?Object.keys(s).every(n=>(n=this.tags.find(r=>r.tag==n),n?n.type=="number"||n.type=="date"?s[n.tag].every(r=>this.isTagApplicable(n,t,r)):s[n.tag].find(r=>this.isTagApplicable(n,t,r)):!1)):!0}isTagApplicable(t,s,n){if(t.apply)return t.apply(s,n);if(s=t.map?t.map(s):s[t.tag],t.type=="number"){let r;return(r=n.match(/^<(\d+(?:\.\d+)?)$/))?s<parseFloat(r[1]):(r=n.match(/^>(\d+(?:\.\d+)?)$/))?parseFloat(r[1])<s:(r=n.match(/^(\d+(?:\.\d+)?)-(\d+(?:\.\d+)?)$/))?parseFloat(r[1])<s&&s<parseFloat(r[2]):s==n}else if(t.type=="date"){let r;return(r=n.match(/^<(.+)$/))?wb(Lo(s,0),Io(r[1].match(/^\d+:\d+(:\d+)?$/)?Wn(new Date,"yyyy-MM-dd ")+r[1]:r[1])):(r=n.match(/^>(.+)$/))?Tb(Lo(s,0),Io(r[1].match(/^\d+:\d+(:\d+)?$/)?Wn(new Date,"yyyy-MM-dd ")+r[1]:r[1])):_b(Lo(s,0),Io(n.match(/^\d+:\d+(:\d+)?$/)?Wn(new Date,"yyyy-MM-dd ")+n:n))}else return typeof s=="string"&&s.toLowerCase().includes(n.toLowerCase())}tokenize(t){let s=[],n={},r=/(\w+:)?("[^"]*"|[^\s]+)/g,o;for(;o=r.exec(t);){let i=o[1]?o[1].substr(0,o[1].length-1):void 0,a=o[2];(o=a.match(/^"(.+?)"$/))&&(a=o[1]),i?(n[i]||(n[i]=[]),n[i].push(a)):s.push(a)}return{terms:s,tags:n}}};const ze=(...e)=>We(new Ub(...e)),Fb={name:"CacheTab",components:{DetailsTable:He,PrettyPrint:Qe,StackTrace:ht},props:["active"],data:()=>({filter:ze([{tag:"action",apply:(e,t)=>{if(["read","write","delete","miss"].includes(t.toLowerCase()))return e.type.toLowerCase()==t.toLowerCase()}},{tag:"key"},{tag:"file",map:e=>e.shortPath}])}),computed:{columns(){let e=[{name:"Action",sortBy:"type"},"Key","Value","Expires"];return this.$request.cacheQueries.some(t=>t.connection)&&e.unshift("Connection"),this.$request.cacheQueries.some(t=>t.duration)&&e.push("Duration"),e}}},Hb={key:0},Bb={class:"counters-row"},jb={key:0,class:"counter"},Vb={class:"counter-value"},Gb={key:1,class:"counter"},Wb={class:"counter-value"},zb={key:2,class:"counter"},Qb={class:"counter-value"},Yb={key:3,class:"counter"},Kb={class:"counter-value"},Xb={key:4,class:"counter"},Jb={class:"counter-value"},Zb={key:5,class:"counter"},ey={class:"counter-value"},ty={key:6,class:"counter"},sy={class:"counter-value"},ny={key:0},ry={class:"cache-query-type"},oy={class:"database-query"},iy={class:"database-query-content"},ay={key:0},ly={key:1};function cy(e,t,s,n,r,o){const i=$("pretty-print"),a=$("stack-trace"),l=$("details-table");return s.active?(f(),v("div",Hb,[u("div",Bb,[e.$request.cacheQueries.length?(f(),v("div",jb,[u("div",Vb,T(e.$request.cacheQueries.length),1),t[0]||(t[0]=u("div",{class:"counter-title"},"queries",-1))])):E("",!0),e.$request.cacheReads?(f(),v("div",Gb,[u("div",Wb,T(e.$request.cacheReads),1),t[1]||(t[1]=u("div",{class:"counter-title"},"reads",-1))])):E("",!0),e.$request.cacheHits?(f(),v("div",zb,[u("div",Qb,T(e.$request.cacheHits),1),t[2]||(t[2]=u("div",{class:"counter-title"},"hits",-1))])):E("",!0),e.$request.cacheMisses?(f(),v("div",Yb,[u("div",Kb,T(e.$request.cacheMisses),1),t[3]||(t[3]=u("div",{class:"counter-title"},"misses",-1))])):E("",!0),e.$request.cacheWrites?(f(),v("div",Xb,[u("div",Jb,T(e.$request.cacheWrites),1),t[4]||(t[4]=u("div",{class:"counter-title"},"writes",-1))])):E("",!0),e.$request.cacheDeletes?(f(),v("div",Zb,[u("div",ey,T(e.$request.cacheDeletes),1),t[5]||(t[5]=u("div",{class:"counter-title"},"deletes",-1))])):E("",!0),e.$request.cacheTime?(f(),v("div",ty,[u("div",sy,T(e.$request.cacheTime),1),t[6]||(t[6]=u("div",{class:"counter-title"},"time",-1))])):E("",!0)]),e.$request.cacheQueries.length?(f(),J(l,{key:0,title:"Queries",icon:"paperclip",columns:o.columns,items:e.$request.cacheQueries,filter:e.filter,"filter-example":"info@underground.works action:miss key:lastRequest file:Controller.php"},{body:ce(({items:h})=>[(f(!0),v(B,null,le(h,(d,p)=>(f(),v("tr",{key:`${e.$request.id}-${p}`},[o.columns.includes("Connection")?(f(),v("td",ny,T(d.connection),1)):E("",!0),u("td",ry,T(d.type),1),u("td",null,T(d.key),1),u("td",null,[u("div",oy,[u("div",iy,[D(i,{data:d.value},null,8,["data"])]),D(a,{class:"database-query-path",trace:d.trace,file:d.file,line:d.line},null,8,["trace","file","line"])])]),u("td",null,[d.expiration?(f(),v("span",ay,T(d.expiration),1)):E("",!0)]),o.columns.includes("Duration")?(f(),v("td",ly,T(e.$round(d.duration,3))+" ms",1)):E("",!0)]))),128))]),_:1},8,["columns","items","filter"])):E("",!0)])):E("",!0)}const uy=he(Fb,[["render",cy]]);var ve=typeof globalThis<"u"?globalThis:typeof window<"u"?window:typeof global<"u"?global:typeof self<"u"?self:{};function qs(e){return e&&e.__esModule&&Object.prototype.hasOwnProperty.call(e,"default")?e.default:e}var Yc={exports:{}};(function(e){var t=typeof window<"u"?window:typeof WorkerGlobalScope<"u"&&self instanceof WorkerGlobalScope?self:{};/**
 * Prism: Lightweight, robust, elegant syntax highlighting
 *
 * @license MIT <https://opensource.org/licenses/MIT>
 * @author Lea Verou <https://lea.verou.me>
 * @namespace
 * @public
 */var s=function(n){var r=/(?:^|\s)lang(?:uage)?-([\w-]+)(?=\s|$)/i,o=0,i={},a={manual:n.Prism&&n.Prism.manual,disableWorkerMessageHandler:n.Prism&&n.Prism.disableWorkerMessageHandler,util:{encode:function C(R){return R instanceof l?new l(R.type,C(R.content),R.alias):Array.isArray(R)?R.map(C):R.replace(/&/g,"&amp;").replace(/</g,"&lt;").replace(/\u00a0/g," ")},type:function(C){return Object.prototype.toString.call(C).slice(8,-1)},objId:function(C){return C.__id||Object.defineProperty(C,"__id",{value:++o}),C.__id},clone:function C(R,O){O=O||{};var q,L;switch(a.util.type(R)){case"Object":if(L=a.util.objId(R),O[L])return O[L];q={},O[L]=q;for(var Q in R)R.hasOwnProperty(Q)&&(q[Q]=C(R[Q],O));return q;case"Array":return L=a.util.objId(R),O[L]?O[L]:(q=[],O[L]=q,R.forEach(function(oe,P){q[P]=C(oe,O)}),q);default:return R}},getLanguage:function(C){for(;C;){var R=r.exec(C.className);if(R)return R[1].toLowerCase();C=C.parentElement}return"none"},setLanguage:function(C,R){C.className=C.className.replace(RegExp(r,"gi"),""),C.classList.add("language-"+R)},currentScript:function(){if(typeof document>"u")return null;if("currentScript"in document)return document.currentScript;try{throw new Error}catch(q){var C=(/at [^(\r\n]*\((.*):[^:]+:[^:]+\)$/i.exec(q.stack)||[])[1];if(C){var R=document.getElementsByTagName("script");for(var O in R)if(R[O].src==C)return R[O]}return null}},isActive:function(C,R,O){for(var q="no-"+R;C;){var L=C.classList;if(L.contains(R))return!0;if(L.contains(q))return!1;C=C.parentElement}return!!O}},languages:{plain:i,plaintext:i,text:i,txt:i,extend:function(C,R){var O=a.util.clone(a.languages[C]);for(var q in R)O[q]=R[q];return O},insertBefore:function(C,R,O,q){q=q||a.languages;var L=q[C],Q={};for(var oe in L)if(L.hasOwnProperty(oe)){if(oe==R)for(var P in O)O.hasOwnProperty(P)&&(Q[P]=O[P]);O.hasOwnProperty(oe)||(Q[oe]=L[oe])}var V=q[C];return q[C]=Q,a.languages.DFS(a.languages,function(F,M){M===V&&F!=C&&(this[F]=Q)}),Q},DFS:function C(R,O,q,L){L=L||{};var Q=a.util.objId;for(var oe in R)if(R.hasOwnProperty(oe)){O.call(R,oe,R[oe],q||oe);var P=R[oe],V=a.util.type(P);V==="Object"&&!L[Q(P)]?(L[Q(P)]=!0,C(P,O,null,L)):V==="Array"&&!L[Q(P)]&&(L[Q(P)]=!0,C(P,O,oe,L))}}},plugins:{},highlightAll:function(C,R){a.highlightAllUnder(document,C,R)},highlightAllUnder:function(C,R,O){var q={callback:O,container:C,selector:'code[class*="language-"], [class*="language-"] code, code[class*="lang-"], [class*="lang-"] code'};a.hooks.run("before-highlightall",q),q.elements=Array.prototype.slice.apply(q.container.querySelectorAll(q.selector)),a.hooks.run("before-all-elements-highlight",q);for(var L=0,Q;Q=q.elements[L++];)a.highlightElement(Q,R===!0,q.callback)},highlightElement:function(C,R,O){var q=a.util.getLanguage(C),L=a.languages[q];a.util.setLanguage(C,q);var Q=C.parentElement;Q&&Q.nodeName.toLowerCase()==="pre"&&a.util.setLanguage(Q,q);var oe=C.textContent,P={element:C,language:q,grammar:L,code:oe};function V(M){P.highlightedCode=M,a.hooks.run("before-insert",P),P.element.innerHTML=P.highlightedCode,a.hooks.run("after-highlight",P),a.hooks.run("complete",P),O&&O.call(P.element)}if(a.hooks.run("before-sanity-check",P),Q=P.element.parentElement,Q&&Q.nodeName.toLowerCase()==="pre"&&!Q.hasAttribute("tabindex")&&Q.setAttribute("tabindex","0"),!P.code){a.hooks.run("complete",P),O&&O.call(P.element);return}if(a.hooks.run("before-highlight",P),!P.grammar){V(a.util.encode(P.code));return}if(R&&n.Worker){var F=new Worker(a.filename);F.onmessage=function(M){V(M.data)},F.postMessage(JSON.stringify({language:P.language,code:P.code,immediateClose:!0}))}else V(a.highlight(P.code,P.grammar,P.language))},highlight:function(C,R,O){var q={code:C,grammar:R,language:O};if(a.hooks.run("before-tokenize",q),!q.grammar)throw new Error('The language "'+q.language+'" has no grammar.');return q.tokens=a.tokenize(q.code,q.grammar),a.hooks.run("after-tokenize",q),l.stringify(a.util.encode(q.tokens),q.language)},tokenize:function(C,R){var O=R.rest;if(O){for(var q in O)R[q]=O[q];delete R.rest}var L=new p;return g(L,L.head,C),d(C,L,R,L.head,0),A(L)},hooks:{all:{},add:function(C,R){var O=a.hooks.all;O[C]=O[C]||[],O[C].push(R)},run:function(C,R){var O=a.hooks.all[C];if(!(!O||!O.length))for(var q=0,L;L=O[q++];)L(R)}},Token:l};n.Prism=a;function l(C,R,O,q){this.type=C,this.content=R,this.alias=O,this.length=(q||"").length|0}l.stringify=function C(R,O){if(typeof R=="string")return R;if(Array.isArray(R)){var q="";return R.forEach(function(V){q+=C(V,O)}),q}var L={type:R.type,content:C(R.content,O),tag:"span",classes:["token",R.type],attributes:{},language:O},Q=R.alias;Q&&(Array.isArray(Q)?Array.prototype.push.apply(L.classes,Q):L.classes.push(Q)),a.hooks.run("wrap",L);var oe="";for(var P in L.attributes)oe+=" "+P+'="'+(L.attributes[P]||"").replace(/"/g,"&quot;")+'"';return"<"+L.tag+' class="'+L.classes.join(" ")+'"'+oe+">"+L.content+"</"+L.tag+">"};function h(C,R,O,q){C.lastIndex=R;var L=C.exec(O);if(L&&q&&L[1]){var Q=L[1].length;L.index+=Q,L[0]=L[0].slice(Q)}return L}function d(C,R,O,q,L,Q){for(var oe in O)if(!(!O.hasOwnProperty(oe)||!O[oe])){var P=O[oe];P=Array.isArray(P)?P:[P];for(var V=0;V<P.length;++V){if(Q&&Q.cause==oe+","+V)return;var F=P[V],M=F.inside,c=!!F.lookbehind,m=!!F.greedy,b=F.alias;if(m&&!F.pattern.global){var _=F.pattern.toString().match(/[imsuy]*$/)[0];F.pattern=RegExp(F.pattern.source,_+"g")}for(var N=F.pattern||F,I=q.next,U=L;I!==R.tail&&!(Q&&U>=Q.reach);U+=I.value.length,I=I.next){var H=I.value;if(R.length>C.length)return;if(!(H instanceof l)){var Z=1,ae;if(m){if(ae=h(N,U,C,c),!ae||ae.index>=C.length)break;var Te=ae.index,Se=ae.index+ae[0].length,ye=U;for(ye+=I.value.length;Te>=ye;)I=I.next,ye+=I.value.length;if(ye-=I.value.length,U=ye,I.value instanceof l)continue;for(var Ee=I;Ee!==R.tail&&(ye<Se||typeof Ee.value=="string");Ee=Ee.next)Z++,ye+=Ee.value.length;Z--,H=C.slice(U,ye),ae.index-=U}else if(ae=h(N,0,H,c),!ae)continue;var Te=ae.index,Ne=ae[0],Pe=H.slice(0,Te),De=H.slice(Te+Ne.length),Ue=U+H.length;Q&&Ue>Q.reach&&(Q.reach=Ue);var qe=I.prev;Pe&&(qe=g(R,qe,Pe),U+=Pe.length),y(R,qe,Z);var Ve=new l(oe,M?a.tokenize(Ne,M):Ne,b,Ne);if(I=g(R,qe,Ve),De&&g(R,I,De),Z>1){var w={cause:oe+","+V,reach:Ue};d(C,R,O,I.prev,U,w),Q&&w.reach>Q.reach&&(Q.reach=w.reach)}}}}}}function p(){var C={value:null,prev:null,next:null},R={value:null,prev:C,next:null};C.next=R,this.head=C,this.tail=R,this.length=0}function g(C,R,O){var q=R.next,L={value:O,prev:R,next:q};return R.next=L,q.prev=L,C.length++,L}function y(C,R,O){for(var q=R.next,L=0;L<O&&q!==C.tail;L++)q=q.next;R.next=q,q.prev=R,C.length-=L}function A(C){for(var R=[],O=C.head.next;O!==C.tail;)R.push(O.value),O=O.next;return R}if(!n.document)return n.addEventListener&&(a.disableWorkerMessageHandler||n.addEventListener("message",function(C){var R=JSON.parse(C.data),O=R.language,q=R.code,L=R.immediateClose;n.postMessage(a.highlight(q,a.languages[O],O)),L&&n.close()},!1)),a;var k=a.util.currentScript();k&&(a.filename=k.src,k.hasAttribute("data-manual")&&(a.manual=!0));function j(){a.manual||a.highlightAll()}if(!a.manual){var W=document.readyState;W==="loading"||W==="interactive"&&k&&k.defer?document.addEventListener("DOMContentLoaded",j):window.requestAnimationFrame?window.requestAnimationFrame(j):window.setTimeout(j,16)}return a}(t);e.exports&&(e.exports=s),typeof ve<"u"&&(ve.Prism=s)})(Yc);var dy=Yc.exports;const Ba=qs(dy);Prism.languages.sql={comment:{pattern:/(^|[^\\])(?:\/\*[\s\S]*?\*\/|(?:--|\/\/|#).*)/,lookbehind:!0},variable:[{pattern:/@(["'`])(?:\\[\s\S]|(?!\1)[^\\])+\1/,greedy:!0},/@[\w.$]+/],string:{pattern:/(^|[^@\\])("|')(?:\\[\s\S]|(?!\2)[^\\]|\2\2)*\2/,greedy:!0,lookbehind:!0},identifier:{pattern:/(^|[^@\\])`(?:\\[\s\S]|[^`\\]|``)*`/,greedy:!0,lookbehind:!0,inside:{punctuation:/^`|`$/}},function:/\b(?:AVG|COUNT|FIRST|FORMAT|LAST|LCASE|LEN|MAX|MID|MIN|MOD|NOW|ROUND|SUM|UCASE)(?=\s*\()/i,keyword:/\b(?:ACTION|ADD|AFTER|ALGORITHM|ALL|ALTER|ANALYZE|ANY|APPLY|AS|ASC|AUTHORIZATION|AUTO_INCREMENT|BACKUP|BDB|BEGIN|BERKELEYDB|BIGINT|BINARY|BIT|BLOB|BOOL|BOOLEAN|BREAK|BROWSE|BTREE|BULK|BY|CALL|CASCADED?|CASE|CHAIN|CHAR(?:ACTER|SET)?|CHECK(?:POINT)?|CLOSE|CLUSTERED|COALESCE|COLLATE|COLUMNS?|COMMENT|COMMIT(?:TED)?|COMPUTE|CONNECT|CONSISTENT|CONSTRAINT|CONTAINS(?:TABLE)?|CONTINUE|CONVERT|CREATE|CROSS|CURRENT(?:_DATE|_TIME|_TIMESTAMP|_USER)?|CURSOR|CYCLE|DATA(?:BASES?)?|DATE(?:TIME)?|DAY|DBCC|DEALLOCATE|DEC|DECIMAL|DECLARE|DEFAULT|DEFINER|DELAYED|DELETE|DELIMITERS?|DENY|DESC|DESCRIBE|DETERMINISTIC|DISABLE|DISCARD|DISK|DISTINCT|DISTINCTROW|DISTRIBUTED|DO|DOUBLE|DROP|DUMMY|DUMP(?:FILE)?|DUPLICATE|ELSE(?:IF)?|ENABLE|ENCLOSED|END|ENGINE|ENUM|ERRLVL|ERRORS|ESCAPED?|EXCEPT|EXEC(?:UTE)?|EXISTS|EXIT|EXPLAIN|EXTENDED|FETCH|FIELDS|FILE|FILLFACTOR|FIRST|FIXED|FLOAT|FOLLOWING|FOR(?: EACH ROW)?|FORCE|FOREIGN|FREETEXT(?:TABLE)?|FROM|FULL|FUNCTION|GEOMETRY(?:COLLECTION)?|GLOBAL|GOTO|GRANT|GROUP|HANDLER|HASH|HAVING|HOLDLOCK|HOUR|IDENTITY(?:COL|_INSERT)?|IF|IGNORE|IMPORT|INDEX|INFILE|INNER|INNODB|INOUT|INSERT|INT|INTEGER|INTERSECT|INTERVAL|INTO|INVOKER|ISOLATION|ITERATE|JOIN|KEYS?|KILL|LANGUAGE|LAST|LEAVE|LEFT|LEVEL|LIMIT|LINENO|LINES|LINESTRING|LOAD|LOCAL|LOCK|LONG(?:BLOB|TEXT)|LOOP|MATCH(?:ED)?|MEDIUM(?:BLOB|INT|TEXT)|MERGE|MIDDLEINT|MINUTE|MODE|MODIFIES|MODIFY|MONTH|MULTI(?:LINESTRING|POINT|POLYGON)|NATIONAL|NATURAL|NCHAR|NEXT|NO|NONCLUSTERED|NULLIF|NUMERIC|OFF?|OFFSETS?|ON|OPEN(?:DATASOURCE|QUERY|ROWSET)?|OPTIMIZE|OPTION(?:ALLY)?|ORDER|OUT(?:ER|FILE)?|OVER|PARTIAL|PARTITION|PERCENT|PIVOT|PLAN|POINT|POLYGON|PRECEDING|PRECISION|PREPARE|PREV|PRIMARY|PRINT|PRIVILEGES|PROC(?:EDURE)?|PUBLIC|PURGE|QUICK|RAISERROR|READS?|REAL|RECONFIGURE|REFERENCES|RELEASE|RENAME|REPEAT(?:ABLE)?|REPLACE|REPLICATION|REQUIRE|RESIGNAL|RESTORE|RESTRICT|RETURN(?:ING|S)?|REVOKE|RIGHT|ROLLBACK|ROUTINE|ROW(?:COUNT|GUIDCOL|S)?|RTREE|RULE|SAVE(?:POINT)?|SCHEMA|SECOND|SELECT|SERIAL(?:IZABLE)?|SESSION(?:_USER)?|SET(?:USER)?|SHARE|SHOW|SHUTDOWN|SIMPLE|SMALLINT|SNAPSHOT|SOME|SONAME|SQL|START(?:ING)?|STATISTICS|STATUS|STRIPED|SYSTEM_USER|TABLES?|TABLESPACE|TEMP(?:ORARY|TABLE)?|TERMINATED|TEXT(?:SIZE)?|THEN|TIME(?:STAMP)?|TINY(?:BLOB|INT|TEXT)|TOP?|TRAN(?:SACTIONS?)?|TRIGGER|TRUNCATE|TSEQUAL|TYPES?|UNBOUNDED|UNCOMMITTED|UNDEFINED|UNION|UNIQUE|UNLOCK|UNPIVOT|UNSIGNED|UPDATE(?:TEXT)?|USAGE|USE|USER|USING|VALUES?|VAR(?:BINARY|CHAR|CHARACTER|YING)|VIEW|WAITFOR|WARNINGS|WHEN|WHERE|WHILE|WITH(?: ROLLUP|IN)?|WORK|WRITE(?:TEXT)?|YEAR)\b/i,boolean:/\b(?:FALSE|NULL|TRUE)\b/i,number:/\b0x[\da-f]+\b|\b\d+(?:\.\d*)?|\B\.\d+\b/i,operator:/[-+*\/=%^~]|&&?|\|\|?|!=?|<(?:=>?|<|>)?|>[>=]?|\b(?:AND|BETWEEN|DIV|ILIKE|IN|IS|LIKE|NOT|OR|REGEXP|RLIKE|SOUNDS LIKE|XOR)\b/i,punctuation:/[;[\]()`,.]/};const hy={name:"HighlightedCode",props:["code","language"],computed:{languageClass(){return`language-${this.language}`},html(){return Ba.highlight(this.code,Ba.languages.sql,"sql")}}},fy={class:"highlighted-code"},py=["innerHTML"];function my(e,t,s,n,r,o){return f(),v("pre",fy,[u("code",{class:te(o.languageClass),innerHTML:o.html},null,10,py)])}const ro=he(hy,[["render",my]]),gy={name:"DatabaseTab",components:{DetailsTable:He,HighlightedCode:ro,PrettyPrint:Qe,ShortenedText:bs,StackTrace:ht},props:["active"],data:()=>({prettify:!1,filter:ze([{tag:"model"},{tag:"type",apply:(e,t)=>{if(["select","update","insert","delete"].includes(t.toLowerCase()))return e.query.match(new RegExp(`^${t.toLowerCase()}`,"i"))}},{tag:"file",map:e=>e.shortPath},{tag:"duration",type:"number"}])}),computed:{columns(){let e=["Model","Query","Duration"];return new Set(this.$request.databaseQueries.map(s=>s.connection)).size>1&&e.splice(1,0,"Connection"),e}},watch:{prettify(e,t){t!==void 0&&(this.$settings.global.databasePrettified=this.prettify,this.$settings.save())}},mounted(){this.prettify=this.$settings.global.databasePrettified||!1}},vy={key:0},by={class:"counters-row"},yy={class:"counter"},Ey={class:"counter-value"},Ty={key:0,class:"counter database-slow-query"},wy={class:"counter-value"},_y={key:1,class:"counter"},Sy={class:"counter-value"},Ry={key:2,class:"counter"},Cy={class:"counter-value"},Ay={key:3,class:"counter"},ky={class:"counter-value"},Ny={key:4,class:"counter"},Oy={class:"counter-value"},Iy={key:5,class:"counter"},$y={class:"counter-value"},Ly={class:"counter"},qy={class:"counter-value"},Dy={class:"header-group"},Py={class:"header-toggle"},xy={class:"header-group"},My={class:"header-search"},Uy=["onUpdate:modelValue"],Fy={key:0},Hy={class:"database-query"},By={class:"database-query-content"},jy={key:0,class:"database-query-bindings"},Vy={class:"database-duration"},Gy={key:0};function Wy(e,t,s,n,r,o){const i=$("icon"),a=$("shortened-text"),l=$("highlighted-code"),h=$("pretty-print"),d=$("stack-trace"),p=$("details-table");return s.active?(f(),v("div",vy,[u("div",by,[u("div",yy,[u("div",Ey,T(e.$request.databaseQueriesCount),1),t[1]||(t[1]=u("div",{class:"counter-title"},"queries",-1))]),e.$request.databaseSlowQueries?(f(),v("div",Ty,[u("div",wy,T(e.$request.databaseSlowQueries),1),t[2]||(t[2]=u("div",{class:"counter-title has-mark"},"slow",-1))])):E("",!0),e.$request.databaseSelects?(f(),v("div",_y,[u("div",Sy,T(e.$request.databaseSelects),1),t[3]||(t[3]=u("div",{class:"counter-title"},"selects",-1))])):E("",!0),e.$request.databaseInserts?(f(),v("div",Ry,[u("div",Cy,T(e.$request.databaseInserts),1),t[4]||(t[4]=u("div",{class:"counter-title"},"inserts",-1))])):E("",!0),e.$request.databaseUpdates?(f(),v("div",Ay,[u("div",ky,T(e.$request.databaseUpdates),1),t[5]||(t[5]=u("div",{class:"counter-title"},"updates",-1))])):E("",!0),e.$request.databaseDeletes?(f(),v("div",Ny,[u("div",Oy,T(e.$request.databaseDeletes),1),t[6]||(t[6]=u("div",{class:"counter-title"},"deletes",-1))])):E("",!0),e.$request.databaseOthers?(f(),v("div",Iy,[u("div",$y,T(e.$request.databaseOthers),1),t[7]||(t[7]=u("div",{class:"counter-title"},"other",-1))])):E("",!0),u("div",Ly,[u("div",qy,T(e.$request.databaseDurationRounded)+" ms",1),t[8]||(t[8]=u("div",{class:"counter-title"},"time",-1))])]),e.$request.databaseQueries.length?(f(),J(p,{key:0,title:"Queries",icon:"database",columns:o.columns,items:e.$request.databaseQueries,filter:e.filter,"filter-example":"where request_id model:request type:select file:Controller.php duration:>100"},{toolbar:ce(({filter:g})=>[u("div",Dy,[u("label",Py,[Oe(u("input",{type:"checkbox","onUpdate:modelValue":t[0]||(t[0]=y=>e.prettify=y)},null,512),[[Ot,e.prettify]]),t[9]||(t[9]=z(" Prettify "))])]),u("div",xy,[u("div",My,[Oe(u("input",{type:"search","onUpdate:modelValue":y=>g.input=y,placeholder:"Search..."},null,8,Uy),[[gt,g.input]]),D(i,{name:"search"})])])]),body:ce(({items:g})=>[(f(!0),v(B,null,le(g,(y,A)=>(f(),v("tr",{key:`${e.$request.id}-${A}`,class:te({"database-slow-query":y.tags.includes("slow")})},[u("td",null,[D(a,{full:y.model},{default:ce(()=>[z(T(y.shortModel),1)]),_:2},1032,["full"])]),o.columns.includes("Connection")?(f(),v("td",Fy,T(y.connection),1)):E("",!0),u("td",null,[u("div",Hy,[u("div",By,[D(l,{language:"sql",code:e.prettify?y.prettifiedQuery:y.query},null,8,["code"]),y.bindings?(f(),v("div",jy,[D(h,{data:y.bindings},null,8,["data"])])):E("",!0)]),D(d,{class:"database-query-path",trace:y.trace,file:y.file,line:y.line},null,8,["trace","file","line"])])]),u("td",Vy,[y.duration?(f(),v("span",Gy,T(e.$round(y.duration,3))+" ms",1)):E("",!0)])],2))),128))]),_:1},8,["columns","items","filter"])):E("",!0)])):E("",!0)}const zy=he(gy,[["render",Wy]]),Qy={name:"EventsTab",components:{DetailsTable:He,PrettyPrint:Qe,ShortenedText:bs,StackTrace:ht},props:["active"],data:()=>({filter:ze([{tag:"time",type:"date"},{tag:"file",map:e=>e.shortPath}]),expandedEvents:[]}),methods:{toggleEvent(e){this.isEventExpanded(e)?this.expandedEvents=this.expandedEvents.filter(t=>t!=e):this.expandedEvents.push(e)},isEventExpanded(e){return this.expandedEvents.indexOf(e)!==-1}}},Yy={key:0},Ky={class:"fired-event"},Xy={class:"fired-event-content"},Jy={key:0},Zy={key:1},eE={key:0,class:"fired-event-details"},tE={key:0,class:"fired-event-parameters"},sE={class:"fired-event-listeners"},nE={class:"fired-event-actions"},rE=["onClick"];function oE(e,t,s,n,r,o){const i=$("pretty-print"),a=$("stack-trace"),l=$("shortened-text"),h=$("icon"),d=$("details-table");return s.active?(f(),v("div",Yy,[D(d,{title:"Events",icon:"zap",columns:["Time","Event",""],items:e.$request.events,filter:e.filter,"filter-example":'"user registered" file:Controller.php time:<13:08:30'},{body:ce(({items:p})=>[(f(!0),v(B,null,le(p,(g,y)=>(f(),v("tr",{key:`${e.$request.id}-${y}`},[u("td",null,T(e.$date(g.time,"HH:mm:ss")),1),u("td",null,[u("div",Ky,[u("div",Xy,[g.objectEvent?(f(),v("div",Jy,[D(i,{data:g.data},null,8,["data"])])):E("",!0),g.objectEvent?E("",!0):(f(),v("div",Zy,T(g.event),1))]),D(a,{class:"fired-query-path",trace:g.trace,file:g.file,line:g.line},null,8,["trace","file","line"])]),o.isEventExpanded(g)?(f(),v("div",eE,[g.objectEvent?E("",!0):(f(),v("div",tE,[t[0]||(t[0]=u("h4",null,"Parameters",-1)),D(i,{data:g.data},null,8,["data"])])),u("div",sE,[t[1]||(t[1]=u("h4",null,"Listeners",-1)),(f(!0),v(B,null,le(g.listeners,(A,k)=>(f(),J(l,{key:`${e.$request.id}-${k}`,full:A.name},{default:ce(()=>[z(T(A.shortName),1)]),_:2},1032,["full"]))),128))])])):E("",!0)]),u("td",nE,[u("a",{href:"#",onClick:ge(A=>o.toggleEvent(g),["prevent"])},[D(h,{name:o.isEventExpanded(g)?"chevron-up":"chevron-down"},null,8,["name"])],8,rE)])]))),128))]),_:1},8,["items","filter"])])):E("",!0)}const iE=he(Qy,[["render",oE]]),aE={name:"PerformanceChart",props:{metrics:{default:()=>[]}},data:()=>({sections:[]}),methods:{refreshSections(){let e=this.$el.offsetWidth,t=this.metrics.reduce((s,n)=>s+n.value,0);this.sections=this.metrics.map(s=>({class:`section-${s.color}`,style:`width: ${e*s.value/t}px`}))}},mounted(){this.refreshSections(),this.resizeObserver=new ResizeObserver(to(e=>this.refreshSections(),10)),this.resizeObserver.observe(this.$el)},watch:{metrics(){this.refreshSections()}}},lE={class:"performance-chart"};function cE(e,t,s,n,r,o){return f(),v("div",lE,[(f(!0),v(B,null,le(e.sections,i=>(f(),v("div",{class:te(["chart-section",i.class]),style:ut(i.style)},null,6))),256))])}const Ii=he(aE,[["render",cE]]),uE='<svg xmlns="http://www.w3.org/2000/svg" width="24" height="24" viewBox="0 0 24 24" fill="none" stroke="currentColor" stroke-width="2" stroke-linecap="round" stroke-linejoin="round" class="feather feather-activity"><polyline points="22 12 18 12 15 21 9 3 6 12 2 12"></polyline></svg>',dE='<svg xmlns="http://www.w3.org/2000/svg" width="24" height="24" viewBox="0 0 24 24" fill="none" stroke="currentColor" stroke-width="2" stroke-linecap="round" stroke-linejoin="round" class="feather feather-alert-circle"><circle cx="12" cy="12" r="10"></circle><line x1="12" y1="8" x2="12" y2="12"></line><line x1="12" y1="16" x2="12.01" y2="16"></line></svg>',hE='<svg xmlns="http://www.w3.org/2000/svg" width="24" height="24" viewBox="0 0 24 24" fill="none" stroke="currentColor" stroke-width="2" stroke-linecap="round" stroke-linejoin="round" class="feather feather-alert-triangle"><path d="M10.29 3.86L1.82 18a2 2 0 0 0 1.71 3h16.94a2 2 0 0 0 1.71-3L13.71 3.86a2 2 0 0 0-3.42 0z"></path><line x1="12" y1="9" x2="12" y2="13"></line><line x1="12" y1="17" x2="12.01" y2="17"></line></svg>',fE='<svg xmlns="http://www.w3.org/2000/svg" width="24" height="24" viewBox="0 0 24 24" fill="none" stroke="currentColor" stroke-width="2" stroke-linecap="round" stroke-linejoin="round" class="feather feather-arrow-down-circle"><circle cx="12" cy="12" r="10"></circle><polyline points="8 12 12 16 16 12"></polyline><line x1="12" y1="8" x2="12" y2="16"></line></svg>',pE='<svg xmlns="http://www.w3.org/2000/svg" width="24" height="24" viewBox="0 0 24 24" fill="none" stroke="currentColor" stroke-width="2" stroke-linecap="round" stroke-linejoin="round" class="feather feather-check-circle"><path d="M22 11.08V12a10 10 0 1 1-5.93-9.14"></path><polyline points="22 4 12 14.01 9 11.01"></polyline></svg>',mE='<svg xmlns="http://www.w3.org/2000/svg" width="24" height="24" viewBox="0 0 24 24" fill="none" stroke="currentColor" stroke-width="2" stroke-linecap="round" stroke-linejoin="round" class="feather feather-chevron-down"><polyline points="6 9 12 15 18 9"></polyline></svg>',gE='<svg xmlns="http://www.w3.org/2000/svg" width="24" height="24" viewBox="0 0 24 24" fill="none" stroke="currentColor" stroke-width="2" stroke-linecap="round" stroke-linejoin="round" class="feather feather-chevron-left"><polyline points="15 18 9 12 15 6"></polyline></svg>',vE='<svg xmlns="http://www.w3.org/2000/svg" width="24" height="24" viewBox="0 0 24 24" fill="none" stroke="currentColor" stroke-width="2" stroke-linecap="round" stroke-linejoin="round" class="feather feather-chevron-right"><polyline points="9 18 15 12 9 6"></polyline></svg>',bE='<svg xmlns="http://www.w3.org/2000/svg" width="24" height="24" viewBox="0 0 24 24" fill="none" stroke="currentColor" stroke-width="2" stroke-linecap="round" stroke-linejoin="round" class="feather feather-chevron-up"><polyline points="18 15 12 9 6 15"></polyline></svg>',yE='<svg xmlns="http://www.w3.org/2000/svg" width="24" height="24" viewBox="0 0 24 24" fill="none" stroke="currentColor" stroke-width="2" stroke-linecap="round" stroke-linejoin="round" class="feather feather-clipboard"><path d="M16 4h2a2 2 0 0 1 2 2v14a2 2 0 0 1-2 2H6a2 2 0 0 1-2-2V6a2 2 0 0 1 2-2h2"></path><rect x="8" y="2" width="8" height="4" rx="1" ry="1"></rect></svg>',EE='<svg xmlns="http://www.w3.org/2000/svg" width="24" height="24" viewBox="0 0 24 24" fill="none" stroke="currentColor" stroke-width="2" stroke-linecap="round" stroke-linejoin="round" class="feather feather-clock"><circle cx="12" cy="12" r="10"></circle><polyline points="12 6 12 12 16 14"></polyline></svg>',TE='<svg xmlns="http://www.w3.org/2000/svg" width="24" height="24" viewBox="0 0 24 24" fill="none" stroke="currentColor" stroke-width="2" stroke-linecap="round" stroke-linejoin="round" class="feather feather-compass"><circle cx="12" cy="12" r="10"></circle><polygon points="16.24 7.76 14.12 14.12 7.76 16.24 9.88 9.88 16.24 7.76"></polygon></svg>',wE='<svg xmlns="http://www.w3.org/2000/svg" width="24" height="24" viewBox="0 0 24 24" fill="none" stroke="currentColor" stroke-width="2" stroke-linecap="round" stroke-linejoin="round" class="feather feather-cpu"><rect x="4" y="4" width="16" height="16" rx="2" ry="2"></rect><rect x="9" y="9" width="6" height="6"></rect><line x1="9" y1="1" x2="9" y2="4"></line><line x1="15" y1="1" x2="15" y2="4"></line><line x1="9" y1="20" x2="9" y2="23"></line><line x1="15" y1="20" x2="15" y2="23"></line><line x1="20" y1="9" x2="23" y2="9"></line><line x1="20" y1="14" x2="23" y2="14"></line><line x1="1" y1="9" x2="4" y2="9"></line><line x1="1" y1="14" x2="4" y2="14"></line></svg>',_E='<svg xmlns="http://www.w3.org/2000/svg" width="24" height="24" viewBox="0 0 24 24" fill="none" stroke="currentColor" stroke-width="2" stroke-linecap="round" stroke-linejoin="round" class="feather feather-database"><ellipse cx="12" cy="5" rx="9" ry="3"></ellipse><path d="M21 12c0 1.66-4 3-9 3s-9-1.34-9-3"></path><path d="M3 5v14c0 1.66 4 3 9 3s9-1.34 9-3V5"></path></svg>',SE='<svg xmlns="http://www.w3.org/2000/svg" width="24" height="24" viewBox="0 0 24 24" fill="none" stroke="currentColor" stroke-width="2" stroke-linecap="round" stroke-linejoin="round" class="feather feather-disc"><circle cx="12" cy="12" r="10"></circle><circle cx="12" cy="12" r="3"></circle></svg>',RE='<svg xmlns="http://www.w3.org/2000/svg" width="24" height="24" viewBox="0 0 24 24" fill="none" stroke="currentColor" stroke-width="2" stroke-linecap="round" stroke-linejoin="round" class="feather feather-download-cloud"><polyline points="8 17 12 21 16 17"></polyline><line x1="12" y1="12" x2="12" y2="21"></line><path d="M20.88 18.09A5 5 0 0 0 18 9h-1.26A8 8 0 1 0 3 16.29"></path></svg>',CE='<svg xmlns="http://www.w3.org/2000/svg" width="24" height="24" viewBox="0 0 24 24" fill="none" stroke="currentColor" stroke-width="2" stroke-linecap="round" stroke-linejoin="round" class="feather feather-edit-2"><path d="M17 3a2.828 2.828 0 1 1 4 4L7.5 20.5 2 22l1.5-5.5L17 3z"></path></svg>',AE='<svg xmlns="http://www.w3.org/2000/svg" width="24" height="24" viewBox="0 0 24 24" fill="none" stroke="currentColor" stroke-width="2" stroke-linecap="round" stroke-linejoin="round" class="feather feather-github"><path d="M9 19c-5 1.5-5-2.5-7-3m14 6v-3.87a3.37 3.37 0 0 0-.94-2.61c3.14-.35 6.44-1.54 6.44-7A5.44 5.44 0 0 0 20 4.77 5.07 5.07 0 0 0 19.91 1S18.73.65 16 2.48a13.38 13.38 0 0 0-7 0C6.27.65 5.09 1 5.09 1A5.07 5.07 0 0 0 5 4.77a5.44 5.44 0 0 0-1.5 3.78c0 5.42 3.3 6.61 6.44 7A3.37 3.37 0 0 0 9 18.13V22"></path></svg>',kE='<svg xmlns="http://www.w3.org/2000/svg" width="24" height="24" viewBox="0 0 24 24" fill="none" stroke="currentColor" stroke-width="2" stroke-linecap="round" stroke-linejoin="round" class="feather feather-hash"><line x1="4" y1="9" x2="20" y2="9"></line><line x1="4" y1="15" x2="20" y2="15"></line><line x1="10" y1="3" x2="8" y2="21"></line><line x1="16" y1="3" x2="14" y2="21"></line></svg>',NE='<svg xmlns="http://www.w3.org/2000/svg" width="24" height="24" viewBox="0 0 24 24" fill="none" stroke="currentColor" stroke-width="2" stroke-linecap="round" stroke-linejoin="round" class="feather feather-heart"><path d="M20.84 4.61a5.5 5.5 0 0 0-7.78 0L12 5.67l-1.06-1.06a5.5 5.5 0 0 0-7.78 7.78l1.06 1.06L12 21.23l7.78-7.78 1.06-1.06a5.5 5.5 0 0 0 0-7.78z"></path></svg>',OE='<svg xmlns="http://www.w3.org/2000/svg" width="24" height="24" viewBox="0 0 24 24" fill="none" stroke="currentColor" stroke-width="2" stroke-linecap="round" stroke-linejoin="round" class="feather feather-help-circle"><circle cx="12" cy="12" r="10"></circle><path d="M9.09 9a3 3 0 0 1 5.83 1c0 2-3 3-3 3"></path><line x1="12" y1="17" x2="12.01" y2="17"></line></svg>',IE='<svg xmlns="http://www.w3.org/2000/svg" width="24" height="24" viewBox="0 0 24 24" fill="none" stroke="currentColor" stroke-width="2" stroke-linecap="round" stroke-linejoin="round" class="feather feather-image"><rect x="3" y="3" width="18" height="18" rx="2" ry="2"></rect><circle cx="8.5" cy="8.5" r="1.5"></circle><polyline points="21 15 16 10 5 21"></polyline></svg>',$E='<svg xmlns="http://www.w3.org/2000/svg" width="24" height="24" viewBox="0 0 24 24" fill="none" stroke="currentColor" stroke-width="2" stroke-linecap="round" stroke-linejoin="round" class="feather feather-info"><circle cx="12" cy="12" r="10"></circle><line x1="12" y1="16" x2="12" y2="12"></line><line x1="12" y1="8" x2="12.01" y2="8"></line></svg>',LE='<svg xmlns="http://www.w3.org/2000/svg" width="24" height="24" viewBox="0 0 24 24" fill="none" stroke="currentColor" stroke-width="2" stroke-linecap="round" stroke-linejoin="round" class="feather feather-layers"><polygon points="12 2 2 7 12 12 22 7 12 2"></polygon><polyline points="2 17 12 22 22 17"></polyline><polyline points="2 12 12 17 22 12"></polyline></svg>',qE='<svg xmlns="http://www.w3.org/2000/svg" width="24" height="24" viewBox="0 0 24 24" fill="none" stroke="currentColor" stroke-width="2" stroke-linecap="round" stroke-linejoin="round" class="feather feather-link"><path d="M10 13a5 5 0 0 0 7.54.54l3-3a5 5 0 0 0-7.07-7.07l-1.72 1.71"></path><path d="M14 11a5 5 0 0 0-7.54-.54l-3 3a5 5 0 0 0 7.07 7.07l1.71-1.71"></path></svg>',DE='<svg xmlns="http://www.w3.org/2000/svg" width="24" height="24" viewBox="0 0 24 24" fill="none" stroke="currentColor" stroke-width="2" stroke-linecap="round" stroke-linejoin="round" class="feather feather-list"><line x1="8" y1="6" x2="21" y2="6"></line><line x1="8" y1="12" x2="21" y2="12"></line><line x1="8" y1="18" x2="21" y2="18"></line><line x1="3" y1="6" x2="3.01" y2="6"></line><line x1="3" y1="12" x2="3.01" y2="12"></line><line x1="3" y1="18" x2="3.01" y2="18"></line></svg>',PE='<svg xmlns="http://www.w3.org/2000/svg" width="24" height="24" viewBox="0 0 24 24" fill="none" stroke="currentColor" stroke-width="2" stroke-linecap="round" stroke-linejoin="round" class="feather feather-lock"><rect x="3" y="11" width="18" height="11" rx="2" ry="2"></rect><path d="M7 11V7a5 5 0 0 1 10 0v4"></path></svg>',xE='<svg xmlns="http://www.w3.org/2000/svg" width="24" height="24" viewBox="0 0 24 24" fill="none" stroke="currentColor" stroke-width="2" stroke-linecap="round" stroke-linejoin="round" class="feather feather-mail"><path d="M4 4h16c1.1 0 2 .9 2 2v12c0 1.1-.9 2-2 2H4c-1.1 0-2-.9-2-2V6c0-1.1.9-2 2-2z"></path><polyline points="22,6 12,13 2,6"></polyline></svg>',ME='<svg xmlns="http://www.w3.org/2000/svg" width="24" height="24" viewBox="0 0 24 24" fill="none" stroke="currentColor" stroke-width="2" stroke-linecap="round" stroke-linejoin="round" class="feather feather-map"><polygon points="1 6 1 22 8 18 16 22 23 18 23 2 16 6 8 2 1 6"></polygon><line x1="8" y1="2" x2="8" y2="18"></line><line x1="16" y1="6" x2="16" y2="22"></line></svg>',UE='<svg xmlns="http://www.w3.org/2000/svg" width="24" height="24" viewBox="0 0 24 24" fill="none" stroke="currentColor" stroke-width="2" stroke-linecap="round" stroke-linejoin="round" class="feather feather-menu"><line x1="3" y1="12" x2="21" y2="12"></line><line x1="3" y1="6" x2="21" y2="6"></line><line x1="3" y1="18" x2="21" y2="18"></line></svg>',FE='<svg xmlns="http://www.w3.org/2000/svg" width="24" height="24" viewBox="0 0 24 24" fill="none" stroke="currentColor" stroke-width="2" stroke-linecap="round" stroke-linejoin="round" class="feather feather-paperclip"><path d="M21.44 11.05l-9.19 9.19a6 6 0 0 1-8.49-8.49l9.19-9.19a4 4 0 0 1 5.66 5.66l-9.2 9.19a2 2 0 0 1-2.83-2.83l8.49-8.48"></path></svg>',HE='<svg xmlns="http://www.w3.org/2000/svg" width="24" height="24" viewBox="0 0 24 24" fill="none" stroke="currentColor" stroke-width="2" stroke-linecap="round" stroke-linejoin="round" class="feather feather-percent"><line x1="19" y1="5" x2="5" y2="19"></line><circle cx="6.5" cy="6.5" r="2.5"></circle><circle cx="17.5" cy="17.5" r="2.5"></circle></svg>',BE='<svg xmlns="http://www.w3.org/2000/svg" width="24" height="24" viewBox="0 0 24 24" fill="none" stroke="currentColor" stroke-width="2" stroke-linecap="round" stroke-linejoin="round" class="feather feather-pie-chart"><path d="M21.21 15.89A10 10 0 1 1 8 2.83"></path><path d="M22 12A10 10 0 0 0 12 2v10z"></path></svg>',jE='<svg xmlns="http://www.w3.org/2000/svg" width="24" height="24" viewBox="0 0 24 24" fill="none" stroke="currentColor" stroke-width="2" stroke-linecap="round" stroke-linejoin="round" class="feather feather-search"><circle cx="11" cy="11" r="8"></circle><line x1="21" y1="21" x2="16.65" y2="16.65"></line></svg>',VE='<svg xmlns="http://www.w3.org/2000/svg" width="24" height="24" viewBox="0 0 24 24" fill="none" stroke="currentColor" stroke-width="2" stroke-linecap="round" stroke-linejoin="round" class="feather feather-settings"><circle cx="12" cy="12" r="3"></circle><path d="M19.4 15a1.65 1.65 0 0 0 .33 1.82l.06.06a2 2 0 0 1 0 2.83 2 2 0 0 1-2.83 0l-.06-.06a1.65 1.65 0 0 0-1.82-.33 1.65 1.65 0 0 0-1 1.51V21a2 2 0 0 1-2 2 2 2 0 0 1-2-2v-.09A1.65 1.65 0 0 0 9 19.4a1.65 1.65 0 0 0-1.82.33l-.06.06a2 2 0 0 1-2.83 0 2 2 0 0 1 0-2.83l.06-.06a1.65 1.65 0 0 0 .33-1.82 1.65 1.65 0 0 0-1.51-1H3a2 2 0 0 1-2-2 2 2 0 0 1 2-2h.09A1.65 1.65 0 0 0 4.6 9a1.65 1.65 0 0 0-.33-1.82l-.06-.06a2 2 0 0 1 0-2.83 2 2 0 0 1 2.83 0l.06.06a1.65 1.65 0 0 0 1.82.33H9a1.65 1.65 0 0 0 1-1.51V3a2 2 0 0 1 2-2 2 2 0 0 1 2 2v.09a1.65 1.65 0 0 0 1 1.51 1.65 1.65 0 0 0 1.82-.33l.06-.06a2 2 0 0 1 2.83 0 2 2 0 0 1 0 2.83l-.06.06a1.65 1.65 0 0 0-.33 1.82V9a1.65 1.65 0 0 0 1.51 1H21a2 2 0 0 1 2 2 2 2 0 0 1-2 2h-.09a1.65 1.65 0 0 0-1.51 1z"></path></svg>',GE='<svg xmlns="http://www.w3.org/2000/svg" width="24" height="24" viewBox="0 0 24 24" fill="none" stroke="currentColor" stroke-width="2" stroke-linecap="round" stroke-linejoin="round" class="feather feather-share"><path d="M4 12v8a2 2 0 0 0 2 2h12a2 2 0 0 0 2-2v-8"></path><polyline points="16 6 12 2 8 6"></polyline><line x1="12" y1="2" x2="12" y2="15"></line></svg>',WE='<svg xmlns="http://www.w3.org/2000/svg" width="24" height="24" viewBox="0 0 24 24" fill="none" stroke="currentColor" stroke-width="2" stroke-linecap="round" stroke-linejoin="round" class="feather feather-slash"><circle cx="12" cy="12" r="10"></circle><line x1="4.93" y1="4.93" x2="19.07" y2="19.07"></line></svg>',zE='<svg xmlns="http://www.w3.org/2000/svg" width="24" height="24" viewBox="0 0 24 24" fill="none" stroke="currentColor" stroke-width="2" stroke-linecap="round" stroke-linejoin="round" class="feather feather-smile"><circle cx="12" cy="12" r="10"></circle><path d="M8 14s1.5 2 4 2 4-2 4-2"></path><line x1="9" y1="9" x2="9.01" y2="9"></line><line x1="15" y1="9" x2="15.01" y2="9"></line></svg>',QE='<svg xmlns="http://www.w3.org/2000/svg" width="24" height="24" viewBox="0 0 24 24" fill="none" stroke="currentColor" stroke-width="2" stroke-linecap="round" stroke-linejoin="round" class="feather feather-star"><polygon points="12 2 15.09 8.26 22 9.27 17 14.14 18.18 21.02 12 17.77 5.82 21.02 7 14.14 2 9.27 8.91 8.26 12 2"></polygon></svg>',YE='<svg xmlns="http://www.w3.org/2000/svg" width="24" height="24" viewBox="0 0 24 24" fill="none" stroke="currentColor" stroke-width="2" stroke-linecap="round" stroke-linejoin="round" class="feather feather-terminal"><polyline points="4 17 10 11 4 5"></polyline><line x1="12" y1="19" x2="20" y2="19"></line></svg>',KE='<svg xmlns="http://www.w3.org/2000/svg" width="24" height="24" viewBox="0 0 24 24" fill="none" stroke="currentColor" stroke-width="2" stroke-linecap="round" stroke-linejoin="round" class="feather feather-trash-2"><polyline points="3 6 5 6 21 6"></polyline><path d="M19 6v14a2 2 0 0 1-2 2H7a2 2 0 0 1-2-2V6m3 0V4a2 2 0 0 1 2-2h4a2 2 0 0 1 2 2v2"></path><line x1="10" y1="11" x2="10" y2="17"></line><line x1="14" y1="11" x2="14" y2="17"></line></svg>',XE='<svg xmlns="http://www.w3.org/2000/svg" width="24" height="24" viewBox="0 0 24 24" fill="none" stroke="currentColor" stroke-width="2" stroke-linecap="round" stroke-linejoin="round" class="feather feather-twitter"><path d="M23 3a10.9 10.9 0 0 1-3.14 1.53 4.48 4.48 0 0 0-7.86 3v1A10.66 10.66 0 0 1 3 4s-4 9 5 13a11.64 11.64 0 0 1-7 2c9 5 20 0 20-11.5a4.5 4.5 0 0 0-.08-.83A7.72 7.72 0 0 0 23 3z"></path></svg>',JE='<svg xmlns="http://www.w3.org/2000/svg" width="24" height="24" viewBox="0 0 24 24" fill="none" stroke="currentColor" stroke-width="2" stroke-linecap="round" stroke-linejoin="round" class="feather feather-upload-cloud"><polyline points="16 16 12 12 8 16"></polyline><line x1="12" y1="12" x2="12" y2="21"></line><path d="M20.39 18.39A5 5 0 0 0 18 9h-1.26A8 8 0 1 0 3 16.3"></path><polyline points="16 16 12 12 8 16"></polyline></svg>',ZE='<svg xmlns="http://www.w3.org/2000/svg" width="24" height="24" viewBox="0 0 24 24" fill="none" stroke="currentColor" stroke-width="2" stroke-linecap="round" stroke-linejoin="round" class="feather feather-user"><path d="M20 21v-2a4 4 0 0 0-4-4H8a4 4 0 0 0-4 4v2"></path><circle cx="12" cy="7" r="4"></circle></svg>',e1='<svg xmlns="http://www.w3.org/2000/svg" width="24" height="24" viewBox="0 0 24 24" fill="none" stroke="currentColor" stroke-width="2" stroke-linecap="round" stroke-linejoin="round" class="feather feather-users"><path d="M17 21v-2a4 4 0 0 0-4-4H5a4 4 0 0 0-4 4v2"></path><circle cx="9" cy="7" r="4"></circle><path d="M23 21v-2a4 4 0 0 0-3-3.87"></path><path d="M16 3.13a4 4 0 0 1 0 7.75"></path></svg>',t1='<svg xmlns="http://www.w3.org/2000/svg" width="24" height="24" viewBox="0 0 24 24" fill="none" stroke="currentColor" stroke-width="2" stroke-linecap="round" stroke-linejoin="round" class="feather feather-x"><line x1="18" y1="6" x2="6" y2="18"></line><line x1="6" y1="6" x2="18" y2="18"></line></svg>',s1='<svg xmlns="http://www.w3.org/2000/svg" width="24" height="24" viewBox="0 0 24 24" fill="none" stroke="currentColor" stroke-width="2" stroke-linecap="round" stroke-linejoin="round" class="feather feather-x-circle"><circle cx="12" cy="12" r="10"></circle><line x1="15" y1="9" x2="9" y2="15"></line><line x1="9" y1="9" x2="15" y2="15"></line></svg>',n1='<svg xmlns="http://www.w3.org/2000/svg" width="24" height="24" viewBox="0 0 24 24" fill="none" stroke="currentColor" stroke-width="2" stroke-linecap="round" stroke-linejoin="round" class="feather feather-zap"><polygon points="13 2 3 14 12 14 11 22 21 10 12 10 13 2"></polygon></svg>';let r1={ActivityIcon:uE,AlertCircleIcon:dE,AlertTriangleIcon:hE,ArrowDownCircleIcon:fE,CheckCircleIcon:pE,ChevronDownIcon:mE,ChevronLeftIcon:gE,ChevronRightIcon:vE,ChevronUpIcon:bE,ClipboardIcon:yE,ClockIcon:EE,CompassIcon:TE,CpuIcon:wE,DatabaseIcon:_E,DiscIcon:SE,DownloadCloudIcon:RE,Edit2Icon:CE,GithubIcon:AE,HashIcon:kE,HeartIcon:NE,HelpCircleIcon:OE,ImageIcon:IE,InfoIcon:$E,LayersIcon:LE,LinkIcon:qE,ListIcon:DE,LockIcon:PE,MailIcon:xE,MapIcon:ME,MenuIcon:UE,PaperclipIcon:FE,PercentIcon:HE,PieChartIcon:BE,SearchIcon:jE,SettingsIcon:VE,ShareIcon:GE,SlashIcon:WE,SmileIcon:zE,StarIcon:QE,TerminalIcon:YE,Trash2Icon:KE,TwitterIcon:XE,UploadCloudIcon:JE,UserIcon:ZE,UsersIcon:e1,XIcon:t1,XCircleIcon:s1,ZapIcon:n1};const o1={name:"Icon",props:["name"],computed:{content(){return r1[this.name.split("-").map(e=>e.charAt(0).toUpperCase()+e.slice(1)).join("")+"Icon"]}}},i1=["data-name","innerHTML"];function a1(e,t,s,n,r,o){return f(),v("div",{class:"ui-icon","data-name":s.name,innerHTML:o.content},null,8,i1)}const Kc=he(o1,[["render",a1]]),l1={name:"HttpRequestModal",components:{DetailsTable:He,Modal:vs,PerformanceChart:Ii,PrettyPrint:Qe,UiIcon:Kc},props:["request"],data:()=>({selectedTab:"request",showRequestHeaders:!1,showResponseHeaders:!1,showRawRequestBody:!1,showRawResponseBody:!1}),computed:{requestLocal:{get(){return this.request},set(e){this.$emit("update:request",e)}},hasRequestContent(){return this.request.request.content&&Object.values(this.request.request.content).length||this.request.request.body},hasResponseContent(){var e,t,s;return((e=this.request.response)==null?void 0:e.content)&&Object.values((t=this.request.response)==null?void 0:t.content).length||((s=this.request.response)==null?void 0:s.body)},hasJsonResponse(){var e;return((e=this.request.response)==null?void 0:e.content)instanceof Object},copyRequestContent(){this.$copyText(this.request.request.body||JSON.stringify(this.request.request.content))},copyResponseContent(){this.$copyText(this.request.response.body||JSON.stringify(this.request.response.content))},timings(){return this.request.stats.timing?[{name:"Lookup",value:this.request.stats.timing.lookup,color:"red"},{name:"Connect",value:this.request.stats.timing.connect,color:"purple"},{name:"Waiting",value:this.request.stats.timing.waiting,color:"blue"},{name:"Transfer",value:this.request.stats.timing.transfer,color:"green"}]:[]}},methods:{formatBytesSize(e){if(!e)return"0 B";const t=["B","KB","MB","GB","TB","PB","EB"],s=Math.floor(Math.log(e)/Math.log(1024));return`${Math.round(e/Math.pow(1024,s))} ${t[s]}`},formatBytesSpeed(e){return`${this.formatBytesSize(e)}/s`}}},c1={key:0,class:"http-request-details"},u1={class:"details-tabs"},d1={key:0,class:"details-request"},h1={class:"request-info"},f1={class:"request-scheme"},p1={class:"request-host"},m1={class:"request-path"},g1={class:"request-query"},v1={key:0,class:"info-headers"},b1={colspan:"2"},y1={class:"key"},E1={class:"value"},T1={class:"request-content"},w1={class:"request-content-header"},_1={key:0,class:"stats-item",title:"Upload Size"},S1={key:1,class:"stats-item",title:"Upload Speed"},R1={key:2,class:"stats-item"},C1={class:"header-actions"},A1={class:"request-content-content"},k1={key:0,class:"request-content-empty"},N1=["innerHTML"],O1={key:1,class:"details-response"},I1={key:0,class:"response-info"},$1={class:"header-status"},L1={class:"status-code"},q1={class:"status-message"},D1={key:0,class:"status-version"},P1={key:0,class:"info-headers"},x1={colspan:"2"},M1={class:"key"},U1={class:"value"},F1={key:1,class:"response-content"},H1={class:"response-content-header"},B1={key:0,class:"stats-item",title:"Download Size"},j1={key:1,class:"stats-item",title:"Download Speed"},V1={key:2,class:"stats-item"},G1={class:"header-actions"},W1={class:"response-content-content"},z1={key:0,class:"response-content-empty"},Q1=["innerHTML"],Y1=["srcdoc"],K1={key:2,class:"response-error"},X1={key:0},J1={key:3,class:"request-performance"},Z1={class:"performance-timings"},eT={class:"timings-timing"},tT=["title"];function sT(e,t,s,n,r,o){const i=$("ui-icon"),a=$("details-table"),l=$("pretty-print"),h=$("performance-chart"),d=$("modal");return f(),J(d,{icon:"compass",title:"HTTP Request",shown:o.requestLocal,"onUpdate:shown":t[8]||(t[8]=p=>o.requestLocal=p)},{default:ce(()=>{var p,g,y,A,k,j,W,C,R,O,q,L,Q,oe,P,V;return[s.request?(f(),v("div",c1,[u("div",u1,[u("a",{class:te(["tabs-tab",{active:e.selectedTab=="request"}]),href:"#",onClick:t[0]||(t[0]=ge(F=>e.selectedTab="request",["prevent"]))},[t[9]||(t[9]=z(" Request ")),u("span",{class:te(["request-method",`method-${s.request.request.method.toLowerCase()}`])},T(s.request.request.method),3)],2),u("a",{class:te(["tabs-tab",{active:e.selectedTab=="response","no-response":!s.request.response}]),href:"#",onClick:t[1]||(t[1]=ge(F=>e.selectedTab="response",["prevent"]))},[t[10]||(t[10]=z(" Response ")),s.request.response?(f(),v("span",{key:0,class:te(["response-status",{"client-error":((p=s.request.response)==null?void 0:p.status)>=400&&((g=s.request.response)==null?void 0:g.status)<=499,"server-error":((y=s.request.response)==null?void 0:y.status)>=500&&((A=s.request.response)==null?void 0:A.status)<=599}])},T(s.request.response.status),3)):E("",!0)],2)]),e.selectedTab=="request"?(f(),v("div",d1,[u("div",h1,[u("div",{onClick:t[2]||(t[2]=F=>e.showRequestHeaders=!e.showRequestHeaders),class:"info-header"},[u("div",null,[u("span",{class:te(["request-method",`method-${s.request.request.method.toLowerCase()}`])},T(s.request.request.method),3),t[11]||(t[11]=z()),u("span",f1,T(s.request.request.url.scheme),1),u("span",p1,T(s.request.request.url.host),1),u("span",m1,T(s.request.request.url.path),1),u("span",g1,T(s.request.request.url.query),1)]),D(i,{name:e.showRequestHeaders?"chevron-down":"chevron-up"},null,8,["name"])]),e.showRequestHeaders?(f(),v("div",v1,[D(a,{columns:["Key","Value"],items:Object.entries(s.request.request.headers),"no-header":!0,"no-table-head":!0},{body:ce(({items:F})=>[(f(!0),v(B,null,le(F,([M,c])=>(f(),v("tr",{key:`${e.$request.id}-${M}`},[u("td",b1,[u("div",y1,T(M),1),u("div",E1,T(c.join(", ")),1)])]))),128))]),_:1},8,["items"])])):E("",!0)]),u("div",T1,[u("div",w1,[((k=s.request.stats)==null?void 0:k.size.upload)!==null&&((j=s.request.stats)==null?void 0:j.size.upload)!==void 0?(f(),v("div",_1,[D(i,{name:"upload-cloud"}),z(" "+T(o.formatBytesSize(s.request.stats.size.upload)),1)])):E("",!0),((W=s.request.stats)==null?void 0:W.speed.upload)!==null&&((C=s.request.stats)==null?void 0:C.speed.upload)!==void 0?(f(),v("div",S1,[D(i,{name:"zap"}),z(" "+T(o.formatBytesSpeed(s.request.stats.speed.upload)),1)])):E("",!0),(R=s.request.stats)!=null&&R.hosts.local?(f(),v("div",R1,T(s.request.stats.hosts.local.ip)+":"+T(s.request.stats.hosts.local.port),1)):E("",!0),u("div",C1,[o.hasRequestContent?(f(),v("a",{key:0,onClick:t[3]||(t[3]=ge((...F)=>o.copyRequestContent&&o.copyRequestContent(...F),["prevent"])),class:"header-action",title:"Copy to clipboard"},[D(i,{name:"clipboard"})])):E("",!0),s.request.request.body?(f(),v("a",{key:1,onClick:t[4]||(t[4]=F=>e.showRawRequestBody=!e.showRawRequestBody),href:"#",class:te(["header-action",{active:e.showRawRequestBody}]),title:"Show raw request body"}," Raw ",2)):E("",!0)])]),u("div",A1,[o.hasRequestContent?e.showRawRequestBody?(f(),v("code",{key:2,innerHTML:s.request.request.body},null,8,N1)):(f(),J(l,{key:1,data:s.request.request.content,expanded:!0},null,8,["data"])):(f(),v("div",k1," No request body. "))])])])):E("",!0),e.selectedTab=="response"?(f(),v("div",O1,[s.request.response?(f(),v("div",I1,[u("div",{onClick:t[5]||(t[5]=F=>e.showResponseHeaders=!e.showResponseHeaders),class:te(["info-header",{"client-error":s.request.response.status>=400&&s.request.response.status<=499,"server-error":s.request.response.status>=500&&s.request.response.status<=599}])},[u("div",$1,[u("span",L1,T(s.request.response.status),1),u("span",q1,T(s.request.response.statusMessage),1)]),(O=s.request.stats)!=null&&O.version?(f(),v("span",D1," HTTP"+T(s.request.stats.version),1)):E("",!0),D(i,{name:e.showResponseHeaders?"chevron-down":"chevron-up"},null,8,["name"])],2),e.showResponseHeaders?(f(),v("div",P1,[D(a,{columns:["Key","Value"],items:Object.entries(s.request.response.headers),"no-header":!0,"no-table-head":!0},{body:ce(({items:F})=>[(f(!0),v(B,null,le(F,([M,c])=>(f(),v("tr",{key:`${e.$request.id}-${M}`},[u("td",x1,[u("div",M1,T(M),1),u("div",U1,T(c.join(", ")),1)])]))),128))]),_:1},8,["items"])])):E("",!0)])):E("",!0),s.request.response?(f(),v("div",F1,[u("div",H1,[((q=s.request.stats)==null?void 0:q.size.download)!==null&&((L=s.request.stats)==null?void 0:L.size.download)!==void 0?(f(),v("div",B1,[D(i,{name:"download-cloud"}),z(" "+T(o.formatBytesSize(s.request.stats.size.download)),1)])):E("",!0),((Q=s.request.stats)==null?void 0:Q.speed.download)!==null&&((oe=s.request.stats)==null?void 0:oe.speed.download)!==void 0?(f(),v("div",j1,[D(i,{name:"zap"}),z(" "+T(o.formatBytesSpeed(s.request.stats.speed.download)),1)])):E("",!0),(P=s.request.stats)!=null&&P.hosts.remote?(f(),v("div",V1,T(s.request.stats.hosts.remote.ip)+":"+T(s.request.stats.hosts.remote.port),1)):E("",!0),u("div",G1,[o.hasResponseContent?(f(),v("a",{key:0,onClick:t[6]||(t[6]=ge((...F)=>o.copyResponseContent&&o.copyResponseContent(...F),["prevent"])),class:"header-action",title:"Copy to clipboard"},[D(i,{name:"clipboard"})])):E("",!0),s.request.response.body&&o.hasJsonResponse?(f(),v("a",{key:1,onClick:t[7]||(t[7]=F=>e.showRawResponseBody=!e.showRawResponseBody),href:"#",class:te(["header-action",{active:e.showRawResponseBody}]),title:"Show raw response body"}," Raw ",2)):E("",!0)])]),u("div",W1,[o.hasResponseContent?o.hasJsonResponse&&!e.showRawResponseBody?(f(),J(l,{key:1,data:s.request.response.content,expanded:!0},null,8,["data"])):o.hasJsonResponse?(f(),v("code",{key:2,innerHTML:s.request.response.body},null,8,Q1)):(f(),v("iframe",{key:3,ref:"responseContent",srcdoc:s.request.response.body},null,8,Y1)):(f(),v("div",z1," No response body. "))])])):E("",!0),s.request.response?E("",!0):(f(),v("div",K1,[t[12]||(t[12]=u("p",null,"No response.",-1)),s.request.error?(f(),v("p",X1,"("+T(s.request.error)+")",1)):E("",!0)])),(V=s.request.stats)!=null&&V.timing?(f(),v("div",J1,[D(h,{metrics:o.timings},null,8,["metrics"]),u("div",Z1,[(f(!0),v(B,null,le(o.timings,F=>(f(),v("div",eT,[u("div",{class:te(["timing-color",F.color])},null,2),z(" "+T(F.name)+" ",1),u("div",{class:"timing-value",title:`${F.value} ms`},T(Math.round(F.value))+" ms",9,tT)]))),256))])])):E("",!0)])):E("",!0)])):E("",!0)]}),_:1},8,["shown"])}const nT=he(l1,[["render",sT]]),rT={name:"httpRequestsTab",components:{DetailsTable:He,PrettyPrint:Qe,RequestModal:nT,StackTrace:ht},props:["active"],data:()=>({filter:ze([{tag:"to"}]),showRequest:null})},oT={key:0},iT={class:"request-request"},aT={class:"request-content"},lT={class:"content-text"},cT={class:"text-scheme"},uT={class:"text-host"},dT={class:"text-path"},hT={class:"text-query"},fT={class:"request-status"},pT={class:"request-duration"},mT={class:"request-actions"},gT=["onClick"];function vT(e,t,s,n,r,o){const i=$("stack-trace"),a=$("icon"),l=$("details-table"),h=$("request-modal");return s.active?(f(),v("div",oT,[D(l,{title:"HTTP Requests",icon:"compass",columns:["Request","Status","Duration",""],items:e.$request.httpRequests,filter:e.filter,"filter-example":'"/users" method:post',class:"http-requests-requests"},{body:ce(({items:d})=>[(f(!0),v(B,null,le(d,(p,g)=>{var y,A,k,j,W,C;return f(),v("tr",{key:`${e.$request.id}-http-requests-${g}`},[u("td",iT,[u("div",aT,[u("div",lT,[u("span",{class:te(["text-method",`method-${p.request.method.toLowerCase()}`])},T(p.request.method),3),t[1]||(t[1]=z()),u("span",cT,T(p.request.url.scheme),1),u("span",uT,T(p.request.url.host),1),u("span",dT,T(p.request.url.path),1),u("span",hT,T(p.request.url.query),1)]),D(i,{class:"content-trace",trace:p.trace},null,8,["trace"])])]),u("td",fT,[u("span",{class:te({"status-text":(y=p.response)==null?void 0:y.status,"client-error":((A=p.response)==null?void 0:A.status)>=400&&((k=p.response)==null?void 0:k.status)<=499,"server-error":((j=p.response)==null?void 0:j.status)>=500&&((W=p.response)==null?void 0:W.status)<=599})},T(((C=p.response)==null?void 0:C.status)||"—"),3)]),u("td",pT,T(p.duration?`${e.$round(p.duration,1)} ms`:"—"),1),u("td",mT,[u("a",{href:"#",onClick:ge(R=>e.showRequest=p,["prevent"]),title:"Show request"},[D(a,{name:"search"})],8,gT)])])}),128))]),_:1},8,["items","filter"]),D(h,{request:e.showRequest,"onUpdate:request":t[0]||(t[0]=d=>e.showRequest=d)},null,8,["request"])])):E("",!0)}const bT=he(rT,[["render",vT]]),yT={name:"LogTab",components:{DetailsTable:He,PrettyPrint:Qe,StackTrace:ht},props:["active"],data:()=>({filter:ze([{tag:"time",type:"date"},{tag:"level"},{tag:"file",map:e=>e.shortPath}],e=>e.message)}),computed:{log(){return this.$request.log.filter(e=>{var t;return!((t=e.context)!=null&&t.performance)})}},methods:{showPreviousException(e){let t=this.$request.log.indexOf(e);this.$request.log.splice(t+1,0,{time:e.time,message:e.exception.previous.message,exception:e.exception.previous,level:"error",shortPath:`${e.exception.previous.file.split(/[\/\\]/).pop()}:${e.exception.previous.line}`,trace:e.exception.previous.trace}),e.exception.previous=void 0}}},ET={key:0},TT={class:"log-date"},wT={class:"log-level"},_T={class:"log-message"},ST={class:"log-message-content"},RT={key:0,class:"log-message-context"},CT={key:0,class:"log-message-exception"},AT=["onClick"],kT={class:"exception-type"},NT={key:1,class:"exception-code"};function OT(e,t,s,n,r,o){const i=$("pretty-print"),a=$("stack-trace"),l=$("details-table");return s.active?(f(),v("div",ET,[D(l,{title:"Messages",icon:"edit-2",columns:["Time","Level","Message"],items:o.log,filter:e.filter,"filter-example":"query failed level:error file:Controller.php time:>13:08:29"},{body:ce(({items:h})=>[(f(!0),v(B,null,le(h,(d,p)=>(f(),v("tr",{class:te({"log-row":!0,error:["emergency","alert","critical","error"].includes(d.level),warning:d.level=="warning"}),key:`${e.$request.id}-${p}`},[u("td",TT,T(e.$date(d.time,"HH:mm:ss")),1),u("td",wT,T(d.level),1),u("td",null,[u("div",_T,[u("div",ST,[D(i,{data:d.message,linkify:!0},null,8,["data"]),d.context?(f(),v("div",RT,[D(i,{data:d.context},null,8,["data"])])):E("",!0)]),d.exception?(f(),v("div",CT,[d.exception.previous?(f(),v("a",{key:0,href:"#",class:"exception-previous",onClick:ge(g=>o.showPreviousException(d),["prevent"])},"Show previous",8,AT)):E("",!0),u("span",kT,T(d.exception.type),1),d.exception.code?(f(),v("span",NT,"#"+T(d.exception.code),1)):E("",!0)])):E("",!0),D(a,{class:"log-message-path",trace:d.trace,file:d.file,line:d.line},null,8,["trace","file","line"])])])],2))),128))]),_:1},8,["items","filter"])])):E("",!0)}const IT=he(yT,[["render",OT]]),$T={name:"ModelsTab",components:{DetailsTable:He,HighlightedCode:ro,PrettyPrint:Qe,ShortenedText:bs,StackTrace:ht},props:["active"],data:()=>({selectedModelsTab:"actions",actionsFilter:ze([{tag:"model"},{tag:"action"},{tag:"file",map:e=>e.shortPath}]),countsFilter:ze([{tag:"model"},{tag:"retrieved",type:"number"},{tag:"created",type:"number"},{tag:"updated",type:"number"},{tag:"deleted",type:"number"}]),renderTrigger:0}),computed:{totals(){return{retrieved:Object.values(this.$request.modelsRetrieved).reduce((e,t)=>e+t,0),created:Object.values(this.$request.modelsCreated).reduce((e,t)=>e+t,0),updated:Object.values(this.$request.modelsUpdated).reduce((e,t)=>e+t,0),deleted:Object.values(this.$request.modelsDeleted).reduce((e,t)=>e+t,0)}},activeModelsTab(){return this.selectedModelsTab=="actions"&&!this.$request.modelsActions.length?"models":this.selectedModelsTab},modelsCounts(){let e=new Set([...Object.keys(this.$request.modelsRetrieved),...Object.keys(this.$request.modelsCreated),...Object.keys(this.$request.modelsUpdated),...Object.keys(this.$request.modelsDeleted)]);return Array.from(e).map(t=>({model:t,shortModel:t.split("\\").pop(),retrieved:this.$request.modelsRetrieved[t],created:this.$request.modelsCreated[t],updated:this.$request.modelsUpdated[t],deleted:this.$request.modelsDeleted[t]}))}},methods:{isTabActive(e){if(e=="")return this.selectedModelsTab==e},showTab(e){this.selectedModelsTab=e}}},LT={key:0},qT={class:"counters-row models-counters"},DT={key:0,class:"counter counter-retrieved"},PT={class:"counter-value"},xT={key:1,class:"counter counter-created"},MT={class:"counter-value"},UT={key:2,class:"counter counter-updated"},FT={class:"counter-value"},HT={key:3,class:"counter counter-deleted"},BT={class:"counter-value"},jT={key:0,class:"models-tabs"},VT={class:"actions-action"},GT={class:"action-model"},WT={class:"model-content"},zT={class:"content-text"},QT={key:0,class:"action-key"},YT={class:"database-duration"},KT=["onClick"],XT={class:"actions-details"},JT={colspan:"3"},ZT={key:0,class:"details-row"},e0={class:"row-group"},t0={key:1,class:"details-row"},s0={class:"row-group"},n0={key:2,class:"details-row"},r0={key:0,class:"row-group group-query"},o0={key:1,class:"row-group"},i0={key:2,class:"row-group"},a0={class:"counts-model"},l0={class:"counts-count"},c0={key:0,class:"count-text count-retrieved"},u0={key:1},d0={class:"counts-count"},h0={key:0,class:"count-text count-created"},f0={key:1},p0={class:"counts-count"},m0={key:0,class:"count-text count-updated"},g0={key:1},v0={class:"counts-count"},b0={key:0,class:"count-text count-deleted"},y0={key:1};function E0(e,t,s,n,r,o){const i=$("icon"),a=$("shortened-text"),l=$("stack-trace"),h=$("pretty-print"),d=$("highlighted-code"),p=$("details-table");return s.active?(f(),v("div",LT,[u("div",qT,[o.totals.retrieved?(f(),v("div",DT,[u("div",PT,T(o.totals.retrieved),1),t[2]||(t[2]=u("div",{class:"counter-title has-mark"},"retrieved",-1))])):E("",!0),o.totals.created?(f(),v("div",xT,[u("div",MT,T(o.totals.created),1),t[3]||(t[3]=u("div",{class:"counter-title has-mark"},"created",-1))])):E("",!0),o.totals.updated?(f(),v("div",UT,[u("div",FT,T(o.totals.updated),1),t[4]||(t[4]=u("div",{class:"counter-title has-mark"},"updated",-1))])):E("",!0),o.totals.deleted?(f(),v("div",HT,[u("div",BT,T(o.totals.deleted),1),t[5]||(t[5]=u("div",{class:"counter-title has-mark"},"deleted",-1))])):E("",!0)]),e.$request.modelsActions.length?(f(),v("div",jT,[u("a",{class:te(["models-tab",{active:o.activeModelsTab=="actions"}]),href:"#",onClick:t[0]||(t[0]=ge(g=>e.selectedModelsTab="actions",["prevent"]))},[D(i,{name:"activity"}),t[6]||(t[6]=z(" Actions "))],2),u("a",{class:te(["models-tab",{active:o.activeModelsTab=="models"}]),href:"#",onClick:t[1]||(t[1]=ge(g=>e.selectedModelsTab="models",["prevent"]))},[D(i,{name:"hash"}),t[7]||(t[7]=z(" Models "))],2)])):E("",!0),o.activeModelsTab=="actions"?(f(),J(p,{title:"Actions",icon:"activity",class:"models-actions",columns:["Model","",""],items:e.$request.modelsActions,filter:e.actionsFilter,"filter-example":"App\\User action:updated",key:e.renderTrigger},{body:ce(({items:g})=>[(f(!0),v(B,null,le(g,(y,A)=>(f(),v(B,{key:`${e.$request.id}-models-actions-${A}`},[u("tr",VT,[u("td",GT,[u("div",WT,[u("div",zT,[D(a,{full:y.model},{default:ce(()=>[z(T(y.shortModel),1)]),_:2},1032,["full"]),y.key?(f(),v("span",QT,[t[8]||(t[8]=u("span",{class:"key-hash"},"#",-1)),z(T(y.key),1)])):E("",!0)]),D(l,{class:"content-trace",trace:y.trace,file:y.file,line:y.line},null,8,["trace","file","line"])])]),u("td",YT,[u("span",{class:te(["action-action",`action-${y.action}`])},T(y.action),3)]),u("td",null,[y.attributes||y.changes?(f(),v("a",{key:0,href:"#",onClick:ge(k=>{y.isShowingDetails=!y.isShowingDetails,e.renderTrigger++},["prevent"]),title:"Show details"},[D(i,{name:y.isShowingDetails?"chevron-up":"chevron-down"},null,8,["name"])],8,KT)):E("",!0)])]),Oe(u("tr",XT,[u("td",JT,[y.attributes?(f(),v("div",ZT,[u("div",e0,[t[9]||(t[9]=u("h4",null,"Attributes",-1)),D(h,{data:y.attributes},null,8,["data"])])])):E("",!0),y.changes?(f(),v("div",t0,[u("div",s0,[t[10]||(t[10]=u("h4",null,"Changes",-1)),D(h,{data:y.changes},null,8,["data"])])])):E("",!0),y.query?(f(),v("div",n0,[y.query?(f(),v("div",r0,[t[11]||(t[11]=u("h4",null,"Query",-1)),D(d,{language:"sql",code:y.query},null,8,["code"])])):E("",!0),y.duration?(f(),v("div",o0,[t[12]||(t[12]=u("h4",null,"Duration",-1)),u("span",null,T(e.$round(y.duration,3))+" ms",1)])):E("",!0),y.connection?(f(),v("div",i0,[t[13]||(t[13]=u("h4",null,"Connection",-1)),u("span",null,T(y.connection),1)])):E("",!0)])):E("",!0)])],512),[[Nc,y.isShowingDetails]])],64))),128))]),_:1},8,["items","filter"])):E("",!0),o.activeModelsTab=="models"?(f(),J(p,{key:2,title:"Models",icon:"hash",class:"models-counts",columns:["Model","Retrieved","Created","Updated","Deleted"],items:o.modelsCounts,filter:e.countsFilter,"filter-example":"App\\User retrieved:>10"},{body:ce(({items:g})=>[(f(!0),v(B,null,le(g,(y,A)=>(f(),v("tr",{key:`${e.$request.id}-models-counts-${A}`},[u("td",a0,[D(a,{full:y.model},{default:ce(()=>[z(T(y.shortModel),1)]),_:2},1032,["full"])]),u("td",l0,[y.retrieved?(f(),v("span",c0,T(y.retrieved),1)):(f(),v("span",u0,"-"))]),u("td",d0,[y.created?(f(),v("span",h0,T(y.created),1)):(f(),v("span",f0,"-"))]),u("td",p0,[y.updated?(f(),v("span",m0,T(y.updated),1)):(f(),v("span",g0,"-"))]),u("td",v0,[y.deleted?(f(),v("span",b0,T(y.deleted),1)):(f(),v("span",y0,"-"))])]))),128))]),_:1},8,["items","filter"])):E("",!0)])):E("",!0)}const T0=he($T,[["render",E0]]),w0={name:"EmailMessageModal",components:{Modal:vs},props:["message"],computed:{messageLocal:{get(){return this.message},set(e){this.$emit("update:message",e)}}},watch:{async message(e){if(!e)return;await this.$nextTick();let t=this.$refs.content.contentWindow.document;t.open(),t.write(this.message.content),t.close()}}},_0={class:"email-message"},S0={class:"message-info"},R0={key:0,class:"info-row"},C0={class:"row-value"},A0={key:1,class:"info-row"},k0={class:"row-value"},N0={class:"message-content"},O0={ref:"content"};function I0(e,t,s,n,r,o){const i=$("modal");return f(),J(i,{icon:"mail",title:"Message",shown:o.messageLocal,"onUpdate:shown":t[0]||(t[0]=a=>o.messageLocal=a)},{default:ce(()=>[u("div",_0,[u("div",S0,[s.message?(f(),v("div",R0,[t[1]||(t[1]=u("span",{class:"row-label"},"To: ",-1)),u("span",C0,T(s.message.to.join(", ")),1)])):E("",!0),s.message?(f(),v("div",A0,[t[2]||(t[2]=u("span",{class:"row-label"},"Subject: ",-1)),u("span",k0,T(s.message.subject),1)])):E("",!0)]),u("div",N0,[u("iframe",O0,null,512)])])]),_:1},8,["shown"])}const $0=he(w0,[["render",I0]]);var Xc=L0;function L0(e,t){var s={};typeof t=="string"&&(t=[].slice.call(arguments,1));for(var n in e)(!e.hasOwnProperty||e.hasOwnProperty(n))&&t.indexOf(n)===-1&&(s[n]=e[n]);return s}const q0={name:"notificationsTab",components:{DetailsTable:He,DetailsTableFilterToggle:_i,MessageModal:$0,PrettyPrint:Qe,StackTrace:ht},props:["active"],data:()=>({filter:ze([{tag:"to"}]),showNotification:null,renderTrigger:0}),computed:{columns(){let e=["To","Subject",""];return new Set(this.$request.notifications.map(s=>s.type)).size>1&&e.splice(0,0,"Type"),e}},methods:{additionalData(e){return Xc(e,["cc","bcc","replyTo"])}}},D0={key:0},P0={key:0},x0={class:"notification-subject"},M0={class:"subject-content"},U0={class:"content-text"},F0={class:"notification-actions"},H0=["onClick"],B0=["onClick"],j0={class:"notifications-details"},V0=["colspan"],G0={class:"details-row"},W0={key:0,class:"row-group"},z0={key:1,class:"row-group"},Q0={key:2,class:"row-group"},Y0={key:3,class:"row-group"},K0={key:4,class:"row-group"},X0={class:"details-row"},J0={class:"row-group"},Z0={class:"details-row"},ew={class:"row-group"};function tw(e,t,s,n,r,o){const i=$("stack-trace"),a=$("icon"),l=$("pretty-print"),h=$("details-table"),d=$("message-modal");return s.active?(f(),v("div",D0,[(f(),J(h,{title:"Notifications",icon:"mail",columns:o.columns,items:e.$request.notifications,filter:e.filter,"filter-example":'"User Registration" to:its@underground.works',class:"notifications-notifications",key:e.renderTrigger},{body:ce(({items:p})=>[(f(!0),v(B,null,le(p,(g,y)=>(f(),v(B,{key:`${e.$request.id}-notifications-${y}`},[u("tr",null,[o.columns.includes("Type")?(f(),v("td",P0,T(e.$title(g.type)),1)):E("",!0),u("td",null,T(e.$join(g.to,", ")),1),u("td",x0,[u("div",M0,[u("div",U0,T(g.subject),1),D(i,{class:"content-trace",trace:g.trace,file:g.file,line:g.line},null,8,["trace","file","line"])])]),u("td",F0,[g.content?(f(),v("a",{key:0,href:"#",onClick:ge(A=>e.showNotification=g,["prevent"]),title:"Show message"},[D(a,{name:"search"})],8,H0)):E("",!0),u("a",{href:"#",onClick:ge(A=>{g.isShowingDetails=!g.isShowingDetails,e.renderTrigger++},["prevent"]),title:"Show details"},[D(a,{name:g.isShowingDetails?"chevron-up":"chevron-down"},null,8,["name"])],8,B0)])]),Oe(u("tr",j0,[u("td",{colspan:o.columns.length},[u("div",G0,[g.to?(f(),v("div",W0,[t[1]||(t[1]=u("h4",null,"To",-1)),u("span",null,T(e.$join(g.to,", ")),1)])):E("",!0),g.data.cc?(f(),v("div",z0,[t[2]||(t[2]=u("h4",null,"CC",-1)),u("span",null,T(e.$join(g.data.cc,", ")),1)])):E("",!0),g.data.bcc?(f(),v("div",Q0,[t[3]||(t[3]=u("h4",null,"BCC",-1)),u("span",null,T(e.$join(g.data.bcc,", ")),1)])):E("",!0),g.from?(f(),v("div",Y0,[t[4]||(t[4]=u("h4",null,"From",-1)),u("span",null,T(e.$join(g.from,", ")),1)])):E("",!0),g.data.replyTo?(f(),v("div",K0,[t[5]||(t[5]=u("h4",null,"Reply To",-1)),u("span",null,T(e.$join(g.data.replyTo,", ")),1)])):E("",!0)]),u("div",X0,[u("div",J0,[t[6]||(t[6]=u("h4",null,"Subject",-1)),D(l,{data:g.subject},null,8,["data"])])]),(f(!0),v(B,null,le(o.additionalData(g.data),(A,k)=>(f(),v("div",Z0,[u("div",ew,[u("h4",null,T(e.$title(k)),1),D(l,{data:A},null,8,["data"])])]))),256))],8,V0)],512),[[Nc,g.isShowingDetails]])],64))),128))]),_:1},8,["columns","items","filter"])),D(d,{message:e.showNotification,"onUpdate:message":t[0]||(t[0]=p=>e.showNotification=p)},null,8,["message"])])):E("",!0)}const sw=he(q0,[["render",tw]]);var Jc={},Ft={};const nw="Á",rw="á",ow="Ă",iw="ă",aw="∾",lw="∿",cw="∾̳",uw="Â",dw="â",hw="´",fw="А",pw="а",mw="Æ",gw="æ",vw="⁡",bw="𝔄",yw="𝔞",Ew="À",Tw="à",ww="ℵ",_w="ℵ",Sw="Α",Rw="α",Cw="Ā",Aw="ā",kw="⨿",Nw="&",Ow="&",Iw="⩕",$w="⩓",Lw="∧",qw="⩜",Dw="⩘",Pw="⩚",xw="∠",Mw="⦤",Uw="∠",Fw="⦨",Hw="⦩",Bw="⦪",jw="⦫",Vw="⦬",Gw="⦭",Ww="⦮",zw="⦯",Qw="∡",Yw="∟",Kw="⊾",Xw="⦝",Jw="∢",Zw="Å",e_="⍼",t_="Ą",s_="ą",n_="𝔸",r_="𝕒",o_="⩯",i_="≈",a_="⩰",l_="≊",c_="≋",u_="'",d_="⁡",h_="≈",f_="≊",p_="Å",m_="å",g_="𝒜",v_="𝒶",b_="≔",y_="*",E_="≈",T_="≍",w_="Ã",__="ã",S_="Ä",R_="ä",C_="∳",A_="⨑",k_="≌",N_="϶",O_="‵",I_="∽",$_="⋍",L_="∖",q_="⫧",D_="⊽",P_="⌅",x_="⌆",M_="⌅",U_="⎵",F_="⎶",H_="≌",B_="Б",j_="б",V_="„",G_="∵",W_="∵",z_="∵",Q_="⦰",Y_="϶",K_="ℬ",X_="ℬ",J_="Β",Z_="β",eS="ℶ",tS="≬",sS="𝔅",nS="𝔟",rS="⋂",oS="◯",iS="⋃",aS="⨀",lS="⨁",cS="⨂",uS="⨆",dS="★",hS="▽",fS="△",pS="⨄",mS="⋁",gS="⋀",vS="⤍",bS="⧫",yS="▪",ES="▴",TS="▾",wS="◂",_S="▸",SS="␣",RS="▒",CS="░",AS="▓",kS="█",NS="=⃥",OS="≡⃥",IS="⫭",$S="⌐",LS="𝔹",qS="𝕓",DS="⊥",PS="⊥",xS="⋈",MS="⧉",US="┐",FS="╕",HS="╖",BS="╗",jS="┌",VS="╒",GS="╓",WS="╔",zS="─",QS="═",YS="┬",KS="╤",XS="╥",JS="╦",ZS="┴",eR="╧",tR="╨",sR="╩",nR="⊟",rR="⊞",oR="⊠",iR="┘",aR="╛",lR="╜",cR="╝",uR="└",dR="╘",hR="╙",fR="╚",pR="│",mR="║",gR="┼",vR="╪",bR="╫",yR="╬",ER="┤",TR="╡",wR="╢",_R="╣",SR="├",RR="╞",CR="╟",AR="╠",kR="‵",NR="˘",OR="˘",IR="¦",$R="𝒷",LR="ℬ",qR="⁏",DR="∽",PR="⋍",xR="⧅",MR="\\",UR="⟈",FR="•",HR="•",BR="≎",jR="⪮",VR="≏",GR="≎",WR="≏",zR="Ć",QR="ć",YR="⩄",KR="⩉",XR="⩋",JR="∩",ZR="⋒",eC="⩇",tC="⩀",sC="ⅅ",nC="∩︀",rC="⁁",oC="ˇ",iC="ℭ",aC="⩍",lC="Č",cC="č",uC="Ç",dC="ç",hC="Ĉ",fC="ĉ",pC="∰",mC="⩌",gC="⩐",vC="Ċ",bC="ċ",yC="¸",EC="¸",TC="⦲",wC="¢",_C="·",SC="·",RC="𝔠",CC="ℭ",AC="Ч",kC="ч",NC="✓",OC="✓",IC="Χ",$C="χ",LC="ˆ",qC="≗",DC="↺",PC="↻",xC="⊛",MC="⊚",UC="⊝",FC="⊙",HC="®",BC="Ⓢ",jC="⊖",VC="⊕",GC="⊗",WC="○",zC="⧃",QC="≗",YC="⨐",KC="⫯",XC="⧂",JC="∲",ZC="”",eA="’",tA="♣",sA="♣",nA=":",rA="∷",oA="⩴",iA="≔",aA="≔",lA=",",cA="@",uA="∁",dA="∘",hA="∁",fA="ℂ",pA="≅",mA="⩭",gA="≡",vA="∮",bA="∯",yA="∮",EA="𝕔",TA="ℂ",wA="∐",_A="∐",SA="©",RA="©",CA="℗",AA="∳",kA="↵",NA="✗",OA="⨯",IA="𝒞",$A="𝒸",LA="⫏",qA="⫑",DA="⫐",PA="⫒",xA="⋯",MA="⤸",UA="⤵",FA="⋞",HA="⋟",BA="↶",jA="⤽",VA="⩈",GA="⩆",WA="≍",zA="∪",QA="⋓",YA="⩊",KA="⊍",XA="⩅",JA="∪︀",ZA="↷",e2="⤼",t2="⋞",s2="⋟",n2="⋎",r2="⋏",o2="¤",i2="↶",a2="↷",l2="⋎",c2="⋏",u2="∲",d2="∱",h2="⌭",f2="†",p2="‡",m2="ℸ",g2="↓",v2="↡",b2="⇓",y2="‐",E2="⫤",T2="⊣",w2="⤏",_2="˝",S2="Ď",R2="ď",C2="Д",A2="д",k2="‡",N2="⇊",O2="ⅅ",I2="ⅆ",$2="⤑",L2="⩷",q2="°",D2="∇",P2="Δ",x2="δ",M2="⦱",U2="⥿",F2="𝔇",H2="𝔡",B2="⥥",j2="⇃",V2="⇂",G2="´",W2="˙",z2="˝",Q2="`",Y2="˜",K2="⋄",X2="⋄",J2="⋄",Z2="♦",ek="♦",tk="¨",sk="ⅆ",nk="ϝ",rk="⋲",ok="÷",ik="÷",ak="⋇",lk="⋇",ck="Ђ",uk="ђ",dk="⌞",hk="⌍",fk="$",pk="𝔻",mk="𝕕",gk="¨",vk="˙",bk="⃜",yk="≐",Ek="≑",Tk="≐",wk="∸",_k="∔",Sk="⊡",Rk="⌆",Ck="∯",Ak="¨",kk="⇓",Nk="⇐",Ok="⇔",Ik="⫤",$k="⟸",Lk="⟺",qk="⟹",Dk="⇒",Pk="⊨",xk="⇑",Mk="⇕",Uk="∥",Fk="⤓",Hk="↓",Bk="↓",jk="⇓",Vk="⇵",Gk="̑",Wk="⇊",zk="⇃",Qk="⇂",Yk="⥐",Kk="⥞",Xk="⥖",Jk="↽",Zk="⥟",eN="⥗",tN="⇁",sN="↧",nN="⊤",rN="⤐",oN="⌟",iN="⌌",aN="𝒟",lN="𝒹",cN="Ѕ",uN="ѕ",dN="⧶",hN="Đ",fN="đ",pN="⋱",mN="▿",gN="▾",vN="⇵",bN="⥯",yN="⦦",EN="Џ",TN="џ",wN="⟿",_N="É",SN="é",RN="⩮",CN="Ě",AN="ě",kN="Ê",NN="ê",ON="≖",IN="≕",$N="Э",LN="э",qN="⩷",DN="Ė",PN="ė",xN="≑",MN="ⅇ",UN="≒",FN="𝔈",HN="𝔢",BN="⪚",jN="È",VN="è",GN="⪖",WN="⪘",zN="⪙",QN="∈",YN="⏧",KN="ℓ",XN="⪕",JN="⪗",ZN="Ē",eO="ē",tO="∅",sO="∅",nO="◻",rO="∅",oO="▫",iO=" ",aO=" ",lO=" ",cO="Ŋ",uO="ŋ",dO=" ",hO="Ę",fO="ę",pO="𝔼",mO="𝕖",gO="⋕",vO="⧣",bO="⩱",yO="ε",EO="Ε",TO="ε",wO="ϵ",_O="≖",SO="≕",RO="≂",CO="⪖",AO="⪕",kO="⩵",NO="=",OO="≂",IO="≟",$O="⇌",LO="≡",qO="⩸",DO="⧥",PO="⥱",xO="≓",MO="ℯ",UO="ℰ",FO="≐",HO="⩳",BO="≂",jO="Η",VO="η",GO="Ð",WO="ð",zO="Ë",QO="ë",YO="€",KO="!",XO="∃",JO="∃",ZO="ℰ",eI="ⅇ",tI="ⅇ",sI="≒",nI="Ф",rI="ф",oI="♀",iI="ﬃ",aI="ﬀ",lI="ﬄ",cI="𝔉",uI="𝔣",dI="ﬁ",hI="◼",fI="▪",pI="fj",mI="♭",gI="ﬂ",vI="▱",bI="ƒ",yI="𝔽",EI="𝕗",TI="∀",wI="∀",_I="⋔",SI="⫙",RI="ℱ",CI="⨍",AI="½",kI="⅓",NI="¼",OI="⅕",II="⅙",$I="⅛",LI="⅔",qI="⅖",DI="¾",PI="⅗",xI="⅜",MI="⅘",UI="⅚",FI="⅝",HI="⅞",BI="⁄",jI="⌢",VI="𝒻",GI="ℱ",WI="ǵ",zI="Γ",QI="γ",YI="Ϝ",KI="ϝ",XI="⪆",JI="Ğ",ZI="ğ",e$="Ģ",t$="Ĝ",s$="ĝ",n$="Г",r$="г",o$="Ġ",i$="ġ",a$="≥",l$="≧",c$="⪌",u$="⋛",d$="≥",h$="≧",f$="⩾",p$="⪩",m$="⩾",g$="⪀",v$="⪂",b$="⪄",y$="⋛︀",E$="⪔",T$="𝔊",w$="𝔤",_$="≫",S$="⋙",R$="⋙",C$="ℷ",A$="Ѓ",k$="ѓ",N$="⪥",O$="≷",I$="⪒",$$="⪤",L$="⪊",q$="⪊",D$="⪈",P$="≩",x$="⪈",M$="≩",U$="⋧",F$="𝔾",H$="𝕘",B$="`",j$="≥",V$="⋛",G$="≧",W$="⪢",z$="≷",Q$="⩾",Y$="≳",K$="𝒢",X$="ℊ",J$="≳",Z$="⪎",eL="⪐",tL="⪧",sL="⩺",nL=">",rL=">",oL="≫",iL="⋗",aL="⦕",lL="⩼",cL="⪆",uL="⥸",dL="⋗",hL="⋛",fL="⪌",pL="≷",mL="≳",gL="≩︀",vL="≩︀",bL="ˇ",yL=" ",EL="½",TL="ℋ",wL="Ъ",_L="ъ",SL="⥈",RL="↔",CL="⇔",AL="↭",kL="^",NL="ℏ",OL="Ĥ",IL="ĥ",$L="♥",LL="♥",qL="…",DL="⊹",PL="𝔥",xL="ℌ",ML="ℋ",UL="⤥",FL="⤦",HL="⇿",BL="∻",jL="↩",VL="↪",GL="𝕙",WL="ℍ",zL="―",QL="─",YL="𝒽",KL="ℋ",XL="ℏ",JL="Ħ",ZL="ħ",eq="≎",tq="≏",sq="⁃",nq="‐",rq="Í",oq="í",iq="⁣",aq="Î",lq="î",cq="И",uq="и",dq="İ",hq="Е",fq="е",pq="¡",mq="⇔",gq="𝔦",vq="ℑ",bq="Ì",yq="ì",Eq="ⅈ",Tq="⨌",wq="∭",_q="⧜",Sq="℩",Rq="Ĳ",Cq="ĳ",Aq="Ī",kq="ī",Nq="ℑ",Oq="ⅈ",Iq="ℐ",$q="ℑ",Lq="ı",qq="ℑ",Dq="⊷",Pq="Ƶ",xq="⇒",Mq="℅",Uq="∞",Fq="⧝",Hq="ı",Bq="⊺",jq="∫",Vq="∬",Gq="ℤ",Wq="∫",zq="⊺",Qq="⋂",Yq="⨗",Kq="⨼",Xq="⁣",Jq="⁢",Zq="Ё",eD="ё",tD="Į",sD="į",nD="𝕀",rD="𝕚",oD="Ι",iD="ι",aD="⨼",lD="¿",cD="𝒾",uD="ℐ",dD="∈",hD="⋵",fD="⋹",pD="⋴",mD="⋳",gD="∈",vD="⁢",bD="Ĩ",yD="ĩ",ED="І",TD="і",wD="Ï",_D="ï",SD="Ĵ",RD="ĵ",CD="Й",AD="й",kD="𝔍",ND="𝔧",OD="ȷ",ID="𝕁",$D="𝕛",LD="𝒥",qD="𝒿",DD="Ј",PD="ј",xD="Є",MD="є",UD="Κ",FD="κ",HD="ϰ",BD="Ķ",jD="ķ",VD="К",GD="к",WD="𝔎",zD="𝔨",QD="ĸ",YD="Х",KD="х",XD="Ќ",JD="ќ",ZD="𝕂",eP="𝕜",tP="𝒦",sP="𝓀",nP="⇚",rP="Ĺ",oP="ĺ",iP="⦴",aP="ℒ",lP="Λ",cP="λ",uP="⟨",dP="⟪",hP="⦑",fP="⟨",pP="⪅",mP="ℒ",gP="«",vP="⇤",bP="⤟",yP="←",EP="↞",TP="⇐",wP="⤝",_P="↩",SP="↫",RP="⤹",CP="⥳",AP="↢",kP="⤙",NP="⤛",OP="⪫",IP="⪭",$P="⪭︀",LP="⤌",qP="⤎",DP="❲",PP="{",xP="[",MP="⦋",UP="⦏",FP="⦍",HP="Ľ",BP="ľ",jP="Ļ",VP="ļ",GP="⌈",WP="{",zP="Л",QP="л",YP="⤶",KP="“",XP="„",JP="⥧",ZP="⥋",ex="↲",tx="≤",sx="≦",nx="⟨",rx="⇤",ox="←",ix="←",ax="⇐",lx="⇆",cx="↢",ux="⌈",dx="⟦",hx="⥡",fx="⥙",px="⇃",mx="⌊",gx="↽",vx="↼",bx="⇇",yx="↔",Ex="↔",Tx="⇔",wx="⇆",_x="⇋",Sx="↭",Rx="⥎",Cx="↤",Ax="⊣",kx="⥚",Nx="⋋",Ox="⧏",Ix="⊲",$x="⊴",Lx="⥑",qx="⥠",Dx="⥘",Px="↿",xx="⥒",Mx="↼",Ux="⪋",Fx="⋚",Hx="≤",Bx="≦",jx="⩽",Vx="⪨",Gx="⩽",Wx="⩿",zx="⪁",Qx="⪃",Yx="⋚︀",Kx="⪓",Xx="⪅",Jx="⋖",Zx="⋚",eM="⪋",tM="⋚",sM="≦",nM="≶",rM="≶",oM="⪡",iM="≲",aM="⩽",lM="≲",cM="⥼",uM="⌊",dM="𝔏",hM="𝔩",fM="≶",pM="⪑",mM="⥢",gM="↽",vM="↼",bM="⥪",yM="▄",EM="Љ",TM="љ",wM="⇇",_M="≪",SM="⋘",RM="⌞",CM="⇚",AM="⥫",kM="◺",NM="Ŀ",OM="ŀ",IM="⎰",$M="⎰",LM="⪉",qM="⪉",DM="⪇",PM="≨",xM="⪇",MM="≨",UM="⋦",FM="⟬",HM="⇽",BM="⟦",jM="⟵",VM="⟵",GM="⟸",WM="⟷",zM="⟷",QM="⟺",YM="⟼",KM="⟶",XM="⟶",JM="⟹",ZM="↫",e4="↬",t4="⦅",s4="𝕃",n4="𝕝",r4="⨭",o4="⨴",i4="∗",a4="_",l4="↙",c4="↘",u4="◊",d4="◊",h4="⧫",f4="(",p4="⦓",m4="⇆",g4="⌟",v4="⇋",b4="⥭",y4="‎",E4="⊿",T4="‹",w4="𝓁",_4="ℒ",S4="↰",R4="↰",C4="≲",A4="⪍",k4="⪏",N4="[",O4="‘",I4="‚",$4="Ł",L4="ł",q4="⪦",D4="⩹",P4="<",x4="<",M4="≪",U4="⋖",F4="⋋",H4="⋉",B4="⥶",j4="⩻",V4="◃",G4="⊴",W4="◂",z4="⦖",Q4="⥊",Y4="⥦",K4="≨︀",X4="≨︀",J4="¯",Z4="♂",eU="✠",tU="✠",sU="↦",nU="↦",rU="↧",oU="↤",iU="↥",aU="▮",lU="⨩",cU="М",uU="м",dU="—",hU="∺",fU="∡",pU=" ",mU="ℳ",gU="𝔐",vU="𝔪",bU="℧",yU="µ",EU="*",TU="⫰",wU="∣",_U="·",SU="⊟",RU="−",CU="∸",AU="⨪",kU="∓",NU="⫛",OU="…",IU="∓",$U="⊧",LU="𝕄",qU="𝕞",DU="∓",PU="𝓂",xU="ℳ",MU="∾",UU="Μ",FU="μ",HU="⊸",BU="⊸",jU="∇",VU="Ń",GU="ń",WU="∠⃒",zU="≉",QU="⩰̸",YU="≋̸",KU="ŉ",XU="≉",JU="♮",ZU="ℕ",e3="♮",t3=" ",s3="≎̸",n3="≏̸",r3="⩃",o3="Ň",i3="ň",a3="Ņ",l3="ņ",c3="≇",u3="⩭̸",d3="⩂",h3="Н",f3="н",p3="–",m3="⤤",g3="↗",v3="⇗",b3="↗",y3="≠",E3="≐̸",T3="​",w3="​",_3="​",S3="​",R3="≢",C3="⤨",A3="≂̸",k3="≫",N3="≪",O3=`
`,I3="∄",$3="∄",L3="𝔑",q3="𝔫",D3="≧̸",P3="≱",x3="≱",M3="≧̸",U3="⩾̸",F3="⩾̸",H3="⋙̸",B3="≵",j3="≫⃒",V3="≯",G3="≯",W3="≫̸",z3="↮",Q3="⇎",Y3="⫲",K3="∋",X3="⋼",J3="⋺",Z3="∋",e5="Њ",t5="њ",s5="↚",n5="⇍",r5="‥",o5="≦̸",i5="≰",a5="↚",l5="⇍",c5="↮",u5="⇎",d5="≰",h5="≦̸",f5="⩽̸",p5="⩽̸",m5="≮",g5="⋘̸",v5="≴",b5="≪⃒",y5="≮",E5="⋪",T5="⋬",w5="≪̸",_5="∤",S5="⁠",R5=" ",C5="𝕟",A5="ℕ",k5="⫬",N5="¬",O5="≢",I5="≭",$5="∦",L5="∉",q5="≠",D5="≂̸",P5="∄",x5="≯",M5="≱",U5="≧̸",F5="≫̸",H5="≹",B5="⩾̸",j5="≵",V5="≎̸",G5="≏̸",W5="∉",z5="⋵̸",Q5="⋹̸",Y5="∉",K5="⋷",X5="⋶",J5="⧏̸",Z5="⋪",eF="⋬",tF="≮",sF="≰",nF="≸",rF="≪̸",oF="⩽̸",iF="≴",aF="⪢̸",lF="⪡̸",cF="∌",uF="∌",dF="⋾",hF="⋽",fF="⊀",pF="⪯̸",mF="⋠",gF="∌",vF="⧐̸",bF="⋫",yF="⋭",EF="⊏̸",TF="⋢",wF="⊐̸",_F="⋣",SF="⊂⃒",RF="⊈",CF="⊁",AF="⪰̸",kF="⋡",NF="≿̸",OF="⊃⃒",IF="⊉",$F="≁",LF="≄",qF="≇",DF="≉",PF="∤",xF="∦",MF="∦",UF="⫽⃥",FF="∂̸",HF="⨔",BF="⊀",jF="⋠",VF="⊀",GF="⪯̸",WF="⪯̸",zF="⤳̸",QF="↛",YF="⇏",KF="↝̸",XF="↛",JF="⇏",ZF="⋫",eH="⋭",tH="⊁",sH="⋡",nH="⪰̸",rH="𝒩",oH="𝓃",iH="∤",aH="∦",lH="≁",cH="≄",uH="≄",dH="∤",hH="∦",fH="⋢",pH="⋣",mH="⊄",gH="⫅̸",vH="⊈",bH="⊂⃒",yH="⊈",EH="⫅̸",TH="⊁",wH="⪰̸",_H="⊅",SH="⫆̸",RH="⊉",CH="⊃⃒",AH="⊉",kH="⫆̸",NH="≹",OH="Ñ",IH="ñ",$H="≸",LH="⋪",qH="⋬",DH="⋫",PH="⋭",xH="Ν",MH="ν",UH="#",FH="№",HH=" ",BH="≍⃒",jH="⊬",VH="⊭",GH="⊮",WH="⊯",zH="≥⃒",QH=">⃒",YH="⤄",KH="⧞",XH="⤂",JH="≤⃒",ZH="<⃒",eB="⊴⃒",tB="⤃",sB="⊵⃒",nB="∼⃒",rB="⤣",oB="↖",iB="⇖",aB="↖",lB="⤧",cB="Ó",uB="ó",dB="⊛",hB="Ô",fB="ô",pB="⊚",mB="О",gB="о",vB="⊝",bB="Ő",yB="ő",EB="⨸",TB="⊙",wB="⦼",_B="Œ",SB="œ",RB="⦿",CB="𝔒",AB="𝔬",kB="˛",NB="Ò",OB="ò",IB="⧁",$B="⦵",LB="Ω",qB="∮",DB="↺",PB="⦾",xB="⦻",MB="‾",UB="⧀",FB="Ō",HB="ō",BB="Ω",jB="ω",VB="Ο",GB="ο",WB="⦶",zB="⊖",QB="𝕆",YB="𝕠",KB="⦷",XB="“",JB="‘",ZB="⦹",e6="⊕",t6="↻",s6="⩔",n6="∨",r6="⩝",o6="ℴ",i6="ℴ",a6="ª",l6="º",c6="⊶",u6="⩖",d6="⩗",h6="⩛",f6="Ⓢ",p6="𝒪",m6="ℴ",g6="Ø",v6="ø",b6="⊘",y6="Õ",E6="õ",T6="⨶",w6="⨷",_6="⊗",S6="Ö",R6="ö",C6="⌽",A6="‾",k6="⏞",N6="⎴",O6="⏜",I6="¶",$6="∥",L6="∥",q6="⫳",D6="⫽",P6="∂",x6="∂",M6="П",U6="п",F6="%",H6=".",B6="‰",j6="⊥",V6="‱",G6="𝔓",W6="𝔭",z6="Φ",Q6="φ",Y6="ϕ",K6="ℳ",X6="☎",J6="Π",Z6="π",e8="⋔",t8="ϖ",s8="ℏ",n8="ℎ",r8="ℏ",o8="⨣",i8="⊞",a8="⨢",l8="+",c8="∔",u8="⨥",d8="⩲",h8="±",f8="±",p8="⨦",m8="⨧",g8="±",v8="ℌ",b8="⨕",y8="𝕡",E8="ℙ",T8="£",w8="⪷",_8="⪻",S8="≺",R8="≼",C8="⪷",A8="≺",k8="≼",N8="≺",O8="⪯",I8="≼",$8="≾",L8="⪯",q8="⪹",D8="⪵",P8="⋨",x8="⪯",M8="⪳",U8="≾",F8="′",H8="″",B8="ℙ",j8="⪹",V8="⪵",G8="⋨",W8="∏",z8="∏",Q8="⌮",Y8="⌒",K8="⌓",X8="∝",J8="∝",Z8="∷",ej="∝",tj="≾",sj="⊰",nj="𝒫",rj="𝓅",oj="Ψ",ij="ψ",aj=" ",lj="𝔔",cj="𝔮",uj="⨌",dj="𝕢",hj="ℚ",fj="⁗",pj="𝒬",mj="𝓆",gj="ℍ",vj="⨖",bj="?",yj="≟",Ej='"',Tj='"',wj="⇛",_j="∽̱",Sj="Ŕ",Rj="ŕ",Cj="√",Aj="⦳",kj="⟩",Nj="⟫",Oj="⦒",Ij="⦥",$j="⟩",Lj="»",qj="⥵",Dj="⇥",Pj="⤠",xj="⤳",Mj="→",Uj="↠",Fj="⇒",Hj="⤞",Bj="↪",jj="↬",Vj="⥅",Gj="⥴",Wj="⤖",zj="↣",Qj="↝",Yj="⤚",Kj="⤜",Xj="∶",Jj="ℚ",Zj="⤍",eV="⤏",tV="⤐",sV="❳",nV="}",rV="]",oV="⦌",iV="⦎",aV="⦐",lV="Ř",cV="ř",uV="Ŗ",dV="ŗ",hV="⌉",fV="}",pV="Р",mV="р",gV="⤷",vV="⥩",bV="”",yV="”",EV="↳",TV="ℜ",wV="ℛ",_V="ℜ",SV="ℝ",RV="ℜ",CV="▭",AV="®",kV="®",NV="∋",OV="⇋",IV="⥯",$V="⥽",LV="⌋",qV="𝔯",DV="ℜ",PV="⥤",xV="⇁",MV="⇀",UV="⥬",FV="Ρ",HV="ρ",BV="ϱ",jV="⟩",VV="⇥",GV="→",WV="→",zV="⇒",QV="⇄",YV="↣",KV="⌉",XV="⟧",JV="⥝",ZV="⥕",eG="⇂",tG="⌋",sG="⇁",nG="⇀",rG="⇄",oG="⇌",iG="⇉",aG="↝",lG="↦",cG="⊢",uG="⥛",dG="⋌",hG="⧐",fG="⊳",pG="⊵",mG="⥏",gG="⥜",vG="⥔",bG="↾",yG="⥓",EG="⇀",TG="˚",wG="≓",_G="⇄",SG="⇌",RG="‏",CG="⎱",AG="⎱",kG="⫮",NG="⟭",OG="⇾",IG="⟧",$G="⦆",LG="𝕣",qG="ℝ",DG="⨮",PG="⨵",xG="⥰",MG=")",UG="⦔",FG="⨒",HG="⇉",BG="⇛",jG="›",VG="𝓇",GG="ℛ",WG="↱",zG="↱",QG="]",YG="’",KG="’",XG="⋌",JG="⋊",ZG="▹",eW="⊵",tW="▸",sW="⧎",nW="⧴",rW="⥨",oW="℞",iW="Ś",aW="ś",lW="‚",cW="⪸",uW="Š",dW="š",hW="⪼",fW="≻",pW="≽",mW="⪰",gW="⪴",vW="Ş",bW="ş",yW="Ŝ",EW="ŝ",TW="⪺",wW="⪶",_W="⋩",SW="⨓",RW="≿",CW="С",AW="с",kW="⊡",NW="⋅",OW="⩦",IW="⤥",$W="↘",LW="⇘",qW="↘",DW="§",PW=";",xW="⤩",MW="∖",UW="∖",FW="✶",HW="𝔖",BW="𝔰",jW="⌢",VW="♯",GW="Щ",WW="щ",zW="Ш",QW="ш",YW="↓",KW="←",XW="∣",JW="∥",ZW="→",e9="↑",t9="­",s9="Σ",n9="σ",r9="ς",o9="ς",i9="∼",a9="⩪",l9="≃",c9="≃",u9="⪞",d9="⪠",h9="⪝",f9="⪟",p9="≆",m9="⨤",g9="⥲",v9="←",b9="∘",y9="∖",E9="⨳",T9="⧤",w9="∣",_9="⌣",S9="⪪",R9="⪬",C9="⪬︀",A9="Ь",k9="ь",N9="⌿",O9="⧄",I9="/",$9="𝕊",L9="𝕤",q9="♠",D9="♠",P9="∥",x9="⊓",M9="⊓︀",U9="⊔",F9="⊔︀",H9="√",B9="⊏",j9="⊑",V9="⊏",G9="⊑",W9="⊐",z9="⊒",Q9="⊐",Y9="⊒",K9="□",X9="□",J9="⊓",Z9="⊏",ez="⊑",tz="⊐",sz="⊒",nz="⊔",rz="▪",oz="□",iz="▪",az="→",lz="𝒮",cz="𝓈",uz="∖",dz="⌣",hz="⋆",fz="⋆",pz="☆",mz="★",gz="ϵ",vz="ϕ",bz="¯",yz="⊂",Ez="⋐",Tz="⪽",wz="⫅",_z="⊆",Sz="⫃",Rz="⫁",Cz="⫋",Az="⊊",kz="⪿",Nz="⥹",Oz="⊂",Iz="⋐",$z="⊆",Lz="⫅",qz="⊆",Dz="⊊",Pz="⫋",xz="⫇",Mz="⫕",Uz="⫓",Fz="⪸",Hz="≻",Bz="≽",jz="≻",Vz="⪰",Gz="≽",Wz="≿",zz="⪰",Qz="⪺",Yz="⪶",Kz="⋩",Xz="≿",Jz="∋",Zz="∑",eQ="∑",tQ="♪",sQ="¹",nQ="²",rQ="³",oQ="⊃",iQ="⋑",aQ="⪾",lQ="⫘",cQ="⫆",uQ="⊇",dQ="⫄",hQ="⊃",fQ="⊇",pQ="⟉",mQ="⫗",gQ="⥻",vQ="⫂",bQ="⫌",yQ="⊋",EQ="⫀",TQ="⊃",wQ="⋑",_Q="⊇",SQ="⫆",RQ="⊋",CQ="⫌",AQ="⫈",kQ="⫔",NQ="⫖",OQ="⤦",IQ="↙",$Q="⇙",LQ="↙",qQ="⤪",DQ="ß",PQ="	",xQ="⌖",MQ="Τ",UQ="τ",FQ="⎴",HQ="Ť",BQ="ť",jQ="Ţ",VQ="ţ",GQ="Т",WQ="т",zQ="⃛",QQ="⌕",YQ="𝔗",KQ="𝔱",XQ="∴",JQ="∴",ZQ="∴",e7="Θ",t7="θ",s7="ϑ",n7="ϑ",r7="≈",o7="∼",i7="  ",a7=" ",l7=" ",c7="≈",u7="∼",d7="Þ",h7="þ",f7="˜",p7="∼",m7="≃",g7="≅",v7="≈",b7="⨱",y7="⊠",E7="×",T7="⨰",w7="∭",_7="⤨",S7="⌶",R7="⫱",C7="⊤",A7="𝕋",k7="𝕥",N7="⫚",O7="⤩",I7="‴",$7="™",L7="™",q7="▵",D7="▿",P7="◃",x7="⊴",M7="≜",U7="▹",F7="⊵",H7="◬",B7="≜",j7="⨺",V7="⃛",G7="⨹",W7="⧍",z7="⨻",Q7="⏢",Y7="𝒯",K7="𝓉",X7="Ц",J7="ц",Z7="Ћ",eY="ћ",tY="Ŧ",sY="ŧ",nY="≬",rY="↞",oY="↠",iY="Ú",aY="ú",lY="↑",cY="↟",uY="⇑",dY="⥉",hY="Ў",fY="ў",pY="Ŭ",mY="ŭ",gY="Û",vY="û",bY="У",yY="у",EY="⇅",TY="Ű",wY="ű",_Y="⥮",SY="⥾",RY="𝔘",CY="𝔲",AY="Ù",kY="ù",NY="⥣",OY="↿",IY="↾",$Y="▀",LY="⌜",qY="⌜",DY="⌏",PY="◸",xY="Ū",MY="ū",UY="¨",FY="_",HY="⏟",BY="⎵",jY="⏝",VY="⋃",GY="⊎",WY="Ų",zY="ų",QY="𝕌",YY="𝕦",KY="⤒",XY="↑",JY="↑",ZY="⇑",eK="⇅",tK="↕",sK="↕",nK="⇕",rK="⥮",oK="↿",iK="↾",aK="⊎",lK="↖",cK="↗",uK="υ",dK="ϒ",hK="ϒ",fK="Υ",pK="υ",mK="↥",gK="⊥",vK="⇈",bK="⌝",yK="⌝",EK="⌎",TK="Ů",wK="ů",_K="◹",SK="𝒰",RK="𝓊",CK="⋰",AK="Ũ",kK="ũ",NK="▵",OK="▴",IK="⇈",$K="Ü",LK="ü",qK="⦧",DK="⦜",PK="ϵ",xK="ϰ",MK="∅",UK="ϕ",FK="ϖ",HK="∝",BK="↕",jK="⇕",VK="ϱ",GK="ς",WK="⊊︀",zK="⫋︀",QK="⊋︀",YK="⫌︀",KK="ϑ",XK="⊲",JK="⊳",ZK="⫨",eX="⫫",tX="⫩",sX="В",nX="в",rX="⊢",oX="⊨",iX="⊩",aX="⊫",lX="⫦",cX="⊻",uX="∨",dX="⋁",hX="≚",fX="⋮",pX="|",mX="‖",gX="|",vX="‖",bX="∣",yX="|",EX="❘",TX="≀",wX=" ",_X="𝔙",SX="𝔳",RX="⊲",CX="⊂⃒",AX="⊃⃒",kX="𝕍",NX="𝕧",OX="∝",IX="⊳",$X="𝒱",LX="𝓋",qX="⫋︀",DX="⊊︀",PX="⫌︀",xX="⊋︀",MX="⊪",UX="⦚",FX="Ŵ",HX="ŵ",BX="⩟",jX="∧",VX="⋀",GX="≙",WX="℘",zX="𝔚",QX="𝔴",YX="𝕎",KX="𝕨",XX="℘",JX="≀",ZX="≀",eJ="𝒲",tJ="𝓌",sJ="⋂",nJ="◯",rJ="⋃",oJ="▽",iJ="𝔛",aJ="𝔵",lJ="⟷",cJ="⟺",uJ="Ξ",dJ="ξ",hJ="⟵",fJ="⟸",pJ="⟼",mJ="⋻",gJ="⨀",vJ="𝕏",bJ="𝕩",yJ="⨁",EJ="⨂",TJ="⟶",wJ="⟹",_J="𝒳",SJ="𝓍",RJ="⨆",CJ="⨄",AJ="△",kJ="⋁",NJ="⋀",OJ="Ý",IJ="ý",$J="Я",LJ="я",qJ="Ŷ",DJ="ŷ",PJ="Ы",xJ="ы",MJ="¥",UJ="𝔜",FJ="𝔶",HJ="Ї",BJ="ї",jJ="𝕐",VJ="𝕪",GJ="𝒴",WJ="𝓎",zJ="Ю",QJ="ю",YJ="ÿ",KJ="Ÿ",XJ="Ź",JJ="ź",ZJ="Ž",eZ="ž",tZ="З",sZ="з",nZ="Ż",rZ="ż",oZ="ℨ",iZ="​",aZ="Ζ",lZ="ζ",cZ="𝔷",uZ="ℨ",dZ="Ж",hZ="ж",fZ="⇝",pZ="𝕫",mZ="ℤ",gZ="𝒵",vZ="𝓏",bZ="‍",yZ="‌",Zc={Aacute:nw,aacute:rw,Abreve:ow,abreve:iw,ac:aw,acd:lw,acE:cw,Acirc:uw,acirc:dw,acute:hw,Acy:fw,acy:pw,AElig:mw,aelig:gw,af:vw,Afr:bw,afr:yw,Agrave:Ew,agrave:Tw,alefsym:ww,aleph:_w,Alpha:Sw,alpha:Rw,Amacr:Cw,amacr:Aw,amalg:kw,amp:Nw,AMP:Ow,andand:Iw,And:$w,and:Lw,andd:qw,andslope:Dw,andv:Pw,ang:xw,ange:Mw,angle:Uw,angmsdaa:Fw,angmsdab:Hw,angmsdac:Bw,angmsdad:jw,angmsdae:Vw,angmsdaf:Gw,angmsdag:Ww,angmsdah:zw,angmsd:Qw,angrt:Yw,angrtvb:Kw,angrtvbd:Xw,angsph:Jw,angst:Zw,angzarr:e_,Aogon:t_,aogon:s_,Aopf:n_,aopf:r_,apacir:o_,ap:i_,apE:a_,ape:l_,apid:c_,apos:u_,ApplyFunction:d_,approx:h_,approxeq:f_,Aring:p_,aring:m_,Ascr:g_,ascr:v_,Assign:b_,ast:y_,asymp:E_,asympeq:T_,Atilde:w_,atilde:__,Auml:S_,auml:R_,awconint:C_,awint:A_,backcong:k_,backepsilon:N_,backprime:O_,backsim:I_,backsimeq:$_,Backslash:L_,Barv:q_,barvee:D_,barwed:P_,Barwed:x_,barwedge:M_,bbrk:U_,bbrktbrk:F_,bcong:H_,Bcy:B_,bcy:j_,bdquo:V_,becaus:G_,because:W_,Because:z_,bemptyv:Q_,bepsi:Y_,bernou:K_,Bernoullis:X_,Beta:J_,beta:Z_,beth:eS,between:tS,Bfr:sS,bfr:nS,bigcap:rS,bigcirc:oS,bigcup:iS,bigodot:aS,bigoplus:lS,bigotimes:cS,bigsqcup:uS,bigstar:dS,bigtriangledown:hS,bigtriangleup:fS,biguplus:pS,bigvee:mS,bigwedge:gS,bkarow:vS,blacklozenge:bS,blacksquare:yS,blacktriangle:ES,blacktriangledown:TS,blacktriangleleft:wS,blacktriangleright:_S,blank:SS,blk12:RS,blk14:CS,blk34:AS,block:kS,bne:NS,bnequiv:OS,bNot:IS,bnot:$S,Bopf:LS,bopf:qS,bot:DS,bottom:PS,bowtie:xS,boxbox:MS,boxdl:US,boxdL:FS,boxDl:HS,boxDL:BS,boxdr:jS,boxdR:VS,boxDr:GS,boxDR:WS,boxh:zS,boxH:QS,boxhd:YS,boxHd:KS,boxhD:XS,boxHD:JS,boxhu:ZS,boxHu:eR,boxhU:tR,boxHU:sR,boxminus:nR,boxplus:rR,boxtimes:oR,boxul:iR,boxuL:aR,boxUl:lR,boxUL:cR,boxur:uR,boxuR:dR,boxUr:hR,boxUR:fR,boxv:pR,boxV:mR,boxvh:gR,boxvH:vR,boxVh:bR,boxVH:yR,boxvl:ER,boxvL:TR,boxVl:wR,boxVL:_R,boxvr:SR,boxvR:RR,boxVr:CR,boxVR:AR,bprime:kR,breve:NR,Breve:OR,brvbar:IR,bscr:$R,Bscr:LR,bsemi:qR,bsim:DR,bsime:PR,bsolb:xR,bsol:MR,bsolhsub:UR,bull:FR,bullet:HR,bump:BR,bumpE:jR,bumpe:VR,Bumpeq:GR,bumpeq:WR,Cacute:zR,cacute:QR,capand:YR,capbrcup:KR,capcap:XR,cap:JR,Cap:ZR,capcup:eC,capdot:tC,CapitalDifferentialD:sC,caps:nC,caret:rC,caron:oC,Cayleys:iC,ccaps:aC,Ccaron:lC,ccaron:cC,Ccedil:uC,ccedil:dC,Ccirc:hC,ccirc:fC,Cconint:pC,ccups:mC,ccupssm:gC,Cdot:vC,cdot:bC,cedil:yC,Cedilla:EC,cemptyv:TC,cent:wC,centerdot:_C,CenterDot:SC,cfr:RC,Cfr:CC,CHcy:AC,chcy:kC,check:NC,checkmark:OC,Chi:IC,chi:$C,circ:LC,circeq:qC,circlearrowleft:DC,circlearrowright:PC,circledast:xC,circledcirc:MC,circleddash:UC,CircleDot:FC,circledR:HC,circledS:BC,CircleMinus:jC,CirclePlus:VC,CircleTimes:GC,cir:WC,cirE:zC,cire:QC,cirfnint:YC,cirmid:KC,cirscir:XC,ClockwiseContourIntegral:JC,CloseCurlyDoubleQuote:ZC,CloseCurlyQuote:eA,clubs:tA,clubsuit:sA,colon:nA,Colon:rA,Colone:oA,colone:iA,coloneq:aA,comma:lA,commat:cA,comp:uA,compfn:dA,complement:hA,complexes:fA,cong:pA,congdot:mA,Congruent:gA,conint:vA,Conint:bA,ContourIntegral:yA,copf:EA,Copf:TA,coprod:wA,Coproduct:_A,copy:SA,COPY:RA,copysr:CA,CounterClockwiseContourIntegral:AA,crarr:kA,cross:NA,Cross:OA,Cscr:IA,cscr:$A,csub:LA,csube:qA,csup:DA,csupe:PA,ctdot:xA,cudarrl:MA,cudarrr:UA,cuepr:FA,cuesc:HA,cularr:BA,cularrp:jA,cupbrcap:VA,cupcap:GA,CupCap:WA,cup:zA,Cup:QA,cupcup:YA,cupdot:KA,cupor:XA,cups:JA,curarr:ZA,curarrm:e2,curlyeqprec:t2,curlyeqsucc:s2,curlyvee:n2,curlywedge:r2,curren:o2,curvearrowleft:i2,curvearrowright:a2,cuvee:l2,cuwed:c2,cwconint:u2,cwint:d2,cylcty:h2,dagger:f2,Dagger:p2,daleth:m2,darr:g2,Darr:v2,dArr:b2,dash:y2,Dashv:E2,dashv:T2,dbkarow:w2,dblac:_2,Dcaron:S2,dcaron:R2,Dcy:C2,dcy:A2,ddagger:k2,ddarr:N2,DD:O2,dd:I2,DDotrahd:$2,ddotseq:L2,deg:q2,Del:D2,Delta:P2,delta:x2,demptyv:M2,dfisht:U2,Dfr:F2,dfr:H2,dHar:B2,dharl:j2,dharr:V2,DiacriticalAcute:G2,DiacriticalDot:W2,DiacriticalDoubleAcute:z2,DiacriticalGrave:Q2,DiacriticalTilde:Y2,diam:K2,diamond:X2,Diamond:J2,diamondsuit:Z2,diams:ek,die:tk,DifferentialD:sk,digamma:nk,disin:rk,div:ok,divide:ik,divideontimes:ak,divonx:lk,DJcy:ck,djcy:uk,dlcorn:dk,dlcrop:hk,dollar:fk,Dopf:pk,dopf:mk,Dot:gk,dot:vk,DotDot:bk,doteq:yk,doteqdot:Ek,DotEqual:Tk,dotminus:wk,dotplus:_k,dotsquare:Sk,doublebarwedge:Rk,DoubleContourIntegral:Ck,DoubleDot:Ak,DoubleDownArrow:kk,DoubleLeftArrow:Nk,DoubleLeftRightArrow:Ok,DoubleLeftTee:Ik,DoubleLongLeftArrow:$k,DoubleLongLeftRightArrow:Lk,DoubleLongRightArrow:qk,DoubleRightArrow:Dk,DoubleRightTee:Pk,DoubleUpArrow:xk,DoubleUpDownArrow:Mk,DoubleVerticalBar:Uk,DownArrowBar:Fk,downarrow:Hk,DownArrow:Bk,Downarrow:jk,DownArrowUpArrow:Vk,DownBreve:Gk,downdownarrows:Wk,downharpoonleft:zk,downharpoonright:Qk,DownLeftRightVector:Yk,DownLeftTeeVector:Kk,DownLeftVectorBar:Xk,DownLeftVector:Jk,DownRightTeeVector:Zk,DownRightVectorBar:eN,DownRightVector:tN,DownTeeArrow:sN,DownTee:nN,drbkarow:rN,drcorn:oN,drcrop:iN,Dscr:aN,dscr:lN,DScy:cN,dscy:uN,dsol:dN,Dstrok:hN,dstrok:fN,dtdot:pN,dtri:mN,dtrif:gN,duarr:vN,duhar:bN,dwangle:yN,DZcy:EN,dzcy:TN,dzigrarr:wN,Eacute:_N,eacute:SN,easter:RN,Ecaron:CN,ecaron:AN,Ecirc:kN,ecirc:NN,ecir:ON,ecolon:IN,Ecy:$N,ecy:LN,eDDot:qN,Edot:DN,edot:PN,eDot:xN,ee:MN,efDot:UN,Efr:FN,efr:HN,eg:BN,Egrave:jN,egrave:VN,egs:GN,egsdot:WN,el:zN,Element:QN,elinters:YN,ell:KN,els:XN,elsdot:JN,Emacr:ZN,emacr:eO,empty:tO,emptyset:sO,EmptySmallSquare:nO,emptyv:rO,EmptyVerySmallSquare:oO,emsp13:iO,emsp14:aO,emsp:lO,ENG:cO,eng:uO,ensp:dO,Eogon:hO,eogon:fO,Eopf:pO,eopf:mO,epar:gO,eparsl:vO,eplus:bO,epsi:yO,Epsilon:EO,epsilon:TO,epsiv:wO,eqcirc:_O,eqcolon:SO,eqsim:RO,eqslantgtr:CO,eqslantless:AO,Equal:kO,equals:NO,EqualTilde:OO,equest:IO,Equilibrium:$O,equiv:LO,equivDD:qO,eqvparsl:DO,erarr:PO,erDot:xO,escr:MO,Escr:UO,esdot:FO,Esim:HO,esim:BO,Eta:jO,eta:VO,ETH:GO,eth:WO,Euml:zO,euml:QO,euro:YO,excl:KO,exist:XO,Exists:JO,expectation:ZO,exponentiale:eI,ExponentialE:tI,fallingdotseq:sI,Fcy:nI,fcy:rI,female:oI,ffilig:iI,fflig:aI,ffllig:lI,Ffr:cI,ffr:uI,filig:dI,FilledSmallSquare:hI,FilledVerySmallSquare:fI,fjlig:pI,flat:mI,fllig:gI,fltns:vI,fnof:bI,Fopf:yI,fopf:EI,forall:TI,ForAll:wI,fork:_I,forkv:SI,Fouriertrf:RI,fpartint:CI,frac12:AI,frac13:kI,frac14:NI,frac15:OI,frac16:II,frac18:$I,frac23:LI,frac25:qI,frac34:DI,frac35:PI,frac38:xI,frac45:MI,frac56:UI,frac58:FI,frac78:HI,frasl:BI,frown:jI,fscr:VI,Fscr:GI,gacute:WI,Gamma:zI,gamma:QI,Gammad:YI,gammad:KI,gap:XI,Gbreve:JI,gbreve:ZI,Gcedil:e$,Gcirc:t$,gcirc:s$,Gcy:n$,gcy:r$,Gdot:o$,gdot:i$,ge:a$,gE:l$,gEl:c$,gel:u$,geq:d$,geqq:h$,geqslant:f$,gescc:p$,ges:m$,gesdot:g$,gesdoto:v$,gesdotol:b$,gesl:y$,gesles:E$,Gfr:T$,gfr:w$,gg:_$,Gg:S$,ggg:R$,gimel:C$,GJcy:A$,gjcy:k$,gla:N$,gl:O$,glE:I$,glj:$$,gnap:L$,gnapprox:q$,gne:D$,gnE:P$,gneq:x$,gneqq:M$,gnsim:U$,Gopf:F$,gopf:H$,grave:B$,GreaterEqual:j$,GreaterEqualLess:V$,GreaterFullEqual:G$,GreaterGreater:W$,GreaterLess:z$,GreaterSlantEqual:Q$,GreaterTilde:Y$,Gscr:K$,gscr:X$,gsim:J$,gsime:Z$,gsiml:eL,gtcc:tL,gtcir:sL,gt:nL,GT:rL,Gt:oL,gtdot:iL,gtlPar:aL,gtquest:lL,gtrapprox:cL,gtrarr:uL,gtrdot:dL,gtreqless:hL,gtreqqless:fL,gtrless:pL,gtrsim:mL,gvertneqq:gL,gvnE:vL,Hacek:bL,hairsp:yL,half:EL,hamilt:TL,HARDcy:wL,hardcy:_L,harrcir:SL,harr:RL,hArr:CL,harrw:AL,Hat:kL,hbar:NL,Hcirc:OL,hcirc:IL,hearts:$L,heartsuit:LL,hellip:qL,hercon:DL,hfr:PL,Hfr:xL,HilbertSpace:ML,hksearow:UL,hkswarow:FL,hoarr:HL,homtht:BL,hookleftarrow:jL,hookrightarrow:VL,hopf:GL,Hopf:WL,horbar:zL,HorizontalLine:QL,hscr:YL,Hscr:KL,hslash:XL,Hstrok:JL,hstrok:ZL,HumpDownHump:eq,HumpEqual:tq,hybull:sq,hyphen:nq,Iacute:rq,iacute:oq,ic:iq,Icirc:aq,icirc:lq,Icy:cq,icy:uq,Idot:dq,IEcy:hq,iecy:fq,iexcl:pq,iff:mq,ifr:gq,Ifr:vq,Igrave:bq,igrave:yq,ii:Eq,iiiint:Tq,iiint:wq,iinfin:_q,iiota:Sq,IJlig:Rq,ijlig:Cq,Imacr:Aq,imacr:kq,image:Nq,ImaginaryI:Oq,imagline:Iq,imagpart:$q,imath:Lq,Im:qq,imof:Dq,imped:Pq,Implies:xq,incare:Mq,in:"∈",infin:Uq,infintie:Fq,inodot:Hq,intcal:Bq,int:jq,Int:Vq,integers:Gq,Integral:Wq,intercal:zq,Intersection:Qq,intlarhk:Yq,intprod:Kq,InvisibleComma:Xq,InvisibleTimes:Jq,IOcy:Zq,iocy:eD,Iogon:tD,iogon:sD,Iopf:nD,iopf:rD,Iota:oD,iota:iD,iprod:aD,iquest:lD,iscr:cD,Iscr:uD,isin:dD,isindot:hD,isinE:fD,isins:pD,isinsv:mD,isinv:gD,it:vD,Itilde:bD,itilde:yD,Iukcy:ED,iukcy:TD,Iuml:wD,iuml:_D,Jcirc:SD,jcirc:RD,Jcy:CD,jcy:AD,Jfr:kD,jfr:ND,jmath:OD,Jopf:ID,jopf:$D,Jscr:LD,jscr:qD,Jsercy:DD,jsercy:PD,Jukcy:xD,jukcy:MD,Kappa:UD,kappa:FD,kappav:HD,Kcedil:BD,kcedil:jD,Kcy:VD,kcy:GD,Kfr:WD,kfr:zD,kgreen:QD,KHcy:YD,khcy:KD,KJcy:XD,kjcy:JD,Kopf:ZD,kopf:eP,Kscr:tP,kscr:sP,lAarr:nP,Lacute:rP,lacute:oP,laemptyv:iP,lagran:aP,Lambda:lP,lambda:cP,lang:uP,Lang:dP,langd:hP,langle:fP,lap:pP,Laplacetrf:mP,laquo:gP,larrb:vP,larrbfs:bP,larr:yP,Larr:EP,lArr:TP,larrfs:wP,larrhk:_P,larrlp:SP,larrpl:RP,larrsim:CP,larrtl:AP,latail:kP,lAtail:NP,lat:OP,late:IP,lates:$P,lbarr:LP,lBarr:qP,lbbrk:DP,lbrace:PP,lbrack:xP,lbrke:MP,lbrksld:UP,lbrkslu:FP,Lcaron:HP,lcaron:BP,Lcedil:jP,lcedil:VP,lceil:GP,lcub:WP,Lcy:zP,lcy:QP,ldca:YP,ldquo:KP,ldquor:XP,ldrdhar:JP,ldrushar:ZP,ldsh:ex,le:tx,lE:sx,LeftAngleBracket:nx,LeftArrowBar:rx,leftarrow:ox,LeftArrow:ix,Leftarrow:ax,LeftArrowRightArrow:lx,leftarrowtail:cx,LeftCeiling:ux,LeftDoubleBracket:dx,LeftDownTeeVector:hx,LeftDownVectorBar:fx,LeftDownVector:px,LeftFloor:mx,leftharpoondown:gx,leftharpoonup:vx,leftleftarrows:bx,leftrightarrow:yx,LeftRightArrow:Ex,Leftrightarrow:Tx,leftrightarrows:wx,leftrightharpoons:_x,leftrightsquigarrow:Sx,LeftRightVector:Rx,LeftTeeArrow:Cx,LeftTee:Ax,LeftTeeVector:kx,leftthreetimes:Nx,LeftTriangleBar:Ox,LeftTriangle:Ix,LeftTriangleEqual:$x,LeftUpDownVector:Lx,LeftUpTeeVector:qx,LeftUpVectorBar:Dx,LeftUpVector:Px,LeftVectorBar:xx,LeftVector:Mx,lEg:Ux,leg:Fx,leq:Hx,leqq:Bx,leqslant:jx,lescc:Vx,les:Gx,lesdot:Wx,lesdoto:zx,lesdotor:Qx,lesg:Yx,lesges:Kx,lessapprox:Xx,lessdot:Jx,lesseqgtr:Zx,lesseqqgtr:eM,LessEqualGreater:tM,LessFullEqual:sM,LessGreater:nM,lessgtr:rM,LessLess:oM,lesssim:iM,LessSlantEqual:aM,LessTilde:lM,lfisht:cM,lfloor:uM,Lfr:dM,lfr:hM,lg:fM,lgE:pM,lHar:mM,lhard:gM,lharu:vM,lharul:bM,lhblk:yM,LJcy:EM,ljcy:TM,llarr:wM,ll:_M,Ll:SM,llcorner:RM,Lleftarrow:CM,llhard:AM,lltri:kM,Lmidot:NM,lmidot:OM,lmoustache:IM,lmoust:$M,lnap:LM,lnapprox:qM,lne:DM,lnE:PM,lneq:xM,lneqq:MM,lnsim:UM,loang:FM,loarr:HM,lobrk:BM,longleftarrow:jM,LongLeftArrow:VM,Longleftarrow:GM,longleftrightarrow:WM,LongLeftRightArrow:zM,Longleftrightarrow:QM,longmapsto:YM,longrightarrow:KM,LongRightArrow:XM,Longrightarrow:JM,looparrowleft:ZM,looparrowright:e4,lopar:t4,Lopf:s4,lopf:n4,loplus:r4,lotimes:o4,lowast:i4,lowbar:a4,LowerLeftArrow:l4,LowerRightArrow:c4,loz:u4,lozenge:d4,lozf:h4,lpar:f4,lparlt:p4,lrarr:m4,lrcorner:g4,lrhar:v4,lrhard:b4,lrm:y4,lrtri:E4,lsaquo:T4,lscr:w4,Lscr:_4,lsh:S4,Lsh:R4,lsim:C4,lsime:A4,lsimg:k4,lsqb:N4,lsquo:O4,lsquor:I4,Lstrok:$4,lstrok:L4,ltcc:q4,ltcir:D4,lt:P4,LT:x4,Lt:M4,ltdot:U4,lthree:F4,ltimes:H4,ltlarr:B4,ltquest:j4,ltri:V4,ltrie:G4,ltrif:W4,ltrPar:z4,lurdshar:Q4,luruhar:Y4,lvertneqq:K4,lvnE:X4,macr:J4,male:Z4,malt:eU,maltese:tU,Map:"⤅",map:sU,mapsto:nU,mapstodown:rU,mapstoleft:oU,mapstoup:iU,marker:aU,mcomma:lU,Mcy:cU,mcy:uU,mdash:dU,mDDot:hU,measuredangle:fU,MediumSpace:pU,Mellintrf:mU,Mfr:gU,mfr:vU,mho:bU,micro:yU,midast:EU,midcir:TU,mid:wU,middot:_U,minusb:SU,minus:RU,minusd:CU,minusdu:AU,MinusPlus:kU,mlcp:NU,mldr:OU,mnplus:IU,models:$U,Mopf:LU,mopf:qU,mp:DU,mscr:PU,Mscr:xU,mstpos:MU,Mu:UU,mu:FU,multimap:HU,mumap:BU,nabla:jU,Nacute:VU,nacute:GU,nang:WU,nap:zU,napE:QU,napid:YU,napos:KU,napprox:XU,natural:JU,naturals:ZU,natur:e3,nbsp:t3,nbump:s3,nbumpe:n3,ncap:r3,Ncaron:o3,ncaron:i3,Ncedil:a3,ncedil:l3,ncong:c3,ncongdot:u3,ncup:d3,Ncy:h3,ncy:f3,ndash:p3,nearhk:m3,nearr:g3,neArr:v3,nearrow:b3,ne:y3,nedot:E3,NegativeMediumSpace:T3,NegativeThickSpace:w3,NegativeThinSpace:_3,NegativeVeryThinSpace:S3,nequiv:R3,nesear:C3,nesim:A3,NestedGreaterGreater:k3,NestedLessLess:N3,NewLine:O3,nexist:I3,nexists:$3,Nfr:L3,nfr:q3,ngE:D3,nge:P3,ngeq:x3,ngeqq:M3,ngeqslant:U3,nges:F3,nGg:H3,ngsim:B3,nGt:j3,ngt:V3,ngtr:G3,nGtv:W3,nharr:z3,nhArr:Q3,nhpar:Y3,ni:K3,nis:X3,nisd:J3,niv:Z3,NJcy:e5,njcy:t5,nlarr:s5,nlArr:n5,nldr:r5,nlE:o5,nle:i5,nleftarrow:a5,nLeftarrow:l5,nleftrightarrow:c5,nLeftrightarrow:u5,nleq:d5,nleqq:h5,nleqslant:f5,nles:p5,nless:m5,nLl:g5,nlsim:v5,nLt:b5,nlt:y5,nltri:E5,nltrie:T5,nLtv:w5,nmid:_5,NoBreak:S5,NonBreakingSpace:R5,nopf:C5,Nopf:A5,Not:k5,not:N5,NotCongruent:O5,NotCupCap:I5,NotDoubleVerticalBar:$5,NotElement:L5,NotEqual:q5,NotEqualTilde:D5,NotExists:P5,NotGreater:x5,NotGreaterEqual:M5,NotGreaterFullEqual:U5,NotGreaterGreater:F5,NotGreaterLess:H5,NotGreaterSlantEqual:B5,NotGreaterTilde:j5,NotHumpDownHump:V5,NotHumpEqual:G5,notin:W5,notindot:z5,notinE:Q5,notinva:Y5,notinvb:K5,notinvc:X5,NotLeftTriangleBar:J5,NotLeftTriangle:Z5,NotLeftTriangleEqual:eF,NotLess:tF,NotLessEqual:sF,NotLessGreater:nF,NotLessLess:rF,NotLessSlantEqual:oF,NotLessTilde:iF,NotNestedGreaterGreater:aF,NotNestedLessLess:lF,notni:cF,notniva:uF,notnivb:dF,notnivc:hF,NotPrecedes:fF,NotPrecedesEqual:pF,NotPrecedesSlantEqual:mF,NotReverseElement:gF,NotRightTriangleBar:vF,NotRightTriangle:bF,NotRightTriangleEqual:yF,NotSquareSubset:EF,NotSquareSubsetEqual:TF,NotSquareSuperset:wF,NotSquareSupersetEqual:_F,NotSubset:SF,NotSubsetEqual:RF,NotSucceeds:CF,NotSucceedsEqual:AF,NotSucceedsSlantEqual:kF,NotSucceedsTilde:NF,NotSuperset:OF,NotSupersetEqual:IF,NotTilde:$F,NotTildeEqual:LF,NotTildeFullEqual:qF,NotTildeTilde:DF,NotVerticalBar:PF,nparallel:xF,npar:MF,nparsl:UF,npart:FF,npolint:HF,npr:BF,nprcue:jF,nprec:VF,npreceq:GF,npre:WF,nrarrc:zF,nrarr:QF,nrArr:YF,nrarrw:KF,nrightarrow:XF,nRightarrow:JF,nrtri:ZF,nrtrie:eH,nsc:tH,nsccue:sH,nsce:nH,Nscr:rH,nscr:oH,nshortmid:iH,nshortparallel:aH,nsim:lH,nsime:cH,nsimeq:uH,nsmid:dH,nspar:hH,nsqsube:fH,nsqsupe:pH,nsub:mH,nsubE:gH,nsube:vH,nsubset:bH,nsubseteq:yH,nsubseteqq:EH,nsucc:TH,nsucceq:wH,nsup:_H,nsupE:SH,nsupe:RH,nsupset:CH,nsupseteq:AH,nsupseteqq:kH,ntgl:NH,Ntilde:OH,ntilde:IH,ntlg:$H,ntriangleleft:LH,ntrianglelefteq:qH,ntriangleright:DH,ntrianglerighteq:PH,Nu:xH,nu:MH,num:UH,numero:FH,numsp:HH,nvap:BH,nvdash:jH,nvDash:VH,nVdash:GH,nVDash:WH,nvge:zH,nvgt:QH,nvHarr:YH,nvinfin:KH,nvlArr:XH,nvle:JH,nvlt:ZH,nvltrie:eB,nvrArr:tB,nvrtrie:sB,nvsim:nB,nwarhk:rB,nwarr:oB,nwArr:iB,nwarrow:aB,nwnear:lB,Oacute:cB,oacute:uB,oast:dB,Ocirc:hB,ocirc:fB,ocir:pB,Ocy:mB,ocy:gB,odash:vB,Odblac:bB,odblac:yB,odiv:EB,odot:TB,odsold:wB,OElig:_B,oelig:SB,ofcir:RB,Ofr:CB,ofr:AB,ogon:kB,Ograve:NB,ograve:OB,ogt:IB,ohbar:$B,ohm:LB,oint:qB,olarr:DB,olcir:PB,olcross:xB,oline:MB,olt:UB,Omacr:FB,omacr:HB,Omega:BB,omega:jB,Omicron:VB,omicron:GB,omid:WB,ominus:zB,Oopf:QB,oopf:YB,opar:KB,OpenCurlyDoubleQuote:XB,OpenCurlyQuote:JB,operp:ZB,oplus:e6,orarr:t6,Or:s6,or:n6,ord:r6,order:o6,orderof:i6,ordf:a6,ordm:l6,origof:c6,oror:u6,orslope:d6,orv:h6,oS:f6,Oscr:p6,oscr:m6,Oslash:g6,oslash:v6,osol:b6,Otilde:y6,otilde:E6,otimesas:T6,Otimes:w6,otimes:_6,Ouml:S6,ouml:R6,ovbar:C6,OverBar:A6,OverBrace:k6,OverBracket:N6,OverParenthesis:O6,para:I6,parallel:$6,par:L6,parsim:q6,parsl:D6,part:P6,PartialD:x6,Pcy:M6,pcy:U6,percnt:F6,period:H6,permil:B6,perp:j6,pertenk:V6,Pfr:G6,pfr:W6,Phi:z6,phi:Q6,phiv:Y6,phmmat:K6,phone:X6,Pi:J6,pi:Z6,pitchfork:e8,piv:t8,planck:s8,planckh:n8,plankv:r8,plusacir:o8,plusb:i8,pluscir:a8,plus:l8,plusdo:c8,plusdu:u8,pluse:d8,PlusMinus:h8,plusmn:f8,plussim:p8,plustwo:m8,pm:g8,Poincareplane:v8,pointint:b8,popf:y8,Popf:E8,pound:T8,prap:w8,Pr:_8,pr:S8,prcue:R8,precapprox:C8,prec:A8,preccurlyeq:k8,Precedes:N8,PrecedesEqual:O8,PrecedesSlantEqual:I8,PrecedesTilde:$8,preceq:L8,precnapprox:q8,precneqq:D8,precnsim:P8,pre:x8,prE:M8,precsim:U8,prime:F8,Prime:H8,primes:B8,prnap:j8,prnE:V8,prnsim:G8,prod:W8,Product:z8,profalar:Q8,profline:Y8,profsurf:K8,prop:X8,Proportional:J8,Proportion:Z8,propto:ej,prsim:tj,prurel:sj,Pscr:nj,pscr:rj,Psi:oj,psi:ij,puncsp:aj,Qfr:lj,qfr:cj,qint:uj,qopf:dj,Qopf:hj,qprime:fj,Qscr:pj,qscr:mj,quaternions:gj,quatint:vj,quest:bj,questeq:yj,quot:Ej,QUOT:Tj,rAarr:wj,race:_j,Racute:Sj,racute:Rj,radic:Cj,raemptyv:Aj,rang:kj,Rang:Nj,rangd:Oj,range:Ij,rangle:$j,raquo:Lj,rarrap:qj,rarrb:Dj,rarrbfs:Pj,rarrc:xj,rarr:Mj,Rarr:Uj,rArr:Fj,rarrfs:Hj,rarrhk:Bj,rarrlp:jj,rarrpl:Vj,rarrsim:Gj,Rarrtl:Wj,rarrtl:zj,rarrw:Qj,ratail:Yj,rAtail:Kj,ratio:Xj,rationals:Jj,rbarr:Zj,rBarr:eV,RBarr:tV,rbbrk:sV,rbrace:nV,rbrack:rV,rbrke:oV,rbrksld:iV,rbrkslu:aV,Rcaron:lV,rcaron:cV,Rcedil:uV,rcedil:dV,rceil:hV,rcub:fV,Rcy:pV,rcy:mV,rdca:gV,rdldhar:vV,rdquo:bV,rdquor:yV,rdsh:EV,real:TV,realine:wV,realpart:_V,reals:SV,Re:RV,rect:CV,reg:AV,REG:kV,ReverseElement:NV,ReverseEquilibrium:OV,ReverseUpEquilibrium:IV,rfisht:$V,rfloor:LV,rfr:qV,Rfr:DV,rHar:PV,rhard:xV,rharu:MV,rharul:UV,Rho:FV,rho:HV,rhov:BV,RightAngleBracket:jV,RightArrowBar:VV,rightarrow:GV,RightArrow:WV,Rightarrow:zV,RightArrowLeftArrow:QV,rightarrowtail:YV,RightCeiling:KV,RightDoubleBracket:XV,RightDownTeeVector:JV,RightDownVectorBar:ZV,RightDownVector:eG,RightFloor:tG,rightharpoondown:sG,rightharpoonup:nG,rightleftarrows:rG,rightleftharpoons:oG,rightrightarrows:iG,rightsquigarrow:aG,RightTeeArrow:lG,RightTee:cG,RightTeeVector:uG,rightthreetimes:dG,RightTriangleBar:hG,RightTriangle:fG,RightTriangleEqual:pG,RightUpDownVector:mG,RightUpTeeVector:gG,RightUpVectorBar:vG,RightUpVector:bG,RightVectorBar:yG,RightVector:EG,ring:TG,risingdotseq:wG,rlarr:_G,rlhar:SG,rlm:RG,rmoustache:CG,rmoust:AG,rnmid:kG,roang:NG,roarr:OG,robrk:IG,ropar:$G,ropf:LG,Ropf:qG,roplus:DG,rotimes:PG,RoundImplies:xG,rpar:MG,rpargt:UG,rppolint:FG,rrarr:HG,Rrightarrow:BG,rsaquo:jG,rscr:VG,Rscr:GG,rsh:WG,Rsh:zG,rsqb:QG,rsquo:YG,rsquor:KG,rthree:XG,rtimes:JG,rtri:ZG,rtrie:eW,rtrif:tW,rtriltri:sW,RuleDelayed:nW,ruluhar:rW,rx:oW,Sacute:iW,sacute:aW,sbquo:lW,scap:cW,Scaron:uW,scaron:dW,Sc:hW,sc:fW,sccue:pW,sce:mW,scE:gW,Scedil:vW,scedil:bW,Scirc:yW,scirc:EW,scnap:TW,scnE:wW,scnsim:_W,scpolint:SW,scsim:RW,Scy:CW,scy:AW,sdotb:kW,sdot:NW,sdote:OW,searhk:IW,searr:$W,seArr:LW,searrow:qW,sect:DW,semi:PW,seswar:xW,setminus:MW,setmn:UW,sext:FW,Sfr:HW,sfr:BW,sfrown:jW,sharp:VW,SHCHcy:GW,shchcy:WW,SHcy:zW,shcy:QW,ShortDownArrow:YW,ShortLeftArrow:KW,shortmid:XW,shortparallel:JW,ShortRightArrow:ZW,ShortUpArrow:e9,shy:t9,Sigma:s9,sigma:n9,sigmaf:r9,sigmav:o9,sim:i9,simdot:a9,sime:l9,simeq:c9,simg:u9,simgE:d9,siml:h9,simlE:f9,simne:p9,simplus:m9,simrarr:g9,slarr:v9,SmallCircle:b9,smallsetminus:y9,smashp:E9,smeparsl:T9,smid:w9,smile:_9,smt:S9,smte:R9,smtes:C9,SOFTcy:A9,softcy:k9,solbar:N9,solb:O9,sol:I9,Sopf:$9,sopf:L9,spades:q9,spadesuit:D9,spar:P9,sqcap:x9,sqcaps:M9,sqcup:U9,sqcups:F9,Sqrt:H9,sqsub:B9,sqsube:j9,sqsubset:V9,sqsubseteq:G9,sqsup:W9,sqsupe:z9,sqsupset:Q9,sqsupseteq:Y9,square:K9,Square:X9,SquareIntersection:J9,SquareSubset:Z9,SquareSubsetEqual:ez,SquareSuperset:tz,SquareSupersetEqual:sz,SquareUnion:nz,squarf:rz,squ:oz,squf:iz,srarr:az,Sscr:lz,sscr:cz,ssetmn:uz,ssmile:dz,sstarf:hz,Star:fz,star:pz,starf:mz,straightepsilon:gz,straightphi:vz,strns:bz,sub:yz,Sub:Ez,subdot:Tz,subE:wz,sube:_z,subedot:Sz,submult:Rz,subnE:Cz,subne:Az,subplus:kz,subrarr:Nz,subset:Oz,Subset:Iz,subseteq:$z,subseteqq:Lz,SubsetEqual:qz,subsetneq:Dz,subsetneqq:Pz,subsim:xz,subsub:Mz,subsup:Uz,succapprox:Fz,succ:Hz,succcurlyeq:Bz,Succeeds:jz,SucceedsEqual:Vz,SucceedsSlantEqual:Gz,SucceedsTilde:Wz,succeq:zz,succnapprox:Qz,succneqq:Yz,succnsim:Kz,succsim:Xz,SuchThat:Jz,sum:Zz,Sum:eQ,sung:tQ,sup1:sQ,sup2:nQ,sup3:rQ,sup:oQ,Sup:iQ,supdot:aQ,supdsub:lQ,supE:cQ,supe:uQ,supedot:dQ,Superset:hQ,SupersetEqual:fQ,suphsol:pQ,suphsub:mQ,suplarr:gQ,supmult:vQ,supnE:bQ,supne:yQ,supplus:EQ,supset:TQ,Supset:wQ,supseteq:_Q,supseteqq:SQ,supsetneq:RQ,supsetneqq:CQ,supsim:AQ,supsub:kQ,supsup:NQ,swarhk:OQ,swarr:IQ,swArr:$Q,swarrow:LQ,swnwar:qQ,szlig:DQ,Tab:PQ,target:xQ,Tau:MQ,tau:UQ,tbrk:FQ,Tcaron:HQ,tcaron:BQ,Tcedil:jQ,tcedil:VQ,Tcy:GQ,tcy:WQ,tdot:zQ,telrec:QQ,Tfr:YQ,tfr:KQ,there4:XQ,therefore:JQ,Therefore:ZQ,Theta:e7,theta:t7,thetasym:s7,thetav:n7,thickapprox:r7,thicksim:o7,ThickSpace:i7,ThinSpace:a7,thinsp:l7,thkap:c7,thksim:u7,THORN:d7,thorn:h7,tilde:f7,Tilde:p7,TildeEqual:m7,TildeFullEqual:g7,TildeTilde:v7,timesbar:b7,timesb:y7,times:E7,timesd:T7,tint:w7,toea:_7,topbot:S7,topcir:R7,top:C7,Topf:A7,topf:k7,topfork:N7,tosa:O7,tprime:I7,trade:$7,TRADE:L7,triangle:q7,triangledown:D7,triangleleft:P7,trianglelefteq:x7,triangleq:M7,triangleright:U7,trianglerighteq:F7,tridot:H7,trie:B7,triminus:j7,TripleDot:V7,triplus:G7,trisb:W7,tritime:z7,trpezium:Q7,Tscr:Y7,tscr:K7,TScy:X7,tscy:J7,TSHcy:Z7,tshcy:eY,Tstrok:tY,tstrok:sY,twixt:nY,twoheadleftarrow:rY,twoheadrightarrow:oY,Uacute:iY,uacute:aY,uarr:lY,Uarr:cY,uArr:uY,Uarrocir:dY,Ubrcy:hY,ubrcy:fY,Ubreve:pY,ubreve:mY,Ucirc:gY,ucirc:vY,Ucy:bY,ucy:yY,udarr:EY,Udblac:TY,udblac:wY,udhar:_Y,ufisht:SY,Ufr:RY,ufr:CY,Ugrave:AY,ugrave:kY,uHar:NY,uharl:OY,uharr:IY,uhblk:$Y,ulcorn:LY,ulcorner:qY,ulcrop:DY,ultri:PY,Umacr:xY,umacr:MY,uml:UY,UnderBar:FY,UnderBrace:HY,UnderBracket:BY,UnderParenthesis:jY,Union:VY,UnionPlus:GY,Uogon:WY,uogon:zY,Uopf:QY,uopf:YY,UpArrowBar:KY,uparrow:XY,UpArrow:JY,Uparrow:ZY,UpArrowDownArrow:eK,updownarrow:tK,UpDownArrow:sK,Updownarrow:nK,UpEquilibrium:rK,upharpoonleft:oK,upharpoonright:iK,uplus:aK,UpperLeftArrow:lK,UpperRightArrow:cK,upsi:uK,Upsi:dK,upsih:hK,Upsilon:fK,upsilon:pK,UpTeeArrow:mK,UpTee:gK,upuparrows:vK,urcorn:bK,urcorner:yK,urcrop:EK,Uring:TK,uring:wK,urtri:_K,Uscr:SK,uscr:RK,utdot:CK,Utilde:AK,utilde:kK,utri:NK,utrif:OK,uuarr:IK,Uuml:$K,uuml:LK,uwangle:qK,vangrt:DK,varepsilon:PK,varkappa:xK,varnothing:MK,varphi:UK,varpi:FK,varpropto:HK,varr:BK,vArr:jK,varrho:VK,varsigma:GK,varsubsetneq:WK,varsubsetneqq:zK,varsupsetneq:QK,varsupsetneqq:YK,vartheta:KK,vartriangleleft:XK,vartriangleright:JK,vBar:ZK,Vbar:eX,vBarv:tX,Vcy:sX,vcy:nX,vdash:rX,vDash:oX,Vdash:iX,VDash:aX,Vdashl:lX,veebar:cX,vee:uX,Vee:dX,veeeq:hX,vellip:fX,verbar:pX,Verbar:mX,vert:gX,Vert:vX,VerticalBar:bX,VerticalLine:yX,VerticalSeparator:EX,VerticalTilde:TX,VeryThinSpace:wX,Vfr:_X,vfr:SX,vltri:RX,vnsub:CX,vnsup:AX,Vopf:kX,vopf:NX,vprop:OX,vrtri:IX,Vscr:$X,vscr:LX,vsubnE:qX,vsubne:DX,vsupnE:PX,vsupne:xX,Vvdash:MX,vzigzag:UX,Wcirc:FX,wcirc:HX,wedbar:BX,wedge:jX,Wedge:VX,wedgeq:GX,weierp:WX,Wfr:zX,wfr:QX,Wopf:YX,wopf:KX,wp:XX,wr:JX,wreath:ZX,Wscr:eJ,wscr:tJ,xcap:sJ,xcirc:nJ,xcup:rJ,xdtri:oJ,Xfr:iJ,xfr:aJ,xharr:lJ,xhArr:cJ,Xi:uJ,xi:dJ,xlarr:hJ,xlArr:fJ,xmap:pJ,xnis:mJ,xodot:gJ,Xopf:vJ,xopf:bJ,xoplus:yJ,xotime:EJ,xrarr:TJ,xrArr:wJ,Xscr:_J,xscr:SJ,xsqcup:RJ,xuplus:CJ,xutri:AJ,xvee:kJ,xwedge:NJ,Yacute:OJ,yacute:IJ,YAcy:$J,yacy:LJ,Ycirc:qJ,ycirc:DJ,Ycy:PJ,ycy:xJ,yen:MJ,Yfr:UJ,yfr:FJ,YIcy:HJ,yicy:BJ,Yopf:jJ,yopf:VJ,Yscr:GJ,yscr:WJ,YUcy:zJ,yucy:QJ,yuml:YJ,Yuml:KJ,Zacute:XJ,zacute:JJ,Zcaron:ZJ,zcaron:eZ,Zcy:tZ,zcy:sZ,Zdot:nZ,zdot:rZ,zeetrf:oZ,ZeroWidthSpace:iZ,Zeta:aZ,zeta:lZ,zfr:cZ,Zfr:uZ,ZHcy:dZ,zhcy:hZ,zigrarr:fZ,zopf:pZ,Zopf:mZ,Zscr:gZ,zscr:vZ,zwj:bZ,zwnj:yZ},EZ="Á",TZ="á",wZ="Â",_Z="â",SZ="´",RZ="Æ",CZ="æ",AZ="À",kZ="à",NZ="&",OZ="&",IZ="Å",$Z="å",LZ="Ã",qZ="ã",DZ="Ä",PZ="ä",xZ="¦",MZ="Ç",UZ="ç",FZ="¸",HZ="¢",BZ="©",jZ="©",VZ="¤",GZ="°",WZ="÷",zZ="É",QZ="é",YZ="Ê",KZ="ê",XZ="È",JZ="è",ZZ="Ð",eee="ð",tee="Ë",see="ë",nee="½",ree="¼",oee="¾",iee=">",aee=">",lee="Í",cee="í",uee="Î",dee="î",hee="¡",fee="Ì",pee="ì",mee="¿",gee="Ï",vee="ï",bee="«",yee="<",Eee="<",Tee="¯",wee="µ",_ee="·",See=" ",Ree="¬",Cee="Ñ",Aee="ñ",kee="Ó",Nee="ó",Oee="Ô",Iee="ô",$ee="Ò",Lee="ò",qee="ª",Dee="º",Pee="Ø",xee="ø",Mee="Õ",Uee="õ",Fee="Ö",Hee="ö",Bee="¶",jee="±",Vee="£",Gee='"',Wee='"',zee="»",Qee="®",Yee="®",Kee="§",Xee="­",Jee="¹",Zee="²",ete="³",tte="ß",ste="Þ",nte="þ",rte="×",ote="Ú",ite="ú",ate="Û",lte="û",cte="Ù",ute="ù",dte="¨",hte="Ü",fte="ü",pte="Ý",mte="ý",gte="¥",vte="ÿ",bte={Aacute:EZ,aacute:TZ,Acirc:wZ,acirc:_Z,acute:SZ,AElig:RZ,aelig:CZ,Agrave:AZ,agrave:kZ,amp:NZ,AMP:OZ,Aring:IZ,aring:$Z,Atilde:LZ,atilde:qZ,Auml:DZ,auml:PZ,brvbar:xZ,Ccedil:MZ,ccedil:UZ,cedil:FZ,cent:HZ,copy:BZ,COPY:jZ,curren:VZ,deg:GZ,divide:WZ,Eacute:zZ,eacute:QZ,Ecirc:YZ,ecirc:KZ,Egrave:XZ,egrave:JZ,ETH:ZZ,eth:eee,Euml:tee,euml:see,frac12:nee,frac14:ree,frac34:oee,gt:iee,GT:aee,Iacute:lee,iacute:cee,Icirc:uee,icirc:dee,iexcl:hee,Igrave:fee,igrave:pee,iquest:mee,Iuml:gee,iuml:vee,laquo:bee,lt:yee,LT:Eee,macr:Tee,micro:wee,middot:_ee,nbsp:See,not:Ree,Ntilde:Cee,ntilde:Aee,Oacute:kee,oacute:Nee,Ocirc:Oee,ocirc:Iee,Ograve:$ee,ograve:Lee,ordf:qee,ordm:Dee,Oslash:Pee,oslash:xee,Otilde:Mee,otilde:Uee,Ouml:Fee,ouml:Hee,para:Bee,plusmn:jee,pound:Vee,quot:Gee,QUOT:Wee,raquo:zee,reg:Qee,REG:Yee,sect:Kee,shy:Xee,sup1:Jee,sup2:Zee,sup3:ete,szlig:tte,THORN:ste,thorn:nte,times:rte,Uacute:ote,uacute:ite,Ucirc:ate,ucirc:lte,Ugrave:cte,ugrave:ute,uml:dte,Uuml:hte,uuml:fte,Yacute:pte,yacute:mte,yen:gte,yuml:vte},yte="&",Ete="'",Tte=">",wte="<",_te='"',eu={amp:yte,apos:Ete,gt:Tte,lt:wte,quot:_te};var $i={};const Ste={0:65533,128:8364,130:8218,131:402,132:8222,133:8230,134:8224,135:8225,136:710,137:8240,138:352,139:8249,140:338,142:381,145:8216,146:8217,147:8220,148:8221,149:8226,150:8211,151:8212,152:732,153:8482,154:353,155:8250,156:339,158:382,159:376};var Rte=ve&&ve.__importDefault||function(e){return e&&e.__esModule?e:{default:e}};Object.defineProperty($i,"__esModule",{value:!0});var ja=Rte(Ste),Cte=String.fromCodePoint||function(e){var t="";return e>65535&&(e-=65536,t+=String.fromCharCode(e>>>10&1023|55296),e=56320|e&1023),t+=String.fromCharCode(e),t};function Ate(e){return e>=55296&&e<=57343||e>1114111?"�":(e in ja.default&&(e=ja.default[e]),Cte(e))}$i.default=Ate;var oo=ve&&ve.__importDefault||function(e){return e&&e.__esModule?e:{default:e}};Object.defineProperty(Ft,"__esModule",{value:!0});Ft.decodeHTML=Ft.decodeHTMLStrict=Ft.decodeXML=void 0;var oi=oo(Zc),kte=oo(bte),Nte=oo(eu),Va=oo($i),Ote=/&(?:[a-zA-Z0-9]+|#[xX][\da-fA-F]+|#\d+);/g;Ft.decodeXML=tu(Nte.default);Ft.decodeHTMLStrict=tu(oi.default);function tu(e){var t=su(e);return function(s){return String(s).replace(Ote,t)}}var Ga=function(e,t){return e<t?1:-1};Ft.decodeHTML=function(){for(var e=Object.keys(kte.default).sort(Ga),t=Object.keys(oi.default).sort(Ga),s=0,n=0;s<t.length;s++)e[n]===t[s]?(t[s]+=";?",n++):t[s]+=";";var r=new RegExp("&(?:"+t.join("|")+"|#[xX][\\da-fA-F]+;?|#\\d+;?)","g"),o=su(oi.default);function i(a){return a.substr(-1)!==";"&&(a+=";"),o(a)}return function(a){return String(a).replace(r,i)}}();function su(e){return function(s){if(s.charAt(1)==="#"){var n=s.charAt(2);return n==="X"||n==="x"?Va.default(parseInt(s.substr(3),16)):Va.default(parseInt(s.substr(2),10))}return e[s.slice(1,-1)]||s}}var ct={},nu=ve&&ve.__importDefault||function(e){return e&&e.__esModule?e:{default:e}};Object.defineProperty(ct,"__esModule",{value:!0});ct.escapeUTF8=ct.escape=ct.encodeNonAsciiHTML=ct.encodeHTML=ct.encodeXML=void 0;var Ite=nu(eu),ru=iu(Ite.default),ou=au(ru);ct.encodeXML=uu(ru);var $te=nu(Zc),Li=iu($te.default),Lte=au(Li);ct.encodeHTML=Dte(Li,Lte);ct.encodeNonAsciiHTML=uu(Li);function iu(e){return Object.keys(e).sort().reduce(function(t,s){return t[e[s]]="&"+s+";",t},{})}function au(e){for(var t=[],s=[],n=0,r=Object.keys(e);n<r.length;n++){var o=r[n];o.length===1?t.push("\\"+o):s.push(o)}t.sort();for(var i=0;i<t.length-1;i++){for(var a=i;a<t.length-1&&t[a].charCodeAt(1)+1===t[a+1].charCodeAt(1);)a+=1;var l=1+a-i;l<3||t.splice(i,l,t[i]+"-"+t[a])}return s.unshift("["+t.join("")+"]"),new RegExp(s.join("|"),"g")}var lu=/(?:[\x80-\uD7FF\uE000-\uFFFF]|[\uD800-\uDBFF][\uDC00-\uDFFF]|[\uD800-\uDBFF](?![\uDC00-\uDFFF])|(?:[^\uD800-\uDBFF]|^)[\uDC00-\uDFFF])/g,qte=String.prototype.codePointAt!=null?function(e){return e.codePointAt(0)}:function(e){return(e.charCodeAt(0)-55296)*1024+e.charCodeAt(1)-56320+65536};function io(e){return"&#x"+(e.length>1?qte(e):e.charCodeAt(0)).toString(16).toUpperCase()+";"}function Dte(e,t){return function(s){return s.replace(t,function(n){return e[n]}).replace(lu,io)}}var cu=new RegExp(ou.source+"|"+lu.source,"g");function Pte(e){return e.replace(cu,io)}ct.escape=Pte;function xte(e){return e.replace(ou,io)}ct.escapeUTF8=xte;function uu(e){return function(t){return t.replace(cu,function(s){return e[s]||io(s)})}}(function(e){Object.defineProperty(e,"__esModule",{value:!0}),e.decodeXMLStrict=e.decodeHTML5Strict=e.decodeHTML4Strict=e.decodeHTML5=e.decodeHTML4=e.decodeHTMLStrict=e.decodeHTML=e.decodeXML=e.encodeHTML5=e.encodeHTML4=e.escapeUTF8=e.escape=e.encodeNonAsciiHTML=e.encodeHTML=e.encodeXML=e.encode=e.decodeStrict=e.decode=void 0;var t=Ft,s=ct;function n(l,h){return(!h||h<=0?t.decodeXML:t.decodeHTML)(l)}e.decode=n;function r(l,h){return(!h||h<=0?t.decodeXML:t.decodeHTMLStrict)(l)}e.decodeStrict=r;function o(l,h){return(!h||h<=0?s.encodeXML:s.encodeHTML)(l)}e.encode=o;var i=ct;Object.defineProperty(e,"encodeXML",{enumerable:!0,get:function(){return i.encodeXML}}),Object.defineProperty(e,"encodeHTML",{enumerable:!0,get:function(){return i.encodeHTML}}),Object.defineProperty(e,"encodeNonAsciiHTML",{enumerable:!0,get:function(){return i.encodeNonAsciiHTML}}),Object.defineProperty(e,"escape",{enumerable:!0,get:function(){return i.escape}}),Object.defineProperty(e,"escapeUTF8",{enumerable:!0,get:function(){return i.escapeUTF8}}),Object.defineProperty(e,"encodeHTML4",{enumerable:!0,get:function(){return i.encodeHTML}}),Object.defineProperty(e,"encodeHTML5",{enumerable:!0,get:function(){return i.encodeHTML}});var a=Ft;Object.defineProperty(e,"decodeXML",{enumerable:!0,get:function(){return a.decodeXML}}),Object.defineProperty(e,"decodeHTML",{enumerable:!0,get:function(){return a.decodeHTML}}),Object.defineProperty(e,"decodeHTMLStrict",{enumerable:!0,get:function(){return a.decodeHTMLStrict}}),Object.defineProperty(e,"decodeHTML4",{enumerable:!0,get:function(){return a.decodeHTML}}),Object.defineProperty(e,"decodeHTML5",{enumerable:!0,get:function(){return a.decodeHTML}}),Object.defineProperty(e,"decodeHTML4Strict",{enumerable:!0,get:function(){return a.decodeHTMLStrict}}),Object.defineProperty(e,"decodeHTML5Strict",{enumerable:!0,get:function(){return a.decodeHTMLStrict}}),Object.defineProperty(e,"decodeXMLStrict",{enumerable:!0,get:function(){return a.decodeXML}})})(Jc);function Mte(e,t){if(!(e instanceof t))throw new TypeError("Cannot call a class as a function")}function Ute(e,t){for(var s=0;s<t.length;s++){var n=t[s];n.enumerable=n.enumerable||!1,n.configurable=!0,"value"in n&&(n.writable=!0),Object.defineProperty(e,n.key,n)}}function Fte(e,t,s){return t&&Ute(e.prototype,t),e}function du(e,t){var s=typeof Symbol<"u"&&e[Symbol.iterator]||e["@@iterator"];if(!s){if(Array.isArray(e)||(s=Hte(e))||t){s&&(e=s);var n=0,r=function(){};return{s:r,n:function(){return n>=e.length?{done:!0}:{done:!1,value:e[n++]}},e:function(h){throw h},f:r}}throw new TypeError(`Invalid attempt to iterate non-iterable instance.
In order to be iterable, non-array objects must have a [Symbol.iterator]() method.`)}var o=!0,i=!1,a;return{s:function(){s=s.call(e)},n:function(){var h=s.next();return o=h.done,h},e:function(h){i=!0,a=h},f:function(){try{!o&&s.return!=null&&s.return()}finally{if(i)throw a}}}}function Hte(e,t){if(e){if(typeof e=="string")return Wa(e,t);var s=Object.prototype.toString.call(e).slice(8,-1);if(s==="Object"&&e.constructor&&(s=e.constructor.name),s==="Map"||s==="Set")return Array.from(e);if(s==="Arguments"||/^(?:Ui|I)nt(?:8|16|32)(?:Clamped)?Array$/.test(s))return Wa(e,t)}}function Wa(e,t){(t==null||t>e.length)&&(t=e.length);for(var s=0,n=new Array(t);s<t;s++)n[s]=e[s];return n}var Bte=Jc,za={fg:"#FFF",bg:"#000",newline:!1,escapeXML:!1,stream:!1,colors:jte()};function jte(){var e={0:"#000",1:"#A00",2:"#0A0",3:"#A50",4:"#00A",5:"#A0A",6:"#0AA",7:"#AAA",8:"#555",9:"#F55",10:"#5F5",11:"#FF5",12:"#55F",13:"#F5F",14:"#5FF",15:"#FFF"};return Un(0,5).forEach(function(t){Un(0,5).forEach(function(s){Un(0,5).forEach(function(n){return Vte(t,s,n,e)})})}),Un(0,23).forEach(function(t){var s=t+232,n=hu(t*10+8);e[s]="#"+n+n+n}),e}function Vte(e,t,s,n){var r=16+e*36+t*6+s,o=e>0?e*40+55:0,i=t>0?t*40+55:0,a=s>0?s*40+55:0;n[r]=Gte([o,i,a])}function hu(e){for(var t=e.toString(16);t.length<2;)t="0"+t;return t}function Gte(e){var t=[],s=du(e),n;try{for(s.s();!(n=s.n()).done;){var r=n.value;t.push(hu(r))}}catch(o){s.e(o)}finally{s.f()}return"#"+t.join("")}function Qa(e,t,s,n){var r;return t==="text"?r=Yte(s,n):t==="display"?r=zte(e,s,n):t==="xterm256Foreground"?r=Qn(e,n.colors[s]):t==="xterm256Background"?r=Yn(e,n.colors[s]):t==="rgb"&&(r=Wte(e,s)),r}function Wte(e,t){t=t.substring(2).slice(0,-1);var s=+t.substr(0,2),n=t.substring(5).split(";"),r=n.map(function(o){return("0"+Number(o).toString(16)).substr(-2)}).join("");return zn(e,(s===38?"color:#":"background-color:#")+r)}function zte(e,t,s){t=parseInt(t,10);var n={"-1":function(){return"<br/>"},0:function(){return e.length&&fu(e)},1:function(){return Jt(e,"b")},3:function(){return Jt(e,"i")},4:function(){return Jt(e,"u")},8:function(){return zn(e,"display:none")},9:function(){return Jt(e,"strike")},22:function(){return zn(e,"font-weight:normal;text-decoration:none;font-style:normal")},23:function(){return Ka(e,"i")},24:function(){return Ka(e,"u")},39:function(){return Qn(e,s.fg)},49:function(){return Yn(e,s.bg)},53:function(){return zn(e,"text-decoration:overline")}},r;return n[t]?r=n[t]():4<t&&t<7?r=Jt(e,"blink"):29<t&&t<38?r=Qn(e,s.colors[t-30]):39<t&&t<48?r=Yn(e,s.colors[t-40]):89<t&&t<98?r=Qn(e,s.colors[8+(t-90)]):99<t&&t<108&&(r=Yn(e,s.colors[8+(t-100)])),r}function fu(e){var t=e.slice(0);return e.length=0,t.reverse().map(function(s){return"</"+s+">"}).join("")}function Un(e,t){for(var s=[],n=e;n<=t;n++)s.push(n);return s}function Qte(e){return function(t){return(e===null||t.category!==e)&&e!=="all"}}function Ya(e){e=parseInt(e,10);var t=null;return e===0?t="all":e===1?t="bold":2<e&&e<5?t="underline":4<e&&e<7?t="blink":e===8?t="hide":e===9?t="strike":29<e&&e<38||e===39||89<e&&e<98?t="foreground-color":(39<e&&e<48||e===49||99<e&&e<108)&&(t="background-color"),t}function Yte(e,t){return t.escapeXML?Bte.encodeXML(e):e}function Jt(e,t,s){return s||(s=""),e.push(t),"<".concat(t).concat(s?' style="'.concat(s,'"'):"",">")}function zn(e,t){return Jt(e,"span",t)}function Qn(e,t){return Jt(e,"span","color:"+t)}function Yn(e,t){return Jt(e,"span","background-color:"+t)}function Ka(e,t){var s;if(e.slice(-1)[0]===t&&(s=e.pop()),s)return"</"+t+">"}function Kte(e,t,s){var n=!1,r=3;function o(){return""}function i(q,L){return s("xterm256Foreground",L),""}function a(q,L){return s("xterm256Background",L),""}function l(q){return t.newline?s("display",-1):s("text",q),""}function h(q,L){n=!0,L.trim().length===0&&(L="0"),L=L.trimRight(";").split(";");var Q=du(L),oe;try{for(Q.s();!(oe=Q.n()).done;){var P=oe.value;s("display",P)}}catch(V){Q.e(V)}finally{Q.f()}return""}function d(q){return s("text",q),""}function p(q){return s("rgb",q),""}var g=[{pattern:/^\x08+/,sub:o},{pattern:/^\x1b\[[012]?K/,sub:o},{pattern:/^\x1b\[\(B/,sub:o},{pattern:/^\x1b\[[34]8;2;\d+;\d+;\d+m/,sub:p},{pattern:/^\x1b\[38;5;(\d+)m/,sub:i},{pattern:/^\x1b\[48;5;(\d+)m/,sub:a},{pattern:/^\n/,sub:l},{pattern:/^\r+\n/,sub:l},{pattern:/^\r/,sub:l},{pattern:/^\x1b\[((?:\d{1,3};?)+|)m/,sub:h},{pattern:/^\x1b\[\d?J/,sub:o},{pattern:/^\x1b\[\d{0,3};\d{0,3}f/,sub:o},{pattern:/^\x1b\[?[\d;]{0,3}/,sub:o},{pattern:/^(([^\x1b\x08\r\n])+)/,sub:d}];function y(q,L){L>r&&n||(n=!1,e=e.replace(q.pattern,q.sub))}var A=[],k=e,j=k.length;e:for(;j>0;){for(var W=0,C=0,R=g.length;C<R;W=++C){var O=g[W];if(y(O,W),e.length!==j){j=e.length;continue e}}if(e.length===j)break;A.push(0),j=e.length}return A}function Xte(e,t,s){return t!=="text"&&(e=e.filter(Qte(Ya(s))),e.push({token:t,data:s,category:Ya(s)})),e}var Jte=function(){function e(t){Mte(this,e),t=t||{},t.colors&&(t.colors=Object.assign({},za.colors,t.colors)),this.options=Object.assign({},za,t),this.stack=[],this.stickyStack=[]}return Fte(e,[{key:"toHtml",value:function(s){var n=this;s=typeof s=="string"?[s]:s;var r=this.stack,o=this.options,i=[];return this.stickyStack.forEach(function(a){var l=Qa(r,a.token,a.data,o);l&&i.push(l)}),Kte(s.join(""),o,function(a,l){var h=Qa(r,a,l,o);h&&i.push(h),o.stream&&(n.stickyStack=Xte(n.stickyStack,a,l))}),r.length&&i.push(fu(r)),i.join("")}}]),e}(),Zte=Jte;const ese=qs(Zte),tse={name:"OutputTab",props:["active"],computed:{formattedOutput(){return this.ansiToHtml.toHtml(this.$request.commandOutput||"")}},created(){this.ansiToHtml=new ese({fg:"#c7c7c7",bg:"#000000",escapeXML:!0,colors:{0:"#000000",1:"#c91b00",2:"#00c200",3:"#c7c400",4:"#0225c7",5:"#c930c7",6:"#00c5c7",7:"#c7c7c7",8:"#676767",9:"#ff6d67",10:"#5ff967",11:"#fefb67",12:"#6871ff",13:"#ff76ff",14:"#5ffdff",15:"#feffff"}})}},sse={key:0},nse=["innerHTML"];function rse(e,t,s,n,r,o){return s.active?(f(),v("div",sse,[u("div",{class:"command-output",innerHTML:o.formattedOutput},null,8,nse)])):E("",!0)}const ose=he(tse,[["render",rse]]),ise={name:"PerformanceClientSide",components:{DetailsTable:He,PerformanceChart:Ii},props:["metrics","vitals"],computed:{showVitalsInfo(){return this.$settings.global.performanceVitalsInfoShown}},methods:{toggleVitalsInfo(){this.$settings.global.performanceVitalsInfoShown=!this.$settings.global.performanceVitalsInfoShown,this.$settings.save()}}},ase={class:"performance-client-side"},lse={key:0,class:"counters-row performance-metrics"},cse={class:"counter performance-chart-legend"},use={class:"counter-value"},dse={class:"counters-group right-aligned"},hse={class:"counter performance-chart-legend"},fse={class:"counter-value"},pse={class:"header-group"},mse={class:"vitals-row"},gse={class:"vitals-metric"},vse={key:1,class:"metric-value value-unavailable"},bse={key:2,class:"metric-info"},yse={class:"vitals-metric"},Ese={key:1,class:"metric-value value-unavailable"},Tse={key:2,class:"metric-info"},wse={class:"vitals-row"},_se={class:"vitals-metric"},Sse={key:1,class:"metric-value value-unavailable"},Rse={key:2,class:"metric-info"},Cse={class:"vitals-metric"},Ase={key:1,class:"metric-value value-unavailable"},kse={key:2,class:"metric-info"},Nse={class:"vitals-row"},Ose={class:"vitals-metric"},Ise={key:1,class:"metric-value value-unavailable"},$se={key:2,class:"metric-info"},Lse={class:"vitals-metric"},qse={key:1,class:"metric-value value-unavailable"},Dse={key:2,class:"metric-info"};function Pse(e,t,s,n,r,o){const i=$("performance-chart"),a=$("icon"),l=$("details-table");return f(),v("div",ase,[s.metrics.filter(h=>h.value).length?(f(),v("div",lse,[e.metric.value?(f(!0),v(B,{key:0},le(s.metrics.filter(h=>!h.dom),h=>(f(),v("div",cse,[u("div",use,T(h.value)+" ms",1),u("div",{class:te(["counter-title",h.color?`has-mark mark-${h.color}`:""])},T(h.name),3)]))),256)):E("",!0),u("div",dse,[e.metric.value?(f(!0),v(B,{key:0},le(s.metrics.filter(h=>h.dom),h=>(f(),v("div",hse,[u("div",fse,T(h.value)+" ms",1),u("div",{class:te(["counter-title",h.color?`has-mark mark-${h.color}`:""])},T(h.name),3)]))),256)):E("",!0)])])):E("",!0),s.metrics.filter(h=>h.value&&h.onChart).length?(f(),J(i,{key:1,metrics:s.metrics.filter(h=>h.onChart)},null,8,["metrics"])):E("",!0),Object.values(s.vitals).filter(h=>h.value).length?(f(),J(l,{key:2,title:"Vitals",icon:"activity",items:[],class:"performance-vitals"},{toolbar:ce(()=>[u("div",pse,[u("a",{href:"#",title:"Show info",class:te(["header-item",{active:o.showVitalsInfo}]),onClick:t[0]||(t[0]=ge((...h)=>o.toggleVitalsInfo&&o.toggleVitalsInfo(...h),["prevent"]))},[D(a,{name:"help-circle"})],2)])]),body:ce(()=>[u("tr",null,[u("td",null,[u("div",mse,[u("div",gse,[t[2]||(t[2]=u("div",{class:"metric-name"},"Time To First Byte",-1)),s.vitals.ttfb.available?(f(),v("div",{key:0,class:te(["metric-value",`value-${s.vitals.ttfb.score}`])},T(e.$round(s.vitals.ttfb.value))+" ms ",3)):(f(),v("div",vse,"—")),o.showVitalsInfo?(f(),v("div",bse,t[1]||(t[1]=[z(" Time at which your server sends a response. "),u("a",{href:"https://web.dev/time-to-first-byte/",target:"_blank"},"Learn more",-1)]))):E("",!0)]),u("div",yse,[t[4]||(t[4]=u("div",{class:"metric-name"},"First Input Delay",-1)),s.vitals.fid.available?(f(),v("div",{key:0,class:te(["metric-value",`value-${s.vitals.fid.score}`])},T(e.$round(s.vitals.fid.value))+" ms ",3)):(f(),v("div",Ese,"—")),o.showVitalsInfo?(f(),v("div",Tse,t[3]||(t[3]=[z(" Time from when a user first interacts with a page to the time when the browser is actually able to respond to that interaction. "),u("a",{href:"https://web.dev/fid/",target:"_blank"},"Learn more",-1)]))):E("",!0)])])])]),u("tr",null,[u("td",null,[u("div",wse,[u("div",_se,[t[6]||(t[6]=u("div",{class:"metric-name"},"First Contentful Paint",-1)),s.vitals.fcp.available?(f(),v("div",{key:0,class:te(["metric-value",`value-${s.vitals.fcp.score}`])},T(e.$round(s.vitals.fcp.value))+" ms ",3)):(f(),v("div",Sse,"—")),o.showVitalsInfo?(f(),v("div",Rse,t[5]||(t[5]=[z(" First Contentful Paint marks the time at which the first text or image is painted. "),u("a",{href:"https://web.dev/first-contentful-paint/",target:"_blank"},"Learn more",-1)]))):E("",!0)]),u("div",Cse,[t[8]||(t[8]=u("div",{class:"metric-name"},"Largest Contentful Paint",-1)),s.vitals.lcp.available?(f(),v("div",{key:0,class:te(["metric-value",`value-${s.vitals.lcp.score}`])},T(e.$round(s.vitals.lcp.value))+" ms ",3)):(f(),v("div",Ase,"—")),o.showVitalsInfo?(f(),v("div",kse,t[7]||(t[7]=[z(" Largest Contentful Paint marks the time at which the largest text or image is painted. "),u("a",{href:"https://web.dev/lighthouse-largest-contentful-paint/",target:"_blank"},"Learn more",-1)]))):E("",!0)])])])]),u("tr",null,[u("td",null,[u("div",Nse,[u("div",Ose,[t[10]||(t[10]=u("div",{class:"metric-name"},"Cumulative Layout Shift",-1)),s.vitals.cls.available?(f(),v("div",{key:0,class:te(["metric-value",`value-${s.vitals.cls.score}`])},T(e.$round(s.vitals.cls.value))+" ms ",3)):(f(),v("div",Ise,"—")),o.showVitalsInfo?(f(),v("div",$se,t[9]||(t[9]=[z(" Cumulative Layout Shift measures the movement of visible elements within the viewport. "),u("a",{href:"https://web.dev/cls/",target:"_blank"},"Learn more",-1)]))):E("",!0)]),u("div",Lse,[t[12]||(t[12]=u("div",{class:"metric-name"},"Speed Index",-1)),s.vitals.si.available?(f(),v("div",{key:0,class:te(["metric-value",`value-${s.vitals.si.score}`])},T(e.$round(s.vitals.si.value))+" ms ",3)):(f(),v("div",qse,"—")),o.showVitalsInfo?(f(),v("div",Dse,t[11]||(t[11]=[z(" Speed Index shows how quickly the contents of a page are visibly populated. "),u("a",{href:"https://web.dev/speed-index/",target:"_blank"},"Learn more",-1)]))):E("",!0)])])])])]),_:1})):E("",!0)])}const xse=he(ise,[["render",Pse]]),Mse={name:"PerformanceLog",components:{DetailsTable:He,DetailsTableFilterToggle:_i,HighlightedCode:ro,PrettyPrint:Qe,ShortenedText:bs,StackTrace:ht},props:["issues","slowQueries"],data:()=>({databaseSlowQueriesFilter:ze([{tag:"model"},{tag:"type",apply:(e,t)=>{if(["select","update","insert","delete"].includes(t.toLowerCase()))return e.query.match(new RegExp(`^${t.toLowerCase()}`,"i"))}},{tag:"file",map:e=>e.shortPath},{tag:"duration",type:"number"}]),performanceLogFilter:ze([{tag:"time",type:"date"},{tag:"file",map:e=>e.shortPath}],e=>e.message)}),computed:{databaseSlowQueriesColumns(){let e=["Model","Query","Duration"];return new Set(this.slowQueries.map(s=>s.connection)).size>1&&e.splice(1,0,"Connection"),e}}},Use={class:"performance-log"},Fse={class:"log-message"},Hse={class:"log-message-content"},Bse={key:0},jse={key:0},Vse={class:"database-query"},Gse={class:"database-query-content"},Wse={class:"database-duration"};function zse(e,t,s,n,r,o){const i=$("pretty-print"),a=$("stack-trace"),l=$("details-table"),h=$("shortened-text"),d=$("highlighted-code");return f(),v("div",Use,[s.issues.length?(f(),J(l,{key:0,title:"Performance issues",icon:"alert-triangle",badge:s.issues.length,columns:["Message"],items:s.issues,filter:e.performanceLogFilter,"filter-example":"query failed file:Controller.php time:>13:08:29","no-table-head":!0},{body:ce(({items:p})=>[(f(!0),v(B,null,le(p,(g,y)=>(f(),v("tr",{class:"log-row",key:`${e.$request.id}-${y}`},[u("td",null,[u("div",Fse,[u("div",Hse,[D(i,{data:g.message},null,8,["data"]),g.context&&g.context.length?(f(),v("div",Bse,[D(i,{data:g.context},null,8,["data"])])):E("",!0)]),D(a,{class:"log-message-path",trace:g.trace,file:g.file,line:g.line},null,8,["trace","file","line"])])])]))),128))]),_:1},8,["badge","items","filter"])):E("",!0),s.slowQueries.length?(f(),J(l,{key:1,title:"Slow database queries",icon:"database",badge:s.slowQueries.length,columns:o.databaseSlowQueriesColumns,items:s.slowQueries,filter:e.databaseSlowQueriesFilter,"filter-example":"where request_id model:request type:select file:Controller.php duration:>100"},{body:ce(({items:p})=>[(f(!0),v(B,null,le(p,(g,y)=>(f(),v("tr",{key:`${e.$request.id}-${y}`},[u("td",null,[D(h,{full:g.model},{default:ce(()=>[z(T(g.shortModel),1)]),_:2},1032,["full"])]),o.databaseSlowQueriesColumns.includes("Connection")?(f(),v("td",jse,T(g.connection),1)):E("",!0),u("td",null,[u("div",Vse,[u("div",Gse,[D(d,{language:"sql",code:g.query},null,8,["code"])]),D(a,{class:"database-query-path",trace:g.trace,file:g.file,line:g.line},null,8,["trace","file","line"])])]),u("td",Wse,T(g.duration)+" ms",1)]))),128))]),_:1},8,["badge","columns","items","filter"])):E("",!0)])}const Qse=he(Mse,[["render",zse]]),Yse={name:"Profiler",components:{DetailsTable:He,ShortenedText:bs},data:()=>({filter:(()=>{let e=ze([{tag:"model"},{tag:"file",map:t=>t.shortPath},{tag:"self",type:"number"},{tag:"inclusive",type:"number"}],t=>t.name);return e.sortedBy="self",e.sortedDesc=!0,e})()}),computed:{enabled:{get(){return this.$profiler.isProfiling},set(e){e?this.$profiler.enableProfiling():this.$profiler.disableProfiling()}}},methods:{filterXdebug(e){return e?this.filter.filter(e):[]}}},Kse={class:"header-group"},Xse={class:"header-toggle"},Jse={class:"header-group"},Zse={key:0},ene={key:1},tne={class:"header-group"},sne={class:"header-group"},nne={class:"header-search"},rne=["onUpdate:modelValue"],one={class:"profiler-metric"},ine={class:"profiler-metric"},ane={class:"profiler-function"},lne={class:"profiler-function-name"},cne={class:"profiler-path"},une={key:1},dne={colspan:"3"},hne={class:"profiler-content"},fne={key:2},pne={key:3},mne={colspan:"3"},gne={class:"profiler-content"},vne={class:"content-actions"};function bne(e,t,s,n,r,o){const i=$("icon"),a=$("shortened-text"),l=$("spinner"),h=$("details-table");return f(),v("div",null,[D(h,{title:"Profiler",icon:"clock",columns:["Self","Inclusive","Function"],items:e.$profiler.functions,filter:e.filter,"per-page":100,class:"profiler"},{toolbar:ce(({filter:d})=>[u("div",Kse,[u("label",Xse,[Oe(u("input",{type:"checkbox","onUpdate:modelValue":t[0]||(t[0]=p=>o.enabled=p)},null,512),[[Ot,o.enabled]]),t[8]||(t[8]=z(" Enabled "))])]),u("div",Jse,[u("a",{href:"#",onClick:t[1]||(t[1]=ge(p=>e.$profiler.showPercentual(!1),["prevent","stop"])),class:te(["header-item item-text",{active:!e.$profiler.percentual}]),title:"Exact"},[e.$profiler.metric==0?(f(),v("span",Zse,"ms")):E("",!0),e.$profiler.metric==1?(f(),v("span",ene,"kB")):E("",!0)],2),u("a",{href:"#",onClick:t[2]||(t[2]=ge(p=>e.$profiler.showPercentual(),["prevent","stop"])),class:te(["header-item",{active:e.$profiler.percentual}]),title:"Percentual"},[D(i,{name:"percent"})],2)]),u("div",tne,[u("a",{href:"#",onClick:t[3]||(t[3]=ge(p=>e.$profiler.setShownFraction(.5),["prevent","stop"])),class:te(["header-item item-text",{active:e.$profiler.shownFraction==.5}])}," 50% ",2),u("a",{href:"#",onClick:t[4]||(t[4]=ge(p=>e.$profiler.setShownFraction(.9),["prevent","stop"])),class:te(["header-item item-text",{active:e.$profiler.shownFraction==.9}])}," 90% ",2),u("a",{href:"#",onClick:t[5]||(t[5]=ge(p=>e.$profiler.setShownFraction(1),["prevent","stop"])),class:te(["header-item item-text",{active:e.$profiler.shownFraction==1}])}," 100% ",2)]),u("div",sne,[u("div",nne,[Oe(u("input",{type:"search","onUpdate:modelValue":p=>d.input=p,placeholder:"Search..."},null,8,rne),[[gt,d.input]]),D(i,{name:"search"})])])]),body:ce(({items:d})=>[e.$profiler.ready?(f(!0),v(B,{key:0},le(o.filterXdebug(d),(p,g)=>(f(),v("tr",{key:`${e.$request.id}-${g}`},[u("td",one,T(e.$profiler.formatMetric(p.self)),1),u("td",ine,T(e.$profiler.formatMetric(p.inclusive)),1),u("td",ane,[u("div",lne,T(p.name),1),u("div",cne,[D(a,{full:p.fullPath},{default:ce(()=>[z(T(p.shortPath),1)]),_:2},1032,["full"])])])]))),128)):E("",!0),e.$profiler.loading||e.$profiler.parsing?(f(),v("tr",une,[u("td",dne,[u("div",hne,[D(l,{color:e.$settings.appearance=="dark"?"#f27e02":"#258cdb"},null,8,["color"]),u("p",null,T(e.$profiler.loading?"Loading profile...":"Processing profile..."),1)])])])):E("",!0),e.$profiler.invalid?(f(),v("tr",fne,t[9]||(t[9]=[u("td",{colspan:"3"},[u("div",{class:"profiler-content"},[u("h1",null," Profile contains invalid data. "),u("p",null,[z(" This is usually caused by a misconfigured Xdebug php extension."),u("br"),u("a",{href:"https://underground.works/clockwork/#docs-xdebug-profiler",target:"_blank"},"Read more about how to set up Xdebug")])])],-1)]))):E("",!0),e.$profiler.available?E("",!0):(f(),v("tr",pne,[u("td",mne,[u("div",gne,[t[10]||(t[10]=u("h1",null," Profile is not present for current request. ",-1)),t[11]||(t[11]=u("p",null,[z(" Profiling requires the Xdebug php extension."),u("br"),u("a",{href:"https://underground.works/clockwork/#docs-xdebug-profiler",target:"_blank"},"Read more about how to set up Xdebug")],-1)),u("p",vne,[e.$profiler.isProfiling?E("",!0):(f(),v("a",{key:0,href:"#",class:"button",onClick:t[6]||(t[6]=p=>e.$profiler.enableProfiling())}," Enable profiler ")),e.$profiler.isProfiling?(f(),v("a",{key:1,href:"#",class:"button",onClick:t[7]||(t[7]=p=>e.$profiler.disableProfiling())}," Disable profiler ")):E("",!0)])])])]))]),_:1},8,["items","filter"])])}const yne=he(Yse,[["render",bne]]),Ene={name:"Timeline",components:{DetailsTable:He,HighlightedCode:ro,Popover:Ic},props:{name:{},timeline:{},tags:{default:()=>[]}},data:()=>({condense:void 0,showDetails:!1,hiddenTags:void 0,presentedEvents:[],filter:ze([{tag:"duration",type:"number"}],e=>e.description)}),computed:{availableTags(){return this.tags.filter(e=>this.timeline.events.find(t=>t.tags&&t.tags.includes(e.tag)))},columns(){return this.showDetails?[{name:" ",sortBy:"start",class:"timeline-chart"},{name:"Event",sortBy:"name",class:"timeline-description"},{name:"Total",sortBy:"duration",class:"timeline-timing"},{name:"Self",sortBy:"durationSelf",class:"timeline-timing"},{name:"Child",sortBy:"durationChild",class:"timeline-timing"}]:[]}},methods:{toggleTag(e){this.hiddenTags.includes(e)?this.hiddenTags=this.hiddenTags.filter(t=>t!=e):this.hiddenTags.push(e)},resolveTags(e){return e.map(t=>this.tags.find(s=>s.tag==t)).filter(t=>t)},toggleDetails(){this.showDetails=!this.showDetails},showPopover(e){this.$refs.popovers[e].toggle()},async refreshEvents(e){if(!this.timeline||!this.$refs.timelineChart)return;await this.$nextTick();let t=this.$refs.timelineChart.offsetWidth-16;if(t<=0)return;let s=this.timeline.filter(this.filter,this.hiddenTags);this.condense&&(s=s.condense()),this.presentedEvents=s.present(t)},observeResizing(){let e=this.$refs.timeline.offsetWidth;this.resizeObserver=new ResizeObserver(to(([t])=>{e!=t.contentRect.width&&(e=t.contentRect.width,this.refreshEvents(t))},10)),this.resizeObserver.observe(this.$refs.timeline)},formatTiming(e,t="ms",s=""){return e==null?s:e<=0||e>1?`${Math.round(e)} ${t}`:`<1 ${t}`}},watch:{condense(e,t){t!==void 0&&(this.refreshEvents(),this.$settings.global.timelineCondensed[this.name]=this.condense,this.$settings.save())},hiddenTags(e,t){t!==void 0&&(this.refreshEvents(),this.$settings.global.timelineHiddenTags[this.name]=this.hiddenTags,this.$settings.save())},showDetails(){this.refreshEvents()},timeline(){this.refreshEvents()}},async mounted(){this.condense=this.$settings.global.timelineCondensed[this.name]||!1,this.hiddenTags=this.$settings.global.timelineHiddenTags[this.name]||[],await this.refreshEvents(),this.observeResizing()}},Tne={class:"header-group"},wne={class:"header-toggle"},_ne={key:0,class:"header-group"},Sne=["title","onClick"],Rne={class:"header-group"},Cne={class:"header-search"},Ane=["onUpdate:modelValue"],kne={class:"header-group"},Nne={class:"timeline-chart"},One=["onClick"],Ine={key:0,class:"label-tags"},$ne={key:1},Lne={class:"event-bar"},qne={class:"event-header"},Dne={class:"header-tags"},Pne={key:0,class:"event-description"},xne={key:1},Mne={class:"event-timings"},Une={class:"timings-timing timing-total"},Fne={class:"timing-value"},Hne={class:"timings-timing timing-self"},Bne={class:"timing-value"},jne={class:"timings-timing timing-children"},Vne={class:"timing-value"},Gne={class:"timeline-description"},Wne={class:"description-content"},zne={key:0,class:"description-tags"},Qne={key:2},Yne={class:"timeline-timing timing-total"},Kne={class:"timeline-timing"},Xne={class:"timeline-timing"},Jne={class:"timeline-size-monitor"},Zne={class:"timeline-graph",ref:"timelineChart"};function ere(e,t,s,n,r,o){const i=$("icon"),a=$("highlighted-code"),l=$("popover"),h=$("details-table");return f(),v("div",{class:te(["timeline",{"show-details":e.showDetails}]),ref:"timeline"},[D(h,{title:"Timeline",icon:"pie-chart",columns:o.columns,items:e.presentedEvents,filter:e.filter,"no-table-head":!e.showDetails,"filter-example":"database query duration:>50","per-page":100},{toolbar:ce(({filter:d})=>[u("div",Tne,[u("label",wne,[Oe(u("input",{type:"checkbox","onUpdate:modelValue":t[0]||(t[0]=p=>e.condense=p)},null,512),[[Ot,e.condense]]),t[2]||(t[2]=z(" Condense "))])]),o.availableTags.length?(f(),v("div",_ne,[(f(!0),v(B,null,le(o.availableTags,p=>(f(),v("a",{href:"#",class:te(["header-item",{active:e.hiddenTags&&!e.hiddenTags.includes(p.tag)}]),title:p.title,onClick:g=>o.toggleTag(p.tag)},[D(i,{name:p.icon},null,8,["name"])],10,Sne))),256))])):E("",!0),u("div",Rne,[u("div",Cne,[Oe(u("input",{type:"search","onUpdate:modelValue":p=>d.input=p,placeholder:"Search..."},null,8,Ane),[[gt,d.input]]),D(i,{name:"search"})])]),u("div",kne,[u("a",{href:"#",title:"Toggle details",class:te(["header-item",{active:e.showDetails}]),onClick:t[1]||(t[1]=ge((...p)=>o.toggleDetails&&o.toggleDetails(...p),["prevent"]))},[D(i,{name:"list"})],2)])]),body:ce(({items:d})=>[(f(!0),v(B,null,le(d,(p,g)=>(f(),v("tr",null,[u("td",Nne,[u("div",{class:"chart-event-group popover-container",style:ut(p.groupStyle),onClick:y=>o.showPopover(g)},[u("div",{class:te(["group-label",p.labelClass]),style:ut(p.labelStyle)},[p.tags?(f(),v("span",Ine,[(f(!0),v(B,null,le(o.resolveTags(p.tags),y=>(f(),v("span",null,[D(i,{name:y.icon,title:y.title},null,8,["name","title"])]))),256))])):E("",!0),z(" "+T(p.name)+" ",1),p.condensed?E("",!0):(f(),v("span",$ne,T(o.formatTiming(p.duration)),1))],6),(f(!0),v(B,null,le(p.events,(y,A)=>(f(),v("div",{class:te(["group-event",y.eventClass]),style:ut(y.eventStyle)},[u("div",Lne,[(f(!0),v(B,null,le(y.childrenSections,k=>(f(),v("div",{class:"bar-light",style:ut(k.style)},null,4))),256))])],6))),256)),D(l,{class:"timeline-popover",ref_for:!0,ref:"popovers"},{default:ce(()=>[(f(!0),v(B,null,le(p.events,y=>(f(),v("div",{class:te(["popover-event",y.eventClass])},[u("div",qne,[u("h1",null,T(y.name),1),u("div",Dne,[(f(!0),v(B,null,le(o.resolveTags(y.tags),A=>(f(),v("span",null,[D(i,{name:A.icon,title:A.title},null,8,["name","title"])]))),256))])]),y.description!=y.name?(f(),v("div",Pne,[y.tags&&y.tags.indexOf("databaseQueries")>-1?(f(),J(a,{key:0,language:"sql",code:y.description},null,8,["code"])):(f(),v("div",xne,T(y.description),1))])):E("",!0),u("div",Mne,[u("div",Une,[u("div",Fne,T(o.formatTiming(y.duration)),1),t[3]||(t[3]=u("div",{class:"timing-label"}," Total ",-1))]),u("div",Hne,[u("div",Bne,T(o.formatTiming(y.durationSelf)),1),t[4]||(t[4]=u("div",{class:"timing-label"}," Self ",-1))]),u("div",jne,[u("div",Vne,T(o.formatTiming(y.durationChildren,"ms","–")),1),t[5]||(t[5]=u("div",{class:"timing-label"}," Children ",-1))])])],2))),256))]),_:2},1536)],12,One)]),u("td",Gne,[$t(e.$slots,"table-description",{item:p},()=>[u("div",Wne,[p.tags&&p.tags.length?(f(),v("span",zne,[(f(!0),v(B,null,le(o.resolveTags(p.tags),y=>(f(),v("span",null,[D(i,{name:y.icon,title:y.title},null,8,["name","title"])]))),256))])):E("",!0),p.tags&&p.tags.indexOf("databaseQueries")>-1?(f(),J(a,{key:1,language:"sql",code:p.description},null,8,["code"])):(f(),v("div",Qne,T(p.description),1))])])]),u("td",Yne,T(p.duration|o.formatTiming),1),u("td",Kne,T(p.durationSelf|o.formatTiming),1),u("td",Xne,T(p.durationChildren|o.formatTiming("ms",p.condensed?"":"–")),1)]))),256)),u("tr",Jne,[u("td",Zne,null,512),t[6]||(t[6]=u("td",{class:"timeline-description"},null,-1)),t[7]||(t[7]=u("td",{class:"timeline-timing"},null,-1)),t[8]||(t[8]=u("td",{class:"timeline-timing"},null,-1)),t[9]||(t[9]=u("td",{class:"timeline-timing"},null,-1))])]),_:3},8,["columns","items","filter","no-table-head"])],2)}const pu=he(Ene,[["render",ere]]);var on=mu;function mu(){var e=[].slice.call(arguments),t=!1;typeof e[0]=="boolean"&&(t=e.shift());var s=e[0];if(Xa(s))throw new Error("extendee must be an object");for(var n=e.slice(1),r=n.length,o=0;o<r;o++){var i=n[o];for(var a in i)if(Object.prototype.hasOwnProperty.call(i,a)){var l=i[a];if(t&&tre(l)){var h=Array.isArray(l)?[]:{};s[a]=mu(!0,Object.prototype.hasOwnProperty.call(s,a)&&!Xa(s[a])?s[a]:h,l)}else s[a]=l}}return s}function tre(e){return Array.isArray(e)||{}.toString.call(e)=="[object Object]"}function Xa(e){return!e||typeof e!="object"&&typeof e!="function"}const sre={name:"PerformanceTab",components:{PerformanceChart:Ii,PerformanceClientSide:xse,PerformanceLog:Qse,Profiler:yne,Timeline:pu},props:["active"],data:()=>({selectedPerformanceTab:null,timelineTags:[{tag:"events",icon:"zap",title:"Events"},{tag:"databaseQueries",icon:"database",title:"Database"},{tag:"cacheQueries",icon:"paperclip",title:"Cache"},{tag:"redisCommands",icon:"layers",title:"Redis"},{tag:"queueJobs",icon:"clock",title:"Queue"},{tag:"httpRequests",icon:"compass",title:"HTTP Requests"},{tag:"views",icon:"image",title:"Views"},{tag:"notifications",icon:"mail",title:"Notifications"}]}),computed:{activePerformanceTab(){let e=this.selectedPerformanceTab||"issues";return e=="issues"&&!this.databaseSlowQueries.length&&!this.performanceIssues.length||e=="client-side"&&!this.isClientSideTabAvailable?"timeline":e},databaseSlowQueries(){return this.$request.databaseQueries.filter(e=>e.tags.includes("slow"))},isClientSideTabAvailable(){return this.$request.clientMetrics.filter(e=>e.value).length||Object.values(this.$request.webVitals).filter(e=>e.value).length},performanceIssues(){return this.$request.log.filter(e=>{var t;return(t=e.context)==null?void 0:t.performance}).map(e=>on({},e,{context:Xc(e.context,["performance","trace"])}))}},methods:{isTabActive(e){return this.activePerformanceTab==e},showTab(e){this.selectedPerformanceTab=e,e=="profiler"&&this.$profiler.loadRequest(this.$request)},refreshRequest(){!this.active||!this.$request||(this.$platform.hasFeature("load-client-metrics")&&this.$request.loadClientMetrics(this.$requests),this.activePerformanceTab=="profiler"&&this.$profiler.loadRequest(this.$request))}},watch:{active(){this.refreshRequest()},$request(){this.refreshRequest()}}},nre={key:0},rre={class:"counters-row performance-metrics"},ore={key:0,class:"counter"},ire={class:"counter-value"},are={key:1,class:"counter"},lre={class:"counter-value"},cre={class:"counters-group right-aligned"},ure={class:"counter-value"},dre={tabs:"performance"},hre={class:"performance-tabs"};function fre(e,t,s,n,r,o){const i=$("performance-chart"),a=$("icon"),l=$("performance-log"),h=$("timeline"),d=$("performance-client-side"),p=$("profiler");return s.active?(f(),v("div",nre,[u("div",rre,[e.$request.responseDurationRounded?(f(),v("div",ore,[u("div",ire,T(e.$request.responseDurationRounded)+" ms",1),t[4]||(t[4]=u("div",{class:"counter-title"},"Response time",-1))])):E("",!0),e.$request.memoryUsage?(f(),v("div",are,[u("div",lre,T(e.$request.memoryUsageFormatted),1),t[5]||(t[5]=u("div",{class:"counter-title"},"Memory",-1))])):E("",!0),u("div",cre,[(f(!0),v(B,null,le(e.$request.performanceMetrics,(g,y)=>(f(),v("div",{class:"counter performance-chart-legend",key:`${e.$request.id}-${y}`},[u("div",ure,T(g.value)+" ms",1),u("div",{class:te(["counter-title has-mark",`mark-${g.color}`])},T(g.name),3)]))),128))])]),D(i,{metrics:e.$request.performanceMetrics},null,8,["metrics"]),u("div",dre,[u("div",hre,[o.databaseSlowQueries.length||o.performanceIssues.length?(f(),v("a",{key:0,class:te(["performance-tab",{active:o.isTabActive("issues")}]),href:"#",onClick:t[0]||(t[0]=ge(g=>o.showTab("issues"),["prevent"]))},[D(a,{name:"alert-triangle"}),t[6]||(t[6]=z(" Issues "))],2)):E("",!0),u("a",{class:te(["performance-tab",{active:o.isTabActive("timeline")}]),href:"#",onClick:t[1]||(t[1]=ge(g=>o.showTab("timeline"),["prevent"]))},[D(a,{name:"pie-chart"}),t[7]||(t[7]=z(" Timeline "))],2),o.isClientSideTabAvailable?(f(),v("a",{key:1,class:te(["performance-tab",{active:o.isTabActive("client-side")}]),href:"#",onClick:t[2]||(t[2]=ge(g=>o.showTab("client-side"),["prevent"]))},[D(a,{name:"smile"}),t[8]||(t[8]=z(" Client-side "))],2)):E("",!0),e.$platform.hasFeature("profiler")?(f(),v("a",{key:2,class:te(["performance-tab",{active:o.isTabActive("profiler")}]),href:"#",onClick:t[3]||(t[3]=ge(g=>o.showTab("profiler"),["prevent"]))},[D(a,{name:"clock"}),t[9]||(t[9]=z(" Profiler "))],2)):E("",!0)]),o.isTabActive("issues")?(f(),J(l,{key:0,issues:o.performanceIssues,"slow-queries":o.databaseSlowQueries},null,8,["issues","slow-queries"])):E("",!0),o.isTabActive("timeline")?(f(),J(h,{key:1,name:"performance",timeline:e.$request.timeline,tags:e.timelineTags},null,8,["timeline","tags"])):E("",!0),o.isTabActive("client-side")?(f(),J(d,{key:2,metrics:e.$request.clientMetrics,vitals:e.$request.webVitals},null,8,["metrics","vitals"])):E("",!0),o.isTabActive("profiler")?(f(),J(p,{key:3})):E("",!0)])])):E("",!0)}const pre=he(sre,[["render",fre]]),mre={name:"RedisTab",components:{DetailsTable:He,PrettyPrint:Qe,StackTrace:ht},props:["active"],data:()=>({filter:ze([{tag:"connection"},{tag:"command"},{tag:"file",map:e=>e.shortPath},{tag:"duration",type:"number"}])}),computed:{columns(){let e=["Command","Parameters","Duration"];return new Set(this.$request.redisCommands.map(s=>s.connection)).size>1&&e.splice(0,0,"Connection"),e}}},gre={key:0},vre={key:0},bre={class:"database-query"},yre={class:"database-query-content"},Ere={class:"database-duration"};function Tre(e,t,s,n,r,o){const i=$("pretty-print"),a=$("stack-trace"),l=$("details-table");return s.active?(f(),v("div",gre,[D(l,{title:"Commands",icon:"layers",columns:o.columns,items:e.$request.redisCommands,filter:e.filter,"filter-example":"command:zrange connection:eshop file:StatsController.php duration:>50"},{body:ce(({items:h})=>[(f(!0),v(B,null,le(h,(d,p)=>(f(),v("tr",{key:`${e.$request.id}-${p}`},[o.columns.includes("Connection")?(f(),v("td",vre,T(d.connection),1)):E("",!0),u("td",null,T(d.command),1),u("td",null,[u("div",bre,[u("div",yre,[D(i,{data:d.parameters},null,8,["data"])]),D(a,{class:"database-query-path",trace:d.trace,file:d.file,line:d.line},null,8,["trace","file","line"])])]),u("td",Ere,T(d.duration)+" ms",1)]))),128))]),_:1},8,["columns","items","filter"])])):E("",!0)}const wre=he(mre,[["render",Tre]]),_re={name:"QueueTab",components:{DetailsTable:He,PrettyPrint:Qe,ShortenedText:bs,StackTrace:ht},props:["active"],data:()=>({filter:ze([{tag:"connection"},{tag:"queue"},{tag:"name"}]),jobRequests:{}}),computed:{columns(){let e=["Name","Data"],t=new Set(this.$request.queueJobs.map(n=>n.queue)).size>1,s=new Set(this.$request.queueJobs.map(n=>n.connection)).size>1;return t&&e.splice(0,0,"Queue"),s&&e.splice(0,0,"Connection"),e.concat(["Status",""])},queueJobs(){return this.$request?this.$request.queueJobs.map(e=>on({request:this.jobRequests[e.id]},e)):[]}},methods:{showJob(e){this.global.$request=this.$requests.findId(e.id)},async loadQueueJobRequest(e,t=0){if(t==12||e.loadRequestTimeout)return;let s=this.$requests.findId(e.id)||await this.$requests.loadId(e.id,null,!1);if(!s)return e.loadRequestTimeout=setTimeout(()=>{e.loadRequestTimeout=null,this.loadQueueJobRequest(e,t+1)},5e3);this.$set(this.jobRequests,e.id,s)}},watch:{active(e){e&&this.$request.queueJobs.forEach(t=>{t.id&&this.loadQueueJobRequest(t)})}}},Sre={key:0},Rre={key:0},Cre={key:1},Are={class:"database-query"},kre={class:"database-query-content"},Nre={key:0,class:"job-options"},Ore={key:0},Ire={key:1},$re=["onClick"];function Lre(e,t,s,n,r,o){const i=$("shortened-text"),a=$("pretty-print"),l=$("stack-trace"),h=$("icon"),d=$("details-table");return s.active?(f(),v("div",Sre,[D(d,{title:"Jobs",icon:"clock",columns:o.columns,items:o.queueJobs,filter:e.filter,"filter-example":"Underground.works name:GenerateInvoice queue:priority"},{body:ce(({items:p})=>[(f(!0),v(B,null,le(p,(g,y)=>(f(),v("tr",{key:`${e.$request.id}-${y}`},[o.columns.includes("Queue")?(f(),v("td",Rre,T(g.queue),1)):E("",!0),o.columns.includes("Connection")?(f(),v("td",Cre,T(g.connection),1)):E("",!0),u("td",null,[D(i,{full:g.name},{default:ce(()=>[z(T(g.shortName),1)]),_:2},1032,["full"])]),u("td",null,[u("div",Are,[u("div",kre,[D(a,{data:g.data},null,8,["data"])]),g.maxTries||g.timeout?(f(),v("div",Nre,[g.maxTries?(f(),v("span",Ore,T(g.maxTries)+" tries",1)):E("",!0),g.timeout?(f(),v("span",Ire,T(g.timeout)+"s timeout",1)):E("",!0)])):E("",!0),D(l,{class:"database-query-path",trace:g.trace,file:g.file,line:g.line},null,8,["trace","file","line"])])]),u("td",null,[u("span",{class:te({"job-status-text":!0,"is-success":g.request&&g.request.jobStatus=="done","is-error":g.request&&g.request.jobStatus=="failed"})},T(g.request?g.request.jobStatus:"waiting"),3)]),u("td",null,[g.request?(f(),v("a",{key:0,href:"#",onClick:ge(A=>o.showJob(g),["prevent"]),title:"Show details"},[D(h,{name:"search"})],8,$re)):E("",!0)])]))),128))]),_:1},8,["columns","items","filter"])])):E("",!0)}const qre=he(_re,[["render",Lre],["__scopeId","data-v-dcf5c414"]]),Dre={name:"RoutesTab",components:{DetailsTable:He},props:["active"],data:()=>({filter:ze([{tag:"method",apply:(e,t)=>{if(["get","post","put","delete","head","patch"].includes(t.toLowerCase()))return e.method.toLowerCase()==t.toLowerCase()}},{tag:"uri"}])}),computed:{columns(){let e=["Methods","URI","Action"];return this.$request.routes.some(t=>t.name)&&e.push("Name"),this.$request.routes.some(t=>t.middleware)&&e.push("Middleware"),this.$request.routes.some(t=>t.before)&&e.push("Before"),this.$request.routes.some(t=>t.after)&&e.push("After"),e}}},Pre={key:0},xre={key:0},Mre={key:1},Ure={key:2},Fre={key:3};function Hre(e,t,s,n,r,o){const i=$("details-table");return s.active?(f(),v("div",Pre,[D(i,{title:"Routes",icon:"map",columns:o.columns,items:e.$request.routes,filter:e.filter,"filter-example":"OrderController method:post uri:order"},{body:ce(({items:a})=>[(f(!0),v(B,null,le(a,(l,h)=>(f(),v("tr",{key:`${e.$request.id}-${h}`},[u("td",null,T(l.method),1),u("td",null,T(l.uri),1),u("td",null,T(l.action),1),o.columns.includes("Name")?(f(),v("td",xre,T(l.name),1)):E("",!0),o.columns.includes("Middleware")?(f(),v("td",Mre,[(f(!0),v(B,null,le(l.middleware,(d,p)=>(f(),v("span",null,T(d)+T(p==l.middleware.length-1?"":", "),1))),256))])):E("",!0),o.columns.includes("Before")?(f(),v("td",Ure,T(l.before),1)):E("",!0),o.columns.includes("After")?(f(),v("td",Fre,T(l.after),1)):E("",!0)]))),128))]),_:1},8,["columns","items","filter"])])):E("",!0)}const Bre=he(Dre,[["render",Hre]]),jre={name:"UserTab",components:{DetailsTable:He,PrettyPrint:Qe},props:["active","userTab"],data:()=>({filters:[]}),watch:{userTab:{handler(e){this.filters=e.sections.map(t=>{if(t.showAs=="table")return ze(t.data[0].map(s=>({tag:s.key})))})},immediate:!0}}},Vre={key:0},Gre={key:0,class:"counters-row"},Wre={class:"counter-value"},zre={class:"counter-title"};function Qre(e,t,s,n,r,o){const i=$("pretty-print"),a=$("details-table");return s.active?(f(),v("div",Vre,[(f(!0),v(B,null,le(s.userTab.sections,(l,h)=>(f(),v("div",{key:`${e.$request.id}-${h}`},[l.showAs=="counters"?(f(),v("div",Gre,[(f(!0),v(B,null,le(l.data,(d,p)=>(f(),v("div",{class:"counter",key:`${e.$request.id}-${p}`},[u("div",Wre,T(d.value),1),u("div",zre,T(d.key),1)]))),128))])):E("",!0),l.showAs=="table"?(f(),J(a,{key:1,title:l.title,columns:l.data[0].map(d=>d.key),items:l.data,filter:e.filters[h]},{body:ce(({items:d})=>[(f(!0),v(B,null,le(d,p=>(f(),v("tr",null,[(f(!0),v(B,null,le(p,g=>(f(),v("td",null,[D(i,{data:g.value},null,8,["data"])]))),256))]))),256))]),_:2},1032,["title","columns","items","filter"])):E("",!0)]))),128))])):E("",!0)}const Yre=he(jre,[["render",Qre]]),Kre={name:"ViewsTab",components:{PrettyPrint:Qe,Timeline:pu},props:["active"]},Xre={key:0},Jre={class:"views-view-name"};function Zre(e,t,s,n,r,o){const i=$("pretty-print"),a=$("timeline");return s.active?(f(),v("div",Xre,[D(a,{name:"views",icon:"image",timeline:e.$request.viewsData},{"table-description":ce(({item:l})=>[u("div",Jre,T(l.description),1),l.data?(f(),J(i,{key:0,data:l.data},null,8,["data"])):E("",!0)]),_:1},8,["timeline"])])):E("",!0)}const eoe=he(Kre,[["render",Zre]]);var toe=soe;function soe(e){if(e==null)return!0;if(Array.isArray(e)||typeof e=="string")return!e.length;var t={}.toString.call(e);return t=="[object Object]"?!Object.keys(e).length&&!Object.getOwnPropertySymbols(e).length:t=="[object Map]"||t=="[object Set]"?!e.size:Object(e)!==e||!Object.keys(e).length}const noe={name:"RequestDetails",components:{CreditsModal:cp,DetailsRequest:Np,MessagesOverlay:am,SettingsModal:Bm,SharingModal:Xm,SharingDeleteModal:tg,TabBar:dg,CacheTab:uy,DatabaseTab:zy,EventsTab:iE,HttpRequestsTab:bT,LogTab:IT,ModelsTab:T0,NotificationsTab:sw,OutputTab:ose,PerformanceTab:pre,RedisTab:wre,QueueTab:qre,RoutesTab:Bre,UserTab:Yre,ViewsTab:eoe},computed:{tabs(){var e,t;return[{text:"Performance",name:"performance",icon:"activity",shown:!0},{text:"Log",name:"log",icon:"edit-2",shown:this.shownTabs.log},{text:"Events",name:"events",icon:"zap",shown:this.shownTabs.events},{text:"Models",name:"models",icon:"disc",shown:this.shownTabs.models},{text:"Database",name:"database",icon:"database",shown:this.shownTabs.database},{text:"Cache",name:"cache",icon:"paperclip",shown:this.shownTabs.cache},{text:"Redis",name:"redis",icon:"layers",shown:this.shownTabs.redis},{text:"Queue",name:"queue",icon:"clock",shown:this.shownTabs.queue},{text:"HTTP",name:"httpRequests",icon:"compass",shown:this.shownTabs.httpRequests},{text:"Views",name:"views",icon:"image",shown:this.shownTabs.views},{text:"Notifications",name:"notifications",icon:"mail",shown:this.shownTabs.notifications},{text:"Routes",name:"routes",icon:"map",shown:this.shownTabs.routes}].concat((t=(e=this.$request)==null?void 0:e.userData)==null?void 0:t.map(s=>({text:s.title,name:`user-${s.key}`,icon:"menu",shown:!0}))).concat([{text:"Output",name:"output",icon:"terminal",shown:this.shownTabs.output}]).filter(Boolean)},activeTab(){if(this.$request)return this.shownTabs[this.global.activeDetailsTab]===!1?"performance":this.global.activeDetailsTab},shownTabs(){var e,t,s,n,r,o,i,a,l,h,d,p,g,y,A,k,j,W,C,R,O,q,L;return{log:((t=(e=this.$request)==null?void 0:e.log)==null?void 0:t.length)>0,models:["modelsRetrieved","modelsCreated","modelsUpdated","modelsDeleted"].some(Q=>{var oe;return!toe((oe=this.$request)==null?void 0:oe[Q])})||((s=this.$request)==null?void 0:s.modelsActions.length)>0,database:((n=this.$request)==null?void 0:n.databaseQueriesCount)>0||((o=(r=this.$request)==null?void 0:r.databaseQueries)==null?void 0:o.length)>0,cache:["cacheReads","cacheHits","cacheWrites","cacheDeletes","cacheTime"].some(Q=>{var oe;return(oe=this.$request)==null?void 0:oe[Q]})||((i=this.$request)==null?void 0:i.cacheQueries.length)>0,redis:((l=(a=this.$request)==null?void 0:a.redisCommands)==null?void 0:l.length)>0,queue:((d=(h=this.$request)==null?void 0:h.queueJobs)==null?void 0:d.length)>0,events:((g=(p=this.$request)==null?void 0:p.events)==null?void 0:g.length)>0,views:((A=(y=this.$request)==null?void 0:y.viewsData)==null?void 0:A.events.length)>0,notifications:((j=(k=this.$request)==null?void 0:k.notifications)==null?void 0:j.length)>0,httpRequests:((C=(W=this.$request)==null?void 0:W.httpRequests)==null?void 0:C.length)>0,routes:((O=(R=this.$request)==null?void 0:R.routes)==null?void 0:O.length)>0,output:((L=(q=this.$request)==null?void 0:q.commandOutput)==null?void 0:L.length)>0}}},methods:{showTab(e){this.global.activeDetailsTab=e,this.global.showIncomingRequests=!1},toggleRequestsList(){this.$settings.global.requestsListCollapsed=!this.$settings.global.requestsListCollapsed,this.$settings.save()},toggleRequestSidebar(){this.$settings.global.requestSidebarCollapsed=!this.$settings.global.requestSidebarCollapsed,this.$settings.save()},toggleSettingsModal(){this.$settings.toggle()}}},roe={class:"split-view-pane split-view-details popover-viewport"},ooe={key:0,class:"details-header"},ioe={class:"icons"},aoe={class:"icons"},loe={key:1,class:"details-content"},coe={class:"content-content"},uoe={key:2,class:"details-loading-overlay"},doe={key:3,class:"details-error-overlay"},hoe={class:"message"},foe={key:0,class:"message"},poe={key:1},moe={key:2};function goe(e,t,s,n,r,o){const i=$("icon"),a=$("tab-bar"),l=$("details-request"),h=$("events-tab"),d=$("models-tab"),p=$("database-tab"),g=$("cache-tab"),y=$("redis-tab"),A=$("queue-tab"),k=$("log-tab"),j=$("performance-tab"),W=$("views-tab"),C=$("notifications-tab"),R=$("http-requests-tab"),O=$("routes-tab"),q=$("user-tab"),L=$("output-tab"),Q=$("spinner"),oe=$("settings-modal"),P=$("credits-modal"),V=$("sharing-modal"),F=$("sharing-delete-modal"),M=$("messages-overlay");return f(),v("div",roe,[e.$platform.hasFeature("tab-bar")?(f(),v("div",ooe,[u("div",ioe,[e.$platform.hasFeature("requests-list")?(f(),v("a",{key:0,href:"#",title:"Toggle requests",onClick:t[0]||(t[0]=ge((...c)=>o.toggleRequestsList&&o.toggleRequestsList(...c),["prevent"]))},[D(i,{name:e.$settings.global.requestsListCollapsed?"chevron-right":"chevron-left"},null,8,["name"])])):E("",!0)]),D(a,{tabs:o.tabs,"active-tab":o.activeTab,onTabSelected:o.showTab},null,8,["tabs","active-tab","onTabSelected"]),u("div",aoe,[u("a",{href:"#",title:"Settings",onClick:t[1]||(t[1]=ge((...c)=>o.toggleSettingsModal&&o.toggleSettingsModal(...c),["prevent"])),class:te({active:e.$settings.shown})},[D(i,{name:"settings"})],2),u("a",{href:"#",title:"Toggle sidebar",onClick:t[2]||(t[2]=ge((...c)=>o.toggleRequestSidebar&&o.toggleRequestSidebar(...c),["prevent"]))},[D(i,{name:e.$settings.global.requestSidebarCollapsed?"chevron-left":"chevron-right"},null,8,["name"])])])])):E("",!0),e.$request&&!e.$request.loading&&!e.$request.error?(f(),v("div",loe,[t[6]||(t[6]=u("div",{class:"content-header"},null,-1)),e.$platform.hasFeature("details-request")?(f(),J(l,{key:0})):E("",!0),u("div",coe,[o.shownTabs.events?(f(),J(h,{key:0,active:o.activeTab=="events"},null,8,["active"])):E("",!0),o.shownTabs.models?(f(),J(d,{key:1,active:o.activeTab=="models"},null,8,["active"])):E("",!0),o.shownTabs.database?(f(),J(p,{key:2,active:o.activeTab=="database"},null,8,["active"])):E("",!0),o.shownTabs.cache?(f(),J(g,{key:3,active:o.activeTab=="cache"},null,8,["active"])):E("",!0),o.shownTabs.redis?(f(),J(y,{key:4,active:o.activeTab=="redis"},null,8,["active"])):E("",!0),o.shownTabs.queue?(f(),J(A,{key:5,active:o.activeTab=="queue"},null,8,["active"])):E("",!0),o.shownTabs.log?(f(),J(k,{key:6,active:o.activeTab=="log"},null,8,["active"])):E("",!0),D(j,{active:o.activeTab=="performance"},null,8,["active"]),o.shownTabs.views?(f(),J(W,{key:7,active:o.activeTab=="views"},null,8,["active"])):E("",!0),o.shownTabs.notifications?(f(),J(C,{key:8,active:o.activeTab=="notifications"},null,8,["active"])):E("",!0),o.shownTabs.httpRequests?(f(),J(R,{key:9,active:o.activeTab=="httpRequests"},null,8,["active"])):E("",!0),o.shownTabs.routes?(f(),J(O,{key:10,active:o.activeTab=="routes"},null,8,["active"])):E("",!0),(f(!0),v(B,null,le(e.$get(e.$request,"userData"),(c,m)=>(f(),J(q,{key:`${e.$request.id}-${m}`,"user-tab":c,active:o.activeTab==`user-${c.key}`},null,8,["user-tab","active"]))),128)),o.shownTabs.output?(f(),J(L,{key:11,active:o.activeTab=="output"},null,8,["active"])):E("",!0)])])):E("",!0),e.$get(e.$request,"loading")&&!e.$authentication.shown?(f(),v("div",uoe,[D(Q,{color:e.$settings.appearance=="dark"?"#f27e02":"#258cdb"},null,8,["color"])])):E("",!0),e.$get(e.$request,"error")&&e.$get(e.$request,"error.error")!="requires-authentication"?(f(),v("div",doe,[D(i,{name:"alert-circle"}),t[7]||(t[7]=u("p",{class:"title"},"Error loading request metadata.",-1)),u("p",hoe,T(e.$get(e.$request,"error.message")),1),t[8]||(t[8]=u("a",{href:"https://underground.works/clockwork/#faq-error-loading-metadata",target:"_blank"},"More info",-1))])):E("",!0),e.$authentication.shown?(f(),v("div",{key:4,class:te(["details-authentication-overlay",{failed:e.$authentication.failed}])},[u("form",{onSubmit:t[5]||(t[5]=ge(c=>e.$authentication.attempt(),["prevent"]))},[D(i,{name:"lock"}),t[9]||(t[9]=u("p",{class:"title"},"This site requires authentication.",-1)),t[10]||(t[10]=u("p",{class:"title failed"},"Authentication failed.",-1)),e.$authentication.message?(f(),v("p",foe,T(e.$authentication.message),1)):E("",!0),e.$authentication.requires.includes("username")?(f(),v("p",poe,[Oe(u("input",{type:"text","onUpdate:modelValue":t[3]||(t[3]=c=>e.$authentication.username=c),placeholder:"Username"},null,512),[[gt,e.$authentication.username]])])):E("",!0),e.$authentication.requires.includes("password")?(f(),v("p",moe,[Oe(u("input",{type:"password","onUpdate:modelValue":t[4]||(t[4]=c=>e.$authentication.password=c),placeholder:"Password"},null,512),[[gt,e.$authentication.password]])])):E("",!0),t[11]||(t[11]=u("p",null,[u("button",{type:"submit"},"Submit")],-1))],32)],2)):E("",!0),D(oe),D(P),D(V),D(F),D(M)])}const voe=he(noe,[["render",goe]]),boe={name:"SidebarSection",components:{DetailsTable:He,PrettyPrint:Qe},props:["title","name","filterExample","items"],data:()=>({filter:ze([{tag:"name"}]),expandedSearch:!1}),computed:{expanded(){return this.$settings.global.requestSidebarCollapsedSections[this.name]!==!1}},methods:{toggle(){this.$settings.global.requestSidebarCollapsedSections[this.name]=!this.expanded,this.$settings.save()},expandSearch(){this.expandedSearch=!0,this.$nextTick(()=>this.$refs.searchInput.focus())}}},yoe={class:"sidebar-section"},Eoe={class:"section-header"},Toe={class:"header-group"},woe={key:0,class:"header-search"},_oe={key:0},Soe={colspan:"2"},Roe={class:"key"},Coe={class:"value"};function Aoe(e,t,s,n,r,o){const i=$("icon"),a=$("pretty-print"),l=$("details-table");return f(),v("div",yoe,[u("div",Eoe,[u("div",{class:"header-title",onClick:t[0]||(t[0]=(...h)=>o.toggle&&o.toggle(...h))},[D(i,{name:o.expanded?"chevron-down":"chevron-up"},null,8,["name"]),z(" "+T(s.title),1)]),u("div",Toe,[e.expandedSearch?(f(),v("div",woe,[Oe(u("input",{type:"search","onUpdate:modelValue":t[1]||(t[1]=h=>e.filter.input=h),placeholder:"Search...",ref:"searchInput"},null,512),[[gt,e.filter.input]]),D(i,{name:"search"})])):(f(),v("a",{key:1,href:"#",class:"header-item",onClick:t[2]||(t[2]=ge((...h)=>o.expandSearch&&o.expandSearch(...h),["prevent"]))},[D(i,{name:"search"})]))])]),$t(e.$slots,"content",{expanded:o.expanded},()=>[o.expanded?(f(),v("div",_oe,[$t(e.$slots,"above-table")])):E("",!0),$t(e.$slots,"table",{items:s.items,filter:e.filter,filterExample:s.filterExample,expanded:o.expanded},()=>[o.expanded?(f(),J(l,{key:0,columns:["Key","Value"],items:s.items,filter:e.filter,"filter-example":s.filterExample,"no-header":!0,"no-table-head":!0},{body:ce(({items:h})=>[(f(!0),v(B,null,le(h,(d,p)=>(f(),v("tr",{key:`${e.$request.id}-${p}`},[u("td",Soe,[u("div",Roe,T(d.name),1),u("div",Coe,[D(a,{data:d.value},null,8,["data"])])])]))),128))]),_:1},8,["items","filter","filter-example"])):E("",!0)])])])}const ao=he(boe,[["render",Aoe]]),koe={name:"CommandTab",components:{SidebarSection:ao}},Noe={class:"command-tab"};function Ooe(e,t,s,n,r,o){const i=$("sidebar-section");return f(),v("div",Noe,[e.$request.commandArgumentsMerged.length?(f(),J(i,{key:0,title:"Arguments",name:"arguments",items:e.$request.commandArgumentsMerged,"filter-example":'"Mike Jones" name:name'},null,8,["items"])):E("",!0),e.$request.commandOptionsMerged.length?(f(),J(i,{key:1,title:"Options",name:"options",items:e.$request.commandOptionsMerged,"filter-example":'"Mike Jones" name:name'},null,8,["items"])):E("",!0)])}const Ioe=he(koe,[["render",Ooe]]),$oe={name:"QueueJobTab",components:{PrettyPrint:Qe,SidebarSection:ao}},Loe={class:"queue-job-tab"},qoe={key:0,class:"data-value"},Doe={key:0,class:"data-value"},Poe={key:0,class:"data-value"};function xoe(e,t,s,n,r,o){const i=$("pretty-print"),a=$("sidebar-section");return f(),v("div",Loe,[e.$request.jobPayload?(f(),J(a,{key:0,title:"Payload",name:"payload"},{content:ce(({expanded:l})=>[l?(f(),v("div",qoe,[D(i,{data:e.$request.jobPayload,expanded:!0},null,8,["data"])])):E("",!0)]),_:1})):E("",!0),e.$request.jobQueue?(f(),J(a,{key:1,title:"Queue",name:"queue"},{content:ce(({expanded:l})=>[l?(f(),v("div",Doe,T(e.$request.jobQueue),1)):E("",!0)]),_:1})):E("",!0),e.$request.jobConnection?(f(),J(a,{key:2,title:"Connection",name:"connection"},{content:ce(({expanded:l})=>[l?(f(),v("div",Poe,T(e.$request.jobConnection),1)):E("",!0)]),_:1})):E("",!0),e.$request.jobOptions.length?(f(),J(a,{key:3,title:"Options",name:"options",items:e.$request.jobOptions,"filter-example":'"Mike Jones" name:name'},null,8,["items"])):E("",!0)])}const Moe=he($oe,[["render",xoe]]),Uoe={name:"RequestTab",components:{DetailsTable:He,SidebarSection:ao},computed:{headers(){return this.$request.cookies.length?this.$request.headers.filter(e=>e.name!="Cookie"):this.$request.headers}}},Foe={class:"request-tab"},Hoe={key:0,class:"data-raw"},Boe={class:"value"},joe={key:0,class:"session-user"},Voe={key:0,class:"name"},Goe={key:0,class:"session-user-details"},Woe={key:0,class:"dimmed"};function zoe(e,t,s,n,r,o){const i=$("sidebar-section"),a=$("details-table"),l=$("icon");return f(),v("div",Foe,[o.headers.length?(f(),J(i,{key:0,title:"Headers",name:"headers",items:o.headers,"filter-example":"text/html name:Accept"},null,8,["items"])):E("",!0),e.$request.requestData?(f(),J(i,{key:1,title:"Data",name:"data",items:e.$request.requestData,"filter-example":"420 name:price"},oh({_:2},[e.$request.requestData instanceof Object?void 0:{name:"content",fn:ce(({expanded:h})=>[h?(f(),v("div",Hoe,T(e.$request.requestData),1)):E("",!0)]),key:"0"}]),1032,["items"])):E("",!0),e.$request.getData.length?(f(),J(i,{key:2,title:"GET data",name:"getData",items:e.$request.getData,"filter-example":"created_at name:orderBy"},null,8,["items"])):E("",!0),e.$request.postData.length?(f(),J(i,{key:3,title:"POST data",name:"postData",items:e.$request.postData,"filter-example":'"Mike Jones" name:name'},null,8,["items"])):E("",!0),e.$request.cookies.length?(f(),J(i,{key:4,title:"Cookies",name:"cookies",items:e.$request.cookies,"filter-example":'"Mike Jones" name:name'},null,8,["items"])):E("",!0),e.$request.middleware.length?(f(),J(i,{key:5,title:"Middleware",name:"middleware",items:e.$request.middleware,"filter-example":"auth:admin"},{table:ce(({items:h,filter:d,filterExample:p,expanded:g})=>[g?(f(),J(a,{key:0,columns:["Value"],items:h,filter:d,"filter-example":p,"no-header":!0,"no-table-head":!0},{header:ce(({filter:y})=>t[0]||(t[0]=[])),body:ce(({items:y})=>[(f(!0),v(B,null,le(y,(A,k)=>(f(),v("tr",{key:`${e.$request.id}-${k}`},[u("td",Boe,T(A),1)]))),128))]),_:2},1032,["items","filter","filter-example"])):E("",!0)]),_:1},8,["items"])):E("",!0),e.$request.sessionData.length||e.$request.authenticatedUser?(f(),J(i,{key:6,title:"Session",name:"session",items:e.$request.sessionData,"filter-example":"registration successful name:_token"},{"above-table":ce(()=>[e.$request.authenticatedUser?(f(),v("div",joe,[D(l,{name:"user"}),u("div",null,[e.$request.authenticatedUser.name&&e.$request.authenticatedUser.name.trim()?(f(),v("span",Voe,T(e.$request.authenticatedUser.name),1)):E("",!0),u("span",{class:te(e.$request.authenticatedUser.name&&e.$request.authenticatedUser.name.trim()?"dimmed":"")},T(e.$request.authenticatedUser.username),3)]),e.$request.authenticatedUser.email||e.$request.authenticatedUser.id?(f(),v("span",Goe,[e.$request.authenticatedUser.id?(f(),v("span",Woe,"#"+T(e.$request.authenticatedUser.id),1)):E("",!0)])):E("",!0)])):E("",!0)]),_:1},8,["items"])):E("",!0)])}const Qoe=he(Uoe,[["render",zoe]]),Yoe={name:"TestTab",components:{DetailsTable:He,PrettyPrint:Qe,SidebarSection:ao,StackTrace:ht},computed:{asserts(){return this.$request.testAsserts.reverse()}}},Koe={class:"request-tab test-tab"},Xoe={class:"value test-assert"},Joe={class:"assert-name"},Zoe={class:"assert-name-text"},eie={class:"assert-name-trace"};function tie(e,t,s,n,r,o){const i=$("stack-trace"),a=$("pretty-print"),l=$("details-table"),h=$("sidebar-section");return f(),v("div",Koe,[e.$request.testStatusMessage?(f(),v("div",{key:0,class:te(["test-status-message",{error:e.$request.isTestError(),warning:e.$request.isTestWarning()}])},T(e.$request.testStatusMessage),3)):E("",!0),o.asserts.length?(f(),J(h,{key:1,title:"Asserts",name:"asserts",items:o.asserts,"filter-example":"text/html name:Accept"},{table:ce(({items:d,filter:p,filterExample:g,expanded:y})=>[y?(f(),J(l,{key:0,columns:["Assert"],items:d,filter:p,"filter-example":g,"no-header":!0,"no-table-head":!0},{body:ce(({items:A})=>[(f(!0),v(B,null,le(A,(k,j)=>(f(),v("tr",{key:`${e.$request.id}-${j}`},[u("td",Xoe,[u("div",Joe,[u("div",{class:te(["assert-name-content",{"assert-failed":!k.passed}])},[u("span",Zoe,T(k.name),1)],2),u("div",eie,[D(i,{trace:k.trace},null,8,["trace"])])]),D(a,{data:k.arguments},null,8,["data"])])]))),128))]),_:2},1032,["items","filter","filter-example"])):E("",!0)]),_:1},8,["items"])):E("",!0)])}const sie=he(Yoe,[["render",tie]]),nie={name:"RequestSidebar",components:{CommandTab:Ioe,ExceptionSection:$c,ParentRequest:Lc,QueueJobTab:Moe,RequestTab:Qoe,TestTab:sie},computed:{shareUrl(){return this.$request?`${window.location.origin}#${this.$request.id}`:"#"}}},rie={key:0,class:"sidebar-header"},oie=["title"],iie={class:"info-main"},aie={key:0,class:"type-text"},lie={class:"method-text"},cie={key:4,href:"#",class:"info-copy",title:"Copy url"},uie={class:"info-details"},die={class:"header-status"},hie=["title"],fie=["title"],pie=["title"],mie=["title"],gie={class:"sidebar-content"},vie={class:"content-actions"},bie={class:"content-meta"},yie={key:0,class:"meta-date"},Eie={key:1,class:"meta-id"},Tie=["href"];function wie(e,t,s,n,r,o){const i=$("parent-request"),a=$("icon"),l=$("exception-section"),h=$("command-tab"),d=$("queue-job-tab"),p=$("test-tab"),g=$("request-tab"),y=tc("clipboard");return f(),v("div",{class:te([{"request-sidebar":!0,large:e.$settings.global.requestsListCollapsed},"popover-viewport"])},[D(i),e.$request?(f(),v("div",rie,[u("div",{class:"header-info",title:e.$request.tooltip},[u("div",iie,[e.$request.isCommand()?(f(),v(B,{key:0},[t[2]||(t[2]=u("span",{class:"type-text"},"CMD",-1)),z(" "+T(e.$request.commandName),1)],64)):e.$request.isQueueJob()?(f(),v(B,{key:1},[t[3]||(t[3]=u("span",{class:"type-text"},"QUEUE",-1)),z(" "+T(e.$request.jobName),1)],64)):e.$request.isTest()?(f(),v(B,{key:2},[t[4]||(t[4]=u("span",{class:"type-text"},"TEST",-1)),z(" "+T(e.$request.testGroup),1)],64)):(f(),v(B,{key:3},[e.$request.isAjax()?(f(),v("span",aie,"AJAX")):E("",!0),u("span",lie,T(e.$request.method),1),z(" "+T(e.$request.uri),1)],64)),e.$request&&e.$request.url?Oe((f(),v("a",cie,[D(a,{name:"link"})])),[[y,e.$request.url,"copy"]]):E("",!0)]),u("div",uie,[e.$request.isCommand()?(f(),v(B,{key:0},[z(T(e.$request.commandLine),1)],64)):e.$request.isQueueJob()?(f(),v(B,{key:1},[z(T(e.$request.jobDescription),1)],64)):e.$request.isTest()?(f(),v(B,{key:2},[z(T(e.$request.testName),1)],64)):(f(),v(B,{key:3},[z(T(e.$request.controller),1)],64))])],8,oie),e.$request.errorsCount?(f(),J(a,{key:0,name:"alert-circle",class:"header-alert alert-errors"})):e.$request.warningsCount?(f(),J(a,{key:1,name:"alert-triangle",class:"header-alert alert-warnings"})):E("",!0),u("div",die,[e.$request.isCommand()?(f(),v("span",{key:0,class:te({"status-text":!0,"client-error":e.$request.isCommandWarning(),"server-error":e.$request.isCommandError()}),title:e.$request.commandExitCode},T(e.$request.commandExitCode),11,hie)):e.$request.isQueueJob()?(f(),v("span",{key:1,class:te({"status-text":!0,"status-text-small":!0,"client-error":e.$request.isQueueJobWarning(),"server-error":e.$request.isQueueJobError()}),title:e.$request.jobStatus},T(e.$request.jobStatus),11,fie)):e.$request.isTest()?(f(),v("span",{key:2,class:te({"status-text":!0,"status-text-small":!0,"client-error":e.$request.isTestWarning(),"server-error":e.$request.isTestError()}),title:e.$request.testStatus},T(e.$request.testStatus),11,pie)):(f(),v("span",{key:3,class:te({"status-text":!0,"client-error":e.$request.isClientError(),"server-error":e.$request.isServerError()}),title:e.$request.responseStatus},T(e.$request.responseStatus),11,mie))])])):E("",!0),D(l),u("div",gie,[e.$request&&e.$request.isCommand()?(f(),J(h,{key:0})):E("",!0),e.$request&&e.$request.isQueueJob()?(f(),J(d,{key:1})):E("",!0),e.$request&&e.$request.isTest()?(f(),J(p,{key:2})):e.$request?(f(),J(g,{key:3})):E("",!0),u("div",vie,[e.$platform.hasFeature("sharing")?(f(),v("a",{key:0,href:"#",class:"button",onClick:t[0]||(t[0]=ge(A=>e.$sharing.toggle(),["prevent"]))},[D(a,{name:"share"}),t[5]||(t[5]=z(" Share "))])):E("",!0),e.$platform.hasFeature("delete-shared")?(f(),v("a",{key:1,href:"#",class:"button",onClick:t[1]||(t[1]=ge(A=>e.$sharing.toggleDelete(),["prevent"]))},[D(a,{name:"trash-2"}),t[6]||(t[6]=z(" Delete "))])):E("",!0)]),u("div",bie,[e.$request&&e.$request.time?(f(),v("div",yie,T(e.$date(e.$request.time*1e3,"y-MM-dd HH:mm:ss")),1)):E("",!0),e.$request?(f(),v("div",Eie,[u("a",{href:o.shareUrl},T(e.$request.id),9,Tie)])):E("",!0)])])],2)}const _ie=he(nie,[["render",wie]]),Sie={name:"RequestsList",components:{},data:()=>({loadingMoreRequests:!1}),computed:{requests(){let e=this.$requests.items;return this.$settings.global.hideCommandTypeRequests&&(e=e.filter(t=>t.type!="command")),this.$settings.global.hideQueueJobTypeRequests&&(e=e.filter(t=>t.type!="queue-job")),this.$settings.global.hideTestTypeRequests&&(e=e.filter(t=>t.type!="test")),e},showDatabaseTime(){return this.requests.find(e=>e.databaseDuration>0)}},mounted(){this.$refs.requestsContainer.scrollTop=this.$refs.requestsTable.offsetTop},methods:{isActive(e){var t;return((t=this.$request)==null?void 0:t.id)==e},showRequest(e){this.global.$request=e},loadMoreRequests(){this.loadingMoreRequests=!0,this.$requests.loadPrevious(10).then(()=>{this.loadingMoreRequests=!1})},shouldShowFirstRequest(){return!this.$settings.global.preserveLog&&(!this.$request||!this.$requests.findId(this.$request.id))},shouldShowIncomingRequest(){var e;return this.$settings.global.preserveLog&&(!this.$request||this.$settings.global.showIncomingRequests&&this.global.showIncomingRequests)&&(!this.$request||!((e=this.$requests.last())!=null&&e.isAjax()))},clear(){this.$requests.clear()}},watch:{"requests.length":{handler(e){this.shouldShowFirstRequest()?this.showRequest(this.$requests.first()):this.shouldShowIncomingRequest()&&(this.showRequest(this.$requests.last()),this.$nextTick(()=>this.$refs.requestsContainer.scrollTop=this.$refs.requestsTable.offsetHeight+this.$refs.requestsTable.offsetTop))}},$request:{handler(e){var n,r;((r=(n=this.$request)==null?void 0:n.error)==null?void 0:r.error)=="requires-authentication"&&this.$authentication.request(this.$request.error.message,this.$request.error.requires);let t=this.$requests.last(o=>!o.isAjax())||this.$requests.last(),s=this.$requests.all().indexOf(t);this.global.showIncomingRequests=this.$requests.all().slice(s).includes(e)}},"$request.loading":{handler(e){var t,s;e||((s=(t=this.$request)==null?void 0:t.error)==null?void 0:s.error)=="requires-authentication"&&this.$authentication.request(this.$request.error.message,this.$request.error.requires)}}}},Rie={class:"requests-header",id:"requests-header"},Cie={class:"duration"},Aie={key:0},kie={class:"requests-container",ref:"requestsContainer"},Nie={class:"requests-content"},Oie={class:"content-above",ref:"contentAbove"},Iie={class:"requests-search"},$ie={class:"requests-table",ref:"requestsTable"},Lie={id:"requests"},qie=["onClick"],Die=["title"],Pie={class:"controller-big"},xie={key:0,class:"type-text"},Mie={class:"method-text"},Uie={key:0},Fie={key:1},Hie={key:2},Bie={key:0},jie={key:1},Vie=["title"],Gie=["title"],Wie=["title"],zie=["title"],Qie=["title"],Yie={key:0};function Kie(e,t,s,n,r,o){const i=$("icon");return f(),v("div",{class:te([{"split-view-pane split-view-requests":!0,large:e.$settings.global.requestSidebarCollapsed},"popover-viewport"])},[u("div",Rie,[u("table",null,[u("thead",null,[u("tr",null,[t[6]||(t[6]=u("th",{class:"controller"},[z(" Path"),u("br"),u("small",null,"Controller")],-1)),t[7]||(t[7]=u("th",{class:"status"}," Status ",-1)),u("th",Cie,[t[4]||(t[4]=z(" Time")),t[5]||(t[5]=u("br",null,null,-1)),o.showDatabaseTime?(f(),v("small",Aie,"Database")):E("",!0)])])])])]),u("div",kie,[u("div",Nie,[u("div",Oie,[u("div",Iie,[Oe(u("input",{type:"search","onUpdate:modelValue":t[0]||(t[0]=a=>e.$requestsSearch.input=a),onInput:t[1]||(t[1]=(...a)=>e.$requestsSearch.searchDebounced&&e.$requestsSearch.searchDebounced(...a)),placeholder:"Search..."},null,544),[[gt,e.$requestsSearch.input]]),D(i,{name:"search"})]),u("a",{href:"#",class:"button",onClick:t[2]||(t[2]=ge((...a)=>o.loadMoreRequests&&o.loadMoreRequests(...a),["prevent"]))},T(e.loadingMoreRequests?"Loading...":"Load more"),1)],512),u("div",$ie,[u("table",Lie,[(f(!0),v(B,null,le(o.requests,a=>(f(),v("tr",{key:a.id,onClick:l=>o.showRequest(a),class:te({selected:o.isActive(a.id)})},[u("td",{class:"controller",title:a.tooltip},[u("span",Pie,[a.errorsCount?(f(),J(i,{key:0,name:"alert-circle",class:"request-alert alert-errors"})):a.warningsCount?(f(),J(i,{key:1,name:"alert-triangle",class:"request-alert alert-warnings"})):E("",!0),a.isCommand()?(f(),v(B,{key:2},[t[8]||(t[8]=u("span",{class:"type-text"},"CMD",-1)),z(" "+T(a.commandName),1)],64)):a.isQueueJob()?(f(),v(B,{key:3},[t[9]||(t[9]=u("span",{class:"type-text"},"QUEUE",-1)),z(" "+T(a.jobName),1)],64)):a.isTest()?(f(),v(B,{key:4},[t[10]||(t[10]=u("span",{class:"type-text"},"TEST",-1)),z(" "+T(a.testGroup),1)],64)):(f(),v(B,{key:5},[a.isAjax()?(f(),v("span",xie,"AJAX")):E("",!0),u("span",Mie,T(a.method),1),z(" "+T(a.uri),1)],64))]),t[11]||(t[11]=u("br",null,null,-1)),a.isCommand()?(f(),v("small",Uie,T(a.commandLine),1)):a.isQueueJob()?(f(),v("small",Fie,T(a.jobDescription),1)):a.isTest()?(f(),v("small",Hie,T(a.testName),1)):(f(),v(B,{key:3},[e.$settings.global.requestSidebarCollapsed?(f(),v("small",Bie,T(a.controller),1)):(f(),v("small",jie,T(e.$shortClass(a.controller)),1))],64))],8,Die),a.isCommand()?(f(),v("td",{key:0,class:"status",title:a.commandExitCode},[u("span",{class:te({"status-text":!0,"client-error":a.isCommandWarning(),"server-error":a.isCommandError()})},T(a.commandExitCode),3)],8,Vie)):a.isQueueJob()?(f(),v("td",{key:1,class:"status",title:a.jobStatus},[u("span",{class:te({"status-text":!0,"status-text-small":!0,"client-error":a.isQueueJobWarning(),"server-error":a.isQueueJobError()})},T(a.jobStatus),3)],8,Gie)):a.isTest()?(f(),v("td",{key:2,class:"status",title:a.testStatus},[u("span",{class:te({"status-text":!0,"status-text-small":!0,"client-error":a.isTestWarning(),"server-error":a.isTestError()})},T(a.testStatus),3)],8,Wie)):(f(),v("td",{key:3,class:"status",title:a.responseStatus},[u("span",{class:te({"status-text":!0,"client-error":a.isClientError(),"server-error":a.isServerError()})},T(a.responseStatus),3)],8,zie)),u("td",{class:"duration",title:`${a.responseDurationRounded} ms (${a.databaseDurationRounded} ms)`},[z(T(a.responseDurationRounded)+" ms",1),t[12]||(t[12]=u("br",null,null,-1)),o.showDatabaseTime?(f(),v("small",Yie,T(a.databaseDurationRounded)+" ms",1)):E("",!0)],8,Qie)],10,qie))),128))])],512),u("a",{href:"#",class:"button requests-clear",onClick:t[3]||(t[3]=ge((...a)=>o.clear&&o.clear(...a),["prevent"]))},[D(i,{name:"slash"}),t[13]||(t[13]=z(" Clear "))])])],512)],2)}const Xie=he(Sie,[["render",Kie]]);let gu=class Kn{constructor(t,s){this.platform=t,this.settings=s}get show(){return this.settings.global.seenReleaseNotesVersion!=Kn.latestRelease.version&&this.settings.persistent&&this.settings.loaded&&this.platform.hasFeature("whats-new")}seen(){this.settings.global.seenReleaseNotesVersion=Kn.latestRelease.version,this.settings.save()}static get latestRelease(){return Kn.releases[0]}static get releases(){return[{version:"5.3",url:"https://underground.works/blog/clockwork-5.3-released-with-http-requests-and-mode",notes:[{title:"HTTP Requests",text:["This new tab shows HTTP requests executed by your application, including details like request and response bodies and headers.","Requests executed via the Laravel HTTP client are automatically collected and you can also easily collect any Guzzle based library."],image:"http-requests.png",imagePlacement:"right"},{title:"Server-side Library Updated",text:["The server-side library was also updated with support for collecting HTTP requests, improved Vanilla integration and more.",'For the full list of improvements, changes, and fixes click on the "learn more" button.']}]},{version:"5.1",url:"https://underground.works/blog/clockwork-5.1-released-with-database-queries-highlighting-and-more",notes:[{title:"Database Queries Highlighting",text:["Database queries are now easier to read with SQL syntax highlighting. You can also enable the prettify mode to reformat the queries for even more readibility."],image:"database-queries.png",imagePlacement:"top"},{title:"Server-side Library Updated",text:["The server-side library was also updated with support for Laravel Octane, collecting cache values and more.",'For the full list of improvements, changes, and fixes click on the "learn more" button.']}]},{version:"5.0",url:"https://underground.works/blog/clockwork-5.0-released-with-client-side-metrics-toolbar-and-more",notes:[{title:"UI refinements",text:["Almost every part of the Clockwork UI was touched up and improved. From simplified requests list, new tab bar, counters and tables to reworked dark theme colors.",'You will also find a new "credits" link in the settings modal. This opens a credits modal with a little shout-out to all contributors, sponsors and used third-party dependencies.'],image:"clockwork-5.png",imagePlacement:"top"},{title:"Timeline",text:["Timeline was rebuilt from the ground up in this release.","The new timeline makes it easier than ever before to figure out what's happening in your application.","The condense option makes the timeline more compact and clicking on an event now reveals a popover with more details."],image:"timeline.png",imagePlacement:"right"},{title:"Client-side metrics and Web Vitals",text:["Clockwork helps you to keep your server-side performance in check. Optimizing the backend is just half of the battle though.","Clockwork can now collect client-side performance metrics. Supported are both navigation timings and Web Vitals","Collecting these metrics requires installing a tiny javascript library from npm or via cdn. Check the docs for more details."],image:"client-metrics.png",imagePlacement:"left"},{title:"Models",text:["Models tab is a new tool in your toolbelt for dealing with database issues.","Models actions give you a different point of view at your database usage.","Models counts will show you how many of each model you've retrieved, created, updated and deleted."],image:"models-tab.png",imagePlacement:"right"},{title:"Notifications",text:["Notifications tab is a new tab replacing the emails tab.","This time we support not only emails, but all kinds of notifications, like SMS or Slack messages.","With details like subject, recipient, sender, but also notifiable, notified and mailable objects in Larvel."],image:"notifications-tab.png",imagePlacement:"left"},{title:"Sharing",text:["Have you ever wanted to share a Clockwork profile with someone else? Maybe you'd like to share details of a crash from a local environment with a co-worker. Or before and after optimisation metrics with your boss.","Sharing a request uploads the metadata to a Clockwork share service and gives you a public link to share with others. On this link you will find a fully working Clockwork app showing the request you shared.","The share service is free to use, click on the share button in the sidebar to start."]},{title:"Toolbar",text:["Clockwork now gives you an option to show basic request information in the form of a toolbar in your app.","A tiny browser component has to be installed from npm or via cdn. See the docs for full installation instructions."],image:"toolbar.png",imagePlacement:"top"}]}]}};const Jie=(...e)=>We(new gu(...e)),Zie={name:"WhatsNew",components:{Modal:vs},computed:{release(){return gu.latestRelease}},methods:{close(){this.$whatsNew.seen()}}},eae={class:"whats-new"},tae={class:"whats-new-content"},sae=["src"],nae=["src"],rae={class:"whats-new-actions"},oae=["href"];function iae(e,t,s,n,r,o){const i=$("modal");return f(),J(i,{icon:"star",title:"What's new",shown:e.$whatsNew.show,"on-close":o.close},{default:ce(()=>[u("div",eae,[u("div",tae,[t[2]||(t[2]=u("h1",null,"Clockwork has just been updated!",-1)),(f(!0),v(B,null,le(o.release.notes,a=>(f(),v("div",{class:te(["whats-new-section",`image-${a.imagePlacement||"bottom"}`])},[a.image&&(a.imagePlacement||"bottom")!="bottom"?(f(),v("img",{key:0,src:`img/whats-new/${o.release.version}/${a.image}`},null,8,sae)):E("",!0),u("h2",null,T(a.title),1),(f(!0),v(B,null,le(a.text,l=>(f(),v("p",null,T(l),1))),256)),a.image&&(a.imagePlacement||"bottom")=="bottom"?(f(),v("img",{key:1,src:`img/whats-new/${o.release.version}/${a.image}`},null,8,nae)):E("",!0)],2))),256)),u("div",rae,[u("a",{href:o.release.url,target:"_blank",class:"actions-show-more"},"Learn more",8,oae),u("a",{onClick:t[0]||(t[0]=ge((...a)=>o.close&&o.close(...a),["prevent"])),href:"#",class:"actions-close"},"Close"),t[1]||(t[1]=u("p",null,[u("small",null,"Some of the new features might require server-side Clockwork library update.")],-1))])])])]),_:1},8,["shown","on-close"])}const aae=he(Zie,[["render",iae]]),lae={name:"LivewirePanel",data(){return{components:[],events:[],queries:[],isTimeTravelEnabled:!1,mcpClient:null}},methods:{refreshState(){this.mcpClient.getQueryAnalysis(),this.components.forEach(e=>{this.mcpClient.getComponentState(e.id)})},toggleTimeTravel(){this.isTimeTravelEnabled=!this.isTimeTravelEnabled,this.mcpClient.send({type:"timeTravel",enabled:this.isTimeTravelEnabled})},editState(e){this.mcpClient.updateComponentState(e.id,e.state)},viewEvents(e){this.mcpClient.getComponentEvents(e.id)},formatTime(e){return new Date(e).toLocaleTimeString()}},mounted(){this.mcpClient=this.$parent.mcpClient,this.mcpClient.subscribe("livewire.state",e=>{const t=this.components.findIndex(s=>s.id===e.componentId);t!==-1?this.components[t].state=e.state:this.components.push({id:e.componentId,name:e.name,state:e.state})}),this.mcpClient.subscribe("livewire.events",e=>{this.events=e.events}),this.mcpClient.subscribe("livewire.queries",e=>{this.queries=e.queries}),this.refreshState()},beforeUnmount(){this.mcpClient&&(this.mcpClient.unsubscribe("livewire.state"),this.mcpClient.unsubscribe("livewire.events"),this.mcpClient.unsubscribe("livewire.queries"))}},cae={class:"livewire-panel"},uae={class:"panel-header"},dae={class:"panel-controls"},hae={class:"panel-content"},fae={class:"state-inspector"},pae={class:"component-list"},mae={class:"component-header"},gae={class:"component-name"},vae={class:"component-id"},bae={class:"component-state"},yae={class:"component-actions"},Eae=["onClick"],Tae=["onClick"],wae={class:"event-timeline"},_ae={class:"timeline-list"},Sae={class:"event-time"},Rae={class:"event-name"},Cae={class:"event-component"},Aae={class:"query-analysis"},kae={class:"query-list"},Nae={class:"query-header"},Oae={class:"query-time"},Iae={class:"query-sql"};function $ae(e,t,s,n,r,o){return f(),v("div",cae,[u("div",uae,[t[2]||(t[2]=u("h2",null,"Livewire Debug",-1)),u("div",dae,[u("button",{onClick:t[0]||(t[0]=(...i)=>o.refreshState&&o.refreshState(...i))},"Refresh"),u("button",{onClick:t[1]||(t[1]=(...i)=>o.toggleTimeTravel&&o.toggleTimeTravel(...i))},"Time Travel")])]),u("div",hae,[u("div",fae,[t[3]||(t[3]=u("h3",null,"Component State",-1)),u("div",pae,[(f(!0),v(B,null,le(r.components,i=>(f(),v("div",{key:i.id,class:"component-item"},[u("div",mae,[u("span",gae,T(i.name),1),u("span",vae,"#"+T(i.id),1)]),u("div",bae,[u("pre",null,T(JSON.stringify(i.state,null,2)),1)]),u("div",yae,[u("button",{onClick:a=>o.editState(i)},"Edit State",8,Eae),u("button",{onClick:a=>o.viewEvents(i)},"View Events",8,Tae)])]))),128))])]),u("div",wae,[t[4]||(t[4]=u("h3",null,"Event Timeline",-1)),u("div",_ae,[(f(!0),v(B,null,le(r.events,i=>(f(),v("div",{key:i.id,class:"timeline-item"},[u("span",Sae,T(o.formatTime(i.timestamp)),1),u("span",Rae,T(i.name),1),u("span",Cae,T(i.component),1)]))),128))])]),u("div",Aae,[t[5]||(t[5]=u("h3",null,"Query Analysis",-1)),u("div",kae,[(f(!0),v(B,null,le(r.queries,i=>(f(),v("div",{key:i.id,class:"query-item"},[u("div",Nae,[u("span",Oae,T(i.time)+"ms",1),u("span",{class:te(["query-type",{"n1-warning":i.isN1}])},"N+1",2)]),u("pre",Iae,T(i.sql),1)]))),128))])])])])}const Lae=he(lae,[["render",$ae],["__scopeId","data-v-010785f7"]]);class qae{constructor(){this.ws=null,this.reconnectAttempts=0,this.maxReconnectAttempts=5,this.reconnectDelay=1e3,this.subscribers=new Map}connect(t="localhost",s=8080){try{this.ws=new WebSocket(`ws://${t}:${s}`),this.ws.onopen=()=>{console.log("Connected to Tapped MCP server"),this.reconnectAttempts=0,this.subscribeToAll()},this.ws.onmessage=n=>{const r=JSON.parse(n.data);this.handleMessage(r)},this.ws.onclose=()=>{console.log("Disconnected from Tapped MCP server"),this.attemptReconnect()},this.ws.onerror=n=>{console.error("WebSocket error:",n)}}catch(n){console.error("Failed to connect to MCP server:",n),this.attemptReconnect()}}attemptReconnect(){this.reconnectAttempts<this.maxReconnectAttempts&&(this.reconnectAttempts++,setTimeout(()=>{console.log(`Attempting to reconnect (${this.reconnectAttempts}/${this.maxReconnectAttempts})...`),this.connect()},this.reconnectDelay*this.reconnectAttempts))}subscribe(t,s){this.subscribers.has(t)||this.subscribers.set(t,new Set),this.subscribers.get(t).add(s),this.ws&&this.ws.readyState===WebSocket.OPEN&&this.send({type:"subscribe",channel:t})}unsubscribe(t,s){this.subscribers.has(t)&&(this.subscribers.get(t).delete(s),this.subscribers.get(t).size===0&&(this.subscribers.delete(t),this.ws&&this.ws.readyState===WebSocket.OPEN&&this.send({type:"unsubscribe",channel:t})))}subscribeToAll(){["livewire.state","livewire.events","livewire.queries","livewire.performance"].forEach(s=>{this.send({type:"subscribe",channel:s})})}handleMessage(t){const{type:s,channel:n,data:r}=t;s==="data"&&this.subscribers.has(n)&&this.subscribers.get(n).forEach(o=>o(r))}send(t){this.ws&&this.ws.readyState===WebSocket.OPEN&&this.ws.send(JSON.stringify(t))}getComponentState(t){this.send({type:"request",channel:"livewire.state",data:{componentId:t}})}updateComponentState(t,s){this.send({type:"update",channel:"livewire.state",data:{componentId:t,state:s}})}getComponentEvents(t){this.send({type:"request",channel:"livewire.events",data:{componentId:t}})}getQueryAnalysis(){this.send({type:"request",channel:"livewire.queries",data:{}})}}const Dae={name:"App",components:{RequestDetails:voe,RequestSidebar:_ie,RequestsList:Xie,WhatsNew:aae,LivewirePanel:Lae},data(){return{mcpClient:null,showLivewirePanel:!1}},computed:{appearance(){return this.$settings.appearance},showRequestsList(){return!this.$settings.global.requestsListCollapsed&&this.$platform.hasFeature("requests-list")},showRequestSidebar(){return!this.$settings.global.requestSidebarCollapsed&&this.$platform.hasFeature("request-sidebar")}},mounted(){this.mcpClient=new qae,this.mcpClient.connect(),this.mcpClient.subscribe("livewire.detected",e=>{this.showLivewirePanel=!0})},beforeUnmount(){this.mcpClient&&this.mcpClient.unsubscribe("livewire.detected")}};function Pae(e,t,s,n,r,o){const i=$("requests-list"),a=$("request-details"),l=$("request-sidebar"),h=$("livewire-panel"),d=$("whats-new");return f(),v("div",{class:te(["application split-view",o.appearance])},[o.showRequestsList?(f(),J(i,{key:0})):E("",!0),D(a),o.showRequestSidebar?(f(),J(l,{key:1})):E("",!0),r.showLivewirePanel?(f(),J(h,{key:2})):E("",!0),D(d)],2)}const xae=he(Dae,[["render",Pae]]),Mae={props:["color","height","width"],computed:{style(){let e=this.color?"color: "+this.color+";":"",t=this.width?"width: "+this.width+"px;":"",s=this.height?"height: "+this.height+"px;":"";return e+t+s}}};function Uae(e,t,s,n,r,o){return f(),v("div",{class:"spinner",style:ut(o.style)},t[0]||(t[0]=[u("div",null,null,-1),u("div",null,null,-1),u("div",null,null,-1),u("div",null,null,-1),u("div",null,null,-1),u("div",null,null,-1),u("div",null,null,-1),u("div",null,null,-1),u("div",null,null,-1),u("div",null,null,-1),u("div",null,null,-1),u("div",null,null,-1)]),4)}const Fae=he(Mae,[["render",Uae]]);var vu={exports:{}},bu={exports:{}};/*!
 * clipboard.js v2.0.11
 * https://clipboardjs.com/
 *
 * Licensed MIT © Zeno Rocha
 */(function(e,t){(function(s,n){e.exports=n()})(ve,function(){return n={686:function(o,d,a){a.d(d,{default:function(){return oe}});var d=a(279),l=a.n(d),d=a(370),h=a.n(d),d=a(817),p=a.n(d);function g(P){try{return document.execCommand(P)}catch{return}}var y=function(P){return P=p()(P),g("cut"),P};function A(c,V){var F,M,c=(F=c,M=document.documentElement.getAttribute("dir")==="rtl",(c=document.createElement("textarea")).style.fontSize="12pt",c.style.border="0",c.style.padding="0",c.style.margin="0",c.style.position="absolute",c.style[M?"right":"left"]="-9999px",M=window.pageYOffset||document.documentElement.scrollTop,c.style.top="".concat(M,"px"),c.setAttribute("readonly",""),c.value=F,c);return V.container.appendChild(c),V=p()(c),g("copy"),c.remove(),V}var k=function(P){var V=1<arguments.length&&arguments[1]!==void 0?arguments[1]:{container:document.body},F="";return typeof P=="string"?F=A(P,V):P instanceof HTMLInputElement&&!["text","search","url","tel","password"].includes(P==null?void 0:P.type)?F=A(P.value,V):(F=p()(P),g("copy")),F};function j(P){return(j=typeof Symbol=="function"&&typeof Symbol.iterator=="symbol"?function(V){return typeof V}:function(V){return V&&typeof Symbol=="function"&&V.constructor===Symbol&&V!==Symbol.prototype?"symbol":typeof V})(P)}var W=function(){var M=0<arguments.length&&arguments[0]!==void 0?arguments[0]:{},F=M.action,P=F===void 0?"copy":F,V=M.container,F=M.target,M=M.text;if(P!=="copy"&&P!=="cut")throw new Error('Invalid "action" value, use either "copy" or "cut"');if(F!==void 0){if(!F||j(F)!=="object"||F.nodeType!==1)throw new Error('Invalid "target" value, use a valid Element');if(P==="copy"&&F.hasAttribute("disabled"))throw new Error('Invalid "target" attribute. Please use "readonly" instead of "disabled" attribute');if(P==="cut"&&(F.hasAttribute("readonly")||F.hasAttribute("disabled")))throw new Error(`Invalid "target" attribute. You can't cut text from elements with "readonly" or "disabled" attributes`)}return M?k(M,{container:V}):F?P==="cut"?y(F):k(F,{container:V}):void 0};function C(P){return(C=typeof Symbol=="function"&&typeof Symbol.iterator=="symbol"?function(V){return typeof V}:function(V){return V&&typeof Symbol=="function"&&V.constructor===Symbol&&V!==Symbol.prototype?"symbol":typeof V})(P)}function R(P,V){for(var F=0;F<V.length;F++){var M=V[F];M.enumerable=M.enumerable||!1,M.configurable=!0,"value"in M&&(M.writable=!0),Object.defineProperty(P,M.key,M)}}function O(P,V){return(O=Object.setPrototypeOf||function(F,M){return F.__proto__=M,F})(P,V)}function q(P){var V=function(){if(typeof Reflect>"u"||!Reflect.construct||Reflect.construct.sham)return!1;if(typeof Proxy=="function")return!0;try{return Date.prototype.toString.call(Reflect.construct(Date,[],function(){})),!0}catch{return!1}}();return function(){var F,M=L(P);return F=V?(F=L(this).constructor,Reflect.construct(M,arguments,F)):M.apply(this,arguments),M=this,!(F=F)||C(F)!=="object"&&typeof F!="function"?function(c){if(c!==void 0)return c;throw new ReferenceError("this hasn't been initialised - super() hasn't been called")}(M):F}}function L(P){return(L=Object.setPrototypeOf?Object.getPrototypeOf:function(V){return V.__proto__||Object.getPrototypeOf(V)})(P)}function Q(P,V){if(P="data-clipboard-".concat(P),V.hasAttribute(P))return V.getAttribute(P)}var oe=function(){(function(m,b){if(typeof b!="function"&&b!==null)throw new TypeError("Super expression must either be null or a function");m.prototype=Object.create(b&&b.prototype,{constructor:{value:m,writable:!0,configurable:!0}}),b&&O(m,b)})(c,l());var P,V,F,M=q(c);function c(m,b){var _;return function(N){if(!(N instanceof c))throw new TypeError("Cannot call a class as a function")}(this),(_=M.call(this)).resolveOptions(b),_.listenClick(m),_}return P=c,F=[{key:"copy",value:function(m){var b=1<arguments.length&&arguments[1]!==void 0?arguments[1]:{container:document.body};return k(m,b)}},{key:"cut",value:function(m){return y(m)}},{key:"isSupported",value:function(){var m=0<arguments.length&&arguments[0]!==void 0?arguments[0]:["copy","cut"],m=typeof m=="string"?[m]:m,b=!!document.queryCommandSupported;return m.forEach(function(_){b=b&&!!document.queryCommandSupported(_)}),b}}],(V=[{key:"resolveOptions",value:function(){var m=0<arguments.length&&arguments[0]!==void 0?arguments[0]:{};this.action=typeof m.action=="function"?m.action:this.defaultAction,this.target=typeof m.target=="function"?m.target:this.defaultTarget,this.text=typeof m.text=="function"?m.text:this.defaultText,this.container=C(m.container)==="object"?m.container:document.body}},{key:"listenClick",value:function(m){var b=this;this.listener=h()(m,"click",function(_){return b.onClick(_)})}},{key:"onClick",value:function(N){var b=N.delegateTarget||N.currentTarget,_=this.action(b)||"copy",N=W({action:_,container:this.container,target:this.target(b),text:this.text(b)});this.emit(N?"success":"error",{action:_,text:N,trigger:b,clearSelection:function(){b&&b.focus(),window.getSelection().removeAllRanges()}})}},{key:"defaultAction",value:function(m){return Q("action",m)}},{key:"defaultTarget",value:function(m){if(m=Q("target",m),m)return document.querySelector(m)}},{key:"defaultText",value:function(m){return Q("text",m)}},{key:"destroy",value:function(){this.listener.destroy()}}])&&R(P.prototype,V),F&&R(P,F),c}()},828:function(o){var i;typeof Element>"u"||Element.prototype.matches||((i=Element.prototype).matches=i.matchesSelector||i.mozMatchesSelector||i.msMatchesSelector||i.oMatchesSelector||i.webkitMatchesSelector),o.exports=function(a,l){for(;a&&a.nodeType!==9;){if(typeof a.matches=="function"&&a.matches(l))return a;a=a.parentNode}}},438:function(o,i,a){var l=a(828);function h(d,p,g,y,A){var k=(function(j,W,C,R){return function(O){O.delegateTarget=l(O.target,W),O.delegateTarget&&R.call(j,O)}}).apply(this,arguments);return d.addEventListener(g,k,A),{destroy:function(){d.removeEventListener(g,k,A)}}}o.exports=function(d,p,g,y,A){return typeof d.addEventListener=="function"?h.apply(null,arguments):typeof g=="function"?h.bind(null,document).apply(null,arguments):(typeof d=="string"&&(d=document.querySelectorAll(d)),Array.prototype.map.call(d,function(k){return h(k,p,g,y,A)}))}},879:function(o,i){i.node=function(a){return a!==void 0&&a instanceof HTMLElement&&a.nodeType===1},i.nodeList=function(a){var l=Object.prototype.toString.call(a);return a!==void 0&&(l==="[object NodeList]"||l==="[object HTMLCollection]")&&"length"in a&&(a.length===0||i.node(a[0]))},i.string=function(a){return typeof a=="string"||a instanceof String},i.fn=function(a){return Object.prototype.toString.call(a)==="[object Function]"}},370:function(o,i,a){var l=a(879),h=a(438);o.exports=function(d,p,g){if(!d&&!p&&!g)throw new Error("Missing required arguments");if(!l.string(p))throw new TypeError("Second argument must be a String");if(!l.fn(g))throw new TypeError("Third argument must be a Function");if(l.node(d))return W=p,C=g,(j=d).addEventListener(W,C),{destroy:function(){j.removeEventListener(W,C)}};if(l.nodeList(d))return y=d,A=p,k=g,Array.prototype.forEach.call(y,function(R){R.addEventListener(A,k)}),{destroy:function(){Array.prototype.forEach.call(y,function(R){R.removeEventListener(A,k)})}};if(l.string(d))return d=d,p=p,g=g,h(document.body,d,p,g);throw new TypeError("First argument must be a String, HTMLElement, HTMLCollection, or NodeList");var y,A,k,j,W,C}},817:function(o){o.exports=function(i){var a,l=i.nodeName==="SELECT"?(i.focus(),i.value):i.nodeName==="INPUT"||i.nodeName==="TEXTAREA"?((a=i.hasAttribute("readonly"))||i.setAttribute("readonly",""),i.select(),i.setSelectionRange(0,i.value.length),a||i.removeAttribute("readonly"),i.value):(i.hasAttribute("contenteditable")&&i.focus(),l=window.getSelection(),(a=document.createRange()).selectNodeContents(i),l.removeAllRanges(),l.addRange(a),l.toString());return l}},279:function(o){function i(){}i.prototype={on:function(a,l,h){var d=this.e||(this.e={});return(d[a]||(d[a]=[])).push({fn:l,ctx:h}),this},once:function(a,l,h){var d=this;function p(){d.off(a,p),l.apply(h,arguments)}return p._=l,this.on(a,p,h)},emit:function(a){for(var l=[].slice.call(arguments,1),h=((this.e||(this.e={}))[a]||[]).slice(),d=0,p=h.length;d<p;d++)h[d].fn.apply(h[d].ctx,l);return this},off:function(a,l){var h=this.e||(this.e={}),d=h[a],p=[];if(d&&l)for(var g=0,y=d.length;g<y;g++)d[g].fn!==l&&d[g].fn._!==l&&p.push(d[g]);return p.length?h[a]=p:delete h[a],this}},o.exports=i,o.exports.TinyEmitter=i}},r={},s.n=function(o){var i=o&&o.__esModule?function(){return o.default}:function(){return o};return s.d(i,{a:i}),i},s.d=function(o,i){for(var a in i)s.o(i,a)&&!s.o(o,a)&&Object.defineProperty(o,a,{enumerable:!0,get:i[a]})},s.o=function(o,i){return Object.prototype.hasOwnProperty.call(o,i)},s(686).default;function s(o){if(r[o])return r[o].exports;var i=r[o]={exports:{}};return n[o](i,i.exports,s),i.exports}var n,r})})(bu);var Hae=bu.exports;(function(e,t){var s=Hae,n={autoSetContainer:!1,appendToBody:!0},r={install:function(o){var i=o.version.slice(0,2)==="3."?o.config.globalProperties:o.prototype;i.$clipboardConfig=n,i.$copyText=function(a,l){return new Promise(function(h,d){var p=document.createElement("button"),g=new s(p,{text:function(){return a},action:function(){return"copy"},container:typeof l=="object"?l:document.body});g.on("success",function(y){g.destroy(),h(y)}),g.on("error",function(y){g.destroy(),d(y)}),n.appendToBody&&document.body.appendChild(p),p.click(),n.appendToBody&&document.body.removeChild(p)})},o.directive("clipboard",{bind:function(a,l,h){if(l.arg==="success")a._vClipboard_success=l.value;else if(l.arg==="error")a._vClipboard_error=l.value;else{var d=new s(a,{text:function(){return l.value},action:function(){return l.arg==="cut"?"cut":"copy"},container:n.autoSetContainer?a:void 0});d.on("success",function(p){var g=a._vClipboard_success;g&&g(p)}),d.on("error",function(p){var g=a._vClipboard_error;g&&g(p)}),a._vClipboard=d}},update:function(a,l){l.arg==="success"?a._vClipboard_success=l.value:l.arg==="error"?a._vClipboard_error=l.value:(a._vClipboard.text=function(){return l.value},a._vClipboard.action=function(){return l.arg==="cut"?"cut":"copy"})},unbind:function(a,l){a._vClipboard&&(l.arg==="success"?delete a._vClipboard_success:l.arg==="error"?delete a._vClipboard_error:(a._vClipboard.destroy(),delete a._vClipboard))}})},config:n};e.exports=r})(vu);var Bae=vu.exports;const Ja=qs(Bae);function yu(e){return Tl()?(id(e),!0):!1}const Eu=typeof window<"u"&&typeof document<"u";typeof WorkerGlobalScope<"u"&&globalThis instanceof WorkerGlobalScope;const jae=Object.prototype.toString,Vae=e=>jae.call(e)==="[object Object]",an=()=>{},ii=Gae();function Gae(){var e,t;return Eu&&((e=window==null?void 0:window.navigator)==null?void 0:e.userAgent)&&(/iP(?:ad|hone|od)/.test(window.navigator.userAgent)||((t=window==null?void 0:window.navigator)==null?void 0:t.maxTouchPoints)>2&&/iPad|Macintosh/.test(window==null?void 0:window.navigator.userAgent))}function Za(e){return Array.isArray(e)?e:[e]}function Wae(...e){if(e.length!==1)return qd(...e);const t=e[0];return typeof t=="function"?gi(Id(()=>({get:t,set:an}))):zr(t)}const Tu=Eu?window:void 0;function Qs(e){var t;const s=es(e);return(t=s==null?void 0:s.$el)!=null?t:s}function Xn(...e){let t,s,n,r;if(typeof e[0]=="string"||Array.isArray(e[0])?([s,n,r]=e,t=Tu):[t,s,n,r]=e,!t)return an;s=Za(s),n=Za(n);const o=[],i=()=>{o.forEach(d=>d()),o.length=0},a=(d,p,g,y)=>(d.addEventListener(p,g,y),()=>d.removeEventListener(p,g,y)),l=Os(()=>[Qs(t),es(r)],([d,p])=>{if(i(),!d)return;const g=Vae(p)?{...p}:p;o.push(...s.flatMap(y=>n.map(A=>a(d,y,A,g))))},{immediate:!0,flush:"post"}),h=()=>{l(),i()};return yu(h),h}let el=!1;function tl(e,t,s={}){const{window:n=Tu,ignore:r=[],capture:o=!0,detectIframe:i=!1}=s;if(!n)return an;ii&&!el&&(el=!0,Array.from(n.document.body.children).forEach(k=>k.addEventListener("click",an)),n.document.documentElement.addEventListener("click",an));let a=!0;const l=k=>es(r).some(j=>{if(typeof j=="string")return Array.from(n.document.querySelectorAll(j)).some(W=>W===k.target||k.composedPath().includes(W));{const W=Qs(j);return W&&(k.target===W||k.composedPath().includes(W))}});function h(k){const j=es(k);return j&&j.$.subTree.shapeFlag===16}function d(k,j){const W=es(k),C=W.$.subTree&&W.$.subTree.children;return C==null||!Array.isArray(C)?!1:C.some(R=>R.el===j.target||j.composedPath().includes(R.el))}const p=k=>{const j=Qs(e);if(k.target!=null&&!(!(j instanceof Element)&&h(e)&&d(e,k))&&!(!j||j===k.target||k.composedPath().includes(j))){if(k.detail===0&&(a=!l(k)),!a){a=!0;return}t(k)}};let g=!1;const y=[Xn(n,"click",k=>{g||(g=!0,setTimeout(()=>{g=!1},0),p(k))},{passive:!0,capture:o}),Xn(n,"pointerdown",k=>{const j=Qs(e);a=!l(k)&&!!(j&&!k.composedPath().includes(j))},{passive:!0}),i&&Xn(n,"blur",k=>{setTimeout(()=>{var j;const W=Qs(e);((j=n.document.activeElement)==null?void 0:j.tagName)==="IFRAME"&&!(W!=null&&W.contains(n.document.activeElement))&&t(k)},0)},{passive:!0})].filter(Boolean);return()=>y.forEach(k=>k())}const zae={mounted(e,t){const s=!t.modifiers.bubble;if(typeof t.value=="function")e.__onClickOutside_stop=tl(e,t.value,{capture:s});else{const[n,r]=t.value;e.__onClickOutside_stop=tl(e,n,Object.assign({capture:s},r))}},unmounted(e){e.__onClickOutside_stop()}};function qo(e){return typeof Window<"u"&&e instanceof Window?e.document.documentElement:typeof Document<"u"&&e instanceof Document?e.documentElement:e}function wu(e){const t=window.getComputedStyle(e);if(t.overflowX==="scroll"||t.overflowY==="scroll"||t.overflowX==="auto"&&e.clientWidth<e.scrollWidth||t.overflowY==="auto"&&e.clientHeight<e.scrollHeight)return!0;{const s=e.parentNode;return!s||s.tagName==="BODY"?!1:wu(s)}}function Qae(e){const t=e||window.event,s=t.target;return wu(s)?!1:t.touches.length>1?!0:(t.preventDefault&&t.preventDefault(),!1)}const Do=new WeakMap;function Yae(e,t=!1){const s=zr(t);let n=null,r="";Os(Wae(e),a=>{const l=qo(es(a));if(l){const h=l;if(Do.get(h)||Do.set(h,h.style.overflow),h.style.overflow!=="hidden"&&(r=h.style.overflow),h.style.overflow==="hidden")return s.value=!0;if(s.value)return h.style.overflow="hidden"}},{immediate:!0});const o=()=>{const a=qo(es(e));!a||s.value||(ii&&(n=Xn(a,"touchmove",l=>{Qae(l)},{passive:!1})),a.style.overflow="hidden",s.value=!0)},i=()=>{const a=qo(es(e));!a||!s.value||(ii&&(n==null||n()),a.style.overflow=r,Do.delete(a),s.value=!1)};return yu(i),Rc({get(){return s.value},set(a){a?o():i()}})}function Kae(){let e=!1;const t=zr(!1);return(s,n)=>{if(t.value=n.value,e)return;e=!0;const r=Yae(s,n.value);Os(t,o=>r.value=o)}}Kae();var Xae=Array.isArray,qi=Xae,Jae=typeof ve=="object"&&ve&&ve.Object===Object&&ve,Zae=Jae,ele=Zae,tle=typeof self=="object"&&self&&self.Object===Object&&self,sle=ele||tle||Function("return this")(),Di=sle,nle=Di,rle=nle.Symbol,Pi=rle,sl=Pi,_u=Object.prototype,ole=_u.hasOwnProperty,ile=_u.toString,Gs=sl?sl.toStringTag:void 0;function ale(e){var t=ole.call(e,Gs),s=e[Gs];try{e[Gs]=void 0;var n=!0}catch{}var r=ile.call(e);return n&&(t?e[Gs]=s:delete e[Gs]),r}var lle=ale,cle=Object.prototype,ule=cle.toString;function dle(e){return ule.call(e)}var hle=dle,nl=Pi,fle=lle,ple=hle,mle="[object Null]",gle="[object Undefined]",rl=nl?nl.toStringTag:void 0;function vle(e){return e==null?e===void 0?gle:mle:rl&&rl in Object(e)?fle(e):ple(e)}var Su=vle;function ble(e){return e!=null&&typeof e=="object"}var yle=ble,Ele=Su,Tle=yle,wle="[object Symbol]";function _le(e){return typeof e=="symbol"||Tle(e)&&Ele(e)==wle}var xi=_le,Sle=qi,Rle=xi,Cle=/\.|\[(?:[^[\]]*|(["'])(?:(?!\1)[^\\]|\\.)*?\1)\]/,Ale=/^\w*$/;function kle(e,t){if(Sle(e))return!1;var s=typeof e;return s=="number"||s=="symbol"||s=="boolean"||e==null||Rle(e)?!0:Ale.test(e)||!Cle.test(e)||t!=null&&e in Object(t)}var Nle=kle;function Ole(e){var t=typeof e;return e!=null&&(t=="object"||t=="function")}var Ru=Ole,Ile=Su,$le=Ru,Lle="[object AsyncFunction]",qle="[object Function]",Dle="[object GeneratorFunction]",Ple="[object Proxy]";function xle(e){if(!$le(e))return!1;var t=Ile(e);return t==qle||t==Dle||t==Lle||t==Ple}var Mle=xle,Ule=Di,Fle=Ule["__core-js_shared__"],Hle=Fle,Po=Hle,ol=function(){var e=/[^.]+$/.exec(Po&&Po.keys&&Po.keys.IE_PROTO||"");return e?"Symbol(src)_1."+e:""}();function Ble(e){return!!ol&&ol in e}var jle=Ble,Vle=Function.prototype,Gle=Vle.toString;function Wle(e){if(e!=null){try{return Gle.call(e)}catch{}try{return e+""}catch{}}return""}var zle=Wle,Qle=Mle,Yle=jle,Kle=Ru,Xle=zle,Jle=/[\\^$.*+?()[\]{}|]/g,Zle=/^\[object .+?Constructor\]$/,ece=Function.prototype,tce=Object.prototype,sce=ece.toString,nce=tce.hasOwnProperty,rce=RegExp("^"+sce.call(nce).replace(Jle,"\\$&").replace(/hasOwnProperty|(function).*?(?=\\\()| for .+?(?=\\\])/g,"$1.*?")+"$");function oce(e){if(!Kle(e)||Yle(e))return!1;var t=Qle(e)?rce:Zle;return t.test(Xle(e))}var ice=oce;function ace(e,t){return e==null?void 0:e[t]}var lce=ace,cce=ice,uce=lce;function dce(e,t){var s=uce(e,t);return cce(s)?s:void 0}var Cu=dce,hce=Cu,fce=hce(Object,"create"),lo=fce,il=lo;function pce(){this.__data__=il?il(null):{},this.size=0}var mce=pce;function gce(e){var t=this.has(e)&&delete this.__data__[e];return this.size-=t?1:0,t}var vce=gce,bce=lo,yce="__lodash_hash_undefined__",Ece=Object.prototype,Tce=Ece.hasOwnProperty;function wce(e){var t=this.__data__;if(bce){var s=t[e];return s===yce?void 0:s}return Tce.call(t,e)?t[e]:void 0}var _ce=wce,Sce=lo,Rce=Object.prototype,Cce=Rce.hasOwnProperty;function Ace(e){var t=this.__data__;return Sce?t[e]!==void 0:Cce.call(t,e)}var kce=Ace,Nce=lo,Oce="__lodash_hash_undefined__";function Ice(e,t){var s=this.__data__;return this.size+=this.has(e)?0:1,s[e]=Nce&&t===void 0?Oce:t,this}var $ce=Ice,Lce=mce,qce=vce,Dce=_ce,Pce=kce,xce=$ce;function Ds(e){var t=-1,s=e==null?0:e.length;for(this.clear();++t<s;){var n=e[t];this.set(n[0],n[1])}}Ds.prototype.clear=Lce;Ds.prototype.delete=qce;Ds.prototype.get=Dce;Ds.prototype.has=Pce;Ds.prototype.set=xce;var Mce=Ds;function Uce(){this.__data__=[],this.size=0}var Fce=Uce;function Hce(e,t){return e===t||e!==e&&t!==t}var Bce=Hce,jce=Bce;function Vce(e,t){for(var s=e.length;s--;)if(jce(e[s][0],t))return s;return-1}var co=Vce,Gce=co,Wce=Array.prototype,zce=Wce.splice;function Qce(e){var t=this.__data__,s=Gce(t,e);if(s<0)return!1;var n=t.length-1;return s==n?t.pop():zce.call(t,s,1),--this.size,!0}var Yce=Qce,Kce=co;function Xce(e){var t=this.__data__,s=Kce(t,e);return s<0?void 0:t[s][1]}var Jce=Xce,Zce=co;function eue(e){return Zce(this.__data__,e)>-1}var tue=eue,sue=co;function nue(e,t){var s=this.__data__,n=sue(s,e);return n<0?(++this.size,s.push([e,t])):s[n][1]=t,this}var rue=nue,oue=Fce,iue=Yce,aue=Jce,lue=tue,cue=rue;function Ps(e){var t=-1,s=e==null?0:e.length;for(this.clear();++t<s;){var n=e[t];this.set(n[0],n[1])}}Ps.prototype.clear=oue;Ps.prototype.delete=iue;Ps.prototype.get=aue;Ps.prototype.has=lue;Ps.prototype.set=cue;var uue=Ps,due=Cu,hue=Di,fue=due(hue,"Map"),pue=fue,al=Mce,mue=uue,gue=pue;function vue(){this.size=0,this.__data__={hash:new al,map:new(gue||mue),string:new al}}var bue=vue;function yue(e){var t=typeof e;return t=="string"||t=="number"||t=="symbol"||t=="boolean"?e!=="__proto__":e===null}var Eue=yue,Tue=Eue;function wue(e,t){var s=e.__data__;return Tue(t)?s[typeof t=="string"?"string":"hash"]:s.map}var uo=wue,_ue=uo;function Sue(e){var t=_ue(this,e).delete(e);return this.size-=t?1:0,t}var Rue=Sue,Cue=uo;function Aue(e){return Cue(this,e).get(e)}var kue=Aue,Nue=uo;function Oue(e){return Nue(this,e).has(e)}var Iue=Oue,$ue=uo;function Lue(e,t){var s=$ue(this,e),n=s.size;return s.set(e,t),this.size+=s.size==n?0:1,this}var que=Lue,Due=bue,Pue=Rue,xue=kue,Mue=Iue,Uue=que;function xs(e){var t=-1,s=e==null?0:e.length;for(this.clear();++t<s;){var n=e[t];this.set(n[0],n[1])}}xs.prototype.clear=Due;xs.prototype.delete=Pue;xs.prototype.get=xue;xs.prototype.has=Mue;xs.prototype.set=Uue;var Fue=xs,Au=Fue,Hue="Expected a function";function Mi(e,t){if(typeof e!="function"||t!=null&&typeof t!="function")throw new TypeError(Hue);var s=function(){var n=arguments,r=t?t.apply(this,n):n[0],o=s.cache;if(o.has(r))return o.get(r);var i=e.apply(this,n);return s.cache=o.set(r,i)||o,i};return s.cache=new(Mi.Cache||Au),s}Mi.Cache=Au;var Bue=Mi,jue=Bue,Vue=500;function Gue(e){var t=jue(e,function(n){return s.size===Vue&&s.clear(),n}),s=t.cache;return t}var Wue=Gue,zue=Wue,Que=/[^.[\]]+|\[(?:(-?\d+(?:\.\d+)?)|(["'])((?:(?!\2)[^\\]|\\.)*?)\2)\]|(?=(?:\.|\[\])(?:\.|\[\]|$))/g,Yue=/\\(\\)?/g,Kue=zue(function(e){var t=[];return e.charCodeAt(0)===46&&t.push(""),e.replace(Que,function(s,n,r,o){t.push(r?o.replace(Yue,"$1"):n||s)}),t}),Xue=Kue;function Jue(e,t){for(var s=-1,n=e==null?0:e.length,r=Array(n);++s<n;)r[s]=t(e[s],s,e);return r}var Zue=Jue,ll=Pi,ede=Zue,tde=qi,sde=xi,nde=1/0,cl=ll?ll.prototype:void 0,ul=cl?cl.toString:void 0;function ku(e){if(typeof e=="string")return e;if(tde(e))return ede(e,ku)+"";if(sde(e))return ul?ul.call(e):"";var t=e+"";return t=="0"&&1/e==-nde?"-0":t}var rde=ku,ode=rde;function ide(e){return e==null?"":ode(e)}var ade=ide,lde=qi,cde=Nle,ude=Xue,dde=ade;function hde(e,t){return lde(e)?e:cde(e,t)?[e]:ude(dde(e))}var fde=hde,pde=xi,mde=1/0;function gde(e){if(typeof e=="string"||pde(e))return e;var t=e+"";return t=="0"&&1/e==-mde?"-0":t}var vde=gde,bde=fde,yde=vde;function Ede(e,t){t=bde(t,e);for(var s=0,n=t.length;e!=null&&s<n;)e=e[yde(t[s++])];return s&&s==n?e:void 0}var Tde=Ede,wde=Tde;function _de(e,t,s){var n=e==null?void 0:wde(e,t);return n===void 0?s:n}var Sde=_de;const Rde=qs(Sde);function Cde(e){let t=kf(xae);return t.config.devtools=!0,t.config.performance=!0,e.$editorLinks.register(t),e.$textFilters.register(t),t.component("icon",Kc),t.component("spinner",Fae),t.mixin({data:()=>({global:e}),computed:Object.entries(e).reduce((s,[n,r])=>(s[n]=function(){return this.global[n]},s),{})}),Ja.config.autoSetContainer=!0,t.use(Ja),t.directive("on-click-outside",zae),t.mixin({methods:{$get:Rde}}),t}var Nu=Ys;function Ys(e){let t=e;var s={}.toString.call(e).slice(8,-1);if(s=="Set")return new Set([...e].map(r=>Ys(r)));if(s=="Map")return new Map([...e].map(r=>[Ys(r[0]),Ys(r[1])]));if(s=="Date")return new Date(e.getTime());if(s=="RegExp")return RegExp(e.source,Ade(e));if(s=="Array"||s=="Object"){t=Array.isArray(e)?[]:{};for(var n in e)t[n]=Ys(e[n])}return t}function Ade(e){if(typeof e.source.flags=="string")return e.source.flags;var t=[];return e.global&&t.push("g"),e.ignoreCase&&t.push("i"),e.multiline&&t.push("m"),e.sticky&&t.push("y"),e.unicode&&t.push("u"),t.join("")}var kde=Nde;function Nde(e,t){if(!Array.isArray(e)||!Array.isArray(t))throw new Error("expected both arguments to be arrays");for(var s=[],n=Ode(t),r={},o=0;o<e.length;o++){var i=e[o];n.hasOwnProperty(i)&&!r.hasOwnProperty(i)&&(s.push(i),r[i]=!0)}return s}function Ode(e){for(var t={},s=0;s<e.length;s++){var n=e[s];t.hasOwnProperty(n)||(t[n]=!0)}return t}class Ur{constructor(t,s,n){this.startTime=s,this.endTime=n,this.events=[],t.map(r=>this.append(r))}append(t){t.start=t.start||this.startTime,t.start<this.startTime&&(t.start=this.startTime),t.end>this.endTime&&(t.end=this.endTime),this.events.push(new Ide(t)),this.sort()}appendTotalEvent(){this.append({description:"Total time",start:this.startTime,duration:this.endTime-this.startTime,color:"grey"})}merge(t){this.events=this.events.concat(t.events),this.sort()}copy(){return new Ur(Nu(this.events),this.startTime,this.endTime)}sort(){return this.events=this.events.sort((t,s)=>t.start-s.start),this}filter(t,s){let n=this.copy();return n.events=t.filter(n.events),n.events=n.events.filter(r=>!kde(r.tags,s).length),n}condense(){let t=this.copy(),s=(t.endTime-t.startTime)/64;return t.events=t.events.reduce((n,r)=>{if(r.duration>=s)return[...n,r];let o=n[n.length-1];return o instanceof Ws&&o.end<=r.start?(o.push(r),n):[...n,new Ws(r)]},[]),t}present(t){return this.events.map(s=>(s instanceof Ws||(s=new Ws(s)),s.present(this,t)))}findChildren(t){return this.events.flatMap(s=>s instanceof Ws?s.events:s).reduce((s,n)=>(n!==t&&t.contains(n)&&s.every(r=>!r.contains(n))&&s.push(n),s),[])}}class Ide{constructor(t){this.name=t.name||t.description,this.description=t.description||"",this.start=t.start instanceof Date?t.start.getTime()/1e3:t.start,this.duration=t.duration||0,this.color=t.color||"blue",this.end=this.start+this.duration/1e3,this.tags=t.tags||[],this.data=t.data}present(t,s){if(this.presented)return this;this.startRelative=(this.start-t.startTime)*1e3/(t.endTime-t.startTime),this.durationRelative=this.duration/(t.endTime-t.startTime),this.offset=this.startRelative*s,this.width=this.durationRelative*s,this.width<3&&(this.width=3),this.width>s&&(this.width=s),this.width+this.offset>s&&(this.offset=s-this.width),this.eventClass=this.color,this.eventStyle={left:"0px",width:`${this.width}px`},this.labelWidth=this.startRelative>.5?this.offset:s-this.width-this.offset,this.labelClass=this.startRelative>.5?["before",this.color]:["after",this.color],this.labelStyle={width:`${this.labelWidth}px`},this.width>200&&(this.labelClass=["inside",this.color]);let n=t.findChildren(this).map(r=>r.present(t,s));return this.childrenSections=n.map(r=>({style:{left:`${r.offset-this.offset}px`,width:`${r.width}px`}})),this.durationChildren=n.length?n.reduce((r,o)=>r+o.duration,0):null,this.durationSelf=this.duration-this.durationChildren,this.presented=!0,this}contains(t){return this.start<t.start&&t.end<this.end}}class Ws{constructor(t){this.events=t instanceof Array?t:[t],this.name=this.firstEvent.name,this.description=this.firstEvent.description,this.start=this.firstEvent.start,this.duration=this.lastEvent.end-this.firstEvent.start,this.color=this.firstEvent.color,this.end=this.lastEvent.end}get condensed(){return this.events.length>1}get firstEvent(){return this.events[0]}get lastEvent(){return this.events[this.events.length-1]}push(t){this.events.push(t),this.name=this.description=`${this.events.length} events`,this.duration=this.lastEvent.end-this.firstEvent.start,this.end=this.lastEvent.end}present(t,s){return this.events.forEach(n=>{n.present(t,s),n.eventStyle.left=`${n.offset-this.events[0].offset}px`}),this.duration=this.condensed?null:this.firstEvent.duration,this.durationSelf=this.condensed?null:this.firstEvent.durationSelf,this.durationChildren=this.condensed?null:this.firstEvent.durationChildren,this.offset=this.firstEvent.offset,this.width=this.lastEvent.width+this.lastEvent.offset-this.firstEvent.offset,this.color=this.offset>s/2?this.firstEvent.color:this.lastEvent.color,this.labelWidth=this.offset>s/2?this.offset:s-this.width-this.offset,this.labelClass=this.offset>s/2?["before",this.color]:["after",this.color],this.labelStyle={width:`${this.labelWidth}px`},this.width>200&&!this.condensed&&(this.labelClass=["inside",this.color]),this.groupStyle={"margin-left":`${this.offset}px`,width:`${this.width}px`},this.tags=this.condensed?[]:this.firstEvent.tags,this.data=this.condensed?void 0:this.firstEvent.data,this}}const $de={100:{code:100,message:"Continue",description:"The server has received the request headers, and the client should proceed to send the request body."},101:{code:101,message:"Switching Protocols",description:"The requester has asked the server to switch protocols."},102:{code:102,message:"Processing",description:"This code indicates that the server has received and is processing the request, but no response is available yet. This prevents the client from timing out and assuming the request was lost."},103:{code:103,message:"Early Hints",description:"Used to return some response headers before final HTTP message."},200:{code:200,message:"OK",description:"The request is OK (this is the standard response for successful HTTP requests)."},201:{code:201,message:"Created",description:"The request has been fulfilled, and a new resource is created."},202:{code:202,message:"Accepted",description:"The request has been accepted for processing, but the processing has not been completed."},203:{code:203,message:"Non-Authoritative Information",description:"The request has been successfully processed, but is returning information that may be from another source."},204:{code:204,message:"No Content",description:"The request has been successfully processed, but is not returning any content."},205:{code:205,message:"Reset Content",description:"The request has been successfully processed, but is not returning any content, and requires that the requester reset the document view."},206:{code:206,message:"Partial Content",description:"The server is delivering only part of the resource due to a range header sent by the client."},207:{code:207,message:"Multi-Status",description:"The message body that follows is by default an XML message and can contain a number of separate response codes, depending on how many sub-requests were made."},208:{code:208,message:"Already Reported",description:"The members of a DAV binding have already been enumerated in a preceding part of the (multistatus) response, and are not being included again."},218:{code:218,message:"This is fine (Apache Web Server)",description:"Used as a catch-all error condition for allowing response bodies to flow through Apache when ProxyErrorOverride is enabled."},226:{code:226,message:"IM Used",description:"The server has fulfilled a request for the resource, and the response is a representation of the result of one or more instance-manipulations applied to the current instance."},300:{code:300,message:"Multiple Choices",description:"A link list. The user can select a link and go to that location. Maximum five addresses."},301:{code:301,message:"Moved Permanently",description:"The requested page has moved to a new URL."},302:{code:302,message:"Found",description:"The requested page has moved temporarily to a new URL."},303:{code:303,message:"See Other",description:"The requested page can be found under a different URL."},304:{code:304,message:"Not Modified",description:"Indicates the requested page has not been modified since last requested."},306:{code:306,message:"Switch Proxy",description:'No longer used. Originally meant "Subsequent requests should use the specified proxy."'},307:{code:307,message:"Temporary Redirect",description:"The requested page has moved temporarily to a new URL."},308:{code:308,message:"Resume Incomplete",description:"Used in the resumable requests proposal to resume aborted PUT or POST requests."},400:{code:400,message:"Bad Request",description:"The request cannot be fulfilled due to bad syntax."},401:{code:401,message:"Unauthorized",description:"The request was a legal request, but the server is refusing to respond to it. For use when authentication is possible but has failed or not yet been provided."},402:{code:402,message:"Payment Required",description:"Not yet implemented by RFC standards, but reserved for future use."},403:{code:403,message:"Forbidden",description:"The request was a legal request, but the server is refusing to respond to it."},404:{code:404,message:"Not Found",description:"The requested page could not be found but may be available again in the future."},405:{code:405,message:"Method Not Allowed",description:"A request was made of a page using a request method not supported by that page."},406:{code:406,message:"Not Acceptable",description:"The server can only generate a response that is not accepted by the client."},407:{code:407,message:"Proxy Authentication Required",description:"The client must first authenticate itself with the proxy."},408:{code:408,message:"Request Timeout",description:"The server timed out waiting for the request."},409:{code:409,message:"Conflict",description:"The request could not be completed because of a conflict in the request."},410:{code:410,message:"Gone",description:"The requested page is no longer available."},411:{code:411,message:"Length Required",description:'The "Content-Length" is not defined. The server will not accept the request without it.'},412:{code:412,message:"Precondition Failed",description:"The precondition given in the request evaluated to false by the server."},413:{code:413,message:"Request Entity Too Large",description:"The server will not accept the request, because the request entity is too large."},414:{code:414,message:"Request-URI Too Long",description:"The server will not accept the request, because the URL is too long. Occurs when you convert a POST request to a GET request with a long query information."},415:{code:415,message:"Unsupported Media Type",description:"The server will not accept the request, because the media type is not supported."},416:{code:416,message:"Requested Range Not Satisfiable",description:"The client has asked for a portion of the file, but the server cannot supply that portion."},417:{code:417,message:"Expectation Failed",description:"The server cannot meet the requirements of the Expect request-header field."},418:{code:418,message:"I'm a teapot",description:`Any attempt to brew coffee with a teapot should result in the error code "418 I'm a teapot". The resulting entity body MAY be short and stout.`},419:{code:419,message:"Page Expired (Laravel Framework)",description:"Used by the Laravel Framework when a CSRF Token is missing or expired."},420:{code:420,message:"Method Failure (Spring Framework)",description:"A deprecated response used by the Spring Framework when a method has failed."},421:{code:421,message:"Misdirected Request",description:"The request was directed at a server that is not able to produce a response (for example because a connection reuse)."},422:{code:422,message:"Unprocessable Entity",description:"The request was well-formed but was unable to be followed due to semantic errors."},423:{code:423,message:"Locked",description:"The resource that is being accessed is locked."},424:{code:424,message:"Failed Dependency",description:"The request failed due to failure of a previous request (e.g., a PROPPATCH)."},426:{code:426,message:"Upgrade Required",description:"The client should switch to a different protocol such as TLS/1.0, given in the Upgrade header field."},428:{code:428,message:"Precondition Required",description:"The origin server requires the request to be conditional."},429:{code:429,message:"Too Many Requests",description:"The user has sent too many requests in a given amount of time. Intended for use with rate limiting schemes."},431:{code:431,message:"Request Header Fields Too Large",description:"The server is unwilling to process the request because either an individual header field, or all the header fields collectively, are too large."},440:{code:440,message:"Login Time-out",description:"The client's session has expired and must log in again. (IIS)"},444:{code:444,message:"Connection Closed Without Response",description:"A non-standard status code used to instruct nginx to close the connection without sending a response to the client, most commonly used to deny malicious or malformed requests."},449:{code:449,message:"Retry With",description:"The server cannot honour the request because the user has not provided the required information. (IIS)"},450:{code:450,message:"Blocked by Windows Parental Controls",description:"The Microsoft extension code indicated when Windows Parental Controls are turned on and are blocking access to the requested webpage."},451:{code:451,message:"Unavailable For Legal Reasons",description:"A server operator has received a legal demand to deny access to a resource or to a set of resources that includes the requested resource."},494:{code:494,message:"Request Header Too Large",description:"Used by nginx to indicate the client sent too large of a request or header line that is too long."},495:{code:495,message:"SSL Certificate Error",description:"An expansion of the 400 Bad Request response code, used when the client has provided an invalid client certificate."},496:{code:496,message:"SSL Certificate Required",description:"An expansion of the 400 Bad Request response code, used when a client certificate is required but not provided."},497:{code:497,message:"HTTP Request Sent to HTTPS Port",description:"An expansion of the 400 Bad Request response code, used when the client has made a HTTP request to a port listening for HTTPS requests."},498:{code:498,message:"Invalid Token (Esri)",description:"Returned by ArcGIS for Server. Code 498 indicates an expired or otherwise invalid token."},499:{code:499,message:"Client Closed Request",description:"A non-standard status code introduced by nginx for the case when a client closes the connection while nginx is processing the request."},500:{code:500,message:"Internal Server Error",description:"An error has occurred in a server side script, a no more specific message is suitable."},501:{code:501,message:"Not Implemented",description:"The server either does not recognize the request method, or it lacks the ability to fulfill the request."},502:{code:502,message:"Bad Gateway",description:"The server was acting as a gateway or proxy and received an invalid response from the upstream server."},503:{code:503,message:"Service Unavailable",description:"The server is currently unavailable (overloaded or down)."},504:{code:504,message:"Gateway Timeout",description:"The server was acting as a gateway or proxy and did not receive a timely response from the upstream server."},505:{code:505,message:"HTTP Version Not Supported",description:"The server does not support the HTTP protocol version used in the request."},506:{code:506,message:"Variant Also Negotiates",description:"Transparent content negotiation for the request results in a circular reference."},507:{code:507,message:"Insufficient Storage",description:"The server is unable to store the representation needed to complete the request."},508:{code:508,message:"Loop Detected",description:"The server detected an infinite loop while processing the request (sent instead of 208 Already Reported)."},509:{code:509,message:"Bandwidth Limit Exceeded",description:"The server has exceeded the bandwidth specified by the server administrator; this is often used by shared hosting providers to limit the bandwidth of customers."},510:{code:510,message:"Not Extended",description:"Further extensions to the request are required for the server to fulfil it."},511:{code:511,message:"Network Authentication Required",description:"The client needs to authenticate to gain network access."},520:{code:520,message:"Unknown Error",description:'The 520 error is used as a "catch-all response for when the origin server returns something unexpected", listing connection resets, large headers, and empty or invalid responses as common triggers.'},521:{code:521,message:"Web Server Is Down",description:"The origin server has refused the connection from Cloudflare."},522:{code:522,message:"Connection Timed Out",description:"Cloudflare could not negotiate a TCP handshake with the origin server."},523:{code:523,message:"Origin Is Unreachable",description:"Cloudflare could not reach the origin server; for example, if the DNS records for the origin server are incorrect."},524:{code:524,message:"A Timeout Occurred",description:"Cloudflare was able to complete a TCP connection to the origin server, but did not receive a timely HTTP response."},525:{code:525,message:"SSL Handshake Failed",description:"Cloudflare could not negotiate a SSL/TLS handshake with the origin server."},526:{code:526,message:"Invalid SSL Certificate",description:"Used by Cloudflare and Cloud Foundry's gorouter to indicate failure to validate the SSL/TLS certificate that the origin server presented."},527:{code:527,message:"Railgun Listener to Origin Error",description:"Error 527 indicates that the request timed out or failed after the WAN connection had been established."},530:{code:530,message:"Origin DNS Error",description:"Error 530 indicates that the requested host name could not be resolved on the Cloudflare network to an origin server."},598:{code:598,message:"Network Read Timeout Error",description:"Used by some HTTP proxies to signal a network read timeout behind the proxy to a client in front of the proxy."},"1xx":{code:"1xx",message:"Information",description:"1xx codes are often interim responses for sharing connection status information. Not intended for final request or response action."},"2xx":{code:"2xx",message:"Successful",description:"2xx codes indicate successful responses usually this means the action requested by the client was received, understood and accepted successfully."},"3xx":{code:"3xx",message:"Redirection",description:"3xx codes are a class of responses that suggest the User-Agent must follow another course of action to obtain the complete requested resource."},"4xx":{code:"4xx",message:"Client Error",description:"4xx codes generally are error responses specifying an issue at the client’s end. Potentially a network issue."},"5xx":{code:"5xx",message:"Server Error",description:"5xx error codes indicate that an error or unresolvable request occurred on the server side, whether that is a proxy or the origin host."}};var Lde=qde;function qde(e,t){var s={};typeof t=="string"&&(t=[].slice.call(arguments,1));for(var n=t.length,r=0;r<n;r++){var o=t[r];o in e&&(s[o]=e[o])}return s}var Ou={},Iu={},Cn={},$u={},Lu={};(function(e){e.__esModule=!0;var t=/[\\^$.*+?()[\]{}|]/g,s=RegExp(t.source);function n(r){return r&&s.test(r)?r.replace(t,"\\$&"):r||""}e.default=n})(Lu);var An={};(function(e){e.__esModule=!0,e.TokenTypes=void 0,function(t){t.WHITESPACE="whitespace",t.WORD="word",t.STRING="string",t.RESERVED="reserved",t.RESERVED_TOP_LEVEL="reserved-top-level",t.RESERVED_TOP_LEVEL_NO_INDENT="reserved-top-level-no-indent",t.RESERVED_NEWLINE="reserved-newline",t.OPERATOR="operator",t.NO_SPACE_OPERATOR="no-space-operator",t.OPEN_PAREN="open-paren",t.CLOSE_PAREN="close-paren",t.LINE_COMMENT="line-comment",t.BLOCK_COMMENT="block-comment",t.NUMBER="number",t.PLACEHOLDER="placeholder",t.SERVERVARIABLE="servervariable"}(e.TokenTypes||(e.TokenTypes={}))})(An);(function(e){var t=ve&&ve.__importDefault||function(o){return o&&o.__esModule?o:{default:o}};e.__esModule=!0;var s=t(Lu),n=An,r=function(){function o(i){this.WHITESPACE_REGEX=/^(\s+)/u,this.NUMBER_REGEX=/^((-\s*)?[0-9]+(\.[0-9]+)?|0x[0-9a-fA-F]+|0b[01]+|([a-fA-F0-9]{8}-[a-fA-F0-9]{4}-[a-fA-F0-9]{4}-[a-fA-F0-9]{4}-[a-fA-F0-9]{12}))\b/u,this.AMBIGUOS_OPERATOR_REGEX=/^(\?\||\?&)/u,this.OPERATOR_REGEX=/^(!=|<>|>>|<<|==|<=|>=|!<|!>|\|\|\/|\|\/|\|\||~~\*|~~|!~~\*|!~~|~\*|!~\*|!~|:=|=>|&&|@>|<@|#-|@@|@|.)/u,this.NO_SPACE_OPERATOR_REGEX=/^(::|->>|->|#>>|#>)/u,this.BLOCK_COMMENT_REGEX=/^(\/\*[^]*?(?:\*\/|$))/u,this.LINE_COMMENT_REGEX=this.createLineCommentRegex(i.lineCommentTypes),this.RESERVED_TOP_LEVEL_REGEX=this.createReservedWordRegex(i.reservedTopLevelWords),this.RESERVED_TOP_LEVEL_NO_INDENT_REGEX=this.createReservedWordRegex(i.reservedTopLevelWordsNoIndent),this.RESERVED_NEWLINE_REGEX=this.createReservedWordRegex(i.reservedNewlineWords),this.RESERVED_PLAIN_REGEX=this.createReservedWordRegex(i.reservedWords),this.WORD_REGEX=this.createWordRegex(i.specialWordChars),this.STRING_REGEX=this.createStringRegex(i.stringTypes),this.OPEN_PAREN_REGEX=this.createParenRegex(i.openParens),this.CLOSE_PAREN_REGEX=this.createParenRegex(i.closeParens),this.INDEXED_PLACEHOLDER_REGEX=this.createPlaceholderRegex(i.indexedPlaceholderTypes,"[0-9]*"),this.IDENT_NAMED_PLACEHOLDER_REGEX=this.createPlaceholderRegex(i.namedPlaceholderTypes,"[a-zA-Z0-9._$]+"),this.STRING_NAMED_PLACEHOLDER_REGEX=this.createPlaceholderRegex(i.namedPlaceholderTypes,this.createStringPattern(i.stringTypes))}return o.prototype.createLineCommentRegex=function(i){var a="((?<!#)>|(?:[^>]))";return new RegExp("^((?:".concat(i.map(function(l){return(0,s.default)(l)}).join("|"),")").concat(a,`.*?(?:\r
|\r|
|$))`),"u")},o.prototype.createReservedWordRegex=function(i){var a=i.join("|").replace(/ /gu,"\\s+");return new RegExp("^(".concat(a,")\\b"),"iu")},o.prototype.createWordRegex=function(i){return new RegExp("^([\\p{Alphabetic}\\p{Mark}\\p{Decimal_Number}\\p{Connector_Punctuation}\\p{Join_Control}".concat(i.join(""),"]+)"),"u")},o.prototype.createStringRegex=function(i){return new RegExp("^("+this.createStringPattern(i)+")","u")},o.prototype.createStringPattern=function(i){var a={"``":"((`[^`]*($|`))+)","[]":"((\\[[^\\]]*($|\\]))(\\][^\\]]*($|\\]))*)",'""':'(("[^"\\\\]*(?:\\\\.[^"\\\\]*)*("|$))+)',"''":"(('[^'\\\\]*(?:\\\\.[^'\\\\]*)*('|$))+)","N''":"((N'[^N'\\\\]*(?:\\\\.[^N'\\\\]*)*('|$))+)","E''":"(((E|e)'[^'\\\\]*(?:\\\\.[^'\\\\]*)*('|$))+)"};return i.map(function(l){return a[l]}).join("|")},o.prototype.createParenRegex=function(i){var a=this;return new RegExp("^("+i.map(function(l){return a.escapeParen(l)}).join("|")+")","iu")},o.prototype.escapeParen=function(i){return i.length===1?(0,s.default)(i):"\\b"+i+"\\b"},o.prototype.createPlaceholderRegex=function(i,a){if(!i||i.length===0)return null;var l=i.map(s.default).join("|");return new RegExp("^((?:".concat(l,")(?:").concat(a,"))"),"u")},o.prototype.tokenize=function(i){if(!i)return[];for(var a=[],l;i.length;)l=this.getNextToken(i,l),i=i.substring(l.value.length),a.push(l);return a},o.prototype.getNextToken=function(i,a){return this.getWhitespaceToken(i)||this.getCommentToken(i)||this.getStringToken(i)||this.getOpenParenToken(i)||this.getCloseParenToken(i)||this.getAmbiguosOperatorToken(i)||this.getNoSpaceOperatorToken(i)||this.getServerVariableToken(i)||this.getPlaceholderToken(i)||this.getNumberToken(i)||this.getReservedWordToken(i,a)||this.getWordToken(i)||this.getOperatorToken(i)},o.prototype.getWhitespaceToken=function(i){return this.getTokenOnFirstMatch({input:i,type:n.TokenTypes.WHITESPACE,regex:this.WHITESPACE_REGEX})},o.prototype.getCommentToken=function(i){return this.getLineCommentToken(i)||this.getBlockCommentToken(i)},o.prototype.getLineCommentToken=function(i){return this.getTokenOnFirstMatch({input:i,type:n.TokenTypes.LINE_COMMENT,regex:this.LINE_COMMENT_REGEX})},o.prototype.getBlockCommentToken=function(i){return this.getTokenOnFirstMatch({input:i,type:n.TokenTypes.BLOCK_COMMENT,regex:this.BLOCK_COMMENT_REGEX})},o.prototype.getStringToken=function(i){return this.getTokenOnFirstMatch({input:i,type:n.TokenTypes.STRING,regex:this.STRING_REGEX})},o.prototype.getOpenParenToken=function(i){return this.getTokenOnFirstMatch({input:i,type:n.TokenTypes.OPEN_PAREN,regex:this.OPEN_PAREN_REGEX})},o.prototype.getCloseParenToken=function(i){return this.getTokenOnFirstMatch({input:i,type:n.TokenTypes.CLOSE_PAREN,regex:this.CLOSE_PAREN_REGEX})},o.prototype.getPlaceholderToken=function(i){return this.getIdentNamedPlaceholderToken(i)||this.getStringNamedPlaceholderToken(i)||this.getIndexedPlaceholderToken(i)},o.prototype.getServerVariableToken=function(i){return this.getTokenOnFirstMatch({input:i,type:n.TokenTypes.SERVERVARIABLE,regex:/(^@@\w+)/iu})},o.prototype.getIdentNamedPlaceholderToken=function(i){return this.getPlaceholderTokenWithKey({input:i,regex:this.IDENT_NAMED_PLACEHOLDER_REGEX,parseKey:function(a){return a.slice(1)}})},o.prototype.getStringNamedPlaceholderToken=function(i){var a=this;return this.getPlaceholderTokenWithKey({input:i,regex:this.STRING_NAMED_PLACEHOLDER_REGEX,parseKey:function(l){return a.getEscapedPlaceholderKey({key:l.slice(2,-1),quoteChar:l.slice(-1)})}})},o.prototype.getIndexedPlaceholderToken=function(i){return this.getPlaceholderTokenWithKey({input:i,regex:this.INDEXED_PLACEHOLDER_REGEX,parseKey:function(a){return a.slice(1)}})},o.prototype.getPlaceholderTokenWithKey=function(i){var a=i.input,l=i.regex,h=i.parseKey,d=this.getTokenOnFirstMatch({input:a,regex:l,type:n.TokenTypes.PLACEHOLDER});return d&&(d.key=h(d.value)),d},o.prototype.getEscapedPlaceholderKey=function(i){var a=i.key,l=i.quoteChar;return a.replace(new RegExp((0,s.default)("\\"+l),"gu"),l)},o.prototype.getNumberToken=function(i){return this.getTokenOnFirstMatch({input:i,type:n.TokenTypes.NUMBER,regex:this.NUMBER_REGEX})},o.prototype.getOperatorToken=function(i){return this.getTokenOnFirstMatch({input:i,type:n.TokenTypes.OPERATOR,regex:this.OPERATOR_REGEX})},o.prototype.getAmbiguosOperatorToken=function(i){return this.getTokenOnFirstMatch({input:i,type:n.TokenTypes.OPERATOR,regex:this.AMBIGUOS_OPERATOR_REGEX})},o.prototype.getNoSpaceOperatorToken=function(i){return this.getTokenOnFirstMatch({input:i,type:n.TokenTypes.NO_SPACE_OPERATOR,regex:this.NO_SPACE_OPERATOR_REGEX})},o.prototype.getReservedWordToken=function(i,a){if(!(a&&a.value&&a.value==="."))return this.getToplevelReservedToken(i)||this.getNewlineReservedToken(i)||this.getTopLevelReservedTokenNoIndent(i)||this.getPlainReservedToken(i)},o.prototype.getToplevelReservedToken=function(i){return this.getTokenOnFirstMatch({input:i,type:n.TokenTypes.RESERVED_TOP_LEVEL,regex:this.RESERVED_TOP_LEVEL_REGEX})},o.prototype.getNewlineReservedToken=function(i){return this.getTokenOnFirstMatch({input:i,type:n.TokenTypes.RESERVED_NEWLINE,regex:this.RESERVED_NEWLINE_REGEX})},o.prototype.getPlainReservedToken=function(i){return this.getTokenOnFirstMatch({input:i,type:n.TokenTypes.RESERVED,regex:this.RESERVED_PLAIN_REGEX})},o.prototype.getTopLevelReservedTokenNoIndent=function(i){return this.getTokenOnFirstMatch({input:i,type:n.TokenTypes.RESERVED_TOP_LEVEL_NO_INDENT,regex:this.RESERVED_TOP_LEVEL_NO_INDENT_REGEX})},o.prototype.getWordToken=function(i){return this.getTokenOnFirstMatch({input:i,type:n.TokenTypes.WORD,regex:this.WORD_REGEX})},o.prototype.getTokenOnFirstMatch=function(i){var a=i.input,l=i.type,h=i.regex,d=a.match(h);if(d)return{type:l,value:d[1]}},o}();e.default=r})($u);var qu={},Du={},Pu={};(function(e){e.__esModule=!0;var t=function(s){return s===void 0&&(s=[]),s[s.length-1]};e.default=t})(Pu);(function(e){var t=ve&&ve.__importDefault||function(i){return i&&i.__esModule?i:{default:i}};e.__esModule=!0;var s=t(Pu),n="top-level",r="block-level",o=function(){function i(a){this.indent=a,this.indentTypes=[],this.indent=a||"  "}return i.prototype.getIndent=function(){return new Array(this.indentTypes.length).fill(this.indent).join("")},i.prototype.increaseTopLevel=function(){this.indentTypes.push(n)},i.prototype.increaseBlockLevel=function(){this.indentTypes.push(r)},i.prototype.decreaseTopLevel=function(){(0,s.default)(this.indentTypes)===n&&this.indentTypes.pop()},i.prototype.decreaseBlockLevel=function(){for(;this.indentTypes.length>0;){var a=this.indentTypes.pop();if(a!==n)break}},i.prototype.resetIndentation=function(){this.indentTypes=[]},i}();e.default=o})(Du);var xu={};(function(e){e.__esModule=!0;var t=An,s=50,n=function(){function r(){this.level=0}return r.prototype.beginIfPossible=function(o,i){this.level===0&&this.isInlineBlock(o,i)?this.level=1:this.level>0?this.level++:this.level=0},r.prototype.end=function(){this.level--},r.prototype.isActive=function(){return this.level>0},r.prototype.isInlineBlock=function(o,i){for(var a=0,l=0,h=i;h<o.length;h++){var d=o[h];if(a+=d.value.length,a>s)return!1;if(d.type===t.TokenTypes.OPEN_PAREN)l++;else if(d.type===t.TokenTypes.CLOSE_PAREN&&(l--,l===0))return!0;if(this.isForbiddenToken(d))return!1}return!1},r.prototype.isForbiddenToken=function(o){var i=o.type,a=o.value;return i===t.TokenTypes.RESERVED_TOP_LEVEL||i===t.TokenTypes.RESERVED_NEWLINE||i===t.TokenTypes.LINE_COMMENT||i===t.TokenTypes.BLOCK_COMMENT||a===";"},r}();e.default=n})(xu);var Mu={};(function(e){e.__esModule=!0;var t=function(){function s(n){this.params=n,this.index=0,this.params=n}return s.prototype.get=function(n){var r=n.key,o=n.value;return this.params?r?this.params[r]:this.params[this.index++]:o},s}();e.default=t})(Mu);(function(e){var t=ve&&ve.__importDefault||function(h){return h&&h.__esModule?h:{default:h}};e.__esModule=!0;var s=An,n=t(Du),r=t(xu),o=t(Mu),i=[" ","	"],a=function(h){for(var d=h.length-1;d>=0&&i.includes(h[d]);)d--;return h.substring(0,d+1)},l=function(){function h(d,p,g){this.cfg=d,this.tokenizer=p,this.tokenOverride=g,this.tokens=[],this.previousReservedWord={type:null,value:null},this.previousNonWhiteSpace={type:null,value:null},this.index=0,this.indentation=new n.default(this.cfg.indent),this.inlineBlock=new r.default,this.params=new o.default(this.cfg.params)}return h.prototype.format=function(d){this.tokens=this.tokenizer.tokenize(d);var p=this.getFormattedQueryFromTokens();return p.trim()},h.prototype.getFormattedQueryFromTokens=function(){var d=this,p="";return this.tokens.forEach(function(g,y){d.index=y,d.tokenOverride&&(g=d.tokenOverride(g,d.previousReservedWord)||g),g.type===s.TokenTypes.WHITESPACE?p=d.formatWhitespace(g,p):g.type===s.TokenTypes.LINE_COMMENT?p=d.formatLineComment(g,p):g.type===s.TokenTypes.BLOCK_COMMENT?p=d.formatBlockComment(g,p):g.type===s.TokenTypes.RESERVED_TOP_LEVEL||g.type===s.TokenTypes.RESERVED_TOP_LEVEL_NO_INDENT||g.type===s.TokenTypes.RESERVED_NEWLINE||g.type===s.TokenTypes.RESERVED?p=d.formatReserved(g,p):g.type===s.TokenTypes.OPEN_PAREN?p=d.formatOpeningParentheses(g,p):g.type===s.TokenTypes.CLOSE_PAREN?p=d.formatClosingParentheses(g,p):g.type===s.TokenTypes.NO_SPACE_OPERATOR?p=d.formatWithoutSpaces(g,p):g.type===s.TokenTypes.PLACEHOLDER||g.type===s.TokenTypes.SERVERVARIABLE?p=d.formatPlaceholder(g,p):g.value===","?p=d.formatComma(g,p):g.value===":"?p=d.formatWithSpaceAfter(g,p):g.value==="."?p=d.formatWithoutSpaces(g,p):g.value===";"?p=d.formatQuerySeparator(g,p):p=d.formatWithSpaces(g,p),g.type!==s.TokenTypes.WHITESPACE&&(d.previousNonWhiteSpace=g)}),p},h.prototype.formatWhitespace=function(d,p){return this.cfg.linesBetweenQueries==="preserve"&&/((\r\n|\n)(\r\n|\n)+)/u.test(d.value)&&this.previousToken().value===";"?p.replace(/(\n|\r\n)$/u,"")+d.value:p},h.prototype.formatReserved=function(d,p){return d.type===s.TokenTypes.RESERVED_NEWLINE&&this.previousReservedWord&&this.previousReservedWord.value&&d.value.toUpperCase()==="AND"&&this.previousReservedWord.value.toUpperCase()==="BETWEEN"&&(d.type=s.TokenTypes.RESERVED),d.type===s.TokenTypes.RESERVED_TOP_LEVEL?p=this.formatTopLevelReservedWord(d,p):d.type===s.TokenTypes.RESERVED_TOP_LEVEL_NO_INDENT?p=this.formatTopLevelReservedWordNoIndent(d,p):d.type===s.TokenTypes.RESERVED_NEWLINE?p=this.formatNewlineReservedWord(d,p):p=this.formatWithSpaces(d,p),this.previousReservedWord=d,p},h.prototype.formatLineComment=function(d,p){return this.addNewline(p+d.value)},h.prototype.formatBlockComment=function(d,p){return this.addNewline(this.addNewline(p)+this.indentComment(d.value))},h.prototype.indentComment=function(d){return d.replace(/\n[ \t]*/gu,`
`+this.indentation.getIndent()+" ")},h.prototype.formatTopLevelReservedWordNoIndent=function(d,p){return this.indentation.decreaseTopLevel(),p=this.addNewline(p)+this.equalizeWhitespace(this.formatReservedWord(d.value)),this.addNewline(p)},h.prototype.formatTopLevelReservedWord=function(d,p){var g=this.previousNonWhiteSpace.value!==","&&!["GRANT"].includes("".concat(this.previousNonWhiteSpace.value).toUpperCase());return g&&(this.indentation.decreaseTopLevel(),p=this.addNewline(p)),p=p+this.equalizeWhitespace(this.formatReservedWord(d.value))+" ",g&&this.indentation.increaseTopLevel(),p},h.prototype.formatNewlineReservedWord=function(d,p){return this.addNewline(p)+this.equalizeWhitespace(this.formatReservedWord(d.value))+" "},h.prototype.equalizeWhitespace=function(d){return d.replace(/\s+/gu," ")},h.prototype.formatOpeningParentheses=function(d,p){d.value=this.formatCase(d.value);var g=this.previousToken().type;return g!==s.TokenTypes.WHITESPACE&&g!==s.TokenTypes.OPEN_PAREN&&g!==s.TokenTypes.LINE_COMMENT&&(p=a(p)),p+=d.value,this.inlineBlock.beginIfPossible(this.tokens,this.index),this.inlineBlock.isActive()||(this.indentation.increaseBlockLevel(),p=this.addNewline(p)),p},h.prototype.formatClosingParentheses=function(d,p){return d.value=this.formatCase(d.value),this.inlineBlock.isActive()?(this.inlineBlock.end(),this.formatWithSpaceAfter(d,p)):(this.indentation.decreaseBlockLevel(),this.formatWithSpaces(d,this.addNewline(p)))},h.prototype.formatPlaceholder=function(d,p){return p+this.params.get(d)+" "},h.prototype.formatComma=function(d,p){return p=a(p)+d.value+" ",this.inlineBlock.isActive()||/^LIMIT$/iu.test(this.previousReservedWord.value)?p:this.addNewline(p)},h.prototype.formatWithSpaceAfter=function(d,p){return a(p)+d.value+" "},h.prototype.formatWithoutSpaces=function(d,p){return a(p)+d.value},h.prototype.formatWithSpaces=function(d,p){var g=d.type===s.TokenTypes.RESERVED?this.formatReservedWord(d.value):d.value;return p+g+" "},h.prototype.formatReservedWord=function(d){return this.formatCase(d)},h.prototype.formatQuerySeparator=function(d,p){this.indentation.resetIndentation();var g=`
`;return this.cfg.linesBetweenQueries!=="preserve"&&(g=`
`.repeat(this.cfg.linesBetweenQueries||1)),a(p)+d.value+g},h.prototype.addNewline=function(d){return d=a(d),d.endsWith(`
`)||(d+=`
`),d+this.indentation.getIndent()},h.prototype.previousToken=function(){return this.tokens[this.index-1]||{type:null,value:null}},h.prototype.formatCase=function(d){return this.cfg.reservedWordCase==="upper"?d.toUpperCase():this.cfg.reservedWordCase==="lower"?d.toLowerCase():d},h}();e.default=l})(qu);(function(e){var t=ve&&ve.__importDefault||function(o){return o&&o.__esModule?o:{default:o}};e.__esModule=!0;var s=t($u),n=t(qu),r=function(){function o(i){this.cfg=i}return o.prototype.format=function(i){return new n.default(this.cfg,this.tokenizer(),this.tokenOverride).format(i)},o.prototype.tokenize=function(i){return this.tokenizer().tokenize(i)},o.prototype.tokenizer=function(){return new s.default(this.getTokenizerConfig())},o}();e.default=r})(Cn);(function(e){var t=ve&&ve.__extends||function(){var h=function(d,p){return h=Object.setPrototypeOf||{__proto__:[]}instanceof Array&&function(g,y){g.__proto__=y}||function(g,y){for(var A in y)Object.prototype.hasOwnProperty.call(y,A)&&(g[A]=y[A])},h(d,p)};return function(d,p){if(typeof p!="function"&&p!==null)throw new TypeError("Class extends value "+String(p)+" is not a constructor or null");h(d,p);function g(){this.constructor=d}d.prototype=p===null?Object.create(p):(g.prototype=p.prototype,new g)}}(),s=ve&&ve.__importDefault||function(h){return h&&h.__esModule?h:{default:h}};e.__esModule=!0;var n=s(Cn),r=function(h){t(d,h);function d(){return h!==null&&h.apply(this,arguments)||this}return d.prototype.getTokenizerConfig=function(){return{reservedWords:o,reservedTopLevelWords:i,reservedNewlineWords:l,reservedTopLevelWordsNoIndent:a,stringTypes:['""',"''","``","[]"],openParens:["("],closeParens:[")"],indexedPlaceholderTypes:["?"],namedPlaceholderTypes:[":"],lineCommentTypes:["--"],specialWordChars:["#","@"]}},d}(n.default);e.default=r;var o=["ABS","ACTIVATE","ALIAS","ALL","ALLOCATE","ALLOW","ALTER","ANY","ARE","ARRAY","AS","ASC","ASENSITIVE","ASSOCIATE","ASUTIME","ASYMMETRIC","AT","ATOMIC","ATTRIBUTES","AUDIT","AUTHORIZATION","AUX","AUXILIARY","AVG","BEFORE","BEGIN","BETWEEN","BIGINT","BINARY","BLOB","BOOLEAN","BOTH","BUFFERPOOL","BY","CACHE","CALL","CALLED","CAPTURE","CARDINALITY","CASCADED","CASE","CAST","CCSID","CEIL","CEILING","CHAR","CHARACTER","CHARACTER_LENGTH","CHAR_LENGTH","CHECK","CLOB","CLONE","CLOSE","CLUSTER","COALESCE","COLLATE","COLLECT","COLLECTION","COLLID","COLUMN","COMMENT","COMMIT","CONCAT","CONDITION","CONNECT","CONNECTION","CONSTRAINT","CONTAINS","CONTINUE","CONVERT","CORR","CORRESPONDING","COUNT","COUNT_BIG","COVAR_POP","COVAR_SAMP","CREATE","CROSS","CUBE","CUME_DIST","CURRENT","CURRENT_DATE","CURRENT_DEFAULT_TRANSFORM_GROUP","CURRENT_LC_CTYPE","CURRENT_PATH","CURRENT_ROLE","CURRENT_SCHEMA","CURRENT_SERVER","CURRENT_TIME","CURRENT_TIMESTAMP","CURRENT_TIMEZONE","CURRENT_TRANSFORM_GROUP_FOR_TYPE","CURRENT_USER","CURSOR","CYCLE","DATA","DATABASE","DATAPARTITIONNAME","DATAPARTITIONNUM","DATE","DAY","DAYS","DB2GENERAL","DB2GENRL","DB2SQL","DBINFO","DBPARTITIONNAME","DBPARTITIONNUM","DEALLOCATE","DEC","DECIMAL","DECLARE","DEFAULT","DEFAULTS","DEFINITION","DELETE","DENSERANK","DENSE_RANK","DEREF","DESCRIBE","DESCRIPTOR","DETERMINISTIC","DIAGNOSTICS","DISABLE","DISALLOW","DISCONNECT","DISTINCT","DO","DOCUMENT","DOUBLE","DROP","DSSIZE","DYNAMIC","EACH","EDITPROC","ELEMENT","ELSE","ELSEIF","ENABLE","ENCODING","ENCRYPTION","END","END-EXEC","ENDING","ERASE","ESCAPE","EVERY","EXCEPTION","EXCLUDING","EXCLUSIVE","EXEC","EXECUTE","EXISTS","EXIT","EXP","EXPLAIN","EXTENDED","EXTERNAL","EXTRACT","FALSE","FENCED","FETCH","FIELDPROC","FILE","FILTER","FINAL","FIRST","FLOAT","FLOOR","FOR","FOREIGN","FREE","FULL","FUNCTION","FUSION","GENERAL","GENERATED","GET","GLOBAL","GOTO","GRANT","GRAPHIC","GROUP","GROUPING","HANDLER","HASH","HASHED_VALUE","HINT","HOLD","HOUR","HOURS","IDENTITY","IF","IMMEDIATE","IN","INCLUDING","INCLUSIVE","INCREMENT","INDEX","INDICATOR","INDICATORS","INF","INFINITY","INHERIT","INNER","INOUT","INSENSITIVE","INSERT","INT","INTEGER","INTEGRITY","INTERSECTION","INTERVAL","INTO","IS","ISOBID","ISOLATION","ITERATE","JAR","JAVA","KEEP","KEY","LABEL","LANGUAGE","LARGE","LATERAL","LC_CTYPE","LEADING","LEAVE","LEFT","LIKE","LINKTYPE","LN","LOCAL","LOCALDATE","LOCALE","LOCALTIME","LOCALTIMESTAMP","LOCATOR","LOCATORS","LOCK","LOCKMAX","LOCKSIZE","LONG","LOOP","LOWER","MAINTAINED","MATCH","MATERIALIZED","MAX","MAXVALUE","MEMBER","MERGE","METHOD","MICROSECOND","MICROSECONDS","MIN","MINUTE","MINUTES","MINVALUE","MOD","MODE","MODIFIES","MODULE","MONTH","MONTHS","MULTISET","NAN","NATIONAL","NATURAL","NCHAR","NCLOB","NEW","NEW_TABLE","NEXTVAL","NO","NOCACHE","NOCYCLE","NODENAME","NODENUMBER","NOMAXVALUE","NOMINVALUE","NONE","NOORDER","NORMALIZE","NORMALIZED","NOT","NULL","NULLIF","NULLS","NUMERIC","NUMPARTS","OBID","OCTET_LENGTH","OF","OFFSET","OLD","OLD_TABLE","ON","ONLY","OPEN","OPTIMIZATION","OPTIMIZE","OPTION","ORDER","OUT","OUTER","OVER","OVERLAPS","OVERLAY","OVERRIDING","PACKAGE","PADDED","PAGESIZE","PARAMETER","PART","PARTITION","PARTITIONED","PARTITIONING","PARTITIONS","PASSWORD","PATH","PERCENTILE_CONT","PERCENTILE_DISC","PERCENT_RANK","PIECESIZE","PLAN","POSITION","POWER","PRECISION","PREPARE","PREVVAL","PRIMARY","PRIQTY","PRIVILEGES","PROCEDURE","PROGRAM","PSID","PUBLIC","QUERY","QUERYNO","RANGE","RANK","READ","READS","REAL","RECOVERY","RECURSIVE","REF","REFERENCES","REFERENCING","REFRESH","REGR_AVGX","REGR_AVGY","REGR_COUNT","REGR_INTERCEPT","REGR_R2","REGR_SLOPE","REGR_SXX","REGR_SXY","REGR_SYY","RELEASE","RENAME","REPEAT","RESET","RESIGNAL","RESTART","RESTRICT","RESULT","RESULT_SET_LOCATOR","RETURN","RETURNS","REVOKE","RIGHT","ROLE","ROLLBACK","ROLLUP","ROUND_CEILING","ROUND_DOWN","ROUND_FLOOR","ROUND_HALF_DOWN","ROUND_HALF_EVEN","ROUND_HALF_UP","ROUND_UP","ROUTINE","ROW","ROWNUMBER","ROWS","ROWSET","ROW_NUMBER","RRN","RUN","SAVEPOINT","SCHEMA","SCOPE","SCRATCHPAD","SCROLL","SEARCH","SECOND","SECONDS","SECQTY","SECURITY","SENSITIVE","SEQUENCE","SESSION","SESSION_USER","SIGNAL","SIMILAR","SIMPLE","SMALLINT","SNAN","SOME","SOURCE","SPECIFIC","SPECIFICTYPE","SQL","SQLEXCEPTION","SQLID","SQLSTATE","SQLWARNING","SQRT","STACKED","STANDARD","START","STARTING","STATEMENT","STATIC","STATMENT","STAY","STDDEV_POP","STDDEV_SAMP","STOGROUP","STORES","STYLE","SUBMULTISET","SUBSTRING","SUM","SUMMARY","SYMMETRIC","SYNONYM","SYSFUN","SYSIBM","SYSPROC","SYSTEM","SYSTEM_USER","TABLE","TABLESAMPLE","TABLESPACE","THEN","TIME","TIMESTAMP","TIMEZONE_HOUR","TIMEZONE_MINUTE","TO","TRAILING","TRANSACTION","TRANSLATE","TRANSLATION","TREAT","TRIGGER","TRIM","TRUE","TRUNCATE","TYPE","UESCAPE","UNDO","UNIQUE","UNKNOWN","UNNEST","UNTIL","UPPER","USAGE","USER","USING","VALIDPROC","VALUE","VARCHAR","VARIABLE","VARIANT","VARYING","VAR_POP","VAR_SAMP","VCAT","VERSION","VIEW","VOLATILE","VOLUMES","WHEN","WHENEVER","WHILE","WIDTH_BUCKET","WINDOW","WITH","WITHIN","WITHOUT","WLM","WRITE","XMLELEMENT","XMLEXISTS","XMLNAMESPACES","YEAR","YEARS"],i=["ADD","AFTER","ALTER COLUMN","ALTER TABLE","DELETE FROM","EXCEPT","FETCH FIRST","FROM","GROUP BY","GO","HAVING","INSERT INTO","INTERSECT","LIMIT","ORDER BY","SELECT","SET CURRENT SCHEMA","SET SCHEMA","SET","UPDATE","VALUES","WHERE"],a=["INTERSECT","INTERSECT ALL","MINUS","UNION","UNION ALL"],l=["AND","CROSS JOIN","INNER JOIN","JOIN","LEFT JOIN","LEFT OUTER JOIN","OR","OUTER JOIN","RIGHT JOIN","RIGHT OUTER JOIN"]})(Iu);var Uu={};(function(e){var t=ve&&ve.__extends||function(){var h=function(d,p){return h=Object.setPrototypeOf||{__proto__:[]}instanceof Array&&function(g,y){g.__proto__=y}||function(g,y){for(var A in y)Object.prototype.hasOwnProperty.call(y,A)&&(g[A]=y[A])},h(d,p)};return function(d,p){if(typeof p!="function"&&p!==null)throw new TypeError("Class extends value "+String(p)+" is not a constructor or null");h(d,p);function g(){this.constructor=d}d.prototype=p===null?Object.create(p):(g.prototype=p.prototype,new g)}}(),s=ve&&ve.__importDefault||function(h){return h&&h.__esModule?h:{default:h}};e.__esModule=!0;var n=s(Cn),r=function(h){t(d,h);function d(){return h!==null&&h.apply(this,arguments)||this}return d.prototype.getTokenizerConfig=function(){return{reservedWords:o,reservedTopLevelWords:i,reservedNewlineWords:l,reservedTopLevelWordsNoIndent:a,stringTypes:['""',"''","``"],openParens:["(","[","{"],closeParens:[")","]","}"],namedPlaceholderTypes:["$"],lineCommentTypes:["#","--"],specialWordChars:[]}},d}(n.default);e.default=r;var o=["ALL","ALTER","ANALYZE","AND","ANY","ARRAY","AS","ASC","BEGIN","BETWEEN","BINARY","BOOLEAN","BREAK","BUCKET","BUILD","BY","CALL","CASE","CAST","CLUSTER","COLLATE","COLLECTION","COMMIT","CONNECT","CONTINUE","CORRELATE","COVER","CREATE","DATABASE","DATASET","DATASTORE","DECLARE","DECREMENT","DELETE","DERIVED","DESC","DESCRIBE","DISTINCT","DO","DROP","EACH","ELEMENT","ELSE","END","EVERY","EXCEPT","EXCLUDE","EXECUTE","EXISTS","EXPLAIN","FALSE","FETCH","FIRST","FLATTEN","FOR","FORCE","FROM","FUNCTION","GRANT","GROUP","GSI","HAVING","IF","IGNORE","ILIKE","IN","INCLUDE","INCREMENT","INDEX","INFER","INLINE","INNER","INSERT","INTERSECT","INTO","IS","JOIN","KEY","KEYS","KEYSPACE","KNOWN","LAST","LEFT","LET","LETTING","LIKE","LIMIT","LSM","MAP","MAPPING","MATCHED","MATERIALIZED","MERGE","MISSING","NAMESPACE","NEST","NOT","NULL","NUMBER","OBJECT","OFFSET","ON","OPTION","OR","ORDER","OUTER","OVER","PARSE","PARTITION","PASSWORD","PATH","POOL","PREPARE","PRIMARY","PRIVATE","PRIVILEGE","PROCEDURE","PUBLIC","RAW","REALM","REDUCE","RENAME","RETURN","RETURNING","REVOKE","RIGHT","ROLE","ROLLBACK","SATISFIES","SCHEMA","SELECT","SELF","SEMI","SET","SHOW","SOME","START","STATISTICS","STRING","SYSTEM","THEN","TO","TRANSACTION","TRIGGER","TRUE","TRUNCATE","UNDER","UNION","UNIQUE","UNKNOWN","UNNEST","UNSET","UPDATE","UPSERT","USE","USER","USING","VALIDATE","VALUE","VALUED","VALUES","VIA","VIEW","WHEN","WHERE","WHILE","WITH","WITHIN","WORK","XOR"],i=["DELETE FROM","EXCEPT ALL","EXCEPT","EXPLAIN DELETE FROM","EXPLAIN UPDATE","EXPLAIN UPSERT","FROM","GROUP BY","HAVING","INFER","INSERT INTO","LET","LIMIT","MERGE","NEST","ORDER BY","PREPARE","SELECT","SET CURRENT SCHEMA","SET SCHEMA","SET","UNNEST","UPDATE","UPSERT","USE KEYS","VALUES","WHERE"],a=["INTERSECT","INTERSECT ALL","MINUS","UNION","UNION ALL"],l=["AND","INNER JOIN","JOIN","LEFT JOIN","LEFT OUTER JOIN","OR","OUTER JOIN","RIGHT JOIN","RIGHT OUTER JOIN","XOR"]})(Uu);var Fu={};(function(e){var t=ve&&ve.__extends||function(){var d=function(p,g){return d=Object.setPrototypeOf||{__proto__:[]}instanceof Array&&function(y,A){y.__proto__=A}||function(y,A){for(var k in A)Object.prototype.hasOwnProperty.call(A,k)&&(y[k]=A[k])},d(p,g)};return function(p,g){if(typeof g!="function"&&g!==null)throw new TypeError("Class extends value "+String(g)+" is not a constructor or null");d(p,g);function y(){this.constructor=p}p.prototype=g===null?Object.create(g):(y.prototype=g.prototype,new y)}}(),s=ve&&ve.__importDefault||function(d){return d&&d.__esModule?d:{default:d}};e.__esModule=!0;var n=s(Cn),r=An,o=function(d){t(p,d);function p(){var g=d!==null&&d.apply(this,arguments)||this;return g.tokenOverride=function(y,A){if(y.type===r.TokenTypes.RESERVED_TOP_LEVEL&&A.value&&y.value.toUpperCase()==="SET"&&A.value.toUpperCase()==="BY")return y.type=r.TokenTypes.RESERVED,y},g}return p.prototype.getTokenizerConfig=function(){return{reservedWords:i,reservedTopLevelWords:a,reservedNewlineWords:h,reservedTopLevelWordsNoIndent:l,stringTypes:['""',"N''","''","``"],openParens:["(","CASE"],closeParens:[")","END"],indexedPlaceholderTypes:["?"],namedPlaceholderTypes:[":"],lineCommentTypes:["--"],specialWordChars:["_","$","#",".","@"]}},p}(n.default);e.default=o;var i=["A","ACCESSIBLE","AGENT","AGGREGATE","ALL","ALTER","ANY","ARRAY","AS","ASC","AT","ATTRIBUTE","AUTHID","AVG","BETWEEN","BFILE_BASE","BINARY_INTEGER","BINARY","BLOB_BASE","BLOCK","BODY","BOOLEAN","BOTH","BOUND","BREADTH","BULK","BY","BYTE","C","CALL","CALLING","CASCADE","CASE","CHAR_BASE","CHAR","CHARACTER","CHARSET","CHARSETFORM","CHARSETID","CHECK","CLOB_BASE","CLONE","CLOSE","CLUSTER","CLUSTERS","COALESCE","COLAUTH","COLLECT","COLUMNS","COMMENT","COMMIT","COMMITTED","COMPILED","COMPRESS","CONNECT","CONSTANT","CONSTRUCTOR","CONTEXT","CONTINUE","CONVERT","COUNT","CRASH","CREATE","CREDENTIAL","CURRENT","CURRVAL","CURSOR","CUSTOMDATUM","DANGLING","DATA","DATE_BASE","DATE","DAY","DECIMAL","DEFAULT","DEFINE","DELETE","DEPTH","DESC","DETERMINISTIC","DIRECTORY","DISTINCT","DO","DOUBLE","DROP","DURATION","ELEMENT","ELSIF","EMPTY","END","ESCAPE","EXCEPTIONS","EXCLUSIVE","EXECUTE","EXISTS","EXIT","EXTENDS","EXTERNAL","EXTRACT","FALSE","FETCH","FINAL","FIRST","FIXED","FLOAT","FOR","FORALL","FORCE","FROM","FUNCTION","GENERAL","GOTO","GRANT","GROUP","HASH","HEAP","HIDDEN","HOUR","IDENTIFIED","IF","IMMEDIATE","IN","INCLUDING","INDEX","INDEXES","INDICATOR","INDICES","INFINITE","INSTANTIABLE","INT","INTEGER","INTERFACE","INTERVAL","INTO","INVALIDATE","IS","ISOLATION","JAVA","LANGUAGE","LARGE","LEADING","LENGTH","LEVEL","LIBRARY","LIKE","LIKE2","LIKE4","LIKEC","LIMITED","LOCAL","LOCK","LONG","MAP","MAX","MAXLEN","MEMBER","MERGE","MIN","MINUTE","MLSLABEL","MOD","MODE","MONTH","MULTISET","NAME","NAN","NATIONAL","NATIVE","NATURAL","NATURALN","NCHAR","NEW","NEXTVAL","NOCOMPRESS","NOCOPY","NOT","NOWAIT","NULL","NULLIF","NUMBER_BASE","NUMBER","OBJECT","OCICOLL","OCIDATE","OCIDATETIME","OCIDURATION","OCIINTERVAL","OCILOBLOCATOR","OCINUMBER","OCIRAW","OCIREF","OCIREFCURSOR","OCIROWID","OCISTRING","OCITYPE","OF","OLD","ON","ONLY","OPAQUE","OPEN","OPERATOR","OPTION","ORACLE","ORADATA","ORDER","ORGANIZATION","ORLANY","ORLVARY","OTHERS","OUT","OVERLAPS","OVERRIDING","PACKAGE","PARALLEL_ENABLE","PARAMETER","PARAMETERS","PARENT","PARTITION","PASCAL","PCTFREE","PIPE","PIPELINED","PLS_INTEGER","PLUGGABLE","POSITIVE","POSITIVEN","PRAGMA","PRECISION","PRIOR","PRIVATE","PROCEDURE","PUBLIC","RAISE","RANGE","RAW","READ","REAL","RECORD","REF","REFERENCE","RELEASE","RELIES_ON","REM","REMAINDER","RENAME","RESOURCE","RESULT_CACHE","RESULT","RETURN","RETURNING","REVERSE","REVOKE","ROLLBACK","ROW","ROWID","ROWNUM","ROWTYPE","SAMPLE","SAVE","SAVEPOINT","SB1","SB2","SB4","SEARCH","SECOND","SEGMENT","SELF","SEPARATE","SEQUENCE","SERIALIZABLE","SHARE","SHORT","SIZE_T","SIZE","SMALLINT","SOME","SPACE","SPARSE","SQL","SQLCODE","SQLDATA","SQLERRM","SQLNAME","SQLSTATE","STANDARD","START","STATIC","STDDEV","STORED","STRING","STRUCT","STYLE","SUBMULTISET","SUBPARTITION","SUBSTITUTABLE","SUBTYPE","SUCCESSFUL","SUM","SYNONYM","SYSDATE","TABAUTH","TABLE","TDO","THE","THEN","TIME","TIMESTAMP","TIMEZONE_ABBR","TIMEZONE_HOUR","TIMEZONE_MINUTE","TIMEZONE_REGION","TO","TRAILING","TRANSACTION","TRANSACTIONAL","TRIGGER","TRUE","TRUSTED","TYPE","UB1","UB2","UB4","UID","UNDER","UNIQUE","UNPLUG","UNSIGNED","UNTRUSTED","USE","USER","USING","VALIDATE","VALIST","VALUE","VARCHAR","VARCHAR2","VARIABLE","VARIANCE","VARRAY","VARYING","VIEW","VIEWS","VOID","WHENEVER","WHILE","WITH","WORK","WRAPPED","WRITE","YEAR","ZONE"],a=["ADD","ALTER COLUMN","ALTER TABLE","BEGIN","CONNECT BY","DECLARE","DELETE FROM","DELETE","END","EXCEPT","EXCEPTION","FETCH FIRST","FROM","GROUP BY","HAVING","INSERT INTO","INSERT","LIMIT","LOOP","MODIFY","ORDER BY","SELECT","SET CURRENT SCHEMA","SET SCHEMA","SET","START WITH","UPDATE","VALUES","WHERE"],l=["INTERSECT","INTERSECT ALL","MINUS","UNION","UNION ALL"],h=["AND","CROSS APPLY","CROSS JOIN","ELSE","END","INNER JOIN","JOIN","LEFT JOIN","LEFT OUTER JOIN","OR","OUTER APPLY","OUTER JOIN","RIGHT JOIN","RIGHT OUTER JOIN","WHEN","XOR"]})(Fu);var Hu={};(function(e){var t=ve&&ve.__extends||function(){var h=function(d,p){return h=Object.setPrototypeOf||{__proto__:[]}instanceof Array&&function(g,y){g.__proto__=y}||function(g,y){for(var A in y)Object.prototype.hasOwnProperty.call(y,A)&&(g[A]=y[A])},h(d,p)};return function(d,p){if(typeof p!="function"&&p!==null)throw new TypeError("Class extends value "+String(p)+" is not a constructor or null");h(d,p);function g(){this.constructor=d}d.prototype=p===null?Object.create(p):(g.prototype=p.prototype,new g)}}(),s=ve&&ve.__importDefault||function(h){return h&&h.__esModule?h:{default:h}};e.__esModule=!0;var n=s(Cn),r=function(h){t(d,h);function d(){return h!==null&&h.apply(this,arguments)||this}return d.prototype.getTokenizerConfig=function(){return{reservedWords:o,reservedTopLevelWords:i,reservedNewlineWords:l,reservedTopLevelWordsNoIndent:a,stringTypes:['""',"N''","''","``","[]","E''"],openParens:["(","CASE"],closeParens:[")","END"],indexedPlaceholderTypes:["?"],namedPlaceholderTypes:["@",":","%","$"],lineCommentTypes:["#","--"],specialWordChars:[]}},d}(n.default);e.default=r;var o=["ACCESSIBLE","ACTION","AGAINST","AGGREGATE","ALGORITHM","ALL","ALTER","ANALYSE","ANALYZE","AS","ASC","AUTOCOMMIT","AUTO_INCREMENT","BACKUP","BEGIN","BETWEEN","BINLOG","BOTH","CASCADE","CASE","CHANGE","CHANGED","CHARACTER SET","CHARSET","CHECK","CHECKSUM","COLLATE","COLLATION","COLUMN","COLUMNS","COMMENT","COMMIT","COMMITTED","COMPRESSED","CONCURRENT","CONSTRAINT","CONTAINS","CONVERT","COUNT","CREATE","CROSS","CURRENT_TIMESTAMP","DATABASE","DATABASES","DAY_HOUR","DAY_MINUTE","DAY_SECOND","DAY","DEFAULT","DEFINER","DELAYED","DELETE","DESC","DESCRIBE","DETERMINISTIC","DISTINCT","DISTINCTROW","DIV","DO","DROP","DUMPFILE","DUPLICATE","DYNAMIC","ELSE","ENCLOSED","END","ENGINE","ENGINES","ENGINE_TYPE","ESCAPE","ESCAPED","EVENTS","EXEC","EXECUTE","EXISTS","EXPLAIN","EXTENDED","FAST","FETCH","FIELDS","FILE","FIRST","FIXED","FLUSH","FOR","FORCE","FOREIGN","FULL","FULLTEXT","FUNCTION","GLOBAL","GRANTS","GROUP_CONCAT","HEAP","HIGH_PRIORITY","HOSTS","HOUR","HOUR_MINUTE","HOUR_SECOND","IDENTIFIED","IF","IFNULL","IGNORE","IN","INDEX","INDEXES","INFILE","INSERT","INSERT_ID","INSERT_METHOD","INTERVAL","INTO","INVOKER","IS","ISOLATION","KEY","KEYS","KILL","LAST_INSERT_ID","LEADING","LEVEL","LIKE","LINEAR","LINES","LOAD","LOCAL","LOCK","LOCKS","LOGS","LOW_PRIORITY","MARIA","MASTER","MASTER_CONNECT_RETRY","MASTER_HOST","MASTER_LOG_FILE","MATCH","MAX_CONNECTIONS_PER_HOUR","MAX_QUERIES_PER_HOUR","MAX_ROWS","MAX_UPDATES_PER_HOUR","MAX_USER_CONNECTIONS","MEDIUM","MERGE","MINUTE","MINUTE_SECOND","MIN_ROWS","MODE","MONTH","MRG_MYISAM","MYISAM","NAMES","NATURAL","NOT","NOW()","NULL","OFFSET","ON DELETE","ON UPDATE","ON","ONLY","OPEN","OPTIMIZE","OPTION","OPTIONALLY","OUTFILE","PACK_KEYS","PAGE","PARTIAL","PARTITION","PARTITIONS","PASSWORD","PRIMARY","PRIVILEGES","PROCEDURE","PROCESS","PROCESSLIST","PURGE","QUICK","RAID0","RAID_CHUNKS","RAID_CHUNKSIZE","RAID_TYPE","RANGE","READ","READ_ONLY","READ_WRITE","REFERENCES","REGEXP","RELOAD","RENAME","REPAIR","REPEATABLE","REPLACE","REPLICATION","RESET","RESTORE","RESTRICT","RETURN","RETURNS","REVOKE","RLIKE","ROLLBACK","ROW","ROWS","ROW_FORMAT","SECOND","SECURITY","SEPARATOR","SERIALIZABLE","SESSION","SHARE","SHOW","SHUTDOWN","SLAVE","SONAME","SOUNDS","SQL","SQL_AUTO_IS_NULL","SQL_BIG_RESULT","SQL_BIG_SELECTS","SQL_BIG_TABLES","SQL_BUFFER_RESULT","SQL_CACHE","SQL_CALC_FOUND_ROWS","SQL_LOG_BIN","SQL_LOG_OFF","SQL_LOG_UPDATE","SQL_LOW_PRIORITY_UPDATES","SQL_MAX_JOIN_SIZE","SQL_NO_CACHE","SQL_QUOTE_SHOW_CREATE","SQL_SAFE_UPDATES","SQL_SELECT_LIMIT","SQL_SLAVE_SKIP_COUNTER","SQL_SMALL_RESULT","SQL_WARNINGS","START","STARTING","STATUS","STOP","STORAGE","STRAIGHT_JOIN","STRING","STRIPED","SUPER","TABLE","TABLES","TEMPORARY","TERMINATED","THEN","TO","TRAILING","TRANSACTIONAL","TRIGGER","TRUE","TRUNCATE","TYPE","TYPES","UNCOMMITTED","UNIQUE","UNLOCK","UNSIGNED","USAGE","USE","USING","VARIABLES","VIEW","WHEN","WITH","WORK","WRITE","YEAR_MONTH"],i=["ADD","AFTER","ALTER COLUMN","ALTER TABLE","CREATE OR REPLACE","DECLARE","DELETE FROM","EXCEPT","FETCH FIRST","FROM","GO","GRANT","GROUP BY","HAVING","INSERT INTO","INSERT","LIMIT","MODIFY","ORDER BY","RETURNING","SELECT","SET CURRENT SCHEMA","SET SCHEMA","SET","UPDATE","VALUES","WHERE"],a=["INTERSECT ALL","INTERSECT","MINUS","UNION ALL","UNION"],l=["AND","CROSS APPLY","CROSS JOIN","ELSE","INNER JOIN","FULL JOIN","FULL OUTER JOIN","LEFT JOIN","LEFT OUTER JOIN","NATURAL JOIN","OR","OUTER APPLY","OUTER JOIN","RENAME","RIGHT JOIN","RIGHT OUTER JOIN","JOIN","WHEN","XOR"]})(Hu);(function(e){var t=ve&&ve.__importDefault||function(l){return l&&l.__esModule?l:{default:l}};e.__esModule=!0,e.tokenize=e.format=void 0;var s=t(Iu),n=t(Uu),r=t(Fu),o=t(Hu),i=function(l,h){switch(h===void 0&&(h={}),h.language){case"db2":return new s.default(h).format(l);case"n1ql":return new n.default(h).format(l);case"pl/sql":return new r.default(h).format(l);case"sql":default:return new o.default(h).format(l)}};e.format=i;var a=function(l,h){return h===void 0&&(h={}),new o.default(h).tokenize(l)};e.tokenize=a,e.default={format:e.format,tokenize:e.tokenize}})(Ou);const Dde=qs(Ou);var Bu={exports:{}},Ks={exports:{}};/*! https://mths.be/punycode v1.4.0 by @mathias */Ks.exports;var dl;function Pde(){return dl||(dl=1,function(e,t){(function(s){var n=t&&!t.nodeType&&t,r=e&&!e.nodeType&&e,o=typeof ve=="object"&&ve;(o.global===o||o.window===o||o.self===o)&&(s=o);var i,a=2147483647,l=36,h=1,d=26,p=38,g=700,y=72,A=128,k="-",j=/^xn--/,W=/[^\x20-\x7E]/,C=/[\x2E\u3002\uFF0E\uFF61]/g,R={overflow:"Overflow: input needs wider integers to process","not-basic":"Illegal input >= 0x80 (not a basic code point)","invalid-input":"Invalid input"},O=l-h,q=Math.floor,L=String.fromCharCode,Q;function oe(H){throw new RangeError(R[H])}function P(H,Z){for(var ae=H.length,Se=[];ae--;)Se[ae]=Z(H[ae]);return Se}function V(H,Z){var ae=H.split("@"),Se="";ae.length>1&&(Se=ae[0]+"@",H=ae[1]),H=H.replace(C,".");var ye=H.split("."),Ee=P(ye,Z).join(".");return Se+Ee}function F(H){for(var Z=[],ae=0,Se=H.length,ye,Ee;ae<Se;)ye=H.charCodeAt(ae++),ye>=55296&&ye<=56319&&ae<Se?(Ee=H.charCodeAt(ae++),(Ee&64512)==56320?Z.push(((ye&1023)<<10)+(Ee&1023)+65536):(Z.push(ye),ae--)):Z.push(ye);return Z}function M(H){return P(H,function(Z){var ae="";return Z>65535&&(Z-=65536,ae+=L(Z>>>10&1023|55296),Z=56320|Z&1023),ae+=L(Z),ae}).join("")}function c(H){return H-48<10?H-22:H-65<26?H-65:H-97<26?H-97:l}function m(H,Z){return H+22+75*(H<26)-((Z!=0)<<5)}function b(H,Z,ae){var Se=0;for(H=ae?q(H/g):H>>1,H+=q(H/Z);H>O*d>>1;Se+=l)H=q(H/O);return q(Se+(O+1)*H/(H+p))}function _(H){var Z=[],ae=H.length,Se,ye=0,Ee=A,Te=y,Ne,Pe,De,Ue,qe,Ve,w,S,x;for(Ne=H.lastIndexOf(k),Ne<0&&(Ne=0),Pe=0;Pe<Ne;++Pe)H.charCodeAt(Pe)>=128&&oe("not-basic"),Z.push(H.charCodeAt(Pe));for(De=Ne>0?Ne+1:0;De<ae;){for(Ue=ye,qe=1,Ve=l;De>=ae&&oe("invalid-input"),w=c(H.charCodeAt(De++)),(w>=l||w>q((a-ye)/qe))&&oe("overflow"),ye+=w*qe,S=Ve<=Te?h:Ve>=Te+d?d:Ve-Te,!(w<S);Ve+=l)x=l-S,qe>q(a/x)&&oe("overflow"),qe*=x;Se=Z.length+1,Te=b(ye-Ue,Se,Ue==0),q(ye/Se)>a-Ee&&oe("overflow"),Ee+=q(ye/Se),ye%=Se,Z.splice(ye++,0,Ee)}return M(Z)}function N(H){var Z,ae,Se,ye,Ee,Te,Ne,Pe,De,Ue,qe,Ve=[],w,S,x,Y;for(H=F(H),w=H.length,Z=A,ae=0,Ee=y,Te=0;Te<w;++Te)qe=H[Te],qe<128&&Ve.push(L(qe));for(Se=ye=Ve.length,ye&&Ve.push(k);Se<w;){for(Ne=a,Te=0;Te<w;++Te)qe=H[Te],qe>=Z&&qe<Ne&&(Ne=qe);for(S=Se+1,Ne-Z>q((a-ae)/S)&&oe("overflow"),ae+=(Ne-Z)*S,Z=Ne,Te=0;Te<w;++Te)if(qe=H[Te],qe<Z&&++ae>a&&oe("overflow"),qe==Z){for(Pe=ae,De=l;Ue=De<=Ee?h:De>=Ee+d?d:De-Ee,!(Pe<Ue);De+=l)Y=Pe-Ue,x=l-Ue,Ve.push(L(m(Ue+Y%x,0))),Pe=q(Y/x);Ve.push(L(m(Pe,0))),Ee=b(ae,S,Se==ye),ae=0,++Se}++ae,++Z}return Ve.join("")}function I(H){return V(H,function(Z){return j.test(Z)?_(Z.slice(4).toLowerCase()):Z})}function U(H){return V(H,function(Z){return W.test(Z)?"xn--"+N(Z):Z})}if(i={version:"1.3.2",ucs2:{decode:F,encode:M},decode:_,encode:N,toASCII:U,toUnicode:I},n&&r)if(e.exports==n)r.exports=i;else for(Q in i)i.hasOwnProperty(Q)&&(n[Q]=i[Q]);else s.punycode=i})(ve)}(Ks,Ks.exports)),Ks.exports}var xo={exports:{}};/*!
 * URI.js - Mutating URLs
 * IPv6 Support
 *
 * Version: 1.19.11
 *
 * Author: Rodney Rehm
 * Web: http://medialize.github.io/URI.js/
 *
 * Licensed under
 *   MIT License http://www.opensource.org/licenses/mit-license
 *
 */var hl;function xde(){return hl||(hl=1,function(e){(function(t,s){e.exports?e.exports=s():t.IPv6=s(t)})(ve,function(t){var s=t&&t.IPv6;function n(o){var i=o.toLowerCase(),a=i.split(":"),l=a.length,h=8;a[0]===""&&a[1]===""&&a[2]===""?(a.shift(),a.shift()):a[0]===""&&a[1]===""?a.shift():a[l-1]===""&&a[l-2]===""&&a.pop(),l=a.length,a[l-1].indexOf(".")!==-1&&(h=7);var d;for(d=0;d<l&&a[d]!=="";d++);if(d<h)for(a.splice(d,1,"0000");a.length<h;)a.splice(d,0,"0000");for(var p,g=0;g<h;g++){p=a[g].split("");for(var y=0;y<3&&(p[0]==="0"&&p.length>1);y++)p.splice(0,1);a[g]=p.join("")}var A=-1,k=0,j=0,W=-1,C=!1;for(g=0;g<h;g++)C?a[g]==="0"?j+=1:(C=!1,j>k&&(A=W,k=j)):a[g]==="0"&&(C=!0,W=g,j=1);j>k&&(A=W,k=j),k>1&&a.splice(A,k,""),l=a.length;var R="";for(a[0]===""&&(R=":"),g=0;g<l&&(R+=a[g],g!==l-1);g++)R+=":";return a[l-1]===""&&(R+=":"),R}function r(){return t.IPv6===this&&(t.IPv6=s),this}return{best:n,noConflict:r}})}(xo)),xo.exports}var Mo={exports:{}};/*!
 * URI.js - Mutating URLs
 * Second Level Domain (SLD) Support
 *
 * Version: 1.19.11
 *
 * Author: Rodney Rehm
 * Web: http://medialize.github.io/URI.js/
 *
 * Licensed under
 *   MIT License http://www.opensource.org/licenses/mit-license
 *
 */var fl;function Mde(){return fl||(fl=1,function(e){(function(t,s){e.exports?e.exports=s():t.SecondLevelDomains=s(t)})(ve,function(t){var s=t&&t.SecondLevelDomains,n={list:{ac:" com gov mil net org ",ae:" ac co gov mil name net org pro sch ",af:" com edu gov net org ",al:" com edu gov mil net org ",ao:" co ed gv it og pb ",ar:" com edu gob gov int mil net org tur ",at:" ac co gv or ",au:" asn com csiro edu gov id net org ",ba:" co com edu gov mil net org rs unbi unmo unsa untz unze ",bb:" biz co com edu gov info net org store tv ",bh:" biz cc com edu gov info net org ",bn:" com edu gov net org ",bo:" com edu gob gov int mil net org tv ",br:" adm adv agr am arq art ato b bio blog bmd cim cng cnt com coop ecn edu eng esp etc eti far flog fm fnd fot fst g12 ggf gov imb ind inf jor jus lel mat med mil mus net nom not ntr odo org ppg pro psc psi qsl rec slg srv tmp trd tur tv vet vlog wiki zlg ",bs:" com edu gov net org ",bz:" du et om ov rg ",ca:" ab bc mb nb nf nl ns nt nu on pe qc sk yk ",ck:" biz co edu gen gov info net org ",cn:" ac ah bj com cq edu fj gd gov gs gx gz ha hb he hi hl hn jl js jx ln mil net nm nx org qh sc sd sh sn sx tj tw xj xz yn zj ",co:" com edu gov mil net nom org ",cr:" ac c co ed fi go or sa ",cy:" ac biz com ekloges gov ltd name net org parliament press pro tm ",do:" art com edu gob gov mil net org sld web ",dz:" art asso com edu gov net org pol ",ec:" com edu fin gov info med mil net org pro ",eg:" com edu eun gov mil name net org sci ",er:" com edu gov ind mil net org rochest w ",es:" com edu gob nom org ",et:" biz com edu gov info name net org ",fj:" ac biz com info mil name net org pro ",fk:" ac co gov net nom org ",fr:" asso com f gouv nom prd presse tm ",gg:" co net org ",gh:" com edu gov mil org ",gn:" ac com gov net org ",gr:" com edu gov mil net org ",gt:" com edu gob ind mil net org ",gu:" com edu gov net org ",hk:" com edu gov idv net org ",hu:" 2000 agrar bolt casino city co erotica erotika film forum games hotel info ingatlan jogasz konyvelo lakas media news org priv reklam sex shop sport suli szex tm tozsde utazas video ",id:" ac co go mil net or sch web ",il:" ac co gov idf k12 muni net org ",in:" ac co edu ernet firm gen gov i ind mil net nic org res ",iq:" com edu gov i mil net org ",ir:" ac co dnssec gov i id net org sch ",it:" edu gov ",je:" co net org ",jo:" com edu gov mil name net org sch ",jp:" ac ad co ed go gr lg ne or ",ke:" ac co go info me mobi ne or sc ",kh:" com edu gov mil net org per ",ki:" biz com de edu gov info mob net org tel ",km:" asso com coop edu gouv k medecin mil nom notaires pharmaciens presse tm veterinaire ",kn:" edu gov net org ",kr:" ac busan chungbuk chungnam co daegu daejeon es gangwon go gwangju gyeongbuk gyeonggi gyeongnam hs incheon jeju jeonbuk jeonnam k kg mil ms ne or pe re sc seoul ulsan ",kw:" com edu gov net org ",ky:" com edu gov net org ",kz:" com edu gov mil net org ",lb:" com edu gov net org ",lk:" assn com edu gov grp hotel int ltd net ngo org sch soc web ",lr:" com edu gov net org ",lv:" asn com conf edu gov id mil net org ",ly:" com edu gov id med net org plc sch ",ma:" ac co gov m net org press ",mc:" asso tm ",me:" ac co edu gov its net org priv ",mg:" com edu gov mil nom org prd tm ",mk:" com edu gov inf name net org pro ",ml:" com edu gov net org presse ",mn:" edu gov org ",mo:" com edu gov net org ",mt:" com edu gov net org ",mv:" aero biz com coop edu gov info int mil museum name net org pro ",mw:" ac co com coop edu gov int museum net org ",mx:" com edu gob net org ",my:" com edu gov mil name net org sch ",nf:" arts com firm info net other per rec store web ",ng:" biz com edu gov mil mobi name net org sch ",ni:" ac co com edu gob mil net nom org ",np:" com edu gov mil net org ",nr:" biz com edu gov info net org ",om:" ac biz co com edu gov med mil museum net org pro sch ",pe:" com edu gob mil net nom org sld ",ph:" com edu gov i mil net ngo org ",pk:" biz com edu fam gob gok gon gop gos gov net org web ",pl:" art bialystok biz com edu gda gdansk gorzow gov info katowice krakow lodz lublin mil net ngo olsztyn org poznan pwr radom slupsk szczecin torun warszawa waw wroc wroclaw zgora ",pr:" ac biz com edu est gov info isla name net org pro prof ",ps:" com edu gov net org plo sec ",pw:" belau co ed go ne or ",ro:" arts com firm info nom nt org rec store tm www ",rs:" ac co edu gov in org ",sb:" com edu gov net org ",sc:" com edu gov net org ",sh:" co com edu gov net nom org ",sl:" com edu gov net org ",st:" co com consulado edu embaixada gov mil net org principe saotome store ",sv:" com edu gob org red ",sz:" ac co org ",tr:" av bbs bel biz com dr edu gen gov info k12 name net org pol tel tsk tv web ",tt:" aero biz cat co com coop edu gov info int jobs mil mobi museum name net org pro tel travel ",tw:" club com ebiz edu game gov idv mil net org ",mu:" ac co com gov net or org ",mz:" ac co edu gov org ",na:" co com ",nz:" ac co cri geek gen govt health iwi maori mil net org parliament school ",pa:" abo ac com edu gob ing med net nom org sld ",pt:" com edu gov int net nome org publ ",py:" com edu gov mil net org ",qa:" com edu gov mil net org ",re:" asso com nom ",ru:" ac adygeya altai amur arkhangelsk astrakhan bashkiria belgorod bir bryansk buryatia cbg chel chelyabinsk chita chukotka chuvashia com dagestan e-burg edu gov grozny int irkutsk ivanovo izhevsk jar joshkar-ola kalmykia kaluga kamchatka karelia kazan kchr kemerovo khabarovsk khakassia khv kirov koenig komi kostroma kranoyarsk kuban kurgan kursk lipetsk magadan mari mari-el marine mil mordovia mosreg msk murmansk nalchik net nnov nov novosibirsk nsk omsk orenburg org oryol penza perm pp pskov ptz rnd ryazan sakhalin samara saratov simbirsk smolensk spb stavropol stv surgut tambov tatarstan tom tomsk tsaritsyn tsk tula tuva tver tyumen udm udmurtia ulan-ude vladikavkaz vladimir vladivostok volgograd vologda voronezh vrn vyatka yakutia yamal yekaterinburg yuzhno-sakhalinsk ",rw:" ac co com edu gouv gov int mil net ",sa:" com edu gov med net org pub sch ",sd:" com edu gov info med net org tv ",se:" a ac b bd c d e f g h i k l m n o org p parti pp press r s t tm u w x y z ",sg:" com edu gov idn net org per ",sn:" art com edu gouv org perso univ ",sy:" com edu gov mil net news org ",th:" ac co go in mi net or ",tj:" ac biz co com edu go gov info int mil name net nic org test web ",tn:" agrinet com defense edunet ens fin gov ind info intl mincom nat net org perso rnrt rns rnu tourism ",tz:" ac co go ne or ",ua:" biz cherkassy chernigov chernovtsy ck cn co com crimea cv dn dnepropetrovsk donetsk dp edu gov if in ivano-frankivsk kh kharkov kherson khmelnitskiy kiev kirovograd km kr ks kv lg lugansk lutsk lviv me mk net nikolaev od odessa org pl poltava pp rovno rv sebastopol sumy te ternopil uzhgorod vinnica vn zaporizhzhe zhitomir zp zt ",ug:" ac co go ne or org sc ",uk:" ac bl british-library co cym gov govt icnet jet lea ltd me mil mod national-library-scotland nel net nhs nic nls org orgn parliament plc police sch scot soc ",us:" dni fed isa kids nsn ",uy:" com edu gub mil net org ",ve:" co com edu gob info mil net org web ",vi:" co com k12 net org ",vn:" ac biz com edu gov health info int name net org pro ",ye:" co com gov ltd me net org plc ",yu:" ac co edu gov org ",za:" ac agric alt bourse city co cybernet db edu gov grondar iaccess imt inca landesign law mil net ngo nis nom olivetti org pix school tm web ",zm:" ac co com edu gov net org sch ",com:"ar br cn de eu gb gr hu jpn kr no qc ru sa se uk us uy za ",net:"gb jp se uk ",org:"ae",de:"com "},has:function(r){var o=r.lastIndexOf(".");if(o<=0||o>=r.length-1)return!1;var i=r.lastIndexOf(".",o-1);if(i<=0||i>=o-1)return!1;var a=n.list[r.slice(o+1)];return a?a.indexOf(" "+r.slice(i+1,o)+" ")>=0:!1},is:function(r){var o=r.lastIndexOf(".");if(o<=0||o>=r.length-1)return!1;var i=r.lastIndexOf(".",o-1);if(i>=0)return!1;var a=n.list[r.slice(o+1)];return a?a.indexOf(" "+r.slice(0,o)+" ")>=0:!1},get:function(r){var o=r.lastIndexOf(".");if(o<=0||o>=r.length-1)return null;var i=r.lastIndexOf(".",o-1);if(i<=0||i>=o-1)return null;var a=n.list[r.slice(o+1)];return!a||a.indexOf(" "+r.slice(i+1,o)+" ")<0?null:r.slice(i+1)},noConflict:function(){return t.SecondLevelDomains===this&&(t.SecondLevelDomains=s),this}};return n})}(Mo)),Mo.exports}/*!
 * URI.js - Mutating URLs
 *
 * Version: 1.19.11
 *
 * Author: Rodney Rehm
 * Web: http://medialize.github.io/URI.js/
 *
 * Licensed under
 *   MIT License http://www.opensource.org/licenses/mit-license
 *
 */(function(e){(function(t,s){e.exports?e.exports=s(Pde(),xde(),Mde()):t.URI=s(t.punycode,t.IPv6,t.SecondLevelDomains,t)})(ve,function(t,s,n,r){var o=r&&r.URI;function i(c,m){var b=arguments.length>=1,_=arguments.length>=2;if(!(this instanceof i))return b?_?new i(c,m):new i(c):new i;if(c===void 0){if(b)throw new TypeError("undefined is not a valid argument for URI");typeof location<"u"?c=location.href+"":c=""}if(c===null&&b)throw new TypeError("null is not a valid argument for URI");return this.href(c),m!==void 0?this.absoluteTo(m):this}function a(c){return/^[0-9]+$/.test(c)}i.version="1.19.11";var l=i.prototype,h=Object.prototype.hasOwnProperty;function d(c){return c.replace(/([.*+?^=!:${}()|[\]\/\\])/g,"\\$1")}function p(c){return c===void 0?"Undefined":String(Object.prototype.toString.call(c)).slice(8,-1)}function g(c){return p(c)==="Array"}function y(c,m){var b={},_,N;if(p(m)==="RegExp")b=null;else if(g(m))for(_=0,N=m.length;_<N;_++)b[m[_]]=!0;else b[m]=!0;for(_=0,N=c.length;_<N;_++){var I=b&&b[c[_]]!==void 0||!b&&m.test(c[_]);I&&(c.splice(_,1),N--,_--)}return c}function A(c,m){var b,_;if(g(m)){for(b=0,_=m.length;b<_;b++)if(!A(c,m[b]))return!1;return!0}var N=p(m);for(b=0,_=c.length;b<_;b++)if(N==="RegExp"){if(typeof c[b]=="string"&&c[b].match(m))return!0}else if(c[b]===m)return!0;return!1}function k(c,m){if(!g(c)||!g(m)||c.length!==m.length)return!1;c.sort(),m.sort();for(var b=0,_=c.length;b<_;b++)if(c[b]!==m[b])return!1;return!0}function j(c){var m=/^\/+|\/+$/g;return c.replace(m,"")}i._parts=function(){return{protocol:null,username:null,password:null,hostname:null,urn:null,port:null,path:null,query:null,fragment:null,preventInvalidHostname:i.preventInvalidHostname,duplicateQueryParameters:i.duplicateQueryParameters,escapeQuerySpace:i.escapeQuerySpace}},i.preventInvalidHostname=!1,i.duplicateQueryParameters=!1,i.escapeQuerySpace=!0,i.protocol_expression=/^[a-z][a-z0-9.+-]*$/i,i.idn_expression=/[^a-z0-9\._-]/i,i.punycode_expression=/(xn--)/i,i.ip4_expression=/^\d{1,3}\.\d{1,3}\.\d{1,3}\.\d{1,3}$/,i.ip6_expression=/^\s*((([0-9A-Fa-f]{1,4}:){7}([0-9A-Fa-f]{1,4}|:))|(([0-9A-Fa-f]{1,4}:){6}(:[0-9A-Fa-f]{1,4}|((25[0-5]|2[0-4]\d|1\d\d|[1-9]?\d)(\.(25[0-5]|2[0-4]\d|1\d\d|[1-9]?\d)){3})|:))|(([0-9A-Fa-f]{1,4}:){5}(((:[0-9A-Fa-f]{1,4}){1,2})|:((25[0-5]|2[0-4]\d|1\d\d|[1-9]?\d)(\.(25[0-5]|2[0-4]\d|1\d\d|[1-9]?\d)){3})|:))|(([0-9A-Fa-f]{1,4}:){4}(((:[0-9A-Fa-f]{1,4}){1,3})|((:[0-9A-Fa-f]{1,4})?:((25[0-5]|2[0-4]\d|1\d\d|[1-9]?\d)(\.(25[0-5]|2[0-4]\d|1\d\d|[1-9]?\d)){3}))|:))|(([0-9A-Fa-f]{1,4}:){3}(((:[0-9A-Fa-f]{1,4}){1,4})|((:[0-9A-Fa-f]{1,4}){0,2}:((25[0-5]|2[0-4]\d|1\d\d|[1-9]?\d)(\.(25[0-5]|2[0-4]\d|1\d\d|[1-9]?\d)){3}))|:))|(([0-9A-Fa-f]{1,4}:){2}(((:[0-9A-Fa-f]{1,4}){1,5})|((:[0-9A-Fa-f]{1,4}){0,3}:((25[0-5]|2[0-4]\d|1\d\d|[1-9]?\d)(\.(25[0-5]|2[0-4]\d|1\d\d|[1-9]?\d)){3}))|:))|(([0-9A-Fa-f]{1,4}:){1}(((:[0-9A-Fa-f]{1,4}){1,6})|((:[0-9A-Fa-f]{1,4}){0,4}:((25[0-5]|2[0-4]\d|1\d\d|[1-9]?\d)(\.(25[0-5]|2[0-4]\d|1\d\d|[1-9]?\d)){3}))|:))|(:(((:[0-9A-Fa-f]{1,4}){1,7})|((:[0-9A-Fa-f]{1,4}){0,5}:((25[0-5]|2[0-4]\d|1\d\d|[1-9]?\d)(\.(25[0-5]|2[0-4]\d|1\d\d|[1-9]?\d)){3}))|:)))(%.+)?\s*$/,i.find_uri_expression=/\b((?:[a-z][\w-]+:(?:\/{1,3}|[a-z0-9%])|www\d{0,3}[.]|[a-z0-9.\-]+[.][a-z]{2,4}\/)(?:[^\s()<>]+|\(([^\s()<>]+|(\([^\s()<>]+\)))*\))+(?:\(([^\s()<>]+|(\([^\s()<>]+\)))*\)|[^\s`!()\[\]{};:'".,<>?«»“”‘’]))/ig,i.findUri={start:/\b(?:([a-z][a-z0-9.+-]*:\/\/)|www\.)/gi,end:/[\s\r\n]|$/,trim:/[`!()\[\]{};:'".,<>?«»“”„‘’]+$/,parens:/(\([^\)]*\)|\[[^\]]*\]|\{[^}]*\}|<[^>]*>)/g},i.leading_whitespace_expression=/^[\x00-\x20\u00a0\u1680\u2000-\u200a\u2028\u2029\u202f\u205f\u3000\ufeff]+/,i.ascii_tab_whitespace=/[\u0009\u000A\u000D]+/g,i.defaultPorts={http:"80",https:"443",ftp:"21",gopher:"70",ws:"80",wss:"443"},i.hostProtocols=["http","https"],i.invalid_hostname_characters=/[^a-zA-Z0-9\.\-:_]/,i.domAttributes={a:"href",blockquote:"cite",link:"href",base:"href",script:"src",form:"action",img:"src",area:"href",iframe:"src",embed:"src",source:"src",track:"src",input:"src",audio:"src",video:"src"},i.getDomAttribute=function(c){if(!(!c||!c.nodeName)){var m=c.nodeName.toLowerCase();if(!(m==="input"&&c.type!=="image"))return i.domAttributes[m]}};function W(c){return escape(c)}function C(c){return encodeURIComponent(c).replace(/[!'()*]/g,W).replace(/\*/g,"%2A")}i.encode=C,i.decode=decodeURIComponent,i.iso8859=function(){i.encode=escape,i.decode=unescape},i.unicode=function(){i.encode=C,i.decode=decodeURIComponent},i.characters={pathname:{encode:{expression:/%(24|26|2B|2C|3B|3D|3A|40)/ig,map:{"%24":"$","%26":"&","%2B":"+","%2C":",","%3B":";","%3D":"=","%3A":":","%40":"@"}},decode:{expression:/[\/\?#]/g,map:{"/":"%2F","?":"%3F","#":"%23"}}},reserved:{encode:{expression:/%(21|23|24|26|27|28|29|2A|2B|2C|2F|3A|3B|3D|3F|40|5B|5D)/ig,map:{"%3A":":","%2F":"/","%3F":"?","%23":"#","%5B":"[","%5D":"]","%40":"@","%21":"!","%24":"$","%26":"&","%27":"'","%28":"(","%29":")","%2A":"*","%2B":"+","%2C":",","%3B":";","%3D":"="}}},urnpath:{encode:{expression:/%(21|24|27|28|29|2A|2B|2C|3B|3D|40)/ig,map:{"%21":"!","%24":"$","%27":"'","%28":"(","%29":")","%2A":"*","%2B":"+","%2C":",","%3B":";","%3D":"=","%40":"@"}},decode:{expression:/[\/\?#:]/g,map:{"/":"%2F","?":"%3F","#":"%23",":":"%3A"}}}},i.encodeQuery=function(c,m){var b=i.encode(c+"");return m===void 0&&(m=i.escapeQuerySpace),m?b.replace(/%20/g,"+"):b},i.decodeQuery=function(c,m){c+="",m===void 0&&(m=i.escapeQuerySpace);try{return i.decode(m?c.replace(/\+/g,"%20"):c)}catch{return c}};var R={encode:"encode",decode:"decode"},O,q=function(c,m){return function(b){try{return i[m](b+"").replace(i.characters[c][m].expression,function(_){return i.characters[c][m].map[_]})}catch{return b}}};for(O in R)i[O+"PathSegment"]=q("pathname",R[O]),i[O+"UrnPathSegment"]=q("urnpath",R[O]);var L=function(c,m,b){return function(_){var N;b?N=function(Z){return i[m](i[b](Z))}:N=i[m];for(var I=(_+"").split(c),U=0,H=I.length;U<H;U++)I[U]=N(I[U]);return I.join(c)}};i.decodePath=L("/","decodePathSegment"),i.decodeUrnPath=L(":","decodeUrnPathSegment"),i.recodePath=L("/","encodePathSegment","decode"),i.recodeUrnPath=L(":","encodeUrnPathSegment","decode"),i.encodeReserved=q("reserved","encode"),i.parse=function(c,m){var b;return m||(m={preventInvalidHostname:i.preventInvalidHostname}),c=c.replace(i.leading_whitespace_expression,""),c=c.replace(i.ascii_tab_whitespace,""),b=c.indexOf("#"),b>-1&&(m.fragment=c.substring(b+1)||null,c=c.substring(0,b)),b=c.indexOf("?"),b>-1&&(m.query=c.substring(b+1)||null,c=c.substring(0,b)),c=c.replace(/^(https?|ftp|wss?)?:+[/\\]*/i,"$1://"),c=c.replace(/^[/\\]{2,}/i,"//"),c.substring(0,2)==="//"?(m.protocol=null,c=c.substring(2),c=i.parseAuthority(c,m)):(b=c.indexOf(":"),b>-1&&(m.protocol=c.substring(0,b)||null,m.protocol&&!m.protocol.match(i.protocol_expression)?m.protocol=void 0:c.substring(b+1,b+3).replace(/\\/g,"/")==="//"?(c=c.substring(b+3),c=i.parseAuthority(c,m)):(c=c.substring(b+1),m.urn=!0))),m.path=c,m},i.parseHost=function(c,m){c||(c=""),c=c.replace(/\\/g,"/");var b=c.indexOf("/"),_,N;if(b===-1&&(b=c.length),c.charAt(0)==="[")_=c.indexOf("]"),m.hostname=c.substring(1,_)||null,m.port=c.substring(_+2,b)||null,m.port==="/"&&(m.port=null);else{var I=c.indexOf(":"),U=c.indexOf("/"),H=c.indexOf(":",I+1);H!==-1&&(U===-1||H<U)?(m.hostname=c.substring(0,b)||null,m.port=null):(N=c.substring(0,b).split(":"),m.hostname=N[0]||null,m.port=N[1]||null)}return m.hostname&&c.substring(b).charAt(0)!=="/"&&(b++,c="/"+c),m.preventInvalidHostname&&i.ensureValidHostname(m.hostname,m.protocol),m.port&&i.ensureValidPort(m.port),c.substring(b)||"/"},i.parseAuthority=function(c,m){return c=i.parseUserinfo(c,m),i.parseHost(c,m)},i.parseUserinfo=function(c,m){var b=c,_=c.indexOf("\\");_!==-1&&(c=c.replace(/\\/g,"/"));var N=c.indexOf("/"),I=c.lastIndexOf("@",N>-1?N:c.length-1),U;return I>-1&&(N===-1||I<N)?(U=c.substring(0,I).split(":"),m.username=U[0]?i.decode(U[0]):null,U.shift(),m.password=U[0]?i.decode(U.join(":")):null,c=b.substring(I+1)):(m.username=null,m.password=null),c},i.parseQuery=function(c,m){if(!c)return{};if(c=c.replace(/&+/g,"&").replace(/^\?*&*|&+$/g,""),!c)return{};for(var b={},_=c.split("&"),N=_.length,I,U,H,Z=0;Z<N;Z++)I=_[Z].split("="),U=i.decodeQuery(I.shift(),m),H=I.length?i.decodeQuery(I.join("="),m):null,U!=="__proto__"&&(h.call(b,U)?((typeof b[U]=="string"||b[U]===null)&&(b[U]=[b[U]]),b[U].push(H)):b[U]=H);return b},i.build=function(c){var m="",b=!1;return c.protocol&&(m+=c.protocol+":"),!c.urn&&(m||c.hostname)&&(m+="//",b=!0),m+=i.buildAuthority(c)||"",typeof c.path=="string"&&(c.path.charAt(0)!=="/"&&b&&(m+="/"),m+=c.path),typeof c.query=="string"&&c.query&&(m+="?"+c.query),typeof c.fragment=="string"&&c.fragment&&(m+="#"+c.fragment),m},i.buildHost=function(c){var m="";if(c.hostname)i.ip6_expression.test(c.hostname)?m+="["+c.hostname+"]":m+=c.hostname;else return"";return c.port&&(m+=":"+c.port),m},i.buildAuthority=function(c){return i.buildUserinfo(c)+i.buildHost(c)},i.buildUserinfo=function(c){var m="";return c.username&&(m+=i.encode(c.username)),c.password&&(m+=":"+i.encode(c.password)),m&&(m+="@"),m},i.buildQuery=function(c,m,b){var _="",N,I,U,H;for(I in c)if(I!=="__proto__"&&h.call(c,I))if(g(c[I]))for(N={},U=0,H=c[I].length;U<H;U++)c[I][U]!==void 0&&N[c[I][U]+""]===void 0&&(_+="&"+i.buildQueryParameter(I,c[I][U],b),m!==!0&&(N[c[I][U]+""]=!0));else c[I]!==void 0&&(_+="&"+i.buildQueryParameter(I,c[I],b));return _.substring(1)},i.buildQueryParameter=function(c,m,b){return i.encodeQuery(c,b)+(m!==null?"="+i.encodeQuery(m,b):"")},i.addQuery=function(c,m,b){if(typeof m=="object")for(var _ in m)h.call(m,_)&&i.addQuery(c,_,m[_]);else if(typeof m=="string"){if(c[m]===void 0){c[m]=b;return}else typeof c[m]=="string"&&(c[m]=[c[m]]);g(b)||(b=[b]),c[m]=(c[m]||[]).concat(b)}else throw new TypeError("URI.addQuery() accepts an object, string as the name parameter")},i.setQuery=function(c,m,b){if(typeof m=="object")for(var _ in m)h.call(m,_)&&i.setQuery(c,_,m[_]);else if(typeof m=="string")c[m]=b===void 0?null:b;else throw new TypeError("URI.setQuery() accepts an object, string as the name parameter")},i.removeQuery=function(c,m,b){var _,N,I;if(g(m))for(_=0,N=m.length;_<N;_++)c[m[_]]=void 0;else if(p(m)==="RegExp")for(I in c)m.test(I)&&(c[I]=void 0);else if(typeof m=="object")for(I in m)h.call(m,I)&&i.removeQuery(c,I,m[I]);else if(typeof m=="string")b!==void 0?p(b)==="RegExp"?!g(c[m])&&b.test(c[m])?c[m]=void 0:c[m]=y(c[m],b):c[m]===String(b)&&(!g(b)||b.length===1)?c[m]=void 0:g(c[m])&&(c[m]=y(c[m],b)):c[m]=void 0;else throw new TypeError("URI.removeQuery() accepts an object, string, RegExp as the first parameter")},i.hasQuery=function(c,m,b,_){switch(p(m)){case"String":break;case"RegExp":for(var N in c)if(h.call(c,N)&&m.test(N)&&(b===void 0||i.hasQuery(c,N,b)))return!0;return!1;case"Object":for(var I in m)if(h.call(m,I)&&!i.hasQuery(c,I,m[I]))return!1;return!0;default:throw new TypeError("URI.hasQuery() accepts a string, regular expression or object as the name parameter")}switch(p(b)){case"Undefined":return m in c;case"Boolean":var U=!!(g(c[m])?c[m].length:c[m]);return b===U;case"Function":return!!b(c[m],m,c);case"Array":if(!g(c[m]))return!1;var H=_?A:k;return H(c[m],b);case"RegExp":return g(c[m])?_?A(c[m],b):!1:!!(c[m]&&c[m].match(b));case"Number":b=String(b);case"String":return g(c[m])?_?A(c[m],b):!1:c[m]===b;default:throw new TypeError("URI.hasQuery() accepts undefined, boolean, string, number, RegExp, Function as the value parameter")}},i.joinPaths=function(){for(var c=[],m=[],b=0,_=0;_<arguments.length;_++){var N=new i(arguments[_]);c.push(N);for(var I=N.segment(),U=0;U<I.length;U++)typeof I[U]=="string"&&m.push(I[U]),I[U]&&b++}if(!m.length||!b)return new i("");var H=new i("").segment(m);return(c[0].path()===""||c[0].path().slice(0,1)==="/")&&H.path("/"+H.path()),H.normalize()},i.commonPath=function(c,m){var b=Math.min(c.length,m.length),_;for(_=0;_<b;_++)if(c.charAt(_)!==m.charAt(_)){_--;break}return _<1?c.charAt(0)===m.charAt(0)&&c.charAt(0)==="/"?"/":"":((c.charAt(_)!=="/"||m.charAt(_)!=="/")&&(_=c.substring(0,_).lastIndexOf("/")),c.substring(0,_+1))},i.withinString=function(c,m,b){b||(b={});var _=b.start||i.findUri.start,N=b.end||i.findUri.end,I=b.trim||i.findUri.trim,U=b.parens||i.findUri.parens,H=/[a-z0-9-]=["']?$/i;for(_.lastIndex=0;;){var Z=_.exec(c);if(!Z)break;var ae=Z.index;if(b.ignoreHtml){var Se=c.slice(Math.max(ae-3,0),ae);if(Se&&H.test(Se))continue}for(var ye=ae+c.slice(ae).search(N),Ee=c.slice(ae,ye),Te=-1;;){var Ne=U.exec(Ee);if(!Ne)break;var Pe=Ne.index+Ne[0].length;Te=Math.max(Te,Pe)}if(Te>-1?Ee=Ee.slice(0,Te)+Ee.slice(Te).replace(I,""):Ee=Ee.replace(I,""),!(Ee.length<=Z[0].length)&&!(b.ignore&&b.ignore.test(Ee))){ye=ae+Ee.length;var De=m(Ee,ae,ye,c);if(De===void 0){_.lastIndex=ye;continue}De=String(De),c=c.slice(0,ae)+De+c.slice(ye),_.lastIndex=ae+De.length}}return _.lastIndex=0,c},i.ensureValidHostname=function(c,m){var b=!!c,_=!!m,N=!1;if(_&&(N=A(i.hostProtocols,m)),N&&!b)throw new TypeError("Hostname cannot be empty, if protocol is "+m);if(c&&c.match(i.invalid_hostname_characters)){if(!t)throw new TypeError('Hostname "'+c+'" contains characters other than [A-Z0-9.-:_] and Punycode.js is not available');if(t.toASCII(c).match(i.invalid_hostname_characters))throw new TypeError('Hostname "'+c+'" contains characters other than [A-Z0-9.-:_]')}},i.ensureValidPort=function(c){if(c){var m=Number(c);if(!(a(m)&&m>0&&m<65536))throw new TypeError('Port "'+c+'" is not a valid port')}},i.noConflict=function(c){if(c){var m={URI:this.noConflict()};return r.URITemplate&&typeof r.URITemplate.noConflict=="function"&&(m.URITemplate=r.URITemplate.noConflict()),r.IPv6&&typeof r.IPv6.noConflict=="function"&&(m.IPv6=r.IPv6.noConflict()),r.SecondLevelDomains&&typeof r.SecondLevelDomains.noConflict=="function"&&(m.SecondLevelDomains=r.SecondLevelDomains.noConflict()),m}else r.URI===this&&(r.URI=o);return this},l.build=function(c){return c===!0?this._deferred_build=!0:(c===void 0||this._deferred_build)&&(this._string=i.build(this._parts),this._deferred_build=!1),this},l.clone=function(){return new i(this)},l.valueOf=l.toString=function(){return this.build(!1)._string};function Q(c){return function(m,b){return m===void 0?this._parts[c]||"":(this._parts[c]=m||null,this.build(!b),this)}}function oe(c,m){return function(b,_){return b===void 0?this._parts[c]||"":(b!==null&&(b=b+"",b.charAt(0)===m&&(b=b.substring(1))),this._parts[c]=b,this.build(!_),this)}}l.protocol=Q("protocol"),l.username=Q("username"),l.password=Q("password"),l.hostname=Q("hostname"),l.port=Q("port"),l.query=oe("query","?"),l.fragment=oe("fragment","#"),l.search=function(c,m){var b=this.query(c,m);return typeof b=="string"&&b.length?"?"+b:b},l.hash=function(c,m){var b=this.fragment(c,m);return typeof b=="string"&&b.length?"#"+b:b},l.pathname=function(c,m){if(c===void 0||c===!0){var b=this._parts.path||(this._parts.hostname?"/":"");return c?(this._parts.urn?i.decodeUrnPath:i.decodePath)(b):b}else return this._parts.urn?this._parts.path=c?i.recodeUrnPath(c):"":this._parts.path=c?i.recodePath(c):"/",this.build(!m),this},l.path=l.pathname,l.href=function(c,m){var b;if(c===void 0)return this.toString();this._string="",this._parts=i._parts();var _=c instanceof i,N=typeof c=="object"&&(c.hostname||c.path||c.pathname);if(c.nodeName){var I=i.getDomAttribute(c);c=c[I]||"",N=!1}if(!_&&N&&c.pathname!==void 0&&(c=c.toString()),typeof c=="string"||c instanceof String)this._parts=i.parse(String(c),this._parts);else if(_||N){var U=_?c._parts:c;for(b in U)b!=="query"&&h.call(this._parts,b)&&(this._parts[b]=U[b]);U.query&&this.query(U.query,!1)}else throw new TypeError("invalid input");return this.build(!m),this},l.is=function(c){var m=!1,b=!1,_=!1,N=!1,I=!1,U=!1,H=!1,Z=!this._parts.urn;switch(this._parts.hostname&&(Z=!1,b=i.ip4_expression.test(this._parts.hostname),_=i.ip6_expression.test(this._parts.hostname),m=b||_,N=!m,I=N&&n&&n.has(this._parts.hostname),U=N&&i.idn_expression.test(this._parts.hostname),H=N&&i.punycode_expression.test(this._parts.hostname)),c.toLowerCase()){case"relative":return Z;case"absolute":return!Z;case"domain":case"name":return N;case"sld":return I;case"ip":return m;case"ip4":case"ipv4":case"inet4":return b;case"ip6":case"ipv6":case"inet6":return _;case"idn":return U;case"url":return!this._parts.urn;case"urn":return!!this._parts.urn;case"punycode":return H}return null};var P=l.protocol,V=l.port,F=l.hostname;l.protocol=function(c,m){if(c&&(c=c.replace(/:(\/\/)?$/,""),!c.match(i.protocol_expression)))throw new TypeError('Protocol "'+c+`" contains characters other than [A-Z0-9.+-] or doesn't start with [A-Z]`);return P.call(this,c,m)},l.scheme=l.protocol,l.port=function(c,m){return this._parts.urn?c===void 0?"":this:(c!==void 0&&(c===0&&(c=null),c&&(c+="",c.charAt(0)===":"&&(c=c.substring(1)),i.ensureValidPort(c))),V.call(this,c,m))},l.hostname=function(c,m){if(this._parts.urn)return c===void 0?"":this;if(c!==void 0){var b={preventInvalidHostname:this._parts.preventInvalidHostname},_=i.parseHost(c,b);if(_!=="/")throw new TypeError('Hostname "'+c+'" contains characters other than [A-Z0-9.-]');c=b.hostname,this._parts.preventInvalidHostname&&i.ensureValidHostname(c,this._parts.protocol)}return F.call(this,c,m)},l.origin=function(c,m){if(this._parts.urn)return c===void 0?"":this;if(c===void 0){var b=this.protocol(),_=this.authority();return _?(b?b+"://":"")+this.authority():""}else{var N=i(c);return this.protocol(N.protocol()).authority(N.authority()).build(!m),this}},l.host=function(c,m){if(this._parts.urn)return c===void 0?"":this;if(c===void 0)return this._parts.hostname?i.buildHost(this._parts):"";var b=i.parseHost(c,this._parts);if(b!=="/")throw new TypeError('Hostname "'+c+'" contains characters other than [A-Z0-9.-]');return this.build(!m),this},l.authority=function(c,m){if(this._parts.urn)return c===void 0?"":this;if(c===void 0)return this._parts.hostname?i.buildAuthority(this._parts):"";var b=i.parseAuthority(c,this._parts);if(b!=="/")throw new TypeError('Hostname "'+c+'" contains characters other than [A-Z0-9.-]');return this.build(!m),this},l.userinfo=function(c,m){if(this._parts.urn)return c===void 0?"":this;if(c===void 0){var b=i.buildUserinfo(this._parts);return b&&b.substring(0,b.length-1)}else return c[c.length-1]!=="@"&&(c+="@"),i.parseUserinfo(c,this._parts),this.build(!m),this},l.resource=function(c,m){var b;return c===void 0?this.path()+this.search()+this.hash():(b=i.parse(c),this._parts.path=b.path,this._parts.query=b.query,this._parts.fragment=b.fragment,this.build(!m),this)},l.subdomain=function(c,m){if(this._parts.urn)return c===void 0?"":this;if(c===void 0){if(!this._parts.hostname||this.is("IP"))return"";var b=this._parts.hostname.length-this.domain().length-1;return this._parts.hostname.substring(0,b)||""}else{var _=this._parts.hostname.length-this.domain().length,N=this._parts.hostname.substring(0,_),I=new RegExp("^"+d(N));if(c&&c.charAt(c.length-1)!=="."&&(c+="."),c.indexOf(":")!==-1)throw new TypeError("Domains cannot contain colons");return c&&i.ensureValidHostname(c,this._parts.protocol),this._parts.hostname=this._parts.hostname.replace(I,c),this.build(!m),this}},l.domain=function(c,m){if(this._parts.urn)return c===void 0?"":this;if(typeof c=="boolean"&&(m=c,c=void 0),c===void 0){if(!this._parts.hostname||this.is("IP"))return"";var b=this._parts.hostname.match(/\./g);if(b&&b.length<2)return this._parts.hostname;var _=this._parts.hostname.length-this.tld(m).length-1;return _=this._parts.hostname.lastIndexOf(".",_-1)+1,this._parts.hostname.substring(_)||""}else{if(!c)throw new TypeError("cannot set domain empty");if(c.indexOf(":")!==-1)throw new TypeError("Domains cannot contain colons");if(i.ensureValidHostname(c,this._parts.protocol),!this._parts.hostname||this.is("IP"))this._parts.hostname=c;else{var N=new RegExp(d(this.domain())+"$");this._parts.hostname=this._parts.hostname.replace(N,c)}return this.build(!m),this}},l.tld=function(c,m){if(this._parts.urn)return c===void 0?"":this;if(typeof c=="boolean"&&(m=c,c=void 0),c===void 0){if(!this._parts.hostname||this.is("IP"))return"";var b=this._parts.hostname.lastIndexOf("."),_=this._parts.hostname.substring(b+1);return m!==!0&&n&&n.list[_.toLowerCase()]&&n.get(this._parts.hostname)||_}else{var N;if(c)if(c.match(/[^a-zA-Z0-9-]/))if(n&&n.is(c))N=new RegExp(d(this.tld())+"$"),this._parts.hostname=this._parts.hostname.replace(N,c);else throw new TypeError('TLD "'+c+'" contains characters other than [A-Z0-9]');else{if(!this._parts.hostname||this.is("IP"))throw new ReferenceError("cannot set TLD on non-domain host");N=new RegExp(d(this.tld())+"$"),this._parts.hostname=this._parts.hostname.replace(N,c)}else throw new TypeError("cannot set TLD empty");return this.build(!m),this}},l.directory=function(c,m){if(this._parts.urn)return c===void 0?"":this;if(c===void 0||c===!0){if(!this._parts.path&&!this._parts.hostname)return"";if(this._parts.path==="/")return"/";var b=this._parts.path.length-this.filename().length-1,_=this._parts.path.substring(0,b)||(this._parts.hostname?"/":"");return c?i.decodePath(_):_}else{var N=this._parts.path.length-this.filename().length,I=this._parts.path.substring(0,N),U=new RegExp("^"+d(I));return this.is("relative")||(c||(c="/"),c.charAt(0)!=="/"&&(c="/"+c)),c&&c.charAt(c.length-1)!=="/"&&(c+="/"),c=i.recodePath(c),this._parts.path=this._parts.path.replace(U,c),this.build(!m),this}},l.filename=function(c,m){if(this._parts.urn)return c===void 0?"":this;if(typeof c!="string"){if(!this._parts.path||this._parts.path==="/")return"";var b=this._parts.path.lastIndexOf("/"),_=this._parts.path.substring(b+1);return c?i.decodePathSegment(_):_}else{var N=!1;c.charAt(0)==="/"&&(c=c.substring(1)),c.match(/\.?\//)&&(N=!0);var I=new RegExp(d(this.filename())+"$");return c=i.recodePath(c),this._parts.path=this._parts.path.replace(I,c),N?this.normalizePath(m):this.build(!m),this}},l.suffix=function(c,m){if(this._parts.urn)return c===void 0?"":this;if(c===void 0||c===!0){if(!this._parts.path||this._parts.path==="/")return"";var b=this.filename(),_=b.lastIndexOf("."),N,I;return _===-1?"":(N=b.substring(_+1),I=/^[a-z0-9%]+$/i.test(N)?N:"",c?i.decodePathSegment(I):I)}else{c.charAt(0)==="."&&(c=c.substring(1));var U=this.suffix(),H;if(U)c?H=new RegExp(d(U)+"$"):H=new RegExp(d("."+U)+"$");else{if(!c)return this;this._parts.path+="."+i.recodePath(c)}return H&&(c=i.recodePath(c),this._parts.path=this._parts.path.replace(H,c)),this.build(!m),this}},l.segment=function(c,m,b){var _=this._parts.urn?":":"/",N=this.path(),I=N.substring(0,1)==="/",U=N.split(_);if(c!==void 0&&typeof c!="number"&&(b=m,m=c,c=void 0),c!==void 0&&typeof c!="number")throw new Error('Bad segment "'+c+'", must be 0-based integer');if(I&&U.shift(),c<0&&(c=Math.max(U.length+c,0)),m===void 0)return c===void 0?U:U[c];if(c===null||U[c]===void 0)if(g(m)){U=[];for(var H=0,Z=m.length;H<Z;H++)!m[H].length&&(!U.length||!U[U.length-1].length)||(U.length&&!U[U.length-1].length&&U.pop(),U.push(j(m[H])))}else(m||typeof m=="string")&&(m=j(m),U[U.length-1]===""?U[U.length-1]=m:U.push(m));else m?U[c]=j(m):U.splice(c,1);return I&&U.unshift(""),this.path(U.join(_),b)},l.segmentCoded=function(c,m,b){var _,N,I;if(typeof c!="number"&&(b=m,m=c,c=void 0),m===void 0){if(_=this.segment(c,m,b),!g(_))_=_!==void 0?i.decode(_):void 0;else for(N=0,I=_.length;N<I;N++)_[N]=i.decode(_[N]);return _}if(!g(m))m=typeof m=="string"||m instanceof String?i.encode(m):m;else for(N=0,I=m.length;N<I;N++)m[N]=i.encode(m[N]);return this.segment(c,m,b)};var M=l.query;return l.query=function(c,m){if(c===!0)return i.parseQuery(this._parts.query,this._parts.escapeQuerySpace);if(typeof c=="function"){var b=i.parseQuery(this._parts.query,this._parts.escapeQuerySpace),_=c.call(this,b);return this._parts.query=i.buildQuery(_||b,this._parts.duplicateQueryParameters,this._parts.escapeQuerySpace),this.build(!m),this}else return c!==void 0&&typeof c!="string"?(this._parts.query=i.buildQuery(c,this._parts.duplicateQueryParameters,this._parts.escapeQuerySpace),this.build(!m),this):M.call(this,c,m)},l.setQuery=function(c,m,b){var _=i.parseQuery(this._parts.query,this._parts.escapeQuerySpace);if(typeof c=="string"||c instanceof String)_[c]=m!==void 0?m:null;else if(typeof c=="object")for(var N in c)h.call(c,N)&&(_[N]=c[N]);else throw new TypeError("URI.addQuery() accepts an object, string as the name parameter");return this._parts.query=i.buildQuery(_,this._parts.duplicateQueryParameters,this._parts.escapeQuerySpace),typeof c!="string"&&(b=m),this.build(!b),this},l.addQuery=function(c,m,b){var _=i.parseQuery(this._parts.query,this._parts.escapeQuerySpace);return i.addQuery(_,c,m===void 0?null:m),this._parts.query=i.buildQuery(_,this._parts.duplicateQueryParameters,this._parts.escapeQuerySpace),typeof c!="string"&&(b=m),this.build(!b),this},l.removeQuery=function(c,m,b){var _=i.parseQuery(this._parts.query,this._parts.escapeQuerySpace);return i.removeQuery(_,c,m),this._parts.query=i.buildQuery(_,this._parts.duplicateQueryParameters,this._parts.escapeQuerySpace),typeof c!="string"&&(b=m),this.build(!b),this},l.hasQuery=function(c,m,b){var _=i.parseQuery(this._parts.query,this._parts.escapeQuerySpace);return i.hasQuery(_,c,m,b)},l.setSearch=l.setQuery,l.addSearch=l.addQuery,l.removeSearch=l.removeQuery,l.hasSearch=l.hasQuery,l.normalize=function(){return this._parts.urn?this.normalizeProtocol(!1).normalizePath(!1).normalizeQuery(!1).normalizeFragment(!1).build():this.normalizeProtocol(!1).normalizeHostname(!1).normalizePort(!1).normalizePath(!1).normalizeQuery(!1).normalizeFragment(!1).build()},l.normalizeProtocol=function(c){return typeof this._parts.protocol=="string"&&(this._parts.protocol=this._parts.protocol.toLowerCase(),this.build(!c)),this},l.normalizeHostname=function(c){return this._parts.hostname&&(this.is("IDN")&&t?this._parts.hostname=t.toASCII(this._parts.hostname):this.is("IPv6")&&s&&(this._parts.hostname=s.best(this._parts.hostname)),this._parts.hostname=this._parts.hostname.toLowerCase(),this.build(!c)),this},l.normalizePort=function(c){return typeof this._parts.protocol=="string"&&this._parts.port===i.defaultPorts[this._parts.protocol]&&(this._parts.port=null,this.build(!c)),this},l.normalizePath=function(c){var m=this._parts.path;if(!m)return this;if(this._parts.urn)return this._parts.path=i.recodeUrnPath(this._parts.path),this.build(!c),this;if(this._parts.path==="/")return this;m=i.recodePath(m);var b,_="",N,I;for(m.charAt(0)!=="/"&&(b=!0,m="/"+m),(m.slice(-3)==="/.."||m.slice(-2)==="/.")&&(m+="/"),m=m.replace(/(\/(\.\/)+)|(\/\.$)/g,"/").replace(/\/{2,}/g,"/"),b&&(_=m.substring(1).match(/^(\.\.\/)+/)||"",_&&(_=_[0]));N=m.search(/\/\.\.(\/|$)/),N!==-1;){if(N===0){m=m.substring(3);continue}I=m.substring(0,N).lastIndexOf("/"),I===-1&&(I=N),m=m.substring(0,I)+m.substring(N+3)}return b&&this.is("relative")&&(m=_+m.substring(1)),this._parts.path=m,this.build(!c),this},l.normalizePathname=l.normalizePath,l.normalizeQuery=function(c){return typeof this._parts.query=="string"&&(this._parts.query.length?this.query(i.parseQuery(this._parts.query,this._parts.escapeQuerySpace)):this._parts.query=null,this.build(!c)),this},l.normalizeFragment=function(c){return this._parts.fragment||(this._parts.fragment=null,this.build(!c)),this},l.normalizeSearch=l.normalizeQuery,l.normalizeHash=l.normalizeFragment,l.iso8859=function(){var c=i.encode,m=i.decode;i.encode=escape,i.decode=decodeURIComponent;try{this.normalize()}finally{i.encode=c,i.decode=m}return this},l.unicode=function(){var c=i.encode,m=i.decode;i.encode=C,i.decode=unescape;try{this.normalize()}finally{i.encode=c,i.decode=m}return this},l.readable=function(){var c=this.clone();c.username("").password("").normalize();var m="";if(c._parts.protocol&&(m+=c._parts.protocol+"://"),c._parts.hostname&&(c.is("punycode")&&t?(m+=t.toUnicode(c._parts.hostname),c._parts.port&&(m+=":"+c._parts.port)):m+=c.host()),c._parts.hostname&&c._parts.path&&c._parts.path.charAt(0)!=="/"&&(m+="/"),m+=c.path(!0),c._parts.query){for(var b="",_=0,N=c._parts.query.split("&"),I=N.length;_<I;_++){var U=(N[_]||"").split("=");b+="&"+i.decodeQuery(U[0],this._parts.escapeQuerySpace).replace(/&/g,"%26"),U[1]!==void 0&&(b+="="+i.decodeQuery(U[1],this._parts.escapeQuerySpace).replace(/&/g,"%26"))}m+="?"+b.substring(1)}return m+=i.decodeQuery(c.hash(),!0),m},l.absoluteTo=function(c){var m=this.clone(),b=["protocol","username","password","hostname","port"],_,N,I;if(this._parts.urn)throw new Error("URNs do not have any generally defined hierarchical components");if(c instanceof i||(c=new i(c)),m._parts.protocol||(m._parts.protocol=c._parts.protocol,this._parts.hostname))return m;for(N=0;I=b[N];N++)m._parts[I]=c._parts[I];return m._parts.path?(m._parts.path.substring(-2)===".."&&(m._parts.path+="/"),m.path().charAt(0)!=="/"&&(_=c.directory(),_=_||(c.path().indexOf("/")===0?"/":""),m._parts.path=(_?_+"/":"")+m._parts.path,m.normalizePath())):(m._parts.path=c._parts.path,m._parts.query||(m._parts.query=c._parts.query)),m.build(),m},l.relativeTo=function(c){var m=this.clone().normalize(),b,_,N,I,U;if(m._parts.urn)throw new Error("URNs do not have any generally defined hierarchical components");if(c=new i(c).normalize(),b=m._parts,_=c._parts,I=m.path(),U=c.path(),I.charAt(0)!=="/")throw new Error("URI is already relative");if(U.charAt(0)!=="/")throw new Error("Cannot calculate a URI relative to another relative URI");if(b.protocol===_.protocol&&(b.protocol=null),b.username!==_.username||b.password!==_.password||b.protocol!==null||b.username!==null||b.password!==null)return m.build();if(b.hostname===_.hostname&&b.port===_.port)b.hostname=null,b.port=null;else return m.build();if(I===U)return b.path="",m.build();if(N=i.commonPath(I,U),!N)return m.build();var H=_.path.substring(N.length).replace(/[^\/]*$/,"").replace(/.*?\//g,"../");return b.path=H+b.path.substring(N.length)||"./",m.build()},l.equals=function(c){var m=this.clone(),b=new i(c),_={},N={},I={},U,H,Z;if(m.normalize(),b.normalize(),m.toString()===b.toString())return!0;if(U=m.query(),H=b.query(),m.query(""),b.query(""),m.toString()!==b.toString()||U.length!==H.length)return!1;_=i.parseQuery(U,this._parts.escapeQuerySpace),N=i.parseQuery(H,this._parts.escapeQuerySpace);for(Z in _)if(h.call(_,Z)){if(g(_[Z])){if(!k(_[Z],N[Z]))return!1}else if(_[Z]!==N[Z])return!1;I[Z]=!0}for(Z in N)if(h.call(N,Z)&&!I[Z])return!1;return!0},l.preventInvalidHostname=function(c){return this._parts.preventInvalidHostname=!!c,this},l.duplicateQueryParameters=function(c){return this._parts.duplicateQueryParameters=!!c,this},l.escapeQuerySpace=function(c){return this._parts.escapeQuerySpace=!!c,this},i})})(Bu);var Ude=Bu.exports;const Tn=qs(Ude);class ho{constructor(t){Object.assign(this,t),this.original=t,this.time=parseFloat(this.time),this.responseDuration=parseFloat(this.responseDuration),this.responseDurationRounded=this.responseDuration?Math.round(this.responseDuration):0,this.databaseDurationRounded=this.databaseDuration?Math.round(this.databaseDuration):0,this.memoryUsageFormatted=this.memoryUsage?this.formatBytes(this.memoryUsage):void 0,this.processCacheStats(),this.cacheQueries=this.processCacheQueries(this.cacheQueries),this.cookies=this.createKeypairs(this.cookies),this.middleware=this.middleware instanceof Array?this.middleware:[],this.processDatabase(),this.processModels(),this.notifications=this.processNotifications(this.notifications,this.emailsData),this.processHttpRequests(),this.events=this.processEvents(this.events),this.getData=this.createKeypairs(this.getData),this.requestData=this.requestData instanceof Object?this.createKeypairs(this.requestData,!1):this.requestData,this.headers=this.processHeaders(this.headers),this.log=We(this.processLog(this.log)),this.postData=this.createKeypairs(this.postData),this.queueJobs=this.processQueueJobs(this.queueJobs),this.redisCommands=this.processRedisCommands(this.redisCommands),this.sessionData=this.createKeypairs(this.sessionData),this.performanceMetrics=this.processPerformanceMetrics(this.performanceMetrics),this.viewsData=this.processViews(this.viewsData),this.userData=this.processUserData(this.userData),this.timeline=this.processTimeline(this.timelineData),this.clientMetrics=this.processClientMetrics(this.clientMetrics),this.webVitals=this.processWebVitals(this.webVitals),this.processCommand(),this.processQueueJob(),this.processTest(),this.errorsCount=this.getErrorsCount(),this.warningsCount=this.getWarningsCount(),this.exceptions=We(this.processExceptions()),this.loadClientMetricsAttempts=0}static placeholder(t,s,n){return Object.assign(new ho({loading:!0,id:t,uri:s?new Tn(s.url).pathname():"/",controller:"Waiting...",method:s?s.method:"GET",responseStatus:"?",parent:n}),{responseDurationRounded:"?",databaseDurationRounded:"?"})}resolve(t,s){return Object.assign(this,s?Lde(t,s):t,{loading:!1,error:void 0,original:Object.assign(this.original,t.original)})}resolveWithError(t){return Object.assign(this,{loading:!1,error:t})}loadClientMetrics(t){this.isRequest()&&(this.clientMetrics.some(s=>s.value)&&Object.values(this.webVitals).some(s=>s.value)||this.loadClientMetricsTimeout||++this.loadClientMetricsAttempts>4||(this.loadClientMetricsTimeout=setTimeout(()=>{t.findId(this.id)&&t.loadId(this.id,["clientMetrics","webVitals"]).then(()=>{this.loadClientMetricsTimeout=void 0,this.loadClientMetrics(t)})},2500)))}isClientError(){return this.responseStatus>=400&&this.responseStatus<500}isServerError(){return this.responseStatus>=500&&this.responseStatus<600}isAjax(){return this.headers.find(t=>t.name=="X-Requested-With"&&t.value=="XMLHttpRequest")}isRequest(){return this.type=="request"||!this.type}isCommand(){return this.type=="command"}isCommandError(){return this.commandExitCode==1}isCommandWarning(){return this.commandExitCode>1}isQueueJob(){return this.type=="queue-job"}isQueueJobError(){return this.jobStatus=="failed"}isQueueJobWarning(){return this.jobStatus=="released"}isTest(){return this.type=="test"}isTestError(){return["failed","error"].includes(this.testStatus)}isTestWarning(){return["warning"].includes(this.testStatus)}get tooltip(){return this.isCommand()?`[CMD] ${this.commandName} (${this.commandLine})`:this.isQueueJob()?`[QUEUE] ${this.jobName} (${this.jobDescription})`:this.isTest()?`[TEST] ${this.testGroup} (${this.testName})`:`${this.method} ${this.uri} (${this.controller})`}createKeypairs(t,s=!0){if(!(t instanceof Object))return[];let n=Object.keys(t).map(r=>({name:r,value:t[r]}));return s&&(n=n.sort((r,o)=>r.name.localeCompare(o.name))),n}processCacheStats(){this.cacheDeletes=parseInt(this.cacheDeletes||0),this.cacheHits=parseInt(this.cacheHits||0),this.cacheReads=parseInt(this.cacheReads||0),this.cacheWrites=parseInt(this.cacheWrites||0),this.cacheMisses=this.cacheReads&&this.cacheHits?this.cacheReads-this.cacheHits:null,this.cacheTime=parseFloat(this.cacheTime||0),this.cacheTimeRounded=Math.round(this.cacheTime)}processCacheQueries(t){return t instanceof Array?t.map(s=>(s.expiration=s.expiration?this.formatTime(s.expiration):void 0,s.value=s.value!==void 0?s.value:"",s)):[]}processClientMetrics(t){return t=this.enforceObject(t),[{name:"Redirect",value:t.redirect},{name:"DNS",value:t.dns,color:"purple",onChart:!0},{name:"Connection",value:t.connection,color:"blue",onChart:!0},{name:"Waiting",value:t.waiting,color:"red",onChart:!0},{name:"Receiving",value:t.receiving,color:"green",onChart:!0},{name:"To interactive",value:t.domInteractive,color:"blue",onChart:!0,dom:!0},{name:"To complete",value:t.domComplete,color:"purple",onChart:!0,dom:!0}]}processDatabase(){this.databaseQueries=this.processDatabaseQueries(this.databaseQueries),this.databaseQueriesCount=parseInt(this.databaseQueriesCount)||this.databaseQueries.length,this.databaseSlowQueries=parseInt(this.databaseSlowQueries)||this.databaseQueries.filter(t=>t.tags.includes("slow")).length,this.databaseSelects=parseInt(this.databaseSelects)||this.databaseQueries.filter(t=>t.query.match(/^select /i)).length,this.databaseInserts=parseInt(this.databaseInserts)||this.databaseQueries.filter(t=>t.query.match(/^insert /i)).length,this.databaseUpdates=parseInt(this.databaseUpdates)||this.databaseQueries.filter(t=>t.query.match(/^update /i)).length,this.databaseDeletes=parseInt(this.databaseDeletes)||this.databaseQueries.filter(t=>t.query.match(/^delete /i)).length,this.databaseOthers=parseInt(this.databaseOthers)||this.databaseQueries.filter(t=>!t.query.match(/^(select|insert|update|delete) /i)).length,this.databaseDuration=parseFloat(this.databaseDuration||0)}processDatabaseQueries(t){return t instanceof Array?t.map(s=>{s.model=s.model||"-",s.shortModel=s.model?s.model.split("\\").pop():"-",s.tags=s.tags instanceof Array?s.tags:[],s.bindings=this.optionalNonEmptyObject(s.bindings),s.prettifiedQuery=Dde.format(s.query);let n,r=s.query.trim();return(n=r.match(/^SELECT\s[\s\S]*?\sFROM\s+([A-Za-z-_'".]+)/i))?s.shortQuery=`SELECT FROM ${n[1].replaceAll(/['"]/g,"")}`:(n=r.match(/^INSERT\s+INTO\s+([A-Za-z-_'".]+)/i))?s.shortQuery=`INSERT INTO ${n[1].replaceAll(/['"]/g,"")}`:(n=r.match(/^UPDATE\s+([A-Za-z-_'".]+)/i))?s.shortQuery=`UPDATE ${n[1].replaceAll(/['"]/g,"")}`:(n=r.match(/^DELETE\s+FROM\s+([A-Za-z-_'".]+)/i))?s.shortQuery=`DELETE FROM ${n[1].replaceAll(/['"]/g,"")}`:s.shortQuery=r,s}):[]}processNotifications(t,s){return s=Object.values(this.optionalNonEmptyObject(s,{})).filter(n=>n.data instanceof Object).map(n=>({subject:n.data.subject,to:[n.data.to],from:[n.data.from],time:n.start,duration:n.duration,type:"mail",data:[]})),this.enforceArray(t).concat(s).map(function(n){return n.isShowingDetails=!1,n})}processHttpRequests(){this.httpRequests=this.enforceArray(this.httpRequests).map(t=>{var n;let s;return(s=t.request.url.match(/(.+?:\/\/)(.+?)(\/.+?)?(\?.+)?$/))?t.request.url={full:t.request.url,scheme:s[1],host:s[2],path:s[3],query:s[4]}:t.request.url={full:t.request.url},(n=t.response)!=null&&n.status&&(t.response.statusMessage=$de[t.response.status].message),t})}processEvents(t){return t instanceof Array?t.map(s=>(s.objectEvent=s.data instanceof Object&&s.event==s.data.__class__,s.time=s.time?new Date(s.time*1e3):void 0,s.listeners=s.listeners instanceof Array?s.listeners:[],s.listeners=s.listeners.map(n=>{let r,o;return(o=n.match(/Closure \(.*[\/\\](.+?:\d+)-\d+\)/))?r="Closure ("+o[1]+")":r=n.split(/[\/\\]/).pop(),{name:n,shortName:r}}),s)):[]}processExceptions(){let t=this.log.length?this.log[this.log.length-1].exception:null;if(this.isRequest()&&!this.isServerError()||!t)return[];t=Nu(t);let s=t;do s.trace=[{call:`${s.type}()`,file:s.file,line:s.line,isVendor:!1},...s.trace];while(s=s.previous);return[t]}processHeaders(t){return t instanceof Object?Object.keys(t).map(s=>{let n=t[s];return s=s.split("-").map(r=>r.charAt(0).toUpperCase()+r.slice(1).toLowerCase()).join("-"),{name:s,value:n}}).reduce((s,n)=>(n=n.value instanceof Array?n.value.map(r=>({name:n.name,value:r})):[n],s.concat(n)),[]).sort((s,n)=>s.name.localeCompare(n.name)):[]}processLog(t){return t instanceof Array?t.map(s=>(s.exception&&(s.file=s.exception.file,s.line=s.exception.line,s.trace=s.exception.trace),s.time=new Date(s.time*1e3),s.context=s.context instanceof Object&&Object.keys(s.context).filter(n=>n!="__type__").length?s.context:void 0,s)):[]}processModels(){this.modelsActions=this.processModelsActions(this.modelsActions)}processModelsActions(t){return this.enforceArray(t).map(s=>(s.shortModel=s.model?s.model.split("\\").pop():"",s.attributes=this.optionalNonEmptyObject(s.attributes),s.changes=this.optionalNonEmptyObject(s.changes),s.tags=this.enforceArray(s.tags),s.bindings=this.optionalNonEmptyObject(s.bindings),s.isShowingDetails=!1,s))}processPerformanceMetrics(t){if(!t)return[{name:"App",value:(this.responseDurationRounded||0)-(this.databaseDurationRounded||0)-(this.cacheTimeRounded||0),color:"blue"},{name:"DB",value:this.databaseDurationRounded,color:"red"},{name:"Cache",value:this.cacheTimeRounded,color:"green"}].filter(n=>n.value>0);t=t.filter(n=>n instanceof Object).map((n,r)=>(n.color=n.color||"purple",n));let s=t.reduce((n,r)=>n+r.value,0);return t.push({name:"Other",value:this.responseDurationRounded-s,color:"purple"}),t}processQueueJobs(t){return t instanceof Array?t.map(s=>(s.shortName=s.name.split("\\").pop(),s)):[]}processRedisCommands(t){return t instanceof Array?t:[]}processTest(){this.testName&&([this.testGroup,this.testName]=this.testName.includes("::")?this.testName.split("::"):[this.testName,""])}processTimeline(t){let s=new Ur(Object.values(this.optionalNonEmptyObject(t,{})),this.time,this.time+this.responseDuration);return t&&!t.total&&s.appendTotalEvent(),this.databaseQueries.forEach(n=>s.append({start:n.time,duration:n.duration,name:n.shortQuery,description:n.query,color:"red",tags:["databaseQueries"]})),this.events.forEach(n=>s.append({start:n.time,duration:n.duration,description:n.event,color:"purple",tags:["events"]})),this.cacheQueries.forEach(n=>s.append({start:n.time,duration:n.duration,description:`${n.type.toUpperCase()} ${n.key}`,color:"green",tags:["cacheQueries"]})),this.redisCommands.forEach(n=>s.append({start:n.time,duration:n.duration,description:`${n.command} ${Object.values(n.parameters).join(" ")}`,color:"green",tags:["redisCommands"]})),this.queueJobs.forEach(n=>s.append({start:n.time,duration:n.duration,description:n.name,color:"purple",tags:["queueJobs"]})),this.notifications.forEach(n=>s.append({start:n.time,duration:n.duration,description:`${n.to} - ${n.subject}`,color:"purple",tags:["notifications"]})),this.httpRequests.forEach(n=>s.append({start:n.time,duration:n.duration,description:`${n.request.method} ${n.request.url.full}`,color:"purple",tags:["httpRequests"]})),s.merge(this.viewsData),s}processViews(t){let s=Object.values(this.optionalNonEmptyObject(t,{})).map(n=>{var r,o,i,a;return{start:n.start,duration:n.duration,name:((r=n.data)==null?void 0:r.name)||n.description,description:(((o=n.data)==null?void 0:o.name)||n.description)+((i=n.data)!=null&&i.memoryUsage?` (${this.formatBytes(n.data.memoryUsage)})`:""),data:this.optionalNonEmptyObject((a=n.data)==null?void 0:a.data),color:"purple",tags:["views"]}});return new Ur(s,this.time,this.time+this.responseDuration)}processUserData(t){if(!(t instanceof Object))return[];let s=([r,o])=>r!="__meta",n=r=>([o,i])=>({key:r[o]||o,value:i});return Object.entries(t).filter(([r,o])=>o instanceof Object||o.__meta||o.__meta.title).map(([r,o])=>({key:r,title:o.__meta.title,sections:Object.entries(o).filter(s).map(([i,a])=>{let l=a.__meta.labels||{};return{data:a.__meta.showAs=="counters"?Object.entries(a).filter(s).map(n(l)):Object.entries(a).filter(s).map(([d,p])=>Object.entries(p).map(n(l))),showAs:a.__meta.showAs,title:a.__meta.title}})}))}processWebVitals(t){t=this.enforceObject(t);let s={cls:{slow:7300,moderate:3800},fid:{slow:300,moderate:100},lcp:{slow:4e3,moderate:2e3},fcp:{slow:4e3,moderate:2e3},ttfb:{slow:600,moderate:600},si:{slow:5800,moderate:4300}};return Object.keys(s).forEach(n=>{let r=t[n],o="fast",i=!isNaN(parseFloat(r));r>s[n].slow?o="slow":r>s[n].moderate&&(o="moderate"),t[n]={value:r,score:o,available:i}}),t}processCommand(){this.commandLine="",this.commandLine+=Object.values(this.commandArguments||{}).filter(t=>t).join(" "),this.commandLine+=Object.entries(this.commandOptions||{}).reduce((t,[s,n])=>t+(n===!0?` --${s}`:` --${s}=${n}`),""),this.commandArgumentsMerged=this.createKeypairs(Object.assign({},this.commandArgumentsDefaults||{},this.commandArguments||{}),!1),this.commandOptionsMerged=this.createKeypairs(Object.assign({},this.commandOptionsDefaults||{},this.commandOptions||{}),!1)}processQueueJob(){this.jobOptions=this.createKeypairs(this.jobOptions)}getErrorsCount(){return this.log.reduce((t,s)=>s.level=="error"?t+1:t,0)}getWarningsCount(){return this.log.filter(t=>t.level=="warning").length+this.databaseSlowQueries}formatTime(t){let s=Math.floor(t/60),n=Math.floor(s/60);t=t%60,s=s%60;let r=[];return n&&r.push(n+"h"),s&&r.push(s+"min"),t&&r.push(t+"sec"),r.join(" ")}formatBytes(t){let s=["B","kB","MB","GB","TB","PB"],n=Math.floor(Math.log(t)/Math.log(1024));return`${Math.round(t/Math.round(Math.pow(1024,n)))} ${s[n]}`}enforceArray(t){return t instanceof Array?t:[]}enforceObject(t){return t instanceof Object&&Object.keys(t).filter(s=>s!="__type__").length?t:{}}optionalNonEmptyObject(t,s){return t instanceof Object&&Object.keys(t).filter(n=>n!="__type__").length?t:s}}const Fde=(...e)=>We(new ho(...e));function Jn(...e){return We(ho.placeholder(...e))}class ln{get api(){return chrome||browser}static runningAsExtension(){return typeof chrome=="object"&&chrome.devtools||typeof browser=="object"&&browser.devtools}init(t){this.global=t,this.requests=t.$requests,this.profiler=t.$profiler,this.settings=t.$settings,this.updateNotification=t.$updateNotification,this.lastPolledId=null,this.useProperTheme(),this.setMetadataUrl(),this.setMetadataClient(),this.listenToRequests(),this.throttlePolling(),this.loadLastRequest()}useProperTheme(){this.api.devtools.panels.themeName==="dark"&&(this.settings.defaultAppearance="dark")}setMetadataUrl(){this.resolveTabUrl().then(t=>this.requests.setRemote(t))}setMetadataClient(){this.requests.setClient((t,s,n,r)=>this.profiler.withoutProfiling(()=>this.fetch(t,s,n,r).then(({response:o,data:i})=>{if(o){if(o.status==403)throw{error:"requires-authentication",message:i.message,requires:i.requires};if(o.status!=200)throw{error:"error-response",message:"Server returned an error response."};if(!s.includes("only=")&&!(i instanceof Array)&&(!(i instanceof Object)||!Object.keys(i).length))throw{error:"empty-response",message:"Server returned an empty metadata."}}else throw{error:"network-error",message:"This can be caused by a network error, misconfigured web server or an invalid SSL certificate."};return i})))}fetch(t,s,n={},r={}){return new Promise((o,i)=>{this.api.runtime.sendMessage({action:"fetch",method:t,url:s,data:n,headers:r},a=>o(a))})}setCookie(t,s,n){return this.resolveTabUrl().then(r=>{this.api.runtime.sendMessage({action:"setCookie",url:r,name:t,value:s,path:"/",expirationDate:Math.floor(Date.now()/1e3)+n})})}getCookie(t){return this.resolveTabUrl().then(s=>new Promise((n,r)=>{this.api.runtime.sendMessage({action:"getCookie",url:s,name:t},o=>n(o))}))}resolveTabUrl(){return new Promise((t,s)=>{this.api.runtime.sendMessage({action:"getTabUrl",tabId:this.api.devtools.inspectedWindow.tabId},n=>t(n))})}listenToRequests(){this.api.runtime.onMessage.addListener(t=>{if(t.action!=="requestCompleted"||navigator.userAgent.toLowerCase().indexOf("firefox/57.0")===-1&&t.request.tabId!=this.api.devtools.inspectedWindow.tabId)return;let s=this.parseHeaders(t.request.responseHeaders);if(!s)return;this.updateNotification.serverVersion=s.version,this.requests.setRemote(t.request.url,s);let n=Jn(s.id,t.request);this.requests.loadId(s.id,null,n).then(()=>this.retryLoading(n)),s.subrequests.forEach(r=>{this.requests.setRemote(r.url,{path:r.path}),this.requests.loadId(r.id,null,Jn(r.id,r,n))}),this.requests.setRemote(t.request.url,s)}),(!this.settings.global.hideCommandTypeRequests||!this.settings.global.hideQueueJobTypeRequests||!this.settings.global.hideTestTypeRequests)&&this.startPollingRequests(),this.api.runtime.onMessage.addListener(t=>{t.action==="navigationStarted"&&(this.settings.global.preserveLog||t.details.tabId==this.api.devtools.inspectedWindow.tabId&&this.requests.clear())})}loadLastRequest(){this.api.runtime.sendMessage({action:"getLastTappedRequestInTab",tabId:this.api.devtools.inspectedWindow.tabId},t=>{if(!t)return;let s=this.parseHeaders(t.responseHeaders);this.updateNotification.serverVersion=s.version,this.requests.setRemote(t.url,s),this.requests.loadId(s.id,null,Jn(s.id,t)),(!this.settings.global.hideCommandTypeRequests||!this.settings.global.hideQueueJobTypeRequests||!this.settings.global.hideTestTypeRequests)&&this.startPollingRequests()})}parseHeaders(t){let s,n=(s=t.find(l=>l.name.toLowerCase()=="x-clockwork-id"||l.name.toLowerCase()=="x-tapped-id"))?s.value:void 0,r=(s=t.find(l=>l.name.toLowerCase()=="x-clockwork-path"||l.name.toLowerCase()=="x-tapped-path"))?s.value:void 0,o=(s=t.find(l=>l.name.toLowerCase()=="x-clockwork-version"||l.name.toLowerCase()=="x-tapped-version"))?s.value:void 0;if(!n)return;let i={};t.forEach(l=>{if(l.name.toLowerCase().indexOf("x-clockwork-header-")===0||l.name.toLowerCase().indexOf("x-tapped-header-")===0){let h=l.name.replace(/^x-(clockwork|tapped)-header-/i,"");i[h]=l.value}});let a=t.filter(l=>l.name.toLowerCase()=="x-clockwork-subrequest"||l.name.toLowerCase()=="x-tapped-subrequest").reduce((l,h)=>l.concat(h.value.split(",").map(d=>{let p=d.trim().split(";");return{id:p[0],url:decodeURIComponent(p[1]),path:decodeURIComponent(p[2])}})),[]);return{id:n,path:r,version:o,headers:i,subrequests:a}}retryLoading(t,s=0){t.error&&(s>3||setTimeout(()=>this.requests.loadId(t.id).then(()=>this.retryLoading(t,s+1)),(s+1)*(s+1)*100))}startPollingRequests(){var t;this.pollingInterval=1e3,this.isPolling=!0,this.lastPolledId=(t=this.requests.last())==null?void 0:t.id,this.pollTimeout||this.pollRequests()}stopPollingRequests(){this.isPolling=!1,clearTimeout(this.pollTimeout),this.pollTimeout=null}pollRequests(){clearTimeout(this.pollTimeout);let t=[this.settings.global.hideCommandTypeRequests?null:"command",this.settings.global.hideQueueJobTypeRequests?null:"queue-job",this.settings.global.hideTestTypeRequests?null:"test"].filter(Boolean);this.requests.withQuery({"type[]":t},()=>{this.requests.loadNext().then(s=>{var n;this.lastPolledId=((n=this.requests.last())==null?void 0:n.id)||this.lastPolledId,this.isPolling&&(this.pollTimeout=setTimeout(()=>this.pollRequests(),this.updatePollingInterval(s.length)))}).catch(()=>{this.isPolling&&(this.pollTimeout=setTimeout(()=>this.pollRequests(),this.updatePollingInterval(!1)))})})}throttlePolling(){document.addEventListener("visibilitychange",()=>{this.pollingInterval=document.hidden?6e4:1e3,!document.hidden&&this.isPolling&&this.pollRequests()})}updatePollingInterval(t){let s=new Date().getTime();return(t||!this.pollingLastReceived)&&(this.pollingLastReceived=s),s-this.pollingLastReceived>6e4?this.pollingInterval=5e3:s-this.pollingLastReceived>3e4?this.pollingInterval=2500:this.pollingInterval=1e3}hasFeature(t){return!["delete-shared","details-request","sharing","share-button"].includes(t)}settingsChanged(){this.settings.global.hideCommandTypeRequests&&this.settings.global.hideQueueJobTypeRequests&&this.settings.global.hideTestTypeRequests?this.stopPollingRequests():this.startPollingRequests()}}class Hde{init(t){this.global=t,this.requests=t.$requests,this.authentication=t.$authentication,this.profiler=t.$profiler,this.settings=t.$settings,this.lastPolledId=null,this.useProperTheme(),this.setMetadataUrl(),this.setMetadataClient(),this.loadRequestFromUri(),this.startPollingRequests(),this.throttlePolling(),this.settings.sites.length&&(this.settings.activeSite=this.settings.sites.find(s=>window.location.href.match(new RegExp(`^${s.regexp}`))))}useProperTheme(){window.matchMedia("(prefers-color-scheme: dark)").matches&&(this.settings.defaultAppearance="dark"),window.matchMedia("(prefers-color-scheme: dark)").addEventListener("change",t=>{this.settings.defaultAppearance=t.matches?"dark":"light"})}setMetadataUrl(){if(this.settings.global.metadataPath)return this.requests.setRemote(window.location.href,{path:this.settings.global.metadataPath});this.requests.setRemote(window.location.href,{path:new Tn(window.location.href).path().split("/").slice(0,-2).join("/")+"/__tapped/"})}setMetadataClient(){this.requests.setClient((t,s,n,r)=>this.profiler.withoutProfiling(()=>this.fetch(t,s,n,r).then(({response:o,data:i})=>{if(o.status==403)throw{error:"requires-authentication",message:i.message,requires:i.requires};if(o.status!=200)throw{error:"error-response",message:"Server returned an error response."};if(!s.includes("only=")&&!(i instanceof Array)&&(!(i instanceof Object)||!Object.keys(i).length))throw{error:"empty-response",message:"Server returned an empty metadata."};return i})))}fetch(t,s,n={},r={}){let o=new FormData;return Object.entries(n).forEach(([i,a])=>o.append(i,a)),fetch(s,{method:t,body:Object.keys(n).length?o:null,headers:r}).then(i=>i.json().then(a=>({response:i,data:a}))).catch(i=>{throw{error:"network-error",message:"This can be caused by a network error, misconfigured web server or an invalid SSL certificate."}})}setCookie(t,s,n){return document.cookie=`${t}=${s};path=/;max-age=${n}`,Promise.resolve()}getCookie(t){let s=document.cookie.match(new RegExp(`(?:^| )${t}=([^;]*)`));return Promise.resolve(s?s[1]:void 0)}loadRequestFromUri(){let t=Tn(window.location.href).fragment();t&&this.requests.loadId(t,!1)}startPollingRequests(){this.pollingInterval=1e3,this.requests.loadLatest().then(()=>{var t;if(!(this.lastPolledId=(t=this.requests.last())==null?void 0:t.id))throw new Error;this.pollRequests()}).catch(t=>{t.error=="requires-authentication"?this.authentication.request(t.message,t.requires).then(()=>{this.startPollingRequests()}):setTimeout(()=>this.startPollingRequests(),this.pollingInterval)})}pollRequests(){var t;clearTimeout(this.pollTimeout),this.requests.loadNext(null,((t=this.requests.last())==null?void 0:t.id)||this.lastPolledId).then(s=>{var n;if(!this.settings.global.preserveLog){let r=this.requests.last(i=>i.isRequest()&&!i.isAjax()),o=this.requests.all().indexOf(r);this.requests.setItems(this.requests.all().slice(o))}this.lastPolledId=((n=this.requests.last())==null?void 0:n.id)||this.lastPolledId,this.pollTimeout=setTimeout(()=>this.pollRequests(),this.updatePollingInterval(s.length))}).catch(()=>{this.pollTimeout=setTimeout(()=>this.pollRequests(),this.updatePollingInterval(!1))})}throttlePolling(){document.addEventListener("visibilitychange",()=>{this.pollingInterval=document.hidden?6e4:1e3,document.hidden||this.pollRequests()})}updatePollingInterval(t){let s=new Date().getTime();return(t||!this.pollingLastReceived)&&(this.pollingLastReceived=s),s-this.pollingLastReceived>6e4?this.pollingInterval=5e3:s-this.pollingLastReceived>3e4?this.pollingInterval=2500:this.pollingInterval=1e3}hasFeature(t){return!["delete-shared","details-request"].includes(t)}settingsChanged(){this.settings.global.metadataPath&&this.setMetadataUrl()}}class Bde{constructor(t){this.requests=t,this.username=this.password="",this.shown=!1,this.failed=!1,this.requires=[]}attempt(){let t={username:this.username,password:this.password};return this.username=this.password="",this.failed=!1,this.requests.client("POST",`${this.requests.remoteUrl}auth`,t).then(s=>{this.shown=!1,this.requests.setAuthenticationToken(s.token),this.requests.items.forEach(n=>{if(n.error&&n.error.error=="requires-authentication")return this.requests.loadId(n.id)}),this.accept()}).catch(s=>{this.failed=!0})}request(t,s){return this.shown=!0,this.requires=s,this.message=t,new Promise((n,r)=>{this.accept=n,this.reject=r})}}const jde=(...e)=>We(new Bde(...e));class Vde{constructor(t){this.platform=t,this.shown=!1,this.loaded=!1,this.version="5.3.2",this.credits=ps({app:{contributors:[],dependencies:[],sponsors:[]},php:{contributors:[],dependencies:[],sponsors:[]}}),this.authors=[{name:"its",avatarUrl:"https://avatars.githubusercontent.com/u/821582?v=3",twitterUrl:"https://twitter.com/itsgoingd",githubUrl:"https://github.com/itsgoingd",sponsorUrl:"https://github.com/sponsors/itsgoingd"}]}toggle(){this.shown=!this.shown,this.load()}load(){if(this.loaded)return;let t=["app","php"],s=["contributors","dependencies","sponsors"],n=[];t.forEach(r=>{s.forEach(o=>{n.push(this.platform.fetch("GET",`https://meta.underground.works/clockwork-${r}/${o}.json`).then(({data:i})=>this.credits[r][o]=i))})}),Promise.all(n).then(()=>this.loaded=!0)}}const Gde=(...e)=>We(new Vde(...e));class Wde{constructor(t){this.settings=t}register(t){t.mixin({methods:{$editorLink:this.filter()}})}filter(){return(t,s)=>{let n={atom:(o,i)=>`atom://open?url=file://${o}&line=${i}`,phpstorm:(o,i)=>`phpstorm://open?file=${o}&line=${i}`,sublime:(o,i)=>`subl://open?url=file://${o}&line=${i}`,textmate:(o,i)=>`txmt://open?url=file://${o}&line=${i}`,"vs-code":(o,i)=>`vscode://file/${o}:${i}`},r=this.settings.global.editor;if(!(!r||!n[r]))return t&&this.settings.site.localPathMap.real&&(t=t.replace(this.settings.site.localPathMap.real,this.settings.site.localPathMap.local)),n[r](t,s)}}}const zde=(...e)=>We(new Wde(...e));class Qde{constructor(){this.backend=null,this.isLocalStorageAvailable()?this.backend="local-storage":this.isBrowserStorageAvailable()&&(this.backend="browser-storage"),this.persistent=!!this.backend,this.data=null}initialize(){return this.load(),this}async get(t,s){return await this.load(),this.data[t]==null&&await this.set(t,s),this.data[t]}async set(t,s){await this.load(),this.data[t]=s,this.save()}load(){return this.data?Promise.resolve():new Promise(t=>{if(this.backend=="local-storage"){const s=localStorage.getItem("tapped");if(s)this.loaded(t,s);else{const n=localStorage.getItem("clockwork");this.loaded(t,n),n&&localStorage.setItem("tapped",n)}}else this.backend=="browser-storage"?(window.browser||window.chrome).storage.local.get(["tapped","clockwork"],s=>{s.tapped?this.loaded(t,s.tapped):(this.loaded(t,s.clockwork),s.clockwork&&(window.browser||window.chrome).storage.local.set({tapped:s.clockwork}))}):this.loaded(t)})}loaded(t,s){try{this.data=JSON.parse(s)}catch{}this.data=this.data instanceof Object?this.data:{},t()}save(){if(this.backend=="local-storage")try{localStorage.setItem("tapped",JSON.stringify(this.data))}catch{}else this.backend=="browser-storage"&&(window.browser||window.chrome).storage.local.set({tapped:JSON.stringify(this.data)})}isLocalStorageAvailable(){try{localStorage}catch{return!1}return!0}isBrowserStorageAvailable(){return window.browser&&browser.storage||window.chrome&&chrome.storage}}const Yde=(...e)=>We(new Qde(...e)).initialize();class Kde{constructor(t,s){this.platform=t,this.settings=s,this.enabled=!1,this.cookieLifetime=60}enableProfiling(){this.enabled=!0,this.platform.setCookie("tapped-profile",this.settings.site.onDemandSecret,this.cookieLifetime),clearTimeout(this.timeout),this.timeout=setTimeout(()=>{this.enabled&&this.enableProfiling()},this.cookieLifetime*1e3)}disableProfiling(){this.enabled=!1,clearTimeout(this.timeout)}}const Xde=(...e)=>We(new Kde(...e));class Fr{constructor(t,s){this.metadata=t,this.functions=s}static parse(t){return new Promise((s,n)=>{s(Fr.parseSync(t))})}static parseSync(t){let s={},n=[],r={},o={};t=t.split(`
`);let i=0,a,l,h,d;for(;(a=t[i++])!==void 0;)if(a.startsWith("fl=")){let[p,g]=this.resolveCompressedName(a.match(/fl=(.+)/)[0],r);a=t[i++];let[y,A]=this.resolveCompressedName(a.match(/fn=(.+)/)[0],o);a=t[i++];let k=a.split(" ").map(W=>parseFloat(W)),j=k.shift();h=n[y],h||(n[y]=h={name:A,file:g,line:j,invocations:0,self:new Array(k.length).fill(0),inclusive:new Array(k.length).fill(0),callers:[],subCalls:[]}),h.invocations++,h.self=h.self.map((W,C)=>W+k[C]),h.inclusive=h.inclusive.map((W,C)=>W+k[C])}else if(a.startsWith("cfn=")){let[p,g]=this.resolveCompressedName(a.match(/cfn=(.+)/)[0],o);a=t[i++],a=t[i++];let y=a.split(" ").map(C=>parseFloat(C)),A=y.shift(),k=n[p];h.inclusive=y.map((C,R)=>C+(h.inclusive[R]||0));let j=k.callers[d];j||(k.callers[d]=j={name:h.name,line:A,calls:0,summed:new Array(y.length).fill(0)}),j.calls++,j.summed=j.summed.map((C,R)=>C+y[R]);let W=h.subCalls[p];W||(h.subCalls[p]=W={name:g,line:A,calls:0,summed:new Array(y.length).fill(0)}),W.calls++,W.summed=W.summed.map((C,R)=>C+y[R])}else(l=a.match(/^(.+?): (.+)/))&&(s[l[1]]=l[2]);return new Fr(s,n.slice(1))}static resolveCompressedName(t,s){let[n,r,o]=t.match(/\((\d+)\)(?: (.*))?/);return o&&(s[r]=o),[r,s[r]]}}class Jde{constructor(t,s){this.requests=t,this.platform=s,this.available=!1,this.loading=!1,this.parsing=!1,this.ready=!1,this.invalid=!1,this.isProfiling=!1,this.metric=0,this.percentual=!1,this.shownFraction=.9,this.request=void 0,this.functions=[]}initialize(){return this.platform.getCookie("XDEBUG_PROFILE").then(t=>this.isProfiling=t),this}enableProfiling(){return this.platform.setCookie("XDEBUG_PROFILE","1",60*60*24*30).then(()=>{this.isProfiling=!0})}disableProfiling(t=!1,s=!1){return t&&this.clear(),this.platform.setCookie("XDEBUG_PROFILE","0",0).then(()=>{s||(this.isProfiling=!1)})}async withoutProfiling(t){if(!this.isProfiling)return t();await this.disableProfiling(!1,!0);let s=t();return await this.enableProfiling(),s}loadRequest(t){if(!(this.request&&this.request.id==t.id)){if(!t.xdebug||!t.xdebug.profile)return this.clear();if(this.request=t,this.available=this.loading=this.parsing=this.ready=!1,this.summary=this.metadata=this.functions=[],this.available=!0,t.xdebug.profileData)return this.parseProfile();this.loading=!0,this.requests.loadExtended(t.id,["xdebug"]).then(s=>{this.loading=!1,this.parseProfile()})}}parseProfile(){if(!this.request.xdebug.profileData)return this.available=!1;this.ready=this.invalid=!1,this.parsing=!0,Fr.parse(this.request.xdebug.profileData).then(t=>{if(!t.metadata.summary)return this.parsing=this.available=!1;this.metadata=t.metadata,this.summary=this.metadata.summary.split(" ");let s=this.metadata.events.includes("Time_(10ns)");this.functionsAll=t.functions.filter(n=>n.name!="{main}").map(n=>(n.selfAll=n.self,n.inclusiveAll=n.inclusive,n.fullPath=n.file=="php:internal"?"internal":`${n.file}:${n.line}`,n.shortPath=n.fullPath!="internal"?n.fullPath.split(/[\/\\]/).pop():n.fullPath,s&&(n.selfAll[0]=n.selfAll[0]/100,n.inclusiveAll[0]=n.inclusiveAll[0]/100),n)),this.presentProfile(),this.parsing=!1,this.ready=!0}).catch(t=>{this.parsing=!1,this.invalid=!0})}presentProfile(){let t=this.shownFraction*this.summary[this.metric];this.functions=this.functionsAll.filter(s=>(t-=s.selfAll[this.metric],t>0)).map(s=>(s.self=this.percentual?s.selfAll[this.metric]/this.summary[this.metric]*100:s.selfAll[this.metric],s.inclusive=this.percentual?s.inclusiveAll[this.metric]/this.summary[this.metric]*100:s.inclusiveAll[this.metric],s))}clear(){this.available=this.loading=this.parsing=this.ready=!1,this.summary=this.metadata=this.functions=[],this.request=void 0}showMetric(t){this.metric=t,this.presentProfile()}showPercentual(t){this.percentual=t===!0||t===void 0,this.presentProfile()}setShownFraction(t){this.shownFraction=t,this.presentProfile()}formatMetric(t){return this.percentual?Math.round(t)+" %":this.metric==1?Math.round(t/1024)+" kB":Math.round(t/100)/10+" ms"}}const Zde=(...e)=>We(new Jde(...e)).initialize();class ehe{constructor(){this.settings=null,this.items=ps([]),this.query={},this.exclusive={}}all(){return this.items}findId(t){return this.items.find(s=>s.id==t)}loadId(t,s,n){let r=this.findId(t);return r?n=r:n!==!1&&(n=this.push(n||Jn(t))),n&&!s&&(n.loading=!0),this.withQuery(s?{only:s.join(",")}:{},()=>this.load(t,o=>o.then(i=>(n?n.resolve(i[0],s):this.items.push(i[0]),s||this.sort(),n||i[0])).catch(i=>{n&&n.resolveWithError(i)})))}loadExtended(t,s){let n=this.findId(t);return this.withQuery(s?{only:s.join(",")}:{},()=>this.load(`${t}/extended`,r=>r.then(o=>n.resolve(o[0],s)).catch(o=>{})))}loadLatest(t=!0){return this.load("latest",s=>s.then(n=>(t&&this.merge(n),n[0])),t)}returnLatest(){return this.loadLatest(!1)}loadNext(t,s,n=!0){var r;return s=s||((r=this.last(o=>!o.loading))==null?void 0:r.id),s?this.load(`${s}/next`+(t?`/${t}`:""),o=>o.then(i=>(n&&this.merge(i),i)).catch(i=>{}),n):Promise.resolve([])}returnNext(t,s){return this.loadNext(t,s,!1)}loadPrevious(t,s,n=!0){return!s&&!this.items.length?Promise.resolve([]):(s=s||this.first(r=>!r.loading).id,this.load(`${s}/previous`+(t?`/${t}`:""),r=>r.then(o=>(n&&this.merge(o),o)).catch(o=>{}),n))}returnPrevious(t,s){return this.loadPrevious(t,s,!1)}clear(){this.items.splice(0)}merge(t){t=t.filter(s=>!this.findId(s.id)),t.length&&(this.items.push(...t),this.sort())}push(t){return t=ps(t),this.items.push(t),t}sort(){this.items=this.items.sort((t,s)=>t.time-s.time)}first(t){return t?this.items.find(t):this.items[0]}last(t){return t?this.items.slice().reverse().find(t):this.items[this.items.length-1]}setClient(t){this.client=t}setItems(t){this.items.splice(0),this.items.push(...t)}setRemote(t,s){s=s||{},s.path=s.path||"/__tapped/",t=new Tn(t);let[n,r]=s.path.split("?");t.pathname(n||""),t.query(r||""),t.hash(""),this.remoteUrl=t.toString(),this.remoteHeaders=s.headers||{}}setAuthenticationToken(t){this.settings.site.authToken=t,this.settings.save()}setQuery(t){this.query=t}withQuery(t,s){let n=this.query;this.query=t;let r=s();return this.query=n,r}load(t,s,n=!1){if(n)return this.loadExclusive(t,s);let r=Tn(`${this.remoteUrl}${t}`).addQuery(this.query).toString(),o=Object.assign({},this.remoteHeaders,{"X-Tapped-Auth":this.settings.site.authToken});return s(this.client("GET",r,{},o).then(i=>i?(i instanceof Array?i:[i]).map(a=>Fde(a)):[]))}loadExclusive(t,s){return this.exclusive[t]?this.exclusive[t]:this.exclusive[t]=this.load(t,s).finally(()=>this.exclusive[t]=null)}}const the=(...e)=>We(new ehe(...e));class she{constructor(t){this.requests=t,this.tags=[{tag:"controller"},{tag:"method",validate:s=>["get","post","put","patch","delete","head"].includes(s)},{tag:"status",validate:s=>s>=100&&s<600},{tag:"time"},{tag:"received",validate:s=>new Date(s)},{tag:"type",validate:s=>["command","queue-job","request"].includes(s)}],this.shown=!1,this.input="",this.searchDebounced=to(()=>this.search(),500)}toggle(){this.shown=!this.shown,this.shown?Yr(()=>document.querySelector(".requests-search input").focus()):(this.input="",this.search())}search(){let{terms:t,tags:s}=this.tokenize(this.input);s=Object.entries(s).filter(([n,r])=>(n=this.tags.find(o=>o.tag==n),n&&(!n.validate||r.every(o=>n.validate(o))))).reduce((n,[r,o])=>(n[`${r}[]`]=o,n),{}),this.requests.setQuery(t.length||Object.keys(s).length?{"uri[]":t,"name[]":t,...s}:{}),this.requests.returnLatest().then(n=>{this.requests.returnPrevious(9,n.id).then(r=>{this.requests.setItems(r?[...r,n]:[n])})}).catch(()=>{this.requests.clear()})}tokenize(t){let s=[],n={},r=/(\w+:)?("[^"]*"|[^\s]+)/g,o;for(;o=r.exec(t);){let i=o[1]?o[1].substr(0,o[1].length-1):void 0,a=o[2];(o=a.match(/^"(.+?)"$/))&&(a=o[1]),i?(n[i]||(n[i]=[]),n[i].push(a)):s.push(a)}return{terms:s,tags:n}}}const nhe=(...e)=>We(new she(...e));var rhe=ohe;function ohe(e,t){for(var s={},n=Object.keys(e),r=n.length,o=0;o<r;o++){var i=n[o];s[i]=t(e[i],i,e)}return s}class ihe{constructor(t,s,n){this.store=t,this.requests=s,this.platform=n,this.requests.settings=this,this.shown=!1,this.loaded=!1,this.settings=ps(this.defaults()),this.defaultAppearance="light"}initialize(){return this.load(),this}get global(){return this.settings.global}get site(){return this.settings.site[this.requests.remoteUrl]||(this.settings.site[this.requests.remoteUrl]=on(!0,{},this.defaults().site)),this.settings.site[this.requests.remoteUrl]}get persistent(){return this.store.persistent}get appearance(){return this.global.appearance!="auto"?this.global.appearance:this.defaultAppearance}toggle(){this.shown=!this.shown}save(){this.store.set("settings",this.settings),this.platform.settingsChanged()}async load(){let t=this.defaults(),s=await this.store.get("settings",{});Object.assign(this.settings,{global:on(!0,t.global,s.global||{}),site:rhe(s.site||{},n=>on(!0,{},t.site,n||{}))}),this.loaded=!0,this.platform.settingsChanged()}defaults(){return{global:{appearance:"auto",databasePrettified:!1,editor:null,showIncomingRequests:!0,hideCommandTypeRequests:this.platform instanceof ln,hideQueueJobTypeRequests:this.platform instanceof ln,hideTestTypeRequests:this.platform instanceof ln,ignoredUpdateNotifications:{},metadataPath:null,performanceVitalsInfoShown:!0,preserveLog:!0,requestsListCollapsed:!1,requestSidebarCollapsed:!1,requestSidebarCollapsedSections:{headers:!1,data:!1,getData:!1,postData:!1,cookies:!1,middleware:!1,session:!1,arguments:!1,options:!1,payload:!1,queue:!1,connection:!1,asserts:!1},seenReleaseNotesVersion:null,shareTermsAccepted:!1,timelineCondensed:{performance:!0,views:!1},timelineHiddenTags:{}},site:{localPathMap:{real:null,local:null},onDemandSecret:null,sharingUrl:"https://tapped.thinkneverland.com/ingest"}}}}const ahe=(...e)=>We(new ihe(...e)).initialize();class lhe{register(t){t.mixin({methods:{$date:this.date,$join:this.join,$round:this.round,$shortClass:this.shortClass,$title:this.title}})}date(t,s){return Wn(t,s)}join(t,s=", "){return t instanceof Array?t.join(s):t}round(t,s=0){return parseFloat(parseFloat(t).toFixed(s))}shortClass(t){return t?t.split("\\").pop():""}title(t){return typeof t!="string"?t:t.replace(/(\w)([A-Z])/,"$1 $2").split(" ").map(s=>s[0].toUpperCase()+s.substr(1).toLowerCase()).join(" ")}}const che=(...e)=>new lhe(...e);class uhe{constructor(t){this.settings=t,this.serverVersion=null}get ignoredUpdates(){return this.settings.global.ignoredUpdateNotifications||{}}latest(){return{version:"4.1.2",url:"https://underground.works/blog/clockwork-4.1-released-with-commands-queue-jobs-tests-profiling-and-more"}}show(t){if(!(this.ignoresUpdate(t)||!this.serverVersion)&&this.versionCompare(this.latest().version,this.serverVersion)==1)return{version:this.latest().version,url:this.latest().url,currentVersion:this.serverVersion}}ignoresUpdate(t){let s=this.ignoredUpdates[t];return s&&this.versionCompare(s,this.latest().version)>=0}ignoreUpdate(t){let s=this.ignoredUpdates;s[t]=this.latest().version,this.store.set("update-notification.ignored-updates",s)}versionCompare(t,s){t=t.split(".").map(n=>parseInt(n)),s=s.split(".").map(n=>parseInt(n));for(let n=0;n<Math.max(t.length,s.length);n++){if(t[n]&&!s[n]||t[n]>s[n])return 1;if(!t[n]&&s[n]||t[n]<s[n])return-1}return 0}}const dhe=(...e)=>We(new uhe(...e));let rs;rs=ln.runningAsExtension()?new ln:new Hde;let ju=Yde(),kn=the(),Nn=ahe(ju,kn,rs),hhe=jde(kn),fhe=Gde(rs),phe=zde(Nn),Vu=Xde(rs,Nn),mhe=Zde(kn,rs),ghe=nhe(kn),vhe=che(),bhe=dhe(Nn),yhe=Jie(rs,Nn),Gu={$requests:kn,$platform:rs,$authentication:hhe,$credits:fhe,$editorLinks:phe,$onDemand:Vu,$profiler:mhe,$requestsSearch:ghe,$settings:Nn,$textFilters:vhe,$store:ju,$updateNotification:bhe,$whatsNew:yhe,$request:null,activeDetailsTab:"performance",showIncomingRequests:!0};rs.init(Gu);Vu.enableProfiling();let Ehe=Cde(Gu);Ehe.mount("#app");
 
Context
devtools://devtools/bundled/devtools_app.html?remoteBase=https://chrome-devtools-frontend.appspot.com/serve_file/@fd886e2cb29dd984c13deec032832dee68d8abe3/&targetType=tab&can_dock=true
Stack Trace
assets/index-CKAiPbkH.js:13 (Fd)
assets/index-CKAiPbkH.js:13 (Qr)
assets/index-CKAiPbkH.js:13 (To)
assets/index-CKAiPbkH.js:13 (ne)
assets/index-CKAiPbkH.js:9 (run)
assets/index-CKAiPbkH.js:13 (_)
assets/index-CKAiPbkH.js:13 (m)
assets/index-CKAiPbkH.js:13 (c)
assets/index-CKAiPbkH.js:13 (k)
assets/index-CKAiPbkH.js:13 (oe)
assets/index-CKAiPbkH.js:13 (L)
assets/index-CKAiPbkH.js:13 (q)
assets/index-CKAiPbkH.js:13 (k)
assets/index-CKAiPbkH.js:13 (ne)
assets/index-CKAiPbkH.js:9 (run)
assets/index-CKAiPbkH.js:13 (_)
assets/index-CKAiPbkH.js:13 (m)
assets/index-CKAiPbkH.js:13 (c)
assets/index-CKAiPbkH.js:13 (k)
assets/index-CKAiPbkH.js:13 (oe)
assets/index-CKAiPbkH.js:13 (L)
assets/index-CKAiPbkH.js:13 (q)
assets/index-CKAiPbkH.js:13 (k)
assets/index-CKAiPbkH.js:13 (ne)
assets/index-CKAiPbkH.js:9 (run)
assets/index-CKAiPbkH.js:13 (_)
assets/index-CKAiPbkH.js:13 (m)
assets/index-CKAiPbkH.js:13 (c)
assets/index-CKAiPbkH.js:13 (k)
assets/index-CKAiPbkH.js:13 (De)
assets/index-CKAiPbkH.js:13 (mount)
assets/index-CKAiPbkH.js:17 (t.mount)
assets/index-CKAiPbkH.js:78 (anonymous function)
1
2
3
4
5
6
7
8
9
10
11
12
13
14
15
16
17
18
19
20
21
22
23
24
25
26
27
28
29
30
31
32
33
34
35
36
37
38
39
40
41
42
43
44
45
46
47
48
49
50
51
52
53
54
55
56
57
58
59
60
61
62
63
64
65
66
67
68
69
70
71
72
73
74
75
76
77
78
79
(function(){const t=document.createElement("link").relList;if(t&&t.supports&&t.supports("modulepreload"))return;for(const r of document.querySelectorAll('link[rel="modulepreload"]'))n(r);new MutationObserver(r=>{for(const o of r)if(o.type==="childList")for(const i of o.addedNodes)i.tagName==="LINK"&&i.rel==="modulepreload"&&n(i)}).observe(document,{childList:!0,subtree:!0});function s(r){const o={};return r.integrity&&(o.integrity=r.integrity),r.referrerPolicy&&(o.referrerPolicy=r.referrerPolicy),r.crossOrigin==="use-credentials"?o.credentials="include":r.crossOrigin==="anonymous"?o.credentials="omit":o.credentials="same-origin",o}function n(r){if(r.ep)return;r.ep=!0;const o=s(r);fetch(r.href,o)}})();/**
* @vue/shared v3.5.13
* (c) 2018-present Yuxi (Evan) You and Vue contributors
* @license MIT
**//*! #__NO_SIDE_EFFECTS__ */function ai(e){const t=Object.create(null);for(const s of e.split(","))t[s]=1;return s=>s in t}const Ie={},Ss=[],It=()=>{},Wu=()=>!1,Hr=e=>e.charCodeAt(0)===111&&e.charCodeAt(1)===110&&(e.charCodeAt(2)>122||e.charCodeAt(2)<97),li=e=>e.startsWith("onUpdate:"),Fe=Object.assign,ci=(e,t)=>{const s=e.indexOf(t);s>-1&&e.splice(s,1)},zu=Object.prototype.hasOwnProperty,Re=(e,t)=>zu.call(e,t),de=Array.isArray,Rs=e=>wn(e)==="[object Map]",Ls=e=>wn(e)==="[object Set]",Hi=e=>wn(e)==="[object Date]",me=e=>typeof e=="function",xe=e=>typeof e=="string",Tt=e=>typeof e=="symbol",ke=e=>e!==null&&typeof e=="object",pl=e=>(ke(e)||me(e))&&me(e.then)&&me(e.catch),ml=Object.prototype.toString,wn=e=>ml.call(e),Qu=e=>wn(e).slice(8,-1),gl=e=>wn(e)==="[object Object]",ui=e=>xe(e)&&e!=="NaN"&&e[0]!=="-"&&""+parseInt(e,10)===e,Xs=ai(",key,ref,ref_for,ref_key,onVnodeBeforeMount,onVnodeMounted,onVnodeBeforeUpdate,onVnodeUpdated,onVnodeBeforeUnmount,onVnodeUnmounted"),Br=e=>{const t=Object.create(null);return s=>t[s]||(t[s]=e(s))},Yu=/-(\w)/g,bt=Br(e=>e.replace(Yu,(t,s)=>s?s.toUpperCase():"")),Ku=/\B([A-Z])/g,gs=Br(e=>e.replace(Ku,"-$1").toLowerCase()),jr=Br(e=>e.charAt(0).toUpperCase()+e.slice(1)),fo=Br(e=>e?`on${jr(e)}`:""),Zt=(e,t)=>!Object.is(e,t),Fn=(e,...t)=>{for(let s=0;s<e.length;s++)e[s](...t)},vl=(e,t,s,n=!1)=>{Object.defineProperty(e,t,{configurable:!0,enumerable:!1,writable:n,value:s})},Zn=e=>{const t=parseFloat(e);return isNaN(t)?e:t},Xu=e=>{const t=xe(e)?Number(e):NaN;return isNaN(t)?e:t};let Bi;const Vr=()=>Bi||(Bi=typeof globalThis<"u"?globalThis:typeof self<"u"?self:typeof window<"u"?window:typeof global<"u"?global:{});function ut(e){if(de(e)){const t={};for(let s=0;s<e.length;s++){const n=e[s],r=xe(n)?td(n):ut(n);if(r)for(const o in r)t[o]=r[o]}return t}else if(xe(e)||ke(e))return e}const Ju=/;(?![^(]*\))/g,Zu=/:([^]+)/,ed=/\/\*[^]*?\*\//g;function td(e){const t={};return e.replace(ed,"").split(Ju).forEach(s=>{if(s){const n=s.split(Zu);n.length>1&&(t[n[0].trim()]=n[1].trim())}}),t}function te(e){let t="";if(xe(e))t=e;else if(de(e))for(let s=0;s<e.length;s++){const n=te(e[s]);n&&(t+=n+" ")}else if(ke(e))for(const s in e)e[s]&&(t+=s+" ");return t.trim()}const sd="itemscope,allowfullscreen,formnovalidate,ismap,nomodule,novalidate,readonly",nd=ai(sd);function bl(e){return!!e||e===""}function rd(e,t){if(e.length!==t.length)return!1;let s=!0;for(let n=0;s&&n<e.length;n++)s=_n(e[n],t[n]);return s}function _n(e,t){if(e===t)return!0;let s=Hi(e),n=Hi(t);if(s||n)return s&&n?e.getTime()===t.getTime():!1;if(s=Tt(e),n=Tt(t),s||n)return e===t;if(s=de(e),n=de(t),s||n)return s&&n?rd(e,t):!1;if(s=ke(e),n=ke(t),s||n){if(!s||!n)return!1;const r=Object.keys(e).length,o=Object.keys(t).length;if(r!==o)return!1;for(const i in e){const a=e.hasOwnProperty(i),l=t.hasOwnProperty(i);if(a&&!l||!a&&l||!_n(e[i],t[i]))return!1}}return String(e)===String(t)}function di(e,t){return e.findIndex(s=>_n(s,t))}const yl=e=>!!(e&&e.__v_isRef===!0),T=e=>xe(e)?e:e==null?"":de(e)||ke(e)&&(e.toString===ml||!me(e.toString))?yl(e)?T(e.value):JSON.stringify(e,El,2):String(e),El=(e,t)=>yl(t)?El(e,t.value):Rs(t)?{[`Map(${t.size})`]:[...t.entries()].reduce((s,[n,r],o)=>(s[po(n,o)+" =>"]=r,s),{})}:Ls(t)?{[`Set(${t.size})`]:[...t.values()].map(s=>po(s))}:Tt(t)?po(t):ke(t)&&!de(t)&&!gl(t)?String(t):t,po=(e,t="")=>{var s;return Tt(e)?`Symbol(${(s=e.description)!=null?s:t})`:e};/**
* @vue/reactivity v3.5.13
* (c) 2018-present Yuxi (Evan) You and Vue contributors
* @license MIT
**/let tt;class od{constructor(t=!1){this.detached=t,this._active=!0,this.effects=[],this.cleanups=[],this._isPaused=!1,this.parent=tt,!t&&tt&&(this.index=(tt.scopes||(tt.scopes=[])).push(this)-1)}get active(){return this._active}pause(){if(this._active){this._isPaused=!0;let t,s;if(this.scopes)for(t=0,s=this.scopes.length;t<s;t++)this.scopes[t].pause();for(t=0,s=this.effects.length;t<s;t++)this.effects[t].pause()}}resume(){if(this._active&&this._isPaused){this._isPaused=!1;let t,s;if(this.scopes)for(t=0,s=this.scopes.length;t<s;t++)this.scopes[t].resume();for(t=0,s=this.effects.length;t<s;t++)this.effects[t].resume()}}run(t){if(this._active){const s=tt;try{return tt=this,t()}finally{tt=s}}}on(){tt=this}off(){tt=this.parent}stop(t){if(this._active){this._active=!1;let s,n;for(s=0,n=this.effects.length;s<n;s++)this.effects[s].stop();for(this.effects.length=0,s=0,n=this.cleanups.length;s<n;s++)this.cleanups[s]();if(this.cleanups.length=0,this.scopes){for(s=0,n=this.scopes.length;s<n;s++)this.scopes[s].stop(!0);this.scopes.length=0}if(!this.detached&&this.parent&&!t){const r=this.parent.scopes.pop();r&&r!==this&&(this.parent.scopes[this.index]=r,r.index=this.index)}this.parent=void 0}}}function Tl(){return tt}function id(e,t=!1){tt&&tt.cleanups.push(e)}let Le;const mo=new WeakSet;class wl{constructor(t){this.fn=t,this.deps=void 0,this.depsTail=void 0,this.flags=5,this.next=void 0,this.cleanup=void 0,this.scheduler=void 0,tt&&tt.active&&tt.effects.push(this)}pause(){this.flags|=64}resume(){this.flags&64&&(this.flags&=-65,mo.has(this)&&(mo.delete(this),this.trigger()))}notify(){this.flags&2&&!(this.flags&32)||this.flags&8||Sl(this)}run(){if(!(this.flags&1))return this.fn();this.flags|=2,ji(this),Rl(this);const t=Le,s=Et;Le=this,Et=!0;try{return this.fn()}finally{Cl(this),Le=t,Et=s,this.flags&=-3}}stop(){if(this.flags&1){for(let t=this.deps;t;t=t.nextDep)pi(t);this.deps=this.depsTail=void 0,ji(this),this.onStop&&this.onStop(),this.flags&=-2}}trigger(){this.flags&64?mo.add(this):this.scheduler?this.scheduler():this.runIfDirty()}runIfDirty(){Uo(this)&&this.run()}get dirty(){return Uo(this)}}let _l=0,Js,Zs;function Sl(e,t=!1){if(e.flags|=8,t){e.next=Zs,Zs=e;return}e.next=Js,Js=e}function hi(){_l++}function fi(){if(--_l>0)return;if(Zs){let t=Zs;for(Zs=void 0;t;){const s=t.next;t.next=void 0,t.flags&=-9,t=s}}let e;for(;Js;){let t=Js;for(Js=void 0;t;){const s=t.next;if(t.next=void 0,t.flags&=-9,t.flags&1)try{t.trigger()}catch(n){e||(e=n)}t=s}}if(e)throw e}function Rl(e){for(let t=e.deps;t;t=t.nextDep)t.version=-1,t.prevActiveLink=t.dep.activeLink,t.dep.activeLink=t}function Cl(e){let t,s=e.depsTail,n=s;for(;n;){const r=n.prevDep;n.version===-1?(n===s&&(s=r),pi(n),ad(n)):t=n,n.dep.activeLink=n.prevActiveLink,n.prevActiveLink=void 0,n=r}e.deps=t,e.depsTail=s}function Uo(e){for(let t=e.deps;t;t=t.nextDep)if(t.dep.version!==t.version||t.dep.computed&&(Al(t.dep.computed)||t.dep.version!==t.version))return!0;return!!e._dirty}function Al(e){if(e.flags&4&&!(e.flags&16)||(e.flags&=-17,e.globalVersion===cn))return;e.globalVersion=cn;const t=e.dep;if(e.flags|=2,t.version>0&&!e.isSSR&&e.deps&&!Uo(e)){e.flags&=-3;return}const s=Le,n=Et;Le=e,Et=!0;try{Rl(e);const r=e.fn(e._value);(t.version===0||Zt(r,e._value))&&(e._value=r,t.version++)}catch(r){throw t.version++,r}finally{Le=s,Et=n,Cl(e),e.flags&=-3}}function pi(e,t=!1){const{dep:s,prevSub:n,nextSub:r}=e;if(n&&(n.nextSub=r,e.prevSub=void 0),r&&(r.prevSub=n,e.nextSub=void 0),s.subs===e&&(s.subs=n,!n&&s.computed)){s.computed.flags&=-5;for(let o=s.computed.deps;o;o=o.nextDep)pi(o,!0)}!t&&!--s.sc&&s.map&&s.map.delete(s.key)}function ad(e){const{prevDep:t,nextDep:s}=e;t&&(t.nextDep=s,e.prevDep=void 0),s&&(s.prevDep=t,e.nextDep=void 0)}let Et=!0;const kl=[];function ss(){kl.push(Et),Et=!1}function ns(){const e=kl.pop();Et=e===void 0?!0:e}function ji(e){const{cleanup:t}=e;if(e.cleanup=void 0,t){const s=Le;Le=void 0;try{t()}finally{Le=s}}}let cn=0;class ld{constructor(t,s){this.sub=t,this.dep=s,this.version=s.version,this.nextDep=this.prevDep=this.nextSub=this.prevSub=this.prevActiveLink=void 0}}class Gr{constructor(t){this.computed=t,this.version=0,this.activeLink=void 0,this.subs=void 0,this.map=void 0,this.key=void 0,this.sc=0}track(t){if(!Le||!Et||Le===this.computed)return;let s=this.activeLink;if(s===void 0||s.sub!==Le)s=this.activeLink=new ld(Le,this),Le.deps?(s.prevDep=Le.depsTail,Le.depsTail.nextDep=s,Le.depsTail=s):Le.deps=Le.depsTail=s,Nl(s);else if(s.version===-1&&(s.version=this.version,s.nextDep)){const n=s.nextDep;n.prevDep=s.prevDep,s.prevDep&&(s.prevDep.nextDep=n),s.prevDep=Le.depsTail,s.nextDep=void 0,Le.depsTail.nextDep=s,Le.depsTail=s,Le.deps===s&&(Le.deps=n)}return s}trigger(t){this.version++,cn++,this.notify(t)}notify(t){hi();try{for(let s=this.subs;s;s=s.prevSub)s.sub.notify()&&s.sub.dep.notify()}finally{fi()}}}function Nl(e){if(e.dep.sc++,e.sub.flags&4){const t=e.dep.computed;if(t&&!e.dep.subs){t.flags|=20;for(let n=t.deps;n;n=n.nextDep)Nl(n)}const s=e.dep.subs;s!==e&&(e.prevSub=s,s&&(s.nextSub=e)),e.dep.subs=e}}const er=new WeakMap,fs=Symbol(""),Fo=Symbol(""),un=Symbol("");function Xe(e,t,s){if(Et&&Le){let n=er.get(e);n||er.set(e,n=new Map);let r=n.get(s);r||(n.set(s,r=new Gr),r.map=n,r.key=s),r.track()}}function xt(e,t,s,n,r,o){const i=er.get(e);if(!i){cn++;return}const a=l=>{l&&l.trigger()};if(hi(),t==="clear")i.forEach(a);else{const l=de(e),h=l&&ui(s);if(l&&s==="length"){const d=Number(n);i.forEach((p,g)=>{(g==="length"||g===un||!Tt(g)&&g>=d)&&a(p)})}else switch((s!==void 0||i.has(void 0))&&a(i.get(s)),h&&a(i.get(un)),t){case"add":l?h&&a(i.get("length")):(a(i.get(fs)),Rs(e)&&a(i.get(Fo)));break;case"delete":l||(a(i.get(fs)),Rs(e)&&a(i.get(Fo)));break;case"set":Rs(e)&&a(i.get(fs));break}}fi()}function cd(e,t){const s=er.get(e);return s&&s.get(t)}function ys(e){const t=_e(e);return t===e?t:(Xe(t,"iterate",un),vt(e)?t:t.map(Je))}function Wr(e){return Xe(e=_e(e),"iterate",un),e}const ud={__proto__:null,[Symbol.iterator](){return go(this,Symbol.iterator,Je)},concat(...e){return ys(this).concat(...e.map(t=>de(t)?ys(t):t))},entries(){return go(this,"entries",e=>(e[1]=Je(e[1]),e))},every(e,t){return Lt(this,"every",e,t,void 0,arguments)},filter(e,t){return Lt(this,"filter",e,t,s=>s.map(Je),arguments)},find(e,t){return Lt(this,"find",e,t,Je,arguments)},findIndex(e,t){return Lt(this,"findIndex",e,t,void 0,arguments)},findLast(e,t){return Lt(this,"findLast",e,t,Je,arguments)},findLastIndex(e,t){return Lt(this,"findLastIndex",e,t,void 0,arguments)},forEach(e,t){return Lt(this,"forEach",e,t,void 0,arguments)},includes(...e){return vo(this,"includes",e)},indexOf(...e){return vo(this,"indexOf",e)},join(e){return ys(this).join(e)},lastIndexOf(...e){return vo(this,"lastIndexOf",e)},map(e,t){return Lt(this,"map",e,t,void 0,arguments)},pop(){return Us(this,"pop")},push(...e){return Us(this,"push",e)},reduce(e,...t){return Vi(this,"reduce",e,t)},reduceRight(e,...t){return Vi(this,"reduceRight",e,t)},shift(){return Us(this,"shift")},some(e,t){return Lt(this,"some",e,t,void 0,arguments)},splice(...e){return Us(this,"splice",e)},toReversed(){return ys(this).toReversed()},toSorted(e){return ys(this).toSorted(e)},toSpliced(...e){return ys(this).toSpliced(...e)},unshift(...e){return Us(this,"unshift",e)},values(){return go(this,"values",Je)}};function go(e,t,s){const n=Wr(e),r=n[t]();return n!==e&&!vt(e)&&(r._next=r.next,r.next=()=>{const o=r._next();return o.value&&(o.value=s(o.value)),o}),r}const dd=Array.prototype;function Lt(e,t,s,n,r,o){const i=Wr(e),a=i!==e&&!vt(e),l=i[t];if(l!==dd[t]){const p=l.apply(e,o);return a?Je(p):p}let h=s;i!==e&&(a?h=function(p,g){return s.call(this,Je(p),g,e)}:s.length>2&&(h=function(p,g){return s.call(this,p,g,e)}));const d=l.call(i,h,n);return a&&r?r(d):d}function Vi(e,t,s,n){const r=Wr(e);let o=s;return r!==e&&(vt(e)?s.length>3&&(o=function(i,a,l){return s.call(this,i,a,l,e)}):o=function(i,a,l){return s.call(this,i,Je(a),l,e)}),r[t](o,...n)}function vo(e,t,s){const n=_e(e);Xe(n,"iterate",un);const r=n[t](...s);return(r===-1||r===!1)&&bi(s[0])?(s[0]=_e(s[0]),n[t](...s)):r}function Us(e,t,s=[]){ss(),hi();const n=_e(e)[t].apply(e,s);return fi(),ns(),n}const hd=ai("__proto__,__v_isRef,__isVue"),Ol=new Set(Object.getOwnPropertyNames(Symbol).filter(e=>e!=="arguments"&&e!=="caller").map(e=>Symbol[e]).filter(Tt));function fd(e){Tt(e)||(e=String(e));const t=_e(this);return Xe(t,"has",e),t.hasOwnProperty(e)}class Il{constructor(t=!1,s=!1){this._isReadonly=t,this._isShallow=s}get(t,s,n){if(s==="__v_skip")return t.__v_skip;const r=this._isReadonly,o=this._isShallow;if(s==="__v_isReactive")return!r;if(s==="__v_isReadonly")return r;if(s==="__v_isShallow")return o;if(s==="__v_raw")return n===(r?o?_d:Dl:o?ql:Ll).get(t)||Object.getPrototypeOf(t)===Object.getPrototypeOf(n)?t:void 0;const i=de(t);if(!r){let l;if(i&&(l=ud[s]))return l;if(s==="hasOwnProperty")return fd}const a=Reflect.get(t,s,je(t)?t:n);return(Tt(s)?Ol.has(s):hd(s))||(r||Xe(t,"get",s),o)?a:je(a)?i&&ui(s)?a:a.value:ke(a)?r?gi(a):ps(a):a}}class $l extends Il{constructor(t=!1){super(!1,t)}set(t,s,n,r){let o=t[s];if(!this._isShallow){const l=ms(o);if(!vt(n)&&!ms(n)&&(o=_e(o),n=_e(n)),!de(t)&&je(o)&&!je(n))return l?!1:(o.value=n,!0)}const i=de(t)&&ui(s)?Number(s)<t.length:Re(t,s),a=Reflect.set(t,s,n,je(t)?t:r);return t===_e(r)&&(i?Zt(n,o)&&xt(t,"set",s,n):xt(t,"add",s,n)),a}deleteProperty(t,s){const n=Re(t,s);t[s];const r=Reflect.deleteProperty(t,s);return r&&n&&xt(t,"delete",s,void 0),r}has(t,s){const n=Reflect.has(t,s);return(!Tt(s)||!Ol.has(s))&&Xe(t,"has",s),n}ownKeys(t){return Xe(t,"iterate",de(t)?"length":fs),Reflect.ownKeys(t)}}class pd extends Il{constructor(t=!1){super(!0,t)}set(t,s){return!0}deleteProperty(t,s){return!0}}const md=new $l,gd=new pd,vd=new $l(!0);const Ho=e=>e,On=e=>Reflect.getPrototypeOf(e);function bd(e,t,s){return function(...n){const r=this.__v_raw,o=_e(r),i=Rs(o),a=e==="entries"||e===Symbol.iterator&&i,l=e==="keys"&&i,h=r[e](...n),d=s?Ho:t?Bo:Je;return!t&&Xe(o,"iterate",l?Fo:fs),{next(){const{value:p,done:g}=h.next();return g?{value:p,done:g}:{value:a?[d(p[0]),d(p[1])]:d(p),done:g}},[Symbol.iterator](){return this}}}}function In(e){return function(...t){return e==="delete"?!1:e==="clear"?void 0:this}}function yd(e,t){const s={get(r){const o=this.__v_raw,i=_e(o),a=_e(r);e||(Zt(r,a)&&Xe(i,"get",r),Xe(i,"get",a));const{has:l}=On(i),h=t?Ho:e?Bo:Je;if(l.call(i,r))return h(o.get(r));if(l.call(i,a))return h(o.get(a));o!==i&&o.get(r)},get size(){const r=this.__v_raw;return!e&&Xe(_e(r),"iterate",fs),Reflect.get(r,"size",r)},has(r){const o=this.__v_raw,i=_e(o),a=_e(r);return e||(Zt(r,a)&&Xe(i,"has",r),Xe(i,"has",a)),r===a?o.has(r):o.has(r)||o.has(a)},forEach(r,o){const i=this,a=i.__v_raw,l=_e(a),h=t?Ho:e?Bo:Je;return!e&&Xe(l,"iterate",fs),a.forEach((d,p)=>r.call(o,h(d),h(p),i))}};return Fe(s,e?{add:In("add"),set:In("set"),delete:In("delete"),clear:In("clear")}:{add(r){!t&&!vt(r)&&!ms(r)&&(r=_e(r));const o=_e(this);return On(o).has.call(o,r)||(o.add(r),xt(o,"add",r,r)),this},set(r,o){!t&&!vt(o)&&!ms(o)&&(o=_e(o));const i=_e(this),{has:a,get:l}=On(i);let h=a.call(i,r);h||(r=_e(r),h=a.call(i,r));const d=l.call(i,r);return i.set(r,o),h?Zt(o,d)&&xt(i,"set",r,o):xt(i,"add",r,o),this},delete(r){const o=_e(this),{has:i,get:a}=On(o);let l=i.call(o,r);l||(r=_e(r),l=i.call(o,r)),a&&a.call(o,r);const h=o.delete(r);return l&&xt(o,"delete",r,void 0),h},clear(){const r=_e(this),o=r.size!==0,i=r.clear();return o&&xt(r,"clear",void 0,void 0),i}}),["keys","values","entries",Symbol.iterator].forEach(r=>{s[r]=bd(r,e,t)}),s}function mi(e,t){const s=yd(e,t);return(n,r,o)=>r==="__v_isReactive"?!e:r==="__v_isReadonly"?e:r==="__v_raw"?n:Reflect.get(Re(s,r)&&r in n?s:n,r,o)}const Ed={get:mi(!1,!1)},Td={get:mi(!1,!0)},wd={get:mi(!0,!1)};const Ll=new WeakMap,ql=new WeakMap,Dl=new WeakMap,_d=new WeakMap;function Sd(e){switch(e){case"Object":case"Array":return 1;case"Map":case"Set":case"WeakMap":case"WeakSet":return 2;default:return 0}}function Rd(e){return e.__v_skip||!Object.isExtensible(e)?0:Sd(Qu(e))}function ps(e){return ms(e)?e:vi(e,!1,md,Ed,Ll)}function We(e){return vi(e,!1,vd,Td,ql)}function gi(e){return vi(e,!0,gd,wd,Dl)}function vi(e,t,s,n,r){if(!ke(e)||e.__v_raw&&!(t&&e.__v_isReactive))return e;const o=r.get(e);if(o)return o;const i=Rd(e);if(i===0)return e;const a=new Proxy(e,i===2?n:s);return r.set(e,a),a}function Cs(e){return ms(e)?Cs(e.__v_raw):!!(e&&e.__v_isReactive)}function ms(e){return!!(e&&e.__v_isReadonly)}function vt(e){return!!(e&&e.__v_isShallow)}function bi(e){return e?!!e.__v_raw:!1}function _e(e){const t=e&&e.__v_raw;return t?_e(t):e}function Cd(e){return!Re(e,"__v_skip")&&Object.isExtensible(e)&&vl(e,"__v_skip",!0),e}const Je=e=>ke(e)?ps(e):e,Bo=e=>ke(e)?gi(e):e;function je(e){return e?e.__v_isRef===!0:!1}function zr(e){return Ad(e,!1)}function Ad(e,t){return je(e)?e:new kd(e,t)}class kd{constructor(t,s){this.dep=new Gr,this.__v_isRef=!0,this.__v_isShallow=!1,this._rawValue=s?t:_e(t),this._value=s?t:Je(t),this.__v_isShallow=s}get value(){return this.dep.track(),this._value}set value(t){const s=this._rawValue,n=this.__v_isShallow||vt(t)||ms(t);t=n?t:_e(t),Zt(t,s)&&(this._rawValue=t,this._value=n?t:Je(t),this.dep.trigger())}}function Pl(e){return je(e)?e.value:e}function es(e){return me(e)?e():Pl(e)}const Nd={get:(e,t,s)=>t==="__v_raw"?e:Pl(Reflect.get(e,t,s)),set:(e,t,s,n)=>{const r=e[t];return je(r)&&!je(s)?(r.value=s,!0):Reflect.set(e,t,s,n)}};function xl(e){return Cs(e)?e:new Proxy(e,Nd)}class Od{constructor(t){this.__v_isRef=!0,this._value=void 0;const s=this.dep=new Gr,{get:n,set:r}=t(s.track.bind(s),s.trigger.bind(s));this._get=n,this._set=r}get value(){return this._value=this._get()}set value(t){this._set(t)}}function Id(e){return new Od(e)}class $d{constructor(t,s,n){this._object=t,this._key=s,this._defaultValue=n,this.__v_isRef=!0,this._value=void 0}get value(){const t=this._object[this._key];return this._value=t===void 0?this._defaultValue:t}set value(t){this._object[this._key]=t}get dep(){return cd(_e(this._object),this._key)}}class Ld{constructor(t){this._getter=t,this.__v_isRef=!0,this.__v_isReadonly=!0,this._value=void 0}get value(){return this._value=this._getter()}}function qd(e,t,s){return je(e)?e:me(e)?new Ld(e):ke(e)&&arguments.length>1?Dd(e,t,s):zr(e)}function Dd(e,t,s){const n=e[t];return je(n)?n:new $d(e,t,s)}class Pd{constructor(t,s,n){this.fn=t,this.setter=s,this._value=void 0,this.dep=new Gr(this),this.__v_isRef=!0,this.deps=void 0,this.depsTail=void 0,this.flags=16,this.globalVersion=cn-1,this.next=void 0,this.effect=this,this.__v_isReadonly=!s,this.isSSR=n}notify(){if(this.flags|=16,!(this.flags&8)&&Le!==this)return Sl(this,!0),!0}get value(){const t=this.dep.track();return Al(this),t&&(t.version=this.dep.version),this._value}set value(t){this.setter&&this.setter(t)}}function xd(e,t,s=!1){let n,r;return me(e)?n=e:(n=e.get,r=e.set),new Pd(n,r,s)}const $n={},tr=new WeakMap;let cs;function Md(e,t=!1,s=cs){if(s){let n=tr.get(s);n||tr.set(s,n=[]),n.push(e)}}function Ud(e,t,s=Ie){const{immediate:n,deep:r,once:o,scheduler:i,augmentJob:a,call:l}=s,h=O=>r?O:vt(O)||r===!1||r===0?Mt(O,1):Mt(O);let d,p,g,y,A=!1,k=!1;if(je(e)?(p=()=>e.value,A=vt(e)):Cs(e)?(p=()=>h(e),A=!0):de(e)?(k=!0,A=e.some(O=>Cs(O)||vt(O)),p=()=>e.map(O=>{if(je(O))return O.value;if(Cs(O))return h(O);if(me(O))return l?l(O,2):O()})):me(e)?t?p=l?()=>l(e,2):e:p=()=>{if(g){ss();try{g()}finally{ns()}}const O=cs;cs=d;try{return l?l(e,3,[y]):e(y)}finally{cs=O}}:p=It,t&&r){const O=p,q=r===!0?1/0:r;p=()=>Mt(O(),q)}const j=Tl(),W=()=>{d.stop(),j&&j.active&&ci(j.effects,d)};if(o&&t){const O=t;t=(...q)=>{O(...q),W()}}let C=k?new Array(e.length).fill($n):$n;const R=O=>{if(!(!(d.flags&1)||!d.dirty&&!O))if(t){const q=d.run();if(r||A||(k?q.some((L,Q)=>Zt(L,C[Q])):Zt(q,C))){g&&g();const L=cs;cs=d;try{const Q=[q,C===$n?void 0:k&&C[0]===$n?[]:C,y];l?l(t,3,Q):t(...Q),C=q}finally{cs=L}}}else d.run()};return a&&a(R),d=new wl(p),d.scheduler=i?()=>i(R,!1):R,y=O=>Md(O,!1,d),g=d.onStop=()=>{const O=tr.get(d);if(O){if(l)l(O,4);else for(const q of O)q();tr.delete(d)}},t?n?R(!0):C=d.run():i?i(R.bind(null,!0),!0):d.run(),W.pause=d.pause.bind(d),W.resume=d.resume.bind(d),W.stop=W,W}function Mt(e,t=1/0,s){if(t<=0||!ke(e)||e.__v_skip||(s=s||new Set,s.has(e)))return e;if(s.add(e),t--,je(e))Mt(e.value,t,s);else if(de(e))for(let n=0;n<e.length;n++)Mt(e[n],t,s);else if(Ls(e)||Rs(e))e.forEach(n=>{Mt(n,t,s)});else if(gl(e)){for(const n in e)Mt(e[n],t,s);for(const n of Object.getOwnPropertySymbols(e))Object.prototype.propertyIsEnumerable.call(e,n)&&Mt(e[n],t,s)}return e}/**
* @vue/runtime-core v3.5.13
* (c) 2018-present Yuxi (Evan) You and Vue contributors
* @license MIT
**/function Sn(e,t,s,n){try{return n?e(...n):e()}catch(r){Qr(r,t,s)}}function wt(e,t,s,n){if(me(e)){const r=Sn(e,t,s,n);return r&&pl(r)&&r.catch(o=>{Qr(o,t,s)}),r}if(de(e)){const r=[];for(let o=0;o<e.length;o++)r.push(wt(e[o],t,s,n));return r}}function Qr(e,t,s,n=!0){const r=t?t.vnode:null,{errorHandler:o,throwUnhandledErrorInProduction:i}=t&&t.appContext.config||Ie;if(t){let a=t.parent;const l=t.proxy,h=`https://vuejs.org/error-reference/#runtime-${s}`;for(;a;){const d=a.ec;if(d){for(let p=0;p<d.length;p++)if(d[p](e,l,h)===!1)return}a=a.parent}if(o){ss(),Sn(o,null,10,[e,l,h]),ns();return}}Fd(e,s,r,n,i)}function Fd(e,t,s,n=!0,r=!1){if(r)throw e;console.error(e)}const st=[];let Rt=-1;const As=[];let Wt=null,ws=0;const Ml=Promise.resolve();let sr=null;function Yr(e){const t=sr||Ml;return e?t.then(this?e.bind(this):e):t}function Hd(e){let t=Rt+1,s=st.length;for(;t<s;){const n=t+s>>>1,r=st[n],o=dn(r);o<e||o===e&&r.flags&2?t=n+1:s=n}return t}function yi(e){if(!(e.flags&1)){const t=dn(e),s=st[st.length-1];!s||!(e.flags&2)&&t>=dn(s)?st.push(e):st.splice(Hd(t),0,e),e.flags|=1,Ul()}}function Ul(){sr||(sr=Ml.then(Hl))}function Bd(e){de(e)?As.push(...e):Wt&&e.id===-1?Wt.splice(ws+1,0,e):e.flags&1||(As.push(e),e.flags|=1),Ul()}function Gi(e,t,s=Rt+1){for(;s<st.length;s++){const n=st[s];if(n&&n.flags&2){if(e&&n.id!==e.uid)continue;st.splice(s,1),s--,n.flags&4&&(n.flags&=-2),n(),n.flags&4||(n.flags&=-2)}}}function Fl(e){if(As.length){const t=[...new Set(As)].sort((s,n)=>dn(s)-dn(n));if(As.length=0,Wt){Wt.push(...t);return}for(Wt=t,ws=0;ws<Wt.length;ws++){const s=Wt[ws];s.flags&4&&(s.flags&=-2),s.flags&8||s(),s.flags&=-2}Wt=null,ws=0}}const dn=e=>e.id==null?e.flags&2?-1:1/0:e.id;function Hl(e){try{for(Rt=0;Rt<st.length;Rt++){const t=st[Rt];t&&!(t.flags&8)&&(t.flags&4&&(t.flags&=-2),Sn(t,t.i,t.i?15:14),t.flags&4||(t.flags&=-2))}}finally{for(;Rt<st.length;Rt++){const t=st[Rt];t&&(t.flags&=-2)}Rt=-1,st.length=0,Fl(),sr=null,(st.length||As.length)&&Hl()}}let Be=null,Bl=null;function nr(e){const t=Be;return Be=e,Bl=e&&e.type.__scopeId||null,t}function ce(e,t=Be,s){if(!t||e._n)return e;const n=(...r)=>{n._d&&ta(-1);const o=nr(t);let i;try{i=e(...r)}finally{nr(o),n._d&&ta(1)}return i};return n._n=!0,n._c=!0,n._d=!0,n}function Oe(e,t){if(Be===null)return e;const s=eo(Be),n=e.dirs||(e.dirs=[]);for(let r=0;r<t.length;r++){let[o,i,a,l=Ie]=t[r];o&&(me(o)&&(o={mounted:o,updated:o}),o.deep&&Mt(i),n.push({dir:o,instance:s,value:i,oldValue:void 0,arg:a,modifiers:l}))}return e}function os(e,t,s,n){const r=e.dirs,o=t&&t.dirs;for(let i=0;i<r.length;i++){const a=r[i];o&&(a.oldValue=o[i].value);let l=a.dir[n];l&&(ss(),wt(l,s,8,[e.el,a,e,t]),ns())}}const jd=Symbol("_vte"),jl=e=>e.__isTeleport,zt=Symbol("_leaveCb"),Ln=Symbol("_enterCb");function Vd(){const e={isMounted:!1,isLeaving:!1,isUnmounting:!1,leavingVNodes:new Map};return Xl(()=>{e.isMounted=!0}),Jl(()=>{e.isUnmounting=!0}),e}const ft=[Function,Array],Vl={mode:String,appear:Boolean,persisted:Boolean,onBeforeEnter:ft,onEnter:ft,onAfterEnter:ft,onEnterCancelled:ft,onBeforeLeave:ft,onLeave:ft,onAfterLeave:ft,onLeaveCancelled:ft,onBeforeAppear:ft,onAppear:ft,onAfterAppear:ft,onAppearCancelled:ft},Gl=e=>{const t=e.subTree;return t.component?Gl(t.component):t},Gd={name:"BaseTransition",props:Vl,setup(e,{slots:t}){const s=Bh(),n=Vd();return()=>{const r=t.default&&Ql(t.default(),!0);if(!r||!r.length)return;const o=Wl(r),i=_e(e),{mode:a}=i;if(n.isLeaving)return bo(o);const l=Wi(o);if(!l)return bo(o);let h=jo(l,i,n,s,p=>h=p);l.type!==nt&&hn(l,h);let d=s.subTree&&Wi(s.subTree);if(d&&d.type!==nt&&!ds(l,d)&&Gl(s).type!==nt){let p=jo(d,i,n,s);if(hn(d,p),a==="out-in"&&l.type!==nt)return n.isLeaving=!0,p.afterLeave=()=>{n.isLeaving=!1,s.job.flags&8||s.update(),delete p.afterLeave,d=void 0},bo(o);a==="in-out"&&l.type!==nt?p.delayLeave=(g,y,A)=>{const k=zl(n,d);k[String(d.key)]=d,g[zt]=()=>{y(),g[zt]=void 0,delete h.delayedLeave,d=void 0},h.delayedLeave=()=>{A(),delete h.delayedLeave,d=void 0}}:d=void 0}else d&&(d=void 0);return o}}};function Wl(e){let t=e[0];if(e.length>1){for(const s of e)if(s.type!==nt){t=s;break}}return t}const Wd=Gd;function zl(e,t){const{leavingVNodes:s}=e;let n=s.get(t.type);return n||(n=Object.create(null),s.set(t.type,n)),n}function jo(e,t,s,n,r){const{appear:o,mode:i,persisted:a=!1,onBeforeEnter:l,onEnter:h,onAfterEnter:d,onEnterCancelled:p,onBeforeLeave:g,onLeave:y,onAfterLeave:A,onLeaveCancelled:k,onBeforeAppear:j,onAppear:W,onAfterAppear:C,onAppearCancelled:R}=t,O=String(e.key),q=zl(s,e),L=(P,V)=>{P&&wt(P,n,9,V)},Q=(P,V)=>{const F=V[1];L(P,V),de(P)?P.every(M=>M.length<=1)&&F():P.length<=1&&F()},oe={mode:i,persisted:a,beforeEnter(P){let V=l;if(!s.isMounted)if(o)V=j||l;else return;P[zt]&&P[zt](!0);const F=q[O];F&&ds(e,F)&&F.el[zt]&&F.el[zt](),L(V,[P])},enter(P){let V=h,F=d,M=p;if(!s.isMounted)if(o)V=W||h,F=C||d,M=R||p;else return;let c=!1;const m=P[Ln]=b=>{c||(c=!0,b?L(M,[P]):L(F,[P]),oe.delayedLeave&&oe.delayedLeave(),P[Ln]=void 0)};V?Q(V,[P,m]):m()},leave(P,V){const F=String(e.key);if(P[Ln]&&P[Ln](!0),s.isUnmounting)return V();L(g,[P]);let M=!1;const c=P[zt]=m=>{M||(M=!0,V(),m?L(k,[P]):L(A,[P]),P[zt]=void 0,q[F]===e&&delete q[F])};q[F]=e,y?Q(y,[P,c]):c()},clone(P){const V=jo(P,t,s,n,r);return r&&r(V),V}};return oe}function bo(e){if(Kr(e))return e=ts(e),e.children=null,e}function Wi(e){if(!Kr(e))return jl(e.type)&&e.children?Wl(e.children):e;const{shapeFlag:t,children:s}=e;if(s){if(t&16)return s[0];if(t&32&&me(s.default))return s.default()}}function hn(e,t){e.shapeFlag&6&&e.component?(e.transition=t,hn(e.component.subTree,t)):e.shapeFlag&128?(e.ssContent.transition=t.clone(e.ssContent),e.ssFallback.transition=t.clone(e.ssFallback)):e.transition=t}function Ql(e,t=!1,s){let n=[],r=0;for(let o=0;o<e.length;o++){let i=e[o];const a=s==null?i.key:String(s)+String(i.key!=null?i.key:o);i.type===B?(i.patchFlag&128&&r++,n=n.concat(Ql(i.children,t,a))):(t||i.type!==nt)&&n.push(a!=null?ts(i,{key:a}):i)}if(r>1)for(let o=0;o<n.length;o++)n[o].patchFlag=-2;return n}function Yl(e){e.ids=[e.ids[0]+e.ids[2]+++"-",0,0]}function rr(e,t,s,n,r=!1){if(de(e)){e.forEach((A,k)=>rr(A,t&&(de(t)?t[k]:t),s,n,r));return}if(ks(n)&&!r){n.shapeFlag&512&&n.type.__asyncResolved&&n.component.subTree.component&&rr(e,t,s,n.component.subTree);return}const o=n.shapeFlag&4?eo(n.component):n.el,i=r?null:o,{i:a,r:l}=e,h=t&&t.r,d=a.refs===Ie?a.refs={}:a.refs,p=a.setupState,g=_e(p),y=p===Ie?()=>!1:A=>Re(g,A);if(h!=null&&h!==l&&(xe(h)?(d[h]=null,y(h)&&(p[h]=null)):je(h)&&(h.value=null)),me(l))Sn(l,a,12,[i,d]);else{const A=xe(l),k=je(l);if(A||k){const j=()=>{if(e.f){const W=A?y(l)?p[l]:d[l]:l.value;r?de(W)&&ci(W,o):de(W)?W.includes(o)||W.push(o):A?(d[l]=[o],y(l)&&(p[l]=d[l])):(l.value=[o],e.k&&(d[e.k]=l.value))}else A?(d[l]=i,y(l)&&(p[l]=i)):k&&(l.value=i,e.k&&(d[e.k]=i))};i?(j.id=-1,at(j,s)):j()}}}Vr().requestIdleCallback;Vr().cancelIdleCallback;const ks=e=>!!e.type.__asyncLoader,Kr=e=>e.type.__isKeepAlive;function zd(e,t){Kl(e,"a",t)}function Qd(e,t){Kl(e,"da",t)}function Kl(e,t,s=Ge){const n=e.__wdc||(e.__wdc=()=>{let r=s;for(;r;){if(r.isDeactivated)return;r=r.parent}return e()});if(Xr(t,n,s),s){let r=s.parent;for(;r&&r.parent;)Kr(r.parent.vnode)&&Yd(n,t,s,r),r=r.parent}}function Yd(e,t,s,n){const r=Xr(t,e,n,!0);Zl(()=>{ci(n[t],r)},s)}function Xr(e,t,s=Ge,n=!1){if(s){const r=s[e]||(s[e]=[]),o=t.__weh||(t.__weh=(...i)=>{ss();const a=Rn(s),l=wt(t,s,e,i);return a(),ns(),l});return n?r.unshift(o):r.push(o),o}}const Bt=e=>(t,s=Ge)=>{(!mn||e==="sp")&&Xr(e,(...n)=>t(...n),s)},Kd=Bt("bm"),Xl=Bt("m"),Xd=Bt("bu"),Jd=Bt("u"),Jl=Bt("bum"),Zl=Bt("um"),Zd=Bt("sp"),eh=Bt("rtg"),th=Bt("rtc");function sh(e,t=Ge){Xr("ec",e,t)}const ec="components",nh="directives";function $(e,t){return sc(ec,e,!0,t)||e}const rh=Symbol.for("v-ndc");function tc(e){return sc(nh,e)}function sc(e,t,s=!0,n=!1){const r=Be||Ge;if(r){const o=r.type;if(e===ec){const a=zh(o,!1);if(a&&(a===t||a===bt(t)||a===jr(bt(t))))return o}const i=zi(r[e]||o[e],t)||zi(r.appContext[e],t);return!i&&n?o:i}}function zi(e,t){return e&&(e[t]||e[bt(t)]||e[jr(bt(t))])}function le(e,t,s,n){let r;const o=s,i=de(e);if(i||xe(e)){const a=i&&Cs(e);let l=!1;a&&(l=!vt(e),e=Wr(e)),r=new Array(e.length);for(let h=0,d=e.length;h<d;h++)r[h]=t(l?Je(e[h]):e[h],h,void 0,o)}else if(typeof e=="number"){r=new Array(e);for(let a=0;a<e;a++)r[a]=t(a+1,a,void 0,o)}else if(ke(e))if(e[Symbol.iterator])r=Array.from(e,(a,l)=>t(a,l,void 0,o));else{const a=Object.keys(e);r=new Array(a.length);for(let l=0,h=a.length;l<h;l++){const d=a[l];r[l]=t(e[d],d,l,o)}}else r=[];return r}function oh(e,t){for(let s=0;s<t.length;s++){const n=t[s];if(de(n))for(let r=0;r<n.length;r++)e[n[r].name]=n[r].fn;else n&&(e[n.name]=n.key?(...r)=>{const o=n.fn(...r);return o&&(o.key=n.key),o}:n.fn)}return e}function $t(e,t,s={},n,r){if(Be.ce||Be.parent&&ks(Be.parent)&&Be.parent.ce)return t!=="default"&&(s.name=t),f(),J(B,null,[D("slot",s,n&&n())],64);let o=e[t];o&&o._c&&(o._d=!1),f();const i=o&&nc(o(s)),a=s.key||i&&i.key,l=J(B,{key:(a&&!Tt(a)?a:`_${t}`)+(!i&&n?"_fb":"")},i||(n?n():[]),i&&e._===1?64:-2);return l.scopeId&&(l.slotScopeIds=[l.scopeId+"-s"]),o&&o._c&&(o._d=!0),l}function nc(e){return e.some(t=>pn(t)?!(t.type===nt||t.type===B&&!nc(t.children)):!0)?e:null}const Vo=e=>e?_c(e)?eo(e):Vo(e.parent):null,en=Fe(Object.create(null),{$:e=>e,$el:e=>e.vnode.el,$data:e=>e.data,$props:e=>e.props,$attrs:e=>e.attrs,$slots:e=>e.slots,$refs:e=>e.refs,$parent:e=>Vo(e.parent),$root:e=>Vo(e.root),$host:e=>e.ce,$emit:e=>e.emit,$options:e=>Ei(e),$forceUpdate:e=>e.f||(e.f=()=>{yi(e.update)}),$nextTick:e=>e.n||(e.n=Yr.bind(e.proxy)),$watch:e=>Ah.bind(e)}),yo=(e,t)=>e!==Ie&&!e.__isScriptSetup&&Re(e,t),ih={get({_:e},t){if(t==="__v_skip")return!0;const{ctx:s,setupState:n,data:r,props:o,accessCache:i,type:a,appContext:l}=e;let h;if(t[0]!=="$"){const y=i[t];if(y!==void 0)switch(y){case 1:return n[t];case 2:return r[t];case 4:return s[t];case 3:return o[t]}else{if(yo(n,t))return i[t]=1,n[t];if(r!==Ie&&Re(r,t))return i[t]=2,r[t];if((h=e.propsOptions[0])&&Re(h,t))return i[t]=3,o[t];if(s!==Ie&&Re(s,t))return i[t]=4,s[t];Go&&(i[t]=0)}}const d=en[t];let p,g;if(d)return t==="$attrs"&&Xe(e.attrs,"get",""),d(e);if((p=a.__cssModules)&&(p=p[t]))return p;if(s!==Ie&&Re(s,t))return i[t]=4,s[t];if(g=l.config.globalProperties,Re(g,t))return g[t]},set({_:e},t,s){const{data:n,setupState:r,ctx:o}=e;return yo(r,t)?(r[t]=s,!0):n!==Ie&&Re(n,t)?(n[t]=s,!0):Re(e.props,t)||t[0]==="$"&&t.slice(1)in e?!1:(o[t]=s,!0)},has({_:{data:e,setupState:t,accessCache:s,ctx:n,appContext:r,propsOptions:o}},i){let a;return!!s[i]||e!==Ie&&Re(e,i)||yo(t,i)||(a=o[0])&&Re(a,i)||Re(n,i)||Re(en,i)||Re(r.config.globalProperties,i)},defineProperty(e,t,s){return s.get!=null?e._.accessCache[t]=0:Re(s,"value")&&this.set(e,t,s.value,null),Reflect.defineProperty(e,t,s)}};function Qi(e){return de(e)?e.reduce((t,s)=>(t[s]=null,t),{}):e}let Go=!0;function ah(e){const t=Ei(e),s=e.proxy,n=e.ctx;Go=!1,t.beforeCreate&&Yi(t.beforeCreate,e,"bc");const{data:r,computed:o,methods:i,watch:a,provide:l,inject:h,created:d,beforeMount:p,mounted:g,beforeUpdate:y,updated:A,activated:k,deactivated:j,beforeDestroy:W,beforeUnmount:C,destroyed:R,unmounted:O,render:q,renderTracked:L,renderTriggered:Q,errorCaptured:oe,serverPrefetch:P,expose:V,inheritAttrs:F,components:M,directives:c,filters:m}=t;if(h&&lh(h,n,null),i)for(const N in i){const I=i[N];me(I)&&(n[N]=I.bind(s))}if(r){const N=r.call(s,s);ke(N)&&(e.data=ps(N))}if(Go=!0,o)for(const N in o){const I=o[N],U=me(I)?I.bind(s,s):me(I.get)?I.get.bind(s,s):It,H=!me(I)&&me(I.set)?I.set.bind(s):It,Z=Rc({get:U,set:H});Object.defineProperty(n,N,{enumerable:!0,configurable:!0,get:()=>Z.value,set:ae=>Z.value=ae})}if(a)for(const N in a)rc(a[N],n,s,N);if(l){const N=me(l)?l.call(s):l;Reflect.ownKeys(N).forEach(I=>{ph(I,N[I])})}d&&Yi(d,e,"c");function _(N,I){de(I)?I.forEach(U=>N(U.bind(s))):I&&N(I.bind(s))}if(_(Kd,p),_(Xl,g),_(Xd,y),_(Jd,A),_(zd,k),_(Qd,j),_(sh,oe),_(th,L),_(eh,Q),_(Jl,C),_(Zl,O),_(Zd,P),de(V))if(V.length){const N=e.exposed||(e.exposed={});V.forEach(I=>{Object.defineProperty(N,I,{get:()=>s[I],set:U=>s[I]=U})})}else e.exposed||(e.exposed={});q&&e.render===It&&(e.render=q),F!=null&&(e.inheritAttrs=F),M&&(e.components=M),c&&(e.directives=c),P&&Yl(e)}function lh(e,t,s=It){de(e)&&(e=Wo(e));for(const n in e){const r=e[n];let o;ke(r)?"default"in r?o=Hn(r.from||n,r.default,!0):o=Hn(r.from||n):o=Hn(r),je(o)?Object.defineProperty(t,n,{enumerable:!0,configurable:!0,get:()=>o.value,set:i=>o.value=i}):t[n]=o}}function Yi(e,t,s){wt(de(e)?e.map(n=>n.bind(t.proxy)):e.bind(t.proxy),t,s)}function rc(e,t,s,n){let r=n.includes(".")?bc(s,n):()=>s[n];if(xe(e)){const o=t[e];me(o)&&Os(r,o)}else if(me(e))Os(r,e.bind(s));else if(ke(e))if(de(e))e.forEach(o=>rc(o,t,s,n));else{const o=me(e.handler)?e.handler.bind(s):t[e.handler];me(o)&&Os(r,o,e)}}function Ei(e){const t=e.type,{mixins:s,extends:n}=t,{mixins:r,optionsCache:o,config:{optionMergeStrategies:i}}=e.appContext,a=o.get(t);let l;return a?l=a:!r.length&&!s&&!n?l=t:(l={},r.length&&r.forEach(h=>or(l,h,i,!0)),or(l,t,i)),ke(t)&&o.set(t,l),l}function or(e,t,s,n=!1){const{mixins:r,extends:o}=t;o&&or(e,o,s,!0),r&&r.forEach(i=>or(e,i,s,!0));for(const i in t)if(!(n&&i==="expose")){const a=ch[i]||s&&s[i];e[i]=a?a(e[i],t[i]):t[i]}return e}const ch={data:Ki,props:Xi,emits:Xi,methods:zs,computed:zs,beforeCreate:Ze,created:Ze,beforeMount:Ze,mounted:Ze,beforeUpdate:Ze,updated:Ze,beforeDestroy:Ze,beforeUnmount:Ze,destroyed:Ze,unmounted:Ze,activated:Ze,deactivated:Ze,errorCaptured:Ze,serverPrefetch:Ze,components:zs,directives:zs,watch:dh,provide:Ki,inject:uh};function Ki(e,t){return t?e?function(){return Fe(me(e)?e.call(this,this):e,me(t)?t.call(this,this):t)}:t:e}function uh(e,t){return zs(Wo(e),Wo(t))}function Wo(e){if(de(e)){const t={};for(let s=0;s<e.length;s++)t[e[s]]=e[s];return t}return e}function Ze(e,t){return e?[...new Set([].concat(e,t))]:t}function zs(e,t){return e?Fe(Object.create(null),e,t):t}function Xi(e,t){return e?de(e)&&de(t)?[...new Set([...e,...t])]:Fe(Object.create(null),Qi(e),Qi(t??{})):t}function dh(e,t){if(!e)return t;if(!t)return e;const s=Fe(Object.create(null),e);for(const n in t)s[n]=Ze(e[n],t[n]);return s}function oc(){return{app:null,config:{isNativeTag:Wu,performance:!1,globalProperties:{},optionMergeStrategies:{},errorHandler:void 0,warnHandler:void 0,compilerOptions:{}},mixins:[],components:{},directives:{},provides:Object.create(null),optionsCache:new WeakMap,propsCache:new WeakMap,emitsCache:new WeakMap}}let hh=0;function fh(e,t){return function(n,r=null){me(n)||(n=Fe({},n)),r!=null&&!ke(r)&&(r=null);const o=oc(),i=new WeakSet,a=[];let l=!1;const h=o.app={_uid:hh++,_component:n,_props:r,_container:null,_context:o,_instance:null,version:Kh,get config(){return o.config},set config(d){},use(d,...p){return i.has(d)||(d&&me(d.install)?(i.add(d),d.install(h,...p)):me(d)&&(i.add(d),d(h,...p))),h},mixin(d){return o.mixins.includes(d)||o.mixins.push(d),h},component(d,p){return p?(o.components[d]=p,h):o.components[d]},directive(d,p){return p?(o.directives[d]=p,h):o.directives[d]},mount(d,p,g){if(!l){const y=h._ceVNode||D(n,r);return y.appContext=o,g===!0?g="svg":g===!1&&(g=void 0),p&&t?t(y,d):e(y,d,g),l=!0,h._container=d,d.__vue_app__=h,eo(y.component)}},onUnmount(d){a.push(d)},unmount(){l&&(wt(a,h._instance,16),e(null,h._container),delete h._container.__vue_app__)},provide(d,p){return o.provides[d]=p,h},runWithContext(d){const p=Ns;Ns=h;try{return d()}finally{Ns=p}}};return h}}let Ns=null;function ph(e,t){if(Ge){let s=Ge.provides;const n=Ge.parent&&Ge.parent.provides;n===s&&(s=Ge.provides=Object.create(n)),s[e]=t}}function Hn(e,t,s=!1){const n=Ge||Be;if(n||Ns){const r=Ns?Ns._context.provides:n?n.parent==null?n.vnode.appContext&&n.vnode.appContext.provides:n.parent.provides:void 0;if(r&&e in r)return r[e];if(arguments.length>1)return s&&me(t)?t.call(n&&n.proxy):t}}const ic={},ac=()=>Object.create(ic),lc=e=>Object.getPrototypeOf(e)===ic;function mh(e,t,s,n=!1){const r={},o=ac();e.propsDefaults=Object.create(null),cc(e,t,r,o);for(const i in e.propsOptions[0])i in r||(r[i]=void 0);s?e.props=n?r:We(r):e.type.props?e.props=r:e.props=o,e.attrs=o}function gh(e,t,s,n){const{props:r,attrs:o,vnode:{patchFlag:i}}=e,a=_e(r),[l]=e.propsOptions;let h=!1;if((n||i>0)&&!(i&16)){if(i&8){const d=e.vnode.dynamicProps;for(let p=0;p<d.length;p++){let g=d[p];if(Jr(e.emitsOptions,g))continue;const y=t[g];if(l)if(Re(o,g))y!==o[g]&&(o[g]=y,h=!0);else{const A=bt(g);r[A]=zo(l,a,A,y,e,!1)}else y!==o[g]&&(o[g]=y,h=!0)}}}else{cc(e,t,r,o)&&(h=!0);let d;for(const p in a)(!t||!Re(t,p)&&((d=gs(p))===p||!Re(t,d)))&&(l?s&&(s[p]!==void 0||s[d]!==void 0)&&(r[p]=zo(l,a,p,void 0,e,!0)):delete r[p]);if(o!==a)for(const p in o)(!t||!Re(t,p))&&(delete o[p],h=!0)}h&&xt(e.attrs,"set","")}function cc(e,t,s,n){const[r,o]=e.propsOptions;let i=!1,a;if(t)for(let l in t){if(Xs(l))continue;const h=t[l];let d;r&&Re(r,d=bt(l))?!o||!o.includes(d)?s[d]=h:(a||(a={}))[d]=h:Jr(e.emitsOptions,l)||(!(l in n)||h!==n[l])&&(n[l]=h,i=!0)}if(o){const l=_e(s),h=a||Ie;for(let d=0;d<o.length;d++){const p=o[d];s[p]=zo(r,l,p,h[p],e,!Re(h,p))}}return i}function zo(e,t,s,n,r,o){const i=e[s];if(i!=null){const a=Re(i,"default");if(a&&n===void 0){const l=i.default;if(i.type!==Function&&!i.skipFactory&&me(l)){const{propsDefaults:h}=r;if(s in h)n=h[s];else{const d=Rn(r);n=h[s]=l.call(null,t),d()}}else n=l;r.ce&&r.ce._setProp(s,n)}i[0]&&(o&&!a?n=!1:i[1]&&(n===""||n===gs(s))&&(n=!0))}return n}const vh=new WeakMap;function uc(e,t,s=!1){const n=s?vh:t.propsCache,r=n.get(e);if(r)return r;const o=e.props,i={},a=[];let l=!1;if(!me(e)){const d=p=>{l=!0;const[g,y]=uc(p,t,!0);Fe(i,g),y&&a.push(...y)};!s&&t.mixins.length&&t.mixins.forEach(d),e.extends&&d(e.extends),e.mixins&&e.mixins.forEach(d)}if(!o&&!l)return ke(e)&&n.set(e,Ss),Ss;if(de(o))for(let d=0;d<o.length;d++){const p=bt(o[d]);Ji(p)&&(i[p]=Ie)}else if(o)for(const d in o){const p=bt(d);if(Ji(p)){const g=o[d],y=i[p]=de(g)||me(g)?{type:g}:Fe({},g),A=y.type;let k=!1,j=!0;if(de(A))for(let W=0;W<A.length;++W){const C=A[W],R=me(C)&&C.name;if(R==="Boolean"){k=!0;break}else R==="String"&&(j=!1)}else k=me(A)&&A.name==="Boolean";y[0]=k,y[1]=j,(k||Re(y,"default"))&&a.push(p)}}const h=[i,a];return ke(e)&&n.set(e,h),h}function Ji(e){return e[0]!=="$"&&!Xs(e)}const dc=e=>e[0]==="_"||e==="$stable",Ti=e=>de(e)?e.map(Nt):[Nt(e)],bh=(e,t,s)=>{if(t._n)return t;const n=ce((...r)=>Ti(t(...r)),s);return n._c=!1,n},hc=(e,t,s)=>{const n=e._ctx;for(const r in e){if(dc(r))continue;const o=e[r];if(me(o))t[r]=bh(r,o,n);else if(o!=null){const i=Ti(o);t[r]=()=>i}}},fc=(e,t)=>{const s=Ti(t);e.slots.default=()=>s},pc=(e,t,s)=>{for(const n in t)(s||n!=="_")&&(e[n]=t[n])},yh=(e,t,s)=>{const n=e.slots=ac();if(e.vnode.shapeFlag&32){const r=t._;r?(pc(n,t,s),s&&vl(n,"_",r,!0)):hc(t,n)}else t&&fc(e,t)},Eh=(e,t,s)=>{const{vnode:n,slots:r}=e;let o=!0,i=Ie;if(n.shapeFlag&32){const a=t._;a?s&&a===1?o=!1:pc(r,t,s):(o=!t.$stable,hc(t,r)),i=t}else t&&(fc(e,t),i={default:1});if(o)for(const a in r)!dc(a)&&i[a]==null&&delete r[a]},at=qh;function Th(e){return wh(e)}function wh(e,t){const s=Vr();s.__VUE__=!0;const{insert:n,remove:r,patchProp:o,createElement:i,createText:a,createComment:l,setText:h,setElementText:d,parentNode:p,nextSibling:g,setScopeId:y=It,insertStaticContent:A}=e,k=(w,S,x,Y=null,G=null,K=null,re=void 0,ne=null,se=!!S.dynamicChildren)=>{if(w===S)return;w&&!ds(w,S)&&(Y=Ne(w),ae(w,G,K,!0),w=null),S.patchFlag===-2&&(se=!1,S.dynamicChildren=null);const{type:X,ref:fe,shapeFlag:ie}=S;switch(X){case Zr:j(w,S,x,Y);break;case nt:W(w,S,x,Y);break;case wo:w==null&&C(S,x,Y,re);break;case B:M(w,S,x,Y,G,K,re,ne,se);break;default:ie&1?q(w,S,x,Y,G,K,re,ne,se):ie&6?c(w,S,x,Y,G,K,re,ne,se):(ie&64||ie&128)&&X.process(w,S,x,Y,G,K,re,ne,se,Ue)}fe!=null&&G&&rr(fe,w&&w.ref,K,S||w,!S)},j=(w,S,x,Y)=>{if(w==null)n(S.el=a(S.children),x,Y);else{const G=S.el=w.el;S.children!==w.children&&h(G,S.children)}},W=(w,S,x,Y)=>{w==null?n(S.el=l(S.children||""),x,Y):S.el=w.el},C=(w,S,x,Y)=>{[w.el,w.anchor]=A(w.children,S,x,Y,w.el,w.anchor)},R=({el:w,anchor:S},x,Y)=>{let G;for(;w&&w!==S;)G=g(w),n(w,x,Y),w=G;n(S,x,Y)},O=({el:w,anchor:S})=>{let x;for(;w&&w!==S;)x=g(w),r(w),w=x;r(S)},q=(w,S,x,Y,G,K,re,ne,se)=>{S.type==="svg"?re="svg":S.type==="math"&&(re="mathml"),w==null?L(S,x,Y,G,K,re,ne,se):P(w,S,G,K,re,ne,se)},L=(w,S,x,Y,G,K,re,ne)=>{let se,X;const{props:fe,shapeFlag:ie,transition:ue,dirs:pe}=w;if(se=w.el=i(w.type,K,fe&&fe.is,fe),ie&8?d(se,w.children):ie&16&&oe(w.children,se,null,Y,G,Eo(w,K),re,ne),pe&&os(w,null,Y,"created"),Q(se,w,w.scopeId,re,Y),fe){for(const $e in fe)$e!=="value"&&!Xs($e)&&o(se,$e,null,fe[$e],K,Y);"value"in fe&&o(se,"value",null,fe.value,K),(X=fe.onVnodeBeforeMount)&&St(X,Y,w)}pe&&os(w,null,Y,"beforeMount");const we=_h(G,ue);we&&ue.beforeEnter(se),n(se,S,x),((X=fe&&fe.onVnodeMounted)||we||pe)&&at(()=>{X&&St(X,Y,w),we&&ue.enter(se),pe&&os(w,null,Y,"mounted")},G)},Q=(w,S,x,Y,G)=>{if(x&&y(w,x),Y)for(let K=0;K<Y.length;K++)y(w,Y[K]);if(G){let K=G.subTree;if(S===K||Ec(K.type)&&(K.ssContent===S||K.ssFallback===S)){const re=G.vnode;Q(w,re,re.scopeId,re.slotScopeIds,G.parent)}}},oe=(w,S,x,Y,G,K,re,ne,se=0)=>{for(let X=se;X<w.length;X++){const fe=w[X]=ne?Qt(w[X]):Nt(w[X]);k(null,fe,S,x,Y,G,K,re,ne)}},P=(w,S,x,Y,G,K,re)=>{const ne=S.el=w.el;let{patchFlag:se,dynamicChildren:X,dirs:fe}=S;se|=w.patchFlag&16;const ie=w.props||Ie,ue=S.props||Ie;let pe;if(x&&is(x,!1),(pe=ue.onVnodeBeforeUpdate)&&St(pe,x,S,w),fe&&os(S,w,x,"beforeUpdate"),x&&is(x,!0),(ie.innerHTML&&ue.innerHTML==null||ie.textContent&&ue.textContent==null)&&d(ne,""),X?V(w.dynamicChildren,X,ne,x,Y,Eo(S,G),K):re||I(w,S,ne,null,x,Y,Eo(S,G),K,!1),se>0){if(se&16)F(ne,ie,ue,x,G);else if(se&2&&ie.class!==ue.class&&o(ne,"class",null,ue.class,G),se&4&&o(ne,"style",ie.style,ue.style,G),se&8){const we=S.dynamicProps;for(let $e=0;$e<we.length;$e++){const Ce=we[$e],rt=ie[Ce],Ye=ue[Ce];(Ye!==rt||Ce==="value")&&o(ne,Ce,rt,Ye,G,x)}}se&1&&w.children!==S.children&&d(ne,S.children)}else!re&&X==null&&F(ne,ie,ue,x,G);((pe=ue.onVnodeUpdated)||fe)&&at(()=>{pe&&St(pe,x,S,w),fe&&os(S,w,x,"updated")},Y)},V=(w,S,x,Y,G,K,re)=>{for(let ne=0;ne<S.length;ne++){const se=w[ne],X=S[ne],fe=se.el&&(se.type===B||!ds(se,X)||se.shapeFlag&70)?p(se.el):x;k(se,X,fe,null,Y,G,K,re,!0)}},F=(w,S,x,Y,G)=>{if(S!==x){if(S!==Ie)for(const K in S)!Xs(K)&&!(K in x)&&o(w,K,S[K],null,G,Y);for(const K in x){if(Xs(K))continue;const re=x[K],ne=S[K];re!==ne&&K!=="value"&&o(w,K,ne,re,G,Y)}"value"in x&&o(w,"value",S.value,x.value,G)}},M=(w,S,x,Y,G,K,re,ne,se)=>{const X=S.el=w?w.el:a(""),fe=S.anchor=w?w.anchor:a("");let{patchFlag:ie,dynamicChildren:ue,slotScopeIds:pe}=S;pe&&(ne=ne?ne.concat(pe):pe),w==null?(n(X,x,Y),n(fe,x,Y),oe(S.children||[],x,fe,G,K,re,ne,se)):ie>0&&ie&64&&ue&&w.dynamicChildren?(V(w.dynamicChildren,ue,x,G,K,re,ne),(S.key!=null||G&&S===G.subTree)&&mc(w,S,!0)):I(w,S,x,fe,G,K,re,ne,se)},c=(w,S,x,Y,G,K,re,ne,se)=>{S.slotScopeIds=ne,w==null?S.shapeFlag&512?G.ctx.activate(S,x,Y,re,se):m(S,x,Y,G,K,re,se):b(w,S,se)},m=(w,S,x,Y,G,K,re)=>{const ne=w.component=Hh(w,Y,G);if(Kr(w)&&(ne.ctx.renderer=Ue),jh(ne,!1,re),ne.asyncDep){if(G&&G.registerDep(ne,_,re),!w.el){const se=ne.subTree=D(nt);W(null,se,S,x)}}else _(ne,w,S,x,G,K,re)},b=(w,S,x)=>{const Y=S.component=w.component;if($h(w,S,x))if(Y.asyncDep&&!Y.asyncResolved){N(Y,S,x);return}else Y.next=S,Y.update();else S.el=w.el,Y.vnode=S},_=(w,S,x,Y,G,K,re)=>{const ne=()=>{if(w.isMounted){let{next:ie,bu:ue,u:pe,parent:we,vnode:$e}=w;{const ot=gc(w);if(ot){ie&&(ie.el=$e.el,N(w,ie,re)),ot.asyncDep.then(()=>{w.isUnmounted||ne()});return}}let Ce=ie,rt;is(w,!1),ie?(ie.el=$e.el,N(w,ie,re)):ie=$e,ue&&Fn(ue),(rt=ie.props&&ie.props.onVnodeBeforeUpdate)&&St(rt,we,ie,$e),is(w,!0);const Ye=To(w),yt=w.subTree;w.subTree=Ye,k(yt,Ye,p(yt.el),Ne(yt),w,G,K),ie.el=Ye.el,Ce===null&&Lh(w,Ye.el),pe&&at(pe,G),(rt=ie.props&&ie.props.onVnodeUpdated)&&at(()=>St(rt,we,ie,$e),G)}else{let ie;const{el:ue,props:pe}=S,{bm:we,m:$e,parent:Ce,root:rt,type:Ye}=w,yt=ks(S);if(is(w,!1),we&&Fn(we),!yt&&(ie=pe&&pe.onVnodeBeforeMount)&&St(ie,Ce,S),is(w,!0),ue&&Ve){const ot=()=>{w.subTree=To(w),Ve(ue,w.subTree,w,G,null)};yt&&Ye.__asyncHydrate?Ye.__asyncHydrate(ue,w,ot):ot()}else{rt.ce&&rt.ce._injectChildStyle(Ye);const ot=w.subTree=To(w);k(null,ot,x,Y,w,G,K),S.el=ot.el}if($e&&at($e,G),!yt&&(ie=pe&&pe.onVnodeMounted)){const ot=S;at(()=>St(ie,Ce,ot),G)}(S.shapeFlag&256||Ce&&ks(Ce.vnode)&&Ce.vnode.shapeFlag&256)&&w.a&&at(w.a,G),w.isMounted=!0,S=x=Y=null}};w.scope.on();const se=w.effect=new wl(ne);w.scope.off();const X=w.update=se.run.bind(se),fe=w.job=se.runIfDirty.bind(se);fe.i=w,fe.id=w.uid,se.scheduler=()=>yi(fe),is(w,!0),X()},N=(w,S,x)=>{S.component=w;const Y=w.vnode.props;w.vnode=S,w.next=null,gh(w,S.props,Y,x),Eh(w,S.children,x),ss(),Gi(w),ns()},I=(w,S,x,Y,G,K,re,ne,se=!1)=>{const X=w&&w.children,fe=w?w.shapeFlag:0,ie=S.children,{patchFlag:ue,shapeFlag:pe}=S;if(ue>0){if(ue&128){H(X,ie,x,Y,G,K,re,ne,se);return}else if(ue&256){U(X,ie,x,Y,G,K,re,ne,se);return}}pe&8?(fe&16&&Te(X,G,K),ie!==X&&d(x,ie)):fe&16?pe&16?H(X,ie,x,Y,G,K,re,ne,se):Te(X,G,K,!0):(fe&8&&d(x,""),pe&16&&oe(ie,x,Y,G,K,re,ne,se))},U=(w,S,x,Y,G,K,re,ne,se)=>{w=w||Ss,S=S||Ss;const X=w.length,fe=S.length,ie=Math.min(X,fe);let ue;for(ue=0;ue<ie;ue++){const pe=S[ue]=se?Qt(S[ue]):Nt(S[ue]);k(w[ue],pe,x,null,G,K,re,ne,se)}X>fe?Te(w,G,K,!0,!1,ie):oe(S,x,Y,G,K,re,ne,se,ie)},H=(w,S,x,Y,G,K,re,ne,se)=>{let X=0;const fe=S.length;let ie=w.length-1,ue=fe-1;for(;X<=ie&&X<=ue;){const pe=w[X],we=S[X]=se?Qt(S[X]):Nt(S[X]);if(ds(pe,we))k(pe,we,x,null,G,K,re,ne,se);else break;X++}for(;X<=ie&&X<=ue;){const pe=w[ie],we=S[ue]=se?Qt(S[ue]):Nt(S[ue]);if(ds(pe,we))k(pe,we,x,null,G,K,re,ne,se);else break;ie--,ue--}if(X>ie){if(X<=ue){const pe=ue+1,we=pe<fe?S[pe].el:Y;for(;X<=ue;)k(null,S[X]=se?Qt(S[X]):Nt(S[X]),x,we,G,K,re,ne,se),X++}}else if(X>ue)for(;X<=ie;)ae(w[X],G,K,!0),X++;else{const pe=X,we=X,$e=new Map;for(X=we;X<=ue;X++){const it=S[X]=se?Qt(S[X]):Nt(S[X]);it.key!=null&&$e.set(it.key,X)}let Ce,rt=0;const Ye=ue-we+1;let yt=!1,ot=0;const Ms=new Array(Ye);for(X=0;X<Ye;X++)Ms[X]=0;for(X=pe;X<=ie;X++){const it=w[X];if(rt>=Ye){ae(it,G,K,!0);continue}let _t;if(it.key!=null)_t=$e.get(it.key);else for(Ce=we;Ce<=ue;Ce++)if(Ms[Ce-we]===0&&ds(it,S[Ce])){_t=Ce;break}_t===void 0?ae(it,G,K,!0):(Ms[_t-we]=X+1,_t>=ot?ot=_t:yt=!0,k(it,S[_t],x,null,G,K,re,ne,se),rt++)}const Ui=yt?Sh(Ms):Ss;for(Ce=Ui.length-1,X=Ye-1;X>=0;X--){const it=we+X,_t=S[it],Fi=it+1<fe?S[it+1].el:Y;Ms[X]===0?k(null,_t,x,Fi,G,K,re,ne,se):yt&&(Ce<0||X!==Ui[Ce]?Z(_t,x,Fi,2):Ce--)}}},Z=(w,S,x,Y,G=null)=>{const{el:K,type:re,transition:ne,children:se,shapeFlag:X}=w;if(X&6){Z(w.component.subTree,S,x,Y);return}if(X&128){w.suspense.move(S,x,Y);return}if(X&64){re.move(w,S,x,Ue);return}if(re===B){n(K,S,x);for(let ie=0;ie<se.length;ie++)Z(se[ie],S,x,Y);n(w.anchor,S,x);return}if(re===wo){R(w,S,x);return}if(Y!==2&&X&1&&ne)if(Y===0)ne.beforeEnter(K),n(K,S,x),at(()=>ne.enter(K),G);else{const{leave:ie,delayLeave:ue,afterLeave:pe}=ne,we=()=>n(K,S,x),$e=()=>{ie(K,()=>{we(),pe&&pe()})};ue?ue(K,we,$e):$e()}else n(K,S,x)},ae=(w,S,x,Y=!1,G=!1)=>{const{type:K,props:re,ref:ne,children:se,dynamicChildren:X,shapeFlag:fe,patchFlag:ie,dirs:ue,cacheIndex:pe}=w;if(ie===-2&&(G=!1),ne!=null&&rr(ne,null,x,w,!0),pe!=null&&(S.renderCache[pe]=void 0),fe&256){S.ctx.deactivate(w);return}const we=fe&1&&ue,$e=!ks(w);let Ce;if($e&&(Ce=re&&re.onVnodeBeforeUnmount)&&St(Ce,S,w),fe&6)Ee(w.component,x,Y);else{if(fe&128){w.suspense.unmount(x,Y);return}we&&os(w,null,S,"beforeUnmount"),fe&64?w.type.remove(w,S,x,Ue,Y):X&&!X.hasOnce&&(K!==B||ie>0&&ie&64)?Te(X,S,x,!1,!0):(K===B&&ie&384||!G&&fe&16)&&Te(se,S,x),Y&&Se(w)}($e&&(Ce=re&&re.onVnodeUnmounted)||we)&&at(()=>{Ce&&St(Ce,S,w),we&&os(w,null,S,"unmounted")},x)},Se=w=>{const{type:S,el:x,anchor:Y,transition:G}=w;if(S===B){ye(x,Y);return}if(S===wo){O(w);return}const K=()=>{r(x),G&&!G.persisted&&G.afterLeave&&G.afterLeave()};if(w.shapeFlag&1&&G&&!G.persisted){const{leave:re,delayLeave:ne}=G,se=()=>re(x,K);ne?ne(w.el,K,se):se()}else K()},ye=(w,S)=>{let x;for(;w!==S;)x=g(w),r(w),w=x;r(S)},Ee=(w,S,x)=>{const{bum:Y,scope:G,job:K,subTree:re,um:ne,m:se,a:X}=w;Zi(se),Zi(X),Y&&Fn(Y),G.stop(),K&&(K.flags|=8,ae(re,w,S,x)),ne&&at(ne,S),at(()=>{w.isUnmounted=!0},S),S&&S.pendingBranch&&!S.isUnmounted&&w.asyncDep&&!w.asyncResolved&&w.suspenseId===S.pendingId&&(S.deps--,S.deps===0&&S.resolve())},Te=(w,S,x,Y=!1,G=!1,K=0)=>{for(let re=K;re<w.length;re++)ae(w[re],S,x,Y,G)},Ne=w=>{if(w.shapeFlag&6)return Ne(w.component.subTree);if(w.shapeFlag&128)return w.suspense.next();const S=g(w.anchor||w.el),x=S&&S[jd];return x?g(x):S};let Pe=!1;const De=(w,S,x)=>{w==null?S._vnode&&ae(S._vnode,null,null,!0):k(S._vnode||null,w,S,null,null,null,x),S._vnode=w,Pe||(Pe=!0,Gi(),Fl(),Pe=!1)},Ue={p:k,um:ae,m:Z,r:Se,mt:m,mc:oe,pc:I,pbc:V,n:Ne,o:e};let qe,Ve;return{render:De,hydrate:qe,createApp:fh(De,qe)}}function Eo({type:e,props:t},s){return s==="svg"&&e==="foreignObject"||s==="mathml"&&e==="annotation-xml"&&t&&t.encoding&&t.encoding.includes("html")?void 0:s}function is({effect:e,job:t},s){s?(e.flags|=32,t.flags|=4):(e.flags&=-33,t.flags&=-5)}function _h(e,t){return(!e||e&&!e.pendingBranch)&&t&&!t.persisted}function mc(e,t,s=!1){const n=e.children,r=t.children;if(de(n)&&de(r))for(let o=0;o<n.length;o++){const i=n[o];let a=r[o];a.shapeFlag&1&&!a.dynamicChildren&&((a.patchFlag<=0||a.patchFlag===32)&&(a=r[o]=Qt(r[o]),a.el=i.el),!s&&a.patchFlag!==-2&&mc(i,a)),a.type===Zr&&(a.el=i.el)}}function Sh(e){const t=e.slice(),s=[0];let n,r,o,i,a;const l=e.length;for(n=0;n<l;n++){const h=e[n];if(h!==0){if(r=s[s.length-1],e[r]<h){t[n]=r,s.push(n);continue}for(o=0,i=s.length-1;o<i;)a=o+i>>1,e[s[a]]<h?o=a+1:i=a;h<e[s[o]]&&(o>0&&(t[n]=s[o-1]),s[o]=n)}}for(o=s.length,i=s[o-1];o-- >0;)s[o]=i,i=t[i];return s}function gc(e){const t=e.subTree.component;if(t)return t.asyncDep&&!t.asyncResolved?t:gc(t)}function Zi(e){if(e)for(let t=0;t<e.length;t++)e[t].flags|=8}const Rh=Symbol.for("v-scx"),Ch=()=>Hn(Rh);function Os(e,t,s){return vc(e,t,s)}function vc(e,t,s=Ie){const{immediate:n,deep:r,flush:o,once:i}=s,a=Fe({},s),l=t&&n||!t&&o!=="post";let h;if(mn){if(o==="sync"){const y=Ch();h=y.__watcherHandles||(y.__watcherHandles=[])}else if(!l){const y=()=>{};return y.stop=It,y.resume=It,y.pause=It,y}}const d=Ge;a.call=(y,A,k)=>wt(y,d,A,k);let p=!1;o==="post"?a.scheduler=y=>{at(y,d&&d.suspense)}:o!=="sync"&&(p=!0,a.scheduler=(y,A)=>{A?y():yi(y)}),a.augmentJob=y=>{t&&(y.flags|=4),p&&(y.flags|=2,d&&(y.id=d.uid,y.i=d))};const g=Ud(e,t,a);return mn&&(h?h.push(g):l&&g()),g}function Ah(e,t,s){const n=this.proxy,r=xe(e)?e.includes(".")?bc(n,e):()=>n[e]:e.bind(n,n);let o;me(t)?o=t:(o=t.handler,s=t);const i=Rn(this),a=vc(r,o.bind(n),s);return i(),a}function bc(e,t){const s=t.split(".");return()=>{let n=e;for(let r=0;r<s.length&&n;r++)n=n[s[r]];return n}}const kh=(e,t)=>t==="modelValue"||t==="model-value"?e.modelModifiers:e[`${t}Modifiers`]||e[`${bt(t)}Modifiers`]||e[`${gs(t)}Modifiers`];function Nh(e,t,...s){if(e.isUnmounted)return;const n=e.vnode.props||Ie;let r=s;const o=t.startsWith("update:"),i=o&&kh(n,t.slice(7));i&&(i.trim&&(r=s.map(d=>xe(d)?d.trim():d)),i.number&&(r=s.map(Zn)));let a,l=n[a=fo(t)]||n[a=fo(bt(t))];!l&&o&&(l=n[a=fo(gs(t))]),l&&wt(l,e,6,r);const h=n[a+"Once"];if(h){if(!e.emitted)e.emitted={};else if(e.emitted[a])return;e.emitted[a]=!0,wt(h,e,6,r)}}function yc(e,t,s=!1){const n=t.emitsCache,r=n.get(e);if(r!==void 0)return r;const o=e.emits;let i={},a=!1;if(!me(e)){const l=h=>{const d=yc(h,t,!0);d&&(a=!0,Fe(i,d))};!s&&t.mixins.length&&t.mixins.forEach(l),e.extends&&l(e.extends),e.mixins&&e.mixins.forEach(l)}return!o&&!a?(ke(e)&&n.set(e,null),null):(de(o)?o.forEach(l=>i[l]=null):Fe(i,o),ke(e)&&n.set(e,i),i)}function Jr(e,t){return!e||!Hr(t)?!1:(t=t.slice(2).replace(/Once$/,""),Re(e,t[0].toLowerCase()+t.slice(1))||Re(e,gs(t))||Re(e,t))}function To(e){const{type:t,vnode:s,proxy:n,withProxy:r,propsOptions:[o],slots:i,attrs:a,emit:l,render:h,renderCache:d,props:p,data:g,setupState:y,ctx:A,inheritAttrs:k}=e,j=nr(e);let W,C;try{if(s.shapeFlag&4){const O=r||n,q=O;W=Nt(h.call(q,O,d,p,y,g,A)),C=a}else{const O=t;W=Nt(O.length>1?O(p,{attrs:a,slots:i,emit:l}):O(p,null)),C=t.props?a:Oh(a)}}catch(O){tn.length=0,Qr(O,e,1),W=D(nt)}let R=W;if(C&&k!==!1){const O=Object.keys(C),{shapeFlag:q}=R;O.length&&q&7&&(o&&O.some(li)&&(C=Ih(C,o)),R=ts(R,C,!1,!0))}return s.dirs&&(R=ts(R,null,!1,!0),R.dirs=R.dirs?R.dirs.concat(s.dirs):s.dirs),s.transition&&hn(R,s.transition),W=R,nr(j),W}const Oh=e=>{let t;for(const s in e)(s==="class"||s==="style"||Hr(s))&&((t||(t={}))[s]=e[s]);return t},Ih=(e,t)=>{const s={};for(const n in e)(!li(n)||!(n.slice(9)in t))&&(s[n]=e[n]);return s};function $h(e,t,s){const{props:n,children:r,component:o}=e,{props:i,children:a,patchFlag:l}=t,h=o.emitsOptions;if(t.dirs||t.transition)return!0;if(s&&l>=0){if(l&1024)return!0;if(l&16)return n?ea(n,i,h):!!i;if(l&8){const d=t.dynamicProps;for(let p=0;p<d.length;p++){const g=d[p];if(i[g]!==n[g]&&!Jr(h,g))return!0}}}else return(r||a)&&(!a||!a.$stable)?!0:n===i?!1:n?i?ea(n,i,h):!0:!!i;return!1}function ea(e,t,s){const n=Object.keys(t);if(n.length!==Object.keys(e).length)return!0;for(let r=0;r<n.length;r++){const o=n[r];if(t[o]!==e[o]&&!Jr(s,o))return!0}return!1}function Lh({vnode:e,parent:t},s){for(;t;){const n=t.subTree;if(n.suspense&&n.suspense.activeBranch===e&&(n.el=e.el),n===e)(e=t.vnode).el=s,t=t.parent;else break}}const Ec=e=>e.__isSuspense;function qh(e,t){t&&t.pendingBranch?de(e)?t.effects.push(...e):t.effects.push(e):Bd(e)}const B=Symbol.for("v-fgt"),Zr=Symbol.for("v-txt"),nt=Symbol.for("v-cmt"),wo=Symbol.for("v-stc"),tn=[];let dt=null;function f(e=!1){tn.push(dt=e?null:[])}function Dh(){tn.pop(),dt=tn[tn.length-1]||null}let fn=1;function ta(e,t=!1){fn+=e,e<0&&dt&&t&&(dt.hasOnce=!0)}function Tc(e){return e.dynamicChildren=fn>0?dt||Ss:null,Dh(),fn>0&&dt&&dt.push(e),e}function v(e,t,s,n,r,o){return Tc(u(e,t,s,n,r,o,!0))}function J(e,t,s,n,r){return Tc(D(e,t,s,n,r,!0))}function pn(e){return e?e.__v_isVNode===!0:!1}function ds(e,t){return e.type===t.type&&e.key===t.key}const wc=({key:e})=>e??null,Bn=({ref:e,ref_key:t,ref_for:s})=>(typeof e=="number"&&(e=""+e),e!=null?xe(e)||je(e)||me(e)?{i:Be,r:e,k:t,f:!!s}:e:null);function u(e,t=null,s=null,n=0,r=null,o=e===B?0:1,i=!1,a=!1){const l={__v_isVNode:!0,__v_skip:!0,type:e,props:t,key:t&&wc(t),ref:t&&Bn(t),scopeId:Bl,slotScopeIds:null,children:s,component:null,suspense:null,ssContent:null,ssFallback:null,dirs:null,transition:null,el:null,anchor:null,target:null,targetStart:null,targetAnchor:null,staticCount:0,shapeFlag:o,patchFlag:n,dynamicProps:r,dynamicChildren:null,appContext:null,ctx:Be};return a?(wi(l,s),o&128&&e.normalize(l)):s&&(l.shapeFlag|=xe(s)?8:16),fn>0&&!i&&dt&&(l.patchFlag>0||o&6)&&l.patchFlag!==32&&dt.push(l),l}const D=Ph;function Ph(e,t=null,s=null,n=0,r=null,o=!1){if((!e||e===rh)&&(e=nt),pn(e)){const a=ts(e,t,!0);return s&&wi(a,s),fn>0&&!o&&dt&&(a.shapeFlag&6?dt[dt.indexOf(e)]=a:dt.push(a)),a.patchFlag=-2,a}if(Qh(e)&&(e=e.__vccOpts),t){t=xh(t);let{class:a,style:l}=t;a&&!xe(a)&&(t.class=te(a)),ke(l)&&(bi(l)&&!de(l)&&(l=Fe({},l)),t.style=ut(l))}const i=xe(e)?1:Ec(e)?128:jl(e)?64:ke(e)?4:me(e)?2:0;return u(e,t,s,n,r,i,o,!0)}function xh(e){return e?bi(e)||lc(e)?Fe({},e):e:null}function ts(e,t,s=!1,n=!1){const{props:r,ref:o,patchFlag:i,children:a,transition:l}=e,h=t?Mh(r||{},t):r,d={__v_isVNode:!0,__v_skip:!0,type:e.type,props:h,key:h&&wc(h),ref:t&&t.ref?s&&o?de(o)?o.concat(Bn(t)):[o,Bn(t)]:Bn(t):o,scopeId:e.scopeId,slotScopeIds:e.slotScopeIds,children:a,target:e.target,targetStart:e.targetStart,targetAnchor:e.targetAnchor,staticCount:e.staticCount,shapeFlag:e.shapeFlag,patchFlag:t&&e.type!==B?i===-1?16:i|16:i,dynamicProps:e.dynamicProps,dynamicChildren:e.dynamicChildren,appContext:e.appContext,dirs:e.dirs,transition:l,component:e.component,suspense:e.suspense,ssContent:e.ssContent&&ts(e.ssContent),ssFallback:e.ssFallback&&ts(e.ssFallback),el:e.el,anchor:e.anchor,ctx:e.ctx,ce:e.ce};return l&&n&&hn(d,l.clone(d)),d}function z(e=" ",t=0){return D(Zr,null,e,t)}function E(e="",t=!1){return t?(f(),J(nt,null,e)):D(nt,null,e)}function Nt(e){return e==null||typeof e=="boolean"?D(nt):de(e)?D(B,null,e.slice()):pn(e)?Qt(e):D(Zr,null,String(e))}function Qt(e){return e.el===null&&e.patchFlag!==-1||e.memo?e:ts(e)}function wi(e,t){let s=0;const{shapeFlag:n}=e;if(t==null)t=null;else if(de(t))s=16;else if(typeof t=="object")if(n&65){const r=t.default;r&&(r._c&&(r._d=!1),wi(e,r()),r._c&&(r._d=!0));return}else{s=32;const r=t._;!r&&!lc(t)?t._ctx=Be:r===3&&Be&&(Be.slots._===1?t._=1:(t._=2,e.patchFlag|=1024))}else me(t)?(t={default:t,_ctx:Be},s=32):(t=String(t),n&64?(s=16,t=[z(t)]):s=8);e.children=t,e.shapeFlag|=s}function Mh(...e){const t={};for(let s=0;s<e.length;s++){const n=e[s];for(const r in n)if(r==="class")t.class!==n.class&&(t.class=te([t.class,n.class]));else if(r==="style")t.style=ut([t.style,n.style]);else if(Hr(r)){const o=t[r],i=n[r];i&&o!==i&&!(de(o)&&o.includes(i))&&(t[r]=o?[].concat(o,i):i)}else r!==""&&(t[r]=n[r])}return t}function St(e,t,s,n=null){wt(e,t,7,[s,n])}const Uh=oc();let Fh=0;function Hh(e,t,s){const n=e.type,r=(t?t.appContext:e.appContext)||Uh,o={uid:Fh++,vnode:e,type:n,parent:t,appContext:r,root:null,next:null,subTree:null,effect:null,update:null,job:null,scope:new od(!0),render:null,proxy:null,exposed:null,exposeProxy:null,withProxy:null,provides:t?t.provides:Object.create(r.provides),ids:t?t.ids:["",0,0],accessCache:null,renderCache:[],components:null,directives:null,propsOptions:uc(n,r),emitsOptions:yc(n,r),emit:null,emitted:null,propsDefaults:Ie,inheritAttrs:n.inheritAttrs,ctx:Ie,data:Ie,props:Ie,attrs:Ie,slots:Ie,refs:Ie,setupState:Ie,setupContext:null,suspense:s,suspenseId:s?s.pendingId:0,asyncDep:null,asyncResolved:!1,isMounted:!1,isUnmounted:!1,isDeactivated:!1,bc:null,c:null,bm:null,m:null,bu:null,u:null,um:null,bum:null,da:null,a:null,rtg:null,rtc:null,ec:null,sp:null};return o.ctx={_:o},o.root=t?t.root:o,o.emit=Nh.bind(null,o),e.ce&&e.ce(o),o}let Ge=null;const Bh=()=>Ge||Be;let ir,Qo;{const e=Vr(),t=(s,n)=>{let r;return(r=e[s])||(r=e[s]=[]),r.push(n),o=>{r.length>1?r.forEach(i=>i(o)):r[0](o)}};ir=t("__VUE_INSTANCE_SETTERS__",s=>Ge=s),Qo=t("__VUE_SSR_SETTERS__",s=>mn=s)}const Rn=e=>{const t=Ge;return ir(e),e.scope.on(),()=>{e.scope.off(),ir(t)}},sa=()=>{Ge&&Ge.scope.off(),ir(null)};function _c(e){return e.vnode.shapeFlag&4}let mn=!1;function jh(e,t=!1,s=!1){t&&Qo(t);const{props:n,children:r}=e.vnode,o=_c(e);mh(e,n,o,t),yh(e,r,s);const i=o?Vh(e,t):void 0;return t&&Qo(!1),i}function Vh(e,t){const s=e.type;e.accessCache=Object.create(null),e.proxy=new Proxy(e.ctx,ih);const{setup:n}=s;if(n){ss();const r=e.setupContext=n.length>1?Wh(e):null,o=Rn(e),i=Sn(n,e,0,[e.props,r]),a=pl(i);if(ns(),o(),(a||e.sp)&&!ks(e)&&Yl(e),a){if(i.then(sa,sa),t)return i.then(l=>{na(e,l,t)}).catch(l=>{Qr(l,e,0)});e.asyncDep=i}else na(e,i,t)}else Sc(e,t)}function na(e,t,s){me(t)?e.type.__ssrInlineRender?e.ssrRender=t:e.render=t:ke(t)&&(e.setupState=xl(t)),Sc(e,s)}let ra;function Sc(e,t,s){const n=e.type;if(!e.render){if(!t&&ra&&!n.render){const r=n.template||Ei(e).template;if(r){const{isCustomElement:o,compilerOptions:i}=e.appContext.config,{delimiters:a,compilerOptions:l}=n,h=Fe(Fe({isCustomElement:o,delimiters:a},i),l);n.render=ra(r,h)}}e.render=n.render||It}{const r=Rn(e);ss();try{ah(e)}finally{ns(),r()}}}const Gh={get(e,t){return Xe(e,"get",""),e[t]}};function Wh(e){const t=s=>{e.exposed=s||{}};return{attrs:new Proxy(e.attrs,Gh),slots:e.slots,emit:e.emit,expose:t}}function eo(e){return e.exposed?e.exposeProxy||(e.exposeProxy=new Proxy(xl(Cd(e.exposed)),{get(t,s){if(s in t)return t[s];if(s in en)return en[s](e)},has(t,s){return s in t||s in en}})):e.proxy}function zh(e,t=!0){return me(e)?e.displayName||e.name:e.name||t&&e.__name}function Qh(e){return me(e)&&"__vccOpts"in e}const Rc=(e,t)=>xd(e,t,mn);function Yh(e,t,s){const n=arguments.length;return n===2?ke(t)&&!de(t)?pn(t)?D(e,null,[t]):D(e,t):D(e,null,t):(n>3?s=Array.prototype.slice.call(arguments,2):n===3&&pn(s)&&(s=[s]),D(e,t,s))}const Kh="3.5.13";/**
* @vue/runtime-dom v3.5.13
* (c) 2018-present Yuxi (Evan) You and Vue contributors
* @license MIT
**/let Yo;const oa=typeof window<"u"&&window.trustedTypes;if(oa)try{Yo=oa.createPolicy("vue",{createHTML:e=>e})}catch{}const Cc=Yo?e=>Yo.createHTML(e):e=>e,Xh="http://www.w3.org/2000/svg",Jh="http://www.w3.org/1998/Math/MathML",Pt=typeof document<"u"?document:null,ia=Pt&&Pt.createElement("template"),Zh={insert:(e,t,s)=>{t.insertBefore(e,s||null)},remove:e=>{const t=e.parentNode;t&&t.removeChild(e)},createElement:(e,t,s,n)=>{const r=t==="svg"?Pt.createElementNS(Xh,e):t==="mathml"?Pt.createElementNS(Jh,e):s?Pt.createElement(e,{is:s}):Pt.createElement(e);return e==="select"&&n&&n.multiple!=null&&r.setAttribute("multiple",n.multiple),r},createText:e=>Pt.createTextNode(e),createComment:e=>Pt.createComment(e),setText:(e,t)=>{e.nodeValue=t},setElementText:(e,t)=>{e.textContent=t},parentNode:e=>e.parentNode,nextSibling:e=>e.nextSibling,querySelector:e=>Pt.querySelector(e),setScopeId(e,t){e.setAttribute(t,"")},insertStaticContent(e,t,s,n,r,o){const i=s?s.previousSibling:t.lastChild;if(r&&(r===o||r.nextSibling))for(;t.insertBefore(r.cloneNode(!0),s),!(r===o||!(r=r.nextSibling)););else{ia.innerHTML=Cc(n==="svg"?`<svg>${e}</svg>`:n==="mathml"?`<math>${e}</math>`:e);const a=ia.content;if(n==="svg"||n==="mathml"){const l=a.firstChild;for(;l.firstChild;)a.appendChild(l.firstChild);a.removeChild(l)}t.insertBefore(a,s)}return[i?i.nextSibling:t.firstChild,s?s.previousSibling:t.lastChild]}},jt="transition",Fs="animation",gn=Symbol("_vtc"),Ac={name:String,type:String,css:{type:Boolean,default:!0},duration:[String,Number,Object],enterFromClass:String,enterActiveClass:String,enterToClass:String,appearFromClass:String,appearActiveClass:String,appearToClass:String,leaveFromClass:String,leaveActiveClass:String,leaveToClass:String},ef=Fe({},Vl,Ac),tf=e=>(e.displayName="Transition",e.props=ef,e),sf=tf((e,{slots:t})=>Yh(Wd,nf(e),t)),as=(e,t=[])=>{de(e)?e.forEach(s=>s(...t)):e&&e(...t)},aa=e=>e?de(e)?e.some(t=>t.length>1):e.length>1:!1;function nf(e){const t={};for(const M in e)M in Ac||(t[M]=e[M]);if(e.css===!1)return t;const{name:s="v",type:n,duration:r,enterFromClass:o=`${s}-enter-from`,enterActiveClass:i=`${s}-enter-active`,enterToClass:a=`${s}-enter-to`,appearFromClass:l=o,appearActiveClass:h=i,appearToClass:d=a,leaveFromClass:p=`${s}-leave-from`,leaveActiveClass:g=`${s}-leave-active`,leaveToClass:y=`${s}-leave-to`}=e,A=rf(r),k=A&&A[0],j=A&&A[1],{onBeforeEnter:W,onEnter:C,onEnterCancelled:R,onLeave:O,onLeaveCancelled:q,onBeforeAppear:L=W,onAppear:Q=C,onAppearCancelled:oe=R}=t,P=(M,c,m,b)=>{M._enterCancelled=b,ls(M,c?d:a),ls(M,c?h:i),m&&m()},V=(M,c)=>{M._isLeaving=!1,ls(M,p),ls(M,y),ls(M,g),c&&c()},F=M=>(c,m)=>{const b=M?Q:C,_=()=>P(c,M,m);as(b,[c,_]),la(()=>{ls(c,M?l:o),qt(c,M?d:a),aa(b)||ca(c,n,k,_)})};return Fe(t,{onBeforeEnter(M){as(W,[M]),qt(M,o),qt(M,i)},onBeforeAppear(M){as(L,[M]),qt(M,l),qt(M,h)},onEnter:F(!1),onAppear:F(!0),onLeave(M,c){M._isLeaving=!0;const m=()=>V(M,c);qt(M,p),M._enterCancelled?(qt(M,g),ha()):(ha(),qt(M,g)),la(()=>{M._isLeaving&&(ls(M,p),qt(M,y),aa(O)||ca(M,n,j,m))}),as(O,[M,m])},onEnterCancelled(M){P(M,!1,void 0,!0),as(R,[M])},onAppearCancelled(M){P(M,!0,void 0,!0),as(oe,[M])},onLeaveCancelled(M){V(M),as(q,[M])}})}function rf(e){if(e==null)return null;if(ke(e))return[_o(e.enter),_o(e.leave)];{const t=_o(e);return[t,t]}}function _o(e){return Xu(e)}function qt(e,t){t.split(/\s+/).forEach(s=>s&&e.classList.add(s)),(e[gn]||(e[gn]=new Set)).add(t)}function ls(e,t){t.split(/\s+/).forEach(n=>n&&e.classList.remove(n));const s=e[gn];s&&(s.delete(t),s.size||(e[gn]=void 0))}function la(e){requestAnimationFrame(()=>{requestAnimationFrame(e)})}let of=0;function ca(e,t,s,n){const r=e._endId=++of,o=()=>{r===e._endId&&n()};if(s!=null)return setTimeout(o,s);const{type:i,timeout:a,propCount:l}=af(e,t);if(!i)return n();const h=i+"end";let d=0;const p=()=>{e.removeEventListener(h,g),o()},g=y=>{y.target===e&&++d>=l&&p()};setTimeout(()=>{d<l&&p()},a+1),e.addEventListener(h,g)}function af(e,t){const s=window.getComputedStyle(e),n=A=>(s[A]||"").split(", "),r=n(`${jt}Delay`),o=n(`${jt}Duration`),i=ua(r,o),a=n(`${Fs}Delay`),l=n(`${Fs}Duration`),h=ua(a,l);let d=null,p=0,g=0;t===jt?i>0&&(d=jt,p=i,g=o.length):t===Fs?h>0&&(d=Fs,p=h,g=l.length):(p=Math.max(i,h),d=p>0?i>h?jt:Fs:null,g=d?d===jt?o.length:l.length:0);const y=d===jt&&/\b(transform|all)(,|$)/.test(n(`${jt}Property`).toString());return{type:d,timeout:p,propCount:g,hasTransform:y}}function ua(e,t){for(;e.length<t.length;)e=e.concat(e);return Math.max(...t.map((s,n)=>da(s)+da(e[n])))}function da(e){return e==="auto"?0:Number(e.slice(0,-1).replace(",","."))*1e3}function ha(){return document.body.offsetHeight}function lf(e,t,s){const n=e[gn];n&&(t=(t?[t,...n]:[...n]).join(" ")),t==null?e.removeAttribute("class"):s?e.setAttribute("class",t):e.className=t}const ar=Symbol("_vod"),kc=Symbol("_vsh"),Nc={beforeMount(e,{value:t},{transition:s}){e[ar]=e.style.display==="none"?"":e.style.display,s&&t?s.beforeEnter(e):Hs(e,t)},mounted(e,{value:t},{transition:s}){s&&t&&s.enter(e)},updated(e,{value:t,oldValue:s},{transition:n}){!t!=!s&&(n?t?(n.beforeEnter(e),Hs(e,!0),n.enter(e)):n.leave(e,()=>{Hs(e,!1)}):Hs(e,t))},beforeUnmount(e,{value:t}){Hs(e,t)}};function Hs(e,t){e.style.display=t?e[ar]:"none",e[kc]=!t}const cf=Symbol(""),uf=/(^|;)\s*display\s*:/;function df(e,t,s){const n=e.style,r=xe(s);let o=!1;if(s&&!r){if(t)if(xe(t))for(const i of t.split(";")){const a=i.slice(0,i.indexOf(":")).trim();s[a]==null&&jn(n,a,"")}else for(const i in t)s[i]==null&&jn(n,i,"");for(const i in s)i==="display"&&(o=!0),jn(n,i,s[i])}else if(r){if(t!==s){const i=n[cf];i&&(s+=";"+i),n.cssText=s,o=uf.test(s)}}else t&&e.removeAttribute("style");ar in e&&(e[ar]=o?n.display:"",e[kc]&&(n.display="none"))}const fa=/\s*!important$/;function jn(e,t,s){if(de(s))s.forEach(n=>jn(e,t,n));else if(s==null&&(s=""),t.startsWith("--"))e.setProperty(t,s);else{const n=hf(e,t);fa.test(s)?e.setProperty(gs(n),s.replace(fa,""),"important"):e[n]=s}}const pa=["Webkit","Moz","ms"],So={};function hf(e,t){const s=So[t];if(s)return s;let n=bt(t);if(n!=="filter"&&n in e)return So[t]=n;n=jr(n);for(let r=0;r<pa.length;r++){const o=pa[r]+n;if(o in e)return So[t]=o}return t}const ma="http://www.w3.org/1999/xlink";function ga(e,t,s,n,r,o=nd(t)){n&&t.startsWith("xlink:")?s==null?e.removeAttributeNS(ma,t.slice(6,t.length)):e.setAttributeNS(ma,t,s):s==null||o&&!bl(s)?e.removeAttribute(t):e.setAttribute(t,o?"":Tt(s)?String(s):s)}function va(e,t,s,n,r){if(t==="innerHTML"||t==="textContent"){s!=null&&(e[t]=t==="innerHTML"?Cc(s):s);return}const o=e.tagName;if(t==="value"&&o!=="PROGRESS"&&!o.includes("-")){const a=o==="OPTION"?e.getAttribute("value")||"":e.value,l=s==null?e.type==="checkbox"?"on":"":String(s);(a!==l||!("_value"in e))&&(e.value=l),s==null&&e.removeAttribute(t),e._value=s;return}let i=!1;if(s===""||s==null){const a=typeof e[t];a==="boolean"?s=bl(s):s==null&&a==="string"?(s="",i=!0):a==="number"&&(s=0,i=!0)}try{e[t]=s}catch{}i&&e.removeAttribute(r||t)}function Kt(e,t,s,n){e.addEventListener(t,s,n)}function ff(e,t,s,n){e.removeEventListener(t,s,n)}const ba=Symbol("_vei");function pf(e,t,s,n,r=null){const o=e[ba]||(e[ba]={}),i=o[t];if(n&&i)i.value=n;else{const[a,l]=mf(t);if(n){const h=o[t]=bf(n,r);Kt(e,a,h,l)}else i&&(ff(e,a,i,l),o[t]=void 0)}}const ya=/(?:Once|Passive|Capture)$/;function mf(e){let t;if(ya.test(e)){t={};let n;for(;n=e.match(ya);)e=e.slice(0,e.length-n[0].length),t[n[0].toLowerCase()]=!0}return[e[2]===":"?e.slice(3):gs(e.slice(2)),t]}let Ro=0;const gf=Promise.resolve(),vf=()=>Ro||(gf.then(()=>Ro=0),Ro=Date.now());function bf(e,t){const s=n=>{if(!n._vts)n._vts=Date.now();else if(n._vts<=s.attached)return;wt(yf(n,s.value),t,5,[n])};return s.value=e,s.attached=vf(),s}function yf(e,t){if(de(t)){const s=e.stopImmediatePropagation;return e.stopImmediatePropagation=()=>{s.call(e),e._stopped=!0},t.map(n=>r=>!r._stopped&&n&&n(r))}else return t}const Ea=e=>e.charCodeAt(0)===111&&e.charCodeAt(1)===110&&e.charCodeAt(2)>96&&e.charCodeAt(2)<123,Ef=(e,t,s,n,r,o)=>{const i=r==="svg";t==="class"?lf(e,n,i):t==="style"?df(e,s,n):Hr(t)?li(t)||pf(e,t,s,n,o):(t[0]==="."?(t=t.slice(1),!0):t[0]==="^"?(t=t.slice(1),!1):Tf(e,t,n,i))?(va(e,t,n),!e.tagName.includes("-")&&(t==="value"||t==="checked"||t==="selected")&&ga(e,t,n,i,o,t!=="value")):e._isVueCE&&(/[A-Z]/.test(t)||!xe(n))?va(e,bt(t),n,o,t):(t==="true-value"?e._trueValue=n:t==="false-value"&&(e._falseValue=n),ga(e,t,n,i))};function Tf(e,t,s,n){if(n)return!!(t==="innerHTML"||t==="textContent"||t in e&&Ea(t)&&me(s));if(t==="spellcheck"||t==="draggable"||t==="translate"||t==="form"||t==="list"&&e.tagName==="INPUT"||t==="type"&&e.tagName==="TEXTAREA")return!1;if(t==="width"||t==="height"){const r=e.tagName;if(r==="IMG"||r==="VIDEO"||r==="CANVAS"||r==="SOURCE")return!1}return Ea(t)&&xe(s)?!1:t in e}const Is=e=>{const t=e.props["onUpdate:modelValue"]||!1;return de(t)?s=>Fn(t,s):t};function wf(e){e.target.composing=!0}function Ta(e){const t=e.target;t.composing&&(t.composing=!1,t.dispatchEvent(new Event("input")))}const Ut=Symbol("_assign"),gt={created(e,{modifiers:{lazy:t,trim:s,number:n}},r){e[Ut]=Is(r);const o=n||r.props&&r.props.type==="number";Kt(e,t?"change":"input",i=>{if(i.target.composing)return;let a=e.value;s&&(a=a.trim()),o&&(a=Zn(a)),e[Ut](a)}),s&&Kt(e,"change",()=>{e.value=e.value.trim()}),t||(Kt(e,"compositionstart",wf),Kt(e,"compositionend",Ta),Kt(e,"change",Ta))},mounted(e,{value:t}){e.value=t??""},beforeUpdate(e,{value:t,oldValue:s,modifiers:{lazy:n,trim:r,number:o}},i){if(e[Ut]=Is(i),e.composing)return;const a=(o||e.type==="number")&&!/^0\d/.test(e.value)?Zn(e.value):e.value,l=t??"";a!==l&&(document.activeElement===e&&e.type!=="range"&&(n&&t===s||r&&e.value.trim()===l)||(e.value=l))}},Ot={deep:!0,created(e,t,s){e[Ut]=Is(s),Kt(e,"change",()=>{const n=e._modelValue,r=vn(e),o=e.checked,i=e[Ut];if(de(n)){const a=di(n,r),l=a!==-1;if(o&&!l)i(n.concat(r));else if(!o&&l){const h=[...n];h.splice(a,1),i(h)}}else if(Ls(n)){const a=new Set(n);o?a.add(r):a.delete(r),i(a)}else i(Oc(e,o))})},mounted:wa,beforeUpdate(e,t,s){e[Ut]=Is(s),wa(e,t,s)}};function wa(e,{value:t,oldValue:s},n){e._modelValue=t;let r;if(de(t))r=di(t,n.props.value)>-1;else if(Ls(t))r=t.has(n.props.value);else{if(t===s)return;r=_n(t,Oc(e,!0))}e.checked!==r&&(e.checked=r)}const _f={deep:!0,created(e,{value:t,modifiers:{number:s}},n){const r=Ls(t);Kt(e,"change",()=>{const o=Array.prototype.filter.call(e.options,i=>i.selected).map(i=>s?Zn(vn(i)):vn(i));e[Ut](e.multiple?r?new Set(o):o:o[0]),e._assigning=!0,Yr(()=>{e._assigning=!1})}),e[Ut]=Is(n)},mounted(e,{value:t}){_a(e,t)},beforeUpdate(e,t,s){e[Ut]=Is(s)},updated(e,{value:t}){e._assigning||_a(e,t)}};function _a(e,t){const s=e.multiple,n=de(t);if(!(s&&!n&&!Ls(t))){for(let r=0,o=e.options.length;r<o;r++){const i=e.options[r],a=vn(i);if(s)if(n){const l=typeof a;l==="string"||l==="number"?i.selected=t.some(h=>String(h)===String(a)):i.selected=di(t,a)>-1}else i.selected=t.has(a);else if(_n(vn(i),t)){e.selectedIndex!==r&&(e.selectedIndex=r);return}}!s&&e.selectedIndex!==-1&&(e.selectedIndex=-1)}}function vn(e){return"_value"in e?e._value:e.value}function Oc(e,t){const s=t?"_trueValue":"_falseValue";return s in e?e[s]:t}const Sf=["ctrl","shift","alt","meta"],Rf={stop:e=>e.stopPropagation(),prevent:e=>e.preventDefault(),self:e=>e.target!==e.currentTarget,ctrl:e=>!e.ctrlKey,shift:e=>!e.shiftKey,alt:e=>!e.altKey,meta:e=>!e.metaKey,left:e=>"button"in e&&e.button!==0,middle:e=>"button"in e&&e.button!==1,right:e=>"button"in e&&e.button!==2,exact:(e,t)=>Sf.some(s=>e[`${s}Key`]&&!t.includes(s))},ge=(e,t)=>{const s=e._withMods||(e._withMods={}),n=t.join(".");return s[n]||(s[n]=(r,...o)=>{for(let i=0;i<t.length;i++){const a=Rf[t[i]];if(a&&a(r,t))return}return e(r,...o)})},Cf=Fe({patchProp:Ef},Zh);let Sa;function Af(){return Sa||(Sa=Th(Cf))}const kf=(...e)=>{const t=Af().createApp(...e),{mount:s}=t;return t.mount=n=>{const r=Of(n);if(!r)return;const o=t._component;!me(o)&&!o.render&&!o.template&&(o.template=r.innerHTML),r.nodeType===1&&(r.textContent="");const i=s(r,!1,Nf(r));return r instanceof Element&&(r.removeAttribute("v-cloak"),r.setAttribute("data-v-app","")),i},t};function Nf(e){if(e instanceof SVGElement)return"svg";if(typeof MathMLElement=="function"&&e instanceof MathMLElement)return"mathml"}function Of(e){return xe(e)?document.querySelector(e):e}const he=(e,t)=>{const s=e.__vccOpts||e;for(const[n,r]of t)s[n]=r;return s},If={name:"Modal",props:["icon","shown","title","onClose"],methods:{close(){this.onClose&&this.onClose(),this.$emit("update:shown",!1)}}},$f={class:"modal"},Lf={class:"modal-header"},qf={class:"header-title"};function Df(e,t,s,n,r,o){const i=$("icon");return f(),J(sf,{name:"modal"},{default:ce(()=>[s.shown?(f(),v("div",{key:0,class:"modal-backdrop",onClick:t[1]||(t[1]=ge((...a)=>o.close&&o.close(...a),["self"]))},[u("div",$f,[u("div",Lf,[u("div",qf,[s.icon?(f(),J(i,{key:0,name:s.icon},null,8,["name"])):E("",!0),z(" "+T(s.title),1)]),u("a",{href:"#",class:"header-close",onClick:t[0]||(t[0]=ge((...a)=>o.close&&o.close(...a),["prevent"]))},[D(i,{name:"x"})])]),$t(e.$slots,"default")])])):E("",!0)]),_:3})}const vs=he(If,[["render",Df]]),Pf={name:"CreditsModal",components:{Modal:vs},computed:{credits(){return this.$credits.credits}}},xf={class:"credits-modal"},Mf={class:"credits-version"},Uf={class:"credits-authors"},Ff={class:"authors-author"},Hf={class:"author-name"},Bf={class:"author-links"},jf=["href"],Vf=["href"],Gf=["href"],Wf={key:0,class:"credits-contributors"},zf=["href","title"],Qf=["href","title"],Yf={key:0},Kf={class:"credits-sponsors"},Xf=["href","title"],Jf={key:1},Zf={class:"credits-dependencies"},ep={class:"dependencies-dependency"},tp=["href"],sp=["href"],np={class:"dependency-description"},rp={class:"dependencies-dependency"},op=["href"],ip=["href"],ap={class:"dependency-description"};function lp(e,t,s,n,r,o){const i=$("icon"),a=$("modal");return f(),J(a,{icon:"info",title:"Credits",shown:e.$credits.shown,"onUpdate:shown":t[0]||(t[0]=l=>e.$credits.shown=l)},{default:ce(()=>[u("div",xf,[t[8]||(t[8]=u("h1",null,"Clockwork App",-1)),u("p",Mf,"Version "+T(e.$credits.version),1),u("div",null,[t[1]||(t[1]=u("h2",null,"Created by",-1)),u("div",Uf,[(f(!0),v(B,null,le(e.$credits.authors,l=>(f(),v("div",Ff,[u("div",{class:"author-avatar",style:ut(`background-image:url(${l.avatarUrl};`)},null,4),u("div",null,[u("div",Hf,T(l.name),1),u("div",Bf,[u("a",{href:l.twitterUrl,target:"_blank"},[D(i,{name:"twitter"})],8,jf),u("a",{href:l.githubUrl,target:"_blank"},[D(i,{name:"github"})],8,Vf),u("a",{href:l.sponsorUrl,target:"_blank"},[D(i,{name:"heart"})],8,Gf)])])]))),256))]),o.credits.app.contributors.length||o.credits.php.contributors.length?(f(),v("div",Wf,[(f(!0),v(B,null,le(o.credits.app.contributors,l=>(f(),v("a",{class:"contributors-contributor",href:l.url,target:"_blank",title:l.userName},[u("div",{class:"contributor-avatar",style:ut(`background-image:url(${l.avatarUrl};`)},null,4)],8,zf))),256)),(f(!0),v(B,null,le(o.credits.php.contributors,l=>(f(),v("a",{class:"contributors-contributor",href:l.url,target:"_blank",title:l.userName},[u("div",{class:"contributor-avatar",style:ut(`background-image:url(${l.avatarUrl};`)},null,4)],8,Qf))),256))])):E("",!0)]),o.credits.app.sponsors.length?(f(),v("div",Yf,[t[2]||(t[2]=u("h2",null,"Sponsored by",-1)),u("div",Kf,[(f(!0),v(B,null,le(o.credits.app.sponsors,l=>(f(),v("a",{class:"sponsors-sponsor",href:l.url,target:"_blank",title:l.userName},[u("div",{class:"sponsor-avatar",style:ut(`background-image:url(${l.avatarUrl};`)},null,4)],8,Xf))),256))])])):E("",!0),o.credits.app.dependencies.length||o.credits.php.dependencies.length?(f(),v("div",Jf,[t[7]||(t[7]=u("h2",null,"Built with",-1)),u("div",Zf,[t[5]||(t[5]=u("h3",null,"Clockwork App",-1)),(f(!0),v(B,null,le(o.credits.app.dependencies,l=>(f(),v("div",ep,[u("div",null,[u("a",{href:l.url,target:"_blank"},T(l.name),9,tp),t[3]||(t[3]=z(" by ")),u("a",{href:l.authorUrl,target:"_blank"},T(l.author),9,sp)]),u("div",np,T(l.description),1)]))),256)),t[6]||(t[6]=u("h3",null,"Clockwork PHP",-1)),(f(!0),v(B,null,le(o.credits.php.dependencies,l=>(f(),v("div",rp,[u("div",null,[u("a",{href:l.url,target:"_blank"},T(l.name),9,op),t[4]||(t[4]=z(" by ")),u("a",{href:l.authorUrl,target:"_blank"},T(l.authors|e.join),9,ip)]),u("div",ap,T(l.description),1)]))),256))])])):E("",!0)])]),_:1},8,["shown"])}const cp=he(Pf,[["render",lp]]),up={name:"DetailsRequest"},dp={class:"content-request"},hp={class:"counters-row"},fp={key:0,class:"counter request-type"},pp={key:0,class:"type-text"},mp={key:1,class:"type-text"},gp={key:2,class:"type-text"},vp={key:3,class:"type-text"},bp={class:"counter request-main"},yp={class:"method-text"},Ep={class:"counter request-details"},Tp={class:"counters-group right-aligned"},wp={key:0,class:"counter request-alerts"},_p={class:"counter request-status"},Sp=["title"],Rp=["title"],Cp=["title"],Ap=["title"];function kp(e,t,s,n,r,o){const i=$("icon");return f(),v("div",dp,[u("div",hp,[e.$request.isCommand()||e.$request.isQueueJob()||e.$request.isTest()||e.$request.isAjax()?(f(),v("div",fp,[e.$request.isCommand()?(f(),v("span",pp,"CMD")):e.$request.isQueueJob()?(f(),v("span",mp,"QUEUE")):e.$request.isTest()?(f(),v("span",gp,"TEST")):e.$request.isAjax()?(f(),v("span",vp,"AJAX")):E("",!0)])):E("",!0),u("div",bp,[e.$request.isCommand()?(f(),v(B,{key:0},[z(T(e.$request.commandName),1)],64)):e.$request.isQueueJob()?(f(),v(B,{key:1},[z(T(e.$request.jobName),1)],64)):e.$request.isTest()?(f(),v(B,{key:2},[z(T(e.$request.testGroup),1)],64)):(f(),v(B,{key:3},[u("span",yp,T(e.$request.method),1),z(" "+T(e.$request.uri),1)],64))]),u("div",Ep,[e.$request.isCommand()?(f(),v(B,{key:0},[z(T(e.$request.commandLine),1)],64)):e.$request.isQueueJob()?(f(),v(B,{key:1},[z(T(e.$request.jobDescription),1)],64)):e.$request.isTest()?(f(),v(B,{key:2},[z(T(e.$request.testName),1)],64)):(f(),v(B,{key:3},[z(T(e.$request.controller),1)],64))]),u("div",Tp,[e.$request.errorsCount||e.$request.warningsCount?(f(),v("div",wp,[e.$request.errorsCount?(f(),J(i,{key:0,name:"alert-circle",class:"header-alert alert-errors"})):e.$request.warningsCount?(f(),J(i,{key:1,name:"alert-triangle",class:"header-alert alert-warnings"})):E("",!0)])):E("",!0),u("div",_p,[e.$request.isCommand()?(f(),v("span",{key:0,class:te({"status-text":!0,"client-error":e.$request.isCommandWarning(),"server-error":e.$request.isCommandError()}),title:e.$request.commandExitCode},T(e.$request.commandExitCode),11,Sp)):e.$request.isQueueJob()?(f(),v("span",{key:1,class:te({"status-text":!0,"status-text-small":!0,"client-error":e.$request.isQueueJobWarning(),"server-error":e.$request.isQueueJobError()}),title:e.$request.jobStatus},T(e.$request.jobStatus),11,Rp)):e.$request.isTest()?(f(),v("span",{key:2,class:te({"status-text":!0,"status-text-small":!0,"client-error":e.$request.isTestWarning(),"server-error":e.$request.isTestError()}),title:e.$request.testStatus},T(e.$request.testStatus),11,Cp)):(f(),v("span",{key:3,class:te({"status-text":!0,"client-error":e.$request.isClientError(),"server-error":e.$request.isServerError()}),title:e.$request.responseStatus},T(e.$request.responseStatus),11,Ap))])])])])}const Np=he(up,[["render",kp]]),Op={name:"Popover",data:()=>({shown:!1,classList:[]}),methods:{close(e){e&&this.$el.closest(".popover-container").contains(e.target)||(this.shown=!1)},async open(){this.shown=!0,await this.$nextTick();let t=this.$el.closest(".popover-viewport").getBoundingClientRect(),n=this.$el.closest(".popover-container").getBoundingClientRect();this.classList=[],t.left>n.left+n.width/2-200?this.classList=["left-aligned"]:t.right<n.left+n.width/2+200&&(this.classList=["right-aligned"])},toggle(){this.shown?this.close():this.open()}}},Ip={class:"popover-content"};function $p(e,t,s,n,r,o){const i=tc("on-click-outside");return e.shown?Oe((f(),v("div",{key:0,class:te(["popover",e.classList])},[u("div",Ip,[$t(e.$slots,"default")])],2)),[[i,o.close]]):E("",!0)}const Ic=he(Op,[["render",$p]]),Lp={name:"ShortenedText",props:["full"],data:()=>({expanded:!1}),methods:{expand(e){this.expanded||(e.stopPropagation(),e.preventDefault()),this.expanded=!0}}};function qp(e,t,s,n,r,o){return f(),v("span",{onClick:t[0]||(t[0]=i=>o.expand(i))},[e.expanded?(f(),v(B,{key:0},[z(T(s.full),1)],64)):$t(e.$slots,"default",{key:1})])}const bs=he(Lp,[["render",qp]]),Dp={name:"StackTrace",components:{Popover:Ic,ShortenedText:bs},props:["trace","file","line"],computed:{fullPath(){var e,t;return this.makeFullPath(this.file||((e=this.trace[0])==null?void 0:e.file),this.line||((t=this.trace[0])==null?void 0:t.line))},shortPath(){var e,t;return this.makeShortPath(this.file||((e=this.trace[0])==null?void 0:e.file),this.line||((t=this.trace[0])==null?void 0:t.line))}},methods:{togglePopover(e){this.trace&&(e.preventDefault(),this.$refs.popover.toggle())},makeFullPath(e,t){return`${e}:${t}`},makeShortPath(e,t){return this.makeFullPath(e,t).split(/[\/\\]/).pop()}}},Pp={class:"stack-trace popover-container"},xp=["href"],Mp={class:"stack-frame-call"},Up={class:"stack-frame-file"},Fp=["href"];function Hp(e,t,s,n,r,o){const i=$("shortened-text"),a=$("popover");return f(),v("div",Pp,[s.file||s.trace&&s.trace.length?(f(),v("a",{key:0,href:e.$editorLink(s.file||s.trace[0].file,s.line)},[D(i,{full:s.trace?o.shortPath:o.fullPath,onClick:t[0]||(t[0]=l=>o.togglePopover(l))},{default:ce(()=>[z(T(o.shortPath),1)]),_:1},8,["full"])],8,xp)):E("",!0),s.trace?(f(),J(a,{key:1,ref:"popover"},{default:ce(()=>[(f(!0),v(B,null,le(s.trace,l=>(f(),v("div",{class:te(["stack-frame",{"is-vendor":l.isVendor}])},[u("div",Mp,T(l.call),1),u("div",Up,[u("a",{href:e.$editorLink(l.file,l.line)},[D(i,{full:o.makeFullPath(l.file,l.line)},{default:ce(()=>[z(T(o.makeShortPath(l.file,l.line)),1)]),_:2},1032,["full"])],8,Fp)])],2))),256))]),_:1},512)):E("",!0)])}const ht=he(Dp,[["render",Hp]]),Bp={name:"ExceptionSection",components:{StackTrace:ht},props:["compact"],methods:{showPreviousException(e){this.$request.exceptions.push(e.previous),e.previous=void 0}}},jp={class:"exception-message"},Vp={key:0},Gp=["onClick"];function Wp(e,t,s,n,r,o){const i=$("icon"),a=$("stack-trace");return e.$request&&e.$request.exceptions.length?(f(),v("div",{key:0,class:te(["exception-section",{compact:s.compact}])},[(f(!0),v(B,null,le(e.$request.exceptions,(l,h)=>(f(),v("div",{class:"exception-info",key:`${e.$request.id}-${h}`},[u("div",jp,[s.compact?(f(),J(i,{key:0,name:"alert-circle"})):E("",!0),u("h3",null,[z(T(l.type)+" ",1),l.code?(f(),v("small",Vp,"#"+T(l.code),1)):E("",!0)]),z(" "+T(l.message),1)]),u("div",null,[l.previous?(f(),v("a",{key:0,href:"#",class:"exception-previous",onClick:ge(d=>o.showPreviousException(l),["prevent"]),title:"Show previous"},[D(i,{name:"arrow-down-circle"})],8,Gp)):E("",!0),D(a,{class:"exception-trace",trace:l.trace},null,8,["trace"])])]))),128))],2)):E("",!0)}const $c=he(Bp,[["render",Wp]]),zp={name:"ParentRequest",props:["compact"],data:()=>({parentRequest:null}),methods:{showRequestById(e){this.global.$request=this.$requests.findId(e)}},watch:{$request:{async handler(){this.parentRequest=null,!(!this.$request||!this.$request.parent||!this.$request.parent.id)&&(this.parentRequest=this.$requests.findId(this.$request.parent.id)||await this.$requests.loadId(this.$request.parent.id))},immediate:!0}}},Qp={key:0,class:"parent-name"},Yp={key:1,class:"parent-name"},Kp={key:2,class:"parent-name"},Xp={class:"parent-method"},Jp={class:"parent-uri"},Zp={class:"parent-close"};function em(e,t,s,n,r,o){return e.parentRequest?(f(),v("div",{key:0,class:te(["parent-request",{compact:s.compact}])},[u("div",null,[t[4]||(t[4]=u("div",{class:"parent-title"}," Subrequest of ",-1)),e.parentRequest.isCommand()?(f(),v("div",Qp,[t[1]||(t[1]=u("span",{class:"type-text"},"CMD",-1)),z(" "+T(e.parentRequest.commandName),1)])):e.parentRequest.isQueueJob()?(f(),v("div",Yp,[t[2]||(t[2]=u("span",{class:"type-text"},"QUEUE",-1)),z(" "+T(e.parentRequest.jobName),1)])):(f(),v("div",Kp,[u("span",Xp,T(e.parentRequest.method),1),t[3]||(t[3]=z()),u("span",Jp,T(e.parentRequest.uri),1)]))]),u("div",Zp,[u("a",{onClick:t[0]||(t[0]=i=>o.showRequestById(e.parentRequest.id)),href:"#"},"Show")])],2)):E("",!0)}const Lc=he(zp,[["render",em]]),tm={name:"MessagesOverlay",components:{ExceptionSection:$c,ParentRequest:Lc,StackTrace:ht},data:()=>({updateNotification:!1}),methods:{closeUpdateNotification(){this.$updateNotification.ignoreUpdate(this.$requests.remoteUrl),this.updateNotification=!1}},watch:{"$requests.remoteUrl":{handler(){this.updateNotification=this.$updateNotification.show(this.$requests.remoteUrl)},immediate:!0},"$updateNotification.serverVersion":function(){this.updateNotification=this.$updateNotification.show(this.$requests.remoteUrl)}}},sm={class:"messages-overlay"},nm={key:2,class:"update-notification"},rm=["href"],om={class:"updateNotification-close"};function im(e,t,s,n,r,o){const i=$("parent-request"),a=$("exception-section"),l=$("icon");return f(),v("div",sm,[e.$settings.global.requestSidebarCollapsed?(f(),J(i,{key:0,compact:"true"})):E("",!0),e.$settings.global.requestSidebarCollapsed?(f(),J(a,{key:1,compact:"true"})):E("",!0),e.updateNotification?(f(),v("div",nm,[D(l,{name:"info"}),u("span",null,[t[1]||(t[1]=z(" A new Clockwork server-side version ")),u("strong",null,T(e.updateNotification.version),1),t[2]||(t[2]=z(" is available, you are using ")),u("strong",null,T(e.updateNotification.currentVersion),1),t[3]||(t[3]=z(". ")),e.updateNotification.url?(f(),v("a",{key:0,href:e.updateNotification.url,target:"_blank"},"Read more",8,rm)):E("",!0)]),u("span",om,[u("a",{onClick:t[0]||(t[0]=(...h)=>o.closeUpdateNotification&&o.closeUpdateNotification(...h)),href:"#"},"Close")])])):E("",!0)])}const am=he(tm,[["render",im]]),lm="img/appearance-auto-icon.png",cm="img/appearance-light-icon.png",um="img/appearance-dark-icon.png",dm={name:"SettingsModal",components:{Modal:vs},data:()=>({showPersistWarning:!1,showAdvancedSettings:!1}),methods:{setAppearance(e){this.$settings.global.appearance=e,this.save()},save(){this.$settings.save(),this.$onDemand.enableProfiling()},showCredits(){this.$settings.toggle(),this.$credits.toggle()},closed(){this.showAdvancedSettings=!1}}},hm={class:"settings-modal"},fm={key:0,class:"settings-warning"},pm={class:"warning-text"},mm={key:0,class:"warning-details"},gm={class:"controls-group"},vm={class:"controls"},bm={class:"appearance-controls"},ym={class:"controls-group"},Em={class:"controls"},Tm={key:0,class:"help-text"},wm={class:"controls-group"},_m={class:"controls"},Sm={class:"controls-input-vgroup"},Rm={key:1,class:"controls-group"},Cm={class:"controls"},Am={key:2,class:"controls-group"},km={class:"controls"},Nm={class:"controls-checkbox"},Om={class:"controls-checkbox"},Im={key:3,class:"controls-group"},$m={class:"controls"},Lm={class:"controls-checkbox"},qm={class:"controls-checkbox"},Dm={class:"controls-checkbox"},Pm={key:4,class:"controls-group"},xm={class:"controls"},Mm={key:5,class:"controls-group"},Um={class:"controls"},Fm={class:"settings-footer"};function Hm(e,t,s,n,r,o){const i=$("modal");return f(),J(i,{icon:"settings",title:"Settings",shown:e.$settings.shown,"onUpdate:shown":t[26]||(t[26]=a=>e.$settings.shown=a),"on-close":o.closed},{default:ce(()=>[u("div",hm,[e.$settings.persistent?E("",!0):(f(),v("div",fm,[u("div",pm,[t[27]||(t[27]=u("span",{class:"warning-label"},"Warning",-1)),t[28]||(t[28]=u("span",null,"Settings can't be saved.",-1)),u("a",{href:"#",onClick:t[0]||(t[0]=ge(a=>e.showPersistWarning=!0,["prevent"]))},"More info")]),e.showPersistWarning?(f(),v("div",mm,' Tapped uses the "local storage" api to persist your settings. Please make sure the access to "local storage" is allowed for this app. ')):E("",!0)])),u("div",gm,[t[32]||(t[32]=u("label",{for:"settings-editor"},"Appearance",-1)),u("div",vm,[u("div",bm,[u("div",{class:te(["option",{selected:e.$settings.global.appearance=="auto"}]),onClick:t[1]||(t[1]=a=>o.setAppearance("auto"))},t[29]||(t[29]=[u("img",{src:lm},null,-1),z(" Auto ")]),2),u("div",{class:te(["option",{selected:e.$settings.global.appearance=="light"}]),onClick:t[2]||(t[2]=a=>o.setAppearance("light"))},t[30]||(t[30]=[u("img",{src:cm},null,-1),z(" Light ")]),2),u("div",{class:te(["option",{selected:e.$settings.global.appearance=="dark"}]),onClick:t[3]||(t[3]=a=>o.setAppearance("dark"))},t[31]||(t[31]=[u("img",{src:um},null,-1),z(" Dark ")]),2)])])]),u("div",ym,[t[35]||(t[35]=u("label",{for:"settings-editor"},"Code editor",-1)),u("div",Em,[Oe(u("select",{id:"settings-editor","onUpdate:modelValue":t[4]||(t[4]=a=>e.$settings.global.editor=a),onChange:t[5]||(t[5]=(...a)=>o.save&&o.save(...a))},t[33]||(t[33]=[u("option",{value:"phpstorm"},"PhpStorm",-1),u("option",{value:"sublime"},"Sublime Text",-1),u("option",{value:"vs-code"},"Visual Studio Code",-1)]),544),[[_f,e.$settings.global.editor]]),e.$settings.global.editor=="sublime"?(f(),v("div",Tm,t[34]||(t[34]=[z(" Requires "),u("a",{href:"https://github.com/inopinatus/sublime_url",target:"_blank"},"sublime_url",-1),z(" on MacOS. Not supported on other platforms. ")]))):E("",!0)])]),u("div",wm,[t[37]||(t[37]=u("label",{for:"settings-local-path-map"},"Code path",-1)),u("div",_m,[u("div",Sm,[Oe(u("input",{type:"text",name:"settings-local-path-map-real","onUpdate:modelValue":t[6]||(t[6]=a=>e.$settings.site.localPathMap.real=a),placeholder:"/real/path",onChange:t[7]||(t[7]=(...a)=>o.save&&o.save(...a))},null,544),[[gt,e.$settings.site.localPathMap.real]]),Oe(u("input",{type:"text",name:"settings-local-path-map-local","onUpdate:modelValue":t[8]||(t[8]=a=>e.$settings.site.localPathMap.local=a),placeholder:"/local/path",onChange:t[9]||(t[9]=(...a)=>o.save&&o.save(...a))},null,544),[[gt,e.$settings.site.localPathMap.local]])]),t[36]||(t[36]=u("div",{class:"help-text"}," Map a remote path to a local path when developing on a remote server or a virtual machine. ",-1))])]),e.$platform.hasFeature("requests-list")?(f(),v("div",Rm,[t[39]||(t[39]=u("label",{for:"settings-on-demand-secret"},"On-demand",-1)),u("div",Cm,[Oe(u("input",{type:"text",name:"settings-on-demand-secret",placeholder:"secret","onUpdate:modelValue":t[10]||(t[10]=a=>e.$settings.site.onDemandSecret=a),onChange:t[11]||(t[11]=(...a)=>o.save&&o.save(...a))},null,544),[[gt,e.$settings.site.onDemandSecret]]),t[38]||(t[38]=u("div",{class:"help-text"}," Only used if the server-side has on-demand mode with secret enabled. ",-1))])])):E("",!0),e.$platform.hasFeature("requests-list")?(f(),v("div",Am,[t[42]||(t[42]=u("label",null,null,-1)),u("div",km,[u("label",Nm,[Oe(u("input",{type:"checkbox","onUpdate:modelValue":t[12]||(t[12]=a=>e.$settings.global.showIncomingRequests=a),onChange:t[13]||(t[13]=(...a)=>o.save&&o.save(...a))},null,544),[[Ot,e.$settings.global.showIncomingRequests]]),t[40]||(t[40]=z(" Foxus incoming requests "))]),u("label",Om,[Oe(u("input",{type:"checkbox","onUpdate:modelValue":t[14]||(t[14]=a=>e.$settings.global.preserveLog=a),onChange:t[15]||(t[15]=(...a)=>o.save&&o.save(...a))},null,544),[[Ot,e.$settings.global.preserveLog]]),t[41]||(t[41]=z(" Keep requests log "))])])])):E("",!0),e.$platform.hasFeature("requests-list")?(f(),v("div",Im,[t[46]||(t[46]=u("label",null,null,-1)),u("div",$m,[u("label",Lm,[Oe(u("input",{type:"checkbox","onUpdate:modelValue":t[16]||(t[16]=a=>e.$settings.global.hideCommandTypeRequests=a),onChange:t[17]||(t[17]=(...a)=>o.save&&o.save(...a))},null,544),[[Ot,e.$settings.global.hideCommandTypeRequests]]),t[43]||(t[43]=z(" Hide commands in requests list "))]),u("label",qm,[Oe(u("input",{type:"checkbox","onUpdate:modelValue":t[18]||(t[18]=a=>e.$settings.global.hideQueueJobTypeRequests=a),onChange:t[19]||(t[19]=(...a)=>o.save&&o.save(...a))},null,544),[[Ot,e.$settings.global.hideQueueJobTypeRequests]]),t[44]||(t[44]=z(" Hide queue jobs in requests list "))]),u("label",Dm,[Oe(u("input",{type:"checkbox","onUpdate:modelValue":t[20]||(t[20]=a=>e.$settings.global.hideTestTypeRequests=a),onChange:t[21]||(t[21]=(...a)=>o.save&&o.save(...a))},null,544),[[Ot,e.$settings.global.hideTestTypeRequests]]),t[45]||(t[45]=z(" Hide tests in requests list "))])])])):E("",!0),e.showAdvancedSettings?(f(),v("div",Pm,[t[48]||(t[48]=u("label",{for:"settings-on-demand-secret"},"Sharing URL",-1)),u("div",xm,[Oe(u("input",{type:"text",name:"settings-sharing-url",placeholder:"https://clockwork.underground.works/ingest","onUpdate:modelValue":t[22]||(t[22]=a=>e.$settings.site.sharingUrl=a),onChange:t[23]||(t[23]=(...a)=>o.save&&o.save(...a))},null,544),[[gt,e.$settings.site.sharingUrl]]),t[47]||(t[47]=u("div",{class:"help-text"}," Set the sharing service URL, in case of running your own instance. ",-1))])])):E("",!0),e.showAdvancedSettings?E("",!0):(f(),v("div",Mm,[t[49]||(t[49]=u("label",null,null,-1)),u("div",Um,[u("a",{href:"#",onClick:t[24]||(t[24]=ge(a=>e.showAdvancedSettings=!0,["prevent"]))},"Show advanced")])])),u("div",Fm,[z(" Version "+T(e.$credits.version)+" • ",1),u("a",{href:"#",onClick:t[25]||(t[25]=ge((...a)=>o.showCredits&&o.showCredits(...a),["prevent"]))},"Credits")])])]),_:1},8,["shown","on-close"])}const Bm=he(dm,[["render",Hm]]),jm={name:"SharingModal",components:{Modal:vs},data:()=>({filter:{performance:!0,log:!0,events:!0,models:!0,database:!0,cache:!0,redis:!0,queue:!0,views:!0,notifications:!0,routes:!0,output:!0,userData:!0},isCopied:!1,error:!1}),computed:{sections(){var e,t;return[{text:"Performance",name:"performance",icon:"activity",available:!0,readonly:!0},{text:"Log",name:"log",icon:"edit-2",available:this.shownSections.log},{text:"Events",name:"events",icon:"zap",available:this.shownSections.events},{text:"Models",name:"models",icon:"disc",available:this.shownSections.models},{text:"Database",name:"database",icon:"database",available:this.shownSections.database},{text:"Cache",name:"cache",icon:"paperclip",available:this.shownSections.cache},{text:"Redis",name:"redis",icon:"layers",available:this.shownSections.redis},{text:"Queue",name:"queue",icon:"clock",available:this.shownSections.queue},{text:"Views",name:"views",icon:"image",available:this.shownSections.views},{text:"Notifications",name:"notifications",icon:"mail",available:this.shownSections.notifications},{text:"Routes",name:"routes",icon:"map",available:this.shownSections.routes},{text:"Output",name:"output",icon:"terminal",available:this.shownSections.output},{text:"Custom tabs",name:"userData",icon:"menu",available:(t=(e=this.$request)==null?void 0:e.userData)==null?void 0:t.length}]},shownSections(){var e,t,s,n,r,o,i,a,l,h,d,p,g,y,A,k,j,W,C,R,O;return{log:((t=(e=this.$request)==null?void 0:e.log)==null?void 0:t.length)>0,models:["modelsRetrieved","modelsCreated","modelsUpdated","modelsDeleted"].some(q=>{var L;return(L=this.$request)==null?void 0:L[q]})||((s=this.$request)==null?void 0:s.modelsActions.length)>0,database:((n=this.$request)==null?void 0:n.databaseQueriesCount)>0||((o=(r=this.$request)==null?void 0:r.databaseQueries)==null?void 0:o.length)>0,cache:["cacheReads","cacheHits","cacheWrites","cacheDeletes","cacheTime"].some(q=>{var L;return(L=this.$request)==null?void 0:L[q]})||((i=this.$request)==null?void 0:i.cacheQueries.length)>0,redis:((l=(a=this.$request)==null?void 0:a.redisCommands)==null?void 0:l.length)>0,queue:((d=(h=this.$request)==null?void 0:h.queueJobs)==null?void 0:d.length)>0,events:((g=(p=this.$request)==null?void 0:p.events)==null?void 0:g.length)>0,views:((A=(y=this.$request)==null?void 0:y.viewsData)==null?void 0:A.events.length)>0,notifications:((j=(k=this.$request)==null?void 0:k.notifications)==null?void 0:j.length)>0,routes:((C=(W=this.$request)==null?void 0:W.routes)==null?void 0:C.length)>0,output:((O=(R=this.$request)==null?void 0:R.commandOutput)==null?void 0:O.length)>0}},filterAll:{get(){return this.sections.every(e=>!e.available||this.filter[e.name])},set(e){this.sections.filter(t=>t.available&&!t.readonly).forEach(t=>this.filter[t.name]=e)}},errorMessage(){return this.error=="metadata-too-large"?"Shared request metadata is too large, please try selecting fewer sections.":this.error=="temporarily-unavailable"?"Share service is temporarily unavailable, please try again later.":"Unexpected error, please try again later."}},methods:{share(){this.$sharing.share(this.$request,this.filter).then(e=>{if(e&&e.error)return this.error=e.error;this.$copyText(this.$request.shareUrl).then(()=>this.isCopied=!0)})}},watch:{filter:{handler:function(){this.$sharing.clear(this.$request),this.isCopied=!1},deep:!0},$request:function(){this.isCopied=!1},"$sharing.shown":function(){this.isCopied=this.error=!1}}},Vm={class:"sharing-modal"},Gm={class:"sharing-content"},Wm={class:"item-text"},zm=["onUpdate:modelValue","disabled"],Qm={key:0,class:"error-message"},Ym={key:1,class:"sharing-terms"};function Km(e,t,s,n,r,o){const i=$("icon"),a=$("spinner"),l=$("modal");return f(),J(l,{icon:"share",title:"Share",shown:e.$sharing.shown,"onUpdate:shown":t[3]||(t[3]=h=>e.$sharing.shown=h)},{default:ce(()=>[u("div",Vm,[e.$sharing.termsAccepted?(f(),v(B,{key:0},[u("div",Gm,[u("label",{class:te(["content-item item-all",{active:o.filterAll}])},[t[4]||(t[4]=u("span",{class:"item-text"},"All",-1)),Oe(u("input",{type:"checkbox","onUpdate:modelValue":t[0]||(t[0]=h=>o.filterAll=h)},null,512),[[Ot,o.filterAll]])],2),(f(!0),v(B,null,le(o.sections,h=>(f(),v("label",{class:te(["content-item",{active:e.filter[h.name]&&h.available,unavailable:!h.available}])},[D(i,{name:h.icon},null,8,["name"]),u("span",Wm,T(h.text),1),Oe(u("input",{type:"checkbox","onUpdate:modelValue":d=>e.filter[h.name]=d,disabled:h.readonly||!h.available},null,8,zm),[[Ot,e.filter[h.name]]])],2))),256))]),e.error?(f(),v("p",Qm,T(o.errorMessage),1)):E("",!0),u("a",{href:"#",class:"button",onClick:t[1]||(t[1]=ge((...h)=>o.share&&o.share(...h),["prevent"]))},[e.isCopied?(f(),v(B,{key:0},[z(" Copied to clipboard! ")],64)):e.$sharing.inProgress?(f(),v(B,{key:1},[D(a,{width:"16",height:"16","no-fade-in":!0,color:e.$settings.appearance=="dark"?"#f27e02":"#258cdb"},null,8,["color"]),t[5]||(t[5]=z(" Sharing... "))],64)):(f(),v(B,{key:2},[z(" Share ")],64))])],64)):(f(),v("div",Ym,[u("h1",null,[D(i,{name:"users"})]),t[6]||(t[6]=u("p",null,"Request will be uploaded to the Clockwork Cloud servers and a unique public link generated for you.",-1)),t[7]||(t[7]=u("h2",null,"Deleting",-1)),t[8]||(t[8]=u("ul",null,[u("li",null,"You can delete the request anytime via the shared link."),u("li",null,"Shared links might expire after a few weeks.")],-1)),t[9]||(t[9]=u("h2",null,"Privacy",-1)),t[10]||(t[10]=u("ul",null,[u("li",null,"Shared requests are hosted on DigitalOcean servers."),u("li",null,"Collected data is never shared with third-parties.")],-1)),u("a",{href:"#",onClick:t[2]||(t[2]=ge(h=>e.$sharing.acceptTerms(),["prevent"])),class:"button"},"Continue")]))])]),_:1},8,["shown"])}const Xm=he(jm,[["render",Km]]),Jm={name:"SharingDeleteModal",components:{Modal:vs},data:()=>({deleting:!1,deleted:!1}),methods:{deleteShared(){this.deleting=!0,this.$sharing.deleteShared().then(()=>this.deleted=!0)}}},Zm={class:"delete-shared-modal"};function eg(e,t,s,n,r,o){const i=$("icon"),a=$("spinner"),l=$("modal");return f(),J(l,{icon:"trash-2",title:"Delete",shown:e.$sharing.shownDelete,"onUpdate:shown":t[1]||(t[1]=h=>e.$sharing.shownDelete=h)},{default:ce(()=>[u("div",Zm,[u("h1",null,[e.deleted?(f(),J(i,{key:0,name:"check-circle"})):(f(),J(i,{key:1,name:"trash-2"}))]),u("p",null,[e.deleted?(f(),v(B,{key:0},[z(" Shared request was successfully deleted. ")],64)):(f(),v(B,{key:1},[z(" Are you sure you want to delete this shared request? ")],64))]),u("a",{href:"#",onClick:t[0]||(t[0]=ge((...h)=>o.deleteShared&&o.deleteShared(...h),["prevent"])),class:"button"},[e.deleted?(f(),v(B,{key:0},[z(" Deleted! ")],64)):e.deleting?(f(),v(B,{key:1},[D(a,{width:"16",height:"16","no-fade-in":!0,color:e.$settings.appearance=="dark"?"#f27e02":"#258cdb"},null,8,["color"]),t[2]||(t[2]=z(" Deleting... "))],64)):(f(),v(B,{key:2},[z(" Delete ")],64))])])]),_:1},8,["shown"])}const tg=he(Jm,[["render",eg]]),sg={name:"TabHandle",props:["text","name","icon","badge","active","short","full"],methods:{selectTab(){this.$emit("tab-selected",this.name)}}},ng={key:1,class:"tab-title"},rg={key:2,class:"tab-badge"};function og(e,t,s,n,r,o){const i=$("icon");return f(),v("a",{onClick:t[0]||(t[0]=(...a)=>o.selectTab&&o.selectTab(...a)),class:te(["details-header-tab",{active:s.active,short:s.short,full:s.full}]),href:"#"},[s.icon?(f(),J(i,{key:0,name:s.icon,title:s.text},null,8,["name","title"])):E("",!0),s.short?E("",!0):(f(),v("div",ng,T(s.text),1)),s.badge&&!s.short?(f(),v("div",rg,T(s.badge),1)):E("",!0)],2)}const ig=he(sg,[["render",og]]);var to=ag;function ag(e,t,s){var n=null,r=null,o=function(){n&&(clearTimeout(n),r=null,n=null)},i=function(){var l=r;o(),l&&l()},a=function(){if(!t)return e.apply(this,arguments);var l=this,h=arguments,d=s&&!n;if(o(),r=function(){e.apply(l,h)},n=setTimeout(function(){if(n=null,!d){var p=r;return r=null,p()}},t),d)return r()};return a.cancel=o,a.flush=i,a}const lg={name:"TabBar",components:{TabHandle:ig},props:{tabs:{default:()=>[]},activeTab:{}},data:()=>({shortTabs:[],fullTabs:[]}),computed:{shownTabs(){return this.tabs.filter(e=>e.shown)}},methods:{hideOverflowingTabs(){this.shortTabs=[],this.fullTabs=[],this.$nextTick(()=>this.hideNextOverflowingTab())},hideNextOverflowingTab(){if(this.$el.scrollWidth<=this.$el.clientWidth)return;let e=this.tabs.indexOf(this.tabs.find(s=>s.name==this.activeTab)),t=this.tabs.slice().sort((s,n)=>Math.abs(e-this.tabs.indexOf(n))-Math.abs(e-this.tabs.indexOf(s))).find(s=>!this.shortTabs.includes(s));if(!t||t.name==this.activeTab)return this.fullTabs=this.tabs.filter(s=>!this.shortTabs.includes(s));this.shortTabs.push(t),this.$nextTick(()=>this.hideNextOverflowingTab())}},watch:{tabs(){this.hideOverflowingTabs()},activeTab(){this.hideOverflowingTabs()}},mounted(){this.resizeObserver=new ResizeObserver(to(()=>this.hideOverflowingTabs(),10)),this.resizeObserver.observe(this.$el)}},cg={class:"details-header-tabs"};function ug(e,t,s,n,r,o){const i=$("tab-handle");return f(),v("div",cg,[(f(!0),v(B,null,le(o.shownTabs,a=>(f(),J(i,{key:a.name,text:a.text,name:a.name,icon:a.icon,active:a.name==s.activeTab,short:e.shortTabs.includes(a),full:e.fullTabs.includes(a),onTabSelected:t[0]||(t[0]=l=>e.$emit("tab-selected",l))},{default:ce(()=>[z(T(a.text),1)]),_:2},1032,["text","name","icon","active","short","full"]))),128))])}const dg=he(lg,[["render",ug]]),hg={name:"DetailsTableFilterToggle",props:["filter"]};function fg(e,t,s,n,r,o){const i=$("icon");return f(),v("a",{href:"#",class:"toggle-filter",onClick:t[0]||(t[0]=ge(a=>s.filter.toggle(a),["stop"]))},[D(i,{name:"search"})])}const _i=he(hg,[["render",fg]]);class pg{constructor(t){if(t instanceof Object||(t=this.parseJson(t)),!(t instanceof Object))throw new Ra("Input does not contain serialized object.");this.data=t}parseJson(t){try{return JSON.parse(t)}catch(s){throw new Ra("Input is not a valid JSON string.",s)}}print(t){t.innerHTML=this.generateHtml()}generateHtml(){let[t,s]=this.resolveValueAndType(this.data);return this.createElement("ul",{class:"pretty-jason"},[this.createElement("li",{},[this.createElement("span",{data:{rendered:!0},click:n=>this.objectNodeClickedCallback(n)},[this.createElement("span",{class:"pretty-jason-icon",html:'<i class="pretty-jason-icon-closed"></i>'}),this.createElement("span",{text:`${t} `})]),this.generateHtmlPreview(this.data),this.generateHtmlNode(this.data)])])}generateHtmlNode(t){return this.createElement("ul",{style:{display:"none"}},Object.keys(t).filter(s=>!["__class__","__type__","__hash__"].includes(s)).map(s=>{let[n,r]=this.resolveValueAndType(t[s]);return this.createElement("li",{data:{key:s}},[this.createElement("span",{click:r=="object"?o=>this.objectNodeClickedCallback(o):void 0},[this.createElement("span",{class:"pretty-jason-icon",html:r=="object"?'<i class="pretty-jason-icon-closed"></i>':void 0}),this.createElement("span",{class:"pretty-jason-key",text:`${s}: `}),this.createElement("span",{class:`pretty-jason-value-${r}`,text:n})])])}))}generateHtmlPreview(t){return this.createElement("span",{class:"pretty-jason-preview"},Object.keys(t).filter(s=>!["__class__","__type__","__hash__"].includes(s)).slice(0,3).map(s=>{let[n,r]=this.resolveValueAndType(t[s]);return r=="string"&&n.length>=104&&(n=n.substring(0,101)+'…"'),this.createElement("span",{class:"pretty-jason-preview-item"},[this.createElement("span",{class:"pretty-jason-key",text:`${s}: `}),this.createElement("span",{class:`pretty-jason-value-${r}`,text:n})])}).concat(Object.keys(t).length>3?[this.createElement("span",{class:"pretty-jason-preview-item",text:"..."})]:[]))}resolveValueAndType(t){return t===null?["null","null"]:t===void 0?["undefined","undefined"]:typeof t=="boolean"?[t?"true":"false","boolean"]:typeof t=="string"?[`"${t}"`,"string"]:typeof t=="object"?t.__type__=="array"?[`Array(${Object.values(t).length-1})`,"object"]:t.__type__&&t.__type__!="object"?[t.__type__,t.__type__.replace(" ","-")]:[t.__class__||"Object","object"]:[t.toString(),typeof t]}objectNodeClickedCallback(t){let s=t.currentTarget;this.isNodeExpanded(s)?this.collapseNode(s,t.ctrlKey||t.metaKey):this.expandNode(s,t.ctrlKey||t.metaKey)}isNodeExpanded(t){let s=t.parentNode.querySelector("ul");return s&&s.style.display!="none"}expandNode(t,s){this.renderObjectNode(t);let n=t.parentNode.querySelector("ul"),r=t.querySelector("i");r.classList.remove("pretty-jason-icon-closed","pretty-jason-icon-open"),n.style.display="block",r.classList.add("pretty-jason-icon-open"),s&&n.querySelectorAll(".pretty-jason-icon-closed").forEach(o=>{this.expandNode(o.parentNode.parentNode,s)})}collapseNode(t,s){let n=t.parentNode.querySelector("ul"),r=t.querySelector("i");r.classList.remove("pretty-jason-icon-closed","pretty-jason-icon-open"),n.style.display="none",r.classList.add("pretty-jason-icon-closed"),s&&n.querySelectorAll(".pretty-jason-icon-open").forEach(o=>{this.collapseNode(o.parentNode.parentNode,s)})}renderObjectNode(t){if(t.dataset.rendered)return;let s=[],n=t;for(;n=n.parentNode;)if(!(n.tagName!="LI"||!("key"in n.dataset))){if(n.classList.contains("pretty-jason"))break;s.unshift(n.dataset.key)}t.parentNode.append(this.generateHtmlNode(this.getDataFromPath(s))),t.dataset.rendered=!0}getDataFromPath(t){let s=this.data,n;for(;(n=t.shift())!==void 0;)s=s[n];return s}createElement(t,s,n){let r=document.createElement(t);return s.html&&(r.innerHTML=s.html),s.text&&(r.innerText=s.text),s.class&&r.classList.add(s.class),s.style instanceof Object&&Object.keys(s.style).forEach(o=>r.style[o]=s.style[o]),s.data instanceof Object&&Object.keys(s.data).forEach(o=>r.dataset[o]=s.data[o]),s.click&&r.addEventListener("click",s.click),n instanceof Array&&n.forEach(o=>r.append(o)),r}}class Ra{constructor(t,s){this.message=t,this.exception=s}}const mg="aaa1rp3bb0ott3vie4c1le2ogado5udhabi7c0ademy5centure6ountant0s9o1tor4d0s1ult4e0g1ro2tna4f0l1rica5g0akhan5ency5i0g1rbus3force5tel5kdn3l0ibaba4pay4lfinanz6state5y2sace3tom5m0azon4ericanexpress7family11x2fam3ica3sterdam8nalytics7droid5quan4z2o0l2partments8p0le4q0uarelle8r0ab1mco4chi3my2pa2t0e3s0da2ia2sociates9t0hleta5torney7u0ction5di0ble3o3spost5thor3o0s4vianca6w0s2x0a2z0ure5ba0by2idu3namex3narepublic11d1k2r0celona5laycard4s5efoot5gains6seball5ketball8uhaus5yern5b0c1t1va3cg1n2d1e0ats2uty4er2ntley5rlin4st0buy5t2f1g1h0arti5i0ble3d1ke2ng0o3o1z2j1lack0friday9ockbuster8g1omberg7ue3m0s1w2n0pparibas9o0ats3ehringer8fa2m1nd2o0k0ing5sch2tik2on4t1utique6x2r0adesco6idgestone9oadway5ker3ther5ussels7s1t1uild0ers6siness6y1zz3v1w1y1z0h3ca0b1fe2l0l1vinklein9m0era3p2non3petown5ital0one8r0avan4ds2e0er0s4s2sa1e1h1ino4t0ering5holic7ba1n1re3c1d1enter4o1rn3f0a1d2g1h0anel2nel4rity4se2t2eap3intai5ristmas6ome4urch5i0priani6rcle4sco3tadel4i0c2y3k1l0aims4eaning6ick2nic1que6othing5ud3ub0med6m1n1o0ach3des3ffee4llege4ogne5m0cast4mbank4unity6pany2re3uter5sec4ndos3struction8ulting7tact3ractors9oking4l1p2rsica5untry4pon0s4rses6pa2r0edit0card4union9icket5own3s1uise0s6u0isinella9v1w1x1y0mru3ou3z2dabur3d1nce3ta1e1ing3sun4y2clk3ds2e0al0er2s3gree4livery5l1oitte5ta3mocrat6ntal2ist5si0gn4v2hl2iamonds6et2gital5rect0ory7scount3ver5h2y2j1k1m1np2o0cs1tor4g1mains5t1wnload7rive4tv2ubai3nlop4pont4rban5vag2r2z2earth3t2c0o2deka3u0cation8e1g1mail3erck5nergy4gineer0ing9terprises10pson4quipment8r0icsson6ni3s0q1tate5t1u0rovision8s2vents5xchange6pert3osed4ress5traspace10fage2il1rwinds6th3mily4n0s2rm0ers5shion4t3edex3edback6rrari3ero6i0delity5o2lm2nal1nce1ial7re0stone6mdale6sh0ing5t0ness6j1k1lickr3ghts4r2orist4wers5y2m1o0o0d1tball6rd1ex2sale4um3undation8x2r0ee1senius7l1ogans4ntier7tr2ujitsu5n0d2rniture7tbol5yi3ga0l0lery3o1up4me0s3p1rden4y2b0iz3d0n2e0a1nt0ing5orge5f1g0ee3h1i0ft0s3ves2ing5l0ass3e1obal2o4m0ail3bh2o1x2n1odaddy5ld0point6f2o0dyear5g0le4p1t1v2p1q1r0ainger5phics5tis4een3ipe3ocery4up4s1t1u0ardian6cci3ge2ide2tars5ru3w1y2hair2mburg5ngout5us3bo2dfc0bank7ealth0care8lp1sinki6re1mes5iphop4samitsu7tachi5v2k0t2m1n1ockey4ldings5iday5medepot5goods5s0ense7nda3rse3spital5t0ing5t0els3mail5use3w2r1sbc3t1u0ghes5yatt3undai7ibm2cbc2e1u2d1e0ee3fm2kano4l1m0amat4db2mo0bilien9n0c1dustries8finiti5o2g1k1stitute6urance4e4t0ernational10uit4vestments10o1piranga7q1r0ish4s0maili5t0anbul7t0au2v3jaguar4va3cb2e0ep2tzt3welry6io2ll2m0p2nj2o0bs1urg4t1y2p0morgan6rs3uegos4niper7kaufen5ddi3e0rryhotels6logistics9properties14fh2g1h1i0a1ds2m1ndle4tchen5wi3m1n1oeln3matsu5sher5p0mg2n2r0d1ed3uokgroup8w1y0oto4z2la0caixa5mborghini8er3ncaster6d0rover6xess5salle5t0ino3robe5w0yer5b1c1ds2ease3clerc5frak4gal2o2xus4gbt3i0dl2fe0insurance9style7ghting6ke2lly3mited4o2ncoln4k2psy3ve1ing5k1lc1p2oan0s3cker3us3l1ndon4tte1o3ve3pl0financial11r1s1t0d0a3u0ndbeck6xe1ury5v1y2ma0drid4if1son4keup4n0agement7go3p1rket0ing3s4riott5shalls7ttel5ba2c0kinsey7d1e0d0ia3et2lbourne7me1orial6n0u2rckmsd7g1h1iami3crosoft7l1ni1t2t0subishi9k1l0b1s2m0a2n1o0bi0le4da2e1i1m1nash3ey2ster5rmon3tgage6scow4to0rcycles9v0ie4p1q1r1s0d2t0n1r2u0seum3ic4v1w1x1y1z2na0b1goya4me2tura4vy3ba2c1e0c1t0bank4flix4work5ustar5w0s2xt0direct7us4f0l2g0o2hk2i0co2ke1on3nja3ssan1y5l1o0kia3rton4w0ruz3tv4p1r0a1w2tt2u1yc2z2obi1server7ffice5kinawa6layan0group9dnavy5lo3m0ega4ne1g1l0ine5oo2pen3racle3nge4g0anic5igins6saka4tsuka4t2vh3pa0ge2nasonic7ris2s1tners4s1y3y2ccw3e0t2f0izer5g1h0armacy6d1ilips5one2to0graphy6s4ysio5ics1tet2ures6d1n0g1k2oneer5zza4k1l0ace2y0station9umbing5s3m1n0c2ohl2ker3litie5rn2st3r0america6xi3ess3ime3o0d0uctions8f1gressive8mo2perties3y5tection8u0dential9s1t1ub2w0c2y2qa1pon3uebec3st5racing4dio4e0ad1lestate6tor2y4cipes5d0stone5umbrella9hab3ise0n3t2liance6n0t0als5pair3ort3ublican8st0aurant8view0s5xroth6ich0ardli6oh3l1o1p2o0cks3deo3gers4om3s0vp3u0gby3hr2n2w0e2yukyu6sa0arland6fe0ty4kura4le1on3msclub4ung5ndvik0coromant12ofi4p1rl2s1ve2xo3b0i1s2c0a1b1haeffler7midt4olarships8ol3ule3warz5ience5ot3d1e0arch3t2cure1ity6ek2lect4ner3rvices6ven3w1x0y3fr2g1h0angrila6rp2w2ell3ia1ksha5oes2p0ping5uji3w3i0lk2na1gles5te3j1k0i0n2y0pe4l0ing4m0art3ile4n0cf3o0ccer3ial4ftbank4ware6hu2lar2utions7ng1y2y2pa0ce3ort2t3r0l2s1t0ada2ples4r1tebank4farm7c0group6ockholm6rage3e3ream4udio2y3yle4u0cks3pplies3y2ort5rf1gery5zuki5v1watch4iss4x1y0dney4stems6z2tab1ipei4lk2obao4rget4tamotors6r2too4x0i3c0i2d0k2eam2ch0nology8l1masek5nnis4va3f1g1h0d1eater2re6iaa2ckets5enda4ps2res2ol4j0maxx4x2k0maxx5l1m0all4n1o0day3kyo3ols3p1ray3shiba5tal3urs3wn2yota3s3r0ade1ing4ining5vel0ers0insurance16ust3v2t1ube2i1nes3shu4v0s2w1z2ua1bank3s2g1k1nicom3versity8o2ol2ps2s1y1z2va0cations7na1guard7c1e0gas3ntures6risign5mögensberater2ung14sicherung10t2g1i0ajes4deo3g1king4llas4n1p1rgin4sa1ion4va1o3laanderen9n1odka3lvo3te1ing3o2yage5u2wales2mart4ter4ng0gou5tch0es6eather0channel12bcam3er2site5d0ding5ibo2r3f1hoswho6ien2ki2lliamhill9n0dows4e1ners6me2olterskluwer11odside6rk0s2ld3w2s1tc1f3xbox3erox4finity6ihuan4n2xx2yz3yachts4hoo3maxun5ndex5e1odobashi7ga2kohama6u0tube6t1un3za0ppos4ra3ero3ip2m1one3uerich6w2",gg="ελ1υ2бг1ел3дети4ею2католик6ом3мкд2он1сква6онлайн5рг3рус2ф2сайт3рб3укр3қаз3հայ3ישראל5קום3ابوظبي5رامكو5لاردن4بحرين5جزائر5سعودية6عليان5مغرب5مارات5یران5بارت2زار4يتك3ھارت5تونس4سودان3رية5شبكة4عراق2ب2مان4فلسطين6قطر3كاثوليك6وم3مصر2ليسيا5وريتانيا7قع4همراه5پاکستان7ڀارت4कॉम3नेट3भारत0म्3ोत5संगठन5বাংলা5ভারত2ৰত4ਭਾਰਤ4ભારત4ଭାରତ4இந்தியா6லங்கை6சிங்கப்பூர்11భారత్5ಭಾರತ4ഭാരതം5ලංකා4คอม3ไทย3ລາວ3გე2みんな3アマゾン4クラウド4グーグル4コム2ストア3セール3ファッション6ポイント4世界2中信1国1國1文网3亚马逊3企业2佛山2信息2健康2八卦2公司1益2台湾1灣2商城1店1标2嘉里0大酒店5在线2大拿2天主教3娱乐2家電2广东2微博2慈善2我爱你3手机2招聘2政务1府2新加坡2闻2时尚2書籍2机构2淡马锡3游戏2澳門2点看2移动2组织机构4网址1店1站1络2联通2谷歌2购物2通販2集团2電訊盈科4飞利浦3食品2餐厅2香格里拉3港2닷넷1컴2삼성2한국2",$s=(e,t)=>{for(const s in t)e[s]=t[s];return e},Ko="numeric",Xo="ascii",Jo="alpha",Vn="asciinumeric",qn="alphanumeric",Zo="domain",qc="emoji",vg="scheme",bg="slashscheme",Ca="whitespace";function yg(e,t){return e in t||(t[e]=[]),t[e]}function hs(e,t,s){t[Ko]&&(t[Vn]=!0,t[qn]=!0),t[Xo]&&(t[Vn]=!0,t[Jo]=!0),t[Vn]&&(t[qn]=!0),t[Jo]&&(t[qn]=!0),t[qn]&&(t[Zo]=!0),t[qc]&&(t[Zo]=!0);for(const n in t){const r=yg(n,s);r.indexOf(e)<0&&r.push(e)}}function Eg(e,t){const s={};for(const n in t)t[n].indexOf(e)>=0&&(s[n]=!0);return s}function lt(e){e===void 0&&(e=null),this.j={},this.jr=[],this.jd=null,this.t=e}lt.groups={};lt.prototype={accepts(){return!!this.t},go(e){const t=this,s=t.j[e];if(s)return s;for(let n=0;n<t.jr.length;n++){const r=t.jr[n][0],o=t.jr[n][1];if(o&&r.test(e))return o}return t.jd},has(e,t){return t===void 0&&(t=!1),t?e in this.j:!!this.go(e)},ta(e,t,s,n){for(let r=0;r<e.length;r++)this.tt(e[r],t,s,n)},tr(e,t,s,n){n=n||lt.groups;let r;return t&&t.j?r=t:(r=new lt(t),s&&n&&hs(t,s,n)),this.jr.push([e,r]),r},ts(e,t,s,n){let r=this;const o=e.length;if(!o)return r;for(let i=0;i<o-1;i++)r=r.tt(e[i]);return r.tt(e[o-1],t,s,n)},tt(e,t,s,n){n=n||lt.groups;const r=this;if(t&&t.j)return r.j[e]=t,t;const o=t;let i,a=r.go(e);if(a?(i=new lt,$s(i.j,a.j),i.jr.push.apply(i.jr,a.jr),i.jd=a.jd,i.t=a.t):i=new lt,o){if(n)if(i.t&&typeof i.t=="string"){const l=$s(Eg(i.t,n),s);hs(o,l,n)}else s&&hs(o,s,n);i.t=o}return r.j[e]=i,i}};const be=(e,t,s,n,r)=>e.ta(t,s,n,r),pt=(e,t,s,n,r)=>e.tr(t,s,n,r),Aa=(e,t,s,n,r)=>e.ts(t,s,n,r),ee=(e,t,s,n,r)=>e.tt(t,s,n,r),Dt="WORD",ei="UWORD",bn="LOCALHOST",ti="TLD",si="UTLD",Gn="SCHEME",_s="SLASH_SCHEME",Si="NUM",Dc="WS",Ri="NL",sn="OPENBRACE",nn="CLOSEBRACE",lr="OPENBRACKET",cr="CLOSEBRACKET",ur="OPENPAREN",dr="CLOSEPAREN",hr="OPENANGLEBRACKET",fr="CLOSEANGLEBRACKET",pr="FULLWIDTHLEFTPAREN",mr="FULLWIDTHRIGHTPAREN",gr="LEFTCORNERBRACKET",vr="RIGHTCORNERBRACKET",br="LEFTWHITECORNERBRACKET",yr="RIGHTWHITECORNERBRACKET",Er="FULLWIDTHLESSTHAN",Tr="FULLWIDTHGREATERTHAN",wr="AMPERSAND",_r="APOSTROPHE",Sr="ASTERISK",Yt="AT",Rr="BACKSLASH",Cr="BACKTICK",Ar="CARET",Xt="COLON",Ci="COMMA",kr="DOLLAR",Ct="DOT",Nr="EQUALS",Ai="EXCLAMATION",At="HYPHEN",Or="PERCENT",Ir="PIPE",$r="PLUS",Lr="POUND",qr="QUERY",ki="QUOTE",Ni="SEMI",kt="SLASH",rn="TILDE",Dr="UNDERSCORE",Pc="EMOJI",Pr="SYM";var xc=Object.freeze({__proto__:null,WORD:Dt,UWORD:ei,LOCALHOST:bn,TLD:ti,UTLD:si,SCHEME:Gn,SLASH_SCHEME:_s,NUM:Si,WS:Dc,NL:Ri,OPENBRACE:sn,CLOSEBRACE:nn,OPENBRACKET:lr,CLOSEBRACKET:cr,OPENPAREN:ur,CLOSEPAREN:dr,OPENANGLEBRACKET:hr,CLOSEANGLEBRACKET:fr,FULLWIDTHLEFTPAREN:pr,FULLWIDTHRIGHTPAREN:mr,LEFTCORNERBRACKET:gr,RIGHTCORNERBRACKET:vr,LEFTWHITECORNERBRACKET:br,RIGHTWHITECORNERBRACKET:yr,FULLWIDTHLESSTHAN:Er,FULLWIDTHGREATERTHAN:Tr,AMPERSAND:wr,APOSTROPHE:_r,ASTERISK:Sr,AT:Yt,BACKSLASH:Rr,BACKTICK:Cr,CARET:Ar,COLON:Xt,COMMA:Ci,DOLLAR:kr,DOT:Ct,EQUALS:Nr,EXCLAMATION:Ai,HYPHEN:At,PERCENT:Or,PIPE:Ir,PLUS:$r,POUND:Lr,QUERY:qr,QUOTE:ki,SEMI:Ni,SLASH:kt,TILDE:rn,UNDERSCORE:Dr,EMOJI:Pc,SYM:Pr});const Es=/[a-z]/,Co=new RegExp("\\p{L}","u"),Ao=new RegExp("\\p{Emoji}","u"),ko=/\d/,ka=/\s/,Na=`
`,Tg="️",wg="‍";let Dn=null,Pn=null;function _g(e){e===void 0&&(e=[]);const t={};lt.groups=t;const s=new lt;Dn==null&&(Dn=Oa(mg)),Pn==null&&(Pn=Oa(gg)),ee(s,"'",_r),ee(s,"{",sn),ee(s,"}",nn),ee(s,"[",lr),ee(s,"]",cr),ee(s,"(",ur),ee(s,")",dr),ee(s,"<",hr),ee(s,">",fr),ee(s,"（",pr),ee(s,"）",mr),ee(s,"「",gr),ee(s,"」",vr),ee(s,"『",br),ee(s,"』",yr),ee(s,"＜",Er),ee(s,"＞",Tr),ee(s,"&",wr),ee(s,"*",Sr),ee(s,"@",Yt),ee(s,"`",Cr),ee(s,"^",Ar),ee(s,":",Xt),ee(s,",",Ci),ee(s,"$",kr),ee(s,".",Ct),ee(s,"=",Nr),ee(s,"!",Ai),ee(s,"-",At),ee(s,"%",Or),ee(s,"|",Ir),ee(s,"+",$r),ee(s,"#",Lr),ee(s,"?",qr),ee(s,'"',ki),ee(s,"/",kt),ee(s,";",Ni),ee(s,"~",rn),ee(s,"_",Dr),ee(s,"\\",Rr);const n=pt(s,ko,Si,{[Ko]:!0});pt(n,ko,n);const r=pt(s,Es,Dt,{[Xo]:!0});pt(r,Es,r);const o=pt(s,Co,ei,{[Jo]:!0});pt(o,Es),pt(o,Co,o);const i=pt(s,ka,Dc,{[Ca]:!0});ee(s,Na,Ri,{[Ca]:!0}),ee(i,Na),pt(i,ka,i);const a=pt(s,Ao,Pc,{[qc]:!0});pt(a,Ao,a),ee(a,Tg,a);const l=ee(a,wg);pt(l,Ao,a);const h=[[Es,r]],d=[[Es,null],[Co,o]];for(let p=0;p<Dn.length;p++)Vt(s,Dn[p],ti,Dt,h);for(let p=0;p<Pn.length;p++)Vt(s,Pn[p],si,ei,d);hs(ti,{tld:!0,ascii:!0},t),hs(si,{utld:!0,alpha:!0},t),Vt(s,"file",Gn,Dt,h),Vt(s,"mailto",Gn,Dt,h),Vt(s,"http",_s,Dt,h),Vt(s,"https",_s,Dt,h),Vt(s,"ftp",_s,Dt,h),Vt(s,"ftps",_s,Dt,h),hs(Gn,{scheme:!0,ascii:!0},t),hs(_s,{slashscheme:!0,ascii:!0},t),e=e.sort((p,g)=>p[0]>g[0]?1:-1);for(let p=0;p<e.length;p++){const g=e[p][0],A=e[p][1]?{[vg]:!0}:{[bg]:!0};g.indexOf("-")>=0?A[Zo]=!0:Es.test(g)?ko.test(g)?A[Vn]=!0:A[Xo]=!0:A[Ko]=!0,Aa(s,g,g,A)}return Aa(s,"localhost",bn,{ascii:!0}),s.jd=new lt(Pr),{start:s,tokens:$s({groups:t},xc)}}function Sg(e,t){const s=Rg(t.replace(/[A-Z]/g,a=>a.toLowerCase())),n=s.length,r=[];let o=0,i=0;for(;i<n;){let a=e,l=null,h=0,d=null,p=-1,g=-1;for(;i<n&&(l=a.go(s[i]));)a=l,a.accepts()?(p=0,g=0,d=a):p>=0&&(p+=s[i].length,g++),h+=s[i].length,o+=s[i].length,i++;o-=p,i-=g,h-=p,r.push({t:d.t,v:t.slice(o-h,o),s:o-h,e:o})}return r}function Rg(e){const t=[],s=e.length;let n=0;for(;n<s;){let r=e.charCodeAt(n),o,i=r<55296||r>56319||n+1===s||(o=e.charCodeAt(n+1))<56320||o>57343?e[n]:e.slice(n,n+2);t.push(i),n+=i.length}return t}function Vt(e,t,s,n,r){let o;const i=t.length;for(let a=0;a<i-1;a++){const l=t[a];e.j[l]?o=e.j[l]:(o=new lt(n),o.jr=r.slice(),e.j[l]=o),e=o}return o=new lt(s),o.jr=r.slice(),e.j[t[i-1]]=o,o}function Oa(e){const t=[],s=[];let n=0,r="0123456789";for(;n<e.length;){let o=0;for(;r.indexOf(e[n+o])>=0;)o++;if(o>0){t.push(s.join(""));for(let i=parseInt(e.substring(n,n+o),10);i>0;i--)s.pop();n+=o}else s.push(e[n]),n++}return t}const yn={defaultProtocol:"http",events:null,format:Ia,formatHref:Ia,nl2br:!1,tagName:"a",target:null,rel:null,validate:!0,truncate:1/0,className:null,attributes:null,ignoreTags:[],render:null};function Oi(e,t){t===void 0&&(t=null);let s=$s({},yn);e&&(s=$s(s,e instanceof Oi?e.o:e));const n=s.ignoreTags,r=[];for(let o=0;o<n.length;o++)r.push(n[o].toUpperCase());this.o=s,t&&(this.defaultRender=t),this.ignoreTags=r}Oi.prototype={o:yn,ignoreTags:[],defaultRender(e){return e},check(e){return this.get("validate",e.toString(),e)},get(e,t,s){const n=t!=null;let r=this.o[e];return r&&(typeof r=="object"?(r=s.t in r?r[s.t]:yn[e],typeof r=="function"&&n&&(r=r(t,s))):typeof r=="function"&&n&&(r=r(t,s.t,s)),r)},getObj(e,t,s){let n=this.o[e];return typeof n=="function"&&t!=null&&(n=n(t,s.t,s)),n},render(e){const t=e.render(this);return(this.get("render",null,e)||this.defaultRender)(t,e.t,e)}};function Ia(e){return e}function Mc(e,t){this.t="token",this.v=e,this.tk=t}Mc.prototype={isLink:!1,toString(){return this.v},toHref(e){return this.toString()},toFormattedString(e){const t=this.toString(),s=e.get("truncate",t,this),n=e.get("format",t,this);return s&&n.length>s?n.substring(0,s)+"…":n},toFormattedHref(e){return e.get("formatHref",this.toHref(e.get("defaultProtocol")),this)},startIndex(){return this.tk[0].s},endIndex(){return this.tk[this.tk.length-1].e},toObject(e){return e===void 0&&(e=yn.defaultProtocol),{type:this.t,value:this.toString(),isLink:this.isLink,href:this.toHref(e),start:this.startIndex(),end:this.endIndex()}},toFormattedObject(e){return{type:this.t,value:this.toFormattedString(e),isLink:this.isLink,href:this.toFormattedHref(e),start:this.startIndex(),end:this.endIndex()}},validate(e){return e.get("validate",this.toString(),this)},render(e){const t=this,s=this.toHref(e.get("defaultProtocol")),n=e.get("formatHref",s,this),r=e.get("tagName",s,t),o=this.toFormattedString(e),i={},a=e.get("className",s,t),l=e.get("target",s,t),h=e.get("rel",s,t),d=e.getObj("attributes",s,t),p=e.getObj("events",s,t);return i.href=n,a&&(i.class=a),l&&(i.target=l),h&&(i.rel=h),d&&$s(i,d),{tagName:r,attributes:i,content:o,eventListeners:p}}};function so(e,t){class s extends Mc{constructor(r,o){super(r,o),this.t=e}}for(const n in t)s.prototype[n]=t[n];return s.t=e,s}const $a=so("email",{isLink:!0,toHref(){return"mailto:"+this.toString()}}),La=so("text"),Cg=so("nl"),xn=so("url",{isLink:!0,toHref(e){return e===void 0&&(e=yn.defaultProtocol),this.hasProtocol()?this.v:`${e}://${this.v}`},hasProtocol(){const e=this.tk;return e.length>=2&&e[0].t!==bn&&e[1].t===Xt}}),mt=e=>new lt(e);function Ag(e){let{groups:t}=e;const s=t.domain.concat([wr,Sr,Yt,Rr,Cr,Ar,kr,Nr,At,Si,Or,Ir,$r,Lr,kt,Pr,rn,Dr]),n=[_r,Xt,Ci,Ct,Ai,qr,ki,Ni,hr,fr,sn,nn,cr,lr,ur,dr,pr,mr,gr,vr,br,yr,Er,Tr],r=[wr,_r,Sr,Rr,Cr,Ar,kr,Nr,At,sn,nn,Or,Ir,$r,Lr,qr,kt,Pr,rn,Dr],o=mt(),i=ee(o,rn);be(i,r,i),be(i,t.domain,i);const a=mt(),l=mt(),h=mt();be(o,t.domain,a),be(o,t.scheme,l),be(o,t.slashscheme,h),be(a,r,i),be(a,t.domain,a);const d=ee(a,Yt);ee(i,Yt,d),ee(l,Yt,d),ee(h,Yt,d);const p=ee(i,Ct);be(p,r,i),be(p,t.domain,i);const g=mt();be(d,t.domain,g),be(g,t.domain,g);const y=ee(g,Ct);be(y,t.domain,g);const A=mt($a);be(y,t.tld,A),be(y,t.utld,A),ee(d,bn,A);const k=ee(g,At);be(k,t.domain,g),be(A,t.domain,g),ee(A,Ct,y),ee(A,At,k);const j=ee(A,Xt);be(j,t.numeric,$a);const W=ee(a,At),C=ee(a,Ct);be(W,t.domain,a),be(C,r,i),be(C,t.domain,a);const R=mt(xn);be(C,t.tld,R),be(C,t.utld,R),be(R,t.domain,a),be(R,r,i),ee(R,Ct,C),ee(R,At,W),ee(R,Yt,d);const O=ee(R,Xt),q=mt(xn);be(O,t.numeric,q);const L=mt(xn),Q=mt();be(L,s,L),be(L,n,Q),be(Q,s,L),be(Q,n,Q),ee(R,kt,L),ee(q,kt,L);const oe=ee(l,Xt),P=ee(h,Xt),V=ee(P,kt),F=ee(V,kt);be(l,t.domain,a),ee(l,Ct,C),ee(l,At,W),be(h,t.domain,a),ee(h,Ct,C),ee(h,At,W),be(oe,t.domain,L),ee(oe,kt,L),be(F,t.domain,L),be(F,s,L),ee(F,kt,L);const M=[[sn,nn],[lr,cr],[ur,dr],[hr,fr],[pr,mr],[gr,vr],[br,yr],[Er,Tr]];for(let c=0;c<M.length;c++){const[m,b]=M[c],_=ee(L,m);ee(Q,m,_),ee(_,b,L);const N=mt(xn);be(_,s,N);const I=mt();be(_,n),be(N,s,N),be(N,n,I),be(I,s,N),be(I,n,I),ee(N,b,L),ee(I,b,L)}return ee(o,bn,R),ee(o,Ri,Cg),{start:o,tokens:xc}}function kg(e,t,s){let n=s.length,r=0,o=[],i=[];for(;r<n;){let a=e,l=null,h=null,d=0,p=null,g=-1;for(;r<n&&!(l=a.go(s[r].t));)i.push(s[r++]);for(;r<n&&(h=l||a.go(s[r].t));)l=null,a=h,a.accepts()?(g=0,p=a):g>=0&&g++,r++,d++;if(g<0)r-=d,r<n&&(i.push(s[r]),r++);else{i.length>0&&(o.push(No(La,t,i)),i=[]),r-=g,d-=g;const y=p.t,A=s.slice(r-d,r);o.push(No(y,t,A))}}return i.length>0&&o.push(No(La,t,i)),o}function No(e,t,s){const n=s[0].s,r=s[s.length-1].e,o=t.slice(n,r);return new e(o,s)}const et={scanner:null,parser:null,tokenQueue:[],pluginQueue:[],customSchemes:[],initialized:!1};function Ng(){et.scanner=_g(et.customSchemes);for(let e=0;e<et.tokenQueue.length;e++)et.tokenQueue[e][1]({scanner:et.scanner});et.parser=Ag(et.scanner.tokens);for(let e=0;e<et.pluginQueue.length;e++)et.pluginQueue[e][1]({scanner:et.scanner,parser:et.parser});et.initialized=!0}function Og(e){return et.initialized||Ng(),kg(et.parser.start,e,Sg(et.scanner.start,e))}var Ig={amp:"&",gt:">",lt:"<",nbsp:" ",quot:'"'},$g=/^#[xX]([A-Fa-f0-9]+)$/,Lg=/^#([0-9]+)$/,qg=/^([A-Za-z0-9]+)$/,Dg=function(){function e(t){this.named=t}return e.prototype.parse=function(t){if(t){var s=t.match($g);if(s)return String.fromCharCode(parseInt(s[1],16));if(s=t.match(Lg),s)return String.fromCharCode(parseInt(s[1],10));if(s=t.match(qg),s)return this.named[s[1]]||"&"+s[1]+";"}},e}(),Pg=/[\t\n\f ]/,xg=/[A-Za-z]/,Mg=/\r\n?/g;function Ke(e){return Pg.test(e)}function qa(e){return xg.test(e)}function Ug(e){return e.replace(Mg,`
`)}var Fg=function(){function e(t,s,n){n===void 0&&(n="precompile"),this.delegate=t,this.entityParser=s,this.mode=n,this.state="beforeData",this.line=-1,this.column=-1,this.input="",this.index=-1,this.tagNameBuffer="",this.states={beforeData:function(){var r=this.peek();if(r==="<"&&!this.isIgnoredEndTag())this.transitionTo("tagOpen"),this.markTagStart(),this.consume();else{if(this.mode==="precompile"&&r===`
`){var o=this.tagNameBuffer.toLowerCase();(o==="pre"||o==="textarea")&&this.consume()}this.transitionTo("data"),this.delegate.beginData()}},data:function(){var r=this.peek(),o=this.tagNameBuffer;r==="<"&&!this.isIgnoredEndTag()?(this.delegate.finishData(),this.transitionTo("tagOpen"),this.markTagStart(),this.consume()):r==="&"&&o!=="script"&&o!=="style"?(this.consume(),this.delegate.appendToData(this.consumeCharRef()||"&")):(this.consume(),this.delegate.appendToData(r))},tagOpen:function(){var r=this.consume();r==="!"?this.transitionTo("markupDeclarationOpen"):r==="/"?this.transitionTo("endTagOpen"):(r==="@"||r===":"||qa(r))&&(this.transitionTo("tagName"),this.tagNameBuffer="",this.delegate.beginStartTag(),this.appendToTagName(r))},markupDeclarationOpen:function(){var r=this.consume();if(r==="-"&&this.peek()==="-")this.consume(),this.transitionTo("commentStart"),this.delegate.beginComment();else{var o=r.toUpperCase()+this.input.substring(this.index,this.index+6).toUpperCase();o==="DOCTYPE"&&(this.consume(),this.consume(),this.consume(),this.consume(),this.consume(),this.consume(),this.transitionTo("doctype"),this.delegate.beginDoctype&&this.delegate.beginDoctype())}},doctype:function(){var r=this.consume();Ke(r)&&this.transitionTo("beforeDoctypeName")},beforeDoctypeName:function(){var r=this.consume();Ke(r)||(this.transitionTo("doctypeName"),this.delegate.appendToDoctypeName&&this.delegate.appendToDoctypeName(r.toLowerCase()))},doctypeName:function(){var r=this.consume();Ke(r)?this.transitionTo("afterDoctypeName"):r===">"?(this.delegate.endDoctype&&this.delegate.endDoctype(),this.transitionTo("beforeData")):this.delegate.appendToDoctypeName&&this.delegate.appendToDoctypeName(r.toLowerCase())},afterDoctypeName:function(){var r=this.consume();if(!Ke(r))if(r===">")this.delegate.endDoctype&&this.delegate.endDoctype(),this.transitionTo("beforeData");else{var o=r.toUpperCase()+this.input.substring(this.index,this.index+5).toUpperCase(),i=o.toUpperCase()==="PUBLIC",a=o.toUpperCase()==="SYSTEM";(i||a)&&(this.consume(),this.consume(),this.consume(),this.consume(),this.consume(),this.consume()),i?this.transitionTo("afterDoctypePublicKeyword"):a&&this.transitionTo("afterDoctypeSystemKeyword")}},afterDoctypePublicKeyword:function(){var r=this.peek();Ke(r)?(this.transitionTo("beforeDoctypePublicIdentifier"),this.consume()):r==='"'?(this.transitionTo("doctypePublicIdentifierDoubleQuoted"),this.consume()):r==="'"?(this.transitionTo("doctypePublicIdentifierSingleQuoted"),this.consume()):r===">"&&(this.consume(),this.delegate.endDoctype&&this.delegate.endDoctype(),this.transitionTo("beforeData"))},doctypePublicIdentifierDoubleQuoted:function(){var r=this.consume();r==='"'?this.transitionTo("afterDoctypePublicIdentifier"):r===">"?(this.delegate.endDoctype&&this.delegate.endDoctype(),this.transitionTo("beforeData")):this.delegate.appendToDoctypePublicIdentifier&&this.delegate.appendToDoctypePublicIdentifier(r)},doctypePublicIdentifierSingleQuoted:function(){var r=this.consume();r==="'"?this.transitionTo("afterDoctypePublicIdentifier"):r===">"?(this.delegate.endDoctype&&this.delegate.endDoctype(),this.transitionTo("beforeData")):this.delegate.appendToDoctypePublicIdentifier&&this.delegate.appendToDoctypePublicIdentifier(r)},afterDoctypePublicIdentifier:function(){var r=this.consume();Ke(r)?this.transitionTo("betweenDoctypePublicAndSystemIdentifiers"):r===">"?(this.delegate.endDoctype&&this.delegate.endDoctype(),this.transitionTo("beforeData")):r==='"'?this.transitionTo("doctypeSystemIdentifierDoubleQuoted"):r==="'"&&this.transitionTo("doctypeSystemIdentifierSingleQuoted")},betweenDoctypePublicAndSystemIdentifiers:function(){var r=this.consume();Ke(r)||(r===">"?(this.delegate.endDoctype&&this.delegate.endDoctype(),this.transitionTo("beforeData")):r==='"'?this.transitionTo("doctypeSystemIdentifierDoubleQuoted"):r==="'"&&this.transitionTo("doctypeSystemIdentifierSingleQuoted"))},doctypeSystemIdentifierDoubleQuoted:function(){var r=this.consume();r==='"'?this.transitionTo("afterDoctypeSystemIdentifier"):r===">"?(this.delegate.endDoctype&&this.delegate.endDoctype(),this.transitionTo("beforeData")):this.delegate.appendToDoctypeSystemIdentifier&&this.delegate.appendToDoctypeSystemIdentifier(r)},doctypeSystemIdentifierSingleQuoted:function(){var r=this.consume();r==="'"?this.transitionTo("afterDoctypeSystemIdentifier"):r===">"?(this.delegate.endDoctype&&this.delegate.endDoctype(),this.transitionTo("beforeData")):this.delegate.appendToDoctypeSystemIdentifier&&this.delegate.appendToDoctypeSystemIdentifier(r)},afterDoctypeSystemIdentifier:function(){var r=this.consume();Ke(r)||r===">"&&(this.delegate.endDoctype&&this.delegate.endDoctype(),this.transitionTo("beforeData"))},commentStart:function(){var r=this.consume();r==="-"?this.transitionTo("commentStartDash"):r===">"?(this.delegate.finishComment(),this.transitionTo("beforeData")):(this.delegate.appendToCommentData(r),this.transitionTo("comment"))},commentStartDash:function(){var r=this.consume();r==="-"?this.transitionTo("commentEnd"):r===">"?(this.delegate.finishComment(),this.transitionTo("beforeData")):(this.delegate.appendToCommentData("-"),this.transitionTo("comment"))},comment:function(){var r=this.consume();r==="-"?this.transitionTo("commentEndDash"):this.delegate.appendToCommentData(r)},commentEndDash:function(){var r=this.consume();r==="-"?this.transitionTo("commentEnd"):(this.delegate.appendToCommentData("-"+r),this.transitionTo("comment"))},commentEnd:function(){var r=this.consume();r===">"?(this.delegate.finishComment(),this.transitionTo("beforeData")):(this.delegate.appendToCommentData("--"+r),this.transitionTo("comment"))},tagName:function(){var r=this.consume();Ke(r)?this.transitionTo("beforeAttributeName"):r==="/"?this.transitionTo("selfClosingStartTag"):r===">"?(this.delegate.finishTag(),this.transitionTo("beforeData")):this.appendToTagName(r)},endTagName:function(){var r=this.consume();Ke(r)?(this.transitionTo("beforeAttributeName"),this.tagNameBuffer=""):r==="/"?(this.transitionTo("selfClosingStartTag"),this.tagNameBuffer=""):r===">"?(this.delegate.finishTag(),this.transitionTo("beforeData"),this.tagNameBuffer=""):this.appendToTagName(r)},beforeAttributeName:function(){var r=this.peek();if(Ke(r)){this.consume();return}else r==="/"?(this.transitionTo("selfClosingStartTag"),this.consume()):r===">"?(this.consume(),this.delegate.finishTag(),this.transitionTo("beforeData")):r==="="?(this.delegate.reportSyntaxError("attribute name cannot start with equals sign"),this.transitionTo("attributeName"),this.delegate.beginAttribute(),this.consume(),this.delegate.appendToAttributeName(r)):(this.transitionTo("attributeName"),this.delegate.beginAttribute())},attributeName:function(){var r=this.peek();Ke(r)?(this.transitionTo("afterAttributeName"),this.consume()):r==="/"?(this.delegate.beginAttributeValue(!1),this.delegate.finishAttributeValue(),this.consume(),this.transitionTo("selfClosingStartTag")):r==="="?(this.transitionTo("beforeAttributeValue"),this.consume()):r===">"?(this.delegate.beginAttributeValue(!1),this.delegate.finishAttributeValue(),this.consume(),this.delegate.finishTag(),this.transitionTo("beforeData")):r==='"'||r==="'"||r==="<"?(this.delegate.reportSyntaxError(r+" is not a valid character within attribute names"),this.consume(),this.delegate.appendToAttributeName(r)):(this.consume(),this.delegate.appendToAttributeName(r))},afterAttributeName:function(){var r=this.peek();if(Ke(r)){this.consume();return}else r==="/"?(this.delegate.beginAttributeValue(!1),this.delegate.finishAttributeValue(),this.consume(),this.transitionTo("selfClosingStartTag")):r==="="?(this.consume(),this.transitionTo("beforeAttributeValue")):r===">"?(this.delegate.beginAttributeValue(!1),this.delegate.finishAttributeValue(),this.consume(),this.delegate.finishTag(),this.transitionTo("beforeData")):(this.delegate.beginAttributeValue(!1),this.delegate.finishAttributeValue(),this.transitionTo("attributeName"),this.delegate.beginAttribute(),this.consume(),this.delegate.appendToAttributeName(r))},beforeAttributeValue:function(){var r=this.peek();Ke(r)?this.consume():r==='"'?(this.transitionTo("attributeValueDoubleQuoted"),this.delegate.beginAttributeValue(!0),this.consume()):r==="'"?(this.transitionTo("attributeValueSingleQuoted"),this.delegate.beginAttributeValue(!0),this.consume()):r===">"?(this.delegate.beginAttributeValue(!1),this.delegate.finishAttributeValue(),this.consume(),this.delegate.finishTag(),this.transitionTo("beforeData")):(this.transitionTo("attributeValueUnquoted"),this.delegate.beginAttributeValue(!1),this.consume(),this.delegate.appendToAttributeValue(r))},attributeValueDoubleQuoted:function(){var r=this.consume();r==='"'?(this.delegate.finishAttributeValue(),this.transitionTo("afterAttributeValueQuoted")):r==="&"?this.delegate.appendToAttributeValue(this.consumeCharRef()||"&"):this.delegate.appendToAttributeValue(r)},attributeValueSingleQuoted:function(){var r=this.consume();r==="'"?(this.delegate.finishAttributeValue(),this.transitionTo("afterAttributeValueQuoted")):r==="&"?this.delegate.appendToAttributeValue(this.consumeCharRef()||"&"):this.delegate.appendToAttributeValue(r)},attributeValueUnquoted:function(){var r=this.peek();Ke(r)?(this.delegate.finishAttributeValue(),this.consume(),this.transitionTo("beforeAttributeName")):r==="/"?(this.delegate.finishAttributeValue(),this.consume(),this.transitionTo("selfClosingStartTag")):r==="&"?(this.consume(),this.delegate.appendToAttributeValue(this.consumeCharRef()||"&")):r===">"?(this.delegate.finishAttributeValue(),this.consume(),this.delegate.finishTag(),this.transitionTo("beforeData")):(this.consume(),this.delegate.appendToAttributeValue(r))},afterAttributeValueQuoted:function(){var r=this.peek();Ke(r)?(this.consume(),this.transitionTo("beforeAttributeName")):r==="/"?(this.consume(),this.transitionTo("selfClosingStartTag")):r===">"?(this.consume(),this.delegate.finishTag(),this.transitionTo("beforeData")):this.transitionTo("beforeAttributeName")},selfClosingStartTag:function(){var r=this.peek();r===">"?(this.consume(),this.delegate.markTagAsSelfClosing(),this.delegate.finishTag(),this.transitionTo("beforeData")):this.transitionTo("beforeAttributeName")},endTagOpen:function(){var r=this.consume();(r==="@"||r===":"||qa(r))&&(this.transitionTo("endTagName"),this.tagNameBuffer="",this.delegate.beginEndTag(),this.appendToTagName(r))}},this.reset()}return e.prototype.reset=function(){this.transitionTo("beforeData"),this.input="",this.tagNameBuffer="",this.index=0,this.line=1,this.column=0,this.delegate.reset()},e.prototype.transitionTo=function(t){this.state=t},e.prototype.tokenize=function(t){this.reset(),this.tokenizePart(t),this.tokenizeEOF()},e.prototype.tokenizePart=function(t){for(this.input+=Ug(t);this.index<this.input.length;){var s=this.states[this.state];if(s!==void 0)s.call(this);else throw new Error("unhandled state "+this.state)}},e.prototype.tokenizeEOF=function(){this.flushData()},e.prototype.flushData=function(){this.state==="data"&&(this.delegate.finishData(),this.transitionTo("beforeData"))},e.prototype.peek=function(){return this.input.charAt(this.index)},e.prototype.consume=function(){var t=this.peek();return this.index++,t===`
`?(this.line++,this.column=0):this.column++,t},e.prototype.consumeCharRef=function(){var t=this.input.indexOf(";",this.index);if(t!==-1){var s=this.input.slice(this.index,t),n=this.entityParser.parse(s);if(n){for(var r=s.length;r;)this.consume(),r--;return this.consume(),n}}},e.prototype.markTagStart=function(){this.delegate.tagOpen()},e.prototype.appendToTagName=function(t){this.tagNameBuffer+=t,this.delegate.appendToTagName(t)},e.prototype.isIgnoredEndTag=function(){var t=this.tagNameBuffer;return t==="title"&&this.input.substring(this.index,this.index+8)!=="</title>"||t==="style"&&this.input.substring(this.index,this.index+8)!=="</style>"||t==="script"&&this.input.substring(this.index,this.index+9)!=="<\/script>"},e}(),Hg=function(){function e(t,s){s===void 0&&(s={}),this.options=s,this.token=null,this.startLine=1,this.startColumn=0,this.tokens=[],this.tokenizer=new Fg(this,t,s.mode),this._currentAttribute=void 0}return e.prototype.tokenize=function(t){return this.tokens=[],this.tokenizer.tokenize(t),this.tokens},e.prototype.tokenizePart=function(t){return this.tokens=[],this.tokenizer.tokenizePart(t),this.tokens},e.prototype.tokenizeEOF=function(){return this.tokens=[],this.tokenizer.tokenizeEOF(),this.tokens[0]},e.prototype.reset=function(){this.token=null,this.startLine=1,this.startColumn=0},e.prototype.current=function(){var t=this.token;if(t===null)throw new Error("token was unexpectedly null");if(arguments.length===0)return t;for(var s=0;s<arguments.length;s++)if(t.type===arguments[s])return t;throw new Error("token type was unexpectedly "+t.type)},e.prototype.push=function(t){this.token=t,this.tokens.push(t)},e.prototype.currentAttribute=function(){return this._currentAttribute},e.prototype.addLocInfo=function(){this.options.loc&&(this.current().loc={start:{line:this.startLine,column:this.startColumn},end:{line:this.tokenizer.line,column:this.tokenizer.column}}),this.startLine=this.tokenizer.line,this.startColumn=this.tokenizer.column},e.prototype.beginDoctype=function(){this.push({type:"Doctype",name:""})},e.prototype.appendToDoctypeName=function(t){this.current("Doctype").name+=t},e.prototype.appendToDoctypePublicIdentifier=function(t){var s=this.current("Doctype");s.publicIdentifier===void 0?s.publicIdentifier=t:s.publicIdentifier+=t},e.prototype.appendToDoctypeSystemIdentifier=function(t){var s=this.current("Doctype");s.systemIdentifier===void 0?s.systemIdentifier=t:s.systemIdentifier+=t},e.prototype.endDoctype=function(){this.addLocInfo()},e.prototype.beginData=function(){this.push({type:"Chars",chars:""})},e.prototype.appendToData=function(t){this.current("Chars").chars+=t},e.prototype.finishData=function(){this.addLocInfo()},e.prototype.beginComment=function(){this.push({type:"Comment",chars:""})},e.prototype.appendToCommentData=function(t){this.current("Comment").chars+=t},e.prototype.finishComment=function(){this.addLocInfo()},e.prototype.tagOpen=function(){},e.prototype.beginStartTag=function(){this.push({type:"StartTag",tagName:"",attributes:[],selfClosing:!1})},e.prototype.beginEndTag=function(){this.push({type:"EndTag",tagName:""})},e.prototype.finishTag=function(){this.addLocInfo()},e.prototype.markTagAsSelfClosing=function(){this.current("StartTag").selfClosing=!0},e.prototype.appendToTagName=function(t){this.current("StartTag","EndTag").tagName+=t},e.prototype.beginAttribute=function(){this._currentAttribute=["","",!1]},e.prototype.appendToAttributeName=function(t){this.currentAttribute()[0]+=t},e.prototype.beginAttributeValue=function(t){this.currentAttribute()[2]=t},e.prototype.appendToAttributeValue=function(t){this.currentAttribute()[1]+=t},e.prototype.finishAttributeValue=function(){this.current("StartTag").attributes.push(this._currentAttribute)},e.prototype.reportSyntaxError=function(t){this.current().syntaxError=t},e}();function Bg(e,t){var s=new Hg(new Dg(Ig),t);return s.tokenize(e)}const Uc="LinkifyResult",xr="StartTag",Fc="EndTag",ni="Chars",jg="Comment",Vg="Doctype";function Gg(e,t){t===void 0&&(t={});const s=Bg(e),n=[],r=[],o=new Oi(t,Qg);for(let i=0;i<s.length;i++){const a=s[i];if(a.type===xr){n.push(a);const l=a.tagName.toUpperCase();if(!(l==="A"||o.ignoreTags.indexOf(l)>=0))continue;let d=n.length;zg(l,s,++i,n),i+=n.length-d-1}else if(a.type!==ni)n.push(a);else{const l=Wg(a.chars,o);n.push.apply(n,l)}}for(let i=0;i<n.length;i++){const a=n[i];switch(a.type){case Uc:r.push(a.rendered);break;case xr:{let l="<"+a.tagName;a.attributes.length>0&&(l+=" "+Kg(a.attributes).join(" ")),a.selfClosing&&(l+=" /"),l+=">",r.push(l);break}case Fc:r.push(`</${a.tagName}>`);break;case ni:r.push(ri(a.chars));break;case jg:r.push(`<!--${ri(a.chars)}-->`);break;case Vg:{let l=`<!DOCTYPE ${a.name}`;a.publicIdentifier&&(l+=` PUBLIC "${a.publicIdentifier}"`),a.systemIdentifier&&(l+=` "${a.systemIdentifier}"`),l+=">",r.push(l);break}}}return r.join("")}function Wg(e,t){const s=Og(e),n=[];for(let r=0;r<s.length;r++){const o=s[r];o.t==="nl"&&t.get("nl2br")?n.push({type:xr,tagName:"br",attributes:[],selfClosing:!0}):!o.isLink||!t.check(o)?n.push({type:ni,chars:o.toString()}):n.push({type:Uc,rendered:t.render(o)})}return n}function zg(e,t,s,n){let r=1;for(;s<t.length&&r>0;){let o=t[s];o.type===xr&&o.tagName.toUpperCase()===e?r++:o.type===Fc&&o.tagName.toUpperCase()===e&&r--,n.push(o),s++}return n}function Qg(e){let{tagName:t,attributes:s,content:n}=e;return`<${t} ${Yg(s)}>${ri(n)}</${t}>`}function ri(e){return e.replace(/</g,"&lt;").replace(/>/g,"&gt;")}function Hc(e){return e.replace(/"/g,"&quot;")}function Yg(e){const t=[];for(const s in e){const n=e[s]+"";t.push(`${s}="${Hc(n)}"`)}return t.join(" ")}function Kg(e){const t=[];for(let s=0;s<e.length;s++){const n=e[s][0],r=e[s][1]+"";t.push(`${n}="${Hc(r)}"`)}return t}const Xg={name:"PrettyPrint",props:["data","expanded","linkify"],data:()=>({hasLongText:!1,showFullText:!1}),methods:{render(){let e=this.data,t=document.createElement("div");if(e===!0)t.innerHTML="<i>true</i>";else if(e===!1)t.innerHTML="<i>false</i>";else if(e===void 0)t.innerHTML="<i>undefined</i>";else if(e===null)t.innerHTML="<i>null</i>";else if(typeof e=="number")t.innerText=e;else try{t.append(new pg(e).generateHtml())}catch{this.hasLongText=e.length>1e3,t.innerText=this.hasLongText&&!this.showFullText?e.substring(0,1e3)+"...":e,this.linkify&&(t.innerHTML=Gg(t.innerHTML,{target:(n,r)=>r==="url"&&"_blank"}))}this.$refs.content.firstChild&&this.$refs.content.firstChild.remove(),this.$refs.content.append(t),this.expanded&&this.$refs.content.querySelector(".pretty-jason > li > span").click()}},mounted(){this.render()},watch:{data(){this.render()},showFullText(){this.render()}}},Jg={ref:"content"};function Zg(e,t,s,n,r,o){return f(),v(B,null,[u("div",Jg,null,512),e.hasLongText&&!e.showFullText?(f(),v("a",{key:0,onClick:t[0]||(t[0]=ge(i=>e.showFullText=!0,["prevent"])),class:"pretty-print-more-link",href:"#"},"Show more")):E("",!0)],64)}const Qe=he(Xg,[["render",Zg]]),ev={name:"DetailsTable",components:{DetailsTableFilterToggle:_i,PrettyPrint:Qe},props:{badge:{},columns:{},filter:{},filterExample:{},icon:{default:"menu"},items:{},noHeader:{},noTableHead:{},perPage:{default:50},title:{}},data:()=>({firstShown:0}),computed:{filteredItems(){return this.filter?this.filter.filter(this.items):this.items},shownItems(){return this.firstShown>this.filteredItems.length&&(this.firstShown=Math.max(this.filteredItems.length-this.perPage,0)),this.filteredItems.slice(this.firstShown,this.firstShown+this.perPage)},hasPreviousItems(){return this.firstShown>0},previousItemsCount(){return this.firstShown},hasNextItems(){return this.firstShown+this.perPage<this.filteredItems.length},nextItemsCount(){return this.filteredItems.length-this.perPage-this.firstShown}},methods:{showPreviousItems(){this.firstShown-=this.perPage},showNextItems(){this.firstShown+=this.perPage;let e=this.$el.parentElement;for(;e&&e.scrollTop==0;)e=e.parentElement;let t=this.$el.offsetTop-e.offsetTop-5;e&&e.scrollTop>t&&(e.scrollTop=t)}},watch:{filteredItems(){this.firstShown=0}}},tv={class:"details-table"},sv={key:0,class:"table-header"},nv={class:"header-title"},rv={key:0,class:"title-badge"},ov={class:"header-group"},iv={key:0,class:"header-search"},av={class:"table-content"},lv={key:0},cv=["onClick"],uv={key:0,class:"pagination-controls"},dv=["colspan"],hv={key:1,class:"pagination-controls"},fv=["colspan"];function pv(e,t,s,n,r,o){const i=$("icon");return f(),v("div",tv,[s.noHeader?E("",!0):(f(),v("div",sv,[u("div",nv,[D(i,{name:s.icon},null,8,["name"]),z(" "+T(s.title)+" ",1),s.badge?(f(),v("span",rv,T(s.badge),1)):E("",!0)]),$t(e.$slots,"toolbar",{filter:s.filter},()=>[u("div",ov,[s.filter?(f(),v("div",iv,[Oe(u("input",{type:"search","onUpdate:modelValue":t[0]||(t[0]=a=>s.filter.input=a),placeholder:"Search..."},null,512),[[gt,s.filter.input]]),D(i,{name:"search"})])):E("",!0)])])])),u("div",av,[u("table",null,[u("thead",null,[s.noTableHead?E("",!0):(f(),v("tr",lv,[$t(e.$slots,"header",{filter:s.filter},()=>[(f(!0),v(B,null,le(s.columns,(a,l)=>(f(),v("th",{onClick:h=>s.filter.sortBy(a.sortBy||a.toLowerCase()),class:te(a.class)},[z(T(a.name||a)+" ",1),s.filter.sortedBy==(a.sortBy||a.toLowerCase())?(f(),J(i,{key:0,name:s.filter.sortedDesc?"chevron-down":"chevron-up"},null,8,["name"])):E("",!0)],10,cv))),256))])]))]),u("tbody",null,[o.hasPreviousItems?(f(),v("tr",uv,[u("td",{colspan:s.columns.length},[u("a",{href:"#",onClick:t[1]||(t[1]=(...a)=>o.showPreviousItems&&o.showPreviousItems(...a))},"Show "+T(o.previousItemsCount)+" previous",1)],8,dv)])):E("",!0),$t(e.$slots,"body",{items:o.shownItems}),o.hasNextItems?(f(),v("tr",hv,[u("td",{colspan:s.columns.length},[u("a",{href:"#",onClick:t[2]||(t[2]=(...a)=>o.showNextItems&&o.showNextItems(...a))},"Show "+T(o.nextItemsCount)+" more",1)],8,fv)])):E("",!0)])])])])}const He=he(ev,[["render",pv]]),Bc=6048e5,mv=864e5,jc=6e4,Vc=36e5,Da=Symbol.for("constructDateFrom");function Ht(e,t){return typeof e=="function"?e(t):e&&typeof e=="object"&&Da in e?e[Da](t):e instanceof Date?new e.constructor(t):new Date(t)}function Me(e,t){return Ht(t||e,e)}let gv={};function no(){return gv}function En(e,t){var a,l,h,d;const s=no(),n=(t==null?void 0:t.weekStartsOn)??((l=(a=t==null?void 0:t.locale)==null?void 0:a.options)==null?void 0:l.weekStartsOn)??s.weekStartsOn??((d=(h=s.locale)==null?void 0:h.options)==null?void 0:d.weekStartsOn)??0,r=Me(e,t==null?void 0:t.in),o=r.getDay(),i=(o<n?7:0)+o-n;return r.setDate(r.getDate()-i),r.setHours(0,0,0,0),r}function Mr(e,t){return En(e,{...t,weekStartsOn:1})}function Gc(e,t){const s=Me(e,t==null?void 0:t.in),n=s.getFullYear(),r=Ht(s,0);r.setFullYear(n+1,0,4),r.setHours(0,0,0,0);const o=Mr(r),i=Ht(s,0);i.setFullYear(n,0,4),i.setHours(0,0,0,0);const a=Mr(i);return s.getTime()>=o.getTime()?n+1:s.getTime()>=a.getTime()?n:n-1}function Pa(e){const t=Me(e),s=new Date(Date.UTC(t.getFullYear(),t.getMonth(),t.getDate(),t.getHours(),t.getMinutes(),t.getSeconds(),t.getMilliseconds()));return s.setUTCFullYear(t.getFullYear()),+e-+s}function vv(e,...t){const s=Ht.bind(null,t.find(n=>typeof n=="object"));return t.map(s)}function xa(e,t){const s=Me(e,t==null?void 0:t.in);return s.setHours(0,0,0,0),s}function bv(e,t,s){const[n,r]=vv(s==null?void 0:s.in,e,t),o=xa(n),i=xa(r),a=+o-Pa(o),l=+i-Pa(i);return Math.round((a-l)/mv)}function yv(e,t){const s=Gc(e,t),n=Ht(e,0);return n.setFullYear(s,0,4),n.setHours(0,0,0,0),Mr(n)}function Ev(e){return e instanceof Date||typeof e=="object"&&Object.prototype.toString.call(e)==="[object Date]"}function Tv(e){return!(!Ev(e)&&typeof e!="number"||isNaN(+Me(e)))}function wv(e,t){const s=Me(e,t==null?void 0:t.in);return s.setFullYear(s.getFullYear(),0,1),s.setHours(0,0,0,0),s}const _v={lessThanXSeconds:{one:"less than a second",other:"less than {{count}} seconds"},xSeconds:{one:"1 second",other:"{{count}} seconds"},halfAMinute:"half a minute",lessThanXMinutes:{one:"less than a minute",other:"less than {{count}} minutes"},xMinutes:{one:"1 minute",other:"{{count}} minutes"},aboutXHours:{one:"about 1 hour",other:"about {{count}} hours"},xHours:{one:"1 hour",other:"{{count}} hours"},xDays:{one:"1 day",other:"{{count}} days"},aboutXWeeks:{one:"about 1 week",other:"about {{count}} weeks"},xWeeks:{one:"1 week",other:"{{count}} weeks"},aboutXMonths:{one:"about 1 month",other:"about {{count}} months"},xMonths:{one:"1 month",other:"{{count}} months"},aboutXYears:{one:"about 1 year",other:"about {{count}} years"},xYears:{one:"1 year",other:"{{count}} years"},overXYears:{one:"over 1 year",other:"over {{count}} years"},almostXYears:{one:"almost 1 year",other:"almost {{count}} years"}},Sv=(e,t,s)=>{let n;const r=_v[e];return typeof r=="string"?n=r:t===1?n=r.one:n=r.other.replace("{{count}}",t.toString()),s!=null&&s.addSuffix?s.comparison&&s.comparison>0?"in "+n:n+" ago":n};function Oo(e){return(t={})=>{const s=t.width?String(t.width):e.defaultWidth;return e.formats[s]||e.formats[e.defaultWidth]}}const Rv={full:"EEEE, MMMM do, y",long:"MMMM do, y",medium:"MMM d, y",short:"MM/dd/yyyy"},Cv={full:"h:mm:ss a zzzz",long:"h:mm:ss a z",medium:"h:mm:ss a",short:"h:mm a"},Av={full:"{{date}} 'at' {{time}}",long:"{{date}} 'at' {{time}}",medium:"{{date}}, {{time}}",short:"{{date}}, {{time}}"},kv={date:Oo({formats:Rv,defaultWidth:"full"}),time:Oo({formats:Cv,defaultWidth:"full"}),dateTime:Oo({formats:Av,defaultWidth:"full"})},Nv={lastWeek:"'last' eeee 'at' p",yesterday:"'yesterday at' p",today:"'today at' p",tomorrow:"'tomorrow at' p",nextWeek:"eeee 'at' p",other:"P"},Ov=(e,t,s,n)=>Nv[e];function Bs(e){return(t,s)=>{const n=s!=null&&s.context?String(s.context):"standalone";let r;if(n==="formatting"&&e.formattingValues){const i=e.defaultFormattingWidth||e.defaultWidth,a=s!=null&&s.width?String(s.width):i;r=e.formattingValues[a]||e.formattingValues[i]}else{const i=e.defaultWidth,a=s!=null&&s.width?String(s.width):e.defaultWidth;r=e.values[a]||e.values[i]}const o=e.argumentCallback?e.argumentCallback(t):t;return r[o]}}const Iv={narrow:["B","A"],abbreviated:["BC","AD"],wide:["Before Christ","Anno Domini"]},$v={narrow:["1","2","3","4"],abbreviated:["Q1","Q2","Q3","Q4"],wide:["1st quarter","2nd quarter","3rd quarter","4th quarter"]},Lv={narrow:["J","F","M","A","M","J","J","A","S","O","N","D"],abbreviated:["Jan","Feb","Mar","Apr","May","Jun","Jul","Aug","Sep","Oct","Nov","Dec"],wide:["January","February","March","April","May","June","July","August","September","October","November","December"]},qv={narrow:["S","M","T","W","T","F","S"],short:["Su","Mo","Tu","We","Th","Fr","Sa"],abbreviated:["Sun","Mon","Tue","Wed","Thu","Fri","Sat"],wide:["Sunday","Monday","Tuesday","Wednesday","Thursday","Friday","Saturday"]},Dv={narrow:{am:"a",pm:"p",midnight:"mi",noon:"n",morning:"morning",afternoon:"afternoon",evening:"evening",night:"night"},abbreviated:{am:"AM",pm:"PM",midnight:"midnight",noon:"noon",morning:"morning",afternoon:"afternoon",evening:"evening",night:"night"},wide:{am:"a.m.",pm:"p.m.",midnight:"midnight",noon:"noon",morning:"morning",afternoon:"afternoon",evening:"evening",night:"night"}},Pv={narrow:{am:"a",pm:"p",midnight:"mi",noon:"n",morning:"in the morning",afternoon:"in the afternoon",evening:"in the evening",night:"at night"},abbreviated:{am:"AM",pm:"PM",midnight:"midnight",noon:"noon",morning:"in the morning",afternoon:"in the afternoon",evening:"in the evening",night:"at night"},wide:{am:"a.m.",pm:"p.m.",midnight:"midnight",noon:"noon",morning:"in the morning",afternoon:"in the afternoon",evening:"in the evening",night:"at night"}},xv=(e,t)=>{const s=Number(e),n=s%100;if(n>20||n<10)switch(n%10){case 1:return s+"st";case 2:return s+"nd";case 3:return s+"rd"}return s+"th"},Mv={ordinalNumber:xv,era:Bs({values:Iv,defaultWidth:"wide"}),quarter:Bs({values:$v,defaultWidth:"wide",argumentCallback:e=>e-1}),month:Bs({values:Lv,defaultWidth:"wide"}),day:Bs({values:qv,defaultWidth:"wide"}),dayPeriod:Bs({values:Dv,defaultWidth:"wide",formattingValues:Pv,defaultFormattingWidth:"wide"})};function js(e){return(t,s={})=>{const n=s.width,r=n&&e.matchPatterns[n]||e.matchPatterns[e.defaultMatchWidth],o=t.match(r);if(!o)return null;const i=o[0],a=n&&e.parsePatterns[n]||e.parsePatterns[e.defaultParseWidth],l=Array.isArray(a)?Fv(a,p=>p.test(i)):Uv(a,p=>p.test(i));let h;h=e.valueCallback?e.valueCallback(l):l,h=s.valueCallback?s.valueCallback(h):h;const d=t.slice(i.length);return{value:h,rest:d}}}function Uv(e,t){for(const s in e)if(Object.prototype.hasOwnProperty.call(e,s)&&t(e[s]))return s}function Fv(e,t){for(let s=0;s<e.length;s++)if(t(e[s]))return s}function Hv(e){return(t,s={})=>{const n=t.match(e.matchPattern);if(!n)return null;const r=n[0],o=t.match(e.parsePattern);if(!o)return null;let i=e.valueCallback?e.valueCallback(o[0]):o[0];i=s.valueCallback?s.valueCallback(i):i;const a=t.slice(r.length);return{value:i,rest:a}}}const Bv=/^(\d+)(th|st|nd|rd)?/i,jv=/\d+/i,Vv={narrow:/^(b|a)/i,abbreviated:/^(b\.?\s?c\.?|b\.?\s?c\.?\s?e\.?|a\.?\s?d\.?|c\.?\s?e\.?)/i,wide:/^(before christ|before common era|anno domini|common era)/i},Gv={any:[/^b/i,/^(a|c)/i]},Wv={narrow:/^[1234]/i,abbreviated:/^q[1234]/i,wide:/^[1234](th|st|nd|rd)? quarter/i},zv={any:[/1/i,/2/i,/3/i,/4/i]},Qv={narrow:/^[jfmasond]/i,abbreviated:/^(jan|feb|mar|apr|may|jun|jul|aug|sep|oct|nov|dec)/i,wide:/^(january|february|march|april|may|june|july|august|september|october|november|december)/i},Yv={narrow:[/^j/i,/^f/i,/^m/i,/^a/i,/^m/i,/^j/i,/^j/i,/^a/i,/^s/i,/^o/i,/^n/i,/^d/i],any:[/^ja/i,/^f/i,/^mar/i,/^ap/i,/^may/i,/^jun/i,/^jul/i,/^au/i,/^s/i,/^o/i,/^n/i,/^d/i]},Kv={narrow:/^[smtwf]/i,short:/^(su|mo|tu|we|th|fr|sa)/i,abbreviated:/^(sun|mon|tue|wed|thu|fri|sat)/i,wide:/^(sunday|monday|tuesday|wednesday|thursday|friday|saturday)/i},Xv={narrow:[/^s/i,/^m/i,/^t/i,/^w/i,/^t/i,/^f/i,/^s/i],any:[/^su/i,/^m/i,/^tu/i,/^w/i,/^th/i,/^f/i,/^sa/i]},Jv={narrow:/^(a|p|mi|n|(in the|at) (morning|afternoon|evening|night))/i,any:/^([ap]\.?\s?m\.?|midnight|noon|(in the|at) (morning|afternoon|evening|night))/i},Zv={any:{am:/^a/i,pm:/^p/i,midnight:/^mi/i,noon:/^no/i,morning:/morning/i,afternoon:/afternoon/i,evening:/evening/i,night:/night/i}},eb={ordinalNumber:Hv({matchPattern:Bv,parsePattern:jv,valueCallback:e=>parseInt(e,10)}),era:js({matchPatterns:Vv,defaultMatchWidth:"wide",parsePatterns:Gv,defaultParseWidth:"any"}),quarter:js({matchPatterns:Wv,defaultMatchWidth:"wide",parsePatterns:zv,defaultParseWidth:"any",valueCallback:e=>e+1}),month:js({matchPatterns:Qv,defaultMatchWidth:"wide",parsePatterns:Yv,defaultParseWidth:"any"}),day:js({matchPatterns:Kv,defaultMatchWidth:"wide",parsePatterns:Xv,defaultParseWidth:"any"}),dayPeriod:js({matchPatterns:Jv,defaultMatchWidth:"any",parsePatterns:Zv,defaultParseWidth:"any"})},tb={code:"en-US",formatDistance:Sv,formatLong:kv,formatRelative:Ov,localize:Mv,match:eb,options:{weekStartsOn:0,firstWeekContainsDate:1}};function sb(e,t){const s=Me(e,t==null?void 0:t.in);return bv(s,wv(s))+1}function nb(e,t){const s=Me(e,t==null?void 0:t.in),n=+Mr(s)-+yv(s);return Math.round(n/Bc)+1}function Wc(e,t){var d,p,g,y;const s=Me(e,t==null?void 0:t.in),n=s.getFullYear(),r=no(),o=(t==null?void 0:t.firstWeekContainsDate)??((p=(d=t==null?void 0:t.locale)==null?void 0:d.options)==null?void 0:p.firstWeekContainsDate)??r.firstWeekContainsDate??((y=(g=r.locale)==null?void 0:g.options)==null?void 0:y.firstWeekContainsDate)??1,i=Ht((t==null?void 0:t.in)||e,0);i.setFullYear(n+1,0,o),i.setHours(0,0,0,0);const a=En(i,t),l=Ht((t==null?void 0:t.in)||e,0);l.setFullYear(n,0,o),l.setHours(0,0,0,0);const h=En(l,t);return+s>=+a?n+1:+s>=+h?n:n-1}function rb(e,t){var a,l,h,d;const s=no(),n=(t==null?void 0:t.firstWeekContainsDate)??((l=(a=t==null?void 0:t.locale)==null?void 0:a.options)==null?void 0:l.firstWeekContainsDate)??s.firstWeekContainsDate??((d=(h=s.locale)==null?void 0:h.options)==null?void 0:d.firstWeekContainsDate)??1,r=Wc(e,t),o=Ht((t==null?void 0:t.in)||e,0);return o.setFullYear(r,0,n),o.setHours(0,0,0,0),En(o,t)}function ob(e,t){const s=Me(e,t==null?void 0:t.in),n=+En(s,t)-+rb(s,t);return Math.round(n/Bc)+1}function Ae(e,t){const s=e<0?"-":"",n=Math.abs(e).toString().padStart(t,"0");return s+n}const Gt={y(e,t){const s=e.getFullYear(),n=s>0?s:1-s;return Ae(t==="yy"?n%100:n,t.length)},M(e,t){const s=e.getMonth();return t==="M"?String(s+1):Ae(s+1,2)},d(e,t){return Ae(e.getDate(),t.length)},a(e,t){const s=e.getHours()/12>=1?"pm":"am";switch(t){case"a":case"aa":return s.toUpperCase();case"aaa":return s;case"aaaaa":return s[0];case"aaaa":default:return s==="am"?"a.m.":"p.m."}},h(e,t){return Ae(e.getHours()%12||12,t.length)},H(e,t){return Ae(e.getHours(),t.length)},m(e,t){return Ae(e.getMinutes(),t.length)},s(e,t){return Ae(e.getSeconds(),t.length)},S(e,t){const s=t.length,n=e.getMilliseconds(),r=Math.trunc(n*Math.pow(10,s-3));return Ae(r,t.length)}},Ts={am:"am",pm:"pm",midnight:"midnight",noon:"noon",morning:"morning",afternoon:"afternoon",evening:"evening",night:"night"},Ma={G:function(e,t,s){const n=e.getFullYear()>0?1:0;switch(t){case"G":case"GG":case"GGG":return s.era(n,{width:"abbreviated"});case"GGGGG":return s.era(n,{width:"narrow"});case"GGGG":default:return s.era(n,{width:"wide"})}},y:function(e,t,s){if(t==="yo"){const n=e.getFullYear(),r=n>0?n:1-n;return s.ordinalNumber(r,{unit:"year"})}return Gt.y(e,t)},Y:function(e,t,s,n){const r=Wc(e,n),o=r>0?r:1-r;if(t==="YY"){const i=o%100;return Ae(i,2)}return t==="Yo"?s.ordinalNumber(o,{unit:"year"}):Ae(o,t.length)},R:function(e,t){const s=Gc(e);return Ae(s,t.length)},u:function(e,t){const s=e.getFullYear();return Ae(s,t.length)},Q:function(e,t,s){const n=Math.ceil((e.getMonth()+1)/3);switch(t){case"Q":return String(n);case"QQ":return Ae(n,2);case"Qo":return s.ordinalNumber(n,{unit:"quarter"});case"QQQ":return s.quarter(n,{width:"abbreviated",context:"formatting"});case"QQQQQ":return s.quarter(n,{width:"narrow",context:"formatting"});case"QQQQ":default:return s.quarter(n,{width:"wide",context:"formatting"})}},q:function(e,t,s){const n=Math.ceil((e.getMonth()+1)/3);switch(t){case"q":return String(n);case"qq":return Ae(n,2);case"qo":return s.ordinalNumber(n,{unit:"quarter"});case"qqq":return s.quarter(n,{width:"abbreviated",context:"standalone"});case"qqqqq":return s.quarter(n,{width:"narrow",context:"standalone"});case"qqqq":default:return s.quarter(n,{width:"wide",context:"standalone"})}},M:function(e,t,s){const n=e.getMonth();switch(t){case"M":case"MM":return Gt.M(e,t);case"Mo":return s.ordinalNumber(n+1,{unit:"month"});case"MMM":return s.month(n,{width:"abbreviated",context:"formatting"});case"MMMMM":return s.month(n,{width:"narrow",context:"formatting"});case"MMMM":default:return s.month(n,{width:"wide",context:"formatting"})}},L:function(e,t,s){const n=e.getMonth();switch(t){case"L":return String(n+1);case"LL":return Ae(n+1,2);case"Lo":return s.ordinalNumber(n+1,{unit:"month"});case"LLL":return s.month(n,{width:"abbreviated",context:"standalone"});case"LLLLL":return s.month(n,{width:"narrow",context:"standalone"});case"LLLL":default:return s.month(n,{width:"wide",context:"standalone"})}},w:function(e,t,s,n){const r=ob(e,n);return t==="wo"?s.ordinalNumber(r,{unit:"week"}):Ae(r,t.length)},I:function(e,t,s){const n=nb(e);return t==="Io"?s.ordinalNumber(n,{unit:"week"}):Ae(n,t.length)},d:function(e,t,s){return t==="do"?s.ordinalNumber(e.getDate(),{unit:"date"}):Gt.d(e,t)},D:function(e,t,s){const n=sb(e);return t==="Do"?s.ordinalNumber(n,{unit:"dayOfYear"}):Ae(n,t.length)},E:function(e,t,s){const n=e.getDay();switch(t){case"E":case"EE":case"EEE":return s.day(n,{width:"abbreviated",context:"formatting"});case"EEEEE":return s.day(n,{width:"narrow",context:"formatting"});case"EEEEEE":return s.day(n,{width:"short",context:"formatting"});case"EEEE":default:return s.day(n,{width:"wide",context:"formatting"})}},e:function(e,t,s,n){const r=e.getDay(),o=(r-n.weekStartsOn+8)%7||7;switch(t){case"e":return String(o);case"ee":return Ae(o,2);case"eo":return s.ordinalNumber(o,{unit:"day"});case"eee":return s.day(r,{width:"abbreviated",context:"formatting"});case"eeeee":return s.day(r,{width:"narrow",context:"formatting"});case"eeeeee":return s.day(r,{width:"short",context:"formatting"});case"eeee":default:return s.day(r,{width:"wide",context:"formatting"})}},c:function(e,t,s,n){const r=e.getDay(),o=(r-n.weekStartsOn+8)%7||7;switch(t){case"c":return String(o);case"cc":return Ae(o,t.length);case"co":return s.ordinalNumber(o,{unit:"day"});case"ccc":return s.day(r,{width:"abbreviated",context:"standalone"});case"ccccc":return s.day(r,{width:"narrow",context:"standalone"});case"cccccc":return s.day(r,{width:"short",context:"standalone"});case"cccc":default:return s.day(r,{width:"wide",context:"standalone"})}},i:function(e,t,s){const n=e.getDay(),r=n===0?7:n;switch(t){case"i":return String(r);case"ii":return Ae(r,t.length);case"io":return s.ordinalNumber(r,{unit:"day"});case"iii":return s.day(n,{width:"abbreviated",context:"formatting"});case"iiiii":return s.day(n,{width:"narrow",context:"formatting"});case"iiiiii":return s.day(n,{width:"short",context:"formatting"});case"iiii":default:return s.day(n,{width:"wide",context:"formatting"})}},a:function(e,t,s){const r=e.getHours()/12>=1?"pm":"am";switch(t){case"a":case"aa":return s.dayPeriod(r,{width:"abbreviated",context:"formatting"});case"aaa":return s.dayPeriod(r,{width:"abbreviated",context:"formatting"}).toLowerCase();case"aaaaa":return s.dayPeriod(r,{width:"narrow",context:"formatting"});case"aaaa":default:return s.dayPeriod(r,{width:"wide",context:"formatting"})}},b:function(e,t,s){const n=e.getHours();let r;switch(n===12?r=Ts.noon:n===0?r=Ts.midnight:r=n/12>=1?"pm":"am",t){case"b":case"bb":return s.dayPeriod(r,{width:"abbreviated",context:"formatting"});case"bbb":return s.dayPeriod(r,{width:"abbreviated",context:"formatting"}).toLowerCase();case"bbbbb":return s.dayPeriod(r,{width:"narrow",context:"formatting"});case"bbbb":default:return s.dayPeriod(r,{width:"wide",context:"formatting"})}},B:function(e,t,s){const n=e.getHours();let r;switch(n>=17?r=Ts.evening:n>=12?r=Ts.afternoon:n>=4?r=Ts.morning:r=Ts.night,t){case"B":case"BB":case"BBB":return s.dayPeriod(r,{width:"abbreviated",context:"formatting"});case"BBBBB":return s.dayPeriod(r,{width:"narrow",context:"formatting"});case"BBBB":default:return s.dayPeriod(r,{width:"wide",context:"formatting"})}},h:function(e,t,s){if(t==="ho"){let n=e.getHours()%12;return n===0&&(n=12),s.ordinalNumber(n,{unit:"hour"})}return Gt.h(e,t)},H:function(e,t,s){return t==="Ho"?s.ordinalNumber(e.getHours(),{unit:"hour"}):Gt.H(e,t)},K:function(e,t,s){const n=e.getHours()%12;return t==="Ko"?s.ordinalNumber(n,{unit:"hour"}):Ae(n,t.length)},k:function(e,t,s){let n=e.getHours();return n===0&&(n=24),t==="ko"?s.ordinalNumber(n,{unit:"hour"}):Ae(n,t.length)},m:function(e,t,s){return t==="mo"?s.ordinalNumber(e.getMinutes(),{unit:"minute"}):Gt.m(e,t)},s:function(e,t,s){return t==="so"?s.ordinalNumber(e.getSeconds(),{unit:"second"}):Gt.s(e,t)},S:function(e,t){return Gt.S(e,t)},X:function(e,t,s){const n=e.getTimezoneOffset();if(n===0)return"Z";switch(t){case"X":return Fa(n);case"XXXX":case"XX":return us(n);case"XXXXX":case"XXX":default:return us(n,":")}},x:function(e,t,s){const n=e.getTimezoneOffset();switch(t){case"x":return Fa(n);case"xxxx":case"xx":return us(n);case"xxxxx":case"xxx":default:return us(n,":")}},O:function(e,t,s){const n=e.getTimezoneOffset();switch(t){case"O":case"OO":case"OOO":return"GMT"+Ua(n,":");case"OOOO":default:return"GMT"+us(n,":")}},z:function(e,t,s){const n=e.getTimezoneOffset();switch(t){case"z":case"zz":case"zzz":return"GMT"+Ua(n,":");case"zzzz":default:return"GMT"+us(n,":")}},t:function(e,t,s){const n=Math.trunc(+e/1e3);return Ae(n,t.length)},T:function(e,t,s){return Ae(+e,t.length)}};function Ua(e,t=""){const s=e>0?"-":"+",n=Math.abs(e),r=Math.trunc(n/60),o=n%60;return o===0?s+String(r):s+String(r)+t+Ae(o,2)}function Fa(e,t){return e%60===0?(e>0?"-":"+")+Ae(Math.abs(e)/60,2):us(e,t)}function us(e,t=""){const s=e>0?"-":"+",n=Math.abs(e),r=Ae(Math.trunc(n/60),2),o=Ae(n%60,2);return s+r+t+o}const Ha=(e,t)=>{switch(e){case"P":return t.date({width:"short"});case"PP":return t.date({width:"medium"});case"PPP":return t.date({width:"long"});case"PPPP":default:return t.date({width:"full"})}},zc=(e,t)=>{switch(e){case"p":return t.time({width:"short"});case"pp":return t.time({width:"medium"});case"ppp":return t.time({width:"long"});case"pppp":default:return t.time({width:"full"})}},ib=(e,t)=>{const s=e.match(/(P+)(p+)?/)||[],n=s[1],r=s[2];if(!r)return Ha(e,t);let o;switch(n){case"P":o=t.dateTime({width:"short"});break;case"PP":o=t.dateTime({width:"medium"});break;case"PPP":o=t.dateTime({width:"long"});break;case"PPPP":default:o=t.dateTime({width:"full"});break}return o.replace("{{date}}",Ha(n,t)).replace("{{time}}",zc(r,t))},ab={p:zc,P:ib},lb=/^D+$/,cb=/^Y+$/,ub=["D","DD","YY","YYYY"];function db(e){return lb.test(e)}function hb(e){return cb.test(e)}function fb(e,t,s){const n=pb(e,t,s);if(console.warn(n),ub.includes(e))throw new RangeError(n)}function pb(e,t,s){const n=e[0]==="Y"?"years":"days of the month";return`Use \`${e.toLowerCase()}\` instead of \`${e}\` (in \`${t}\`) for formatting ${n} to the input \`${s}\`; see: https://github.com/date-fns/date-fns/blob/master/docs/unicodeTokens.md`}const mb=/[yYQqMLwIdDecihHKkms]o|(\w)\1*|''|'(''|[^'])+('|$)|./g,gb=/P+p+|P+|p+|''|'(''|[^'])+('|$)|./g,vb=/^'([^]*?)'?$/,bb=/''/g,yb=/[a-zA-Z]/;function Wn(e,t,s){var d,p,g,y;const n=no(),r=n.locale??tb,o=n.firstWeekContainsDate??((p=(d=n.locale)==null?void 0:d.options)==null?void 0:p.firstWeekContainsDate)??1,i=n.weekStartsOn??((y=(g=n.locale)==null?void 0:g.options)==null?void 0:y.weekStartsOn)??0,a=Me(e,s==null?void 0:s.in);if(!Tv(a))throw new RangeError("Invalid time value");let l=t.match(gb).map(A=>{const k=A[0];if(k==="p"||k==="P"){const j=ab[k];return j(A,r.formatLong)}return A}).join("").match(mb).map(A=>{if(A==="''")return{isToken:!1,value:"'"};const k=A[0];if(k==="'")return{isToken:!1,value:Eb(A)};if(Ma[k])return{isToken:!0,value:A};if(k.match(yb))throw new RangeError("Format string contains an unescaped latin alphabet character `"+k+"`");return{isToken:!1,value:A}});r.localize.preprocessor&&(l=r.localize.preprocessor(a,l));const h={firstWeekContainsDate:o,weekStartsOn:i,locale:r};return l.map(A=>{if(!A.isToken)return A.value;const k=A.value;(hb(k)||db(k))&&fb(k,t,String(e));const j=Ma[k[0]];return j(a,k,r.localize,h)}).join("")}function Eb(e){const t=e.match(vb);return t?t[1].replace(bb,"'"):e}function Tb(e,t){return+Me(e)>+Me(t)}function wb(e,t){return+Me(e)<+Me(t)}function _b(e,t){return+Me(e)==+Me(t)}function Io(e,t){const s=()=>Ht(t==null?void 0:t.in,NaN),r=Ab(e);let o;if(r.date){const h=kb(r.date,2);o=Nb(h.restDateString,h.year)}if(!o||isNaN(+o))return s();const i=+o;let a=0,l;if(r.time&&(a=Ob(r.time),isNaN(a)))return s();if(r.timezone){if(l=Ib(r.timezone),isNaN(l))return s()}else{const h=new Date(i+a),d=Me(0,t==null?void 0:t.in);return d.setFullYear(h.getUTCFullYear(),h.getUTCMonth(),h.getUTCDate()),d.setHours(h.getUTCHours(),h.getUTCMinutes(),h.getUTCSeconds(),h.getUTCMilliseconds()),d}return Me(i+a+l,t==null?void 0:t.in)}const Mn={dateTimeDelimiter:/[T ]/,timeZoneDelimiter:/[Z ]/i,timezone:/([Z+-].*)$/},Sb=/^-?(?:(\d{3})|(\d{2})(?:-?(\d{2}))?|W(\d{2})(?:-?(\d{1}))?|)$/,Rb=/^(\d{2}(?:[.,]\d*)?)(?::?(\d{2}(?:[.,]\d*)?))?(?::?(\d{2}(?:[.,]\d*)?))?$/,Cb=/^([+-])(\d{2})(?::?(\d{2}))?$/;function Ab(e){const t={},s=e.split(Mn.dateTimeDelimiter);let n;if(s.length>2)return t;if(/:/.test(s[0])?n=s[0]:(t.date=s[0],n=s[1],Mn.timeZoneDelimiter.test(t.date)&&(t.date=e.split(Mn.timeZoneDelimiter)[0],n=e.substr(t.date.length,e.length))),n){const r=Mn.timezone.exec(n);r?(t.time=n.replace(r[1],""),t.timezone=r[1]):t.time=n}return t}function kb(e,t){const s=new RegExp("^(?:(\\d{4}|[+-]\\d{"+(4+t)+"})|(\\d{2}|[+-]\\d{"+(2+t)+"})$)"),n=e.match(s);if(!n)return{year:NaN,restDateString:""};const r=n[1]?parseInt(n[1]):null,o=n[2]?parseInt(n[2]):null;return{year:o===null?r:o*100,restDateString:e.slice((n[1]||n[2]).length)}}function Nb(e,t){if(t===null)return new Date(NaN);const s=e.match(Sb);if(!s)return new Date(NaN);const n=!!s[4],r=Vs(s[1]),o=Vs(s[2])-1,i=Vs(s[3]),a=Vs(s[4]),l=Vs(s[5])-1;if(n)return Pb(t,a,l)?$b(t,a,l):new Date(NaN);{const h=new Date(0);return!qb(t,o,i)||!Db(t,r)?new Date(NaN):(h.setUTCFullYear(t,o,Math.max(r,i)),h)}}function Vs(e){return e?parseInt(e):1}function Ob(e){const t=e.match(Rb);if(!t)return NaN;const s=$o(t[1]),n=$o(t[2]),r=$o(t[3]);return xb(s,n,r)?s*Vc+n*jc+r*1e3:NaN}function $o(e){return e&&parseFloat(e.replace(",","."))||0}function Ib(e){if(e==="Z")return 0;const t=e.match(Cb);if(!t)return 0;const s=t[1]==="+"?-1:1,n=parseInt(t[2]),r=t[3]&&parseInt(t[3])||0;return Mb(n,r)?s*(n*Vc+r*jc):NaN}function $b(e,t,s){const n=new Date(0);n.setUTCFullYear(e,0,4);const r=n.getUTCDay()||7,o=(t-1)*7+s+1-r;return n.setUTCDate(n.getUTCDate()+o),n}const Lb=[31,null,31,30,31,30,31,31,30,31,30,31];function Qc(e){return e%400===0||e%4===0&&e%100!==0}function qb(e,t,s){return t>=0&&t<=11&&s>=1&&s<=(Lb[t]||(Qc(e)?29:28))}function Db(e,t){return t>=1&&t<=(Qc(e)?366:365)}function Pb(e,t,s){return t>=1&&t<=53&&s>=0&&s<=6}function xb(e,t,s){return e===24?t===0&&s===0:s>=0&&s<60&&t>=0&&t<60&&e>=0&&e<25}function Mb(e,t){return t>=0&&t<=59}function Lo(e,t,s){const n=Me(e,s==null?void 0:s.in);return n.setMilliseconds(t),n}let Ub=class{constructor(t,s){this.tags=t,this.map=s,this.shown=!1,this.sortedBy=void 0,this.sortedDesc=!1,this.input=""}toggle(t){this.shown=!this.shown,this.shown&&Yr(()=>{let s=t.target;for(;(s=s.parentNode)&&s.tagName!="TABLE";);s.querySelector(".filter input").focus()})}sortBy(t){this.sortedBy==t?this.sortedDesc=!this.sortedDesc:(this.sortedBy=t,this.sortedDesc=!0)}filter(t){let{terms:s,tags:n}=this.tokenize(this.input);if(t=t.filter(r=>{let o=this.map?this.map(r):r;return this.matchesTerms(o,s)&&this.matchesTags(r,n)}),this.sortedBy){let r=this.tags.find(o=>o.tag==this.sortedBy);t.sort((o,i)=>{var a,l;return r&&r.type=="number"?o[this.sortedBy]-i[this.sortedBy]:(l=o[this.sortedBy])==null?void 0:l.toString().localeCompare((a=i[this.sortedBy])==null?void 0:a.toString())})}return this.sortedDesc&&(t=t.reverse()),t}matchesTerms(t,s){return s.length?typeof t=="object"&&t!==null?Object.values(t).find(n=>this.matchesTerms(n,s)):typeof t!="string"?!1:s.find(n=>t.toLowerCase().includes(n.toLowerCase())):!0}matchesTags(t,s){return Object.keys(s).length?Object.keys(s).every(n=>(n=this.tags.find(r=>r.tag==n),n?n.type=="number"||n.type=="date"?s[n.tag].every(r=>this.isTagApplicable(n,t,r)):s[n.tag].find(r=>this.isTagApplicable(n,t,r)):!1)):!0}isTagApplicable(t,s,n){if(t.apply)return t.apply(s,n);if(s=t.map?t.map(s):s[t.tag],t.type=="number"){let r;return(r=n.match(/^<(\d+(?:\.\d+)?)$/))?s<parseFloat(r[1]):(r=n.match(/^>(\d+(?:\.\d+)?)$/))?parseFloat(r[1])<s:(r=n.match(/^(\d+(?:\.\d+)?)-(\d+(?:\.\d+)?)$/))?parseFloat(r[1])<s&&s<parseFloat(r[2]):s==n}else if(t.type=="date"){let r;return(r=n.match(/^<(.+)$/))?wb(Lo(s,0),Io(r[1].match(/^\d+:\d+(:\d+)?$/)?Wn(new Date,"yyyy-MM-dd ")+r[1]:r[1])):(r=n.match(/^>(.+)$/))?Tb(Lo(s,0),Io(r[1].match(/^\d+:\d+(:\d+)?$/)?Wn(new Date,"yyyy-MM-dd ")+r[1]:r[1])):_b(Lo(s,0),Io(n.match(/^\d+:\d+(:\d+)?$/)?Wn(new Date,"yyyy-MM-dd ")+n:n))}else return typeof s=="string"&&s.toLowerCase().includes(n.toLowerCase())}tokenize(t){let s=[],n={},r=/(\w+:)?("[^"]*"|[^\s]+)/g,o;for(;o=r.exec(t);){let i=o[1]?o[1].substr(0,o[1].length-1):void 0,a=o[2];(o=a.match(/^"(.+?)"$/))&&(a=o[1]),i?(n[i]||(n[i]=[]),n[i].push(a)):s.push(a)}return{terms:s,tags:n}}};const ze=(...e)=>We(new Ub(...e)),Fb={name:"CacheTab",components:{DetailsTable:He,PrettyPrint:Qe,StackTrace:ht},props:["active"],data:()=>({filter:ze([{tag:"action",apply:(e,t)=>{if(["read","write","delete","miss"].includes(t.toLowerCase()))return e.type.toLowerCase()==t.toLowerCase()}},{tag:"key"},{tag:"file",map:e=>e.shortPath}])}),computed:{columns(){let e=[{name:"Action",sortBy:"type"},"Key","Value","Expires"];return this.$request.cacheQueries.some(t=>t.connection)&&e.unshift("Connection"),this.$request.cacheQueries.some(t=>t.duration)&&e.push("Duration"),e}}},Hb={key:0},Bb={class:"counters-row"},jb={key:0,class:"counter"},Vb={class:"counter-value"},Gb={key:1,class:"counter"},Wb={class:"counter-value"},zb={key:2,class:"counter"},Qb={class:"counter-value"},Yb={key:3,class:"counter"},Kb={class:"counter-value"},Xb={key:4,class:"counter"},Jb={class:"counter-value"},Zb={key:5,class:"counter"},ey={class:"counter-value"},ty={key:6,class:"counter"},sy={class:"counter-value"},ny={key:0},ry={class:"cache-query-type"},oy={class:"database-query"},iy={class:"database-query-content"},ay={key:0},ly={key:1};function cy(e,t,s,n,r,o){const i=$("pretty-print"),a=$("stack-trace"),l=$("details-table");return s.active?(f(),v("div",Hb,[u("div",Bb,[e.$request.cacheQueries.length?(f(),v("div",jb,[u("div",Vb,T(e.$request.cacheQueries.length),1),t[0]||(t[0]=u("div",{class:"counter-title"},"queries",-1))])):E("",!0),e.$request.cacheReads?(f(),v("div",Gb,[u("div",Wb,T(e.$request.cacheReads),1),t[1]||(t[1]=u("div",{class:"counter-title"},"reads",-1))])):E("",!0),e.$request.cacheHits?(f(),v("div",zb,[u("div",Qb,T(e.$request.cacheHits),1),t[2]||(t[2]=u("div",{class:"counter-title"},"hits",-1))])):E("",!0),e.$request.cacheMisses?(f(),v("div",Yb,[u("div",Kb,T(e.$request.cacheMisses),1),t[3]||(t[3]=u("div",{class:"counter-title"},"misses",-1))])):E("",!0),e.$request.cacheWrites?(f(),v("div",Xb,[u("div",Jb,T(e.$request.cacheWrites),1),t[4]||(t[4]=u("div",{class:"counter-title"},"writes",-1))])):E("",!0),e.$request.cacheDeletes?(f(),v("div",Zb,[u("div",ey,T(e.$request.cacheDeletes),1),t[5]||(t[5]=u("div",{class:"counter-title"},"deletes",-1))])):E("",!0),e.$request.cacheTime?(f(),v("div",ty,[u("div",sy,T(e.$request.cacheTime),1),t[6]||(t[6]=u("div",{class:"counter-title"},"time",-1))])):E("",!0)]),e.$request.cacheQueries.length?(f(),J(l,{key:0,title:"Queries",icon:"paperclip",columns:o.columns,items:e.$request.cacheQueries,filter:e.filter,"filter-example":"info@underground.works action:miss key:lastRequest file:Controller.php"},{body:ce(({items:h})=>[(f(!0),v(B,null,le(h,(d,p)=>(f(),v("tr",{key:`${e.$request.id}-${p}`},[o.columns.includes("Connection")?(f(),v("td",ny,T(d.connection),1)):E("",!0),u("td",ry,T(d.type),1),u("td",null,T(d.key),1),u("td",null,[u("div",oy,[u("div",iy,[D(i,{data:d.value},null,8,["data"])]),D(a,{class:"database-query-path",trace:d.trace,file:d.file,line:d.line},null,8,["trace","file","line"])])]),u("td",null,[d.expiration?(f(),v("span",ay,T(d.expiration),1)):E("",!0)]),o.columns.includes("Duration")?(f(),v("td",ly,T(e.$round(d.duration,3))+" ms",1)):E("",!0)]))),128))]),_:1},8,["columns","items","filter"])):E("",!0)])):E("",!0)}const uy=he(Fb,[["render",cy]]);var ve=typeof globalThis<"u"?globalThis:typeof window<"u"?window:typeof global<"u"?global:typeof self<"u"?self:{};function qs(e){return e&&e.__esModule&&Object.prototype.hasOwnProperty.call(e,"default")?e.default:e}var Yc={exports:{}};(function(e){var t=typeof window<"u"?window:typeof WorkerGlobalScope<"u"&&self instanceof WorkerGlobalScope?self:{};/**
 * Prism: Lightweight, robust, elegant syntax highlighting
 *
 * @license MIT <https://opensource.org/licenses/MIT>
 * @author Lea Verou <https://lea.verou.me>
 * @namespace
 * @public
 */var s=function(n){var r=/(?:^|\s)lang(?:uage)?-([\w-]+)(?=\s|$)/i,o=0,i={},a={manual:n.Prism&&n.Prism.manual,disableWorkerMessageHandler:n.Prism&&n.Prism.disableWorkerMessageHandler,util:{encode:function C(R){return R instanceof l?new l(R.type,C(R.content),R.alias):Array.isArray(R)?R.map(C):R.replace(/&/g,"&amp;").replace(/</g,"&lt;").replace(/\u00a0/g," ")},type:function(C){return Object.prototype.toString.call(C).slice(8,-1)},objId:function(C){return C.__id||Object.defineProperty(C,"__id",{value:++o}),C.__id},clone:function C(R,O){O=O||{};var q,L;switch(a.util.type(R)){case"Object":if(L=a.util.objId(R),O[L])return O[L];q={},O[L]=q;for(var Q in R)R.hasOwnProperty(Q)&&(q[Q]=C(R[Q],O));return q;case"Array":return L=a.util.objId(R),O[L]?O[L]:(q=[],O[L]=q,R.forEach(function(oe,P){q[P]=C(oe,O)}),q);default:return R}},getLanguage:function(C){for(;C;){var R=r.exec(C.className);if(R)return R[1].toLowerCase();C=C.parentElement}return"none"},setLanguage:function(C,R){C.className=C.className.replace(RegExp(r,"gi"),""),C.classList.add("language-"+R)},currentScript:function(){if(typeof document>"u")return null;if("currentScript"in document)return document.currentScript;try{throw new Error}catch(q){var C=(/at [^(\r\n]*\((.*):[^:]+:[^:]+\)$/i.exec(q.stack)||[])[1];if(C){var R=document.getElementsByTagName("script");for(var O in R)if(R[O].src==C)return R[O]}return null}},isActive:function(C,R,O){for(var q="no-"+R;C;){var L=C.classList;if(L.contains(R))return!0;if(L.contains(q))return!1;C=C.parentElement}return!!O}},languages:{plain:i,plaintext:i,text:i,txt:i,extend:function(C,R){var O=a.util.clone(a.languages[C]);for(var q in R)O[q]=R[q];return O},insertBefore:function(C,R,O,q){q=q||a.languages;var L=q[C],Q={};for(var oe in L)if(L.hasOwnProperty(oe)){if(oe==R)for(var P in O)O.hasOwnProperty(P)&&(Q[P]=O[P]);O.hasOwnProperty(oe)||(Q[oe]=L[oe])}var V=q[C];return q[C]=Q,a.languages.DFS(a.languages,function(F,M){M===V&&F!=C&&(this[F]=Q)}),Q},DFS:function C(R,O,q,L){L=L||{};var Q=a.util.objId;for(var oe in R)if(R.hasOwnProperty(oe)){O.call(R,oe,R[oe],q||oe);var P=R[oe],V=a.util.type(P);V==="Object"&&!L[Q(P)]?(L[Q(P)]=!0,C(P,O,null,L)):V==="Array"&&!L[Q(P)]&&(L[Q(P)]=!0,C(P,O,oe,L))}}},plugins:{},highlightAll:function(C,R){a.highlightAllUnder(document,C,R)},highlightAllUnder:function(C,R,O){var q={callback:O,container:C,selector:'code[class*="language-"], [class*="language-"] code, code[class*="lang-"], [class*="lang-"] code'};a.hooks.run("before-highlightall",q),q.elements=Array.prototype.slice.apply(q.container.querySelectorAll(q.selector)),a.hooks.run("before-all-elements-highlight",q);for(var L=0,Q;Q=q.elements[L++];)a.highlightElement(Q,R===!0,q.callback)},highlightElement:function(C,R,O){var q=a.util.getLanguage(C),L=a.languages[q];a.util.setLanguage(C,q);var Q=C.parentElement;Q&&Q.nodeName.toLowerCase()==="pre"&&a.util.setLanguage(Q,q);var oe=C.textContent,P={element:C,language:q,grammar:L,code:oe};function V(M){P.highlightedCode=M,a.hooks.run("before-insert",P),P.element.innerHTML=P.highlightedCode,a.hooks.run("after-highlight",P),a.hooks.run("complete",P),O&&O.call(P.element)}if(a.hooks.run("before-sanity-check",P),Q=P.element.parentElement,Q&&Q.nodeName.toLowerCase()==="pre"&&!Q.hasAttribute("tabindex")&&Q.setAttribute("tabindex","0"),!P.code){a.hooks.run("complete",P),O&&O.call(P.element);return}if(a.hooks.run("before-highlight",P),!P.grammar){V(a.util.encode(P.code));return}if(R&&n.Worker){var F=new Worker(a.filename);F.onmessage=function(M){V(M.data)},F.postMessage(JSON.stringify({language:P.language,code:P.code,immediateClose:!0}))}else V(a.highlight(P.code,P.grammar,P.language))},highlight:function(C,R,O){var q={code:C,grammar:R,language:O};if(a.hooks.run("before-tokenize",q),!q.grammar)throw new Error('The language "'+q.language+'" has no grammar.');return q.tokens=a.tokenize(q.code,q.grammar),a.hooks.run("after-tokenize",q),l.stringify(a.util.encode(q.tokens),q.language)},tokenize:function(C,R){var O=R.rest;if(O){for(var q in O)R[q]=O[q];delete R.rest}var L=new p;return g(L,L.head,C),d(C,L,R,L.head,0),A(L)},hooks:{all:{},add:function(C,R){var O=a.hooks.all;O[C]=O[C]||[],O[C].push(R)},run:function(C,R){var O=a.hooks.all[C];if(!(!O||!O.length))for(var q=0,L;L=O[q++];)L(R)}},Token:l};n.Prism=a;function l(C,R,O,q){this.type=C,this.content=R,this.alias=O,this.length=(q||"").length|0}l.stringify=function C(R,O){if(typeof R=="string")return R;if(Array.isArray(R)){var q="";return R.forEach(function(V){q+=C(V,O)}),q}var L={type:R.type,content:C(R.content,O),tag:"span",classes:["token",R.type],attributes:{},language:O},Q=R.alias;Q&&(Array.isArray(Q)?Array.prototype.push.apply(L.classes,Q):L.classes.push(Q)),a.hooks.run("wrap",L);var oe="";for(var P in L.attributes)oe+=" "+P+'="'+(L.attributes[P]||"").replace(/"/g,"&quot;")+'"';return"<"+L.tag+' class="'+L.classes.join(" ")+'"'+oe+">"+L.content+"</"+L.tag+">"};function h(C,R,O,q){C.lastIndex=R;var L=C.exec(O);if(L&&q&&L[1]){var Q=L[1].length;L.index+=Q,L[0]=L[0].slice(Q)}return L}function d(C,R,O,q,L,Q){for(var oe in O)if(!(!O.hasOwnProperty(oe)||!O[oe])){var P=O[oe];P=Array.isArray(P)?P:[P];for(var V=0;V<P.length;++V){if(Q&&Q.cause==oe+","+V)return;var F=P[V],M=F.inside,c=!!F.lookbehind,m=!!F.greedy,b=F.alias;if(m&&!F.pattern.global){var _=F.pattern.toString().match(/[imsuy]*$/)[0];F.pattern=RegExp(F.pattern.source,_+"g")}for(var N=F.pattern||F,I=q.next,U=L;I!==R.tail&&!(Q&&U>=Q.reach);U+=I.value.length,I=I.next){var H=I.value;if(R.length>C.length)return;if(!(H instanceof l)){var Z=1,ae;if(m){if(ae=h(N,U,C,c),!ae||ae.index>=C.length)break;var Te=ae.index,Se=ae.index+ae[0].length,ye=U;for(ye+=I.value.length;Te>=ye;)I=I.next,ye+=I.value.length;if(ye-=I.value.length,U=ye,I.value instanceof l)continue;for(var Ee=I;Ee!==R.tail&&(ye<Se||typeof Ee.value=="string");Ee=Ee.next)Z++,ye+=Ee.value.length;Z--,H=C.slice(U,ye),ae.index-=U}else if(ae=h(N,0,H,c),!ae)continue;var Te=ae.index,Ne=ae[0],Pe=H.slice(0,Te),De=H.slice(Te+Ne.length),Ue=U+H.length;Q&&Ue>Q.reach&&(Q.reach=Ue);var qe=I.prev;Pe&&(qe=g(R,qe,Pe),U+=Pe.length),y(R,qe,Z);var Ve=new l(oe,M?a.tokenize(Ne,M):Ne,b,Ne);if(I=g(R,qe,Ve),De&&g(R,I,De),Z>1){var w={cause:oe+","+V,reach:Ue};d(C,R,O,I.prev,U,w),Q&&w.reach>Q.reach&&(Q.reach=w.reach)}}}}}}function p(){var C={value:null,prev:null,next:null},R={value:null,prev:C,next:null};C.next=R,this.head=C,this.tail=R,this.length=0}function g(C,R,O){var q=R.next,L={value:O,prev:R,next:q};return R.next=L,q.prev=L,C.length++,L}function y(C,R,O){for(var q=R.next,L=0;L<O&&q!==C.tail;L++)q=q.next;R.next=q,q.prev=R,C.length-=L}function A(C){for(var R=[],O=C.head.next;O!==C.tail;)R.push(O.value),O=O.next;return R}if(!n.document)return n.addEventListener&&(a.disableWorkerMessageHandler||n.addEventListener("message",function(C){var R=JSON.parse(C.data),O=R.language,q=R.code,L=R.immediateClose;n.postMessage(a.highlight(q,a.languages[O],O)),L&&n.close()},!1)),a;var k=a.util.currentScript();k&&(a.filename=k.src,k.hasAttribute("data-manual")&&(a.manual=!0));function j(){a.manual||a.highlightAll()}if(!a.manual){var W=document.readyState;W==="loading"||W==="interactive"&&k&&k.defer?document.addEventListener("DOMContentLoaded",j):window.requestAnimationFrame?window.requestAnimationFrame(j):window.setTimeout(j,16)}return a}(t);e.exports&&(e.exports=s),typeof ve<"u"&&(ve.Prism=s)})(Yc);var dy=Yc.exports;const Ba=qs(dy);Prism.languages.sql={comment:{pattern:/(^|[^\\])(?:\/\*[\s\S]*?\*\/|(?:--|\/\/|#).*)/,lookbehind:!0},variable:[{pattern:/@(["'`])(?:\\[\s\S]|(?!\1)[^\\])+\1/,greedy:!0},/@[\w.$]+/],string:{pattern:/(^|[^@\\])("|')(?:\\[\s\S]|(?!\2)[^\\]|\2\2)*\2/,greedy:!0,lookbehind:!0},identifier:{pattern:/(^|[^@\\])`(?:\\[\s\S]|[^`\\]|``)*`/,greedy:!0,lookbehind:!0,inside:{punctuation:/^`|`$/}},function:/\b(?:AVG|COUNT|FIRST|FORMAT|LAST|LCASE|LEN|MAX|MID|MIN|MOD|NOW|ROUND|SUM|UCASE)(?=\s*\()/i,keyword:/\b(?:ACTION|ADD|AFTER|ALGORITHM|ALL|ALTER|ANALYZE|ANY|APPLY|AS|ASC|AUTHORIZATION|AUTO_INCREMENT|BACKUP|BDB|BEGIN|BERKELEYDB|BIGINT|BINARY|BIT|BLOB|BOOL|BOOLEAN|BREAK|BROWSE|BTREE|BULK|BY|CALL|CASCADED?|CASE|CHAIN|CHAR(?:ACTER|SET)?|CHECK(?:POINT)?|CLOSE|CLUSTERED|COALESCE|COLLATE|COLUMNS?|COMMENT|COMMIT(?:TED)?|COMPUTE|CONNECT|CONSISTENT|CONSTRAINT|CONTAINS(?:TABLE)?|CONTINUE|CONVERT|CREATE|CROSS|CURRENT(?:_DATE|_TIME|_TIMESTAMP|_USER)?|CURSOR|CYCLE|DATA(?:BASES?)?|DATE(?:TIME)?|DAY|DBCC|DEALLOCATE|DEC|DECIMAL|DECLARE|DEFAULT|DEFINER|DELAYED|DELETE|DELIMITERS?|DENY|DESC|DESCRIBE|DETERMINISTIC|DISABLE|DISCARD|DISK|DISTINCT|DISTINCTROW|DISTRIBUTED|DO|DOUBLE|DROP|DUMMY|DUMP(?:FILE)?|DUPLICATE|ELSE(?:IF)?|ENABLE|ENCLOSED|END|ENGINE|ENUM|ERRLVL|ERRORS|ESCAPED?|EXCEPT|EXEC(?:UTE)?|EXISTS|EXIT|EXPLAIN|EXTENDED|FETCH|FIELDS|FILE|FILLFACTOR|FIRST|FIXED|FLOAT|FOLLOWING|FOR(?: EACH ROW)?|FORCE|FOREIGN|FREETEXT(?:TABLE)?|FROM|FULL|FUNCTION|GEOMETRY(?:COLLECTION)?|GLOBAL|GOTO|GRANT|GROUP|HANDLER|HASH|HAVING|HOLDLOCK|HOUR|IDENTITY(?:COL|_INSERT)?|IF|IGNORE|IMPORT|INDEX|INFILE|INNER|INNODB|INOUT|INSERT|INT|INTEGER|INTERSECT|INTERVAL|INTO|INVOKER|ISOLATION|ITERATE|JOIN|KEYS?|KILL|LANGUAGE|LAST|LEAVE|LEFT|LEVEL|LIMIT|LINENO|LINES|LINESTRING|LOAD|LOCAL|LOCK|LONG(?:BLOB|TEXT)|LOOP|MATCH(?:ED)?|MEDIUM(?:BLOB|INT|TEXT)|MERGE|MIDDLEINT|MINUTE|MODE|MODIFIES|MODIFY|MONTH|MULTI(?:LINESTRING|POINT|POLYGON)|NATIONAL|NATURAL|NCHAR|NEXT|NO|NONCLUSTERED|NULLIF|NUMERIC|OFF?|OFFSETS?|ON|OPEN(?:DATASOURCE|QUERY|ROWSET)?|OPTIMIZE|OPTION(?:ALLY)?|ORDER|OUT(?:ER|FILE)?|OVER|PARTIAL|PARTITION|PERCENT|PIVOT|PLAN|POINT|POLYGON|PRECEDING|PRECISION|PREPARE|PREV|PRIMARY|PRINT|PRIVILEGES|PROC(?:EDURE)?|PUBLIC|PURGE|QUICK|RAISERROR|READS?|REAL|RECONFIGURE|REFERENCES|RELEASE|RENAME|REPEAT(?:ABLE)?|REPLACE|REPLICATION|REQUIRE|RESIGNAL|RESTORE|RESTRICT|RETURN(?:ING|S)?|REVOKE|RIGHT|ROLLBACK|ROUTINE|ROW(?:COUNT|GUIDCOL|S)?|RTREE|RULE|SAVE(?:POINT)?|SCHEMA|SECOND|SELECT|SERIAL(?:IZABLE)?|SESSION(?:_USER)?|SET(?:USER)?|SHARE|SHOW|SHUTDOWN|SIMPLE|SMALLINT|SNAPSHOT|SOME|SONAME|SQL|START(?:ING)?|STATISTICS|STATUS|STRIPED|SYSTEM_USER|TABLES?|TABLESPACE|TEMP(?:ORARY|TABLE)?|TERMINATED|TEXT(?:SIZE)?|THEN|TIME(?:STAMP)?|TINY(?:BLOB|INT|TEXT)|TOP?|TRAN(?:SACTIONS?)?|TRIGGER|TRUNCATE|TSEQUAL|TYPES?|UNBOUNDED|UNCOMMITTED|UNDEFINED|UNION|UNIQUE|UNLOCK|UNPIVOT|UNSIGNED|UPDATE(?:TEXT)?|USAGE|USE|USER|USING|VALUES?|VAR(?:BINARY|CHAR|CHARACTER|YING)|VIEW|WAITFOR|WARNINGS|WHEN|WHERE|WHILE|WITH(?: ROLLUP|IN)?|WORK|WRITE(?:TEXT)?|YEAR)\b/i,boolean:/\b(?:FALSE|NULL|TRUE)\b/i,number:/\b0x[\da-f]+\b|\b\d+(?:\.\d*)?|\B\.\d+\b/i,operator:/[-+*\/=%^~]|&&?|\|\|?|!=?|<(?:=>?|<|>)?|>[>=]?|\b(?:AND|BETWEEN|DIV|ILIKE|IN|IS|LIKE|NOT|OR|REGEXP|RLIKE|SOUNDS LIKE|XOR)\b/i,punctuation:/[;[\]()`,.]/};const hy={name:"HighlightedCode",props:["code","language"],computed:{languageClass(){return`language-${this.language}`},html(){return Ba.highlight(this.code,Ba.languages.sql,"sql")}}},fy={class:"highlighted-code"},py=["innerHTML"];function my(e,t,s,n,r,o){return f(),v("pre",fy,[u("code",{class:te(o.languageClass),innerHTML:o.html},null,10,py)])}const ro=he(hy,[["render",my]]),gy={name:"DatabaseTab",components:{DetailsTable:He,HighlightedCode:ro,PrettyPrint:Qe,ShortenedText:bs,StackTrace:ht},props:["active"],data:()=>({prettify:!1,filter:ze([{tag:"model"},{tag:"type",apply:(e,t)=>{if(["select","update","insert","delete"].includes(t.toLowerCase()))return e.query.match(new RegExp(`^${t.toLowerCase()}`,"i"))}},{tag:"file",map:e=>e.shortPath},{tag:"duration",type:"number"}])}),computed:{columns(){let e=["Model","Query","Duration"];return new Set(this.$request.databaseQueries.map(s=>s.connection)).size>1&&e.splice(1,0,"Connection"),e}},watch:{prettify(e,t){t!==void 0&&(this.$settings.global.databasePrettified=this.prettify,this.$settings.save())}},mounted(){this.prettify=this.$settings.global.databasePrettified||!1}},vy={key:0},by={class:"counters-row"},yy={class:"counter"},Ey={class:"counter-value"},Ty={key:0,class:"counter database-slow-query"},wy={class:"counter-value"},_y={key:1,class:"counter"},Sy={class:"counter-value"},Ry={key:2,class:"counter"},Cy={class:"counter-value"},Ay={key:3,class:"counter"},ky={class:"counter-value"},Ny={key:4,class:"counter"},Oy={class:"counter-value"},Iy={key:5,class:"counter"},$y={class:"counter-value"},Ly={class:"counter"},qy={class:"counter-value"},Dy={class:"header-group"},Py={class:"header-toggle"},xy={class:"header-group"},My={class:"header-search"},Uy=["onUpdate:modelValue"],Fy={key:0},Hy={class:"database-query"},By={class:"database-query-content"},jy={key:0,class:"database-query-bindings"},Vy={class:"database-duration"},Gy={key:0};function Wy(e,t,s,n,r,o){const i=$("icon"),a=$("shortened-text"),l=$("highlighted-code"),h=$("pretty-print"),d=$("stack-trace"),p=$("details-table");return s.active?(f(),v("div",vy,[u("div",by,[u("div",yy,[u("div",Ey,T(e.$request.databaseQueriesCount),1),t[1]||(t[1]=u("div",{class:"counter-title"},"queries",-1))]),e.$request.databaseSlowQueries?(f(),v("div",Ty,[u("div",wy,T(e.$request.databaseSlowQueries),1),t[2]||(t[2]=u("div",{class:"counter-title has-mark"},"slow",-1))])):E("",!0),e.$request.databaseSelects?(f(),v("div",_y,[u("div",Sy,T(e.$request.databaseSelects),1),t[3]||(t[3]=u("div",{class:"counter-title"},"selects",-1))])):E("",!0),e.$request.databaseInserts?(f(),v("div",Ry,[u("div",Cy,T(e.$request.databaseInserts),1),t[4]||(t[4]=u("div",{class:"counter-title"},"inserts",-1))])):E("",!0),e.$request.databaseUpdates?(f(),v("div",Ay,[u("div",ky,T(e.$request.databaseUpdates),1),t[5]||(t[5]=u("div",{class:"counter-title"},"updates",-1))])):E("",!0),e.$request.databaseDeletes?(f(),v("div",Ny,[u("div",Oy,T(e.$request.databaseDeletes),1),t[6]||(t[6]=u("div",{class:"counter-title"},"deletes",-1))])):E("",!0),e.$request.databaseOthers?(f(),v("div",Iy,[u("div",$y,T(e.$request.databaseOthers),1),t[7]||(t[7]=u("div",{class:"counter-title"},"other",-1))])):E("",!0),u("div",Ly,[u("div",qy,T(e.$request.databaseDurationRounded)+" ms",1),t[8]||(t[8]=u("div",{class:"counter-title"},"time",-1))])]),e.$request.databaseQueries.length?(f(),J(p,{key:0,title:"Queries",icon:"database",columns:o.columns,items:e.$request.databaseQueries,filter:e.filter,"filter-example":"where request_id model:request type:select file:Controller.php duration:>100"},{toolbar:ce(({filter:g})=>[u("div",Dy,[u("label",Py,[Oe(u("input",{type:"checkbox","onUpdate:modelValue":t[0]||(t[0]=y=>e.prettify=y)},null,512),[[Ot,e.prettify]]),t[9]||(t[9]=z(" Prettify "))])]),u("div",xy,[u("div",My,[Oe(u("input",{type:"search","onUpdate:modelValue":y=>g.input=y,placeholder:"Search..."},null,8,Uy),[[gt,g.input]]),D(i,{name:"search"})])])]),body:ce(({items:g})=>[(f(!0),v(B,null,le(g,(y,A)=>(f(),v("tr",{key:`${e.$request.id}-${A}`,class:te({"database-slow-query":y.tags.includes("slow")})},[u("td",null,[D(a,{full:y.model},{default:ce(()=>[z(T(y.shortModel),1)]),_:2},1032,["full"])]),o.columns.includes("Connection")?(f(),v("td",Fy,T(y.connection),1)):E("",!0),u("td",null,[u("div",Hy,[u("div",By,[D(l,{language:"sql",code:e.prettify?y.prettifiedQuery:y.query},null,8,["code"]),y.bindings?(f(),v("div",jy,[D(h,{data:y.bindings},null,8,["data"])])):E("",!0)]),D(d,{class:"database-query-path",trace:y.trace,file:y.file,line:y.line},null,8,["trace","file","line"])])]),u("td",Vy,[y.duration?(f(),v("span",Gy,T(e.$round(y.duration,3))+" ms",1)):E("",!0)])],2))),128))]),_:1},8,["columns","items","filter"])):E("",!0)])):E("",!0)}const zy=he(gy,[["render",Wy]]),Qy={name:"EventsTab",components:{DetailsTable:He,PrettyPrint:Qe,ShortenedText:bs,StackTrace:ht},props:["active"],data:()=>({filter:ze([{tag:"time",type:"date"},{tag:"file",map:e=>e.shortPath}]),expandedEvents:[]}),methods:{toggleEvent(e){this.isEventExpanded(e)?this.expandedEvents=this.expandedEvents.filter(t=>t!=e):this.expandedEvents.push(e)},isEventExpanded(e){return this.expandedEvents.indexOf(e)!==-1}}},Yy={key:0},Ky={class:"fired-event"},Xy={class:"fired-event-content"},Jy={key:0},Zy={key:1},eE={key:0,class:"fired-event-details"},tE={key:0,class:"fired-event-parameters"},sE={class:"fired-event-listeners"},nE={class:"fired-event-actions"},rE=["onClick"];function oE(e,t,s,n,r,o){const i=$("pretty-print"),a=$("stack-trace"),l=$("shortened-text"),h=$("icon"),d=$("details-table");return s.active?(f(),v("div",Yy,[D(d,{title:"Events",icon:"zap",columns:["Time","Event",""],items:e.$request.events,filter:e.filter,"filter-example":'"user registered" file:Controller.php time:<13:08:30'},{body:ce(({items:p})=>[(f(!0),v(B,null,le(p,(g,y)=>(f(),v("tr",{key:`${e.$request.id}-${y}`},[u("td",null,T(e.$date(g.time,"HH:mm:ss")),1),u("td",null,[u("div",Ky,[u("div",Xy,[g.objectEvent?(f(),v("div",Jy,[D(i,{data:g.data},null,8,["data"])])):E("",!0),g.objectEvent?E("",!0):(f(),v("div",Zy,T(g.event),1))]),D(a,{class:"fired-query-path",trace:g.trace,file:g.file,line:g.line},null,8,["trace","file","line"])]),o.isEventExpanded(g)?(f(),v("div",eE,[g.objectEvent?E("",!0):(f(),v("div",tE,[t[0]||(t[0]=u("h4",null,"Parameters",-1)),D(i,{data:g.data},null,8,["data"])])),u("div",sE,[t[1]||(t[1]=u("h4",null,"Listeners",-1)),(f(!0),v(B,null,le(g.listeners,(A,k)=>(f(),J(l,{key:`${e.$request.id}-${k}`,full:A.name},{default:ce(()=>[z(T(A.shortName),1)]),_:2},1032,["full"]))),128))])])):E("",!0)]),u("td",nE,[u("a",{href:"#",onClick:ge(A=>o.toggleEvent(g),["prevent"])},[D(h,{name:o.isEventExpanded(g)?"chevron-up":"chevron-down"},null,8,["name"])],8,rE)])]))),128))]),_:1},8,["items","filter"])])):E("",!0)}const iE=he(Qy,[["render",oE]]),aE={name:"PerformanceChart",props:{metrics:{default:()=>[]}},data:()=>({sections:[]}),methods:{refreshSections(){let e=this.$el.offsetWidth,t=this.metrics.reduce((s,n)=>s+n.value,0);this.sections=this.metrics.map(s=>({class:`section-${s.color}`,style:`width: ${e*s.value/t}px`}))}},mounted(){this.refreshSections(),this.resizeObserver=new ResizeObserver(to(e=>this.refreshSections(),10)),this.resizeObserver.observe(this.$el)},watch:{metrics(){this.refreshSections()}}},lE={class:"performance-chart"};function cE(e,t,s,n,r,o){return f(),v("div",lE,[(f(!0),v(B,null,le(e.sections,i=>(f(),v("div",{class:te(["chart-section",i.class]),style:ut(i.style)},null,6))),256))])}const Ii=he(aE,[["render",cE]]),uE='<svg xmlns="http://www.w3.org/2000/svg" width="24" height="24" viewBox="0 0 24 24" fill="none" stroke="currentColor" stroke-width="2" stroke-linecap="round" stroke-linejoin="round" class="feather feather-activity"><polyline points="22 12 18 12 15 21 9 3 6 12 2 12"></polyline></svg>',dE='<svg xmlns="http://www.w3.org/2000/svg" width="24" height="24" viewBox="0 0 24 24" fill="none" stroke="currentColor" stroke-width="2" stroke-linecap="round" stroke-linejoin="round" class="feather feather-alert-circle"><circle cx="12" cy="12" r="10"></circle><line x1="12" y1="8" x2="12" y2="12"></line><line x1="12" y1="16" x2="12.01" y2="16"></line></svg>',hE='<svg xmlns="http://www.w3.org/2000/svg" width="24" height="24" viewBox="0 0 24 24" fill="none" stroke="currentColor" stroke-width="2" stroke-linecap="round" stroke-linejoin="round" class="feather feather-alert-triangle"><path d="M10.29 3.86L1.82 18a2 2 0 0 0 1.71 3h16.94a2 2 0 0 0 1.71-3L13.71 3.86a2 2 0 0 0-3.42 0z"></path><line x1="12" y1="9" x2="12" y2="13"></line><line x1="12" y1="17" x2="12.01" y2="17"></line></svg>',fE='<svg xmlns="http://www.w3.org/2000/svg" width="24" height="24" viewBox="0 0 24 24" fill="none" stroke="currentColor" stroke-width="2" stroke-linecap="round" stroke-linejoin="round" class="feather feather-arrow-down-circle"><circle cx="12" cy="12" r="10"></circle><polyline points="8 12 12 16 16 12"></polyline><line x1="12" y1="8" x2="12" y2="16"></line></svg>',pE='<svg xmlns="http://www.w3.org/2000/svg" width="24" height="24" viewBox="0 0 24 24" fill="none" stroke="currentColor" stroke-width="2" stroke-linecap="round" stroke-linejoin="round" class="feather feather-check-circle"><path d="M22 11.08V12a10 10 0 1 1-5.93-9.14"></path><polyline points="22 4 12 14.01 9 11.01"></polyline></svg>',mE='<svg xmlns="http://www.w3.org/2000/svg" width="24" height="24" viewBox="0 0 24 24" fill="none" stroke="currentColor" stroke-width="2" stroke-linecap="round" stroke-linejoin="round" class="feather feather-chevron-down"><polyline points="6 9 12 15 18 9"></polyline></svg>',gE='<svg xmlns="http://www.w3.org/2000/svg" width="24" height="24" viewBox="0 0 24 24" fill="none" stroke="currentColor" stroke-width="2" stroke-linecap="round" stroke-linejoin="round" class="feather feather-chevron-left"><polyline points="15 18 9 12 15 6"></polyline></svg>',vE='<svg xmlns="http://www.w3.org/2000/svg" width="24" height="24" viewBox="0 0 24 24" fill="none" stroke="currentColor" stroke-width="2" stroke-linecap="round" stroke-linejoin="round" class="feather feather-chevron-right"><polyline points="9 18 15 12 9 6"></polyline></svg>',bE='<svg xmlns="http://www.w3.org/2000/svg" width="24" height="24" viewBox="0 0 24 24" fill="none" stroke="currentColor" stroke-width="2" stroke-linecap="round" stroke-linejoin="round" class="feather feather-chevron-up"><polyline points="18 15 12 9 6 15"></polyline></svg>',yE='<svg xmlns="http://www.w3.org/2000/svg" width="24" height="24" viewBox="0 0 24 24" fill="none" stroke="currentColor" stroke-width="2" stroke-linecap="round" stroke-linejoin="round" class="feather feather-clipboard"><path d="M16 4h2a2 2 0 0 1 2 2v14a2 2 0 0 1-2 2H6a2 2 0 0 1-2-2V6a2 2 0 0 1 2-2h2"></path><rect x="8" y="2" width="8" height="4" rx="1" ry="1"></rect></svg>',EE='<svg xmlns="http://www.w3.org/2000/svg" width="24" height="24" viewBox="0 0 24 24" fill="none" stroke="currentColor" stroke-width="2" stroke-linecap="round" stroke-linejoin="round" class="feather feather-clock"><circle cx="12" cy="12" r="10"></circle><polyline points="12 6 12 12 16 14"></polyline></svg>',TE='<svg xmlns="http://www.w3.org/2000/svg" width="24" height="24" viewBox="0 0 24 24" fill="none" stroke="currentColor" stroke-width="2" stroke-linecap="round" stroke-linejoin="round" class="feather feather-compass"><circle cx="12" cy="12" r="10"></circle><polygon points="16.24 7.76 14.12 14.12 7.76 16.24 9.88 9.88 16.24 7.76"></polygon></svg>',wE='<svg xmlns="http://www.w3.org/2000/svg" width="24" height="24" viewBox="0 0 24 24" fill="none" stroke="currentColor" stroke-width="2" stroke-linecap="round" stroke-linejoin="round" class="feather feather-cpu"><rect x="4" y="4" width="16" height="16" rx="2" ry="2"></rect><rect x="9" y="9" width="6" height="6"></rect><line x1="9" y1="1" x2="9" y2="4"></line><line x1="15" y1="1" x2="15" y2="4"></line><line x1="9" y1="20" x2="9" y2="23"></line><line x1="15" y1="20" x2="15" y2="23"></line><line x1="20" y1="9" x2="23" y2="9"></line><line x1="20" y1="14" x2="23" y2="14"></line><line x1="1" y1="9" x2="4" y2="9"></line><line x1="1" y1="14" x2="4" y2="14"></line></svg>',_E='<svg xmlns="http://www.w3.org/2000/svg" width="24" height="24" viewBox="0 0 24 24" fill="none" stroke="currentColor" stroke-width="2" stroke-linecap="round" stroke-linejoin="round" class="feather feather-database"><ellipse cx="12" cy="5" rx="9" ry="3"></ellipse><path d="M21 12c0 1.66-4 3-9 3s-9-1.34-9-3"></path><path d="M3 5v14c0 1.66 4 3 9 3s9-1.34 9-3V5"></path></svg>',SE='<svg xmlns="http://www.w3.org/2000/svg" width="24" height="24" viewBox="0 0 24 24" fill="none" stroke="currentColor" stroke-width="2" stroke-linecap="round" stroke-linejoin="round" class="feather feather-disc"><circle cx="12" cy="12" r="10"></circle><circle cx="12" cy="12" r="3"></circle></svg>',RE='<svg xmlns="http://www.w3.org/2000/svg" width="24" height="24" viewBox="0 0 24 24" fill="none" stroke="currentColor" stroke-width="2" stroke-linecap="round" stroke-linejoin="round" class="feather feather-download-cloud"><polyline points="8 17 12 21 16 17"></polyline><line x1="12" y1="12" x2="12" y2="21"></line><path d="M20.88 18.09A5 5 0 0 0 18 9h-1.26A8 8 0 1 0 3 16.29"></path></svg>',CE='<svg xmlns="http://www.w3.org/2000/svg" width="24" height="24" viewBox="0 0 24 24" fill="none" stroke="currentColor" stroke-width="2" stroke-linecap="round" stroke-linejoin="round" class="feather feather-edit-2"><path d="M17 3a2.828 2.828 0 1 1 4 4L7.5 20.5 2 22l1.5-5.5L17 3z"></path></svg>',AE='<svg xmlns="http://www.w3.org/2000/svg" width="24" height="24" viewBox="0 0 24 24" fill="none" stroke="currentColor" stroke-width="2" stroke-linecap="round" stroke-linejoin="round" class="feather feather-github"><path d="M9 19c-5 1.5-5-2.5-7-3m14 6v-3.87a3.37 3.37 0 0 0-.94-2.61c3.14-.35 6.44-1.54 6.44-7A5.44 5.44 0 0 0 20 4.77 5.07 5.07 0 0 0 19.91 1S18.73.65 16 2.48a13.38 13.38 0 0 0-7 0C6.27.65 5.09 1 5.09 1A5.07 5.07 0 0 0 5 4.77a5.44 5.44 0 0 0-1.5 3.78c0 5.42 3.3 6.61 6.44 7A3.37 3.37 0 0 0 9 18.13V22"></path></svg>',kE='<svg xmlns="http://www.w3.org/2000/svg" width="24" height="24" viewBox="0 0 24 24" fill="none" stroke="currentColor" stroke-width="2" stroke-linecap="round" stroke-linejoin="round" class="feather feather-hash"><line x1="4" y1="9" x2="20" y2="9"></line><line x1="4" y1="15" x2="20" y2="15"></line><line x1="10" y1="3" x2="8" y2="21"></line><line x1="16" y1="3" x2="14" y2="21"></line></svg>',NE='<svg xmlns="http://www.w3.org/2000/svg" width="24" height="24" viewBox="0 0 24 24" fill="none" stroke="currentColor" stroke-width="2" stroke-linecap="round" stroke-linejoin="round" class="feather feather-heart"><path d="M20.84 4.61a5.5 5.5 0 0 0-7.78 0L12 5.67l-1.06-1.06a5.5 5.5 0 0 0-7.78 7.78l1.06 1.06L12 21.23l7.78-7.78 1.06-1.06a5.5 5.5 0 0 0 0-7.78z"></path></svg>',OE='<svg xmlns="http://www.w3.org/2000/svg" width="24" height="24" viewBox="0 0 24 24" fill="none" stroke="currentColor" stroke-width="2" stroke-linecap="round" stroke-linejoin="round" class="feather feather-help-circle"><circle cx="12" cy="12" r="10"></circle><path d="M9.09 9a3 3 0 0 1 5.83 1c0 2-3 3-3 3"></path><line x1="12" y1="17" x2="12.01" y2="17"></line></svg>',IE='<svg xmlns="http://www.w3.org/2000/svg" width="24" height="24" viewBox="0 0 24 24" fill="none" stroke="currentColor" stroke-width="2" stroke-linecap="round" stroke-linejoin="round" class="feather feather-image"><rect x="3" y="3" width="18" height="18" rx="2" ry="2"></rect><circle cx="8.5" cy="8.5" r="1.5"></circle><polyline points="21 15 16 10 5 21"></polyline></svg>',$E='<svg xmlns="http://www.w3.org/2000/svg" width="24" height="24" viewBox="0 0 24 24" fill="none" stroke="currentColor" stroke-width="2" stroke-linecap="round" stroke-linejoin="round" class="feather feather-info"><circle cx="12" cy="12" r="10"></circle><line x1="12" y1="16" x2="12" y2="12"></line><line x1="12" y1="8" x2="12.01" y2="8"></line></svg>',LE='<svg xmlns="http://www.w3.org/2000/svg" width="24" height="24" viewBox="0 0 24 24" fill="none" stroke="currentColor" stroke-width="2" stroke-linecap="round" stroke-linejoin="round" class="feather feather-layers"><polygon points="12 2 2 7 12 12 22 7 12 2"></polygon><polyline points="2 17 12 22 22 17"></polyline><polyline points="2 12 12 17 22 12"></polyline></svg>',qE='<svg xmlns="http://www.w3.org/2000/svg" width="24" height="24" viewBox="0 0 24 24" fill="none" stroke="currentColor" stroke-width="2" stroke-linecap="round" stroke-linejoin="round" class="feather feather-link"><path d="M10 13a5 5 0 0 0 7.54.54l3-3a5 5 0 0 0-7.07-7.07l-1.72 1.71"></path><path d="M14 11a5 5 0 0 0-7.54-.54l-3 3a5 5 0 0 0 7.07 7.07l1.71-1.71"></path></svg>',DE='<svg xmlns="http://www.w3.org/2000/svg" width="24" height="24" viewBox="0 0 24 24" fill="none" stroke="currentColor" stroke-width="2" stroke-linecap="round" stroke-linejoin="round" class="feather feather-list"><line x1="8" y1="6" x2="21" y2="6"></line><line x1="8" y1="12" x2="21" y2="12"></line><line x1="8" y1="18" x2="21" y2="18"></line><line x1="3" y1="6" x2="3.01" y2="6"></line><line x1="3" y1="12" x2="3.01" y2="12"></line><line x1="3" y1="18" x2="3.01" y2="18"></line></svg>',PE='<svg xmlns="http://www.w3.org/2000/svg" width="24" height="24" viewBox="0 0 24 24" fill="none" stroke="currentColor" stroke-width="2" stroke-linecap="round" stroke-linejoin="round" class="feather feather-lock"><rect x="3" y="11" width="18" height="11" rx="2" ry="2"></rect><path d="M7 11V7a5 5 0 0 1 10 0v4"></path></svg>',xE='<svg xmlns="http://www.w3.org/2000/svg" width="24" height="24" viewBox="0 0 24 24" fill="none" stroke="currentColor" stroke-width="2" stroke-linecap="round" stroke-linejoin="round" class="feather feather-mail"><path d="M4 4h16c1.1 0 2 .9 2 2v12c0 1.1-.9 2-2 2H4c-1.1 0-2-.9-2-2V6c0-1.1.9-2 2-2z"></path><polyline points="22,6 12,13 2,6"></polyline></svg>',ME='<svg xmlns="http://www.w3.org/2000/svg" width="24" height="24" viewBox="0 0 24 24" fill="none" stroke="currentColor" stroke-width="2" stroke-linecap="round" stroke-linejoin="round" class="feather feather-map"><polygon points="1 6 1 22 8 18 16 22 23 18 23 2 16 6 8 2 1 6"></polygon><line x1="8" y1="2" x2="8" y2="18"></line><line x1="16" y1="6" x2="16" y2="22"></line></svg>',UE='<svg xmlns="http://www.w3.org/2000/svg" width="24" height="24" viewBox="0 0 24 24" fill="none" stroke="currentColor" stroke-width="2" stroke-linecap="round" stroke-linejoin="round" class="feather feather-menu"><line x1="3" y1="12" x2="21" y2="12"></line><line x1="3" y1="6" x2="21" y2="6"></line><line x1="3" y1="18" x2="21" y2="18"></line></svg>',FE='<svg xmlns="http://www.w3.org/2000/svg" width="24" height="24" viewBox="0 0 24 24" fill="none" stroke="currentColor" stroke-width="2" stroke-linecap="round" stroke-linejoin="round" class="feather feather-paperclip"><path d="M21.44 11.05l-9.19 9.19a6 6 0 0 1-8.49-8.49l9.19-9.19a4 4 0 0 1 5.66 5.66l-9.2 9.19a2 2 0 0 1-2.83-2.83l8.49-8.48"></path></svg>',HE='<svg xmlns="http://www.w3.org/2000/svg" width="24" height="24" viewBox="0 0 24 24" fill="none" stroke="currentColor" stroke-width="2" stroke-linecap="round" stroke-linejoin="round" class="feather feather-percent"><line x1="19" y1="5" x2="5" y2="19"></line><circle cx="6.5" cy="6.5" r="2.5"></circle><circle cx="17.5" cy="17.5" r="2.5"></circle></svg>',BE='<svg xmlns="http://www.w3.org/2000/svg" width="24" height="24" viewBox="0 0 24 24" fill="none" stroke="currentColor" stroke-width="2" stroke-linecap="round" stroke-linejoin="round" class="feather feather-pie-chart"><path d="M21.21 15.89A10 10 0 1 1 8 2.83"></path><path d="M22 12A10 10 0 0 0 12 2v10z"></path></svg>',jE='<svg xmlns="http://www.w3.org/2000/svg" width="24" height="24" viewBox="0 0 24 24" fill="none" stroke="currentColor" stroke-width="2" stroke-linecap="round" stroke-linejoin="round" class="feather feather-search"><circle cx="11" cy="11" r="8"></circle><line x1="21" y1="21" x2="16.65" y2="16.65"></line></svg>',VE='<svg xmlns="http://www.w3.org/2000/svg" width="24" height="24" viewBox="0 0 24 24" fill="none" stroke="currentColor" stroke-width="2" stroke-linecap="round" stroke-linejoin="round" class="feather feather-settings"><circle cx="12" cy="12" r="3"></circle><path d="M19.4 15a1.65 1.65 0 0 0 .33 1.82l.06.06a2 2 0 0 1 0 2.83 2 2 0 0 1-2.83 0l-.06-.06a1.65 1.65 0 0 0-1.82-.33 1.65 1.65 0 0 0-1 1.51V21a2 2 0 0 1-2 2 2 2 0 0 1-2-2v-.09A1.65 1.65 0 0 0 9 19.4a1.65 1.65 0 0 0-1.82.33l-.06.06a2 2 0 0 1-2.83 0 2 2 0 0 1 0-2.83l.06-.06a1.65 1.65 0 0 0 .33-1.82 1.65 1.65 0 0 0-1.51-1H3a2 2 0 0 1-2-2 2 2 0 0 1 2-2h.09A1.65 1.65 0 0 0 4.6 9a1.65 1.65 0 0 0-.33-1.82l-.06-.06a2 2 0 0 1 0-2.83 2 2 0 0 1 2.83 0l.06.06a1.65 1.65 0 0 0 1.82.33H9a1.65 1.65 0 0 0 1-1.51V3a2 2 0 0 1 2-2 2 2 0 0 1 2 2v.09a1.65 1.65 0 0 0 1 1.51 1.65 1.65 0 0 0 1.82-.33l.06-.06a2 2 0 0 1 2.83 0 2 2 0 0 1 0 2.83l-.06.06a1.65 1.65 0 0 0-.33 1.82V9a1.65 1.65 0 0 0 1.51 1H21a2 2 0 0 1 2 2 2 2 0 0 1-2 2h-.09a1.65 1.65 0 0 0-1.51 1z"></path></svg>',GE='<svg xmlns="http://www.w3.org/2000/svg" width="24" height="24" viewBox="0 0 24 24" fill="none" stroke="currentColor" stroke-width="2" stroke-linecap="round" stroke-linejoin="round" class="feather feather-share"><path d="M4 12v8a2 2 0 0 0 2 2h12a2 2 0 0 0 2-2v-8"></path><polyline points="16 6 12 2 8 6"></polyline><line x1="12" y1="2" x2="12" y2="15"></line></svg>',WE='<svg xmlns="http://www.w3.org/2000/svg" width="24" height="24" viewBox="0 0 24 24" fill="none" stroke="currentColor" stroke-width="2" stroke-linecap="round" stroke-linejoin="round" class="feather feather-slash"><circle cx="12" cy="12" r="10"></circle><line x1="4.93" y1="4.93" x2="19.07" y2="19.07"></line></svg>',zE='<svg xmlns="http://www.w3.org/2000/svg" width="24" height="24" viewBox="0 0 24 24" fill="none" stroke="currentColor" stroke-width="2" stroke-linecap="round" stroke-linejoin="round" class="feather feather-smile"><circle cx="12" cy="12" r="10"></circle><path d="M8 14s1.5 2 4 2 4-2 4-2"></path><line x1="9" y1="9" x2="9.01" y2="9"></line><line x1="15" y1="9" x2="15.01" y2="9"></line></svg>',QE='<svg xmlns="http://www.w3.org/2000/svg" width="24" height="24" viewBox="0 0 24 24" fill="none" stroke="currentColor" stroke-width="2" stroke-linecap="round" stroke-linejoin="round" class="feather feather-star"><polygon points="12 2 15.09 8.26 22 9.27 17 14.14 18.18 21.02 12 17.77 5.82 21.02 7 14.14 2 9.27 8.91 8.26 12 2"></polygon></svg>',YE='<svg xmlns="http://www.w3.org/2000/svg" width="24" height="24" viewBox="0 0 24 24" fill="none" stroke="currentColor" stroke-width="2" stroke-linecap="round" stroke-linejoin="round" class="feather feather-terminal"><polyline points="4 17 10 11 4 5"></polyline><line x1="12" y1="19" x2="20" y2="19"></line></svg>',KE='<svg xmlns="http://www.w3.org/2000/svg" width="24" height="24" viewBox="0 0 24 24" fill="none" stroke="currentColor" stroke-width="2" stroke-linecap="round" stroke-linejoin="round" class="feather feather-trash-2"><polyline points="3 6 5 6 21 6"></polyline><path d="M19 6v14a2 2 0 0 1-2 2H7a2 2 0 0 1-2-2V6m3 0V4a2 2 0 0 1 2-2h4a2 2 0 0 1 2 2v2"></path><line x1="10" y1="11" x2="10" y2="17"></line><line x1="14" y1="11" x2="14" y2="17"></line></svg>',XE='<svg xmlns="http://www.w3.org/2000/svg" width="24" height="24" viewBox="0 0 24 24" fill="none" stroke="currentColor" stroke-width="2" stroke-linecap="round" stroke-linejoin="round" class="feather feather-twitter"><path d="M23 3a10.9 10.9 0 0 1-3.14 1.53 4.48 4.48 0 0 0-7.86 3v1A10.66 10.66 0 0 1 3 4s-4 9 5 13a11.64 11.64 0 0 1-7 2c9 5 20 0 20-11.5a4.5 4.5 0 0 0-.08-.83A7.72 7.72 0 0 0 23 3z"></path></svg>',JE='<svg xmlns="http://www.w3.org/2000/svg" width="24" height="24" viewBox="0 0 24 24" fill="none" stroke="currentColor" stroke-width="2" stroke-linecap="round" stroke-linejoin="round" class="feather feather-upload-cloud"><polyline points="16 16 12 12 8 16"></polyline><line x1="12" y1="12" x2="12" y2="21"></line><path d="M20.39 18.39A5 5 0 0 0 18 9h-1.26A8 8 0 1 0 3 16.3"></path><polyline points="16 16 12 12 8 16"></polyline></svg>',ZE='<svg xmlns="http://www.w3.org/2000/svg" width="24" height="24" viewBox="0 0 24 24" fill="none" stroke="currentColor" stroke-width="2" stroke-linecap="round" stroke-linejoin="round" class="feather feather-user"><path d="M20 21v-2a4 4 0 0 0-4-4H8a4 4 0 0 0-4 4v2"></path><circle cx="12" cy="7" r="4"></circle></svg>',e1='<svg xmlns="http://www.w3.org/2000/svg" width="24" height="24" viewBox="0 0 24 24" fill="none" stroke="currentColor" stroke-width="2" stroke-linecap="round" stroke-linejoin="round" class="feather feather-users"><path d="M17 21v-2a4 4 0 0 0-4-4H5a4 4 0 0 0-4 4v2"></path><circle cx="9" cy="7" r="4"></circle><path d="M23 21v-2a4 4 0 0 0-3-3.87"></path><path d="M16 3.13a4 4 0 0 1 0 7.75"></path></svg>',t1='<svg xmlns="http://www.w3.org/2000/svg" width="24" height="24" viewBox="0 0 24 24" fill="none" stroke="currentColor" stroke-width="2" stroke-linecap="round" stroke-linejoin="round" class="feather feather-x"><line x1="18" y1="6" x2="6" y2="18"></line><line x1="6" y1="6" x2="18" y2="18"></line></svg>',s1='<svg xmlns="http://www.w3.org/2000/svg" width="24" height="24" viewBox="0 0 24 24" fill="none" stroke="currentColor" stroke-width="2" stroke-linecap="round" stroke-linejoin="round" class="feather feather-x-circle"><circle cx="12" cy="12" r="10"></circle><line x1="15" y1="9" x2="9" y2="15"></line><line x1="9" y1="9" x2="15" y2="15"></line></svg>',n1='<svg xmlns="http://www.w3.org/2000/svg" width="24" height="24" viewBox="0 0 24 24" fill="none" stroke="currentColor" stroke-width="2" stroke-linecap="round" stroke-linejoin="round" class="feather feather-zap"><polygon points="13 2 3 14 12 14 11 22 21 10 12 10 13 2"></polygon></svg>';let r1={ActivityIcon:uE,AlertCircleIcon:dE,AlertTriangleIcon:hE,ArrowDownCircleIcon:fE,CheckCircleIcon:pE,ChevronDownIcon:mE,ChevronLeftIcon:gE,ChevronRightIcon:vE,ChevronUpIcon:bE,ClipboardIcon:yE,ClockIcon:EE,CompassIcon:TE,CpuIcon:wE,DatabaseIcon:_E,DiscIcon:SE,DownloadCloudIcon:RE,Edit2Icon:CE,GithubIcon:AE,HashIcon:kE,HeartIcon:NE,HelpCircleIcon:OE,ImageIcon:IE,InfoIcon:$E,LayersIcon:LE,LinkIcon:qE,ListIcon:DE,LockIcon:PE,MailIcon:xE,MapIcon:ME,MenuIcon:UE,PaperclipIcon:FE,PercentIcon:HE,PieChartIcon:BE,SearchIcon:jE,SettingsIcon:VE,ShareIcon:GE,SlashIcon:WE,SmileIcon:zE,StarIcon:QE,TerminalIcon:YE,Trash2Icon:KE,TwitterIcon:XE,UploadCloudIcon:JE,UserIcon:ZE,UsersIcon:e1,XIcon:t1,XCircleIcon:s1,ZapIcon:n1};const o1={name:"Icon",props:["name"],computed:{content(){return r1[this.name.split("-").map(e=>e.charAt(0).toUpperCase()+e.slice(1)).join("")+"Icon"]}}},i1=["data-name","innerHTML"];function a1(e,t,s,n,r,o){return f(),v("div",{class:"ui-icon","data-name":s.name,innerHTML:o.content},null,8,i1)}const Kc=he(o1,[["render",a1]]),l1={name:"HttpRequestModal",components:{DetailsTable:He,Modal:vs,PerformanceChart:Ii,PrettyPrint:Qe,UiIcon:Kc},props:["request"],data:()=>({selectedTab:"request",showRequestHeaders:!1,showResponseHeaders:!1,showRawRequestBody:!1,showRawResponseBody:!1}),computed:{requestLocal:{get(){return this.request},set(e){this.$emit("update:request",e)}},hasRequestContent(){return this.request.request.content&&Object.values(this.request.request.content).length||this.request.request.body},hasResponseContent(){var e,t,s;return((e=this.request.response)==null?void 0:e.content)&&Object.values((t=this.request.response)==null?void 0:t.content).length||((s=this.request.response)==null?void 0:s.body)},hasJsonResponse(){var e;return((e=this.request.response)==null?void 0:e.content)instanceof Object},copyRequestContent(){this.$copyText(this.request.request.body||JSON.stringify(this.request.request.content))},copyResponseContent(){this.$copyText(this.request.response.body||JSON.stringify(this.request.response.content))},timings(){return this.request.stats.timing?[{name:"Lookup",value:this.request.stats.timing.lookup,color:"red"},{name:"Connect",value:this.request.stats.timing.connect,color:"purple"},{name:"Waiting",value:this.request.stats.timing.waiting,color:"blue"},{name:"Transfer",value:this.request.stats.timing.transfer,color:"green"}]:[]}},methods:{formatBytesSize(e){if(!e)return"0 B";const t=["B","KB","MB","GB","TB","PB","EB"],s=Math.floor(Math.log(e)/Math.log(1024));return`${Math.round(e/Math.pow(1024,s))} ${t[s]}`},formatBytesSpeed(e){return`${this.formatBytesSize(e)}/s`}}},c1={key:0,class:"http-request-details"},u1={class:"details-tabs"},d1={key:0,class:"details-request"},h1={class:"request-info"},f1={class:"request-scheme"},p1={class:"request-host"},m1={class:"request-path"},g1={class:"request-query"},v1={key:0,class:"info-headers"},b1={colspan:"2"},y1={class:"key"},E1={class:"value"},T1={class:"request-content"},w1={class:"request-content-header"},_1={key:0,class:"stats-item",title:"Upload Size"},S1={key:1,class:"stats-item",title:"Upload Speed"},R1={key:2,class:"stats-item"},C1={class:"header-actions"},A1={class:"request-content-content"},k1={key:0,class:"request-content-empty"},N1=["innerHTML"],O1={key:1,class:"details-response"},I1={key:0,class:"response-info"},$1={class:"header-status"},L1={class:"status-code"},q1={class:"status-message"},D1={key:0,class:"status-version"},P1={key:0,class:"info-headers"},x1={colspan:"2"},M1={class:"key"},U1={class:"value"},F1={key:1,class:"response-content"},H1={class:"response-content-header"},B1={key:0,class:"stats-item",title:"Download Size"},j1={key:1,class:"stats-item",title:"Download Speed"},V1={key:2,class:"stats-item"},G1={class:"header-actions"},W1={class:"response-content-content"},z1={key:0,class:"response-content-empty"},Q1=["innerHTML"],Y1=["srcdoc"],K1={key:2,class:"response-error"},X1={key:0},J1={key:3,class:"request-performance"},Z1={class:"performance-timings"},eT={class:"timings-timing"},tT=["title"];function sT(e,t,s,n,r,o){const i=$("ui-icon"),a=$("details-table"),l=$("pretty-print"),h=$("performance-chart"),d=$("modal");return f(),J(d,{icon:"compass",title:"HTTP Request",shown:o.requestLocal,"onUpdate:shown":t[8]||(t[8]=p=>o.requestLocal=p)},{default:ce(()=>{var p,g,y,A,k,j,W,C,R,O,q,L,Q,oe,P,V;return[s.request?(f(),v("div",c1,[u("div",u1,[u("a",{class:te(["tabs-tab",{active:e.selectedTab=="request"}]),href:"#",onClick:t[0]||(t[0]=ge(F=>e.selectedTab="request",["prevent"]))},[t[9]||(t[9]=z(" Request ")),u("span",{class:te(["request-method",`method-${s.request.request.method.toLowerCase()}`])},T(s.request.request.method),3)],2),u("a",{class:te(["tabs-tab",{active:e.selectedTab=="response","no-response":!s.request.response}]),href:"#",onClick:t[1]||(t[1]=ge(F=>e.selectedTab="response",["prevent"]))},[t[10]||(t[10]=z(" Response ")),s.request.response?(f(),v("span",{key:0,class:te(["response-status",{"client-error":((p=s.request.response)==null?void 0:p.status)>=400&&((g=s.request.response)==null?void 0:g.status)<=499,"server-error":((y=s.request.response)==null?void 0:y.status)>=500&&((A=s.request.response)==null?void 0:A.status)<=599}])},T(s.request.response.status),3)):E("",!0)],2)]),e.selectedTab=="request"?(f(),v("div",d1,[u("div",h1,[u("div",{onClick:t[2]||(t[2]=F=>e.showRequestHeaders=!e.showRequestHeaders),class:"info-header"},[u("div",null,[u("span",{class:te(["request-method",`method-${s.request.request.method.toLowerCase()}`])},T(s.request.request.method),3),t[11]||(t[11]=z()),u("span",f1,T(s.request.request.url.scheme),1),u("span",p1,T(s.request.request.url.host),1),u("span",m1,T(s.request.request.url.path),1),u("span",g1,T(s.request.request.url.query),1)]),D(i,{name:e.showRequestHeaders?"chevron-down":"chevron-up"},null,8,["name"])]),e.showRequestHeaders?(f(),v("div",v1,[D(a,{columns:["Key","Value"],items:Object.entries(s.request.request.headers),"no-header":!0,"no-table-head":!0},{body:ce(({items:F})=>[(f(!0),v(B,null,le(F,([M,c])=>(f(),v("tr",{key:`${e.$request.id}-${M}`},[u("td",b1,[u("div",y1,T(M),1),u("div",E1,T(c.join(", ")),1)])]))),128))]),_:1},8,["items"])])):E("",!0)]),u("div",T1,[u("div",w1,[((k=s.request.stats)==null?void 0:k.size.upload)!==null&&((j=s.request.stats)==null?void 0:j.size.upload)!==void 0?(f(),v("div",_1,[D(i,{name:"upload-cloud"}),z(" "+T(o.formatBytesSize(s.request.stats.size.upload)),1)])):E("",!0),((W=s.request.stats)==null?void 0:W.speed.upload)!==null&&((C=s.request.stats)==null?void 0:C.speed.upload)!==void 0?(f(),v("div",S1,[D(i,{name:"zap"}),z(" "+T(o.formatBytesSpeed(s.request.stats.speed.upload)),1)])):E("",!0),(R=s.request.stats)!=null&&R.hosts.local?(f(),v("div",R1,T(s.request.stats.hosts.local.ip)+":"+T(s.request.stats.hosts.local.port),1)):E("",!0),u("div",C1,[o.hasRequestContent?(f(),v("a",{key:0,onClick:t[3]||(t[3]=ge((...F)=>o.copyRequestContent&&o.copyRequestContent(...F),["prevent"])),class:"header-action",title:"Copy to clipboard"},[D(i,{name:"clipboard"})])):E("",!0),s.request.request.body?(f(),v("a",{key:1,onClick:t[4]||(t[4]=F=>e.showRawRequestBody=!e.showRawRequestBody),href:"#",class:te(["header-action",{active:e.showRawRequestBody}]),title:"Show raw request body"}," Raw ",2)):E("",!0)])]),u("div",A1,[o.hasRequestContent?e.showRawRequestBody?(f(),v("code",{key:2,innerHTML:s.request.request.body},null,8,N1)):(f(),J(l,{key:1,data:s.request.request.content,expanded:!0},null,8,["data"])):(f(),v("div",k1," No request body. "))])])])):E("",!0),e.selectedTab=="response"?(f(),v("div",O1,[s.request.response?(f(),v("div",I1,[u("div",{onClick:t[5]||(t[5]=F=>e.showResponseHeaders=!e.showResponseHeaders),class:te(["info-header",{"client-error":s.request.response.status>=400&&s.request.response.status<=499,"server-error":s.request.response.status>=500&&s.request.response.status<=599}])},[u("div",$1,[u("span",L1,T(s.request.response.status),1),u("span",q1,T(s.request.response.statusMessage),1)]),(O=s.request.stats)!=null&&O.version?(f(),v("span",D1," HTTP"+T(s.request.stats.version),1)):E("",!0),D(i,{name:e.showResponseHeaders?"chevron-down":"chevron-up"},null,8,["name"])],2),e.showResponseHeaders?(f(),v("div",P1,[D(a,{columns:["Key","Value"],items:Object.entries(s.request.response.headers),"no-header":!0,"no-table-head":!0},{body:ce(({items:F})=>[(f(!0),v(B,null,le(F,([M,c])=>(f(),v("tr",{key:`${e.$request.id}-${M}`},[u("td",x1,[u("div",M1,T(M),1),u("div",U1,T(c.join(", ")),1)])]))),128))]),_:1},8,["items"])])):E("",!0)])):E("",!0),s.request.response?(f(),v("div",F1,[u("div",H1,[((q=s.request.stats)==null?void 0:q.size.download)!==null&&((L=s.request.stats)==null?void 0:L.size.download)!==void 0?(f(),v("div",B1,[D(i,{name:"download-cloud"}),z(" "+T(o.formatBytesSize(s.request.stats.size.download)),1)])):E("",!0),((Q=s.request.stats)==null?void 0:Q.speed.download)!==null&&((oe=s.request.stats)==null?void 0:oe.speed.download)!==void 0?(f(),v("div",j1,[D(i,{name:"zap"}),z(" "+T(o.formatBytesSpeed(s.request.stats.speed.download)),1)])):E("",!0),(P=s.request.stats)!=null&&P.hosts.remote?(f(),v("div",V1,T(s.request.stats.hosts.remote.ip)+":"+T(s.request.stats.hosts.remote.port),1)):E("",!0),u("div",G1,[o.hasResponseContent?(f(),v("a",{key:0,onClick:t[6]||(t[6]=ge((...F)=>o.copyResponseContent&&o.copyResponseContent(...F),["prevent"])),class:"header-action",title:"Copy to clipboard"},[D(i,{name:"clipboard"})])):E("",!0),s.request.response.body&&o.hasJsonResponse?(f(),v("a",{key:1,onClick:t[7]||(t[7]=F=>e.showRawResponseBody=!e.showRawResponseBody),href:"#",class:te(["header-action",{active:e.showRawResponseBody}]),title:"Show raw response body"}," Raw ",2)):E("",!0)])]),u("div",W1,[o.hasResponseContent?o.hasJsonResponse&&!e.showRawResponseBody?(f(),J(l,{key:1,data:s.request.response.content,expanded:!0},null,8,["data"])):o.hasJsonResponse?(f(),v("code",{key:2,innerHTML:s.request.response.body},null,8,Q1)):(f(),v("iframe",{key:3,ref:"responseContent",srcdoc:s.request.response.body},null,8,Y1)):(f(),v("div",z1," No response body. "))])])):E("",!0),s.request.response?E("",!0):(f(),v("div",K1,[t[12]||(t[12]=u("p",null,"No response.",-1)),s.request.error?(f(),v("p",X1,"("+T(s.request.error)+")",1)):E("",!0)])),(V=s.request.stats)!=null&&V.timing?(f(),v("div",J1,[D(h,{metrics:o.timings},null,8,["metrics"]),u("div",Z1,[(f(!0),v(B,null,le(o.timings,F=>(f(),v("div",eT,[u("div",{class:te(["timing-color",F.color])},null,2),z(" "+T(F.name)+" ",1),u("div",{class:"timing-value",title:`${F.value} ms`},T(Math.round(F.value))+" ms",9,tT)]))),256))])])):E("",!0)])):E("",!0)])):E("",!0)]}),_:1},8,["shown"])}const nT=he(l1,[["render",sT]]),rT={name:"httpRequestsTab",components:{DetailsTable:He,PrettyPrint:Qe,RequestModal:nT,StackTrace:ht},props:["active"],data:()=>({filter:ze([{tag:"to"}]),showRequest:null})},oT={key:0},iT={class:"request-request"},aT={class:"request-content"},lT={class:"content-text"},cT={class:"text-scheme"},uT={class:"text-host"},dT={class:"text-path"},hT={class:"text-query"},fT={class:"request-status"},pT={class:"request-duration"},mT={class:"request-actions"},gT=["onClick"];function vT(e,t,s,n,r,o){const i=$("stack-trace"),a=$("icon"),l=$("details-table"),h=$("request-modal");return s.active?(f(),v("div",oT,[D(l,{title:"HTTP Requests",icon:"compass",columns:["Request","Status","Duration",""],items:e.$request.httpRequests,filter:e.filter,"filter-example":'"/users" method:post',class:"http-requests-requests"},{body:ce(({items:d})=>[(f(!0),v(B,null,le(d,(p,g)=>{var y,A,k,j,W,C;return f(),v("tr",{key:`${e.$request.id}-http-requests-${g}`},[u("td",iT,[u("div",aT,[u("div",lT,[u("span",{class:te(["text-method",`method-${p.request.method.toLowerCase()}`])},T(p.request.method),3),t[1]||(t[1]=z()),u("span",cT,T(p.request.url.scheme),1),u("span",uT,T(p.request.url.host),1),u("span",dT,T(p.request.url.path),1),u("span",hT,T(p.request.url.query),1)]),D(i,{class:"content-trace",trace:p.trace},null,8,["trace"])])]),u("td",fT,[u("span",{class:te({"status-text":(y=p.response)==null?void 0:y.status,"client-error":((A=p.response)==null?void 0:A.status)>=400&&((k=p.response)==null?void 0:k.status)<=499,"server-error":((j=p.response)==null?void 0:j.status)>=500&&((W=p.response)==null?void 0:W.status)<=599})},T(((C=p.response)==null?void 0:C.status)||"—"),3)]),u("td",pT,T(p.duration?`${e.$round(p.duration,1)} ms`:"—"),1),u("td",mT,[u("a",{href:"#",onClick:ge(R=>e.showRequest=p,["prevent"]),title:"Show request"},[D(a,{name:"search"})],8,gT)])])}),128))]),_:1},8,["items","filter"]),D(h,{request:e.showRequest,"onUpdate:request":t[0]||(t[0]=d=>e.showRequest=d)},null,8,["request"])])):E("",!0)}const bT=he(rT,[["render",vT]]),yT={name:"LogTab",components:{DetailsTable:He,PrettyPrint:Qe,StackTrace:ht},props:["active"],data:()=>({filter:ze([{tag:"time",type:"date"},{tag:"level"},{tag:"file",map:e=>e.shortPath}],e=>e.message)}),computed:{log(){return this.$request.log.filter(e=>{var t;return!((t=e.context)!=null&&t.performance)})}},methods:{showPreviousException(e){let t=this.$request.log.indexOf(e);this.$request.log.splice(t+1,0,{time:e.time,message:e.exception.previous.message,exception:e.exception.previous,level:"error",shortPath:`${e.exception.previous.file.split(/[\/\\]/).pop()}:${e.exception.previous.line}`,trace:e.exception.previous.trace}),e.exception.previous=void 0}}},ET={key:0},TT={class:"log-date"},wT={class:"log-level"},_T={class:"log-message"},ST={class:"log-message-content"},RT={key:0,class:"log-message-context"},CT={key:0,class:"log-message-exception"},AT=["onClick"],kT={class:"exception-type"},NT={key:1,class:"exception-code"};function OT(e,t,s,n,r,o){const i=$("pretty-print"),a=$("stack-trace"),l=$("details-table");return s.active?(f(),v("div",ET,[D(l,{title:"Messages",icon:"edit-2",columns:["Time","Level","Message"],items:o.log,filter:e.filter,"filter-example":"query failed level:error file:Controller.php time:>13:08:29"},{body:ce(({items:h})=>[(f(!0),v(B,null,le(h,(d,p)=>(f(),v("tr",{class:te({"log-row":!0,error:["emergency","alert","critical","error"].includes(d.level),warning:d.level=="warning"}),key:`${e.$request.id}-${p}`},[u("td",TT,T(e.$date(d.time,"HH:mm:ss")),1),u("td",wT,T(d.level),1),u("td",null,[u("div",_T,[u("div",ST,[D(i,{data:d.message,linkify:!0},null,8,["data"]),d.context?(f(),v("div",RT,[D(i,{data:d.context},null,8,["data"])])):E("",!0)]),d.exception?(f(),v("div",CT,[d.exception.previous?(f(),v("a",{key:0,href:"#",class:"exception-previous",onClick:ge(g=>o.showPreviousException(d),["prevent"])},"Show previous",8,AT)):E("",!0),u("span",kT,T(d.exception.type),1),d.exception.code?(f(),v("span",NT,"#"+T(d.exception.code),1)):E("",!0)])):E("",!0),D(a,{class:"log-message-path",trace:d.trace,file:d.file,line:d.line},null,8,["trace","file","line"])])])],2))),128))]),_:1},8,["items","filter"])])):E("",!0)}const IT=he(yT,[["render",OT]]),$T={name:"ModelsTab",components:{DetailsTable:He,HighlightedCode:ro,PrettyPrint:Qe,ShortenedText:bs,StackTrace:ht},props:["active"],data:()=>({selectedModelsTab:"actions",actionsFilter:ze([{tag:"model"},{tag:"action"},{tag:"file",map:e=>e.shortPath}]),countsFilter:ze([{tag:"model"},{tag:"retrieved",type:"number"},{tag:"created",type:"number"},{tag:"updated",type:"number"},{tag:"deleted",type:"number"}]),renderTrigger:0}),computed:{totals(){return{retrieved:Object.values(this.$request.modelsRetrieved).reduce((e,t)=>e+t,0),created:Object.values(this.$request.modelsCreated).reduce((e,t)=>e+t,0),updated:Object.values(this.$request.modelsUpdated).reduce((e,t)=>e+t,0),deleted:Object.values(this.$request.modelsDeleted).reduce((e,t)=>e+t,0)}},activeModelsTab(){return this.selectedModelsTab=="actions"&&!this.$request.modelsActions.length?"models":this.selectedModelsTab},modelsCounts(){let e=new Set([...Object.keys(this.$request.modelsRetrieved),...Object.keys(this.$request.modelsCreated),...Object.keys(this.$request.modelsUpdated),...Object.keys(this.$request.modelsDeleted)]);return Array.from(e).map(t=>({model:t,shortModel:t.split("\\").pop(),retrieved:this.$request.modelsRetrieved[t],created:this.$request.modelsCreated[t],updated:this.$request.modelsUpdated[t],deleted:this.$request.modelsDeleted[t]}))}},methods:{isTabActive(e){if(e=="")return this.selectedModelsTab==e},showTab(e){this.selectedModelsTab=e}}},LT={key:0},qT={class:"counters-row models-counters"},DT={key:0,class:"counter counter-retrieved"},PT={class:"counter-value"},xT={key:1,class:"counter counter-created"},MT={class:"counter-value"},UT={key:2,class:"counter counter-updated"},FT={class:"counter-value"},HT={key:3,class:"counter counter-deleted"},BT={class:"counter-value"},jT={key:0,class:"models-tabs"},VT={class:"actions-action"},GT={class:"action-model"},WT={class:"model-content"},zT={class:"content-text"},QT={key:0,class:"action-key"},YT={class:"database-duration"},KT=["onClick"],XT={class:"actions-details"},JT={colspan:"3"},ZT={key:0,class:"details-row"},e0={class:"row-group"},t0={key:1,class:"details-row"},s0={class:"row-group"},n0={key:2,class:"details-row"},r0={key:0,class:"row-group group-query"},o0={key:1,class:"row-group"},i0={key:2,class:"row-group"},a0={class:"counts-model"},l0={class:"counts-count"},c0={key:0,class:"count-text count-retrieved"},u0={key:1},d0={class:"counts-count"},h0={key:0,class:"count-text count-created"},f0={key:1},p0={class:"counts-count"},m0={key:0,class:"count-text count-updated"},g0={key:1},v0={class:"counts-count"},b0={key:0,class:"count-text count-deleted"},y0={key:1};function E0(e,t,s,n,r,o){const i=$("icon"),a=$("shortened-text"),l=$("stack-trace"),h=$("pretty-print"),d=$("highlighted-code"),p=$("details-table");return s.active?(f(),v("div",LT,[u("div",qT,[o.totals.retrieved?(f(),v("div",DT,[u("div",PT,T(o.totals.retrieved),1),t[2]||(t[2]=u("div",{class:"counter-title has-mark"},"retrieved",-1))])):E("",!0),o.totals.created?(f(),v("div",xT,[u("div",MT,T(o.totals.created),1),t[3]||(t[3]=u("div",{class:"counter-title has-mark"},"created",-1))])):E("",!0),o.totals.updated?(f(),v("div",UT,[u("div",FT,T(o.totals.updated),1),t[4]||(t[4]=u("div",{class:"counter-title has-mark"},"updated",-1))])):E("",!0),o.totals.deleted?(f(),v("div",HT,[u("div",BT,T(o.totals.deleted),1),t[5]||(t[5]=u("div",{class:"counter-title has-mark"},"deleted",-1))])):E("",!0)]),e.$request.modelsActions.length?(f(),v("div",jT,[u("a",{class:te(["models-tab",{active:o.activeModelsTab=="actions"}]),href:"#",onClick:t[0]||(t[0]=ge(g=>e.selectedModelsTab="actions",["prevent"]))},[D(i,{name:"activity"}),t[6]||(t[6]=z(" Actions "))],2),u("a",{class:te(["models-tab",{active:o.activeModelsTab=="models"}]),href:"#",onClick:t[1]||(t[1]=ge(g=>e.selectedModelsTab="models",["prevent"]))},[D(i,{name:"hash"}),t[7]||(t[7]=z(" Models "))],2)])):E("",!0),o.activeModelsTab=="actions"?(f(),J(p,{title:"Actions",icon:"activity",class:"models-actions",columns:["Model","",""],items:e.$request.modelsActions,filter:e.actionsFilter,"filter-example":"App\\User action:updated",key:e.renderTrigger},{body:ce(({items:g})=>[(f(!0),v(B,null,le(g,(y,A)=>(f(),v(B,{key:`${e.$request.id}-models-actions-${A}`},[u("tr",VT,[u("td",GT,[u("div",WT,[u("div",zT,[D(a,{full:y.model},{default:ce(()=>[z(T(y.shortModel),1)]),_:2},1032,["full"]),y.key?(f(),v("span",QT,[t[8]||(t[8]=u("span",{class:"key-hash"},"#",-1)),z(T(y.key),1)])):E("",!0)]),D(l,{class:"content-trace",trace:y.trace,file:y.file,line:y.line},null,8,["trace","file","line"])])]),u("td",YT,[u("span",{class:te(["action-action",`action-${y.action}`])},T(y.action),3)]),u("td",null,[y.attributes||y.changes?(f(),v("a",{key:0,href:"#",onClick:ge(k=>{y.isShowingDetails=!y.isShowingDetails,e.renderTrigger++},["prevent"]),title:"Show details"},[D(i,{name:y.isShowingDetails?"chevron-up":"chevron-down"},null,8,["name"])],8,KT)):E("",!0)])]),Oe(u("tr",XT,[u("td",JT,[y.attributes?(f(),v("div",ZT,[u("div",e0,[t[9]||(t[9]=u("h4",null,"Attributes",-1)),D(h,{data:y.attributes},null,8,["data"])])])):E("",!0),y.changes?(f(),v("div",t0,[u("div",s0,[t[10]||(t[10]=u("h4",null,"Changes",-1)),D(h,{data:y.changes},null,8,["data"])])])):E("",!0),y.query?(f(),v("div",n0,[y.query?(f(),v("div",r0,[t[11]||(t[11]=u("h4",null,"Query",-1)),D(d,{language:"sql",code:y.query},null,8,["code"])])):E("",!0),y.duration?(f(),v("div",o0,[t[12]||(t[12]=u("h4",null,"Duration",-1)),u("span",null,T(e.$round(y.duration,3))+" ms",1)])):E("",!0),y.connection?(f(),v("div",i0,[t[13]||(t[13]=u("h4",null,"Connection",-1)),u("span",null,T(y.connection),1)])):E("",!0)])):E("",!0)])],512),[[Nc,y.isShowingDetails]])],64))),128))]),_:1},8,["items","filter"])):E("",!0),o.activeModelsTab=="models"?(f(),J(p,{key:2,title:"Models",icon:"hash",class:"models-counts",columns:["Model","Retrieved","Created","Updated","Deleted"],items:o.modelsCounts,filter:e.countsFilter,"filter-example":"App\\User retrieved:>10"},{body:ce(({items:g})=>[(f(!0),v(B,null,le(g,(y,A)=>(f(),v("tr",{key:`${e.$request.id}-models-counts-${A}`},[u("td",a0,[D(a,{full:y.model},{default:ce(()=>[z(T(y.shortModel),1)]),_:2},1032,["full"])]),u("td",l0,[y.retrieved?(f(),v("span",c0,T(y.retrieved),1)):(f(),v("span",u0,"-"))]),u("td",d0,[y.created?(f(),v("span",h0,T(y.created),1)):(f(),v("span",f0,"-"))]),u("td",p0,[y.updated?(f(),v("span",m0,T(y.updated),1)):(f(),v("span",g0,"-"))]),u("td",v0,[y.deleted?(f(),v("span",b0,T(y.deleted),1)):(f(),v("span",y0,"-"))])]))),128))]),_:1},8,["items","filter"])):E("",!0)])):E("",!0)}const T0=he($T,[["render",E0]]),w0={name:"EmailMessageModal",components:{Modal:vs},props:["message"],computed:{messageLocal:{get(){return this.message},set(e){this.$emit("update:message",e)}}},watch:{async message(e){if(!e)return;await this.$nextTick();let t=this.$refs.content.contentWindow.document;t.open(),t.write(this.message.content),t.close()}}},_0={class:"email-message"},S0={class:"message-info"},R0={key:0,class:"info-row"},C0={class:"row-value"},A0={key:1,class:"info-row"},k0={class:"row-value"},N0={class:"message-content"},O0={ref:"content"};function I0(e,t,s,n,r,o){const i=$("modal");return f(),J(i,{icon:"mail",title:"Message",shown:o.messageLocal,"onUpdate:shown":t[0]||(t[0]=a=>o.messageLocal=a)},{default:ce(()=>[u("div",_0,[u("div",S0,[s.message?(f(),v("div",R0,[t[1]||(t[1]=u("span",{class:"row-label"},"To: ",-1)),u("span",C0,T(s.message.to.join(", ")),1)])):E("",!0),s.message?(f(),v("div",A0,[t[2]||(t[2]=u("span",{class:"row-label"},"Subject: ",-1)),u("span",k0,T(s.message.subject),1)])):E("",!0)]),u("div",N0,[u("iframe",O0,null,512)])])]),_:1},8,["shown"])}const $0=he(w0,[["render",I0]]);var Xc=L0;function L0(e,t){var s={};typeof t=="string"&&(t=[].slice.call(arguments,1));for(var n in e)(!e.hasOwnProperty||e.hasOwnProperty(n))&&t.indexOf(n)===-1&&(s[n]=e[n]);return s}const q0={name:"notificationsTab",components:{DetailsTable:He,DetailsTableFilterToggle:_i,MessageModal:$0,PrettyPrint:Qe,StackTrace:ht},props:["active"],data:()=>({filter:ze([{tag:"to"}]),showNotification:null,renderTrigger:0}),computed:{columns(){let e=["To","Subject",""];return new Set(this.$request.notifications.map(s=>s.type)).size>1&&e.splice(0,0,"Type"),e}},methods:{additionalData(e){return Xc(e,["cc","bcc","replyTo"])}}},D0={key:0},P0={key:0},x0={class:"notification-subject"},M0={class:"subject-content"},U0={class:"content-text"},F0={class:"notification-actions"},H0=["onClick"],B0=["onClick"],j0={class:"notifications-details"},V0=["colspan"],G0={class:"details-row"},W0={key:0,class:"row-group"},z0={key:1,class:"row-group"},Q0={key:2,class:"row-group"},Y0={key:3,class:"row-group"},K0={key:4,class:"row-group"},X0={class:"details-row"},J0={class:"row-group"},Z0={class:"details-row"},ew={class:"row-group"};function tw(e,t,s,n,r,o){const i=$("stack-trace"),a=$("icon"),l=$("pretty-print"),h=$("details-table"),d=$("message-modal");return s.active?(f(),v("div",D0,[(f(),J(h,{title:"Notifications",icon:"mail",columns:o.columns,items:e.$request.notifications,filter:e.filter,"filter-example":'"User Registration" to:its@underground.works',class:"notifications-notifications",key:e.renderTrigger},{body:ce(({items:p})=>[(f(!0),v(B,null,le(p,(g,y)=>(f(),v(B,{key:`${e.$request.id}-notifications-${y}`},[u("tr",null,[o.columns.includes("Type")?(f(),v("td",P0,T(e.$title(g.type)),1)):E("",!0),u("td",null,T(e.$join(g.to,", ")),1),u("td",x0,[u("div",M0,[u("div",U0,T(g.subject),1),D(i,{class:"content-trace",trace:g.trace,file:g.file,line:g.line},null,8,["trace","file","line"])])]),u("td",F0,[g.content?(f(),v("a",{key:0,href:"#",onClick:ge(A=>e.showNotification=g,["prevent"]),title:"Show message"},[D(a,{name:"search"})],8,H0)):E("",!0),u("a",{href:"#",onClick:ge(A=>{g.isShowingDetails=!g.isShowingDetails,e.renderTrigger++},["prevent"]),title:"Show details"},[D(a,{name:g.isShowingDetails?"chevron-up":"chevron-down"},null,8,["name"])],8,B0)])]),Oe(u("tr",j0,[u("td",{colspan:o.columns.length},[u("div",G0,[g.to?(f(),v("div",W0,[t[1]||(t[1]=u("h4",null,"To",-1)),u("span",null,T(e.$join(g.to,", ")),1)])):E("",!0),g.data.cc?(f(),v("div",z0,[t[2]||(t[2]=u("h4",null,"CC",-1)),u("span",null,T(e.$join(g.data.cc,", ")),1)])):E("",!0),g.data.bcc?(f(),v("div",Q0,[t[3]||(t[3]=u("h4",null,"BCC",-1)),u("span",null,T(e.$join(g.data.bcc,", ")),1)])):E("",!0),g.from?(f(),v("div",Y0,[t[4]||(t[4]=u("h4",null,"From",-1)),u("span",null,T(e.$join(g.from,", ")),1)])):E("",!0),g.data.replyTo?(f(),v("div",K0,[t[5]||(t[5]=u("h4",null,"Reply To",-1)),u("span",null,T(e.$join(g.data.replyTo,", ")),1)])):E("",!0)]),u("div",X0,[u("div",J0,[t[6]||(t[6]=u("h4",null,"Subject",-1)),D(l,{data:g.subject},null,8,["data"])])]),(f(!0),v(B,null,le(o.additionalData(g.data),(A,k)=>(f(),v("div",Z0,[u("div",ew,[u("h4",null,T(e.$title(k)),1),D(l,{data:A},null,8,["data"])])]))),256))],8,V0)],512),[[Nc,g.isShowingDetails]])],64))),128))]),_:1},8,["columns","items","filter"])),D(d,{message:e.showNotification,"onUpdate:message":t[0]||(t[0]=p=>e.showNotification=p)},null,8,["message"])])):E("",!0)}const sw=he(q0,[["render",tw]]);var Jc={},Ft={};const nw="Á",rw="á",ow="Ă",iw="ă",aw="∾",lw="∿",cw="∾̳",uw="Â",dw="â",hw="´",fw="А",pw="а",mw="Æ",gw="æ",vw="⁡",bw="𝔄",yw="𝔞",Ew="À",Tw="à",ww="ℵ",_w="ℵ",Sw="Α",Rw="α",Cw="Ā",Aw="ā",kw="⨿",Nw="&",Ow="&",Iw="⩕",$w="⩓",Lw="∧",qw="⩜",Dw="⩘",Pw="⩚",xw="∠",Mw="⦤",Uw="∠",Fw="⦨",Hw="⦩",Bw="⦪",jw="⦫",Vw="⦬",Gw="⦭",Ww="⦮",zw="⦯",Qw="∡",Yw="∟",Kw="⊾",Xw="⦝",Jw="∢",Zw="Å",e_="⍼",t_="Ą",s_="ą",n_="𝔸",r_="𝕒",o_="⩯",i_="≈",a_="⩰",l_="≊",c_="≋",u_="'",d_="⁡",h_="≈",f_="≊",p_="Å",m_="å",g_="𝒜",v_="𝒶",b_="≔",y_="*",E_="≈",T_="≍",w_="Ã",__="ã",S_="Ä",R_="ä",C_="∳",A_="⨑",k_="≌",N_="϶",O_="‵",I_="∽",$_="⋍",L_="∖",q_="⫧",D_="⊽",P_="⌅",x_="⌆",M_="⌅",U_="⎵",F_="⎶",H_="≌",B_="Б",j_="б",V_="„",G_="∵",W_="∵",z_="∵",Q_="⦰",Y_="϶",K_="ℬ",X_="ℬ",J_="Β",Z_="β",eS="ℶ",tS="≬",sS="𝔅",nS="𝔟",rS="⋂",oS="◯",iS="⋃",aS="⨀",lS="⨁",cS="⨂",uS="⨆",dS="★",hS="▽",fS="△",pS="⨄",mS="⋁",gS="⋀",vS="⤍",bS="⧫",yS="▪",ES="▴",TS="▾",wS="◂",_S="▸",SS="␣",RS="▒",CS="░",AS="▓",kS="█",NS="=⃥",OS="≡⃥",IS="⫭",$S="⌐",LS="𝔹",qS="𝕓",DS="⊥",PS="⊥",xS="⋈",MS="⧉",US="┐",FS="╕",HS="╖",BS="╗",jS="┌",VS="╒",GS="╓",WS="╔",zS="─",QS="═",YS="┬",KS="╤",XS="╥",JS="╦",ZS="┴",eR="╧",tR="╨",sR="╩",nR="⊟",rR="⊞",oR="⊠",iR="┘",aR="╛",lR="╜",cR="╝",uR="└",dR="╘",hR="╙",fR="╚",pR="│",mR="║",gR="┼",vR="╪",bR="╫",yR="╬",ER="┤",TR="╡",wR="╢",_R="╣",SR="├",RR="╞",CR="╟",AR="╠",kR="‵",NR="˘",OR="˘",IR="¦",$R="𝒷",LR="ℬ",qR="⁏",DR="∽",PR="⋍",xR="⧅",MR="\\",UR="⟈",FR="•",HR="•",BR="≎",jR="⪮",VR="≏",GR="≎",WR="≏",zR="Ć",QR="ć",YR="⩄",KR="⩉",XR="⩋",JR="∩",ZR="⋒",eC="⩇",tC="⩀",sC="ⅅ",nC="∩︀",rC="⁁",oC="ˇ",iC="ℭ",aC="⩍",lC="Č",cC="č",uC="Ç",dC="ç",hC="Ĉ",fC="ĉ",pC="∰",mC="⩌",gC="⩐",vC="Ċ",bC="ċ",yC="¸",EC="¸",TC="⦲",wC="¢",_C="·",SC="·",RC="𝔠",CC="ℭ",AC="Ч",kC="ч",NC="✓",OC="✓",IC="Χ",$C="χ",LC="ˆ",qC="≗",DC="↺",PC="↻",xC="⊛",MC="⊚",UC="⊝",FC="⊙",HC="®",BC="Ⓢ",jC="⊖",VC="⊕",GC="⊗",WC="○",zC="⧃",QC="≗",YC="⨐",KC="⫯",XC="⧂",JC="∲",ZC="”",eA="’",tA="♣",sA="♣",nA=":",rA="∷",oA="⩴",iA="≔",aA="≔",lA=",",cA="@",uA="∁",dA="∘",hA="∁",fA="ℂ",pA="≅",mA="⩭",gA="≡",vA="∮",bA="∯",yA="∮",EA="𝕔",TA="ℂ",wA="∐",_A="∐",SA="©",RA="©",CA="℗",AA="∳",kA="↵",NA="✗",OA="⨯",IA="𝒞",$A="𝒸",LA="⫏",qA="⫑",DA="⫐",PA="⫒",xA="⋯",MA="⤸",UA="⤵",FA="⋞",HA="⋟",BA="↶",jA="⤽",VA="⩈",GA="⩆",WA="≍",zA="∪",QA="⋓",YA="⩊",KA="⊍",XA="⩅",JA="∪︀",ZA="↷",e2="⤼",t2="⋞",s2="⋟",n2="⋎",r2="⋏",o2="¤",i2="↶",a2="↷",l2="⋎",c2="⋏",u2="∲",d2="∱",h2="⌭",f2="†",p2="‡",m2="ℸ",g2="↓",v2="↡",b2="⇓",y2="‐",E2="⫤",T2="⊣",w2="⤏",_2="˝",S2="Ď",R2="ď",C2="Д",A2="д",k2="‡",N2="⇊",O2="ⅅ",I2="ⅆ",$2="⤑",L2="⩷",q2="°",D2="∇",P2="Δ",x2="δ",M2="⦱",U2="⥿",F2="𝔇",H2="𝔡",B2="⥥",j2="⇃",V2="⇂",G2="´",W2="˙",z2="˝",Q2="`",Y2="˜",K2="⋄",X2="⋄",J2="⋄",Z2="♦",ek="♦",tk="¨",sk="ⅆ",nk="ϝ",rk="⋲",ok="÷",ik="÷",ak="⋇",lk="⋇",ck="Ђ",uk="ђ",dk="⌞",hk="⌍",fk="$",pk="𝔻",mk="𝕕",gk="¨",vk="˙",bk="⃜",yk="≐",Ek="≑",Tk="≐",wk="∸",_k="∔",Sk="⊡",Rk="⌆",Ck="∯",Ak="¨",kk="⇓",Nk="⇐",Ok="⇔",Ik="⫤",$k="⟸",Lk="⟺",qk="⟹",Dk="⇒",Pk="⊨",xk="⇑",Mk="⇕",Uk="∥",Fk="⤓",Hk="↓",Bk="↓",jk="⇓",Vk="⇵",Gk="̑",Wk="⇊",zk="⇃",Qk="⇂",Yk="⥐",Kk="⥞",Xk="⥖",Jk="↽",Zk="⥟",eN="⥗",tN="⇁",sN="↧",nN="⊤",rN="⤐",oN="⌟",iN="⌌",aN="𝒟",lN="𝒹",cN="Ѕ",uN="ѕ",dN="⧶",hN="Đ",fN="đ",pN="⋱",mN="▿",gN="▾",vN="⇵",bN="⥯",yN="⦦",EN="Џ",TN="џ",wN="⟿",_N="É",SN="é",RN="⩮",CN="Ě",AN="ě",kN="Ê",NN="ê",ON="≖",IN="≕",$N="Э",LN="э",qN="⩷",DN="Ė",PN="ė",xN="≑",MN="ⅇ",UN="≒",FN="𝔈",HN="𝔢",BN="⪚",jN="È",VN="è",GN="⪖",WN="⪘",zN="⪙",QN="∈",YN="⏧",KN="ℓ",XN="⪕",JN="⪗",ZN="Ē",eO="ē",tO="∅",sO="∅",nO="◻",rO="∅",oO="▫",iO=" ",aO=" ",lO=" ",cO="Ŋ",uO="ŋ",dO=" ",hO="Ę",fO="ę",pO="𝔼",mO="𝕖",gO="⋕",vO="⧣",bO="⩱",yO="ε",EO="Ε",TO="ε",wO="ϵ",_O="≖",SO="≕",RO="≂",CO="⪖",AO="⪕",kO="⩵",NO="=",OO="≂",IO="≟",$O="⇌",LO="≡",qO="⩸",DO="⧥",PO="⥱",xO="≓",MO="ℯ",UO="ℰ",FO="≐",HO="⩳",BO="≂",jO="Η",VO="η",GO="Ð",WO="ð",zO="Ë",QO="ë",YO="€",KO="!",XO="∃",JO="∃",ZO="ℰ",eI="ⅇ",tI="ⅇ",sI="≒",nI="Ф",rI="ф",oI="♀",iI="ﬃ",aI="ﬀ",lI="ﬄ",cI="𝔉",uI="𝔣",dI="ﬁ",hI="◼",fI="▪",pI="fj",mI="♭",gI="ﬂ",vI="▱",bI="ƒ",yI="𝔽",EI="𝕗",TI="∀",wI="∀",_I="⋔",SI="⫙",RI="ℱ",CI="⨍",AI="½",kI="⅓",NI="¼",OI="⅕",II="⅙",$I="⅛",LI="⅔",qI="⅖",DI="¾",PI="⅗",xI="⅜",MI="⅘",UI="⅚",FI="⅝",HI="⅞",BI="⁄",jI="⌢",VI="𝒻",GI="ℱ",WI="ǵ",zI="Γ",QI="γ",YI="Ϝ",KI="ϝ",XI="⪆",JI="Ğ",ZI="ğ",e$="Ģ",t$="Ĝ",s$="ĝ",n$="Г",r$="г",o$="Ġ",i$="ġ",a$="≥",l$="≧",c$="⪌",u$="⋛",d$="≥",h$="≧",f$="⩾",p$="⪩",m$="⩾",g$="⪀",v$="⪂",b$="⪄",y$="⋛︀",E$="⪔",T$="𝔊",w$="𝔤",_$="≫",S$="⋙",R$="⋙",C$="ℷ",A$="Ѓ",k$="ѓ",N$="⪥",O$="≷",I$="⪒",$$="⪤",L$="⪊",q$="⪊",D$="⪈",P$="≩",x$="⪈",M$="≩",U$="⋧",F$="𝔾",H$="𝕘",B$="`",j$="≥",V$="⋛",G$="≧",W$="⪢",z$="≷",Q$="⩾",Y$="≳",K$="𝒢",X$="ℊ",J$="≳",Z$="⪎",eL="⪐",tL="⪧",sL="⩺",nL=">",rL=">",oL="≫",iL="⋗",aL="⦕",lL="⩼",cL="⪆",uL="⥸",dL="⋗",hL="⋛",fL="⪌",pL="≷",mL="≳",gL="≩︀",vL="≩︀",bL="ˇ",yL=" ",EL="½",TL="ℋ",wL="Ъ",_L="ъ",SL="⥈",RL="↔",CL="⇔",AL="↭",kL="^",NL="ℏ",OL="Ĥ",IL="ĥ",$L="♥",LL="♥",qL="…",DL="⊹",PL="𝔥",xL="ℌ",ML="ℋ",UL="⤥",FL="⤦",HL="⇿",BL="∻",jL="↩",VL="↪",GL="𝕙",WL="ℍ",zL="―",QL="─",YL="𝒽",KL="ℋ",XL="ℏ",JL="Ħ",ZL="ħ",eq="≎",tq="≏",sq="⁃",nq="‐",rq="Í",oq="í",iq="⁣",aq="Î",lq="î",cq="И",uq="и",dq="İ",hq="Е",fq="е",pq="¡",mq="⇔",gq="𝔦",vq="ℑ",bq="Ì",yq="ì",Eq="ⅈ",Tq="⨌",wq="∭",_q="⧜",Sq="℩",Rq="Ĳ",Cq="ĳ",Aq="Ī",kq="ī",Nq="ℑ",Oq="ⅈ",Iq="ℐ",$q="ℑ",Lq="ı",qq="ℑ",Dq="⊷",Pq="Ƶ",xq="⇒",Mq="℅",Uq="∞",Fq="⧝",Hq="ı",Bq="⊺",jq="∫",Vq="∬",Gq="ℤ",Wq="∫",zq="⊺",Qq="⋂",Yq="⨗",Kq="⨼",Xq="⁣",Jq="⁢",Zq="Ё",eD="ё",tD="Į",sD="į",nD="𝕀",rD="𝕚",oD="Ι",iD="ι",aD="⨼",lD="¿",cD="𝒾",uD="ℐ",dD="∈",hD="⋵",fD="⋹",pD="⋴",mD="⋳",gD="∈",vD="⁢",bD="Ĩ",yD="ĩ",ED="І",TD="і",wD="Ï",_D="ï",SD="Ĵ",RD="ĵ",CD="Й",AD="й",kD="𝔍",ND="𝔧",OD="ȷ",ID="𝕁",$D="𝕛",LD="𝒥",qD="𝒿",DD="Ј",PD="ј",xD="Є",MD="є",UD="Κ",FD="κ",HD="ϰ",BD="Ķ",jD="ķ",VD="К",GD="к",WD="𝔎",zD="𝔨",QD="ĸ",YD="Х",KD="х",XD="Ќ",JD="ќ",ZD="𝕂",eP="𝕜",tP="𝒦",sP="𝓀",nP="⇚",rP="Ĺ",oP="ĺ",iP="⦴",aP="ℒ",lP="Λ",cP="λ",uP="⟨",dP="⟪",hP="⦑",fP="⟨",pP="⪅",mP="ℒ",gP="«",vP="⇤",bP="⤟",yP="←",EP="↞",TP="⇐",wP="⤝",_P="↩",SP="↫",RP="⤹",CP="⥳",AP="↢",kP="⤙",NP="⤛",OP="⪫",IP="⪭",$P="⪭︀",LP="⤌",qP="⤎",DP="❲",PP="{",xP="[",MP="⦋",UP="⦏",FP="⦍",HP="Ľ",BP="ľ",jP="Ļ",VP="ļ",GP="⌈",WP="{",zP="Л",QP="л",YP="⤶",KP="“",XP="„",JP="⥧",ZP="⥋",ex="↲",tx="≤",sx="≦",nx="⟨",rx="⇤",ox="←",ix="←",ax="⇐",lx="⇆",cx="↢",ux="⌈",dx="⟦",hx="⥡",fx="⥙",px="⇃",mx="⌊",gx="↽",vx="↼",bx="⇇",yx="↔",Ex="↔",Tx="⇔",wx="⇆",_x="⇋",Sx="↭",Rx="⥎",Cx="↤",Ax="⊣",kx="⥚",Nx="⋋",Ox="⧏",Ix="⊲",$x="⊴",Lx="⥑",qx="⥠",Dx="⥘",Px="↿",xx="⥒",Mx="↼",Ux="⪋",Fx="⋚",Hx="≤",Bx="≦",jx="⩽",Vx="⪨",Gx="⩽",Wx="⩿",zx="⪁",Qx="⪃",Yx="⋚︀",Kx="⪓",Xx="⪅",Jx="⋖",Zx="⋚",eM="⪋",tM="⋚",sM="≦",nM="≶",rM="≶",oM="⪡",iM="≲",aM="⩽",lM="≲",cM="⥼",uM="⌊",dM="𝔏",hM="𝔩",fM="≶",pM="⪑",mM="⥢",gM="↽",vM="↼",bM="⥪",yM="▄",EM="Љ",TM="љ",wM="⇇",_M="≪",SM="⋘",RM="⌞",CM="⇚",AM="⥫",kM="◺",NM="Ŀ",OM="ŀ",IM="⎰",$M="⎰",LM="⪉",qM="⪉",DM="⪇",PM="≨",xM="⪇",MM="≨",UM="⋦",FM="⟬",HM="⇽",BM="⟦",jM="⟵",VM="⟵",GM="⟸",WM="⟷",zM="⟷",QM="⟺",YM="⟼",KM="⟶",XM="⟶",JM="⟹",ZM="↫",e4="↬",t4="⦅",s4="𝕃",n4="𝕝",r4="⨭",o4="⨴",i4="∗",a4="_",l4="↙",c4="↘",u4="◊",d4="◊",h4="⧫",f4="(",p4="⦓",m4="⇆",g4="⌟",v4="⇋",b4="⥭",y4="‎",E4="⊿",T4="‹",w4="𝓁",_4="ℒ",S4="↰",R4="↰",C4="≲",A4="⪍",k4="⪏",N4="[",O4="‘",I4="‚",$4="Ł",L4="ł",q4="⪦",D4="⩹",P4="<",x4="<",M4="≪",U4="⋖",F4="⋋",H4="⋉",B4="⥶",j4="⩻",V4="◃",G4="⊴",W4="◂",z4="⦖",Q4="⥊",Y4="⥦",K4="≨︀",X4="≨︀",J4="¯",Z4="♂",eU="✠",tU="✠",sU="↦",nU="↦",rU="↧",oU="↤",iU="↥",aU="▮",lU="⨩",cU="М",uU="м",dU="—",hU="∺",fU="∡",pU=" ",mU="ℳ",gU="𝔐",vU="𝔪",bU="℧",yU="µ",EU="*",TU="⫰",wU="∣",_U="·",SU="⊟",RU="−",CU="∸",AU="⨪",kU="∓",NU="⫛",OU="…",IU="∓",$U="⊧",LU="𝕄",qU="𝕞",DU="∓",PU="𝓂",xU="ℳ",MU="∾",UU="Μ",FU="μ",HU="⊸",BU="⊸",jU="∇",VU="Ń",GU="ń",WU="∠⃒",zU="≉",QU="⩰̸",YU="≋̸",KU="ŉ",XU="≉",JU="♮",ZU="ℕ",e3="♮",t3=" ",s3="≎̸",n3="≏̸",r3="⩃",o3="Ň",i3="ň",a3="Ņ",l3="ņ",c3="≇",u3="⩭̸",d3="⩂",h3="Н",f3="н",p3="–",m3="⤤",g3="↗",v3="⇗",b3="↗",y3="≠",E3="≐̸",T3="​",w3="​",_3="​",S3="​",R3="≢",C3="⤨",A3="≂̸",k3="≫",N3="≪",O3=`
`,I3="∄",$3="∄",L3="𝔑",q3="𝔫",D3="≧̸",P3="≱",x3="≱",M3="≧̸",U3="⩾̸",F3="⩾̸",H3="⋙̸",B3="≵",j3="≫⃒",V3="≯",G3="≯",W3="≫̸",z3="↮",Q3="⇎",Y3="⫲",K3="∋",X3="⋼",J3="⋺",Z3="∋",e5="Њ",t5="њ",s5="↚",n5="⇍",r5="‥",o5="≦̸",i5="≰",a5="↚",l5="⇍",c5="↮",u5="⇎",d5="≰",h5="≦̸",f5="⩽̸",p5="⩽̸",m5="≮",g5="⋘̸",v5="≴",b5="≪⃒",y5="≮",E5="⋪",T5="⋬",w5="≪̸",_5="∤",S5="⁠",R5=" ",C5="𝕟",A5="ℕ",k5="⫬",N5="¬",O5="≢",I5="≭",$5="∦",L5="∉",q5="≠",D5="≂̸",P5="∄",x5="≯",M5="≱",U5="≧̸",F5="≫̸",H5="≹",B5="⩾̸",j5="≵",V5="≎̸",G5="≏̸",W5="∉",z5="⋵̸",Q5="⋹̸",Y5="∉",K5="⋷",X5="⋶",J5="⧏̸",Z5="⋪",eF="⋬",tF="≮",sF="≰",nF="≸",rF="≪̸",oF="⩽̸",iF="≴",aF="⪢̸",lF="⪡̸",cF="∌",uF="∌",dF="⋾",hF="⋽",fF="⊀",pF="⪯̸",mF="⋠",gF="∌",vF="⧐̸",bF="⋫",yF="⋭",EF="⊏̸",TF="⋢",wF="⊐̸",_F="⋣",SF="⊂⃒",RF="⊈",CF="⊁",AF="⪰̸",kF="⋡",NF="≿̸",OF="⊃⃒",IF="⊉",$F="≁",LF="≄",qF="≇",DF="≉",PF="∤",xF="∦",MF="∦",UF="⫽⃥",FF="∂̸",HF="⨔",BF="⊀",jF="⋠",VF="⊀",GF="⪯̸",WF="⪯̸",zF="⤳̸",QF="↛",YF="⇏",KF="↝̸",XF="↛",JF="⇏",ZF="⋫",eH="⋭",tH="⊁",sH="⋡",nH="⪰̸",rH="𝒩",oH="𝓃",iH="∤",aH="∦",lH="≁",cH="≄",uH="≄",dH="∤",hH="∦",fH="⋢",pH="⋣",mH="⊄",gH="⫅̸",vH="⊈",bH="⊂⃒",yH="⊈",EH="⫅̸",TH="⊁",wH="⪰̸",_H="⊅",SH="⫆̸",RH="⊉",CH="⊃⃒",AH="⊉",kH="⫆̸",NH="≹",OH="Ñ",IH="ñ",$H="≸",LH="⋪",qH="⋬",DH="⋫",PH="⋭",xH="Ν",MH="ν",UH="#",FH="№",HH=" ",BH="≍⃒",jH="⊬",VH="⊭",GH="⊮",WH="⊯",zH="≥⃒",QH=">⃒",YH="⤄",KH="⧞",XH="⤂",JH="≤⃒",ZH="<⃒",eB="⊴⃒",tB="⤃",sB="⊵⃒",nB="∼⃒",rB="⤣",oB="↖",iB="⇖",aB="↖",lB="⤧",cB="Ó",uB="ó",dB="⊛",hB="Ô",fB="ô",pB="⊚",mB="О",gB="о",vB="⊝",bB="Ő",yB="ő",EB="⨸",TB="⊙",wB="⦼",_B="Œ",SB="œ",RB="⦿",CB="𝔒",AB="𝔬",kB="˛",NB="Ò",OB="ò",IB="⧁",$B="⦵",LB="Ω",qB="∮",DB="↺",PB="⦾",xB="⦻",MB="‾",UB="⧀",FB="Ō",HB="ō",BB="Ω",jB="ω",VB="Ο",GB="ο",WB="⦶",zB="⊖",QB="𝕆",YB="𝕠",KB="⦷",XB="“",JB="‘",ZB="⦹",e6="⊕",t6="↻",s6="⩔",n6="∨",r6="⩝",o6="ℴ",i6="ℴ",a6="ª",l6="º",c6="⊶",u6="⩖",d6="⩗",h6="⩛",f6="Ⓢ",p6="𝒪",m6="ℴ",g6="Ø",v6="ø",b6="⊘",y6="Õ",E6="õ",T6="⨶",w6="⨷",_6="⊗",S6="Ö",R6="ö",C6="⌽",A6="‾",k6="⏞",N6="⎴",O6="⏜",I6="¶",$6="∥",L6="∥",q6="⫳",D6="⫽",P6="∂",x6="∂",M6="П",U6="п",F6="%",H6=".",B6="‰",j6="⊥",V6="‱",G6="𝔓",W6="𝔭",z6="Φ",Q6="φ",Y6="ϕ",K6="ℳ",X6="☎",J6="Π",Z6="π",e8="⋔",t8="ϖ",s8="ℏ",n8="ℎ",r8="ℏ",o8="⨣",i8="⊞",a8="⨢",l8="+",c8="∔",u8="⨥",d8="⩲",h8="±",f8="±",p8="⨦",m8="⨧",g8="±",v8="ℌ",b8="⨕",y8="𝕡",E8="ℙ",T8="£",w8="⪷",_8="⪻",S8="≺",R8="≼",C8="⪷",A8="≺",k8="≼",N8="≺",O8="⪯",I8="≼",$8="≾",L8="⪯",q8="⪹",D8="⪵",P8="⋨",x8="⪯",M8="⪳",U8="≾",F8="′",H8="″",B8="ℙ",j8="⪹",V8="⪵",G8="⋨",W8="∏",z8="∏",Q8="⌮",Y8="⌒",K8="⌓",X8="∝",J8="∝",Z8="∷",ej="∝",tj="≾",sj="⊰",nj="𝒫",rj="𝓅",oj="Ψ",ij="ψ",aj=" ",lj="𝔔",cj="𝔮",uj="⨌",dj="𝕢",hj="ℚ",fj="⁗",pj="𝒬",mj="𝓆",gj="ℍ",vj="⨖",bj="?",yj="≟",Ej='"',Tj='"',wj="⇛",_j="∽̱",Sj="Ŕ",Rj="ŕ",Cj="√",Aj="⦳",kj="⟩",Nj="⟫",Oj="⦒",Ij="⦥",$j="⟩",Lj="»",qj="⥵",Dj="⇥",Pj="⤠",xj="⤳",Mj="→",Uj="↠",Fj="⇒",Hj="⤞",Bj="↪",jj="↬",Vj="⥅",Gj="⥴",Wj="⤖",zj="↣",Qj="↝",Yj="⤚",Kj="⤜",Xj="∶",Jj="ℚ",Zj="⤍",eV="⤏",tV="⤐",sV="❳",nV="}",rV="]",oV="⦌",iV="⦎",aV="⦐",lV="Ř",cV="ř",uV="Ŗ",dV="ŗ",hV="⌉",fV="}",pV="Р",mV="р",gV="⤷",vV="⥩",bV="”",yV="”",EV="↳",TV="ℜ",wV="ℛ",_V="ℜ",SV="ℝ",RV="ℜ",CV="▭",AV="®",kV="®",NV="∋",OV="⇋",IV="⥯",$V="⥽",LV="⌋",qV="𝔯",DV="ℜ",PV="⥤",xV="⇁",MV="⇀",UV="⥬",FV="Ρ",HV="ρ",BV="ϱ",jV="⟩",VV="⇥",GV="→",WV="→",zV="⇒",QV="⇄",YV="↣",KV="⌉",XV="⟧",JV="⥝",ZV="⥕",eG="⇂",tG="⌋",sG="⇁",nG="⇀",rG="⇄",oG="⇌",iG="⇉",aG="↝",lG="↦",cG="⊢",uG="⥛",dG="⋌",hG="⧐",fG="⊳",pG="⊵",mG="⥏",gG="⥜",vG="⥔",bG="↾",yG="⥓",EG="⇀",TG="˚",wG="≓",_G="⇄",SG="⇌",RG="‏",CG="⎱",AG="⎱",kG="⫮",NG="⟭",OG="⇾",IG="⟧",$G="⦆",LG="𝕣",qG="ℝ",DG="⨮",PG="⨵",xG="⥰",MG=")",UG="⦔",FG="⨒",HG="⇉",BG="⇛",jG="›",VG="𝓇",GG="ℛ",WG="↱",zG="↱",QG="]",YG="’",KG="’",XG="⋌",JG="⋊",ZG="▹",eW="⊵",tW="▸",sW="⧎",nW="⧴",rW="⥨",oW="℞",iW="Ś",aW="ś",lW="‚",cW="⪸",uW="Š",dW="š",hW="⪼",fW="≻",pW="≽",mW="⪰",gW="⪴",vW="Ş",bW="ş",yW="Ŝ",EW="ŝ",TW="⪺",wW="⪶",_W="⋩",SW="⨓",RW="≿",CW="С",AW="с",kW="⊡",NW="⋅",OW="⩦",IW="⤥",$W="↘",LW="⇘",qW="↘",DW="§",PW=";",xW="⤩",MW="∖",UW="∖",FW="✶",HW="𝔖",BW="𝔰",jW="⌢",VW="♯",GW="Щ",WW="щ",zW="Ш",QW="ш",YW="↓",KW="←",XW="∣",JW="∥",ZW="→",e9="↑",t9="­",s9="Σ",n9="σ",r9="ς",o9="ς",i9="∼",a9="⩪",l9="≃",c9="≃",u9="⪞",d9="⪠",h9="⪝",f9="⪟",p9="≆",m9="⨤",g9="⥲",v9="←",b9="∘",y9="∖",E9="⨳",T9="⧤",w9="∣",_9="⌣",S9="⪪",R9="⪬",C9="⪬︀",A9="Ь",k9="ь",N9="⌿",O9="⧄",I9="/",$9="𝕊",L9="𝕤",q9="♠",D9="♠",P9="∥",x9="⊓",M9="⊓︀",U9="⊔",F9="⊔︀",H9="√",B9="⊏",j9="⊑",V9="⊏",G9="⊑",W9="⊐",z9="⊒",Q9="⊐",Y9="⊒",K9="□",X9="□",J9="⊓",Z9="⊏",ez="⊑",tz="⊐",sz="⊒",nz="⊔",rz="▪",oz="□",iz="▪",az="→",lz="𝒮",cz="𝓈",uz="∖",dz="⌣",hz="⋆",fz="⋆",pz="☆",mz="★",gz="ϵ",vz="ϕ",bz="¯",yz="⊂",Ez="⋐",Tz="⪽",wz="⫅",_z="⊆",Sz="⫃",Rz="⫁",Cz="⫋",Az="⊊",kz="⪿",Nz="⥹",Oz="⊂",Iz="⋐",$z="⊆",Lz="⫅",qz="⊆",Dz="⊊",Pz="⫋",xz="⫇",Mz="⫕",Uz="⫓",Fz="⪸",Hz="≻",Bz="≽",jz="≻",Vz="⪰",Gz="≽",Wz="≿",zz="⪰",Qz="⪺",Yz="⪶",Kz="⋩",Xz="≿",Jz="∋",Zz="∑",eQ="∑",tQ="♪",sQ="¹",nQ="²",rQ="³",oQ="⊃",iQ="⋑",aQ="⪾",lQ="⫘",cQ="⫆",uQ="⊇",dQ="⫄",hQ="⊃",fQ="⊇",pQ="⟉",mQ="⫗",gQ="⥻",vQ="⫂",bQ="⫌",yQ="⊋",EQ="⫀",TQ="⊃",wQ="⋑",_Q="⊇",SQ="⫆",RQ="⊋",CQ="⫌",AQ="⫈",kQ="⫔",NQ="⫖",OQ="⤦",IQ="↙",$Q="⇙",LQ="↙",qQ="⤪",DQ="ß",PQ="	",xQ="⌖",MQ="Τ",UQ="τ",FQ="⎴",HQ="Ť",BQ="ť",jQ="Ţ",VQ="ţ",GQ="Т",WQ="т",zQ="⃛",QQ="⌕",YQ="𝔗",KQ="𝔱",XQ="∴",JQ="∴",ZQ="∴",e7="Θ",t7="θ",s7="ϑ",n7="ϑ",r7="≈",o7="∼",i7="  ",a7=" ",l7=" ",c7="≈",u7="∼",d7="Þ",h7="þ",f7="˜",p7="∼",m7="≃",g7="≅",v7="≈",b7="⨱",y7="⊠",E7="×",T7="⨰",w7="∭",_7="⤨",S7="⌶",R7="⫱",C7="⊤",A7="𝕋",k7="𝕥",N7="⫚",O7="⤩",I7="‴",$7="™",L7="™",q7="▵",D7="▿",P7="◃",x7="⊴",M7="≜",U7="▹",F7="⊵",H7="◬",B7="≜",j7="⨺",V7="⃛",G7="⨹",W7="⧍",z7="⨻",Q7="⏢",Y7="𝒯",K7="𝓉",X7="Ц",J7="ц",Z7="Ћ",eY="ћ",tY="Ŧ",sY="ŧ",nY="≬",rY="↞",oY="↠",iY="Ú",aY="ú",lY="↑",cY="↟",uY="⇑",dY="⥉",hY="Ў",fY="ў",pY="Ŭ",mY="ŭ",gY="Û",vY="û",bY="У",yY="у",EY="⇅",TY="Ű",wY="ű",_Y="⥮",SY="⥾",RY="𝔘",CY="𝔲",AY="Ù",kY="ù",NY="⥣",OY="↿",IY="↾",$Y="▀",LY="⌜",qY="⌜",DY="⌏",PY="◸",xY="Ū",MY="ū",UY="¨",FY="_",HY="⏟",BY="⎵",jY="⏝",VY="⋃",GY="⊎",WY="Ų",zY="ų",QY="𝕌",YY="𝕦",KY="⤒",XY="↑",JY="↑",ZY="⇑",eK="⇅",tK="↕",sK="↕",nK="⇕",rK="⥮",oK="↿",iK="↾",aK="⊎",lK="↖",cK="↗",uK="υ",dK="ϒ",hK="ϒ",fK="Υ",pK="υ",mK="↥",gK="⊥",vK="⇈",bK="⌝",yK="⌝",EK="⌎",TK="Ů",wK="ů",_K="◹",SK="𝒰",RK="𝓊",CK="⋰",AK="Ũ",kK="ũ",NK="▵",OK="▴",IK="⇈",$K="Ü",LK="ü",qK="⦧",DK="⦜",PK="ϵ",xK="ϰ",MK="∅",UK="ϕ",FK="ϖ",HK="∝",BK="↕",jK="⇕",VK="ϱ",GK="ς",WK="⊊︀",zK="⫋︀",QK="⊋︀",YK="⫌︀",KK="ϑ",XK="⊲",JK="⊳",ZK="⫨",eX="⫫",tX="⫩",sX="В",nX="в",rX="⊢",oX="⊨",iX="⊩",aX="⊫",lX="⫦",cX="⊻",uX="∨",dX="⋁",hX="≚",fX="⋮",pX="|",mX="‖",gX="|",vX="‖",bX="∣",yX="|",EX="❘",TX="≀",wX=" ",_X="𝔙",SX="𝔳",RX="⊲",CX="⊂⃒",AX="⊃⃒",kX="𝕍",NX="𝕧",OX="∝",IX="⊳",$X="𝒱",LX="𝓋",qX="⫋︀",DX="⊊︀",PX="⫌︀",xX="⊋︀",MX="⊪",UX="⦚",FX="Ŵ",HX="ŵ",BX="⩟",jX="∧",VX="⋀",GX="≙",WX="℘",zX="𝔚",QX="𝔴",YX="𝕎",KX="𝕨",XX="℘",JX="≀",ZX="≀",eJ="𝒲",tJ="𝓌",sJ="⋂",nJ="◯",rJ="⋃",oJ="▽",iJ="𝔛",aJ="𝔵",lJ="⟷",cJ="⟺",uJ="Ξ",dJ="ξ",hJ="⟵",fJ="⟸",pJ="⟼",mJ="⋻",gJ="⨀",vJ="𝕏",bJ="𝕩",yJ="⨁",EJ="⨂",TJ="⟶",wJ="⟹",_J="𝒳",SJ="𝓍",RJ="⨆",CJ="⨄",AJ="△",kJ="⋁",NJ="⋀",OJ="Ý",IJ="ý",$J="Я",LJ="я",qJ="Ŷ",DJ="ŷ",PJ="Ы",xJ="ы",MJ="¥",UJ="𝔜",FJ="𝔶",HJ="Ї",BJ="ї",jJ="𝕐",VJ="𝕪",GJ="𝒴",WJ="𝓎",zJ="Ю",QJ="ю",YJ="ÿ",KJ="Ÿ",XJ="Ź",JJ="ź",ZJ="Ž",eZ="ž",tZ="З",sZ="з",nZ="Ż",rZ="ż",oZ="ℨ",iZ="​",aZ="Ζ",lZ="ζ",cZ="𝔷",uZ="ℨ",dZ="Ж",hZ="ж",fZ="⇝",pZ="𝕫",mZ="ℤ",gZ="𝒵",vZ="𝓏",bZ="‍",yZ="‌",Zc={Aacute:nw,aacute:rw,Abreve:ow,abreve:iw,ac:aw,acd:lw,acE:cw,Acirc:uw,acirc:dw,acute:hw,Acy:fw,acy:pw,AElig:mw,aelig:gw,af:vw,Afr:bw,afr:yw,Agrave:Ew,agrave:Tw,alefsym:ww,aleph:_w,Alpha:Sw,alpha:Rw,Amacr:Cw,amacr:Aw,amalg:kw,amp:Nw,AMP:Ow,andand:Iw,And:$w,and:Lw,andd:qw,andslope:Dw,andv:Pw,ang:xw,ange:Mw,angle:Uw,angmsdaa:Fw,angmsdab:Hw,angmsdac:Bw,angmsdad:jw,angmsdae:Vw,angmsdaf:Gw,angmsdag:Ww,angmsdah:zw,angmsd:Qw,angrt:Yw,angrtvb:Kw,angrtvbd:Xw,angsph:Jw,angst:Zw,angzarr:e_,Aogon:t_,aogon:s_,Aopf:n_,aopf:r_,apacir:o_,ap:i_,apE:a_,ape:l_,apid:c_,apos:u_,ApplyFunction:d_,approx:h_,approxeq:f_,Aring:p_,aring:m_,Ascr:g_,ascr:v_,Assign:b_,ast:y_,asymp:E_,asympeq:T_,Atilde:w_,atilde:__,Auml:S_,auml:R_,awconint:C_,awint:A_,backcong:k_,backepsilon:N_,backprime:O_,backsim:I_,backsimeq:$_,Backslash:L_,Barv:q_,barvee:D_,barwed:P_,Barwed:x_,barwedge:M_,bbrk:U_,bbrktbrk:F_,bcong:H_,Bcy:B_,bcy:j_,bdquo:V_,becaus:G_,because:W_,Because:z_,bemptyv:Q_,bepsi:Y_,bernou:K_,Bernoullis:X_,Beta:J_,beta:Z_,beth:eS,between:tS,Bfr:sS,bfr:nS,bigcap:rS,bigcirc:oS,bigcup:iS,bigodot:aS,bigoplus:lS,bigotimes:cS,bigsqcup:uS,bigstar:dS,bigtriangledown:hS,bigtriangleup:fS,biguplus:pS,bigvee:mS,bigwedge:gS,bkarow:vS,blacklozenge:bS,blacksquare:yS,blacktriangle:ES,blacktriangledown:TS,blacktriangleleft:wS,blacktriangleright:_S,blank:SS,blk12:RS,blk14:CS,blk34:AS,block:kS,bne:NS,bnequiv:OS,bNot:IS,bnot:$S,Bopf:LS,bopf:qS,bot:DS,bottom:PS,bowtie:xS,boxbox:MS,boxdl:US,boxdL:FS,boxDl:HS,boxDL:BS,boxdr:jS,boxdR:VS,boxDr:GS,boxDR:WS,boxh:zS,boxH:QS,boxhd:YS,boxHd:KS,boxhD:XS,boxHD:JS,boxhu:ZS,boxHu:eR,boxhU:tR,boxHU:sR,boxminus:nR,boxplus:rR,boxtimes:oR,boxul:iR,boxuL:aR,boxUl:lR,boxUL:cR,boxur:uR,boxuR:dR,boxUr:hR,boxUR:fR,boxv:pR,boxV:mR,boxvh:gR,boxvH:vR,boxVh:bR,boxVH:yR,boxvl:ER,boxvL:TR,boxVl:wR,boxVL:_R,boxvr:SR,boxvR:RR,boxVr:CR,boxVR:AR,bprime:kR,breve:NR,Breve:OR,brvbar:IR,bscr:$R,Bscr:LR,bsemi:qR,bsim:DR,bsime:PR,bsolb:xR,bsol:MR,bsolhsub:UR,bull:FR,bullet:HR,bump:BR,bumpE:jR,bumpe:VR,Bumpeq:GR,bumpeq:WR,Cacute:zR,cacute:QR,capand:YR,capbrcup:KR,capcap:XR,cap:JR,Cap:ZR,capcup:eC,capdot:tC,CapitalDifferentialD:sC,caps:nC,caret:rC,caron:oC,Cayleys:iC,ccaps:aC,Ccaron:lC,ccaron:cC,Ccedil:uC,ccedil:dC,Ccirc:hC,ccirc:fC,Cconint:pC,ccups:mC,ccupssm:gC,Cdot:vC,cdot:bC,cedil:yC,Cedilla:EC,cemptyv:TC,cent:wC,centerdot:_C,CenterDot:SC,cfr:RC,Cfr:CC,CHcy:AC,chcy:kC,check:NC,checkmark:OC,Chi:IC,chi:$C,circ:LC,circeq:qC,circlearrowleft:DC,circlearrowright:PC,circledast:xC,circledcirc:MC,circleddash:UC,CircleDot:FC,circledR:HC,circledS:BC,CircleMinus:jC,CirclePlus:VC,CircleTimes:GC,cir:WC,cirE:zC,cire:QC,cirfnint:YC,cirmid:KC,cirscir:XC,ClockwiseContourIntegral:JC,CloseCurlyDoubleQuote:ZC,CloseCurlyQuote:eA,clubs:tA,clubsuit:sA,colon:nA,Colon:rA,Colone:oA,colone:iA,coloneq:aA,comma:lA,commat:cA,comp:uA,compfn:dA,complement:hA,complexes:fA,cong:pA,congdot:mA,Congruent:gA,conint:vA,Conint:bA,ContourIntegral:yA,copf:EA,Copf:TA,coprod:wA,Coproduct:_A,copy:SA,COPY:RA,copysr:CA,CounterClockwiseContourIntegral:AA,crarr:kA,cross:NA,Cross:OA,Cscr:IA,cscr:$A,csub:LA,csube:qA,csup:DA,csupe:PA,ctdot:xA,cudarrl:MA,cudarrr:UA,cuepr:FA,cuesc:HA,cularr:BA,cularrp:jA,cupbrcap:VA,cupcap:GA,CupCap:WA,cup:zA,Cup:QA,cupcup:YA,cupdot:KA,cupor:XA,cups:JA,curarr:ZA,curarrm:e2,curlyeqprec:t2,curlyeqsucc:s2,curlyvee:n2,curlywedge:r2,curren:o2,curvearrowleft:i2,curvearrowright:a2,cuvee:l2,cuwed:c2,cwconint:u2,cwint:d2,cylcty:h2,dagger:f2,Dagger:p2,daleth:m2,darr:g2,Darr:v2,dArr:b2,dash:y2,Dashv:E2,dashv:T2,dbkarow:w2,dblac:_2,Dcaron:S2,dcaron:R2,Dcy:C2,dcy:A2,ddagger:k2,ddarr:N2,DD:O2,dd:I2,DDotrahd:$2,ddotseq:L2,deg:q2,Del:D2,Delta:P2,delta:x2,demptyv:M2,dfisht:U2,Dfr:F2,dfr:H2,dHar:B2,dharl:j2,dharr:V2,DiacriticalAcute:G2,DiacriticalDot:W2,DiacriticalDoubleAcute:z2,DiacriticalGrave:Q2,DiacriticalTilde:Y2,diam:K2,diamond:X2,Diamond:J2,diamondsuit:Z2,diams:ek,die:tk,DifferentialD:sk,digamma:nk,disin:rk,div:ok,divide:ik,divideontimes:ak,divonx:lk,DJcy:ck,djcy:uk,dlcorn:dk,dlcrop:hk,dollar:fk,Dopf:pk,dopf:mk,Dot:gk,dot:vk,DotDot:bk,doteq:yk,doteqdot:Ek,DotEqual:Tk,dotminus:wk,dotplus:_k,dotsquare:Sk,doublebarwedge:Rk,DoubleContourIntegral:Ck,DoubleDot:Ak,DoubleDownArrow:kk,DoubleLeftArrow:Nk,DoubleLeftRightArrow:Ok,DoubleLeftTee:Ik,DoubleLongLeftArrow:$k,DoubleLongLeftRightArrow:Lk,DoubleLongRightArrow:qk,DoubleRightArrow:Dk,DoubleRightTee:Pk,DoubleUpArrow:xk,DoubleUpDownArrow:Mk,DoubleVerticalBar:Uk,DownArrowBar:Fk,downarrow:Hk,DownArrow:Bk,Downarrow:jk,DownArrowUpArrow:Vk,DownBreve:Gk,downdownarrows:Wk,downharpoonleft:zk,downharpoonright:Qk,DownLeftRightVector:Yk,DownLeftTeeVector:Kk,DownLeftVectorBar:Xk,DownLeftVector:Jk,DownRightTeeVector:Zk,DownRightVectorBar:eN,DownRightVector:tN,DownTeeArrow:sN,DownTee:nN,drbkarow:rN,drcorn:oN,drcrop:iN,Dscr:aN,dscr:lN,DScy:cN,dscy:uN,dsol:dN,Dstrok:hN,dstrok:fN,dtdot:pN,dtri:mN,dtrif:gN,duarr:vN,duhar:bN,dwangle:yN,DZcy:EN,dzcy:TN,dzigrarr:wN,Eacute:_N,eacute:SN,easter:RN,Ecaron:CN,ecaron:AN,Ecirc:kN,ecirc:NN,ecir:ON,ecolon:IN,Ecy:$N,ecy:LN,eDDot:qN,Edot:DN,edot:PN,eDot:xN,ee:MN,efDot:UN,Efr:FN,efr:HN,eg:BN,Egrave:jN,egrave:VN,egs:GN,egsdot:WN,el:zN,Element:QN,elinters:YN,ell:KN,els:XN,elsdot:JN,Emacr:ZN,emacr:eO,empty:tO,emptyset:sO,EmptySmallSquare:nO,emptyv:rO,EmptyVerySmallSquare:oO,emsp13:iO,emsp14:aO,emsp:lO,ENG:cO,eng:uO,ensp:dO,Eogon:hO,eogon:fO,Eopf:pO,eopf:mO,epar:gO,eparsl:vO,eplus:bO,epsi:yO,Epsilon:EO,epsilon:TO,epsiv:wO,eqcirc:_O,eqcolon:SO,eqsim:RO,eqslantgtr:CO,eqslantless:AO,Equal:kO,equals:NO,EqualTilde:OO,equest:IO,Equilibrium:$O,equiv:LO,equivDD:qO,eqvparsl:DO,erarr:PO,erDot:xO,escr:MO,Escr:UO,esdot:FO,Esim:HO,esim:BO,Eta:jO,eta:VO,ETH:GO,eth:WO,Euml:zO,euml:QO,euro:YO,excl:KO,exist:XO,Exists:JO,expectation:ZO,exponentiale:eI,ExponentialE:tI,fallingdotseq:sI,Fcy:nI,fcy:rI,female:oI,ffilig:iI,fflig:aI,ffllig:lI,Ffr:cI,ffr:uI,filig:dI,FilledSmallSquare:hI,FilledVerySmallSquare:fI,fjlig:pI,flat:mI,fllig:gI,fltns:vI,fnof:bI,Fopf:yI,fopf:EI,forall:TI,ForAll:wI,fork:_I,forkv:SI,Fouriertrf:RI,fpartint:CI,frac12:AI,frac13:kI,frac14:NI,frac15:OI,frac16:II,frac18:$I,frac23:LI,frac25:qI,frac34:DI,frac35:PI,frac38:xI,frac45:MI,frac56:UI,frac58:FI,frac78:HI,frasl:BI,frown:jI,fscr:VI,Fscr:GI,gacute:WI,Gamma:zI,gamma:QI,Gammad:YI,gammad:KI,gap:XI,Gbreve:JI,gbreve:ZI,Gcedil:e$,Gcirc:t$,gcirc:s$,Gcy:n$,gcy:r$,Gdot:o$,gdot:i$,ge:a$,gE:l$,gEl:c$,gel:u$,geq:d$,geqq:h$,geqslant:f$,gescc:p$,ges:m$,gesdot:g$,gesdoto:v$,gesdotol:b$,gesl:y$,gesles:E$,Gfr:T$,gfr:w$,gg:_$,Gg:S$,ggg:R$,gimel:C$,GJcy:A$,gjcy:k$,gla:N$,gl:O$,glE:I$,glj:$$,gnap:L$,gnapprox:q$,gne:D$,gnE:P$,gneq:x$,gneqq:M$,gnsim:U$,Gopf:F$,gopf:H$,grave:B$,GreaterEqual:j$,GreaterEqualLess:V$,GreaterFullEqual:G$,GreaterGreater:W$,GreaterLess:z$,GreaterSlantEqual:Q$,GreaterTilde:Y$,Gscr:K$,gscr:X$,gsim:J$,gsime:Z$,gsiml:eL,gtcc:tL,gtcir:sL,gt:nL,GT:rL,Gt:oL,gtdot:iL,gtlPar:aL,gtquest:lL,gtrapprox:cL,gtrarr:uL,gtrdot:dL,gtreqless:hL,gtreqqless:fL,gtrless:pL,gtrsim:mL,gvertneqq:gL,gvnE:vL,Hacek:bL,hairsp:yL,half:EL,hamilt:TL,HARDcy:wL,hardcy:_L,harrcir:SL,harr:RL,hArr:CL,harrw:AL,Hat:kL,hbar:NL,Hcirc:OL,hcirc:IL,hearts:$L,heartsuit:LL,hellip:qL,hercon:DL,hfr:PL,Hfr:xL,HilbertSpace:ML,hksearow:UL,hkswarow:FL,hoarr:HL,homtht:BL,hookleftarrow:jL,hookrightarrow:VL,hopf:GL,Hopf:WL,horbar:zL,HorizontalLine:QL,hscr:YL,Hscr:KL,hslash:XL,Hstrok:JL,hstrok:ZL,HumpDownHump:eq,HumpEqual:tq,hybull:sq,hyphen:nq,Iacute:rq,iacute:oq,ic:iq,Icirc:aq,icirc:lq,Icy:cq,icy:uq,Idot:dq,IEcy:hq,iecy:fq,iexcl:pq,iff:mq,ifr:gq,Ifr:vq,Igrave:bq,igrave:yq,ii:Eq,iiiint:Tq,iiint:wq,iinfin:_q,iiota:Sq,IJlig:Rq,ijlig:Cq,Imacr:Aq,imacr:kq,image:Nq,ImaginaryI:Oq,imagline:Iq,imagpart:$q,imath:Lq,Im:qq,imof:Dq,imped:Pq,Implies:xq,incare:Mq,in:"∈",infin:Uq,infintie:Fq,inodot:Hq,intcal:Bq,int:jq,Int:Vq,integers:Gq,Integral:Wq,intercal:zq,Intersection:Qq,intlarhk:Yq,intprod:Kq,InvisibleComma:Xq,InvisibleTimes:Jq,IOcy:Zq,iocy:eD,Iogon:tD,iogon:sD,Iopf:nD,iopf:rD,Iota:oD,iota:iD,iprod:aD,iquest:lD,iscr:cD,Iscr:uD,isin:dD,isindot:hD,isinE:fD,isins:pD,isinsv:mD,isinv:gD,it:vD,Itilde:bD,itilde:yD,Iukcy:ED,iukcy:TD,Iuml:wD,iuml:_D,Jcirc:SD,jcirc:RD,Jcy:CD,jcy:AD,Jfr:kD,jfr:ND,jmath:OD,Jopf:ID,jopf:$D,Jscr:LD,jscr:qD,Jsercy:DD,jsercy:PD,Jukcy:xD,jukcy:MD,Kappa:UD,kappa:FD,kappav:HD,Kcedil:BD,kcedil:jD,Kcy:VD,kcy:GD,Kfr:WD,kfr:zD,kgreen:QD,KHcy:YD,khcy:KD,KJcy:XD,kjcy:JD,Kopf:ZD,kopf:eP,Kscr:tP,kscr:sP,lAarr:nP,Lacute:rP,lacute:oP,laemptyv:iP,lagran:aP,Lambda:lP,lambda:cP,lang:uP,Lang:dP,langd:hP,langle:fP,lap:pP,Laplacetrf:mP,laquo:gP,larrb:vP,larrbfs:bP,larr:yP,Larr:EP,lArr:TP,larrfs:wP,larrhk:_P,larrlp:SP,larrpl:RP,larrsim:CP,larrtl:AP,latail:kP,lAtail:NP,lat:OP,late:IP,lates:$P,lbarr:LP,lBarr:qP,lbbrk:DP,lbrace:PP,lbrack:xP,lbrke:MP,lbrksld:UP,lbrkslu:FP,Lcaron:HP,lcaron:BP,Lcedil:jP,lcedil:VP,lceil:GP,lcub:WP,Lcy:zP,lcy:QP,ldca:YP,ldquo:KP,ldquor:XP,ldrdhar:JP,ldrushar:ZP,ldsh:ex,le:tx,lE:sx,LeftAngleBracket:nx,LeftArrowBar:rx,leftarrow:ox,LeftArrow:ix,Leftarrow:ax,LeftArrowRightArrow:lx,leftarrowtail:cx,LeftCeiling:ux,LeftDoubleBracket:dx,LeftDownTeeVector:hx,LeftDownVectorBar:fx,LeftDownVector:px,LeftFloor:mx,leftharpoondown:gx,leftharpoonup:vx,leftleftarrows:bx,leftrightarrow:yx,LeftRightArrow:Ex,Leftrightarrow:Tx,leftrightarrows:wx,leftrightharpoons:_x,leftrightsquigarrow:Sx,LeftRightVector:Rx,LeftTeeArrow:Cx,LeftTee:Ax,LeftTeeVector:kx,leftthreetimes:Nx,LeftTriangleBar:Ox,LeftTriangle:Ix,LeftTriangleEqual:$x,LeftUpDownVector:Lx,LeftUpTeeVector:qx,LeftUpVectorBar:Dx,LeftUpVector:Px,LeftVectorBar:xx,LeftVector:Mx,lEg:Ux,leg:Fx,leq:Hx,leqq:Bx,leqslant:jx,lescc:Vx,les:Gx,lesdot:Wx,lesdoto:zx,lesdotor:Qx,lesg:Yx,lesges:Kx,lessapprox:Xx,lessdot:Jx,lesseqgtr:Zx,lesseqqgtr:eM,LessEqualGreater:tM,LessFullEqual:sM,LessGreater:nM,lessgtr:rM,LessLess:oM,lesssim:iM,LessSlantEqual:aM,LessTilde:lM,lfisht:cM,lfloor:uM,Lfr:dM,lfr:hM,lg:fM,lgE:pM,lHar:mM,lhard:gM,lharu:vM,lharul:bM,lhblk:yM,LJcy:EM,ljcy:TM,llarr:wM,ll:_M,Ll:SM,llcorner:RM,Lleftarrow:CM,llhard:AM,lltri:kM,Lmidot:NM,lmidot:OM,lmoustache:IM,lmoust:$M,lnap:LM,lnapprox:qM,lne:DM,lnE:PM,lneq:xM,lneqq:MM,lnsim:UM,loang:FM,loarr:HM,lobrk:BM,longleftarrow:jM,LongLeftArrow:VM,Longleftarrow:GM,longleftrightarrow:WM,LongLeftRightArrow:zM,Longleftrightarrow:QM,longmapsto:YM,longrightarrow:KM,LongRightArrow:XM,Longrightarrow:JM,looparrowleft:ZM,looparrowright:e4,lopar:t4,Lopf:s4,lopf:n4,loplus:r4,lotimes:o4,lowast:i4,lowbar:a4,LowerLeftArrow:l4,LowerRightArrow:c4,loz:u4,lozenge:d4,lozf:h4,lpar:f4,lparlt:p4,lrarr:m4,lrcorner:g4,lrhar:v4,lrhard:b4,lrm:y4,lrtri:E4,lsaquo:T4,lscr:w4,Lscr:_4,lsh:S4,Lsh:R4,lsim:C4,lsime:A4,lsimg:k4,lsqb:N4,lsquo:O4,lsquor:I4,Lstrok:$4,lstrok:L4,ltcc:q4,ltcir:D4,lt:P4,LT:x4,Lt:M4,ltdot:U4,lthree:F4,ltimes:H4,ltlarr:B4,ltquest:j4,ltri:V4,ltrie:G4,ltrif:W4,ltrPar:z4,lurdshar:Q4,luruhar:Y4,lvertneqq:K4,lvnE:X4,macr:J4,male:Z4,malt:eU,maltese:tU,Map:"⤅",map:sU,mapsto:nU,mapstodown:rU,mapstoleft:oU,mapstoup:iU,marker:aU,mcomma:lU,Mcy:cU,mcy:uU,mdash:dU,mDDot:hU,measuredangle:fU,MediumSpace:pU,Mellintrf:mU,Mfr:gU,mfr:vU,mho:bU,micro:yU,midast:EU,midcir:TU,mid:wU,middot:_U,minusb:SU,minus:RU,minusd:CU,minusdu:AU,MinusPlus:kU,mlcp:NU,mldr:OU,mnplus:IU,models:$U,Mopf:LU,mopf:qU,mp:DU,mscr:PU,Mscr:xU,mstpos:MU,Mu:UU,mu:FU,multimap:HU,mumap:BU,nabla:jU,Nacute:VU,nacute:GU,nang:WU,nap:zU,napE:QU,napid:YU,napos:KU,napprox:XU,natural:JU,naturals:ZU,natur:e3,nbsp:t3,nbump:s3,nbumpe:n3,ncap:r3,Ncaron:o3,ncaron:i3,Ncedil:a3,ncedil:l3,ncong:c3,ncongdot:u3,ncup:d3,Ncy:h3,ncy:f3,ndash:p3,nearhk:m3,nearr:g3,neArr:v3,nearrow:b3,ne:y3,nedot:E3,NegativeMediumSpace:T3,NegativeThickSpace:w3,NegativeThinSpace:_3,NegativeVeryThinSpace:S3,nequiv:R3,nesear:C3,nesim:A3,NestedGreaterGreater:k3,NestedLessLess:N3,NewLine:O3,nexist:I3,nexists:$3,Nfr:L3,nfr:q3,ngE:D3,nge:P3,ngeq:x3,ngeqq:M3,ngeqslant:U3,nges:F3,nGg:H3,ngsim:B3,nGt:j3,ngt:V3,ngtr:G3,nGtv:W3,nharr:z3,nhArr:Q3,nhpar:Y3,ni:K3,nis:X3,nisd:J3,niv:Z3,NJcy:e5,njcy:t5,nlarr:s5,nlArr:n5,nldr:r5,nlE:o5,nle:i5,nleftarrow:a5,nLeftarrow:l5,nleftrightarrow:c5,nLeftrightarrow:u5,nleq:d5,nleqq:h5,nleqslant:f5,nles:p5,nless:m5,nLl:g5,nlsim:v5,nLt:b5,nlt:y5,nltri:E5,nltrie:T5,nLtv:w5,nmid:_5,NoBreak:S5,NonBreakingSpace:R5,nopf:C5,Nopf:A5,Not:k5,not:N5,NotCongruent:O5,NotCupCap:I5,NotDoubleVerticalBar:$5,NotElement:L5,NotEqual:q5,NotEqualTilde:D5,NotExists:P5,NotGreater:x5,NotGreaterEqual:M5,NotGreaterFullEqual:U5,NotGreaterGreater:F5,NotGreaterLess:H5,NotGreaterSlantEqual:B5,NotGreaterTilde:j5,NotHumpDownHump:V5,NotHumpEqual:G5,notin:W5,notindot:z5,notinE:Q5,notinva:Y5,notinvb:K5,notinvc:X5,NotLeftTriangleBar:J5,NotLeftTriangle:Z5,NotLeftTriangleEqual:eF,NotLess:tF,NotLessEqual:sF,NotLessGreater:nF,NotLessLess:rF,NotLessSlantEqual:oF,NotLessTilde:iF,NotNestedGreaterGreater:aF,NotNestedLessLess:lF,notni:cF,notniva:uF,notnivb:dF,notnivc:hF,NotPrecedes:fF,NotPrecedesEqual:pF,NotPrecedesSlantEqual:mF,NotReverseElement:gF,NotRightTriangleBar:vF,NotRightTriangle:bF,NotRightTriangleEqual:yF,NotSquareSubset:EF,NotSquareSubsetEqual:TF,NotSquareSuperset:wF,NotSquareSupersetEqual:_F,NotSubset:SF,NotSubsetEqual:RF,NotSucceeds:CF,NotSucceedsEqual:AF,NotSucceedsSlantEqual:kF,NotSucceedsTilde:NF,NotSuperset:OF,NotSupersetEqual:IF,NotTilde:$F,NotTildeEqual:LF,NotTildeFullEqual:qF,NotTildeTilde:DF,NotVerticalBar:PF,nparallel:xF,npar:MF,nparsl:UF,npart:FF,npolint:HF,npr:BF,nprcue:jF,nprec:VF,npreceq:GF,npre:WF,nrarrc:zF,nrarr:QF,nrArr:YF,nrarrw:KF,nrightarrow:XF,nRightarrow:JF,nrtri:ZF,nrtrie:eH,nsc:tH,nsccue:sH,nsce:nH,Nscr:rH,nscr:oH,nshortmid:iH,nshortparallel:aH,nsim:lH,nsime:cH,nsimeq:uH,nsmid:dH,nspar:hH,nsqsube:fH,nsqsupe:pH,nsub:mH,nsubE:gH,nsube:vH,nsubset:bH,nsubseteq:yH,nsubseteqq:EH,nsucc:TH,nsucceq:wH,nsup:_H,nsupE:SH,nsupe:RH,nsupset:CH,nsupseteq:AH,nsupseteqq:kH,ntgl:NH,Ntilde:OH,ntilde:IH,ntlg:$H,ntriangleleft:LH,ntrianglelefteq:qH,ntriangleright:DH,ntrianglerighteq:PH,Nu:xH,nu:MH,num:UH,numero:FH,numsp:HH,nvap:BH,nvdash:jH,nvDash:VH,nVdash:GH,nVDash:WH,nvge:zH,nvgt:QH,nvHarr:YH,nvinfin:KH,nvlArr:XH,nvle:JH,nvlt:ZH,nvltrie:eB,nvrArr:tB,nvrtrie:sB,nvsim:nB,nwarhk:rB,nwarr:oB,nwArr:iB,nwarrow:aB,nwnear:lB,Oacute:cB,oacute:uB,oast:dB,Ocirc:hB,ocirc:fB,ocir:pB,Ocy:mB,ocy:gB,odash:vB,Odblac:bB,odblac:yB,odiv:EB,odot:TB,odsold:wB,OElig:_B,oelig:SB,ofcir:RB,Ofr:CB,ofr:AB,ogon:kB,Ograve:NB,ograve:OB,ogt:IB,ohbar:$B,ohm:LB,oint:qB,olarr:DB,olcir:PB,olcross:xB,oline:MB,olt:UB,Omacr:FB,omacr:HB,Omega:BB,omega:jB,Omicron:VB,omicron:GB,omid:WB,ominus:zB,Oopf:QB,oopf:YB,opar:KB,OpenCurlyDoubleQuote:XB,OpenCurlyQuote:JB,operp:ZB,oplus:e6,orarr:t6,Or:s6,or:n6,ord:r6,order:o6,orderof:i6,ordf:a6,ordm:l6,origof:c6,oror:u6,orslope:d6,orv:h6,oS:f6,Oscr:p6,oscr:m6,Oslash:g6,oslash:v6,osol:b6,Otilde:y6,otilde:E6,otimesas:T6,Otimes:w6,otimes:_6,Ouml:S6,ouml:R6,ovbar:C6,OverBar:A6,OverBrace:k6,OverBracket:N6,OverParenthesis:O6,para:I6,parallel:$6,par:L6,parsim:q6,parsl:D6,part:P6,PartialD:x6,Pcy:M6,pcy:U6,percnt:F6,period:H6,permil:B6,perp:j6,pertenk:V6,Pfr:G6,pfr:W6,Phi:z6,phi:Q6,phiv:Y6,phmmat:K6,phone:X6,Pi:J6,pi:Z6,pitchfork:e8,piv:t8,planck:s8,planckh:n8,plankv:r8,plusacir:o8,plusb:i8,pluscir:a8,plus:l8,plusdo:c8,plusdu:u8,pluse:d8,PlusMinus:h8,plusmn:f8,plussim:p8,plustwo:m8,pm:g8,Poincareplane:v8,pointint:b8,popf:y8,Popf:E8,pound:T8,prap:w8,Pr:_8,pr:S8,prcue:R8,precapprox:C8,prec:A8,preccurlyeq:k8,Precedes:N8,PrecedesEqual:O8,PrecedesSlantEqual:I8,PrecedesTilde:$8,preceq:L8,precnapprox:q8,precneqq:D8,precnsim:P8,pre:x8,prE:M8,precsim:U8,prime:F8,Prime:H8,primes:B8,prnap:j8,prnE:V8,prnsim:G8,prod:W8,Product:z8,profalar:Q8,profline:Y8,profsurf:K8,prop:X8,Proportional:J8,Proportion:Z8,propto:ej,prsim:tj,prurel:sj,Pscr:nj,pscr:rj,Psi:oj,psi:ij,puncsp:aj,Qfr:lj,qfr:cj,qint:uj,qopf:dj,Qopf:hj,qprime:fj,Qscr:pj,qscr:mj,quaternions:gj,quatint:vj,quest:bj,questeq:yj,quot:Ej,QUOT:Tj,rAarr:wj,race:_j,Racute:Sj,racute:Rj,radic:Cj,raemptyv:Aj,rang:kj,Rang:Nj,rangd:Oj,range:Ij,rangle:$j,raquo:Lj,rarrap:qj,rarrb:Dj,rarrbfs:Pj,rarrc:xj,rarr:Mj,Rarr:Uj,rArr:Fj,rarrfs:Hj,rarrhk:Bj,rarrlp:jj,rarrpl:Vj,rarrsim:Gj,Rarrtl:Wj,rarrtl:zj,rarrw:Qj,ratail:Yj,rAtail:Kj,ratio:Xj,rationals:Jj,rbarr:Zj,rBarr:eV,RBarr:tV,rbbrk:sV,rbrace:nV,rbrack:rV,rbrke:oV,rbrksld:iV,rbrkslu:aV,Rcaron:lV,rcaron:cV,Rcedil:uV,rcedil:dV,rceil:hV,rcub:fV,Rcy:pV,rcy:mV,rdca:gV,rdldhar:vV,rdquo:bV,rdquor:yV,rdsh:EV,real:TV,realine:wV,realpart:_V,reals:SV,Re:RV,rect:CV,reg:AV,REG:kV,ReverseElement:NV,ReverseEquilibrium:OV,ReverseUpEquilibrium:IV,rfisht:$V,rfloor:LV,rfr:qV,Rfr:DV,rHar:PV,rhard:xV,rharu:MV,rharul:UV,Rho:FV,rho:HV,rhov:BV,RightAngleBracket:jV,RightArrowBar:VV,rightarrow:GV,RightArrow:WV,Rightarrow:zV,RightArrowLeftArrow:QV,rightarrowtail:YV,RightCeiling:KV,RightDoubleBracket:XV,RightDownTeeVector:JV,RightDownVectorBar:ZV,RightDownVector:eG,RightFloor:tG,rightharpoondown:sG,rightharpoonup:nG,rightleftarrows:rG,rightleftharpoons:oG,rightrightarrows:iG,rightsquigarrow:aG,RightTeeArrow:lG,RightTee:cG,RightTeeVector:uG,rightthreetimes:dG,RightTriangleBar:hG,RightTriangle:fG,RightTriangleEqual:pG,RightUpDownVector:mG,RightUpTeeVector:gG,RightUpVectorBar:vG,RightUpVector:bG,RightVectorBar:yG,RightVector:EG,ring:TG,risingdotseq:wG,rlarr:_G,rlhar:SG,rlm:RG,rmoustache:CG,rmoust:AG,rnmid:kG,roang:NG,roarr:OG,robrk:IG,ropar:$G,ropf:LG,Ropf:qG,roplus:DG,rotimes:PG,RoundImplies:xG,rpar:MG,rpargt:UG,rppolint:FG,rrarr:HG,Rrightarrow:BG,rsaquo:jG,rscr:VG,Rscr:GG,rsh:WG,Rsh:zG,rsqb:QG,rsquo:YG,rsquor:KG,rthree:XG,rtimes:JG,rtri:ZG,rtrie:eW,rtrif:tW,rtriltri:sW,RuleDelayed:nW,ruluhar:rW,rx:oW,Sacute:iW,sacute:aW,sbquo:lW,scap:cW,Scaron:uW,scaron:dW,Sc:hW,sc:fW,sccue:pW,sce:mW,scE:gW,Scedil:vW,scedil:bW,Scirc:yW,scirc:EW,scnap:TW,scnE:wW,scnsim:_W,scpolint:SW,scsim:RW,Scy:CW,scy:AW,sdotb:kW,sdot:NW,sdote:OW,searhk:IW,searr:$W,seArr:LW,searrow:qW,sect:DW,semi:PW,seswar:xW,setminus:MW,setmn:UW,sext:FW,Sfr:HW,sfr:BW,sfrown:jW,sharp:VW,SHCHcy:GW,shchcy:WW,SHcy:zW,shcy:QW,ShortDownArrow:YW,ShortLeftArrow:KW,shortmid:XW,shortparallel:JW,ShortRightArrow:ZW,ShortUpArrow:e9,shy:t9,Sigma:s9,sigma:n9,sigmaf:r9,sigmav:o9,sim:i9,simdot:a9,sime:l9,simeq:c9,simg:u9,simgE:d9,siml:h9,simlE:f9,simne:p9,simplus:m9,simrarr:g9,slarr:v9,SmallCircle:b9,smallsetminus:y9,smashp:E9,smeparsl:T9,smid:w9,smile:_9,smt:S9,smte:R9,smtes:C9,SOFTcy:A9,softcy:k9,solbar:N9,solb:O9,sol:I9,Sopf:$9,sopf:L9,spades:q9,spadesuit:D9,spar:P9,sqcap:x9,sqcaps:M9,sqcup:U9,sqcups:F9,Sqrt:H9,sqsub:B9,sqsube:j9,sqsubset:V9,sqsubseteq:G9,sqsup:W9,sqsupe:z9,sqsupset:Q9,sqsupseteq:Y9,square:K9,Square:X9,SquareIntersection:J9,SquareSubset:Z9,SquareSubsetEqual:ez,SquareSuperset:tz,SquareSupersetEqual:sz,SquareUnion:nz,squarf:rz,squ:oz,squf:iz,srarr:az,Sscr:lz,sscr:cz,ssetmn:uz,ssmile:dz,sstarf:hz,Star:fz,star:pz,starf:mz,straightepsilon:gz,straightphi:vz,strns:bz,sub:yz,Sub:Ez,subdot:Tz,subE:wz,sube:_z,subedot:Sz,submult:Rz,subnE:Cz,subne:Az,subplus:kz,subrarr:Nz,subset:Oz,Subset:Iz,subseteq:$z,subseteqq:Lz,SubsetEqual:qz,subsetneq:Dz,subsetneqq:Pz,subsim:xz,subsub:Mz,subsup:Uz,succapprox:Fz,succ:Hz,succcurlyeq:Bz,Succeeds:jz,SucceedsEqual:Vz,SucceedsSlantEqual:Gz,SucceedsTilde:Wz,succeq:zz,succnapprox:Qz,succneqq:Yz,succnsim:Kz,succsim:Xz,SuchThat:Jz,sum:Zz,Sum:eQ,sung:tQ,sup1:sQ,sup2:nQ,sup3:rQ,sup:oQ,Sup:iQ,supdot:aQ,supdsub:lQ,supE:cQ,supe:uQ,supedot:dQ,Superset:hQ,SupersetEqual:fQ,suphsol:pQ,suphsub:mQ,suplarr:gQ,supmult:vQ,supnE:bQ,supne:yQ,supplus:EQ,supset:TQ,Supset:wQ,supseteq:_Q,supseteqq:SQ,supsetneq:RQ,supsetneqq:CQ,supsim:AQ,supsub:kQ,supsup:NQ,swarhk:OQ,swarr:IQ,swArr:$Q,swarrow:LQ,swnwar:qQ,szlig:DQ,Tab:PQ,target:xQ,Tau:MQ,tau:UQ,tbrk:FQ,Tcaron:HQ,tcaron:BQ,Tcedil:jQ,tcedil:VQ,Tcy:GQ,tcy:WQ,tdot:zQ,telrec:QQ,Tfr:YQ,tfr:KQ,there4:XQ,therefore:JQ,Therefore:ZQ,Theta:e7,theta:t7,thetasym:s7,thetav:n7,thickapprox:r7,thicksim:o7,ThickSpace:i7,ThinSpace:a7,thinsp:l7,thkap:c7,thksim:u7,THORN:d7,thorn:h7,tilde:f7,Tilde:p7,TildeEqual:m7,TildeFullEqual:g7,TildeTilde:v7,timesbar:b7,timesb:y7,times:E7,timesd:T7,tint:w7,toea:_7,topbot:S7,topcir:R7,top:C7,Topf:A7,topf:k7,topfork:N7,tosa:O7,tprime:I7,trade:$7,TRADE:L7,triangle:q7,triangledown:D7,triangleleft:P7,trianglelefteq:x7,triangleq:M7,triangleright:U7,trianglerighteq:F7,tridot:H7,trie:B7,triminus:j7,TripleDot:V7,triplus:G7,trisb:W7,tritime:z7,trpezium:Q7,Tscr:Y7,tscr:K7,TScy:X7,tscy:J7,TSHcy:Z7,tshcy:eY,Tstrok:tY,tstrok:sY,twixt:nY,twoheadleftarrow:rY,twoheadrightarrow:oY,Uacute:iY,uacute:aY,uarr:lY,Uarr:cY,uArr:uY,Uarrocir:dY,Ubrcy:hY,ubrcy:fY,Ubreve:pY,ubreve:mY,Ucirc:gY,ucirc:vY,Ucy:bY,ucy:yY,udarr:EY,Udblac:TY,udblac:wY,udhar:_Y,ufisht:SY,Ufr:RY,ufr:CY,Ugrave:AY,ugrave:kY,uHar:NY,uharl:OY,uharr:IY,uhblk:$Y,ulcorn:LY,ulcorner:qY,ulcrop:DY,ultri:PY,Umacr:xY,umacr:MY,uml:UY,UnderBar:FY,UnderBrace:HY,UnderBracket:BY,UnderParenthesis:jY,Union:VY,UnionPlus:GY,Uogon:WY,uogon:zY,Uopf:QY,uopf:YY,UpArrowBar:KY,uparrow:XY,UpArrow:JY,Uparrow:ZY,UpArrowDownArrow:eK,updownarrow:tK,UpDownArrow:sK,Updownarrow:nK,UpEquilibrium:rK,upharpoonleft:oK,upharpoonright:iK,uplus:aK,UpperLeftArrow:lK,UpperRightArrow:cK,upsi:uK,Upsi:dK,upsih:hK,Upsilon:fK,upsilon:pK,UpTeeArrow:mK,UpTee:gK,upuparrows:vK,urcorn:bK,urcorner:yK,urcrop:EK,Uring:TK,uring:wK,urtri:_K,Uscr:SK,uscr:RK,utdot:CK,Utilde:AK,utilde:kK,utri:NK,utrif:OK,uuarr:IK,Uuml:$K,uuml:LK,uwangle:qK,vangrt:DK,varepsilon:PK,varkappa:xK,varnothing:MK,varphi:UK,varpi:FK,varpropto:HK,varr:BK,vArr:jK,varrho:VK,varsigma:GK,varsubsetneq:WK,varsubsetneqq:zK,varsupsetneq:QK,varsupsetneqq:YK,vartheta:KK,vartriangleleft:XK,vartriangleright:JK,vBar:ZK,Vbar:eX,vBarv:tX,Vcy:sX,vcy:nX,vdash:rX,vDash:oX,Vdash:iX,VDash:aX,Vdashl:lX,veebar:cX,vee:uX,Vee:dX,veeeq:hX,vellip:fX,verbar:pX,Verbar:mX,vert:gX,Vert:vX,VerticalBar:bX,VerticalLine:yX,VerticalSeparator:EX,VerticalTilde:TX,VeryThinSpace:wX,Vfr:_X,vfr:SX,vltri:RX,vnsub:CX,vnsup:AX,Vopf:kX,vopf:NX,vprop:OX,vrtri:IX,Vscr:$X,vscr:LX,vsubnE:qX,vsubne:DX,vsupnE:PX,vsupne:xX,Vvdash:MX,vzigzag:UX,Wcirc:FX,wcirc:HX,wedbar:BX,wedge:jX,Wedge:VX,wedgeq:GX,weierp:WX,Wfr:zX,wfr:QX,Wopf:YX,wopf:KX,wp:XX,wr:JX,wreath:ZX,Wscr:eJ,wscr:tJ,xcap:sJ,xcirc:nJ,xcup:rJ,xdtri:oJ,Xfr:iJ,xfr:aJ,xharr:lJ,xhArr:cJ,Xi:uJ,xi:dJ,xlarr:hJ,xlArr:fJ,xmap:pJ,xnis:mJ,xodot:gJ,Xopf:vJ,xopf:bJ,xoplus:yJ,xotime:EJ,xrarr:TJ,xrArr:wJ,Xscr:_J,xscr:SJ,xsqcup:RJ,xuplus:CJ,xutri:AJ,xvee:kJ,xwedge:NJ,Yacute:OJ,yacute:IJ,YAcy:$J,yacy:LJ,Ycirc:qJ,ycirc:DJ,Ycy:PJ,ycy:xJ,yen:MJ,Yfr:UJ,yfr:FJ,YIcy:HJ,yicy:BJ,Yopf:jJ,yopf:VJ,Yscr:GJ,yscr:WJ,YUcy:zJ,yucy:QJ,yuml:YJ,Yuml:KJ,Zacute:XJ,zacute:JJ,Zcaron:ZJ,zcaron:eZ,Zcy:tZ,zcy:sZ,Zdot:nZ,zdot:rZ,zeetrf:oZ,ZeroWidthSpace:iZ,Zeta:aZ,zeta:lZ,zfr:cZ,Zfr:uZ,ZHcy:dZ,zhcy:hZ,zigrarr:fZ,zopf:pZ,Zopf:mZ,Zscr:gZ,zscr:vZ,zwj:bZ,zwnj:yZ},EZ="Á",TZ="á",wZ="Â",_Z="â",SZ="´",RZ="Æ",CZ="æ",AZ="À",kZ="à",NZ="&",OZ="&",IZ="Å",$Z="å",LZ="Ã",qZ="ã",DZ="Ä",PZ="ä",xZ="¦",MZ="Ç",UZ="ç",FZ="¸",HZ="¢",BZ="©",jZ="©",VZ="¤",GZ="°",WZ="÷",zZ="É",QZ="é",YZ="Ê",KZ="ê",XZ="È",JZ="è",ZZ="Ð",eee="ð",tee="Ë",see="ë",nee="½",ree="¼",oee="¾",iee=">",aee=">",lee="Í",cee="í",uee="Î",dee="î",hee="¡",fee="Ì",pee="ì",mee="¿",gee="Ï",vee="ï",bee="«",yee="<",Eee="<",Tee="¯",wee="µ",_ee="·",See=" ",Ree="¬",Cee="Ñ",Aee="ñ",kee="Ó",Nee="ó",Oee="Ô",Iee="ô",$ee="Ò",Lee="ò",qee="ª",Dee="º",Pee="Ø",xee="ø",Mee="Õ",Uee="õ",Fee="Ö",Hee="ö",Bee="¶",jee="±",Vee="£",Gee='"',Wee='"',zee="»",Qee="®",Yee="®",Kee="§",Xee="­",Jee="¹",Zee="²",ete="³",tte="ß",ste="Þ",nte="þ",rte="×",ote="Ú",ite="ú",ate="Û",lte="û",cte="Ù",ute="ù",dte="¨",hte="Ü",fte="ü",pte="Ý",mte="ý",gte="¥",vte="ÿ",bte={Aacute:EZ,aacute:TZ,Acirc:wZ,acirc:_Z,acute:SZ,AElig:RZ,aelig:CZ,Agrave:AZ,agrave:kZ,amp:NZ,AMP:OZ,Aring:IZ,aring:$Z,Atilde:LZ,atilde:qZ,Auml:DZ,auml:PZ,brvbar:xZ,Ccedil:MZ,ccedil:UZ,cedil:FZ,cent:HZ,copy:BZ,COPY:jZ,curren:VZ,deg:GZ,divide:WZ,Eacute:zZ,eacute:QZ,Ecirc:YZ,ecirc:KZ,Egrave:XZ,egrave:JZ,ETH:ZZ,eth:eee,Euml:tee,euml:see,frac12:nee,frac14:ree,frac34:oee,gt:iee,GT:aee,Iacute:lee,iacute:cee,Icirc:uee,icirc:dee,iexcl:hee,Igrave:fee,igrave:pee,iquest:mee,Iuml:gee,iuml:vee,laquo:bee,lt:yee,LT:Eee,macr:Tee,micro:wee,middot:_ee,nbsp:See,not:Ree,Ntilde:Cee,ntilde:Aee,Oacute:kee,oacute:Nee,Ocirc:Oee,ocirc:Iee,Ograve:$ee,ograve:Lee,ordf:qee,ordm:Dee,Oslash:Pee,oslash:xee,Otilde:Mee,otilde:Uee,Ouml:Fee,ouml:Hee,para:Bee,plusmn:jee,pound:Vee,quot:Gee,QUOT:Wee,raquo:zee,reg:Qee,REG:Yee,sect:Kee,shy:Xee,sup1:Jee,sup2:Zee,sup3:ete,szlig:tte,THORN:ste,thorn:nte,times:rte,Uacute:ote,uacute:ite,Ucirc:ate,ucirc:lte,Ugrave:cte,ugrave:ute,uml:dte,Uuml:hte,uuml:fte,Yacute:pte,yacute:mte,yen:gte,yuml:vte},yte="&",Ete="'",Tte=">",wte="<",_te='"',eu={amp:yte,apos:Ete,gt:Tte,lt:wte,quot:_te};var $i={};const Ste={0:65533,128:8364,130:8218,131:402,132:8222,133:8230,134:8224,135:8225,136:710,137:8240,138:352,139:8249,140:338,142:381,145:8216,146:8217,147:8220,148:8221,149:8226,150:8211,151:8212,152:732,153:8482,154:353,155:8250,156:339,158:382,159:376};var Rte=ve&&ve.__importDefault||function(e){return e&&e.__esModule?e:{default:e}};Object.defineProperty($i,"__esModule",{value:!0});var ja=Rte(Ste),Cte=String.fromCodePoint||function(e){var t="";return e>65535&&(e-=65536,t+=String.fromCharCode(e>>>10&1023|55296),e=56320|e&1023),t+=String.fromCharCode(e),t};function Ate(e){return e>=55296&&e<=57343||e>1114111?"�":(e in ja.default&&(e=ja.default[e]),Cte(e))}$i.default=Ate;var oo=ve&&ve.__importDefault||function(e){return e&&e.__esModule?e:{default:e}};Object.defineProperty(Ft,"__esModule",{value:!0});Ft.decodeHTML=Ft.decodeHTMLStrict=Ft.decodeXML=void 0;var oi=oo(Zc),kte=oo(bte),Nte=oo(eu),Va=oo($i),Ote=/&(?:[a-zA-Z0-9]+|#[xX][\da-fA-F]+|#\d+);/g;Ft.decodeXML=tu(Nte.default);Ft.decodeHTMLStrict=tu(oi.default);function tu(e){var t=su(e);return function(s){return String(s).replace(Ote,t)}}var Ga=function(e,t){return e<t?1:-1};Ft.decodeHTML=function(){for(var e=Object.keys(kte.default).sort(Ga),t=Object.keys(oi.default).sort(Ga),s=0,n=0;s<t.length;s++)e[n]===t[s]?(t[s]+=";?",n++):t[s]+=";";var r=new RegExp("&(?:"+t.join("|")+"|#[xX][\\da-fA-F]+;?|#\\d+;?)","g"),o=su(oi.default);function i(a){return a.substr(-1)!==";"&&(a+=";"),o(a)}return function(a){return String(a).replace(r,i)}}();function su(e){return function(s){if(s.charAt(1)==="#"){var n=s.charAt(2);return n==="X"||n==="x"?Va.default(parseInt(s.substr(3),16)):Va.default(parseInt(s.substr(2),10))}return e[s.slice(1,-1)]||s}}var ct={},nu=ve&&ve.__importDefault||function(e){return e&&e.__esModule?e:{default:e}};Object.defineProperty(ct,"__esModule",{value:!0});ct.escapeUTF8=ct.escape=ct.encodeNonAsciiHTML=ct.encodeHTML=ct.encodeXML=void 0;var Ite=nu(eu),ru=iu(Ite.default),ou=au(ru);ct.encodeXML=uu(ru);var $te=nu(Zc),Li=iu($te.default),Lte=au(Li);ct.encodeHTML=Dte(Li,Lte);ct.encodeNonAsciiHTML=uu(Li);function iu(e){return Object.keys(e).sort().reduce(function(t,s){return t[e[s]]="&"+s+";",t},{})}function au(e){for(var t=[],s=[],n=0,r=Object.keys(e);n<r.length;n++){var o=r[n];o.length===1?t.push("\\"+o):s.push(o)}t.sort();for(var i=0;i<t.length-1;i++){for(var a=i;a<t.length-1&&t[a].charCodeAt(1)+1===t[a+1].charCodeAt(1);)a+=1;var l=1+a-i;l<3||t.splice(i,l,t[i]+"-"+t[a])}return s.unshift("["+t.join("")+"]"),new RegExp(s.join("|"),"g")}var lu=/(?:[\x80-\uD7FF\uE000-\uFFFF]|[\uD800-\uDBFF][\uDC00-\uDFFF]|[\uD800-\uDBFF](?![\uDC00-\uDFFF])|(?:[^\uD800-\uDBFF]|^)[\uDC00-\uDFFF])/g,qte=String.prototype.codePointAt!=null?function(e){return e.codePointAt(0)}:function(e){return(e.charCodeAt(0)-55296)*1024+e.charCodeAt(1)-56320+65536};function io(e){return"&#x"+(e.length>1?qte(e):e.charCodeAt(0)).toString(16).toUpperCase()+";"}function Dte(e,t){return function(s){return s.replace(t,function(n){return e[n]}).replace(lu,io)}}var cu=new RegExp(ou.source+"|"+lu.source,"g");function Pte(e){return e.replace(cu,io)}ct.escape=Pte;function xte(e){return e.replace(ou,io)}ct.escapeUTF8=xte;function uu(e){return function(t){return t.replace(cu,function(s){return e[s]||io(s)})}}(function(e){Object.defineProperty(e,"__esModule",{value:!0}),e.decodeXMLStrict=e.decodeHTML5Strict=e.decodeHTML4Strict=e.decodeHTML5=e.decodeHTML4=e.decodeHTMLStrict=e.decodeHTML=e.decodeXML=e.encodeHTML5=e.encodeHTML4=e.escapeUTF8=e.escape=e.encodeNonAsciiHTML=e.encodeHTML=e.encodeXML=e.encode=e.decodeStrict=e.decode=void 0;var t=Ft,s=ct;function n(l,h){return(!h||h<=0?t.decodeXML:t.decodeHTML)(l)}e.decode=n;function r(l,h){return(!h||h<=0?t.decodeXML:t.decodeHTMLStrict)(l)}e.decodeStrict=r;function o(l,h){return(!h||h<=0?s.encodeXML:s.encodeHTML)(l)}e.encode=o;var i=ct;Object.defineProperty(e,"encodeXML",{enumerable:!0,get:function(){return i.encodeXML}}),Object.defineProperty(e,"encodeHTML",{enumerable:!0,get:function(){return i.encodeHTML}}),Object.defineProperty(e,"encodeNonAsciiHTML",{enumerable:!0,get:function(){return i.encodeNonAsciiHTML}}),Object.defineProperty(e,"escape",{enumerable:!0,get:function(){return i.escape}}),Object.defineProperty(e,"escapeUTF8",{enumerable:!0,get:function(){return i.escapeUTF8}}),Object.defineProperty(e,"encodeHTML4",{enumerable:!0,get:function(){return i.encodeHTML}}),Object.defineProperty(e,"encodeHTML5",{enumerable:!0,get:function(){return i.encodeHTML}});var a=Ft;Object.defineProperty(e,"decodeXML",{enumerable:!0,get:function(){return a.decodeXML}}),Object.defineProperty(e,"decodeHTML",{enumerable:!0,get:function(){return a.decodeHTML}}),Object.defineProperty(e,"decodeHTMLStrict",{enumerable:!0,get:function(){return a.decodeHTMLStrict}}),Object.defineProperty(e,"decodeHTML4",{enumerable:!0,get:function(){return a.decodeHTML}}),Object.defineProperty(e,"decodeHTML5",{enumerable:!0,get:function(){return a.decodeHTML}}),Object.defineProperty(e,"decodeHTML4Strict",{enumerable:!0,get:function(){return a.decodeHTMLStrict}}),Object.defineProperty(e,"decodeHTML5Strict",{enumerable:!0,get:function(){return a.decodeHTMLStrict}}),Object.defineProperty(e,"decodeXMLStrict",{enumerable:!0,get:function(){return a.decodeXML}})})(Jc);function Mte(e,t){if(!(e instanceof t))throw new TypeError("Cannot call a class as a function")}function Ute(e,t){for(var s=0;s<t.length;s++){var n=t[s];n.enumerable=n.enumerable||!1,n.configurable=!0,"value"in n&&(n.writable=!0),Object.defineProperty(e,n.key,n)}}function Fte(e,t,s){return t&&Ute(e.prototype,t),e}function du(e,t){var s=typeof Symbol<"u"&&e[Symbol.iterator]||e["@@iterator"];if(!s){if(Array.isArray(e)||(s=Hte(e))||t){s&&(e=s);var n=0,r=function(){};return{s:r,n:function(){return n>=e.length?{done:!0}:{done:!1,value:e[n++]}},e:function(h){throw h},f:r}}throw new TypeError(`Invalid attempt to iterate non-iterable instance.
In order to be iterable, non-array objects must have a [Symbol.iterator]() method.`)}var o=!0,i=!1,a;return{s:function(){s=s.call(e)},n:function(){var h=s.next();return o=h.done,h},e:function(h){i=!0,a=h},f:function(){try{!o&&s.return!=null&&s.return()}finally{if(i)throw a}}}}function Hte(e,t){if(e){if(typeof e=="string")return Wa(e,t);var s=Object.prototype.toString.call(e).slice(8,-1);if(s==="Object"&&e.constructor&&(s=e.constructor.name),s==="Map"||s==="Set")return Array.from(e);if(s==="Arguments"||/^(?:Ui|I)nt(?:8|16|32)(?:Clamped)?Array$/.test(s))return Wa(e,t)}}function Wa(e,t){(t==null||t>e.length)&&(t=e.length);for(var s=0,n=new Array(t);s<t;s++)n[s]=e[s];return n}var Bte=Jc,za={fg:"#FFF",bg:"#000",newline:!1,escapeXML:!1,stream:!1,colors:jte()};function jte(){var e={0:"#000",1:"#A00",2:"#0A0",3:"#A50",4:"#00A",5:"#A0A",6:"#0AA",7:"#AAA",8:"#555",9:"#F55",10:"#5F5",11:"#FF5",12:"#55F",13:"#F5F",14:"#5FF",15:"#FFF"};return Un(0,5).forEach(function(t){Un(0,5).forEach(function(s){Un(0,5).forEach(function(n){return Vte(t,s,n,e)})})}),Un(0,23).forEach(function(t){var s=t+232,n=hu(t*10+8);e[s]="#"+n+n+n}),e}function Vte(e,t,s,n){var r=16+e*36+t*6+s,o=e>0?e*40+55:0,i=t>0?t*40+55:0,a=s>0?s*40+55:0;n[r]=Gte([o,i,a])}function hu(e){for(var t=e.toString(16);t.length<2;)t="0"+t;return t}function Gte(e){var t=[],s=du(e),n;try{for(s.s();!(n=s.n()).done;){var r=n.value;t.push(hu(r))}}catch(o){s.e(o)}finally{s.f()}return"#"+t.join("")}function Qa(e,t,s,n){var r;return t==="text"?r=Yte(s,n):t==="display"?r=zte(e,s,n):t==="xterm256Foreground"?r=Qn(e,n.colors[s]):t==="xterm256Background"?r=Yn(e,n.colors[s]):t==="rgb"&&(r=Wte(e,s)),r}function Wte(e,t){t=t.substring(2).slice(0,-1);var s=+t.substr(0,2),n=t.substring(5).split(";"),r=n.map(function(o){return("0"+Number(o).toString(16)).substr(-2)}).join("");return zn(e,(s===38?"color:#":"background-color:#")+r)}function zte(e,t,s){t=parseInt(t,10);var n={"-1":function(){return"<br/>"},0:function(){return e.length&&fu(e)},1:function(){return Jt(e,"b")},3:function(){return Jt(e,"i")},4:function(){return Jt(e,"u")},8:function(){return zn(e,"display:none")},9:function(){return Jt(e,"strike")},22:function(){return zn(e,"font-weight:normal;text-decoration:none;font-style:normal")},23:function(){return Ka(e,"i")},24:function(){return Ka(e,"u")},39:function(){return Qn(e,s.fg)},49:function(){return Yn(e,s.bg)},53:function(){return zn(e,"text-decoration:overline")}},r;return n[t]?r=n[t]():4<t&&t<7?r=Jt(e,"blink"):29<t&&t<38?r=Qn(e,s.colors[t-30]):39<t&&t<48?r=Yn(e,s.colors[t-40]):89<t&&t<98?r=Qn(e,s.colors[8+(t-90)]):99<t&&t<108&&(r=Yn(e,s.colors[8+(t-100)])),r}function fu(e){var t=e.slice(0);return e.length=0,t.reverse().map(function(s){return"</"+s+">"}).join("")}function Un(e,t){for(var s=[],n=e;n<=t;n++)s.push(n);return s}function Qte(e){return function(t){return(e===null||t.category!==e)&&e!=="all"}}function Ya(e){e=parseInt(e,10);var t=null;return e===0?t="all":e===1?t="bold":2<e&&e<5?t="underline":4<e&&e<7?t="blink":e===8?t="hide":e===9?t="strike":29<e&&e<38||e===39||89<e&&e<98?t="foreground-color":(39<e&&e<48||e===49||99<e&&e<108)&&(t="background-color"),t}function Yte(e,t){return t.escapeXML?Bte.encodeXML(e):e}function Jt(e,t,s){return s||(s=""),e.push(t),"<".concat(t).concat(s?' style="'.concat(s,'"'):"",">")}function zn(e,t){return Jt(e,"span",t)}function Qn(e,t){return Jt(e,"span","color:"+t)}function Yn(e,t){return Jt(e,"span","background-color:"+t)}function Ka(e,t){var s;if(e.slice(-1)[0]===t&&(s=e.pop()),s)return"</"+t+">"}function Kte(e,t,s){var n=!1,r=3;function o(){return""}function i(q,L){return s("xterm256Foreground",L),""}function a(q,L){return s("xterm256Background",L),""}function l(q){return t.newline?s("display",-1):s("text",q),""}function h(q,L){n=!0,L.trim().length===0&&(L="0"),L=L.trimRight(";").split(";");var Q=du(L),oe;try{for(Q.s();!(oe=Q.n()).done;){var P=oe.value;s("display",P)}}catch(V){Q.e(V)}finally{Q.f()}return""}function d(q){return s("text",q),""}function p(q){return s("rgb",q),""}var g=[{pattern:/^\x08+/,sub:o},{pattern:/^\x1b\[[012]?K/,sub:o},{pattern:/^\x1b\[\(B/,sub:o},{pattern:/^\x1b\[[34]8;2;\d+;\d+;\d+m/,sub:p},{pattern:/^\x1b\[38;5;(\d+)m/,sub:i},{pattern:/^\x1b\[48;5;(\d+)m/,sub:a},{pattern:/^\n/,sub:l},{pattern:/^\r+\n/,sub:l},{pattern:/^\r/,sub:l},{pattern:/^\x1b\[((?:\d{1,3};?)+|)m/,sub:h},{pattern:/^\x1b\[\d?J/,sub:o},{pattern:/^\x1b\[\d{0,3};\d{0,3}f/,sub:o},{pattern:/^\x1b\[?[\d;]{0,3}/,sub:o},{pattern:/^(([^\x1b\x08\r\n])+)/,sub:d}];function y(q,L){L>r&&n||(n=!1,e=e.replace(q.pattern,q.sub))}var A=[],k=e,j=k.length;e:for(;j>0;){for(var W=0,C=0,R=g.length;C<R;W=++C){var O=g[W];if(y(O,W),e.length!==j){j=e.length;continue e}}if(e.length===j)break;A.push(0),j=e.length}return A}function Xte(e,t,s){return t!=="text"&&(e=e.filter(Qte(Ya(s))),e.push({token:t,data:s,category:Ya(s)})),e}var Jte=function(){function e(t){Mte(this,e),t=t||{},t.colors&&(t.colors=Object.assign({},za.colors,t.colors)),this.options=Object.assign({},za,t),this.stack=[],this.stickyStack=[]}return Fte(e,[{key:"toHtml",value:function(s){var n=this;s=typeof s=="string"?[s]:s;var r=this.stack,o=this.options,i=[];return this.stickyStack.forEach(function(a){var l=Qa(r,a.token,a.data,o);l&&i.push(l)}),Kte(s.join(""),o,function(a,l){var h=Qa(r,a,l,o);h&&i.push(h),o.stream&&(n.stickyStack=Xte(n.stickyStack,a,l))}),r.length&&i.push(fu(r)),i.join("")}}]),e}(),Zte=Jte;const ese=qs(Zte),tse={name:"OutputTab",props:["active"],computed:{formattedOutput(){return this.ansiToHtml.toHtml(this.$request.commandOutput||"")}},created(){this.ansiToHtml=new ese({fg:"#c7c7c7",bg:"#000000",escapeXML:!0,colors:{0:"#000000",1:"#c91b00",2:"#00c200",3:"#c7c400",4:"#0225c7",5:"#c930c7",6:"#00c5c7",7:"#c7c7c7",8:"#676767",9:"#ff6d67",10:"#5ff967",11:"#fefb67",12:"#6871ff",13:"#ff76ff",14:"#5ffdff",15:"#feffff"}})}},sse={key:0},nse=["innerHTML"];function rse(e,t,s,n,r,o){return s.active?(f(),v("div",sse,[u("div",{class:"command-output",innerHTML:o.formattedOutput},null,8,nse)])):E("",!0)}const ose=he(tse,[["render",rse]]),ise={name:"PerformanceClientSide",components:{DetailsTable:He,PerformanceChart:Ii},props:["metrics","vitals"],computed:{showVitalsInfo(){return this.$settings.global.performanceVitalsInfoShown}},methods:{toggleVitalsInfo(){this.$settings.global.performanceVitalsInfoShown=!this.$settings.global.performanceVitalsInfoShown,this.$settings.save()}}},ase={class:"performance-client-side"},lse={key:0,class:"counters-row performance-metrics"},cse={class:"counter performance-chart-legend"},use={class:"counter-value"},dse={class:"counters-group right-aligned"},hse={class:"counter performance-chart-legend"},fse={class:"counter-value"},pse={class:"header-group"},mse={class:"vitals-row"},gse={class:"vitals-metric"},vse={key:1,class:"metric-value value-unavailable"},bse={key:2,class:"metric-info"},yse={class:"vitals-metric"},Ese={key:1,class:"metric-value value-unavailable"},Tse={key:2,class:"metric-info"},wse={class:"vitals-row"},_se={class:"vitals-metric"},Sse={key:1,class:"metric-value value-unavailable"},Rse={key:2,class:"metric-info"},Cse={class:"vitals-metric"},Ase={key:1,class:"metric-value value-unavailable"},kse={key:2,class:"metric-info"},Nse={class:"vitals-row"},Ose={class:"vitals-metric"},Ise={key:1,class:"metric-value value-unavailable"},$se={key:2,class:"metric-info"},Lse={class:"vitals-metric"},qse={key:1,class:"metric-value value-unavailable"},Dse={key:2,class:"metric-info"};function Pse(e,t,s,n,r,o){const i=$("performance-chart"),a=$("icon"),l=$("details-table");return f(),v("div",ase,[s.metrics.filter(h=>h.value).length?(f(),v("div",lse,[e.metric.value?(f(!0),v(B,{key:0},le(s.metrics.filter(h=>!h.dom),h=>(f(),v("div",cse,[u("div",use,T(h.value)+" ms",1),u("div",{class:te(["counter-title",h.color?`has-mark mark-${h.color}`:""])},T(h.name),3)]))),256)):E("",!0),u("div",dse,[e.metric.value?(f(!0),v(B,{key:0},le(s.metrics.filter(h=>h.dom),h=>(f(),v("div",hse,[u("div",fse,T(h.value)+" ms",1),u("div",{class:te(["counter-title",h.color?`has-mark mark-${h.color}`:""])},T(h.name),3)]))),256)):E("",!0)])])):E("",!0),s.metrics.filter(h=>h.value&&h.onChart).length?(f(),J(i,{key:1,metrics:s.metrics.filter(h=>h.onChart)},null,8,["metrics"])):E("",!0),Object.values(s.vitals).filter(h=>h.value).length?(f(),J(l,{key:2,title:"Vitals",icon:"activity",items:[],class:"performance-vitals"},{toolbar:ce(()=>[u("div",pse,[u("a",{href:"#",title:"Show info",class:te(["header-item",{active:o.showVitalsInfo}]),onClick:t[0]||(t[0]=ge((...h)=>o.toggleVitalsInfo&&o.toggleVitalsInfo(...h),["prevent"]))},[D(a,{name:"help-circle"})],2)])]),body:ce(()=>[u("tr",null,[u("td",null,[u("div",mse,[u("div",gse,[t[2]||(t[2]=u("div",{class:"metric-name"},"Time To First Byte",-1)),s.vitals.ttfb.available?(f(),v("div",{key:0,class:te(["metric-value",`value-${s.vitals.ttfb.score}`])},T(e.$round(s.vitals.ttfb.value))+" ms ",3)):(f(),v("div",vse,"—")),o.showVitalsInfo?(f(),v("div",bse,t[1]||(t[1]=[z(" Time at which your server sends a response. "),u("a",{href:"https://web.dev/time-to-first-byte/",target:"_blank"},"Learn more",-1)]))):E("",!0)]),u("div",yse,[t[4]||(t[4]=u("div",{class:"metric-name"},"First Input Delay",-1)),s.vitals.fid.available?(f(),v("div",{key:0,class:te(["metric-value",`value-${s.vitals.fid.score}`])},T(e.$round(s.vitals.fid.value))+" ms ",3)):(f(),v("div",Ese,"—")),o.showVitalsInfo?(f(),v("div",Tse,t[3]||(t[3]=[z(" Time from when a user first interacts with a page to the time when the browser is actually able to respond to that interaction. "),u("a",{href:"https://web.dev/fid/",target:"_blank"},"Learn more",-1)]))):E("",!0)])])])]),u("tr",null,[u("td",null,[u("div",wse,[u("div",_se,[t[6]||(t[6]=u("div",{class:"metric-name"},"First Contentful Paint",-1)),s.vitals.fcp.available?(f(),v("div",{key:0,class:te(["metric-value",`value-${s.vitals.fcp.score}`])},T(e.$round(s.vitals.fcp.value))+" ms ",3)):(f(),v("div",Sse,"—")),o.showVitalsInfo?(f(),v("div",Rse,t[5]||(t[5]=[z(" First Contentful Paint marks the time at which the first text or image is painted. "),u("a",{href:"https://web.dev/first-contentful-paint/",target:"_blank"},"Learn more",-1)]))):E("",!0)]),u("div",Cse,[t[8]||(t[8]=u("div",{class:"metric-name"},"Largest Contentful Paint",-1)),s.vitals.lcp.available?(f(),v("div",{key:0,class:te(["metric-value",`value-${s.vitals.lcp.score}`])},T(e.$round(s.vitals.lcp.value))+" ms ",3)):(f(),v("div",Ase,"—")),o.showVitalsInfo?(f(),v("div",kse,t[7]||(t[7]=[z(" Largest Contentful Paint marks the time at which the largest text or image is painted. "),u("a",{href:"https://web.dev/lighthouse-largest-contentful-paint/",target:"_blank"},"Learn more",-1)]))):E("",!0)])])])]),u("tr",null,[u("td",null,[u("div",Nse,[u("div",Ose,[t[10]||(t[10]=u("div",{class:"metric-name"},"Cumulative Layout Shift",-1)),s.vitals.cls.available?(f(),v("div",{key:0,class:te(["metric-value",`value-${s.vitals.cls.score}`])},T(e.$round(s.vitals.cls.value))+" ms ",3)):(f(),v("div",Ise,"—")),o.showVitalsInfo?(f(),v("div",$se,t[9]||(t[9]=[z(" Cumulative Layout Shift measures the movement of visible elements within the viewport. "),u("a",{href:"https://web.dev/cls/",target:"_blank"},"Learn more",-1)]))):E("",!0)]),u("div",Lse,[t[12]||(t[12]=u("div",{class:"metric-name"},"Speed Index",-1)),s.vitals.si.available?(f(),v("div",{key:0,class:te(["metric-value",`value-${s.vitals.si.score}`])},T(e.$round(s.vitals.si.value))+" ms ",3)):(f(),v("div",qse,"—")),o.showVitalsInfo?(f(),v("div",Dse,t[11]||(t[11]=[z(" Speed Index shows how quickly the contents of a page are visibly populated. "),u("a",{href:"https://web.dev/speed-index/",target:"_blank"},"Learn more",-1)]))):E("",!0)])])])])]),_:1})):E("",!0)])}const xse=he(ise,[["render",Pse]]),Mse={name:"PerformanceLog",components:{DetailsTable:He,DetailsTableFilterToggle:_i,HighlightedCode:ro,PrettyPrint:Qe,ShortenedText:bs,StackTrace:ht},props:["issues","slowQueries"],data:()=>({databaseSlowQueriesFilter:ze([{tag:"model"},{tag:"type",apply:(e,t)=>{if(["select","update","insert","delete"].includes(t.toLowerCase()))return e.query.match(new RegExp(`^${t.toLowerCase()}`,"i"))}},{tag:"file",map:e=>e.shortPath},{tag:"duration",type:"number"}]),performanceLogFilter:ze([{tag:"time",type:"date"},{tag:"file",map:e=>e.shortPath}],e=>e.message)}),computed:{databaseSlowQueriesColumns(){let e=["Model","Query","Duration"];return new Set(this.slowQueries.map(s=>s.connection)).size>1&&e.splice(1,0,"Connection"),e}}},Use={class:"performance-log"},Fse={class:"log-message"},Hse={class:"log-message-content"},Bse={key:0},jse={key:0},Vse={class:"database-query"},Gse={class:"database-query-content"},Wse={class:"database-duration"};function zse(e,t,s,n,r,o){const i=$("pretty-print"),a=$("stack-trace"),l=$("details-table"),h=$("shortened-text"),d=$("highlighted-code");return f(),v("div",Use,[s.issues.length?(f(),J(l,{key:0,title:"Performance issues",icon:"alert-triangle",badge:s.issues.length,columns:["Message"],items:s.issues,filter:e.performanceLogFilter,"filter-example":"query failed file:Controller.php time:>13:08:29","no-table-head":!0},{body:ce(({items:p})=>[(f(!0),v(B,null,le(p,(g,y)=>(f(),v("tr",{class:"log-row",key:`${e.$request.id}-${y}`},[u("td",null,[u("div",Fse,[u("div",Hse,[D(i,{data:g.message},null,8,["data"]),g.context&&g.context.length?(f(),v("div",Bse,[D(i,{data:g.context},null,8,["data"])])):E("",!0)]),D(a,{class:"log-message-path",trace:g.trace,file:g.file,line:g.line},null,8,["trace","file","line"])])])]))),128))]),_:1},8,["badge","items","filter"])):E("",!0),s.slowQueries.length?(f(),J(l,{key:1,title:"Slow database queries",icon:"database",badge:s.slowQueries.length,columns:o.databaseSlowQueriesColumns,items:s.slowQueries,filter:e.databaseSlowQueriesFilter,"filter-example":"where request_id model:request type:select file:Controller.php duration:>100"},{body:ce(({items:p})=>[(f(!0),v(B,null,le(p,(g,y)=>(f(),v("tr",{key:`${e.$request.id}-${y}`},[u("td",null,[D(h,{full:g.model},{default:ce(()=>[z(T(g.shortModel),1)]),_:2},1032,["full"])]),o.databaseSlowQueriesColumns.includes("Connection")?(f(),v("td",jse,T(g.connection),1)):E("",!0),u("td",null,[u("div",Vse,[u("div",Gse,[D(d,{language:"sql",code:g.query},null,8,["code"])]),D(a,{class:"database-query-path",trace:g.trace,file:g.file,line:g.line},null,8,["trace","file","line"])])]),u("td",Wse,T(g.duration)+" ms",1)]))),128))]),_:1},8,["badge","columns","items","filter"])):E("",!0)])}const Qse=he(Mse,[["render",zse]]),Yse={name:"Profiler",components:{DetailsTable:He,ShortenedText:bs},data:()=>({filter:(()=>{let e=ze([{tag:"model"},{tag:"file",map:t=>t.shortPath},{tag:"self",type:"number"},{tag:"inclusive",type:"number"}],t=>t.name);return e.sortedBy="self",e.sortedDesc=!0,e})()}),computed:{enabled:{get(){return this.$profiler.isProfiling},set(e){e?this.$profiler.enableProfiling():this.$profiler.disableProfiling()}}},methods:{filterXdebug(e){return e?this.filter.filter(e):[]}}},Kse={class:"header-group"},Xse={class:"header-toggle"},Jse={class:"header-group"},Zse={key:0},ene={key:1},tne={class:"header-group"},sne={class:"header-group"},nne={class:"header-search"},rne=["onUpdate:modelValue"],one={class:"profiler-metric"},ine={class:"profiler-metric"},ane={class:"profiler-function"},lne={class:"profiler-function-name"},cne={class:"profiler-path"},une={key:1},dne={colspan:"3"},hne={class:"profiler-content"},fne={key:2},pne={key:3},mne={colspan:"3"},gne={class:"profiler-content"},vne={class:"content-actions"};function bne(e,t,s,n,r,o){const i=$("icon"),a=$("shortened-text"),l=$("spinner"),h=$("details-table");return f(),v("div",null,[D(h,{title:"Profiler",icon:"clock",columns:["Self","Inclusive","Function"],items:e.$profiler.functions,filter:e.filter,"per-page":100,class:"profiler"},{toolbar:ce(({filter:d})=>[u("div",Kse,[u("label",Xse,[Oe(u("input",{type:"checkbox","onUpdate:modelValue":t[0]||(t[0]=p=>o.enabled=p)},null,512),[[Ot,o.enabled]]),t[8]||(t[8]=z(" Enabled "))])]),u("div",Jse,[u("a",{href:"#",onClick:t[1]||(t[1]=ge(p=>e.$profiler.showPercentual(!1),["prevent","stop"])),class:te(["header-item item-text",{active:!e.$profiler.percentual}]),title:"Exact"},[e.$profiler.metric==0?(f(),v("span",Zse,"ms")):E("",!0),e.$profiler.metric==1?(f(),v("span",ene,"kB")):E("",!0)],2),u("a",{href:"#",onClick:t[2]||(t[2]=ge(p=>e.$profiler.showPercentual(),["prevent","stop"])),class:te(["header-item",{active:e.$profiler.percentual}]),title:"Percentual"},[D(i,{name:"percent"})],2)]),u("div",tne,[u("a",{href:"#",onClick:t[3]||(t[3]=ge(p=>e.$profiler.setShownFraction(.5),["prevent","stop"])),class:te(["header-item item-text",{active:e.$profiler.shownFraction==.5}])}," 50% ",2),u("a",{href:"#",onClick:t[4]||(t[4]=ge(p=>e.$profiler.setShownFraction(.9),["prevent","stop"])),class:te(["header-item item-text",{active:e.$profiler.shownFraction==.9}])}," 90% ",2),u("a",{href:"#",onClick:t[5]||(t[5]=ge(p=>e.$profiler.setShownFraction(1),["prevent","stop"])),class:te(["header-item item-text",{active:e.$profiler.shownFraction==1}])}," 100% ",2)]),u("div",sne,[u("div",nne,[Oe(u("input",{type:"search","onUpdate:modelValue":p=>d.input=p,placeholder:"Search..."},null,8,rne),[[gt,d.input]]),D(i,{name:"search"})])])]),body:ce(({items:d})=>[e.$profiler.ready?(f(!0),v(B,{key:0},le(o.filterXdebug(d),(p,g)=>(f(),v("tr",{key:`${e.$request.id}-${g}`},[u("td",one,T(e.$profiler.formatMetric(p.self)),1),u("td",ine,T(e.$profiler.formatMetric(p.inclusive)),1),u("td",ane,[u("div",lne,T(p.name),1),u("div",cne,[D(a,{full:p.fullPath},{default:ce(()=>[z(T(p.shortPath),1)]),_:2},1032,["full"])])])]))),128)):E("",!0),e.$profiler.loading||e.$profiler.parsing?(f(),v("tr",une,[u("td",dne,[u("div",hne,[D(l,{color:e.$settings.appearance=="dark"?"#f27e02":"#258cdb"},null,8,["color"]),u("p",null,T(e.$profiler.loading?"Loading profile...":"Processing profile..."),1)])])])):E("",!0),e.$profiler.invalid?(f(),v("tr",fne,t[9]||(t[9]=[u("td",{colspan:"3"},[u("div",{class:"profiler-content"},[u("h1",null," Profile contains invalid data. "),u("p",null,[z(" This is usually caused by a misconfigured Xdebug php extension."),u("br"),u("a",{href:"https://underground.works/clockwork/#docs-xdebug-profiler",target:"_blank"},"Read more about how to set up Xdebug")])])],-1)]))):E("",!0),e.$profiler.available?E("",!0):(f(),v("tr",pne,[u("td",mne,[u("div",gne,[t[10]||(t[10]=u("h1",null," Profile is not present for current request. ",-1)),t[11]||(t[11]=u("p",null,[z(" Profiling requires the Xdebug php extension."),u("br"),u("a",{href:"https://underground.works/clockwork/#docs-xdebug-profiler",target:"_blank"},"Read more about how to set up Xdebug")],-1)),u("p",vne,[e.$profiler.isProfiling?E("",!0):(f(),v("a",{key:0,href:"#",class:"button",onClick:t[6]||(t[6]=p=>e.$profiler.enableProfiling())}," Enable profiler ")),e.$profiler.isProfiling?(f(),v("a",{key:1,href:"#",class:"button",onClick:t[7]||(t[7]=p=>e.$profiler.disableProfiling())}," Disable profiler ")):E("",!0)])])])]))]),_:1},8,["items","filter"])])}const yne=he(Yse,[["render",bne]]),Ene={name:"Timeline",components:{DetailsTable:He,HighlightedCode:ro,Popover:Ic},props:{name:{},timeline:{},tags:{default:()=>[]}},data:()=>({condense:void 0,showDetails:!1,hiddenTags:void 0,presentedEvents:[],filter:ze([{tag:"duration",type:"number"}],e=>e.description)}),computed:{availableTags(){return this.tags.filter(e=>this.timeline.events.find(t=>t.tags&&t.tags.includes(e.tag)))},columns(){return this.showDetails?[{name:" ",sortBy:"start",class:"timeline-chart"},{name:"Event",sortBy:"name",class:"timeline-description"},{name:"Total",sortBy:"duration",class:"timeline-timing"},{name:"Self",sortBy:"durationSelf",class:"timeline-timing"},{name:"Child",sortBy:"durationChild",class:"timeline-timing"}]:[]}},methods:{toggleTag(e){this.hiddenTags.includes(e)?this.hiddenTags=this.hiddenTags.filter(t=>t!=e):this.hiddenTags.push(e)},resolveTags(e){return e.map(t=>this.tags.find(s=>s.tag==t)).filter(t=>t)},toggleDetails(){this.showDetails=!this.showDetails},showPopover(e){this.$refs.popovers[e].toggle()},async refreshEvents(e){if(!this.timeline||!this.$refs.timelineChart)return;await this.$nextTick();let t=this.$refs.timelineChart.offsetWidth-16;if(t<=0)return;let s=this.timeline.filter(this.filter,this.hiddenTags);this.condense&&(s=s.condense()),this.presentedEvents=s.present(t)},observeResizing(){let e=this.$refs.timeline.offsetWidth;this.resizeObserver=new ResizeObserver(to(([t])=>{e!=t.contentRect.width&&(e=t.contentRect.width,this.refreshEvents(t))},10)),this.resizeObserver.observe(this.$refs.timeline)},formatTiming(e,t="ms",s=""){return e==null?s:e<=0||e>1?`${Math.round(e)} ${t}`:`<1 ${t}`}},watch:{condense(e,t){t!==void 0&&(this.refreshEvents(),this.$settings.global.timelineCondensed[this.name]=this.condense,this.$settings.save())},hiddenTags(e,t){t!==void 0&&(this.refreshEvents(),this.$settings.global.timelineHiddenTags[this.name]=this.hiddenTags,this.$settings.save())},showDetails(){this.refreshEvents()},timeline(){this.refreshEvents()}},async mounted(){this.condense=this.$settings.global.timelineCondensed[this.name]||!1,this.hiddenTags=this.$settings.global.timelineHiddenTags[this.name]||[],await this.refreshEvents(),this.observeResizing()}},Tne={class:"header-group"},wne={class:"header-toggle"},_ne={key:0,class:"header-group"},Sne=["title","onClick"],Rne={class:"header-group"},Cne={class:"header-search"},Ane=["onUpdate:modelValue"],kne={class:"header-group"},Nne={class:"timeline-chart"},One=["onClick"],Ine={key:0,class:"label-tags"},$ne={key:1},Lne={class:"event-bar"},qne={class:"event-header"},Dne={class:"header-tags"},Pne={key:0,class:"event-description"},xne={key:1},Mne={class:"event-timings"},Une={class:"timings-timing timing-total"},Fne={class:"timing-value"},Hne={class:"timings-timing timing-self"},Bne={class:"timing-value"},jne={class:"timings-timing timing-children"},Vne={class:"timing-value"},Gne={class:"timeline-description"},Wne={class:"description-content"},zne={key:0,class:"description-tags"},Qne={key:2},Yne={class:"timeline-timing timing-total"},Kne={class:"timeline-timing"},Xne={class:"timeline-timing"},Jne={class:"timeline-size-monitor"},Zne={class:"timeline-graph",ref:"timelineChart"};function ere(e,t,s,n,r,o){const i=$("icon"),a=$("highlighted-code"),l=$("popover"),h=$("details-table");return f(),v("div",{class:te(["timeline",{"show-details":e.showDetails}]),ref:"timeline"},[D(h,{title:"Timeline",icon:"pie-chart",columns:o.columns,items:e.presentedEvents,filter:e.filter,"no-table-head":!e.showDetails,"filter-example":"database query duration:>50","per-page":100},{toolbar:ce(({filter:d})=>[u("div",Tne,[u("label",wne,[Oe(u("input",{type:"checkbox","onUpdate:modelValue":t[0]||(t[0]=p=>e.condense=p)},null,512),[[Ot,e.condense]]),t[2]||(t[2]=z(" Condense "))])]),o.availableTags.length?(f(),v("div",_ne,[(f(!0),v(B,null,le(o.availableTags,p=>(f(),v("a",{href:"#",class:te(["header-item",{active:e.hiddenTags&&!e.hiddenTags.includes(p.tag)}]),title:p.title,onClick:g=>o.toggleTag(p.tag)},[D(i,{name:p.icon},null,8,["name"])],10,Sne))),256))])):E("",!0),u("div",Rne,[u("div",Cne,[Oe(u("input",{type:"search","onUpdate:modelValue":p=>d.input=p,placeholder:"Search..."},null,8,Ane),[[gt,d.input]]),D(i,{name:"search"})])]),u("div",kne,[u("a",{href:"#",title:"Toggle details",class:te(["header-item",{active:e.showDetails}]),onClick:t[1]||(t[1]=ge((...p)=>o.toggleDetails&&o.toggleDetails(...p),["prevent"]))},[D(i,{name:"list"})],2)])]),body:ce(({items:d})=>[(f(!0),v(B,null,le(d,(p,g)=>(f(),v("tr",null,[u("td",Nne,[u("div",{class:"chart-event-group popover-container",style:ut(p.groupStyle),onClick:y=>o.showPopover(g)},[u("div",{class:te(["group-label",p.labelClass]),style:ut(p.labelStyle)},[p.tags?(f(),v("span",Ine,[(f(!0),v(B,null,le(o.resolveTags(p.tags),y=>(f(),v("span",null,[D(i,{name:y.icon,title:y.title},null,8,["name","title"])]))),256))])):E("",!0),z(" "+T(p.name)+" ",1),p.condensed?E("",!0):(f(),v("span",$ne,T(o.formatTiming(p.duration)),1))],6),(f(!0),v(B,null,le(p.events,(y,A)=>(f(),v("div",{class:te(["group-event",y.eventClass]),style:ut(y.eventStyle)},[u("div",Lne,[(f(!0),v(B,null,le(y.childrenSections,k=>(f(),v("div",{class:"bar-light",style:ut(k.style)},null,4))),256))])],6))),256)),D(l,{class:"timeline-popover",ref_for:!0,ref:"popovers"},{default:ce(()=>[(f(!0),v(B,null,le(p.events,y=>(f(),v("div",{class:te(["popover-event",y.eventClass])},[u("div",qne,[u("h1",null,T(y.name),1),u("div",Dne,[(f(!0),v(B,null,le(o.resolveTags(y.tags),A=>(f(),v("span",null,[D(i,{name:A.icon,title:A.title},null,8,["name","title"])]))),256))])]),y.description!=y.name?(f(),v("div",Pne,[y.tags&&y.tags.indexOf("databaseQueries")>-1?(f(),J(a,{key:0,language:"sql",code:y.description},null,8,["code"])):(f(),v("div",xne,T(y.description),1))])):E("",!0),u("div",Mne,[u("div",Une,[u("div",Fne,T(o.formatTiming(y.duration)),1),t[3]||(t[3]=u("div",{class:"timing-label"}," Total ",-1))]),u("div",Hne,[u("div",Bne,T(o.formatTiming(y.durationSelf)),1),t[4]||(t[4]=u("div",{class:"timing-label"}," Self ",-1))]),u("div",jne,[u("div",Vne,T(o.formatTiming(y.durationChildren,"ms","–")),1),t[5]||(t[5]=u("div",{class:"timing-label"}," Children ",-1))])])],2))),256))]),_:2},1536)],12,One)]),u("td",Gne,[$t(e.$slots,"table-description",{item:p},()=>[u("div",Wne,[p.tags&&p.tags.length?(f(),v("span",zne,[(f(!0),v(B,null,le(o.resolveTags(p.tags),y=>(f(),v("span",null,[D(i,{name:y.icon,title:y.title},null,8,["name","title"])]))),256))])):E("",!0),p.tags&&p.tags.indexOf("databaseQueries")>-1?(f(),J(a,{key:1,language:"sql",code:p.description},null,8,["code"])):(f(),v("div",Qne,T(p.description),1))])])]),u("td",Yne,T(p.duration|o.formatTiming),1),u("td",Kne,T(p.durationSelf|o.formatTiming),1),u("td",Xne,T(p.durationChildren|o.formatTiming("ms",p.condensed?"":"–")),1)]))),256)),u("tr",Jne,[u("td",Zne,null,512),t[6]||(t[6]=u("td",{class:"timeline-description"},null,-1)),t[7]||(t[7]=u("td",{class:"timeline-timing"},null,-1)),t[8]||(t[8]=u("td",{class:"timeline-timing"},null,-1)),t[9]||(t[9]=u("td",{class:"timeline-timing"},null,-1))])]),_:3},8,["columns","items","filter","no-table-head"])],2)}const pu=he(Ene,[["render",ere]]);var on=mu;function mu(){var e=[].slice.call(arguments),t=!1;typeof e[0]=="boolean"&&(t=e.shift());var s=e[0];if(Xa(s))throw new Error("extendee must be an object");for(var n=e.slice(1),r=n.length,o=0;o<r;o++){var i=n[o];for(var a in i)if(Object.prototype.hasOwnProperty.call(i,a)){var l=i[a];if(t&&tre(l)){var h=Array.isArray(l)?[]:{};s[a]=mu(!0,Object.prototype.hasOwnProperty.call(s,a)&&!Xa(s[a])?s[a]:h,l)}else s[a]=l}}return s}function tre(e){return Array.isArray(e)||{}.toString.call(e)=="[object Object]"}function Xa(e){return!e||typeof e!="object"&&typeof e!="function"}const sre={name:"PerformanceTab",components:{PerformanceChart:Ii,PerformanceClientSide:xse,PerformanceLog:Qse,Profiler:yne,Timeline:pu},props:["active"],data:()=>({selectedPerformanceTab:null,timelineTags:[{tag:"events",icon:"zap",title:"Events"},{tag:"databaseQueries",icon:"database",title:"Database"},{tag:"cacheQueries",icon:"paperclip",title:"Cache"},{tag:"redisCommands",icon:"layers",title:"Redis"},{tag:"queueJobs",icon:"clock",title:"Queue"},{tag:"httpRequests",icon:"compass",title:"HTTP Requests"},{tag:"views",icon:"image",title:"Views"},{tag:"notifications",icon:"mail",title:"Notifications"}]}),computed:{activePerformanceTab(){let e=this.selectedPerformanceTab||"issues";return e=="issues"&&!this.databaseSlowQueries.length&&!this.performanceIssues.length||e=="client-side"&&!this.isClientSideTabAvailable?"timeline":e},databaseSlowQueries(){return this.$request.databaseQueries.filter(e=>e.tags.includes("slow"))},isClientSideTabAvailable(){return this.$request.clientMetrics.filter(e=>e.value).length||Object.values(this.$request.webVitals).filter(e=>e.value).length},performanceIssues(){return this.$request.log.filter(e=>{var t;return(t=e.context)==null?void 0:t.performance}).map(e=>on({},e,{context:Xc(e.context,["performance","trace"])}))}},methods:{isTabActive(e){return this.activePerformanceTab==e},showTab(e){this.selectedPerformanceTab=e,e=="profiler"&&this.$profiler.loadRequest(this.$request)},refreshRequest(){!this.active||!this.$request||(this.$platform.hasFeature("load-client-metrics")&&this.$request.loadClientMetrics(this.$requests),this.activePerformanceTab=="profiler"&&this.$profiler.loadRequest(this.$request))}},watch:{active(){this.refreshRequest()},$request(){this.refreshRequest()}}},nre={key:0},rre={class:"counters-row performance-metrics"},ore={key:0,class:"counter"},ire={class:"counter-value"},are={key:1,class:"counter"},lre={class:"counter-value"},cre={class:"counters-group right-aligned"},ure={class:"counter-value"},dre={tabs:"performance"},hre={class:"performance-tabs"};function fre(e,t,s,n,r,o){const i=$("performance-chart"),a=$("icon"),l=$("performance-log"),h=$("timeline"),d=$("performance-client-side"),p=$("profiler");return s.active?(f(),v("div",nre,[u("div",rre,[e.$request.responseDurationRounded?(f(),v("div",ore,[u("div",ire,T(e.$request.responseDurationRounded)+" ms",1),t[4]||(t[4]=u("div",{class:"counter-title"},"Response time",-1))])):E("",!0),e.$request.memoryUsage?(f(),v("div",are,[u("div",lre,T(e.$request.memoryUsageFormatted),1),t[5]||(t[5]=u("div",{class:"counter-title"},"Memory",-1))])):E("",!0),u("div",cre,[(f(!0),v(B,null,le(e.$request.performanceMetrics,(g,y)=>(f(),v("div",{class:"counter performance-chart-legend",key:`${e.$request.id}-${y}`},[u("div",ure,T(g.value)+" ms",1),u("div",{class:te(["counter-title has-mark",`mark-${g.color}`])},T(g.name),3)]))),128))])]),D(i,{metrics:e.$request.performanceMetrics},null,8,["metrics"]),u("div",dre,[u("div",hre,[o.databaseSlowQueries.length||o.performanceIssues.length?(f(),v("a",{key:0,class:te(["performance-tab",{active:o.isTabActive("issues")}]),href:"#",onClick:t[0]||(t[0]=ge(g=>o.showTab("issues"),["prevent"]))},[D(a,{name:"alert-triangle"}),t[6]||(t[6]=z(" Issues "))],2)):E("",!0),u("a",{class:te(["performance-tab",{active:o.isTabActive("timeline")}]),href:"#",onClick:t[1]||(t[1]=ge(g=>o.showTab("timeline"),["prevent"]))},[D(a,{name:"pie-chart"}),t[7]||(t[7]=z(" Timeline "))],2),o.isClientSideTabAvailable?(f(),v("a",{key:1,class:te(["performance-tab",{active:o.isTabActive("client-side")}]),href:"#",onClick:t[2]||(t[2]=ge(g=>o.showTab("client-side"),["prevent"]))},[D(a,{name:"smile"}),t[8]||(t[8]=z(" Client-side "))],2)):E("",!0),e.$platform.hasFeature("profiler")?(f(),v("a",{key:2,class:te(["performance-tab",{active:o.isTabActive("profiler")}]),href:"#",onClick:t[3]||(t[3]=ge(g=>o.showTab("profiler"),["prevent"]))},[D(a,{name:"clock"}),t[9]||(t[9]=z(" Profiler "))],2)):E("",!0)]),o.isTabActive("issues")?(f(),J(l,{key:0,issues:o.performanceIssues,"slow-queries":o.databaseSlowQueries},null,8,["issues","slow-queries"])):E("",!0),o.isTabActive("timeline")?(f(),J(h,{key:1,name:"performance",timeline:e.$request.timeline,tags:e.timelineTags},null,8,["timeline","tags"])):E("",!0),o.isTabActive("client-side")?(f(),J(d,{key:2,metrics:e.$request.clientMetrics,vitals:e.$request.webVitals},null,8,["metrics","vitals"])):E("",!0),o.isTabActive("profiler")?(f(),J(p,{key:3})):E("",!0)])])):E("",!0)}const pre=he(sre,[["render",fre]]),mre={name:"RedisTab",components:{DetailsTable:He,PrettyPrint:Qe,StackTrace:ht},props:["active"],data:()=>({filter:ze([{tag:"connection"},{tag:"command"},{tag:"file",map:e=>e.shortPath},{tag:"duration",type:"number"}])}),computed:{columns(){let e=["Command","Parameters","Duration"];return new Set(this.$request.redisCommands.map(s=>s.connection)).size>1&&e.splice(0,0,"Connection"),e}}},gre={key:0},vre={key:0},bre={class:"database-query"},yre={class:"database-query-content"},Ere={class:"database-duration"};function Tre(e,t,s,n,r,o){const i=$("pretty-print"),a=$("stack-trace"),l=$("details-table");return s.active?(f(),v("div",gre,[D(l,{title:"Commands",icon:"layers",columns:o.columns,items:e.$request.redisCommands,filter:e.filter,"filter-example":"command:zrange connection:eshop file:StatsController.php duration:>50"},{body:ce(({items:h})=>[(f(!0),v(B,null,le(h,(d,p)=>(f(),v("tr",{key:`${e.$request.id}-${p}`},[o.columns.includes("Connection")?(f(),v("td",vre,T(d.connection),1)):E("",!0),u("td",null,T(d.command),1),u("td",null,[u("div",bre,[u("div",yre,[D(i,{data:d.parameters},null,8,["data"])]),D(a,{class:"database-query-path",trace:d.trace,file:d.file,line:d.line},null,8,["trace","file","line"])])]),u("td",Ere,T(d.duration)+" ms",1)]))),128))]),_:1},8,["columns","items","filter"])])):E("",!0)}const wre=he(mre,[["render",Tre]]),_re={name:"QueueTab",components:{DetailsTable:He,PrettyPrint:Qe,ShortenedText:bs,StackTrace:ht},props:["active"],data:()=>({filter:ze([{tag:"connection"},{tag:"queue"},{tag:"name"}]),jobRequests:{}}),computed:{columns(){let e=["Name","Data"],t=new Set(this.$request.queueJobs.map(n=>n.queue)).size>1,s=new Set(this.$request.queueJobs.map(n=>n.connection)).size>1;return t&&e.splice(0,0,"Queue"),s&&e.splice(0,0,"Connection"),e.concat(["Status",""])},queueJobs(){return this.$request?this.$request.queueJobs.map(e=>on({request:this.jobRequests[e.id]},e)):[]}},methods:{showJob(e){this.global.$request=this.$requests.findId(e.id)},async loadQueueJobRequest(e,t=0){if(t==12||e.loadRequestTimeout)return;let s=this.$requests.findId(e.id)||await this.$requests.loadId(e.id,null,!1);if(!s)return e.loadRequestTimeout=setTimeout(()=>{e.loadRequestTimeout=null,this.loadQueueJobRequest(e,t+1)},5e3);this.$set(this.jobRequests,e.id,s)}},watch:{active(e){e&&this.$request.queueJobs.forEach(t=>{t.id&&this.loadQueueJobRequest(t)})}}},Sre={key:0},Rre={key:0},Cre={key:1},Are={class:"database-query"},kre={class:"database-query-content"},Nre={key:0,class:"job-options"},Ore={key:0},Ire={key:1},$re=["onClick"];function Lre(e,t,s,n,r,o){const i=$("shortened-text"),a=$("pretty-print"),l=$("stack-trace"),h=$("icon"),d=$("details-table");return s.active?(f(),v("div",Sre,[D(d,{title:"Jobs",icon:"clock",columns:o.columns,items:o.queueJobs,filter:e.filter,"filter-example":"Underground.works name:GenerateInvoice queue:priority"},{body:ce(({items:p})=>[(f(!0),v(B,null,le(p,(g,y)=>(f(),v("tr",{key:`${e.$request.id}-${y}`},[o.columns.includes("Queue")?(f(),v("td",Rre,T(g.queue),1)):E("",!0),o.columns.includes("Connection")?(f(),v("td",Cre,T(g.connection),1)):E("",!0),u("td",null,[D(i,{full:g.name},{default:ce(()=>[z(T(g.shortName),1)]),_:2},1032,["full"])]),u("td",null,[u("div",Are,[u("div",kre,[D(a,{data:g.data},null,8,["data"])]),g.maxTries||g.timeout?(f(),v("div",Nre,[g.maxTries?(f(),v("span",Ore,T(g.maxTries)+" tries",1)):E("",!0),g.timeout?(f(),v("span",Ire,T(g.timeout)+"s timeout",1)):E("",!0)])):E("",!0),D(l,{class:"database-query-path",trace:g.trace,file:g.file,line:g.line},null,8,["trace","file","line"])])]),u("td",null,[u("span",{class:te({"job-status-text":!0,"is-success":g.request&&g.request.jobStatus=="done","is-error":g.request&&g.request.jobStatus=="failed"})},T(g.request?g.request.jobStatus:"waiting"),3)]),u("td",null,[g.request?(f(),v("a",{key:0,href:"#",onClick:ge(A=>o.showJob(g),["prevent"]),title:"Show details"},[D(h,{name:"search"})],8,$re)):E("",!0)])]))),128))]),_:1},8,["columns","items","filter"])])):E("",!0)}const qre=he(_re,[["render",Lre],["__scopeId","data-v-dcf5c414"]]),Dre={name:"RoutesTab",components:{DetailsTable:He},props:["active"],data:()=>({filter:ze([{tag:"method",apply:(e,t)=>{if(["get","post","put","delete","head","patch"].includes(t.toLowerCase()))return e.method.toLowerCase()==t.toLowerCase()}},{tag:"uri"}])}),computed:{columns(){let e=["Methods","URI","Action"];return this.$request.routes.some(t=>t.name)&&e.push("Name"),this.$request.routes.some(t=>t.middleware)&&e.push("Middleware"),this.$request.routes.some(t=>t.before)&&e.push("Before"),this.$request.routes.some(t=>t.after)&&e.push("After"),e}}},Pre={key:0},xre={key:0},Mre={key:1},Ure={key:2},Fre={key:3};function Hre(e,t,s,n,r,o){const i=$("details-table");return s.active?(f(),v("div",Pre,[D(i,{title:"Routes",icon:"map",columns:o.columns,items:e.$request.routes,filter:e.filter,"filter-example":"OrderController method:post uri:order"},{body:ce(({items:a})=>[(f(!0),v(B,null,le(a,(l,h)=>(f(),v("tr",{key:`${e.$request.id}-${h}`},[u("td",null,T(l.method),1),u("td",null,T(l.uri),1),u("td",null,T(l.action),1),o.columns.includes("Name")?(f(),v("td",xre,T(l.name),1)):E("",!0),o.columns.includes("Middleware")?(f(),v("td",Mre,[(f(!0),v(B,null,le(l.middleware,(d,p)=>(f(),v("span",null,T(d)+T(p==l.middleware.length-1?"":", "),1))),256))])):E("",!0),o.columns.includes("Before")?(f(),v("td",Ure,T(l.before),1)):E("",!0),o.columns.includes("After")?(f(),v("td",Fre,T(l.after),1)):E("",!0)]))),128))]),_:1},8,["columns","items","filter"])])):E("",!0)}const Bre=he(Dre,[["render",Hre]]),jre={name:"UserTab",components:{DetailsTable:He,PrettyPrint:Qe},props:["active","userTab"],data:()=>({filters:[]}),watch:{userTab:{handler(e){this.filters=e.sections.map(t=>{if(t.showAs=="table")return ze(t.data[0].map(s=>({tag:s.key})))})},immediate:!0}}},Vre={key:0},Gre={key:0,class:"counters-row"},Wre={class:"counter-value"},zre={class:"counter-title"};function Qre(e,t,s,n,r,o){const i=$("pretty-print"),a=$("details-table");return s.active?(f(),v("div",Vre,[(f(!0),v(B,null,le(s.userTab.sections,(l,h)=>(f(),v("div",{key:`${e.$request.id}-${h}`},[l.showAs=="counters"?(f(),v("div",Gre,[(f(!0),v(B,null,le(l.data,(d,p)=>(f(),v("div",{class:"counter",key:`${e.$request.id}-${p}`},[u("div",Wre,T(d.value),1),u("div",zre,T(d.key),1)]))),128))])):E("",!0),l.showAs=="table"?(f(),J(a,{key:1,title:l.title,columns:l.data[0].map(d=>d.key),items:l.data,filter:e.filters[h]},{body:ce(({items:d})=>[(f(!0),v(B,null,le(d,p=>(f(),v("tr",null,[(f(!0),v(B,null,le(p,g=>(f(),v("td",null,[D(i,{data:g.value},null,8,["data"])]))),256))]))),256))]),_:2},1032,["title","columns","items","filter"])):E("",!0)]))),128))])):E("",!0)}const Yre=he(jre,[["render",Qre]]),Kre={name:"ViewsTab",components:{PrettyPrint:Qe,Timeline:pu},props:["active"]},Xre={key:0},Jre={class:"views-view-name"};function Zre(e,t,s,n,r,o){const i=$("pretty-print"),a=$("timeline");return s.active?(f(),v("div",Xre,[D(a,{name:"views",icon:"image",timeline:e.$request.viewsData},{"table-description":ce(({item:l})=>[u("div",Jre,T(l.description),1),l.data?(f(),J(i,{key:0,data:l.data},null,8,["data"])):E("",!0)]),_:1},8,["timeline"])])):E("",!0)}const eoe=he(Kre,[["render",Zre]]);var toe=soe;function soe(e){if(e==null)return!0;if(Array.isArray(e)||typeof e=="string")return!e.length;var t={}.toString.call(e);return t=="[object Object]"?!Object.keys(e).length&&!Object.getOwnPropertySymbols(e).length:t=="[object Map]"||t=="[object Set]"?!e.size:Object(e)!==e||!Object.keys(e).length}const noe={name:"RequestDetails",components:{CreditsModal:cp,DetailsRequest:Np,MessagesOverlay:am,SettingsModal:Bm,SharingModal:Xm,SharingDeleteModal:tg,TabBar:dg,CacheTab:uy,DatabaseTab:zy,EventsTab:iE,HttpRequestsTab:bT,LogTab:IT,ModelsTab:T0,NotificationsTab:sw,OutputTab:ose,PerformanceTab:pre,RedisTab:wre,QueueTab:qre,RoutesTab:Bre,UserTab:Yre,ViewsTab:eoe},computed:{tabs(){var e,t;return[{text:"Performance",name:"performance",icon:"activity",shown:!0},{text:"Log",name:"log",icon:"edit-2",shown:this.shownTabs.log},{text:"Events",name:"events",icon:"zap",shown:this.shownTabs.events},{text:"Models",name:"models",icon:"disc",shown:this.shownTabs.models},{text:"Database",name:"database",icon:"database",shown:this.shownTabs.database},{text:"Cache",name:"cache",icon:"paperclip",shown:this.shownTabs.cache},{text:"Redis",name:"redis",icon:"layers",shown:this.shownTabs.redis},{text:"Queue",name:"queue",icon:"clock",shown:this.shownTabs.queue},{text:"HTTP",name:"httpRequests",icon:"compass",shown:this.shownTabs.httpRequests},{text:"Views",name:"views",icon:"image",shown:this.shownTabs.views},{text:"Notifications",name:"notifications",icon:"mail",shown:this.shownTabs.notifications},{text:"Routes",name:"routes",icon:"map",shown:this.shownTabs.routes}].concat((t=(e=this.$request)==null?void 0:e.userData)==null?void 0:t.map(s=>({text:s.title,name:`user-${s.key}`,icon:"menu",shown:!0}))).concat([{text:"Output",name:"output",icon:"terminal",shown:this.shownTabs.output}]).filter(Boolean)},activeTab(){if(this.$request)return this.shownTabs[this.global.activeDetailsTab]===!1?"performance":this.global.activeDetailsTab},shownTabs(){var e,t,s,n,r,o,i,a,l,h,d,p,g,y,A,k,j,W,C,R,O,q,L;return{log:((t=(e=this.$request)==null?void 0:e.log)==null?void 0:t.length)>0,models:["modelsRetrieved","modelsCreated","modelsUpdated","modelsDeleted"].some(Q=>{var oe;return!toe((oe=this.$request)==null?void 0:oe[Q])})||((s=this.$request)==null?void 0:s.modelsActions.length)>0,database:((n=this.$request)==null?void 0:n.databaseQueriesCount)>0||((o=(r=this.$request)==null?void 0:r.databaseQueries)==null?void 0:o.length)>0,cache:["cacheReads","cacheHits","cacheWrites","cacheDeletes","cacheTime"].some(Q=>{var oe;return(oe=this.$request)==null?void 0:oe[Q]})||((i=this.$request)==null?void 0:i.cacheQueries.length)>0,redis:((l=(a=this.$request)==null?void 0:a.redisCommands)==null?void 0:l.length)>0,queue:((d=(h=this.$request)==null?void 0:h.queueJobs)==null?void 0:d.length)>0,events:((g=(p=this.$request)==null?void 0:p.events)==null?void 0:g.length)>0,views:((A=(y=this.$request)==null?void 0:y.viewsData)==null?void 0:A.events.length)>0,notifications:((j=(k=this.$request)==null?void 0:k.notifications)==null?void 0:j.length)>0,httpRequests:((C=(W=this.$request)==null?void 0:W.httpRequests)==null?void 0:C.length)>0,routes:((O=(R=this.$request)==null?void 0:R.routes)==null?void 0:O.length)>0,output:((L=(q=this.$request)==null?void 0:q.commandOutput)==null?void 0:L.length)>0}}},methods:{showTab(e){this.global.activeDetailsTab=e,this.global.showIncomingRequests=!1},toggleRequestsList(){this.$settings.global.requestsListCollapsed=!this.$settings.global.requestsListCollapsed,this.$settings.save()},toggleRequestSidebar(){this.$settings.global.requestSidebarCollapsed=!this.$settings.global.requestSidebarCollapsed,this.$settings.save()},toggleSettingsModal(){this.$settings.toggle()}}},roe={class:"split-view-pane split-view-details popover-viewport"},ooe={key:0,class:"details-header"},ioe={class:"icons"},aoe={class:"icons"},loe={key:1,class:"details-content"},coe={class:"content-content"},uoe={key:2,class:"details-loading-overlay"},doe={key:3,class:"details-error-overlay"},hoe={class:"message"},foe={key:0,class:"message"},poe={key:1},moe={key:2};function goe(e,t,s,n,r,o){const i=$("icon"),a=$("tab-bar"),l=$("details-request"),h=$("events-tab"),d=$("models-tab"),p=$("database-tab"),g=$("cache-tab"),y=$("redis-tab"),A=$("queue-tab"),k=$("log-tab"),j=$("performance-tab"),W=$("views-tab"),C=$("notifications-tab"),R=$("http-requests-tab"),O=$("routes-tab"),q=$("user-tab"),L=$("output-tab"),Q=$("spinner"),oe=$("settings-modal"),P=$("credits-modal"),V=$("sharing-modal"),F=$("sharing-delete-modal"),M=$("messages-overlay");return f(),v("div",roe,[e.$platform.hasFeature("tab-bar")?(f(),v("div",ooe,[u("div",ioe,[e.$platform.hasFeature("requests-list")?(f(),v("a",{key:0,href:"#",title:"Toggle requests",onClick:t[0]||(t[0]=ge((...c)=>o.toggleRequestsList&&o.toggleRequestsList(...c),["prevent"]))},[D(i,{name:e.$settings.global.requestsListCollapsed?"chevron-right":"chevron-left"},null,8,["name"])])):E("",!0)]),D(a,{tabs:o.tabs,"active-tab":o.activeTab,onTabSelected:o.showTab},null,8,["tabs","active-tab","onTabSelected"]),u("div",aoe,[u("a",{href:"#",title:"Settings",onClick:t[1]||(t[1]=ge((...c)=>o.toggleSettingsModal&&o.toggleSettingsModal(...c),["prevent"])),class:te({active:e.$settings.shown})},[D(i,{name:"settings"})],2),u("a",{href:"#",title:"Toggle sidebar",onClick:t[2]||(t[2]=ge((...c)=>o.toggleRequestSidebar&&o.toggleRequestSidebar(...c),["prevent"]))},[D(i,{name:e.$settings.global.requestSidebarCollapsed?"chevron-left":"chevron-right"},null,8,["name"])])])])):E("",!0),e.$request&&!e.$request.loading&&!e.$request.error?(f(),v("div",loe,[t[6]||(t[6]=u("div",{class:"content-header"},null,-1)),e.$platform.hasFeature("details-request")?(f(),J(l,{key:0})):E("",!0),u("div",coe,[o.shownTabs.events?(f(),J(h,{key:0,active:o.activeTab=="events"},null,8,["active"])):E("",!0),o.shownTabs.models?(f(),J(d,{key:1,active:o.activeTab=="models"},null,8,["active"])):E("",!0),o.shownTabs.database?(f(),J(p,{key:2,active:o.activeTab=="database"},null,8,["active"])):E("",!0),o.shownTabs.cache?(f(),J(g,{key:3,active:o.activeTab=="cache"},null,8,["active"])):E("",!0),o.shownTabs.redis?(f(),J(y,{key:4,active:o.activeTab=="redis"},null,8,["active"])):E("",!0),o.shownTabs.queue?(f(),J(A,{key:5,active:o.activeTab=="queue"},null,8,["active"])):E("",!0),o.shownTabs.log?(f(),J(k,{key:6,active:o.activeTab=="log"},null,8,["active"])):E("",!0),D(j,{active:o.activeTab=="performance"},null,8,["active"]),o.shownTabs.views?(f(),J(W,{key:7,active:o.activeTab=="views"},null,8,["active"])):E("",!0),o.shownTabs.notifications?(f(),J(C,{key:8,active:o.activeTab=="notifications"},null,8,["active"])):E("",!0),o.shownTabs.httpRequests?(f(),J(R,{key:9,active:o.activeTab=="httpRequests"},null,8,["active"])):E("",!0),o.shownTabs.routes?(f(),J(O,{key:10,active:o.activeTab=="routes"},null,8,["active"])):E("",!0),(f(!0),v(B,null,le(e.$get(e.$request,"userData"),(c,m)=>(f(),J(q,{key:`${e.$request.id}-${m}`,"user-tab":c,active:o.activeTab==`user-${c.key}`},null,8,["user-tab","active"]))),128)),o.shownTabs.output?(f(),J(L,{key:11,active:o.activeTab=="output"},null,8,["active"])):E("",!0)])])):E("",!0),e.$get(e.$request,"loading")&&!e.$authentication.shown?(f(),v("div",uoe,[D(Q,{color:e.$settings.appearance=="dark"?"#f27e02":"#258cdb"},null,8,["color"])])):E("",!0),e.$get(e.$request,"error")&&e.$get(e.$request,"error.error")!="requires-authentication"?(f(),v("div",doe,[D(i,{name:"alert-circle"}),t[7]||(t[7]=u("p",{class:"title"},"Error loading request metadata.",-1)),u("p",hoe,T(e.$get(e.$request,"error.message")),1),t[8]||(t[8]=u("a",{href:"https://underground.works/clockwork/#faq-error-loading-metadata",target:"_blank"},"More info",-1))])):E("",!0),e.$authentication.shown?(f(),v("div",{key:4,class:te(["details-authentication-overlay",{failed:e.$authentication.failed}])},[u("form",{onSubmit:t[5]||(t[5]=ge(c=>e.$authentication.attempt(),["prevent"]))},[D(i,{name:"lock"}),t[9]||(t[9]=u("p",{class:"title"},"This site requires authentication.",-1)),t[10]||(t[10]=u("p",{class:"title failed"},"Authentication failed.",-1)),e.$authentication.message?(f(),v("p",foe,T(e.$authentication.message),1)):E("",!0),e.$authentication.requires.includes("username")?(f(),v("p",poe,[Oe(u("input",{type:"text","onUpdate:modelValue":t[3]||(t[3]=c=>e.$authentication.username=c),placeholder:"Username"},null,512),[[gt,e.$authentication.username]])])):E("",!0),e.$authentication.requires.includes("password")?(f(),v("p",moe,[Oe(u("input",{type:"password","onUpdate:modelValue":t[4]||(t[4]=c=>e.$authentication.password=c),placeholder:"Password"},null,512),[[gt,e.$authentication.password]])])):E("",!0),t[11]||(t[11]=u("p",null,[u("button",{type:"submit"},"Submit")],-1))],32)],2)):E("",!0),D(oe),D(P),D(V),D(F),D(M)])}const voe=he(noe,[["render",goe]]),boe={name:"SidebarSection",components:{DetailsTable:He,PrettyPrint:Qe},props:["title","name","filterExample","items"],data:()=>({filter:ze([{tag:"name"}]),expandedSearch:!1}),computed:{expanded(){return this.$settings.global.requestSidebarCollapsedSections[this.name]!==!1}},methods:{toggle(){this.$settings.global.requestSidebarCollapsedSections[this.name]=!this.expanded,this.$settings.save()},expandSearch(){this.expandedSearch=!0,this.$nextTick(()=>this.$refs.searchInput.focus())}}},yoe={class:"sidebar-section"},Eoe={class:"section-header"},Toe={class:"header-group"},woe={key:0,class:"header-search"},_oe={key:0},Soe={colspan:"2"},Roe={class:"key"},Coe={class:"value"};function Aoe(e,t,s,n,r,o){const i=$("icon"),a=$("pretty-print"),l=$("details-table");return f(),v("div",yoe,[u("div",Eoe,[u("div",{class:"header-title",onClick:t[0]||(t[0]=(...h)=>o.toggle&&o.toggle(...h))},[D(i,{name:o.expanded?"chevron-down":"chevron-up"},null,8,["name"]),z(" "+T(s.title),1)]),u("div",Toe,[e.expandedSearch?(f(),v("div",woe,[Oe(u("input",{type:"search","onUpdate:modelValue":t[1]||(t[1]=h=>e.filter.input=h),placeholder:"Search...",ref:"searchInput"},null,512),[[gt,e.filter.input]]),D(i,{name:"search"})])):(f(),v("a",{key:1,href:"#",class:"header-item",onClick:t[2]||(t[2]=ge((...h)=>o.expandSearch&&o.expandSearch(...h),["prevent"]))},[D(i,{name:"search"})]))])]),$t(e.$slots,"content",{expanded:o.expanded},()=>[o.expanded?(f(),v("div",_oe,[$t(e.$slots,"above-table")])):E("",!0),$t(e.$slots,"table",{items:s.items,filter:e.filter,filterExample:s.filterExample,expanded:o.expanded},()=>[o.expanded?(f(),J(l,{key:0,columns:["Key","Value"],items:s.items,filter:e.filter,"filter-example":s.filterExample,"no-header":!0,"no-table-head":!0},{body:ce(({items:h})=>[(f(!0),v(B,null,le(h,(d,p)=>(f(),v("tr",{key:`${e.$request.id}-${p}`},[u("td",Soe,[u("div",Roe,T(d.name),1),u("div",Coe,[D(a,{data:d.value},null,8,["data"])])])]))),128))]),_:1},8,["items","filter","filter-example"])):E("",!0)])])])}const ao=he(boe,[["render",Aoe]]),koe={name:"CommandTab",components:{SidebarSection:ao}},Noe={class:"command-tab"};function Ooe(e,t,s,n,r,o){const i=$("sidebar-section");return f(),v("div",Noe,[e.$request.commandArgumentsMerged.length?(f(),J(i,{key:0,title:"Arguments",name:"arguments",items:e.$request.commandArgumentsMerged,"filter-example":'"Mike Jones" name:name'},null,8,["items"])):E("",!0),e.$request.commandOptionsMerged.length?(f(),J(i,{key:1,title:"Options",name:"options",items:e.$request.commandOptionsMerged,"filter-example":'"Mike Jones" name:name'},null,8,["items"])):E("",!0)])}const Ioe=he(koe,[["render",Ooe]]),$oe={name:"QueueJobTab",components:{PrettyPrint:Qe,SidebarSection:ao}},Loe={class:"queue-job-tab"},qoe={key:0,class:"data-value"},Doe={key:0,class:"data-value"},Poe={key:0,class:"data-value"};function xoe(e,t,s,n,r,o){const i=$("pretty-print"),a=$("sidebar-section");return f(),v("div",Loe,[e.$request.jobPayload?(f(),J(a,{key:0,title:"Payload",name:"payload"},{content:ce(({expanded:l})=>[l?(f(),v("div",qoe,[D(i,{data:e.$request.jobPayload,expanded:!0},null,8,["data"])])):E("",!0)]),_:1})):E("",!0),e.$request.jobQueue?(f(),J(a,{key:1,title:"Queue",name:"queue"},{content:ce(({expanded:l})=>[l?(f(),v("div",Doe,T(e.$request.jobQueue),1)):E("",!0)]),_:1})):E("",!0),e.$request.jobConnection?(f(),J(a,{key:2,title:"Connection",name:"connection"},{content:ce(({expanded:l})=>[l?(f(),v("div",Poe,T(e.$request.jobConnection),1)):E("",!0)]),_:1})):E("",!0),e.$request.jobOptions.length?(f(),J(a,{key:3,title:"Options",name:"options",items:e.$request.jobOptions,"filter-example":'"Mike Jones" name:name'},null,8,["items"])):E("",!0)])}const Moe=he($oe,[["render",xoe]]),Uoe={name:"RequestTab",components:{DetailsTable:He,SidebarSection:ao},computed:{headers(){return this.$request.cookies.length?this.$request.headers.filter(e=>e.name!="Cookie"):this.$request.headers}}},Foe={class:"request-tab"},Hoe={key:0,class:"data-raw"},Boe={class:"value"},joe={key:0,class:"session-user"},Voe={key:0,class:"name"},Goe={key:0,class:"session-user-details"},Woe={key:0,class:"dimmed"};function zoe(e,t,s,n,r,o){const i=$("sidebar-section"),a=$("details-table"),l=$("icon");return f(),v("div",Foe,[o.headers.length?(f(),J(i,{key:0,title:"Headers",name:"headers",items:o.headers,"filter-example":"text/html name:Accept"},null,8,["items"])):E("",!0),e.$request.requestData?(f(),J(i,{key:1,title:"Data",name:"data",items:e.$request.requestData,"filter-example":"420 name:price"},oh({_:2},[e.$request.requestData instanceof Object?void 0:{name:"content",fn:ce(({expanded:h})=>[h?(f(),v("div",Hoe,T(e.$request.requestData),1)):E("",!0)]),key:"0"}]),1032,["items"])):E("",!0),e.$request.getData.length?(f(),J(i,{key:2,title:"GET data",name:"getData",items:e.$request.getData,"filter-example":"created_at name:orderBy"},null,8,["items"])):E("",!0),e.$request.postData.length?(f(),J(i,{key:3,title:"POST data",name:"postData",items:e.$request.postData,"filter-example":'"Mike Jones" name:name'},null,8,["items"])):E("",!0),e.$request.cookies.length?(f(),J(i,{key:4,title:"Cookies",name:"cookies",items:e.$request.cookies,"filter-example":'"Mike Jones" name:name'},null,8,["items"])):E("",!0),e.$request.middleware.length?(f(),J(i,{key:5,title:"Middleware",name:"middleware",items:e.$request.middleware,"filter-example":"auth:admin"},{table:ce(({items:h,filter:d,filterExample:p,expanded:g})=>[g?(f(),J(a,{key:0,columns:["Value"],items:h,filter:d,"filter-example":p,"no-header":!0,"no-table-head":!0},{header:ce(({filter:y})=>t[0]||(t[0]=[])),body:ce(({items:y})=>[(f(!0),v(B,null,le(y,(A,k)=>(f(),v("tr",{key:`${e.$request.id}-${k}`},[u("td",Boe,T(A),1)]))),128))]),_:2},1032,["items","filter","filter-example"])):E("",!0)]),_:1},8,["items"])):E("",!0),e.$request.sessionData.length||e.$request.authenticatedUser?(f(),J(i,{key:6,title:"Session",name:"session",items:e.$request.sessionData,"filter-example":"registration successful name:_token"},{"above-table":ce(()=>[e.$request.authenticatedUser?(f(),v("div",joe,[D(l,{name:"user"}),u("div",null,[e.$request.authenticatedUser.name&&e.$request.authenticatedUser.name.trim()?(f(),v("span",Voe,T(e.$request.authenticatedUser.name),1)):E("",!0),u("span",{class:te(e.$request.authenticatedUser.name&&e.$request.authenticatedUser.name.trim()?"dimmed":"")},T(e.$request.authenticatedUser.username),3)]),e.$request.authenticatedUser.email||e.$request.authenticatedUser.id?(f(),v("span",Goe,[e.$request.authenticatedUser.id?(f(),v("span",Woe,"#"+T(e.$request.authenticatedUser.id),1)):E("",!0)])):E("",!0)])):E("",!0)]),_:1},8,["items"])):E("",!0)])}const Qoe=he(Uoe,[["render",zoe]]),Yoe={name:"TestTab",components:{DetailsTable:He,PrettyPrint:Qe,SidebarSection:ao,StackTrace:ht},computed:{asserts(){return this.$request.testAsserts.reverse()}}},Koe={class:"request-tab test-tab"},Xoe={class:"value test-assert"},Joe={class:"assert-name"},Zoe={class:"assert-name-text"},eie={class:"assert-name-trace"};function tie(e,t,s,n,r,o){const i=$("stack-trace"),a=$("pretty-print"),l=$("details-table"),h=$("sidebar-section");return f(),v("div",Koe,[e.$request.testStatusMessage?(f(),v("div",{key:0,class:te(["test-status-message",{error:e.$request.isTestError(),warning:e.$request.isTestWarning()}])},T(e.$request.testStatusMessage),3)):E("",!0),o.asserts.length?(f(),J(h,{key:1,title:"Asserts",name:"asserts",items:o.asserts,"filter-example":"text/html name:Accept"},{table:ce(({items:d,filter:p,filterExample:g,expanded:y})=>[y?(f(),J(l,{key:0,columns:["Assert"],items:d,filter:p,"filter-example":g,"no-header":!0,"no-table-head":!0},{body:ce(({items:A})=>[(f(!0),v(B,null,le(A,(k,j)=>(f(),v("tr",{key:`${e.$request.id}-${j}`},[u("td",Xoe,[u("div",Joe,[u("div",{class:te(["assert-name-content",{"assert-failed":!k.passed}])},[u("span",Zoe,T(k.name),1)],2),u("div",eie,[D(i,{trace:k.trace},null,8,["trace"])])]),D(a,{data:k.arguments},null,8,["data"])])]))),128))]),_:2},1032,["items","filter","filter-example"])):E("",!0)]),_:1},8,["items"])):E("",!0)])}const sie=he(Yoe,[["render",tie]]),nie={name:"RequestSidebar",components:{CommandTab:Ioe,ExceptionSection:$c,ParentRequest:Lc,QueueJobTab:Moe,RequestTab:Qoe,TestTab:sie},computed:{shareUrl(){return this.$request?`${window.location.origin}#${this.$request.id}`:"#"}}},rie={key:0,class:"sidebar-header"},oie=["title"],iie={class:"info-main"},aie={key:0,class:"type-text"},lie={class:"method-text"},cie={key:4,href:"#",class:"info-copy",title:"Copy url"},uie={class:"info-details"},die={class:"header-status"},hie=["title"],fie=["title"],pie=["title"],mie=["title"],gie={class:"sidebar-content"},vie={class:"content-actions"},bie={class:"content-meta"},yie={key:0,class:"meta-date"},Eie={key:1,class:"meta-id"},Tie=["href"];function wie(e,t,s,n,r,o){const i=$("parent-request"),a=$("icon"),l=$("exception-section"),h=$("command-tab"),d=$("queue-job-tab"),p=$("test-tab"),g=$("request-tab"),y=tc("clipboard");return f(),v("div",{class:te([{"request-sidebar":!0,large:e.$settings.global.requestsListCollapsed},"popover-viewport"])},[D(i),e.$request?(f(),v("div",rie,[u("div",{class:"header-info",title:e.$request.tooltip},[u("div",iie,[e.$request.isCommand()?(f(),v(B,{key:0},[t[2]||(t[2]=u("span",{class:"type-text"},"CMD",-1)),z(" "+T(e.$request.commandName),1)],64)):e.$request.isQueueJob()?(f(),v(B,{key:1},[t[3]||(t[3]=u("span",{class:"type-text"},"QUEUE",-1)),z(" "+T(e.$request.jobName),1)],64)):e.$request.isTest()?(f(),v(B,{key:2},[t[4]||(t[4]=u("span",{class:"type-text"},"TEST",-1)),z(" "+T(e.$request.testGroup),1)],64)):(f(),v(B,{key:3},[e.$request.isAjax()?(f(),v("span",aie,"AJAX")):E("",!0),u("span",lie,T(e.$request.method),1),z(" "+T(e.$request.uri),1)],64)),e.$request&&e.$request.url?Oe((f(),v("a",cie,[D(a,{name:"link"})])),[[y,e.$request.url,"copy"]]):E("",!0)]),u("div",uie,[e.$request.isCommand()?(f(),v(B,{key:0},[z(T(e.$request.commandLine),1)],64)):e.$request.isQueueJob()?(f(),v(B,{key:1},[z(T(e.$request.jobDescription),1)],64)):e.$request.isTest()?(f(),v(B,{key:2},[z(T(e.$request.testName),1)],64)):(f(),v(B,{key:3},[z(T(e.$request.controller),1)],64))])],8,oie),e.$request.errorsCount?(f(),J(a,{key:0,name:"alert-circle",class:"header-alert alert-errors"})):e.$request.warningsCount?(f(),J(a,{key:1,name:"alert-triangle",class:"header-alert alert-warnings"})):E("",!0),u("div",die,[e.$request.isCommand()?(f(),v("span",{key:0,class:te({"status-text":!0,"client-error":e.$request.isCommandWarning(),"server-error":e.$request.isCommandError()}),title:e.$request.commandExitCode},T(e.$request.commandExitCode),11,hie)):e.$request.isQueueJob()?(f(),v("span",{key:1,class:te({"status-text":!0,"status-text-small":!0,"client-error":e.$request.isQueueJobWarning(),"server-error":e.$request.isQueueJobError()}),title:e.$request.jobStatus},T(e.$request.jobStatus),11,fie)):e.$request.isTest()?(f(),v("span",{key:2,class:te({"status-text":!0,"status-text-small":!0,"client-error":e.$request.isTestWarning(),"server-error":e.$request.isTestError()}),title:e.$request.testStatus},T(e.$request.testStatus),11,pie)):(f(),v("span",{key:3,class:te({"status-text":!0,"client-error":e.$request.isClientError(),"server-error":e.$request.isServerError()}),title:e.$request.responseStatus},T(e.$request.responseStatus),11,mie))])])):E("",!0),D(l),u("div",gie,[e.$request&&e.$request.isCommand()?(f(),J(h,{key:0})):E("",!0),e.$request&&e.$request.isQueueJob()?(f(),J(d,{key:1})):E("",!0),e.$request&&e.$request.isTest()?(f(),J(p,{key:2})):e.$request?(f(),J(g,{key:3})):E("",!0),u("div",vie,[e.$platform.hasFeature("sharing")?(f(),v("a",{key:0,href:"#",class:"button",onClick:t[0]||(t[0]=ge(A=>e.$sharing.toggle(),["prevent"]))},[D(a,{name:"share"}),t[5]||(t[5]=z(" Share "))])):E("",!0),e.$platform.hasFeature("delete-shared")?(f(),v("a",{key:1,href:"#",class:"button",onClick:t[1]||(t[1]=ge(A=>e.$sharing.toggleDelete(),["prevent"]))},[D(a,{name:"trash-2"}),t[6]||(t[6]=z(" Delete "))])):E("",!0)]),u("div",bie,[e.$request&&e.$request.time?(f(),v("div",yie,T(e.$date(e.$request.time*1e3,"y-MM-dd HH:mm:ss")),1)):E("",!0),e.$request?(f(),v("div",Eie,[u("a",{href:o.shareUrl},T(e.$request.id),9,Tie)])):E("",!0)])])],2)}const _ie=he(nie,[["render",wie]]),Sie={name:"RequestsList",components:{},data:()=>({loadingMoreRequests:!1}),computed:{requests(){let e=this.$requests.items;return this.$settings.global.hideCommandTypeRequests&&(e=e.filter(t=>t.type!="command")),this.$settings.global.hideQueueJobTypeRequests&&(e=e.filter(t=>t.type!="queue-job")),this.$settings.global.hideTestTypeRequests&&(e=e.filter(t=>t.type!="test")),e},showDatabaseTime(){return this.requests.find(e=>e.databaseDuration>0)}},mounted(){this.$refs.requestsContainer.scrollTop=this.$refs.requestsTable.offsetTop},methods:{isActive(e){var t;return((t=this.$request)==null?void 0:t.id)==e},showRequest(e){this.global.$request=e},loadMoreRequests(){this.loadingMoreRequests=!0,this.$requests.loadPrevious(10).then(()=>{this.loadingMoreRequests=!1})},shouldShowFirstRequest(){return!this.$settings.global.preserveLog&&(!this.$request||!this.$requests.findId(this.$request.id))},shouldShowIncomingRequest(){var e;return this.$settings.global.preserveLog&&(!this.$request||this.$settings.global.showIncomingRequests&&this.global.showIncomingRequests)&&(!this.$request||!((e=this.$requests.last())!=null&&e.isAjax()))},clear(){this.$requests.clear()}},watch:{"requests.length":{handler(e){this.shouldShowFirstRequest()?this.showRequest(this.$requests.first()):this.shouldShowIncomingRequest()&&(this.showRequest(this.$requests.last()),this.$nextTick(()=>this.$refs.requestsContainer.scrollTop=this.$refs.requestsTable.offsetHeight+this.$refs.requestsTable.offsetTop))}},$request:{handler(e){var n,r;((r=(n=this.$request)==null?void 0:n.error)==null?void 0:r.error)=="requires-authentication"&&this.$authentication.request(this.$request.error.message,this.$request.error.requires);let t=this.$requests.last(o=>!o.isAjax())||this.$requests.last(),s=this.$requests.all().indexOf(t);this.global.showIncomingRequests=this.$requests.all().slice(s).includes(e)}},"$request.loading":{handler(e){var t,s;e||((s=(t=this.$request)==null?void 0:t.error)==null?void 0:s.error)=="requires-authentication"&&this.$authentication.request(this.$request.error.message,this.$request.error.requires)}}}},Rie={class:"requests-header",id:"requests-header"},Cie={class:"duration"},Aie={key:0},kie={class:"requests-container",ref:"requestsContainer"},Nie={class:"requests-content"},Oie={class:"content-above",ref:"contentAbove"},Iie={class:"requests-search"},$ie={class:"requests-table",ref:"requestsTable"},Lie={id:"requests"},qie=["onClick"],Die=["title"],Pie={class:"controller-big"},xie={key:0,class:"type-text"},Mie={class:"method-text"},Uie={key:0},Fie={key:1},Hie={key:2},Bie={key:0},jie={key:1},Vie=["title"],Gie=["title"],Wie=["title"],zie=["title"],Qie=["title"],Yie={key:0};function Kie(e,t,s,n,r,o){const i=$("icon");return f(),v("div",{class:te([{"split-view-pane split-view-requests":!0,large:e.$settings.global.requestSidebarCollapsed},"popover-viewport"])},[u("div",Rie,[u("table",null,[u("thead",null,[u("tr",null,[t[6]||(t[6]=u("th",{class:"controller"},[z(" Path"),u("br"),u("small",null,"Controller")],-1)),t[7]||(t[7]=u("th",{class:"status"}," Status ",-1)),u("th",Cie,[t[4]||(t[4]=z(" Time")),t[5]||(t[5]=u("br",null,null,-1)),o.showDatabaseTime?(f(),v("small",Aie,"Database")):E("",!0)])])])])]),u("div",kie,[u("div",Nie,[u("div",Oie,[u("div",Iie,[Oe(u("input",{type:"search","onUpdate:modelValue":t[0]||(t[0]=a=>e.$requestsSearch.input=a),onInput:t[1]||(t[1]=(...a)=>e.$requestsSearch.searchDebounced&&e.$requestsSearch.searchDebounced(...a)),placeholder:"Search..."},null,544),[[gt,e.$requestsSearch.input]]),D(i,{name:"search"})]),u("a",{href:"#",class:"button",onClick:t[2]||(t[2]=ge((...a)=>o.loadMoreRequests&&o.loadMoreRequests(...a),["prevent"]))},T(e.loadingMoreRequests?"Loading...":"Load more"),1)],512),u("div",$ie,[u("table",Lie,[(f(!0),v(B,null,le(o.requests,a=>(f(),v("tr",{key:a.id,onClick:l=>o.showRequest(a),class:te({selected:o.isActive(a.id)})},[u("td",{class:"controller",title:a.tooltip},[u("span",Pie,[a.errorsCount?(f(),J(i,{key:0,name:"alert-circle",class:"request-alert alert-errors"})):a.warningsCount?(f(),J(i,{key:1,name:"alert-triangle",class:"request-alert alert-warnings"})):E("",!0),a.isCommand()?(f(),v(B,{key:2},[t[8]||(t[8]=u("span",{class:"type-text"},"CMD",-1)),z(" "+T(a.commandName),1)],64)):a.isQueueJob()?(f(),v(B,{key:3},[t[9]||(t[9]=u("span",{class:"type-text"},"QUEUE",-1)),z(" "+T(a.jobName),1)],64)):a.isTest()?(f(),v(B,{key:4},[t[10]||(t[10]=u("span",{class:"type-text"},"TEST",-1)),z(" "+T(a.testGroup),1)],64)):(f(),v(B,{key:5},[a.isAjax()?(f(),v("span",xie,"AJAX")):E("",!0),u("span",Mie,T(a.method),1),z(" "+T(a.uri),1)],64))]),t[11]||(t[11]=u("br",null,null,-1)),a.isCommand()?(f(),v("small",Uie,T(a.commandLine),1)):a.isQueueJob()?(f(),v("small",Fie,T(a.jobDescription),1)):a.isTest()?(f(),v("small",Hie,T(a.testName),1)):(f(),v(B,{key:3},[e.$settings.global.requestSidebarCollapsed?(f(),v("small",Bie,T(a.controller),1)):(f(),v("small",jie,T(e.$shortClass(a.controller)),1))],64))],8,Die),a.isCommand()?(f(),v("td",{key:0,class:"status",title:a.commandExitCode},[u("span",{class:te({"status-text":!0,"client-error":a.isCommandWarning(),"server-error":a.isCommandError()})},T(a.commandExitCode),3)],8,Vie)):a.isQueueJob()?(f(),v("td",{key:1,class:"status",title:a.jobStatus},[u("span",{class:te({"status-text":!0,"status-text-small":!0,"client-error":a.isQueueJobWarning(),"server-error":a.isQueueJobError()})},T(a.jobStatus),3)],8,Gie)):a.isTest()?(f(),v("td",{key:2,class:"status",title:a.testStatus},[u("span",{class:te({"status-text":!0,"status-text-small":!0,"client-error":a.isTestWarning(),"server-error":a.isTestError()})},T(a.testStatus),3)],8,Wie)):(f(),v("td",{key:3,class:"status",title:a.responseStatus},[u("span",{class:te({"status-text":!0,"client-error":a.isClientError(),"server-error":a.isServerError()})},T(a.responseStatus),3)],8,zie)),u("td",{class:"duration",title:`${a.responseDurationRounded} ms (${a.databaseDurationRounded} ms)`},[z(T(a.responseDurationRounded)+" ms",1),t[12]||(t[12]=u("br",null,null,-1)),o.showDatabaseTime?(f(),v("small",Yie,T(a.databaseDurationRounded)+" ms",1)):E("",!0)],8,Qie)],10,qie))),128))])],512),u("a",{href:"#",class:"button requests-clear",onClick:t[3]||(t[3]=ge((...a)=>o.clear&&o.clear(...a),["prevent"]))},[D(i,{name:"slash"}),t[13]||(t[13]=z(" Clear "))])])],512)],2)}const Xie=he(Sie,[["render",Kie]]);let gu=class Kn{constructor(t,s){this.platform=t,this.settings=s}get show(){return this.settings.global.seenReleaseNotesVersion!=Kn.latestRelease.version&&this.settings.persistent&&this.settings.loaded&&this.platform.hasFeature("whats-new")}seen(){this.settings.global.seenReleaseNotesVersion=Kn.latestRelease.version,this.settings.save()}static get latestRelease(){return Kn.releases[0]}static get releases(){return[{version:"5.3",url:"https://underground.works/blog/clockwork-5.3-released-with-http-requests-and-mode",notes:[{title:"HTTP Requests",text:["This new tab shows HTTP requests executed by your application, including details like request and response bodies and headers.","Requests executed via the Laravel HTTP client are automatically collected and you can also easily collect any Guzzle based library."],image:"http-requests.png",imagePlacement:"right"},{title:"Server-side Library Updated",text:["The server-side library was also updated with support for collecting HTTP requests, improved Vanilla integration and more.",'For the full list of improvements, changes, and fixes click on the "learn more" button.']}]},{version:"5.1",url:"https://underground.works/blog/clockwork-5.1-released-with-database-queries-highlighting-and-more",notes:[{title:"Database Queries Highlighting",text:["Database queries are now easier to read with SQL syntax highlighting. You can also enable the prettify mode to reformat the queries for even more readibility."],image:"database-queries.png",imagePlacement:"top"},{title:"Server-side Library Updated",text:["The server-side library was also updated with support for Laravel Octane, collecting cache values and more.",'For the full list of improvements, changes, and fixes click on the "learn more" button.']}]},{version:"5.0",url:"https://underground.works/blog/clockwork-5.0-released-with-client-side-metrics-toolbar-and-more",notes:[{title:"UI refinements",text:["Almost every part of the Clockwork UI was touched up and improved. From simplified requests list, new tab bar, counters and tables to reworked dark theme colors.",'You will also find a new "credits" link in the settings modal. This opens a credits modal with a little shout-out to all contributors, sponsors and used third-party dependencies.'],image:"clockwork-5.png",imagePlacement:"top"},{title:"Timeline",text:["Timeline was rebuilt from the ground up in this release.","The new timeline makes it easier than ever before to figure out what's happening in your application.","The condense option makes the timeline more compact and clicking on an event now reveals a popover with more details."],image:"timeline.png",imagePlacement:"right"},{title:"Client-side metrics and Web Vitals",text:["Clockwork helps you to keep your server-side performance in check. Optimizing the backend is just half of the battle though.","Clockwork can now collect client-side performance metrics. Supported are both navigation timings and Web Vitals","Collecting these metrics requires installing a tiny javascript library from npm or via cdn. Check the docs for more details."],image:"client-metrics.png",imagePlacement:"left"},{title:"Models",text:["Models tab is a new tool in your toolbelt for dealing with database issues.","Models actions give you a different point of view at your database usage.","Models counts will show you how many of each model you've retrieved, created, updated and deleted."],image:"models-tab.png",imagePlacement:"right"},{title:"Notifications",text:["Notifications tab is a new tab replacing the emails tab.","This time we support not only emails, but all kinds of notifications, like SMS or Slack messages.","With details like subject, recipient, sender, but also notifiable, notified and mailable objects in Larvel."],image:"notifications-tab.png",imagePlacement:"left"},{title:"Sharing",text:["Have you ever wanted to share a Clockwork profile with someone else? Maybe you'd like to share details of a crash from a local environment with a co-worker. Or before and after optimisation metrics with your boss.","Sharing a request uploads the metadata to a Clockwork share service and gives you a public link to share with others. On this link you will find a fully working Clockwork app showing the request you shared.","The share service is free to use, click on the share button in the sidebar to start."]},{title:"Toolbar",text:["Clockwork now gives you an option to show basic request information in the form of a toolbar in your app.","A tiny browser component has to be installed from npm or via cdn. See the docs for full installation instructions."],image:"toolbar.png",imagePlacement:"top"}]}]}};const Jie=(...e)=>We(new gu(...e)),Zie={name:"WhatsNew",components:{Modal:vs},computed:{release(){return gu.latestRelease}},methods:{close(){this.$whatsNew.seen()}}},eae={class:"whats-new"},tae={class:"whats-new-content"},sae=["src"],nae=["src"],rae={class:"whats-new-actions"},oae=["href"];function iae(e,t,s,n,r,o){const i=$("modal");return f(),J(i,{icon:"star",title:"What's new",shown:e.$whatsNew.show,"on-close":o.close},{default:ce(()=>[u("div",eae,[u("div",tae,[t[2]||(t[2]=u("h1",null,"Clockwork has just been updated!",-1)),(f(!0),v(B,null,le(o.release.notes,a=>(f(),v("div",{class:te(["whats-new-section",`image-${a.imagePlacement||"bottom"}`])},[a.image&&(a.imagePlacement||"bottom")!="bottom"?(f(),v("img",{key:0,src:`img/whats-new/${o.release.version}/${a.image}`},null,8,sae)):E("",!0),u("h2",null,T(a.title),1),(f(!0),v(B,null,le(a.text,l=>(f(),v("p",null,T(l),1))),256)),a.image&&(a.imagePlacement||"bottom")=="bottom"?(f(),v("img",{key:1,src:`img/whats-new/${o.release.version}/${a.image}`},null,8,nae)):E("",!0)],2))),256)),u("div",rae,[u("a",{href:o.release.url,target:"_blank",class:"actions-show-more"},"Learn more",8,oae),u("a",{onClick:t[0]||(t[0]=ge((...a)=>o.close&&o.close(...a),["prevent"])),href:"#",class:"actions-close"},"Close"),t[1]||(t[1]=u("p",null,[u("small",null,"Some of the new features might require server-side Clockwork library update.")],-1))])])])]),_:1},8,["shown","on-close"])}const aae=he(Zie,[["render",iae]]),lae={name:"LivewirePanel",data(){return{components:[],events:[],queries:[],isTimeTravelEnabled:!1,mcpClient:null}},methods:{refreshState(){this.mcpClient.getQueryAnalysis(),this.components.forEach(e=>{this.mcpClient.getComponentState(e.id)})},toggleTimeTravel(){this.isTimeTravelEnabled=!this.isTimeTravelEnabled,this.mcpClient.send({type:"timeTravel",enabled:this.isTimeTravelEnabled})},editState(e){this.mcpClient.updateComponentState(e.id,e.state)},viewEvents(e){this.mcpClient.getComponentEvents(e.id)},formatTime(e){return new Date(e).toLocaleTimeString()}},mounted(){this.mcpClient=this.$parent.mcpClient,this.mcpClient.subscribe("livewire.state",e=>{const t=this.components.findIndex(s=>s.id===e.componentId);t!==-1?this.components[t].state=e.state:this.components.push({id:e.componentId,name:e.name,state:e.state})}),this.mcpClient.subscribe("livewire.events",e=>{this.events=e.events}),this.mcpClient.subscribe("livewire.queries",e=>{this.queries=e.queries}),this.refreshState()},beforeUnmount(){this.mcpClient&&(this.mcpClient.unsubscribe("livewire.state"),this.mcpClient.unsubscribe("livewire.events"),this.mcpClient.unsubscribe("livewire.queries"))}},cae={class:"livewire-panel"},uae={class:"panel-header"},dae={class:"panel-controls"},hae={class:"panel-content"},fae={class:"state-inspector"},pae={class:"component-list"},mae={class:"component-header"},gae={class:"component-name"},vae={class:"component-id"},bae={class:"component-state"},yae={class:"component-actions"},Eae=["onClick"],Tae=["onClick"],wae={class:"event-timeline"},_ae={class:"timeline-list"},Sae={class:"event-time"},Rae={class:"event-name"},Cae={class:"event-component"},Aae={class:"query-analysis"},kae={class:"query-list"},Nae={class:"query-header"},Oae={class:"query-time"},Iae={class:"query-sql"};function $ae(e,t,s,n,r,o){return f(),v("div",cae,[u("div",uae,[t[2]||(t[2]=u("h2",null,"Livewire Debug",-1)),u("div",dae,[u("button",{onClick:t[0]||(t[0]=(...i)=>o.refreshState&&o.refreshState(...i))},"Refresh"),u("button",{onClick:t[1]||(t[1]=(...i)=>o.toggleTimeTravel&&o.toggleTimeTravel(...i))},"Time Travel")])]),u("div",hae,[u("div",fae,[t[3]||(t[3]=u("h3",null,"Component State",-1)),u("div",pae,[(f(!0),v(B,null,le(r.components,i=>(f(),v("div",{key:i.id,class:"component-item"},[u("div",mae,[u("span",gae,T(i.name),1),u("span",vae,"#"+T(i.id),1)]),u("div",bae,[u("pre",null,T(JSON.stringify(i.state,null,2)),1)]),u("div",yae,[u("button",{onClick:a=>o.editState(i)},"Edit State",8,Eae),u("button",{onClick:a=>o.viewEvents(i)},"View Events",8,Tae)])]))),128))])]),u("div",wae,[t[4]||(t[4]=u("h3",null,"Event Timeline",-1)),u("div",_ae,[(f(!0),v(B,null,le(r.events,i=>(f(),v("div",{key:i.id,class:"timeline-item"},[u("span",Sae,T(o.formatTime(i.timestamp)),1),u("span",Rae,T(i.name),1),u("span",Cae,T(i.component),1)]))),128))])]),u("div",Aae,[t[5]||(t[5]=u("h3",null,"Query Analysis",-1)),u("div",kae,[(f(!0),v(B,null,le(r.queries,i=>(f(),v("div",{key:i.id,class:"query-item"},[u("div",Nae,[u("span",Oae,T(i.time)+"ms",1),u("span",{class:te(["query-type",{"n1-warning":i.isN1}])},"N+1",2)]),u("pre",Iae,T(i.sql),1)]))),128))])])])])}const Lae=he(lae,[["render",$ae],["__scopeId","data-v-010785f7"]]);class qae{constructor(){this.ws=null,this.reconnectAttempts=0,this.maxReconnectAttempts=5,this.reconnectDelay=1e3,this.subscribers=new Map}connect(t="localhost",s=8080){try{this.ws=new WebSocket(`ws://${t}:${s}`),this.ws.onopen=()=>{console.log("Connected to Tapped MCP server"),this.reconnectAttempts=0,this.subscribeToAll()},this.ws.onmessage=n=>{const r=JSON.parse(n.data);this.handleMessage(r)},this.ws.onclose=()=>{console.log("Disconnected from Tapped MCP server"),this.attemptReconnect()},this.ws.onerror=n=>{console.error("WebSocket error:",n)}}catch(n){console.error("Failed to connect to MCP server:",n),this.attemptReconnect()}}attemptReconnect(){this.reconnectAttempts<this.maxReconnectAttempts&&(this.reconnectAttempts++,setTimeout(()=>{console.log(`Attempting to reconnect (${this.reconnectAttempts}/${this.maxReconnectAttempts})...`),this.connect()},this.reconnectDelay*this.reconnectAttempts))}subscribe(t,s){this.subscribers.has(t)||this.subscribers.set(t,new Set),this.subscribers.get(t).add(s),this.ws&&this.ws.readyState===WebSocket.OPEN&&this.send({type:"subscribe",channel:t})}unsubscribe(t,s){this.subscribers.has(t)&&(this.subscribers.get(t).delete(s),this.subscribers.get(t).size===0&&(this.subscribers.delete(t),this.ws&&this.ws.readyState===WebSocket.OPEN&&this.send({type:"unsubscribe",channel:t})))}subscribeToAll(){["livewire.state","livewire.events","livewire.queries","livewire.performance"].forEach(s=>{this.send({type:"subscribe",channel:s})})}handleMessage(t){const{type:s,channel:n,data:r}=t;s==="data"&&this.subscribers.has(n)&&this.subscribers.get(n).forEach(o=>o(r))}send(t){this.ws&&this.ws.readyState===WebSocket.OPEN&&this.ws.send(JSON.stringify(t))}getComponentState(t){this.send({type:"request",channel:"livewire.state",data:{componentId:t}})}updateComponentState(t,s){this.send({type:"update",channel:"livewire.state",data:{componentId:t,state:s}})}getComponentEvents(t){this.send({type:"request",channel:"livewire.events",data:{componentId:t}})}getQueryAnalysis(){this.send({type:"request",channel:"livewire.queries",data:{}})}}const Dae={name:"App",components:{RequestDetails:voe,RequestSidebar:_ie,RequestsList:Xie,WhatsNew:aae,LivewirePanel:Lae},data(){return{mcpClient:null,showLivewirePanel:!1}},computed:{appearance(){return this.$settings.appearance},showRequestsList(){return!this.$settings.global.requestsListCollapsed&&this.$platform.hasFeature("requests-list")},showRequestSidebar(){return!this.$settings.global.requestSidebarCollapsed&&this.$platform.hasFeature("request-sidebar")}},mounted(){this.mcpClient=new qae,this.mcpClient.connect(),this.mcpClient.subscribe("livewire.detected",e=>{this.showLivewirePanel=!0})},beforeUnmount(){this.mcpClient&&this.mcpClient.unsubscribe("livewire.detected")}};function Pae(e,t,s,n,r,o){const i=$("requests-list"),a=$("request-details"),l=$("request-sidebar"),h=$("livewire-panel"),d=$("whats-new");return f(),v("div",{class:te(["application split-view",o.appearance])},[o.showRequestsList?(f(),J(i,{key:0})):E("",!0),D(a),o.showRequestSidebar?(f(),J(l,{key:1})):E("",!0),r.showLivewirePanel?(f(),J(h,{key:2})):E("",!0),D(d)],2)}const xae=he(Dae,[["render",Pae]]),Mae={props:["color","height","width"],computed:{style(){let e=this.color?"color: "+this.color+";":"",t=this.width?"width: "+this.width+"px;":"",s=this.height?"height: "+this.height+"px;":"";return e+t+s}}};function Uae(e,t,s,n,r,o){return f(),v("div",{class:"spinner",style:ut(o.style)},t[0]||(t[0]=[u("div",null,null,-1),u("div",null,null,-1),u("div",null,null,-1),u("div",null,null,-1),u("div",null,null,-1),u("div",null,null,-1),u("div",null,null,-1),u("div",null,null,-1),u("div",null,null,-1),u("div",null,null,-1),u("div",null,null,-1),u("div",null,null,-1)]),4)}const Fae=he(Mae,[["render",Uae]]);var vu={exports:{}},bu={exports:{}};/*!
 * clipboard.js v2.0.11
 * https://clipboardjs.com/
 *
 * Licensed MIT © Zeno Rocha
 */(function(e,t){(function(s,n){e.exports=n()})(ve,function(){return n={686:function(o,d,a){a.d(d,{default:function(){return oe}});var d=a(279),l=a.n(d),d=a(370),h=a.n(d),d=a(817),p=a.n(d);function g(P){try{return document.execCommand(P)}catch{return}}var y=function(P){return P=p()(P),g("cut"),P};function A(c,V){var F,M,c=(F=c,M=document.documentElement.getAttribute("dir")==="rtl",(c=document.createElement("textarea")).style.fontSize="12pt",c.style.border="0",c.style.padding="0",c.style.margin="0",c.style.position="absolute",c.style[M?"right":"left"]="-9999px",M=window.pageYOffset||document.documentElement.scrollTop,c.style.top="".concat(M,"px"),c.setAttribute("readonly",""),c.value=F,c);return V.container.appendChild(c),V=p()(c),g("copy"),c.remove(),V}var k=function(P){var V=1<arguments.length&&arguments[1]!==void 0?arguments[1]:{container:document.body},F="";return typeof P=="string"?F=A(P,V):P instanceof HTMLInputElement&&!["text","search","url","tel","password"].includes(P==null?void 0:P.type)?F=A(P.value,V):(F=p()(P),g("copy")),F};function j(P){return(j=typeof Symbol=="function"&&typeof Symbol.iterator=="symbol"?function(V){return typeof V}:function(V){return V&&typeof Symbol=="function"&&V.constructor===Symbol&&V!==Symbol.prototype?"symbol":typeof V})(P)}var W=function(){var M=0<arguments.length&&arguments[0]!==void 0?arguments[0]:{},F=M.action,P=F===void 0?"copy":F,V=M.container,F=M.target,M=M.text;if(P!=="copy"&&P!=="cut")throw new Error('Invalid "action" value, use either "copy" or "cut"');if(F!==void 0){if(!F||j(F)!=="object"||F.nodeType!==1)throw new Error('Invalid "target" value, use a valid Element');if(P==="copy"&&F.hasAttribute("disabled"))throw new Error('Invalid "target" attribute. Please use "readonly" instead of "disabled" attribute');if(P==="cut"&&(F.hasAttribute("readonly")||F.hasAttribute("disabled")))throw new Error(`Invalid "target" attribute. You can't cut text from elements with "readonly" or "disabled" attributes`)}return M?k(M,{container:V}):F?P==="cut"?y(F):k(F,{container:V}):void 0};function C(P){return(C=typeof Symbol=="function"&&typeof Symbol.iterator=="symbol"?function(V){return typeof V}:function(V){return V&&typeof Symbol=="function"&&V.constructor===Symbol&&V!==Symbol.prototype?"symbol":typeof V})(P)}function R(P,V){for(var F=0;F<V.length;F++){var M=V[F];M.enumerable=M.enumerable||!1,M.configurable=!0,"value"in M&&(M.writable=!0),Object.defineProperty(P,M.key,M)}}function O(P,V){return(O=Object.setPrototypeOf||function(F,M){return F.__proto__=M,F})(P,V)}function q(P){var V=function(){if(typeof Reflect>"u"||!Reflect.construct||Reflect.construct.sham)return!1;if(typeof Proxy=="function")return!0;try{return Date.prototype.toString.call(Reflect.construct(Date,[],function(){})),!0}catch{return!1}}();return function(){var F,M=L(P);return F=V?(F=L(this).constructor,Reflect.construct(M,arguments,F)):M.apply(this,arguments),M=this,!(F=F)||C(F)!=="object"&&typeof F!="function"?function(c){if(c!==void 0)return c;throw new ReferenceError("this hasn't been initialised - super() hasn't been called")}(M):F}}function L(P){return(L=Object.setPrototypeOf?Object.getPrototypeOf:function(V){return V.__proto__||Object.getPrototypeOf(V)})(P)}function Q(P,V){if(P="data-clipboard-".concat(P),V.hasAttribute(P))return V.getAttribute(P)}var oe=function(){(function(m,b){if(typeof b!="function"&&b!==null)throw new TypeError("Super expression must either be null or a function");m.prototype=Object.create(b&&b.prototype,{constructor:{value:m,writable:!0,configurable:!0}}),b&&O(m,b)})(c,l());var P,V,F,M=q(c);function c(m,b){var _;return function(N){if(!(N instanceof c))throw new TypeError("Cannot call a class as a function")}(this),(_=M.call(this)).resolveOptions(b),_.listenClick(m),_}return P=c,F=[{key:"copy",value:function(m){var b=1<arguments.length&&arguments[1]!==void 0?arguments[1]:{container:document.body};return k(m,b)}},{key:"cut",value:function(m){return y(m)}},{key:"isSupported",value:function(){var m=0<arguments.length&&arguments[0]!==void 0?arguments[0]:["copy","cut"],m=typeof m=="string"?[m]:m,b=!!document.queryCommandSupported;return m.forEach(function(_){b=b&&!!document.queryCommandSupported(_)}),b}}],(V=[{key:"resolveOptions",value:function(){var m=0<arguments.length&&arguments[0]!==void 0?arguments[0]:{};this.action=typeof m.action=="function"?m.action:this.defaultAction,this.target=typeof m.target=="function"?m.target:this.defaultTarget,this.text=typeof m.text=="function"?m.text:this.defaultText,this.container=C(m.container)==="object"?m.container:document.body}},{key:"listenClick",value:function(m){var b=this;this.listener=h()(m,"click",function(_){return b.onClick(_)})}},{key:"onClick",value:function(N){var b=N.delegateTarget||N.currentTarget,_=this.action(b)||"copy",N=W({action:_,container:this.container,target:this.target(b),text:this.text(b)});this.emit(N?"success":"error",{action:_,text:N,trigger:b,clearSelection:function(){b&&b.focus(),window.getSelection().removeAllRanges()}})}},{key:"defaultAction",value:function(m){return Q("action",m)}},{key:"defaultTarget",value:function(m){if(m=Q("target",m),m)return document.querySelector(m)}},{key:"defaultText",value:function(m){return Q("text",m)}},{key:"destroy",value:function(){this.listener.destroy()}}])&&R(P.prototype,V),F&&R(P,F),c}()},828:function(o){var i;typeof Element>"u"||Element.prototype.matches||((i=Element.prototype).matches=i.matchesSelector||i.mozMatchesSelector||i.msMatchesSelector||i.oMatchesSelector||i.webkitMatchesSelector),o.exports=function(a,l){for(;a&&a.nodeType!==9;){if(typeof a.matches=="function"&&a.matches(l))return a;a=a.parentNode}}},438:function(o,i,a){var l=a(828);function h(d,p,g,y,A){var k=(function(j,W,C,R){return function(O){O.delegateTarget=l(O.target,W),O.delegateTarget&&R.call(j,O)}}).apply(this,arguments);return d.addEventListener(g,k,A),{destroy:function(){d.removeEventListener(g,k,A)}}}o.exports=function(d,p,g,y,A){return typeof d.addEventListener=="function"?h.apply(null,arguments):typeof g=="function"?h.bind(null,document).apply(null,arguments):(typeof d=="string"&&(d=document.querySelectorAll(d)),Array.prototype.map.call(d,function(k){return h(k,p,g,y,A)}))}},879:function(o,i){i.node=function(a){return a!==void 0&&a instanceof HTMLElement&&a.nodeType===1},i.nodeList=function(a){var l=Object.prototype.toString.call(a);return a!==void 0&&(l==="[object NodeList]"||l==="[object HTMLCollection]")&&"length"in a&&(a.length===0||i.node(a[0]))},i.string=function(a){return typeof a=="string"||a instanceof String},i.fn=function(a){return Object.prototype.toString.call(a)==="[object Function]"}},370:function(o,i,a){var l=a(879),h=a(438);o.exports=function(d,p,g){if(!d&&!p&&!g)throw new Error("Missing required arguments");if(!l.string(p))throw new TypeError("Second argument must be a String");if(!l.fn(g))throw new TypeError("Third argument must be a Function");if(l.node(d))return W=p,C=g,(j=d).addEventListener(W,C),{destroy:function(){j.removeEventListener(W,C)}};if(l.nodeList(d))return y=d,A=p,k=g,Array.prototype.forEach.call(y,function(R){R.addEventListener(A,k)}),{destroy:function(){Array.prototype.forEach.call(y,function(R){R.removeEventListener(A,k)})}};if(l.string(d))return d=d,p=p,g=g,h(document.body,d,p,g);throw new TypeError("First argument must be a String, HTMLElement, HTMLCollection, or NodeList");var y,A,k,j,W,C}},817:function(o){o.exports=function(i){var a,l=i.nodeName==="SELECT"?(i.focus(),i.value):i.nodeName==="INPUT"||i.nodeName==="TEXTAREA"?((a=i.hasAttribute("readonly"))||i.setAttribute("readonly",""),i.select(),i.setSelectionRange(0,i.value.length),a||i.removeAttribute("readonly"),i.value):(i.hasAttribute("contenteditable")&&i.focus(),l=window.getSelection(),(a=document.createRange()).selectNodeContents(i),l.removeAllRanges(),l.addRange(a),l.toString());return l}},279:function(o){function i(){}i.prototype={on:function(a,l,h){var d=this.e||(this.e={});return(d[a]||(d[a]=[])).push({fn:l,ctx:h}),this},once:function(a,l,h){var d=this;function p(){d.off(a,p),l.apply(h,arguments)}return p._=l,this.on(a,p,h)},emit:function(a){for(var l=[].slice.call(arguments,1),h=((this.e||(this.e={}))[a]||[]).slice(),d=0,p=h.length;d<p;d++)h[d].fn.apply(h[d].ctx,l);return this},off:function(a,l){var h=this.e||(this.e={}),d=h[a],p=[];if(d&&l)for(var g=0,y=d.length;g<y;g++)d[g].fn!==l&&d[g].fn._!==l&&p.push(d[g]);return p.length?h[a]=p:delete h[a],this}},o.exports=i,o.exports.TinyEmitter=i}},r={},s.n=function(o){var i=o&&o.__esModule?function(){return o.default}:function(){return o};return s.d(i,{a:i}),i},s.d=function(o,i){for(var a in i)s.o(i,a)&&!s.o(o,a)&&Object.defineProperty(o,a,{enumerable:!0,get:i[a]})},s.o=function(o,i){return Object.prototype.hasOwnProperty.call(o,i)},s(686).default;function s(o){if(r[o])return r[o].exports;var i=r[o]={exports:{}};return n[o](i,i.exports,s),i.exports}var n,r})})(bu);var Hae=bu.exports;(function(e,t){var s=Hae,n={autoSetContainer:!1,appendToBody:!0},r={install:function(o){var i=o.version.slice(0,2)==="3."?o.config.globalProperties:o.prototype;i.$clipboardConfig=n,i.$copyText=function(a,l){return new Promise(function(h,d){var p=document.createElement("button"),g=new s(p,{text:function(){return a},action:function(){return"copy"},container:typeof l=="object"?l:document.body});g.on("success",function(y){g.destroy(),h(y)}),g.on("error",function(y){g.destroy(),d(y)}),n.appendToBody&&document.body.appendChild(p),p.click(),n.appendToBody&&document.body.removeChild(p)})},o.directive("clipboard",{bind:function(a,l,h){if(l.arg==="success")a._vClipboard_success=l.value;else if(l.arg==="error")a._vClipboard_error=l.value;else{var d=new s(a,{text:function(){return l.value},action:function(){return l.arg==="cut"?"cut":"copy"},container:n.autoSetContainer?a:void 0});d.on("success",function(p){var g=a._vClipboard_success;g&&g(p)}),d.on("error",function(p){var g=a._vClipboard_error;g&&g(p)}),a._vClipboard=d}},update:function(a,l){l.arg==="success"?a._vClipboard_success=l.value:l.arg==="error"?a._vClipboard_error=l.value:(a._vClipboard.text=function(){return l.value},a._vClipboard.action=function(){return l.arg==="cut"?"cut":"copy"})},unbind:function(a,l){a._vClipboard&&(l.arg==="success"?delete a._vClipboard_success:l.arg==="error"?delete a._vClipboard_error:(a._vClipboard.destroy(),delete a._vClipboard))}})},config:n};e.exports=r})(vu);var Bae=vu.exports;const Ja=qs(Bae);function yu(e){return Tl()?(id(e),!0):!1}const Eu=typeof window<"u"&&typeof document<"u";typeof WorkerGlobalScope<"u"&&globalThis instanceof WorkerGlobalScope;const jae=Object.prototype.toString,Vae=e=>jae.call(e)==="[object Object]",an=()=>{},ii=Gae();function Gae(){var e,t;return Eu&&((e=window==null?void 0:window.navigator)==null?void 0:e.userAgent)&&(/iP(?:ad|hone|od)/.test(window.navigator.userAgent)||((t=window==null?void 0:window.navigator)==null?void 0:t.maxTouchPoints)>2&&/iPad|Macintosh/.test(window==null?void 0:window.navigator.userAgent))}function Za(e){return Array.isArray(e)?e:[e]}function Wae(...e){if(e.length!==1)return qd(...e);const t=e[0];return typeof t=="function"?gi(Id(()=>({get:t,set:an}))):zr(t)}const Tu=Eu?window:void 0;function Qs(e){var t;const s=es(e);return(t=s==null?void 0:s.$el)!=null?t:s}function Xn(...e){let t,s,n,r;if(typeof e[0]=="string"||Array.isArray(e[0])?([s,n,r]=e,t=Tu):[t,s,n,r]=e,!t)return an;s=Za(s),n=Za(n);const o=[],i=()=>{o.forEach(d=>d()),o.length=0},a=(d,p,g,y)=>(d.addEventListener(p,g,y),()=>d.removeEventListener(p,g,y)),l=Os(()=>[Qs(t),es(r)],([d,p])=>{if(i(),!d)return;const g=Vae(p)?{...p}:p;o.push(...s.flatMap(y=>n.map(A=>a(d,y,A,g))))},{immediate:!0,flush:"post"}),h=()=>{l(),i()};return yu(h),h}let el=!1;function tl(e,t,s={}){const{window:n=Tu,ignore:r=[],capture:o=!0,detectIframe:i=!1}=s;if(!n)return an;ii&&!el&&(el=!0,Array.from(n.document.body.children).forEach(k=>k.addEventListener("click",an)),n.document.documentElement.addEventListener("click",an));let a=!0;const l=k=>es(r).some(j=>{if(typeof j=="string")return Array.from(n.document.querySelectorAll(j)).some(W=>W===k.target||k.composedPath().includes(W));{const W=Qs(j);return W&&(k.target===W||k.composedPath().includes(W))}});function h(k){const j=es(k);return j&&j.$.subTree.shapeFlag===16}function d(k,j){const W=es(k),C=W.$.subTree&&W.$.subTree.children;return C==null||!Array.isArray(C)?!1:C.some(R=>R.el===j.target||j.composedPath().includes(R.el))}const p=k=>{const j=Qs(e);if(k.target!=null&&!(!(j instanceof Element)&&h(e)&&d(e,k))&&!(!j||j===k.target||k.composedPath().includes(j))){if(k.detail===0&&(a=!l(k)),!a){a=!0;return}t(k)}};let g=!1;const y=[Xn(n,"click",k=>{g||(g=!0,setTimeout(()=>{g=!1},0),p(k))},{passive:!0,capture:o}),Xn(n,"pointerdown",k=>{const j=Qs(e);a=!l(k)&&!!(j&&!k.composedPath().includes(j))},{passive:!0}),i&&Xn(n,"blur",k=>{setTimeout(()=>{var j;const W=Qs(e);((j=n.document.activeElement)==null?void 0:j.tagName)==="IFRAME"&&!(W!=null&&W.contains(n.document.activeElement))&&t(k)},0)},{passive:!0})].filter(Boolean);return()=>y.forEach(k=>k())}const zae={mounted(e,t){const s=!t.modifiers.bubble;if(typeof t.value=="function")e.__onClickOutside_stop=tl(e,t.value,{capture:s});else{const[n,r]=t.value;e.__onClickOutside_stop=tl(e,n,Object.assign({capture:s},r))}},unmounted(e){e.__onClickOutside_stop()}};function qo(e){return typeof Window<"u"&&e instanceof Window?e.document.documentElement:typeof Document<"u"&&e instanceof Document?e.documentElement:e}function wu(e){const t=window.getComputedStyle(e);if(t.overflowX==="scroll"||t.overflowY==="scroll"||t.overflowX==="auto"&&e.clientWidth<e.scrollWidth||t.overflowY==="auto"&&e.clientHeight<e.scrollHeight)return!0;{const s=e.parentNode;return!s||s.tagName==="BODY"?!1:wu(s)}}function Qae(e){const t=e||window.event,s=t.target;return wu(s)?!1:t.touches.length>1?!0:(t.preventDefault&&t.preventDefault(),!1)}const Do=new WeakMap;function Yae(e,t=!1){const s=zr(t);let n=null,r="";Os(Wae(e),a=>{const l=qo(es(a));if(l){const h=l;if(Do.get(h)||Do.set(h,h.style.overflow),h.style.overflow!=="hidden"&&(r=h.style.overflow),h.style.overflow==="hidden")return s.value=!0;if(s.value)return h.style.overflow="hidden"}},{immediate:!0});const o=()=>{const a=qo(es(e));!a||s.value||(ii&&(n=Xn(a,"touchmove",l=>{Qae(l)},{passive:!1})),a.style.overflow="hidden",s.value=!0)},i=()=>{const a=qo(es(e));!a||!s.value||(ii&&(n==null||n()),a.style.overflow=r,Do.delete(a),s.value=!1)};return yu(i),Rc({get(){return s.value},set(a){a?o():i()}})}function Kae(){let e=!1;const t=zr(!1);return(s,n)=>{if(t.value=n.value,e)return;e=!0;const r=Yae(s,n.value);Os(t,o=>r.value=o)}}Kae();var Xae=Array.isArray,qi=Xae,Jae=typeof ve=="object"&&ve&&ve.Object===Object&&ve,Zae=Jae,ele=Zae,tle=typeof self=="object"&&self&&self.Object===Object&&self,sle=ele||tle||Function("return this")(),Di=sle,nle=Di,rle=nle.Symbol,Pi=rle,sl=Pi,_u=Object.prototype,ole=_u.hasOwnProperty,ile=_u.toString,Gs=sl?sl.toStringTag:void 0;function ale(e){var t=ole.call(e,Gs),s=e[Gs];try{e[Gs]=void 0;var n=!0}catch{}var r=ile.call(e);return n&&(t?e[Gs]=s:delete e[Gs]),r}var lle=ale,cle=Object.prototype,ule=cle.toString;function dle(e){return ule.call(e)}var hle=dle,nl=Pi,fle=lle,ple=hle,mle="[object Null]",gle="[object Undefined]",rl=nl?nl.toStringTag:void 0;function vle(e){return e==null?e===void 0?gle:mle:rl&&rl in Object(e)?fle(e):ple(e)}var Su=vle;function ble(e){return e!=null&&typeof e=="object"}var yle=ble,Ele=Su,Tle=yle,wle="[object Symbol]";function _le(e){return typeof e=="symbol"||Tle(e)&&Ele(e)==wle}var xi=_le,Sle=qi,Rle=xi,Cle=/\.|\[(?:[^[\]]*|(["'])(?:(?!\1)[^\\]|\\.)*?\1)\]/,Ale=/^\w*$/;function kle(e,t){if(Sle(e))return!1;var s=typeof e;return s=="number"||s=="symbol"||s=="boolean"||e==null||Rle(e)?!0:Ale.test(e)||!Cle.test(e)||t!=null&&e in Object(t)}var Nle=kle;function Ole(e){var t=typeof e;return e!=null&&(t=="object"||t=="function")}var Ru=Ole,Ile=Su,$le=Ru,Lle="[object AsyncFunction]",qle="[object Function]",Dle="[object GeneratorFunction]",Ple="[object Proxy]";function xle(e){if(!$le(e))return!1;var t=Ile(e);return t==qle||t==Dle||t==Lle||t==Ple}var Mle=xle,Ule=Di,Fle=Ule["__core-js_shared__"],Hle=Fle,Po=Hle,ol=function(){var e=/[^.]+$/.exec(Po&&Po.keys&&Po.keys.IE_PROTO||"");return e?"Symbol(src)_1."+e:""}();function Ble(e){return!!ol&&ol in e}var jle=Ble,Vle=Function.prototype,Gle=Vle.toString;function Wle(e){if(e!=null){try{return Gle.call(e)}catch{}try{return e+""}catch{}}return""}var zle=Wle,Qle=Mle,Yle=jle,Kle=Ru,Xle=zle,Jle=/[\\^$.*+?()[\]{}|]/g,Zle=/^\[object .+?Constructor\]$/,ece=Function.prototype,tce=Object.prototype,sce=ece.toString,nce=tce.hasOwnProperty,rce=RegExp("^"+sce.call(nce).replace(Jle,"\\$&").replace(/hasOwnProperty|(function).*?(?=\\\()| for .+?(?=\\\])/g,"$1.*?")+"$");function oce(e){if(!Kle(e)||Yle(e))return!1;var t=Qle(e)?rce:Zle;return t.test(Xle(e))}var ice=oce;function ace(e,t){return e==null?void 0:e[t]}var lce=ace,cce=ice,uce=lce;function dce(e,t){var s=uce(e,t);return cce(s)?s:void 0}var Cu=dce,hce=Cu,fce=hce(Object,"create"),lo=fce,il=lo;function pce(){this.__data__=il?il(null):{},this.size=0}var mce=pce;function gce(e){var t=this.has(e)&&delete this.__data__[e];return this.size-=t?1:0,t}var vce=gce,bce=lo,yce="__lodash_hash_undefined__",Ece=Object.prototype,Tce=Ece.hasOwnProperty;function wce(e){var t=this.__data__;if(bce){var s=t[e];return s===yce?void 0:s}return Tce.call(t,e)?t[e]:void 0}var _ce=wce,Sce=lo,Rce=Object.prototype,Cce=Rce.hasOwnProperty;function Ace(e){var t=this.__data__;return Sce?t[e]!==void 0:Cce.call(t,e)}var kce=Ace,Nce=lo,Oce="__lodash_hash_undefined__";function Ice(e,t){var s=this.__data__;return this.size+=this.has(e)?0:1,s[e]=Nce&&t===void 0?Oce:t,this}var $ce=Ice,Lce=mce,qce=vce,Dce=_ce,Pce=kce,xce=$ce;function Ds(e){var t=-1,s=e==null?0:e.length;for(this.clear();++t<s;){var n=e[t];this.set(n[0],n[1])}}Ds.prototype.clear=Lce;Ds.prototype.delete=qce;Ds.prototype.get=Dce;Ds.prototype.has=Pce;Ds.prototype.set=xce;var Mce=Ds;function Uce(){this.__data__=[],this.size=0}var Fce=Uce;function Hce(e,t){return e===t||e!==e&&t!==t}var Bce=Hce,jce=Bce;function Vce(e,t){for(var s=e.length;s--;)if(jce(e[s][0],t))return s;return-1}var co=Vce,Gce=co,Wce=Array.prototype,zce=Wce.splice;function Qce(e){var t=this.__data__,s=Gce(t,e);if(s<0)return!1;var n=t.length-1;return s==n?t.pop():zce.call(t,s,1),--this.size,!0}var Yce=Qce,Kce=co;function Xce(e){var t=this.__data__,s=Kce(t,e);return s<0?void 0:t[s][1]}var Jce=Xce,Zce=co;function eue(e){return Zce(this.__data__,e)>-1}var tue=eue,sue=co;function nue(e,t){var s=this.__data__,n=sue(s,e);return n<0?(++this.size,s.push([e,t])):s[n][1]=t,this}var rue=nue,oue=Fce,iue=Yce,aue=Jce,lue=tue,cue=rue;function Ps(e){var t=-1,s=e==null?0:e.length;for(this.clear();++t<s;){var n=e[t];this.set(n[0],n[1])}}Ps.prototype.clear=oue;Ps.prototype.delete=iue;Ps.prototype.get=aue;Ps.prototype.has=lue;Ps.prototype.set=cue;var uue=Ps,due=Cu,hue=Di,fue=due(hue,"Map"),pue=fue,al=Mce,mue=uue,gue=pue;function vue(){this.size=0,this.__data__={hash:new al,map:new(gue||mue),string:new al}}var bue=vue;function yue(e){var t=typeof e;return t=="string"||t=="number"||t=="symbol"||t=="boolean"?e!=="__proto__":e===null}var Eue=yue,Tue=Eue;function wue(e,t){var s=e.__data__;return Tue(t)?s[typeof t=="string"?"string":"hash"]:s.map}var uo=wue,_ue=uo;function Sue(e){var t=_ue(this,e).delete(e);return this.size-=t?1:0,t}var Rue=Sue,Cue=uo;function Aue(e){return Cue(this,e).get(e)}var kue=Aue,Nue=uo;function Oue(e){return Nue(this,e).has(e)}var Iue=Oue,$ue=uo;function Lue(e,t){var s=$ue(this,e),n=s.size;return s.set(e,t),this.size+=s.size==n?0:1,this}var que=Lue,Due=bue,Pue=Rue,xue=kue,Mue=Iue,Uue=que;function xs(e){var t=-1,s=e==null?0:e.length;for(this.clear();++t<s;){var n=e[t];this.set(n[0],n[1])}}xs.prototype.clear=Due;xs.prototype.delete=Pue;xs.prototype.get=xue;xs.prototype.has=Mue;xs.prototype.set=Uue;var Fue=xs,Au=Fue,Hue="Expected a function";function Mi(e,t){if(typeof e!="function"||t!=null&&typeof t!="function")throw new TypeError(Hue);var s=function(){var n=arguments,r=t?t.apply(this,n):n[0],o=s.cache;if(o.has(r))return o.get(r);var i=e.apply(this,n);return s.cache=o.set(r,i)||o,i};return s.cache=new(Mi.Cache||Au),s}Mi.Cache=Au;var Bue=Mi,jue=Bue,Vue=500;function Gue(e){var t=jue(e,function(n){return s.size===Vue&&s.clear(),n}),s=t.cache;return t}var Wue=Gue,zue=Wue,Que=/[^.[\]]+|\[(?:(-?\d+(?:\.\d+)?)|(["'])((?:(?!\2)[^\\]|\\.)*?)\2)\]|(?=(?:\.|\[\])(?:\.|\[\]|$))/g,Yue=/\\(\\)?/g,Kue=zue(function(e){var t=[];return e.charCodeAt(0)===46&&t.push(""),e.replace(Que,function(s,n,r,o){t.push(r?o.replace(Yue,"$1"):n||s)}),t}),Xue=Kue;function Jue(e,t){for(var s=-1,n=e==null?0:e.length,r=Array(n);++s<n;)r[s]=t(e[s],s,e);return r}var Zue=Jue,ll=Pi,ede=Zue,tde=qi,sde=xi,nde=1/0,cl=ll?ll.prototype:void 0,ul=cl?cl.toString:void 0;function ku(e){if(typeof e=="string")return e;if(tde(e))return ede(e,ku)+"";if(sde(e))return ul?ul.call(e):"";var t=e+"";return t=="0"&&1/e==-nde?"-0":t}var rde=ku,ode=rde;function ide(e){return e==null?"":ode(e)}var ade=ide,lde=qi,cde=Nle,ude=Xue,dde=ade;function hde(e,t){return lde(e)?e:cde(e,t)?[e]:ude(dde(e))}var fde=hde,pde=xi,mde=1/0;function gde(e){if(typeof e=="string"||pde(e))return e;var t=e+"";return t=="0"&&1/e==-mde?"-0":t}var vde=gde,bde=fde,yde=vde;function Ede(e,t){t=bde(t,e);for(var s=0,n=t.length;e!=null&&s<n;)e=e[yde(t[s++])];return s&&s==n?e:void 0}var Tde=Ede,wde=Tde;function _de(e,t,s){var n=e==null?void 0:wde(e,t);return n===void 0?s:n}var Sde=_de;const Rde=qs(Sde);function Cde(e){let t=kf(xae);return t.config.devtools=!0,t.config.performance=!0,e.$editorLinks.register(t),e.$textFilters.register(t),t.component("icon",Kc),t.component("spinner",Fae),t.mixin({data:()=>({global:e}),computed:Object.entries(e).reduce((s,[n,r])=>(s[n]=function(){return this.global[n]},s),{})}),Ja.config.autoSetContainer=!0,t.use(Ja),t.directive("on-click-outside",zae),t.mixin({methods:{$get:Rde}}),t}var Nu=Ys;function Ys(e){let t=e;var s={}.toString.call(e).slice(8,-1);if(s=="Set")return new Set([...e].map(r=>Ys(r)));if(s=="Map")return new Map([...e].map(r=>[Ys(r[0]),Ys(r[1])]));if(s=="Date")return new Date(e.getTime());if(s=="RegExp")return RegExp(e.source,Ade(e));if(s=="Array"||s=="Object"){t=Array.isArray(e)?[]:{};for(var n in e)t[n]=Ys(e[n])}return t}function Ade(e){if(typeof e.source.flags=="string")return e.source.flags;var t=[];return e.global&&t.push("g"),e.ignoreCase&&t.push("i"),e.multiline&&t.push("m"),e.sticky&&t.push("y"),e.unicode&&t.push("u"),t.join("")}var kde=Nde;function Nde(e,t){if(!Array.isArray(e)||!Array.isArray(t))throw new Error("expected both arguments to be arrays");for(var s=[],n=Ode(t),r={},o=0;o<e.length;o++){var i=e[o];n.hasOwnProperty(i)&&!r.hasOwnProperty(i)&&(s.push(i),r[i]=!0)}return s}function Ode(e){for(var t={},s=0;s<e.length;s++){var n=e[s];t.hasOwnProperty(n)||(t[n]=!0)}return t}class Ur{constructor(t,s,n){this.startTime=s,this.endTime=n,this.events=[],t.map(r=>this.append(r))}append(t){t.start=t.start||this.startTime,t.start<this.startTime&&(t.start=this.startTime),t.end>this.endTime&&(t.end=this.endTime),this.events.push(new Ide(t)),this.sort()}appendTotalEvent(){this.append({description:"Total time",start:this.startTime,duration:this.endTime-this.startTime,color:"grey"})}merge(t){this.events=this.events.concat(t.events),this.sort()}copy(){return new Ur(Nu(this.events),this.startTime,this.endTime)}sort(){return this.events=this.events.sort((t,s)=>t.start-s.start),this}filter(t,s){let n=this.copy();return n.events=t.filter(n.events),n.events=n.events.filter(r=>!kde(r.tags,s).length),n}condense(){let t=this.copy(),s=(t.endTime-t.startTime)/64;return t.events=t.events.reduce((n,r)=>{if(r.duration>=s)return[...n,r];let o=n[n.length-1];return o instanceof Ws&&o.end<=r.start?(o.push(r),n):[...n,new Ws(r)]},[]),t}present(t){return this.events.map(s=>(s instanceof Ws||(s=new Ws(s)),s.present(this,t)))}findChildren(t){return this.events.flatMap(s=>s instanceof Ws?s.events:s).reduce((s,n)=>(n!==t&&t.contains(n)&&s.every(r=>!r.contains(n))&&s.push(n),s),[])}}class Ide{constructor(t){this.name=t.name||t.description,this.description=t.description||"",this.start=t.start instanceof Date?t.start.getTime()/1e3:t.start,this.duration=t.duration||0,this.color=t.color||"blue",this.end=this.start+this.duration/1e3,this.tags=t.tags||[],this.data=t.data}present(t,s){if(this.presented)return this;this.startRelative=(this.start-t.startTime)*1e3/(t.endTime-t.startTime),this.durationRelative=this.duration/(t.endTime-t.startTime),this.offset=this.startRelative*s,this.width=this.durationRelative*s,this.width<3&&(this.width=3),this.width>s&&(this.width=s),this.width+this.offset>s&&(this.offset=s-this.width),this.eventClass=this.color,this.eventStyle={left:"0px",width:`${this.width}px`},this.labelWidth=this.startRelative>.5?this.offset:s-this.width-this.offset,this.labelClass=this.startRelative>.5?["before",this.color]:["after",this.color],this.labelStyle={width:`${this.labelWidth}px`},this.width>200&&(this.labelClass=["inside",this.color]);let n=t.findChildren(this).map(r=>r.present(t,s));return this.childrenSections=n.map(r=>({style:{left:`${r.offset-this.offset}px`,width:`${r.width}px`}})),this.durationChildren=n.length?n.reduce((r,o)=>r+o.duration,0):null,this.durationSelf=this.duration-this.durationChildren,this.presented=!0,this}contains(t){return this.start<t.start&&t.end<this.end}}class Ws{constructor(t){this.events=t instanceof Array?t:[t],this.name=this.firstEvent.name,this.description=this.firstEvent.description,this.start=this.firstEvent.start,this.duration=this.lastEvent.end-this.firstEvent.start,this.color=this.firstEvent.color,this.end=this.lastEvent.end}get condensed(){return this.events.length>1}get firstEvent(){return this.events[0]}get lastEvent(){return this.events[this.events.length-1]}push(t){this.events.push(t),this.name=this.description=`${this.events.length} events`,this.duration=this.lastEvent.end-this.firstEvent.start,this.end=this.lastEvent.end}present(t,s){return this.events.forEach(n=>{n.present(t,s),n.eventStyle.left=`${n.offset-this.events[0].offset}px`}),this.duration=this.condensed?null:this.firstEvent.duration,this.durationSelf=this.condensed?null:this.firstEvent.durationSelf,this.durationChildren=this.condensed?null:this.firstEvent.durationChildren,this.offset=this.firstEvent.offset,this.width=this.lastEvent.width+this.lastEvent.offset-this.firstEvent.offset,this.color=this.offset>s/2?this.firstEvent.color:this.lastEvent.color,this.labelWidth=this.offset>s/2?this.offset:s-this.width-this.offset,this.labelClass=this.offset>s/2?["before",this.color]:["after",this.color],this.labelStyle={width:`${this.labelWidth}px`},this.width>200&&!this.condensed&&(this.labelClass=["inside",this.color]),this.groupStyle={"margin-left":`${this.offset}px`,width:`${this.width}px`},this.tags=this.condensed?[]:this.firstEvent.tags,this.data=this.condensed?void 0:this.firstEvent.data,this}}const $de={100:{code:100,message:"Continue",description:"The server has received the request headers, and the client should proceed to send the request body."},101:{code:101,message:"Switching Protocols",description:"The requester has asked the server to switch protocols."},102:{code:102,message:"Processing",description:"This code indicates that the server has received and is processing the request, but no response is available yet. This prevents the client from timing out and assuming the request was lost."},103:{code:103,message:"Early Hints",description:"Used to return some response headers before final HTTP message."},200:{code:200,message:"OK",description:"The request is OK (this is the standard response for successful HTTP requests)."},201:{code:201,message:"Created",description:"The request has been fulfilled, and a new resource is created."},202:{code:202,message:"Accepted",description:"The request has been accepted for processing, but the processing has not been completed."},203:{code:203,message:"Non-Authoritative Information",description:"The request has been successfully processed, but is returning information that may be from another source."},204:{code:204,message:"No Content",description:"The request has been successfully processed, but is not returning any content."},205:{code:205,message:"Reset Content",description:"The request has been successfully processed, but is not returning any content, and requires that the requester reset the document view."},206:{code:206,message:"Partial Content",description:"The server is delivering only part of the resource due to a range header sent by the client."},207:{code:207,message:"Multi-Status",description:"The message body that follows is by default an XML message and can contain a number of separate response codes, depending on how many sub-requests were made."},208:{code:208,message:"Already Reported",description:"The members of a DAV binding have already been enumerated in a preceding part of the (multistatus) response, and are not being included again."},218:{code:218,message:"This is fine (Apache Web Server)",description:"Used as a catch-all error condition for allowing response bodies to flow through Apache when ProxyErrorOverride is enabled."},226:{code:226,message:"IM Used",description:"The server has fulfilled a request for the resource, and the response is a representation of the result of one or more instance-manipulations applied to the current instance."},300:{code:300,message:"Multiple Choices",description:"A link list. The user can select a link and go to that location. Maximum five addresses."},301:{code:301,message:"Moved Permanently",description:"The requested page has moved to a new URL."},302:{code:302,message:"Found",description:"The requested page has moved temporarily to a new URL."},303:{code:303,message:"See Other",description:"The requested page can be found under a different URL."},304:{code:304,message:"Not Modified",description:"Indicates the requested page has not been modified since last requested."},306:{code:306,message:"Switch Proxy",description:'No longer used. Originally meant "Subsequent requests should use the specified proxy."'},307:{code:307,message:"Temporary Redirect",description:"The requested page has moved temporarily to a new URL."},308:{code:308,message:"Resume Incomplete",description:"Used in the resumable requests proposal to resume aborted PUT or POST requests."},400:{code:400,message:"Bad Request",description:"The request cannot be fulfilled due to bad syntax."},401:{code:401,message:"Unauthorized",description:"The request was a legal request, but the server is refusing to respond to it. For use when authentication is possible but has failed or not yet been provided."},402:{code:402,message:"Payment Required",description:"Not yet implemented by RFC standards, but reserved for future use."},403:{code:403,message:"Forbidden",description:"The request was a legal request, but the server is refusing to respond to it."},404:{code:404,message:"Not Found",description:"The requested page could not be found but may be available again in the future."},405:{code:405,message:"Method Not Allowed",description:"A request was made of a page using a request method not supported by that page."},406:{code:406,message:"Not Acceptable",description:"The server can only generate a response that is not accepted by the client."},407:{code:407,message:"Proxy Authentication Required",description:"The client must first authenticate itself with the proxy."},408:{code:408,message:"Request Timeout",description:"The server timed out waiting for the request."},409:{code:409,message:"Conflict",description:"The request could not be completed because of a conflict in the request."},410:{code:410,message:"Gone",description:"The requested page is no longer available."},411:{code:411,message:"Length Required",description:'The "Content-Length" is not defined. The server will not accept the request without it.'},412:{code:412,message:"Precondition Failed",description:"The precondition given in the request evaluated to false by the server."},413:{code:413,message:"Request Entity Too Large",description:"The server will not accept the request, because the request entity is too large."},414:{code:414,message:"Request-URI Too Long",description:"The server will not accept the request, because the URL is too long. Occurs when you convert a POST request to a GET request with a long query information."},415:{code:415,message:"Unsupported Media Type",description:"The server will not accept the request, because the media type is not supported."},416:{code:416,message:"Requested Range Not Satisfiable",description:"The client has asked for a portion of the file, but the server cannot supply that portion."},417:{code:417,message:"Expectation Failed",description:"The server cannot meet the requirements of the Expect request-header field."},418:{code:418,message:"I'm a teapot",description:`Any attempt to brew coffee with a teapot should result in the error code "418 I'm a teapot". The resulting entity body MAY be short and stout.`},419:{code:419,message:"Page Expired (Laravel Framework)",description:"Used by the Laravel Framework when a CSRF Token is missing or expired."},420:{code:420,message:"Method Failure (Spring Framework)",description:"A deprecated response used by the Spring Framework when a method has failed."},421:{code:421,message:"Misdirected Request",description:"The request was directed at a server that is not able to produce a response (for example because a connection reuse)."},422:{code:422,message:"Unprocessable Entity",description:"The request was well-formed but was unable to be followed due to semantic errors."},423:{code:423,message:"Locked",description:"The resource that is being accessed is locked."},424:{code:424,message:"Failed Dependency",description:"The request failed due to failure of a previous request (e.g., a PROPPATCH)."},426:{code:426,message:"Upgrade Required",description:"The client should switch to a different protocol such as TLS/1.0, given in the Upgrade header field."},428:{code:428,message:"Precondition Required",description:"The origin server requires the request to be conditional."},429:{code:429,message:"Too Many Requests",description:"The user has sent too many requests in a given amount of time. Intended for use with rate limiting schemes."},431:{code:431,message:"Request Header Fields Too Large",description:"The server is unwilling to process the request because either an individual header field, or all the header fields collectively, are too large."},440:{code:440,message:"Login Time-out",description:"The client's session has expired and must log in again. (IIS)"},444:{code:444,message:"Connection Closed Without Response",description:"A non-standard status code used to instruct nginx to close the connection without sending a response to the client, most commonly used to deny malicious or malformed requests."},449:{code:449,message:"Retry With",description:"The server cannot honour the request because the user has not provided the required information. (IIS)"},450:{code:450,message:"Blocked by Windows Parental Controls",description:"The Microsoft extension code indicated when Windows Parental Controls are turned on and are blocking access to the requested webpage."},451:{code:451,message:"Unavailable For Legal Reasons",description:"A server operator has received a legal demand to deny access to a resource or to a set of resources that includes the requested resource."},494:{code:494,message:"Request Header Too Large",description:"Used by nginx to indicate the client sent too large of a request or header line that is too long."},495:{code:495,message:"SSL Certificate Error",description:"An expansion of the 400 Bad Request response code, used when the client has provided an invalid client certificate."},496:{code:496,message:"SSL Certificate Required",description:"An expansion of the 400 Bad Request response code, used when a client certificate is required but not provided."},497:{code:497,message:"HTTP Request Sent to HTTPS Port",description:"An expansion of the 400 Bad Request response code, used when the client has made a HTTP request to a port listening for HTTPS requests."},498:{code:498,message:"Invalid Token (Esri)",description:"Returned by ArcGIS for Server. Code 498 indicates an expired or otherwise invalid token."},499:{code:499,message:"Client Closed Request",description:"A non-standard status code introduced by nginx for the case when a client closes the connection while nginx is processing the request."},500:{code:500,message:"Internal Server Error",description:"An error has occurred in a server side script, a no more specific message is suitable."},501:{code:501,message:"Not Implemented",description:"The server either does not recognize the request method, or it lacks the ability to fulfill the request."},502:{code:502,message:"Bad Gateway",description:"The server was acting as a gateway or proxy and received an invalid response from the upstream server."},503:{code:503,message:"Service Unavailable",description:"The server is currently unavailable (overloaded or down)."},504:{code:504,message:"Gateway Timeout",description:"The server was acting as a gateway or proxy and did not receive a timely response from the upstream server."},505:{code:505,message:"HTTP Version Not Supported",description:"The server does not support the HTTP protocol version used in the request."},506:{code:506,message:"Variant Also Negotiates",description:"Transparent content negotiation for the request results in a circular reference."},507:{code:507,message:"Insufficient Storage",description:"The server is unable to store the representation needed to complete the request."},508:{code:508,message:"Loop Detected",description:"The server detected an infinite loop while processing the request (sent instead of 208 Already Reported)."},509:{code:509,message:"Bandwidth Limit Exceeded",description:"The server has exceeded the bandwidth specified by the server administrator; this is often used by shared hosting providers to limit the bandwidth of customers."},510:{code:510,message:"Not Extended",description:"Further extensions to the request are required for the server to fulfil it."},511:{code:511,message:"Network Authentication Required",description:"The client needs to authenticate to gain network access."},520:{code:520,message:"Unknown Error",description:'The 520 error is used as a "catch-all response for when the origin server returns something unexpected", listing connection resets, large headers, and empty or invalid responses as common triggers.'},521:{code:521,message:"Web Server Is Down",description:"The origin server has refused the connection from Cloudflare."},522:{code:522,message:"Connection Timed Out",description:"Cloudflare could not negotiate a TCP handshake with the origin server."},523:{code:523,message:"Origin Is Unreachable",description:"Cloudflare could not reach the origin server; for example, if the DNS records for the origin server are incorrect."},524:{code:524,message:"A Timeout Occurred",description:"Cloudflare was able to complete a TCP connection to the origin server, but did not receive a timely HTTP response."},525:{code:525,message:"SSL Handshake Failed",description:"Cloudflare could not negotiate a SSL/TLS handshake with the origin server."},526:{code:526,message:"Invalid SSL Certificate",description:"Used by Cloudflare and Cloud Foundry's gorouter to indicate failure to validate the SSL/TLS certificate that the origin server presented."},527:{code:527,message:"Railgun Listener to Origin Error",description:"Error 527 indicates that the request timed out or failed after the WAN connection had been established."},530:{code:530,message:"Origin DNS Error",description:"Error 530 indicates that the requested host name could not be resolved on the Cloudflare network to an origin server."},598:{code:598,message:"Network Read Timeout Error",description:"Used by some HTTP proxies to signal a network read timeout behind the proxy to a client in front of the proxy."},"1xx":{code:"1xx",message:"Information",description:"1xx codes are often interim responses for sharing connection status information. Not intended for final request or response action."},"2xx":{code:"2xx",message:"Successful",description:"2xx codes indicate successful responses usually this means the action requested by the client was received, understood and accepted successfully."},"3xx":{code:"3xx",message:"Redirection",description:"3xx codes are a class of responses that suggest the User-Agent must follow another course of action to obtain the complete requested resource."},"4xx":{code:"4xx",message:"Client Error",description:"4xx codes generally are error responses specifying an issue at the client’s end. Potentially a network issue."},"5xx":{code:"5xx",message:"Server Error",description:"5xx error codes indicate that an error or unresolvable request occurred on the server side, whether that is a proxy or the origin host."}};var Lde=qde;function qde(e,t){var s={};typeof t=="string"&&(t=[].slice.call(arguments,1));for(var n=t.length,r=0;r<n;r++){var o=t[r];o in e&&(s[o]=e[o])}return s}var Ou={},Iu={},Cn={},$u={},Lu={};(function(e){e.__esModule=!0;var t=/[\\^$.*+?()[\]{}|]/g,s=RegExp(t.source);function n(r){return r&&s.test(r)?r.replace(t,"\\$&"):r||""}e.default=n})(Lu);var An={};(function(e){e.__esModule=!0,e.TokenTypes=void 0,function(t){t.WHITESPACE="whitespace",t.WORD="word",t.STRING="string",t.RESERVED="reserved",t.RESERVED_TOP_LEVEL="reserved-top-level",t.RESERVED_TOP_LEVEL_NO_INDENT="reserved-top-level-no-indent",t.RESERVED_NEWLINE="reserved-newline",t.OPERATOR="operator",t.NO_SPACE_OPERATOR="no-space-operator",t.OPEN_PAREN="open-paren",t.CLOSE_PAREN="close-paren",t.LINE_COMMENT="line-comment",t.BLOCK_COMMENT="block-comment",t.NUMBER="number",t.PLACEHOLDER="placeholder",t.SERVERVARIABLE="servervariable"}(e.TokenTypes||(e.TokenTypes={}))})(An);(function(e){var t=ve&&ve.__importDefault||function(o){return o&&o.__esModule?o:{default:o}};e.__esModule=!0;var s=t(Lu),n=An,r=function(){function o(i){this.WHITESPACE_REGEX=/^(\s+)/u,this.NUMBER_REGEX=/^((-\s*)?[0-9]+(\.[0-9]+)?|0x[0-9a-fA-F]+|0b[01]+|([a-fA-F0-9]{8}-[a-fA-F0-9]{4}-[a-fA-F0-9]{4}-[a-fA-F0-9]{4}-[a-fA-F0-9]{12}))\b/u,this.AMBIGUOS_OPERATOR_REGEX=/^(\?\||\?&)/u,this.OPERATOR_REGEX=/^(!=|<>|>>|<<|==|<=|>=|!<|!>|\|\|\/|\|\/|\|\||~~\*|~~|!~~\*|!~~|~\*|!~\*|!~|:=|=>|&&|@>|<@|#-|@@|@|.)/u,this.NO_SPACE_OPERATOR_REGEX=/^(::|->>|->|#>>|#>)/u,this.BLOCK_COMMENT_REGEX=/^(\/\*[^]*?(?:\*\/|$))/u,this.LINE_COMMENT_REGEX=this.createLineCommentRegex(i.lineCommentTypes),this.RESERVED_TOP_LEVEL_REGEX=this.createReservedWordRegex(i.reservedTopLevelWords),this.RESERVED_TOP_LEVEL_NO_INDENT_REGEX=this.createReservedWordRegex(i.reservedTopLevelWordsNoIndent),this.RESERVED_NEWLINE_REGEX=this.createReservedWordRegex(i.reservedNewlineWords),this.RESERVED_PLAIN_REGEX=this.createReservedWordRegex(i.reservedWords),this.WORD_REGEX=this.createWordRegex(i.specialWordChars),this.STRING_REGEX=this.createStringRegex(i.stringTypes),this.OPEN_PAREN_REGEX=this.createParenRegex(i.openParens),this.CLOSE_PAREN_REGEX=this.createParenRegex(i.closeParens),this.INDEXED_PLACEHOLDER_REGEX=this.createPlaceholderRegex(i.indexedPlaceholderTypes,"[0-9]*"),this.IDENT_NAMED_PLACEHOLDER_REGEX=this.createPlaceholderRegex(i.namedPlaceholderTypes,"[a-zA-Z0-9._$]+"),this.STRING_NAMED_PLACEHOLDER_REGEX=this.createPlaceholderRegex(i.namedPlaceholderTypes,this.createStringPattern(i.stringTypes))}return o.prototype.createLineCommentRegex=function(i){var a="((?<!#)>|(?:[^>]))";return new RegExp("^((?:".concat(i.map(function(l){return(0,s.default)(l)}).join("|"),")").concat(a,`.*?(?:\r
|\r|
|$))`),"u")},o.prototype.createReservedWordRegex=function(i){var a=i.join("|").replace(/ /gu,"\\s+");return new RegExp("^(".concat(a,")\\b"),"iu")},o.prototype.createWordRegex=function(i){return new RegExp("^([\\p{Alphabetic}\\p{Mark}\\p{Decimal_Number}\\p{Connector_Punctuation}\\p{Join_Control}".concat(i.join(""),"]+)"),"u")},o.prototype.createStringRegex=function(i){return new RegExp("^("+this.createStringPattern(i)+")","u")},o.prototype.createStringPattern=function(i){var a={"``":"((`[^`]*($|`))+)","[]":"((\\[[^\\]]*($|\\]))(\\][^\\]]*($|\\]))*)",'""':'(("[^"\\\\]*(?:\\\\.[^"\\\\]*)*("|$))+)',"''":"(('[^'\\\\]*(?:\\\\.[^'\\\\]*)*('|$))+)","N''":"((N'[^N'\\\\]*(?:\\\\.[^N'\\\\]*)*('|$))+)","E''":"(((E|e)'[^'\\\\]*(?:\\\\.[^'\\\\]*)*('|$))+)"};return i.map(function(l){return a[l]}).join("|")},o.prototype.createParenRegex=function(i){var a=this;return new RegExp("^("+i.map(function(l){return a.escapeParen(l)}).join("|")+")","iu")},o.prototype.escapeParen=function(i){return i.length===1?(0,s.default)(i):"\\b"+i+"\\b"},o.prototype.createPlaceholderRegex=function(i,a){if(!i||i.length===0)return null;var l=i.map(s.default).join("|");return new RegExp("^((?:".concat(l,")(?:").concat(a,"))"),"u")},o.prototype.tokenize=function(i){if(!i)return[];for(var a=[],l;i.length;)l=this.getNextToken(i,l),i=i.substring(l.value.length),a.push(l);return a},o.prototype.getNextToken=function(i,a){return this.getWhitespaceToken(i)||this.getCommentToken(i)||this.getStringToken(i)||this.getOpenParenToken(i)||this.getCloseParenToken(i)||this.getAmbiguosOperatorToken(i)||this.getNoSpaceOperatorToken(i)||this.getServerVariableToken(i)||this.getPlaceholderToken(i)||this.getNumberToken(i)||this.getReservedWordToken(i,a)||this.getWordToken(i)||this.getOperatorToken(i)},o.prototype.getWhitespaceToken=function(i){return this.getTokenOnFirstMatch({input:i,type:n.TokenTypes.WHITESPACE,regex:this.WHITESPACE_REGEX})},o.prototype.getCommentToken=function(i){return this.getLineCommentToken(i)||this.getBlockCommentToken(i)},o.prototype.getLineCommentToken=function(i){return this.getTokenOnFirstMatch({input:i,type:n.TokenTypes.LINE_COMMENT,regex:this.LINE_COMMENT_REGEX})},o.prototype.getBlockCommentToken=function(i){return this.getTokenOnFirstMatch({input:i,type:n.TokenTypes.BLOCK_COMMENT,regex:this.BLOCK_COMMENT_REGEX})},o.prototype.getStringToken=function(i){return this.getTokenOnFirstMatch({input:i,type:n.TokenTypes.STRING,regex:this.STRING_REGEX})},o.prototype.getOpenParenToken=function(i){return this.getTokenOnFirstMatch({input:i,type:n.TokenTypes.OPEN_PAREN,regex:this.OPEN_PAREN_REGEX})},o.prototype.getCloseParenToken=function(i){return this.getTokenOnFirstMatch({input:i,type:n.TokenTypes.CLOSE_PAREN,regex:this.CLOSE_PAREN_REGEX})},o.prototype.getPlaceholderToken=function(i){return this.getIdentNamedPlaceholderToken(i)||this.getStringNamedPlaceholderToken(i)||this.getIndexedPlaceholderToken(i)},o.prototype.getServerVariableToken=function(i){return this.getTokenOnFirstMatch({input:i,type:n.TokenTypes.SERVERVARIABLE,regex:/(^@@\w+)/iu})},o.prototype.getIdentNamedPlaceholderToken=function(i){return this.getPlaceholderTokenWithKey({input:i,regex:this.IDENT_NAMED_PLACEHOLDER_REGEX,parseKey:function(a){return a.slice(1)}})},o.prototype.getStringNamedPlaceholderToken=function(i){var a=this;return this.getPlaceholderTokenWithKey({input:i,regex:this.STRING_NAMED_PLACEHOLDER_REGEX,parseKey:function(l){return a.getEscapedPlaceholderKey({key:l.slice(2,-1),quoteChar:l.slice(-1)})}})},o.prototype.getIndexedPlaceholderToken=function(i){return this.getPlaceholderTokenWithKey({input:i,regex:this.INDEXED_PLACEHOLDER_REGEX,parseKey:function(a){return a.slice(1)}})},o.prototype.getPlaceholderTokenWithKey=function(i){var a=i.input,l=i.regex,h=i.parseKey,d=this.getTokenOnFirstMatch({input:a,regex:l,type:n.TokenTypes.PLACEHOLDER});return d&&(d.key=h(d.value)),d},o.prototype.getEscapedPlaceholderKey=function(i){var a=i.key,l=i.quoteChar;return a.replace(new RegExp((0,s.default)("\\"+l),"gu"),l)},o.prototype.getNumberToken=function(i){return this.getTokenOnFirstMatch({input:i,type:n.TokenTypes.NUMBER,regex:this.NUMBER_REGEX})},o.prototype.getOperatorToken=function(i){return this.getTokenOnFirstMatch({input:i,type:n.TokenTypes.OPERATOR,regex:this.OPERATOR_REGEX})},o.prototype.getAmbiguosOperatorToken=function(i){return this.getTokenOnFirstMatch({input:i,type:n.TokenTypes.OPERATOR,regex:this.AMBIGUOS_OPERATOR_REGEX})},o.prototype.getNoSpaceOperatorToken=function(i){return this.getTokenOnFirstMatch({input:i,type:n.TokenTypes.NO_SPACE_OPERATOR,regex:this.NO_SPACE_OPERATOR_REGEX})},o.prototype.getReservedWordToken=function(i,a){if(!(a&&a.value&&a.value==="."))return this.getToplevelReservedToken(i)||this.getNewlineReservedToken(i)||this.getTopLevelReservedTokenNoIndent(i)||this.getPlainReservedToken(i)},o.prototype.getToplevelReservedToken=function(i){return this.getTokenOnFirstMatch({input:i,type:n.TokenTypes.RESERVED_TOP_LEVEL,regex:this.RESERVED_TOP_LEVEL_REGEX})},o.prototype.getNewlineReservedToken=function(i){return this.getTokenOnFirstMatch({input:i,type:n.TokenTypes.RESERVED_NEWLINE,regex:this.RESERVED_NEWLINE_REGEX})},o.prototype.getPlainReservedToken=function(i){return this.getTokenOnFirstMatch({input:i,type:n.TokenTypes.RESERVED,regex:this.RESERVED_PLAIN_REGEX})},o.prototype.getTopLevelReservedTokenNoIndent=function(i){return this.getTokenOnFirstMatch({input:i,type:n.TokenTypes.RESERVED_TOP_LEVEL_NO_INDENT,regex:this.RESERVED_TOP_LEVEL_NO_INDENT_REGEX})},o.prototype.getWordToken=function(i){return this.getTokenOnFirstMatch({input:i,type:n.TokenTypes.WORD,regex:this.WORD_REGEX})},o.prototype.getTokenOnFirstMatch=function(i){var a=i.input,l=i.type,h=i.regex,d=a.match(h);if(d)return{type:l,value:d[1]}},o}();e.default=r})($u);var qu={},Du={},Pu={};(function(e){e.__esModule=!0;var t=function(s){return s===void 0&&(s=[]),s[s.length-1]};e.default=t})(Pu);(function(e){var t=ve&&ve.__importDefault||function(i){return i&&i.__esModule?i:{default:i}};e.__esModule=!0;var s=t(Pu),n="top-level",r="block-level",o=function(){function i(a){this.indent=a,this.indentTypes=[],this.indent=a||"  "}return i.prototype.getIndent=function(){return new Array(this.indentTypes.length).fill(this.indent).join("")},i.prototype.increaseTopLevel=function(){this.indentTypes.push(n)},i.prototype.increaseBlockLevel=function(){this.indentTypes.push(r)},i.prototype.decreaseTopLevel=function(){(0,s.default)(this.indentTypes)===n&&this.indentTypes.pop()},i.prototype.decreaseBlockLevel=function(){for(;this.indentTypes.length>0;){var a=this.indentTypes.pop();if(a!==n)break}},i.prototype.resetIndentation=function(){this.indentTypes=[]},i}();e.default=o})(Du);var xu={};(function(e){e.__esModule=!0;var t=An,s=50,n=function(){function r(){this.level=0}return r.prototype.beginIfPossible=function(o,i){this.level===0&&this.isInlineBlock(o,i)?this.level=1:this.level>0?this.level++:this.level=0},r.prototype.end=function(){this.level--},r.prototype.isActive=function(){return this.level>0},r.prototype.isInlineBlock=function(o,i){for(var a=0,l=0,h=i;h<o.length;h++){var d=o[h];if(a+=d.value.length,a>s)return!1;if(d.type===t.TokenTypes.OPEN_PAREN)l++;else if(d.type===t.TokenTypes.CLOSE_PAREN&&(l--,l===0))return!0;if(this.isForbiddenToken(d))return!1}return!1},r.prototype.isForbiddenToken=function(o){var i=o.type,a=o.value;return i===t.TokenTypes.RESERVED_TOP_LEVEL||i===t.TokenTypes.RESERVED_NEWLINE||i===t.TokenTypes.LINE_COMMENT||i===t.TokenTypes.BLOCK_COMMENT||a===";"},r}();e.default=n})(xu);var Mu={};(function(e){e.__esModule=!0;var t=function(){function s(n){this.params=n,this.index=0,this.params=n}return s.prototype.get=function(n){var r=n.key,o=n.value;return this.params?r?this.params[r]:this.params[this.index++]:o},s}();e.default=t})(Mu);(function(e){var t=ve&&ve.__importDefault||function(h){return h&&h.__esModule?h:{default:h}};e.__esModule=!0;var s=An,n=t(Du),r=t(xu),o=t(Mu),i=[" ","	"],a=function(h){for(var d=h.length-1;d>=0&&i.includes(h[d]);)d--;return h.substring(0,d+1)},l=function(){function h(d,p,g){this.cfg=d,this.tokenizer=p,this.tokenOverride=g,this.tokens=[],this.previousReservedWord={type:null,value:null},this.previousNonWhiteSpace={type:null,value:null},this.index=0,this.indentation=new n.default(this.cfg.indent),this.inlineBlock=new r.default,this.params=new o.default(this.cfg.params)}return h.prototype.format=function(d){this.tokens=this.tokenizer.tokenize(d);var p=this.getFormattedQueryFromTokens();return p.trim()},h.prototype.getFormattedQueryFromTokens=function(){var d=this,p="";return this.tokens.forEach(function(g,y){d.index=y,d.tokenOverride&&(g=d.tokenOverride(g,d.previousReservedWord)||g),g.type===s.TokenTypes.WHITESPACE?p=d.formatWhitespace(g,p):g.type===s.TokenTypes.LINE_COMMENT?p=d.formatLineComment(g,p):g.type===s.TokenTypes.BLOCK_COMMENT?p=d.formatBlockComment(g,p):g.type===s.TokenTypes.RESERVED_TOP_LEVEL||g.type===s.TokenTypes.RESERVED_TOP_LEVEL_NO_INDENT||g.type===s.TokenTypes.RESERVED_NEWLINE||g.type===s.TokenTypes.RESERVED?p=d.formatReserved(g,p):g.type===s.TokenTypes.OPEN_PAREN?p=d.formatOpeningParentheses(g,p):g.type===s.TokenTypes.CLOSE_PAREN?p=d.formatClosingParentheses(g,p):g.type===s.TokenTypes.NO_SPACE_OPERATOR?p=d.formatWithoutSpaces(g,p):g.type===s.TokenTypes.PLACEHOLDER||g.type===s.TokenTypes.SERVERVARIABLE?p=d.formatPlaceholder(g,p):g.value===","?p=d.formatComma(g,p):g.value===":"?p=d.formatWithSpaceAfter(g,p):g.value==="."?p=d.formatWithoutSpaces(g,p):g.value===";"?p=d.formatQuerySeparator(g,p):p=d.formatWithSpaces(g,p),g.type!==s.TokenTypes.WHITESPACE&&(d.previousNonWhiteSpace=g)}),p},h.prototype.formatWhitespace=function(d,p){return this.cfg.linesBetweenQueries==="preserve"&&/((\r\n|\n)(\r\n|\n)+)/u.test(d.value)&&this.previousToken().value===";"?p.replace(/(\n|\r\n)$/u,"")+d.value:p},h.prototype.formatReserved=function(d,p){return d.type===s.TokenTypes.RESERVED_NEWLINE&&this.previousReservedWord&&this.previousReservedWord.value&&d.value.toUpperCase()==="AND"&&this.previousReservedWord.value.toUpperCase()==="BETWEEN"&&(d.type=s.TokenTypes.RESERVED),d.type===s.TokenTypes.RESERVED_TOP_LEVEL?p=this.formatTopLevelReservedWord(d,p):d.type===s.TokenTypes.RESERVED_TOP_LEVEL_NO_INDENT?p=this.formatTopLevelReservedWordNoIndent(d,p):d.type===s.TokenTypes.RESERVED_NEWLINE?p=this.formatNewlineReservedWord(d,p):p=this.formatWithSpaces(d,p),this.previousReservedWord=d,p},h.prototype.formatLineComment=function(d,p){return this.addNewline(p+d.value)},h.prototype.formatBlockComment=function(d,p){return this.addNewline(this.addNewline(p)+this.indentComment(d.value))},h.prototype.indentComment=function(d){return d.replace(/\n[ \t]*/gu,`
`+this.indentation.getIndent()+" ")},h.prototype.formatTopLevelReservedWordNoIndent=function(d,p){return this.indentation.decreaseTopLevel(),p=this.addNewline(p)+this.equalizeWhitespace(this.formatReservedWord(d.value)),this.addNewline(p)},h.prototype.formatTopLevelReservedWord=function(d,p){var g=this.previousNonWhiteSpace.value!==","&&!["GRANT"].includes("".concat(this.previousNonWhiteSpace.value).toUpperCase());return g&&(this.indentation.decreaseTopLevel(),p=this.addNewline(p)),p=p+this.equalizeWhitespace(this.formatReservedWord(d.value))+" ",g&&this.indentation.increaseTopLevel(),p},h.prototype.formatNewlineReservedWord=function(d,p){return this.addNewline(p)+this.equalizeWhitespace(this.formatReservedWord(d.value))+" "},h.prototype.equalizeWhitespace=function(d){return d.replace(/\s+/gu," ")},h.prototype.formatOpeningParentheses=function(d,p){d.value=this.formatCase(d.value);var g=this.previousToken().type;return g!==s.TokenTypes.WHITESPACE&&g!==s.TokenTypes.OPEN_PAREN&&g!==s.TokenTypes.LINE_COMMENT&&(p=a(p)),p+=d.value,this.inlineBlock.beginIfPossible(this.tokens,this.index),this.inlineBlock.isActive()||(this.indentation.increaseBlockLevel(),p=this.addNewline(p)),p},h.prototype.formatClosingParentheses=function(d,p){return d.value=this.formatCase(d.value),this.inlineBlock.isActive()?(this.inlineBlock.end(),this.formatWithSpaceAfter(d,p)):(this.indentation.decreaseBlockLevel(),this.formatWithSpaces(d,this.addNewline(p)))},h.prototype.formatPlaceholder=function(d,p){return p+this.params.get(d)+" "},h.prototype.formatComma=function(d,p){return p=a(p)+d.value+" ",this.inlineBlock.isActive()||/^LIMIT$/iu.test(this.previousReservedWord.value)?p:this.addNewline(p)},h.prototype.formatWithSpaceAfter=function(d,p){return a(p)+d.value+" "},h.prototype.formatWithoutSpaces=function(d,p){return a(p)+d.value},h.prototype.formatWithSpaces=function(d,p){var g=d.type===s.TokenTypes.RESERVED?this.formatReservedWord(d.value):d.value;return p+g+" "},h.prototype.formatReservedWord=function(d){return this.formatCase(d)},h.prototype.formatQuerySeparator=function(d,p){this.indentation.resetIndentation();var g=`
`;return this.cfg.linesBetweenQueries!=="preserve"&&(g=`
`.repeat(this.cfg.linesBetweenQueries||1)),a(p)+d.value+g},h.prototype.addNewline=function(d){return d=a(d),d.endsWith(`
`)||(d+=`
`),d+this.indentation.getIndent()},h.prototype.previousToken=function(){return this.tokens[this.index-1]||{type:null,value:null}},h.prototype.formatCase=function(d){return this.cfg.reservedWordCase==="upper"?d.toUpperCase():this.cfg.reservedWordCase==="lower"?d.toLowerCase():d},h}();e.default=l})(qu);(function(e){var t=ve&&ve.__importDefault||function(o){return o&&o.__esModule?o:{default:o}};e.__esModule=!0;var s=t($u),n=t(qu),r=function(){function o(i){this.cfg=i}return o.prototype.format=function(i){return new n.default(this.cfg,this.tokenizer(),this.tokenOverride).format(i)},o.prototype.tokenize=function(i){return this.tokenizer().tokenize(i)},o.prototype.tokenizer=function(){return new s.default(this.getTokenizerConfig())},o}();e.default=r})(Cn);(function(e){var t=ve&&ve.__extends||function(){var h=function(d,p){return h=Object.setPrototypeOf||{__proto__:[]}instanceof Array&&function(g,y){g.__proto__=y}||function(g,y){for(var A in y)Object.prototype.hasOwnProperty.call(y,A)&&(g[A]=y[A])},h(d,p)};return function(d,p){if(typeof p!="function"&&p!==null)throw new TypeError("Class extends value "+String(p)+" is not a constructor or null");h(d,p);function g(){this.constructor=d}d.prototype=p===null?Object.create(p):(g.prototype=p.prototype,new g)}}(),s=ve&&ve.__importDefault||function(h){return h&&h.__esModule?h:{default:h}};e.__esModule=!0;var n=s(Cn),r=function(h){t(d,h);function d(){return h!==null&&h.apply(this,arguments)||this}return d.prototype.getTokenizerConfig=function(){return{reservedWords:o,reservedTopLevelWords:i,reservedNewlineWords:l,reservedTopLevelWordsNoIndent:a,stringTypes:['""',"''","``","[]"],openParens:["("],closeParens:[")"],indexedPlaceholderTypes:["?"],namedPlaceholderTypes:[":"],lineCommentTypes:["--"],specialWordChars:["#","@"]}},d}(n.default);e.default=r;var o=["ABS","ACTIVATE","ALIAS","ALL","ALLOCATE","ALLOW","ALTER","ANY","ARE","ARRAY","AS","ASC","ASENSITIVE","ASSOCIATE","ASUTIME","ASYMMETRIC","AT","ATOMIC","ATTRIBUTES","AUDIT","AUTHORIZATION","AUX","AUXILIARY","AVG","BEFORE","BEGIN","BETWEEN","BIGINT","BINARY","BLOB","BOOLEAN","BOTH","BUFFERPOOL","BY","CACHE","CALL","CALLED","CAPTURE","CARDINALITY","CASCADED","CASE","CAST","CCSID","CEIL","CEILING","CHAR","CHARACTER","CHARACTER_LENGTH","CHAR_LENGTH","CHECK","CLOB","CLONE","CLOSE","CLUSTER","COALESCE","COLLATE","COLLECT","COLLECTION","COLLID","COLUMN","COMMENT","COMMIT","CONCAT","CONDITION","CONNECT","CONNECTION","CONSTRAINT","CONTAINS","CONTINUE","CONVERT","CORR","CORRESPONDING","COUNT","COUNT_BIG","COVAR_POP","COVAR_SAMP","CREATE","CROSS","CUBE","CUME_DIST","CURRENT","CURRENT_DATE","CURRENT_DEFAULT_TRANSFORM_GROUP","CURRENT_LC_CTYPE","CURRENT_PATH","CURRENT_ROLE","CURRENT_SCHEMA","CURRENT_SERVER","CURRENT_TIME","CURRENT_TIMESTAMP","CURRENT_TIMEZONE","CURRENT_TRANSFORM_GROUP_FOR_TYPE","CURRENT_USER","CURSOR","CYCLE","DATA","DATABASE","DATAPARTITIONNAME","DATAPARTITIONNUM","DATE","DAY","DAYS","DB2GENERAL","DB2GENRL","DB2SQL","DBINFO","DBPARTITIONNAME","DBPARTITIONNUM","DEALLOCATE","DEC","DECIMAL","DECLARE","DEFAULT","DEFAULTS","DEFINITION","DELETE","DENSERANK","DENSE_RANK","DEREF","DESCRIBE","DESCRIPTOR","DETERMINISTIC","DIAGNOSTICS","DISABLE","DISALLOW","DISCONNECT","DISTINCT","DO","DOCUMENT","DOUBLE","DROP","DSSIZE","DYNAMIC","EACH","EDITPROC","ELEMENT","ELSE","ELSEIF","ENABLE","ENCODING","ENCRYPTION","END","END-EXEC","ENDING","ERASE","ESCAPE","EVERY","EXCEPTION","EXCLUDING","EXCLUSIVE","EXEC","EXECUTE","EXISTS","EXIT","EXP","EXPLAIN","EXTENDED","EXTERNAL","EXTRACT","FALSE","FENCED","FETCH","FIELDPROC","FILE","FILTER","FINAL","FIRST","FLOAT","FLOOR","FOR","FOREIGN","FREE","FULL","FUNCTION","FUSION","GENERAL","GENERATED","GET","GLOBAL","GOTO","GRANT","GRAPHIC","GROUP","GROUPING","HANDLER","HASH","HASHED_VALUE","HINT","HOLD","HOUR","HOURS","IDENTITY","IF","IMMEDIATE","IN","INCLUDING","INCLUSIVE","INCREMENT","INDEX","INDICATOR","INDICATORS","INF","INFINITY","INHERIT","INNER","INOUT","INSENSITIVE","INSERT","INT","INTEGER","INTEGRITY","INTERSECTION","INTERVAL","INTO","IS","ISOBID","ISOLATION","ITERATE","JAR","JAVA","KEEP","KEY","LABEL","LANGUAGE","LARGE","LATERAL","LC_CTYPE","LEADING","LEAVE","LEFT","LIKE","LINKTYPE","LN","LOCAL","LOCALDATE","LOCALE","LOCALTIME","LOCALTIMESTAMP","LOCATOR","LOCATORS","LOCK","LOCKMAX","LOCKSIZE","LONG","LOOP","LOWER","MAINTAINED","MATCH","MATERIALIZED","MAX","MAXVALUE","MEMBER","MERGE","METHOD","MICROSECOND","MICROSECONDS","MIN","MINUTE","MINUTES","MINVALUE","MOD","MODE","MODIFIES","MODULE","MONTH","MONTHS","MULTISET","NAN","NATIONAL","NATURAL","NCHAR","NCLOB","NEW","NEW_TABLE","NEXTVAL","NO","NOCACHE","NOCYCLE","NODENAME","NODENUMBER","NOMAXVALUE","NOMINVALUE","NONE","NOORDER","NORMALIZE","NORMALIZED","NOT","NULL","NULLIF","NULLS","NUMERIC","NUMPARTS","OBID","OCTET_LENGTH","OF","OFFSET","OLD","OLD_TABLE","ON","ONLY","OPEN","OPTIMIZATION","OPTIMIZE","OPTION","ORDER","OUT","OUTER","OVER","OVERLAPS","OVERLAY","OVERRIDING","PACKAGE","PADDED","PAGESIZE","PARAMETER","PART","PARTITION","PARTITIONED","PARTITIONING","PARTITIONS","PASSWORD","PATH","PERCENTILE_CONT","PERCENTILE_DISC","PERCENT_RANK","PIECESIZE","PLAN","POSITION","POWER","PRECISION","PREPARE","PREVVAL","PRIMARY","PRIQTY","PRIVILEGES","PROCEDURE","PROGRAM","PSID","PUBLIC","QUERY","QUERYNO","RANGE","RANK","READ","READS","REAL","RECOVERY","RECURSIVE","REF","REFERENCES","REFERENCING","REFRESH","REGR_AVGX","REGR_AVGY","REGR_COUNT","REGR_INTERCEPT","REGR_R2","REGR_SLOPE","REGR_SXX","REGR_SXY","REGR_SYY","RELEASE","RENAME","REPEAT","RESET","RESIGNAL","RESTART","RESTRICT","RESULT","RESULT_SET_LOCATOR","RETURN","RETURNS","REVOKE","RIGHT","ROLE","ROLLBACK","ROLLUP","ROUND_CEILING","ROUND_DOWN","ROUND_FLOOR","ROUND_HALF_DOWN","ROUND_HALF_EVEN","ROUND_HALF_UP","ROUND_UP","ROUTINE","ROW","ROWNUMBER","ROWS","ROWSET","ROW_NUMBER","RRN","RUN","SAVEPOINT","SCHEMA","SCOPE","SCRATCHPAD","SCROLL","SEARCH","SECOND","SECONDS","SECQTY","SECURITY","SENSITIVE","SEQUENCE","SESSION","SESSION_USER","SIGNAL","SIMILAR","SIMPLE","SMALLINT","SNAN","SOME","SOURCE","SPECIFIC","SPECIFICTYPE","SQL","SQLEXCEPTION","SQLID","SQLSTATE","SQLWARNING","SQRT","STACKED","STANDARD","START","STARTING","STATEMENT","STATIC","STATMENT","STAY","STDDEV_POP","STDDEV_SAMP","STOGROUP","STORES","STYLE","SUBMULTISET","SUBSTRING","SUM","SUMMARY","SYMMETRIC","SYNONYM","SYSFUN","SYSIBM","SYSPROC","SYSTEM","SYSTEM_USER","TABLE","TABLESAMPLE","TABLESPACE","THEN","TIME","TIMESTAMP","TIMEZONE_HOUR","TIMEZONE_MINUTE","TO","TRAILING","TRANSACTION","TRANSLATE","TRANSLATION","TREAT","TRIGGER","TRIM","TRUE","TRUNCATE","TYPE","UESCAPE","UNDO","UNIQUE","UNKNOWN","UNNEST","UNTIL","UPPER","USAGE","USER","USING","VALIDPROC","VALUE","VARCHAR","VARIABLE","VARIANT","VARYING","VAR_POP","VAR_SAMP","VCAT","VERSION","VIEW","VOLATILE","VOLUMES","WHEN","WHENEVER","WHILE","WIDTH_BUCKET","WINDOW","WITH","WITHIN","WITHOUT","WLM","WRITE","XMLELEMENT","XMLEXISTS","XMLNAMESPACES","YEAR","YEARS"],i=["ADD","AFTER","ALTER COLUMN","ALTER TABLE","DELETE FROM","EXCEPT","FETCH FIRST","FROM","GROUP BY","GO","HAVING","INSERT INTO","INTERSECT","LIMIT","ORDER BY","SELECT","SET CURRENT SCHEMA","SET SCHEMA","SET","UPDATE","VALUES","WHERE"],a=["INTERSECT","INTERSECT ALL","MINUS","UNION","UNION ALL"],l=["AND","CROSS JOIN","INNER JOIN","JOIN","LEFT JOIN","LEFT OUTER JOIN","OR","OUTER JOIN","RIGHT JOIN","RIGHT OUTER JOIN"]})(Iu);var Uu={};(function(e){var t=ve&&ve.__extends||function(){var h=function(d,p){return h=Object.setPrototypeOf||{__proto__:[]}instanceof Array&&function(g,y){g.__proto__=y}||function(g,y){for(var A in y)Object.prototype.hasOwnProperty.call(y,A)&&(g[A]=y[A])},h(d,p)};return function(d,p){if(typeof p!="function"&&p!==null)throw new TypeError("Class extends value "+String(p)+" is not a constructor or null");h(d,p);function g(){this.constructor=d}d.prototype=p===null?Object.create(p):(g.prototype=p.prototype,new g)}}(),s=ve&&ve.__importDefault||function(h){return h&&h.__esModule?h:{default:h}};e.__esModule=!0;var n=s(Cn),r=function(h){t(d,h);function d(){return h!==null&&h.apply(this,arguments)||this}return d.prototype.getTokenizerConfig=function(){return{reservedWords:o,reservedTopLevelWords:i,reservedNewlineWords:l,reservedTopLevelWordsNoIndent:a,stringTypes:['""',"''","``"],openParens:["(","[","{"],closeParens:[")","]","}"],namedPlaceholderTypes:["$"],lineCommentTypes:["#","--"],specialWordChars:[]}},d}(n.default);e.default=r;var o=["ALL","ALTER","ANALYZE","AND","ANY","ARRAY","AS","ASC","BEGIN","BETWEEN","BINARY","BOOLEAN","BREAK","BUCKET","BUILD","BY","CALL","CASE","CAST","CLUSTER","COLLATE","COLLECTION","COMMIT","CONNECT","CONTINUE","CORRELATE","COVER","CREATE","DATABASE","DATASET","DATASTORE","DECLARE","DECREMENT","DELETE","DERIVED","DESC","DESCRIBE","DISTINCT","DO","DROP","EACH","ELEMENT","ELSE","END","EVERY","EXCEPT","EXCLUDE","EXECUTE","EXISTS","EXPLAIN","FALSE","FETCH","FIRST","FLATTEN","FOR","FORCE","FROM","FUNCTION","GRANT","GROUP","GSI","HAVING","IF","IGNORE","ILIKE","IN","INCLUDE","INCREMENT","INDEX","INFER","INLINE","INNER","INSERT","INTERSECT","INTO","IS","JOIN","KEY","KEYS","KEYSPACE","KNOWN","LAST","LEFT","LET","LETTING","LIKE","LIMIT","LSM","MAP","MAPPING","MATCHED","MATERIALIZED","MERGE","MISSING","NAMESPACE","NEST","NOT","NULL","NUMBER","OBJECT","OFFSET","ON","OPTION","OR","ORDER","OUTER","OVER","PARSE","PARTITION","PASSWORD","PATH","POOL","PREPARE","PRIMARY","PRIVATE","PRIVILEGE","PROCEDURE","PUBLIC","RAW","REALM","REDUCE","RENAME","RETURN","RETURNING","REVOKE","RIGHT","ROLE","ROLLBACK","SATISFIES","SCHEMA","SELECT","SELF","SEMI","SET","SHOW","SOME","START","STATISTICS","STRING","SYSTEM","THEN","TO","TRANSACTION","TRIGGER","TRUE","TRUNCATE","UNDER","UNION","UNIQUE","UNKNOWN","UNNEST","UNSET","UPDATE","UPSERT","USE","USER","USING","VALIDATE","VALUE","VALUED","VALUES","VIA","VIEW","WHEN","WHERE","WHILE","WITH","WITHIN","WORK","XOR"],i=["DELETE FROM","EXCEPT ALL","EXCEPT","EXPLAIN DELETE FROM","EXPLAIN UPDATE","EXPLAIN UPSERT","FROM","GROUP BY","HAVING","INFER","INSERT INTO","LET","LIMIT","MERGE","NEST","ORDER BY","PREPARE","SELECT","SET CURRENT SCHEMA","SET SCHEMA","SET","UNNEST","UPDATE","UPSERT","USE KEYS","VALUES","WHERE"],a=["INTERSECT","INTERSECT ALL","MINUS","UNION","UNION ALL"],l=["AND","INNER JOIN","JOIN","LEFT JOIN","LEFT OUTER JOIN","OR","OUTER JOIN","RIGHT JOIN","RIGHT OUTER JOIN","XOR"]})(Uu);var Fu={};(function(e){var t=ve&&ve.__extends||function(){var d=function(p,g){return d=Object.setPrototypeOf||{__proto__:[]}instanceof Array&&function(y,A){y.__proto__=A}||function(y,A){for(var k in A)Object.prototype.hasOwnProperty.call(A,k)&&(y[k]=A[k])},d(p,g)};return function(p,g){if(typeof g!="function"&&g!==null)throw new TypeError("Class extends value "+String(g)+" is not a constructor or null");d(p,g);function y(){this.constructor=p}p.prototype=g===null?Object.create(g):(y.prototype=g.prototype,new y)}}(),s=ve&&ve.__importDefault||function(d){return d&&d.__esModule?d:{default:d}};e.__esModule=!0;var n=s(Cn),r=An,o=function(d){t(p,d);function p(){var g=d!==null&&d.apply(this,arguments)||this;return g.tokenOverride=function(y,A){if(y.type===r.TokenTypes.RESERVED_TOP_LEVEL&&A.value&&y.value.toUpperCase()==="SET"&&A.value.toUpperCase()==="BY")return y.type=r.TokenTypes.RESERVED,y},g}return p.prototype.getTokenizerConfig=function(){return{reservedWords:i,reservedTopLevelWords:a,reservedNewlineWords:h,reservedTopLevelWordsNoIndent:l,stringTypes:['""',"N''","''","``"],openParens:["(","CASE"],closeParens:[")","END"],indexedPlaceholderTypes:["?"],namedPlaceholderTypes:[":"],lineCommentTypes:["--"],specialWordChars:["_","$","#",".","@"]}},p}(n.default);e.default=o;var i=["A","ACCESSIBLE","AGENT","AGGREGATE","ALL","ALTER","ANY","ARRAY","AS","ASC","AT","ATTRIBUTE","AUTHID","AVG","BETWEEN","BFILE_BASE","BINARY_INTEGER","BINARY","BLOB_BASE","BLOCK","BODY","BOOLEAN","BOTH","BOUND","BREADTH","BULK","BY","BYTE","C","CALL","CALLING","CASCADE","CASE","CHAR_BASE","CHAR","CHARACTER","CHARSET","CHARSETFORM","CHARSETID","CHECK","CLOB_BASE","CLONE","CLOSE","CLUSTER","CLUSTERS","COALESCE","COLAUTH","COLLECT","COLUMNS","COMMENT","COMMIT","COMMITTED","COMPILED","COMPRESS","CONNECT","CONSTANT","CONSTRUCTOR","CONTEXT","CONTINUE","CONVERT","COUNT","CRASH","CREATE","CREDENTIAL","CURRENT","CURRVAL","CURSOR","CUSTOMDATUM","DANGLING","DATA","DATE_BASE","DATE","DAY","DECIMAL","DEFAULT","DEFINE","DELETE","DEPTH","DESC","DETERMINISTIC","DIRECTORY","DISTINCT","DO","DOUBLE","DROP","DURATION","ELEMENT","ELSIF","EMPTY","END","ESCAPE","EXCEPTIONS","EXCLUSIVE","EXECUTE","EXISTS","EXIT","EXTENDS","EXTERNAL","EXTRACT","FALSE","FETCH","FINAL","FIRST","FIXED","FLOAT","FOR","FORALL","FORCE","FROM","FUNCTION","GENERAL","GOTO","GRANT","GROUP","HASH","HEAP","HIDDEN","HOUR","IDENTIFIED","IF","IMMEDIATE","IN","INCLUDING","INDEX","INDEXES","INDICATOR","INDICES","INFINITE","INSTANTIABLE","INT","INTEGER","INTERFACE","INTERVAL","INTO","INVALIDATE","IS","ISOLATION","JAVA","LANGUAGE","LARGE","LEADING","LENGTH","LEVEL","LIBRARY","LIKE","LIKE2","LIKE4","LIKEC","LIMITED","LOCAL","LOCK","LONG","MAP","MAX","MAXLEN","MEMBER","MERGE","MIN","MINUTE","MLSLABEL","MOD","MODE","MONTH","MULTISET","NAME","NAN","NATIONAL","NATIVE","NATURAL","NATURALN","NCHAR","NEW","NEXTVAL","NOCOMPRESS","NOCOPY","NOT","NOWAIT","NULL","NULLIF","NUMBER_BASE","NUMBER","OBJECT","OCICOLL","OCIDATE","OCIDATETIME","OCIDURATION","OCIINTERVAL","OCILOBLOCATOR","OCINUMBER","OCIRAW","OCIREF","OCIREFCURSOR","OCIROWID","OCISTRING","OCITYPE","OF","OLD","ON","ONLY","OPAQUE","OPEN","OPERATOR","OPTION","ORACLE","ORADATA","ORDER","ORGANIZATION","ORLANY","ORLVARY","OTHERS","OUT","OVERLAPS","OVERRIDING","PACKAGE","PARALLEL_ENABLE","PARAMETER","PARAMETERS","PARENT","PARTITION","PASCAL","PCTFREE","PIPE","PIPELINED","PLS_INTEGER","PLUGGABLE","POSITIVE","POSITIVEN","PRAGMA","PRECISION","PRIOR","PRIVATE","PROCEDURE","PUBLIC","RAISE","RANGE","RAW","READ","REAL","RECORD","REF","REFERENCE","RELEASE","RELIES_ON","REM","REMAINDER","RENAME","RESOURCE","RESULT_CACHE","RESULT","RETURN","RETURNING","REVERSE","REVOKE","ROLLBACK","ROW","ROWID","ROWNUM","ROWTYPE","SAMPLE","SAVE","SAVEPOINT","SB1","SB2","SB4","SEARCH","SECOND","SEGMENT","SELF","SEPARATE","SEQUENCE","SERIALIZABLE","SHARE","SHORT","SIZE_T","SIZE","SMALLINT","SOME","SPACE","SPARSE","SQL","SQLCODE","SQLDATA","SQLERRM","SQLNAME","SQLSTATE","STANDARD","START","STATIC","STDDEV","STORED","STRING","STRUCT","STYLE","SUBMULTISET","SUBPARTITION","SUBSTITUTABLE","SUBTYPE","SUCCESSFUL","SUM","SYNONYM","SYSDATE","TABAUTH","TABLE","TDO","THE","THEN","TIME","TIMESTAMP","TIMEZONE_ABBR","TIMEZONE_HOUR","TIMEZONE_MINUTE","TIMEZONE_REGION","TO","TRAILING","TRANSACTION","TRANSACTIONAL","TRIGGER","TRUE","TRUSTED","TYPE","UB1","UB2","UB4","UID","UNDER","UNIQUE","UNPLUG","UNSIGNED","UNTRUSTED","USE","USER","USING","VALIDATE","VALIST","VALUE","VARCHAR","VARCHAR2","VARIABLE","VARIANCE","VARRAY","VARYING","VIEW","VIEWS","VOID","WHENEVER","WHILE","WITH","WORK","WRAPPED","WRITE","YEAR","ZONE"],a=["ADD","ALTER COLUMN","ALTER TABLE","BEGIN","CONNECT BY","DECLARE","DELETE FROM","DELETE","END","EXCEPT","EXCEPTION","FETCH FIRST","FROM","GROUP BY","HAVING","INSERT INTO","INSERT","LIMIT","LOOP","MODIFY","ORDER BY","SELECT","SET CURRENT SCHEMA","SET SCHEMA","SET","START WITH","UPDATE","VALUES","WHERE"],l=["INTERSECT","INTERSECT ALL","MINUS","UNION","UNION ALL"],h=["AND","CROSS APPLY","CROSS JOIN","ELSE","END","INNER JOIN","JOIN","LEFT JOIN","LEFT OUTER JOIN","OR","OUTER APPLY","OUTER JOIN","RIGHT JOIN","RIGHT OUTER JOIN","WHEN","XOR"]})(Fu);var Hu={};(function(e){var t=ve&&ve.__extends||function(){var h=function(d,p){return h=Object.setPrototypeOf||{__proto__:[]}instanceof Array&&function(g,y){g.__proto__=y}||function(g,y){for(var A in y)Object.prototype.hasOwnProperty.call(y,A)&&(g[A]=y[A])},h(d,p)};return function(d,p){if(typeof p!="function"&&p!==null)throw new TypeError("Class extends value "+String(p)+" is not a constructor or null");h(d,p);function g(){this.constructor=d}d.prototype=p===null?Object.create(p):(g.prototype=p.prototype,new g)}}(),s=ve&&ve.__importDefault||function(h){return h&&h.__esModule?h:{default:h}};e.__esModule=!0;var n=s(Cn),r=function(h){t(d,h);function d(){return h!==null&&h.apply(this,arguments)||this}return d.prototype.getTokenizerConfig=function(){return{reservedWords:o,reservedTopLevelWords:i,reservedNewlineWords:l,reservedTopLevelWordsNoIndent:a,stringTypes:['""',"N''","''","``","[]","E''"],openParens:["(","CASE"],closeParens:[")","END"],indexedPlaceholderTypes:["?"],namedPlaceholderTypes:["@",":","%","$"],lineCommentTypes:["#","--"],specialWordChars:[]}},d}(n.default);e.default=r;var o=["ACCESSIBLE","ACTION","AGAINST","AGGREGATE","ALGORITHM","ALL","ALTER","ANALYSE","ANALYZE","AS","ASC","AUTOCOMMIT","AUTO_INCREMENT","BACKUP","BEGIN","BETWEEN","BINLOG","BOTH","CASCADE","CASE","CHANGE","CHANGED","CHARACTER SET","CHARSET","CHECK","CHECKSUM","COLLATE","COLLATION","COLUMN","COLUMNS","COMMENT","COMMIT","COMMITTED","COMPRESSED","CONCURRENT","CONSTRAINT","CONTAINS","CONVERT","COUNT","CREATE","CROSS","CURRENT_TIMESTAMP","DATABASE","DATABASES","DAY_HOUR","DAY_MINUTE","DAY_SECOND","DAY","DEFAULT","DEFINER","DELAYED","DELETE","DESC","DESCRIBE","DETERMINISTIC","DISTINCT","DISTINCTROW","DIV","DO","DROP","DUMPFILE","DUPLICATE","DYNAMIC","ELSE","ENCLOSED","END","ENGINE","ENGINES","ENGINE_TYPE","ESCAPE","ESCAPED","EVENTS","EXEC","EXECUTE","EXISTS","EXPLAIN","EXTENDED","FAST","FETCH","FIELDS","FILE","FIRST","FIXED","FLUSH","FOR","FORCE","FOREIGN","FULL","FULLTEXT","FUNCTION","GLOBAL","GRANTS","GROUP_CONCAT","HEAP","HIGH_PRIORITY","HOSTS","HOUR","HOUR_MINUTE","HOUR_SECOND","IDENTIFIED","IF","IFNULL","IGNORE","IN","INDEX","INDEXES","INFILE","INSERT","INSERT_ID","INSERT_METHOD","INTERVAL","INTO","INVOKER","IS","ISOLATION","KEY","KEYS","KILL","LAST_INSERT_ID","LEADING","LEVEL","LIKE","LINEAR","LINES","LOAD","LOCAL","LOCK","LOCKS","LOGS","LOW_PRIORITY","MARIA","MASTER","MASTER_CONNECT_RETRY","MASTER_HOST","MASTER_LOG_FILE","MATCH","MAX_CONNECTIONS_PER_HOUR","MAX_QUERIES_PER_HOUR","MAX_ROWS","MAX_UPDATES_PER_HOUR","MAX_USER_CONNECTIONS","MEDIUM","MERGE","MINUTE","MINUTE_SECOND","MIN_ROWS","MODE","MONTH","MRG_MYISAM","MYISAM","NAMES","NATURAL","NOT","NOW()","NULL","OFFSET","ON DELETE","ON UPDATE","ON","ONLY","OPEN","OPTIMIZE","OPTION","OPTIONALLY","OUTFILE","PACK_KEYS","PAGE","PARTIAL","PARTITION","PARTITIONS","PASSWORD","PRIMARY","PRIVILEGES","PROCEDURE","PROCESS","PROCESSLIST","PURGE","QUICK","RAID0","RAID_CHUNKS","RAID_CHUNKSIZE","RAID_TYPE","RANGE","READ","READ_ONLY","READ_WRITE","REFERENCES","REGEXP","RELOAD","RENAME","REPAIR","REPEATABLE","REPLACE","REPLICATION","RESET","RESTORE","RESTRICT","RETURN","RETURNS","REVOKE","RLIKE","ROLLBACK","ROW","ROWS","ROW_FORMAT","SECOND","SECURITY","SEPARATOR","SERIALIZABLE","SESSION","SHARE","SHOW","SHUTDOWN","SLAVE","SONAME","SOUNDS","SQL","SQL_AUTO_IS_NULL","SQL_BIG_RESULT","SQL_BIG_SELECTS","SQL_BIG_TABLES","SQL_BUFFER_RESULT","SQL_CACHE","SQL_CALC_FOUND_ROWS","SQL_LOG_BIN","SQL_LOG_OFF","SQL_LOG_UPDATE","SQL_LOW_PRIORITY_UPDATES","SQL_MAX_JOIN_SIZE","SQL_NO_CACHE","SQL_QUOTE_SHOW_CREATE","SQL_SAFE_UPDATES","SQL_SELECT_LIMIT","SQL_SLAVE_SKIP_COUNTER","SQL_SMALL_RESULT","SQL_WARNINGS","START","STARTING","STATUS","STOP","STORAGE","STRAIGHT_JOIN","STRING","STRIPED","SUPER","TABLE","TABLES","TEMPORARY","TERMINATED","THEN","TO","TRAILING","TRANSACTIONAL","TRIGGER","TRUE","TRUNCATE","TYPE","TYPES","UNCOMMITTED","UNIQUE","UNLOCK","UNSIGNED","USAGE","USE","USING","VARIABLES","VIEW","WHEN","WITH","WORK","WRITE","YEAR_MONTH"],i=["ADD","AFTER","ALTER COLUMN","ALTER TABLE","CREATE OR REPLACE","DECLARE","DELETE FROM","EXCEPT","FETCH FIRST","FROM","GO","GRANT","GROUP BY","HAVING","INSERT INTO","INSERT","LIMIT","MODIFY","ORDER BY","RETURNING","SELECT","SET CURRENT SCHEMA","SET SCHEMA","SET","UPDATE","VALUES","WHERE"],a=["INTERSECT ALL","INTERSECT","MINUS","UNION ALL","UNION"],l=["AND","CROSS APPLY","CROSS JOIN","ELSE","INNER JOIN","FULL JOIN","FULL OUTER JOIN","LEFT JOIN","LEFT OUTER JOIN","NATURAL JOIN","OR","OUTER APPLY","OUTER JOIN","RENAME","RIGHT JOIN","RIGHT OUTER JOIN","JOIN","WHEN","XOR"]})(Hu);(function(e){var t=ve&&ve.__importDefault||function(l){return l&&l.__esModule?l:{default:l}};e.__esModule=!0,e.tokenize=e.format=void 0;var s=t(Iu),n=t(Uu),r=t(Fu),o=t(Hu),i=function(l,h){switch(h===void 0&&(h={}),h.language){case"db2":return new s.default(h).format(l);case"n1ql":return new n.default(h).format(l);case"pl/sql":return new r.default(h).format(l);case"sql":default:return new o.default(h).format(l)}};e.format=i;var a=function(l,h){return h===void 0&&(h={}),new o.default(h).tokenize(l)};e.tokenize=a,e.default={format:e.format,tokenize:e.tokenize}})(Ou);const Dde=qs(Ou);var Bu={exports:{}},Ks={exports:{}};/*! https://mths.be/punycode v1.4.0 by @mathias */Ks.exports;var dl;function Pde(){return dl||(dl=1,function(e,t){(function(s){var n=t&&!t.nodeType&&t,r=e&&!e.nodeType&&e,o=typeof ve=="object"&&ve;(o.global===o||o.window===o||o.self===o)&&(s=o);var i,a=2147483647,l=36,h=1,d=26,p=38,g=700,y=72,A=128,k="-",j=/^xn--/,W=/[^\x20-\x7E]/,C=/[\x2E\u3002\uFF0E\uFF61]/g,R={overflow:"Overflow: input needs wider integers to process","not-basic":"Illegal input >= 0x80 (not a basic code point)","invalid-input":"Invalid input"},O=l-h,q=Math.floor,L=String.fromCharCode,Q;function oe(H){throw new RangeError(R[H])}function P(H,Z){for(var ae=H.length,Se=[];ae--;)Se[ae]=Z(H[ae]);return Se}function V(H,Z){var ae=H.split("@"),Se="";ae.length>1&&(Se=ae[0]+"@",H=ae[1]),H=H.replace(C,".");var ye=H.split("."),Ee=P(ye,Z).join(".");return Se+Ee}function F(H){for(var Z=[],ae=0,Se=H.length,ye,Ee;ae<Se;)ye=H.charCodeAt(ae++),ye>=55296&&ye<=56319&&ae<Se?(Ee=H.charCodeAt(ae++),(Ee&64512)==56320?Z.push(((ye&1023)<<10)+(Ee&1023)+65536):(Z.push(ye),ae--)):Z.push(ye);return Z}function M(H){return P(H,function(Z){var ae="";return Z>65535&&(Z-=65536,ae+=L(Z>>>10&1023|55296),Z=56320|Z&1023),ae+=L(Z),ae}).join("")}function c(H){return H-48<10?H-22:H-65<26?H-65:H-97<26?H-97:l}function m(H,Z){return H+22+75*(H<26)-((Z!=0)<<5)}function b(H,Z,ae){var Se=0;for(H=ae?q(H/g):H>>1,H+=q(H/Z);H>O*d>>1;Se+=l)H=q(H/O);return q(Se+(O+1)*H/(H+p))}function _(H){var Z=[],ae=H.length,Se,ye=0,Ee=A,Te=y,Ne,Pe,De,Ue,qe,Ve,w,S,x;for(Ne=H.lastIndexOf(k),Ne<0&&(Ne=0),Pe=0;Pe<Ne;++Pe)H.charCodeAt(Pe)>=128&&oe("not-basic"),Z.push(H.charCodeAt(Pe));for(De=Ne>0?Ne+1:0;De<ae;){for(Ue=ye,qe=1,Ve=l;De>=ae&&oe("invalid-input"),w=c(H.charCodeAt(De++)),(w>=l||w>q((a-ye)/qe))&&oe("overflow"),ye+=w*qe,S=Ve<=Te?h:Ve>=Te+d?d:Ve-Te,!(w<S);Ve+=l)x=l-S,qe>q(a/x)&&oe("overflow"),qe*=x;Se=Z.length+1,Te=b(ye-Ue,Se,Ue==0),q(ye/Se)>a-Ee&&oe("overflow"),Ee+=q(ye/Se),ye%=Se,Z.splice(ye++,0,Ee)}return M(Z)}function N(H){var Z,ae,Se,ye,Ee,Te,Ne,Pe,De,Ue,qe,Ve=[],w,S,x,Y;for(H=F(H),w=H.length,Z=A,ae=0,Ee=y,Te=0;Te<w;++Te)qe=H[Te],qe<128&&Ve.push(L(qe));for(Se=ye=Ve.length,ye&&Ve.push(k);Se<w;){for(Ne=a,Te=0;Te<w;++Te)qe=H[Te],qe>=Z&&qe<Ne&&(Ne=qe);for(S=Se+1,Ne-Z>q((a-ae)/S)&&oe("overflow"),ae+=(Ne-Z)*S,Z=Ne,Te=0;Te<w;++Te)if(qe=H[Te],qe<Z&&++ae>a&&oe("overflow"),qe==Z){for(Pe=ae,De=l;Ue=De<=Ee?h:De>=Ee+d?d:De-Ee,!(Pe<Ue);De+=l)Y=Pe-Ue,x=l-Ue,Ve.push(L(m(Ue+Y%x,0))),Pe=q(Y/x);Ve.push(L(m(Pe,0))),Ee=b(ae,S,Se==ye),ae=0,++Se}++ae,++Z}return Ve.join("")}function I(H){return V(H,function(Z){return j.test(Z)?_(Z.slice(4).toLowerCase()):Z})}function U(H){return V(H,function(Z){return W.test(Z)?"xn--"+N(Z):Z})}if(i={version:"1.3.2",ucs2:{decode:F,encode:M},decode:_,encode:N,toASCII:U,toUnicode:I},n&&r)if(e.exports==n)r.exports=i;else for(Q in i)i.hasOwnProperty(Q)&&(n[Q]=i[Q]);else s.punycode=i})(ve)}(Ks,Ks.exports)),Ks.exports}var xo={exports:{}};/*!
 * URI.js - Mutating URLs
 * IPv6 Support
 *
 * Version: 1.19.11
 *
 * Author: Rodney Rehm
 * Web: http://medialize.github.io/URI.js/
 *
 * Licensed under
 *   MIT License http://www.opensource.org/licenses/mit-license
 *
 */var hl;function xde(){return hl||(hl=1,function(e){(function(t,s){e.exports?e.exports=s():t.IPv6=s(t)})(ve,function(t){var s=t&&t.IPv6;function n(o){var i=o.toLowerCase(),a=i.split(":"),l=a.length,h=8;a[0]===""&&a[1]===""&&a[2]===""?(a.shift(),a.shift()):a[0]===""&&a[1]===""?a.shift():a[l-1]===""&&a[l-2]===""&&a.pop(),l=a.length,a[l-1].indexOf(".")!==-1&&(h=7);var d;for(d=0;d<l&&a[d]!=="";d++);if(d<h)for(a.splice(d,1,"0000");a.length<h;)a.splice(d,0,"0000");for(var p,g=0;g<h;g++){p=a[g].split("");for(var y=0;y<3&&(p[0]==="0"&&p.length>1);y++)p.splice(0,1);a[g]=p.join("")}var A=-1,k=0,j=0,W=-1,C=!1;for(g=0;g<h;g++)C?a[g]==="0"?j+=1:(C=!1,j>k&&(A=W,k=j)):a[g]==="0"&&(C=!0,W=g,j=1);j>k&&(A=W,k=j),k>1&&a.splice(A,k,""),l=a.length;var R="";for(a[0]===""&&(R=":"),g=0;g<l&&(R+=a[g],g!==l-1);g++)R+=":";return a[l-1]===""&&(R+=":"),R}function r(){return t.IPv6===this&&(t.IPv6=s),this}return{best:n,noConflict:r}})}(xo)),xo.exports}var Mo={exports:{}};/*!
 * URI.js - Mutating URLs
 * Second Level Domain (SLD) Support
 *
 * Version: 1.19.11
 *
 * Author: Rodney Rehm
 * Web: http://medialize.github.io/URI.js/
 *
 * Licensed under
 *   MIT License http://www.opensource.org/licenses/mit-license
 *
 */var fl;function Mde(){return fl||(fl=1,function(e){(function(t,s){e.exports?e.exports=s():t.SecondLevelDomains=s(t)})(ve,function(t){var s=t&&t.SecondLevelDomains,n={list:{ac:" com gov mil net org ",ae:" ac co gov mil name net org pro sch ",af:" com edu gov net org ",al:" com edu gov mil net org ",ao:" co ed gv it og pb ",ar:" com edu gob gov int mil net org tur ",at:" ac co gv or ",au:" asn com csiro edu gov id net org ",ba:" co com edu gov mil net org rs unbi unmo unsa untz unze ",bb:" biz co com edu gov info net org store tv ",bh:" biz cc com edu gov info net org ",bn:" com edu gov net org ",bo:" com edu gob gov int mil net org tv ",br:" adm adv agr am arq art ato b bio blog bmd cim cng cnt com coop ecn edu eng esp etc eti far flog fm fnd fot fst g12 ggf gov imb ind inf jor jus lel mat med mil mus net nom not ntr odo org ppg pro psc psi qsl rec slg srv tmp trd tur tv vet vlog wiki zlg ",bs:" com edu gov net org ",bz:" du et om ov rg ",ca:" ab bc mb nb nf nl ns nt nu on pe qc sk yk ",ck:" biz co edu gen gov info net org ",cn:" ac ah bj com cq edu fj gd gov gs gx gz ha hb he hi hl hn jl js jx ln mil net nm nx org qh sc sd sh sn sx tj tw xj xz yn zj ",co:" com edu gov mil net nom org ",cr:" ac c co ed fi go or sa ",cy:" ac biz com ekloges gov ltd name net org parliament press pro tm ",do:" art com edu gob gov mil net org sld web ",dz:" art asso com edu gov net org pol ",ec:" com edu fin gov info med mil net org pro ",eg:" com edu eun gov mil name net org sci ",er:" com edu gov ind mil net org rochest w ",es:" com edu gob nom org ",et:" biz com edu gov info name net org ",fj:" ac biz com info mil name net org pro ",fk:" ac co gov net nom org ",fr:" asso com f gouv nom prd presse tm ",gg:" co net org ",gh:" com edu gov mil org ",gn:" ac com gov net org ",gr:" com edu gov mil net org ",gt:" com edu gob ind mil net org ",gu:" com edu gov net org ",hk:" com edu gov idv net org ",hu:" 2000 agrar bolt casino city co erotica erotika film forum games hotel info ingatlan jogasz konyvelo lakas media news org priv reklam sex shop sport suli szex tm tozsde utazas video ",id:" ac co go mil net or sch web ",il:" ac co gov idf k12 muni net org ",in:" ac co edu ernet firm gen gov i ind mil net nic org res ",iq:" com edu gov i mil net org ",ir:" ac co dnssec gov i id net org sch ",it:" edu gov ",je:" co net org ",jo:" com edu gov mil name net org sch ",jp:" ac ad co ed go gr lg ne or ",ke:" ac co go info me mobi ne or sc ",kh:" com edu gov mil net org per ",ki:" biz com de edu gov info mob net org tel ",km:" asso com coop edu gouv k medecin mil nom notaires pharmaciens presse tm veterinaire ",kn:" edu gov net org ",kr:" ac busan chungbuk chungnam co daegu daejeon es gangwon go gwangju gyeongbuk gyeonggi gyeongnam hs incheon jeju jeonbuk jeonnam k kg mil ms ne or pe re sc seoul ulsan ",kw:" com edu gov net org ",ky:" com edu gov net org ",kz:" com edu gov mil net org ",lb:" com edu gov net org ",lk:" assn com edu gov grp hotel int ltd net ngo org sch soc web ",lr:" com edu gov net org ",lv:" asn com conf edu gov id mil net org ",ly:" com edu gov id med net org plc sch ",ma:" ac co gov m net org press ",mc:" asso tm ",me:" ac co edu gov its net org priv ",mg:" com edu gov mil nom org prd tm ",mk:" com edu gov inf name net org pro ",ml:" com edu gov net org presse ",mn:" edu gov org ",mo:" com edu gov net org ",mt:" com edu gov net org ",mv:" aero biz com coop edu gov info int mil museum name net org pro ",mw:" ac co com coop edu gov int museum net org ",mx:" com edu gob net org ",my:" com edu gov mil name net org sch ",nf:" arts com firm info net other per rec store web ",ng:" biz com edu gov mil mobi name net org sch ",ni:" ac co com edu gob mil net nom org ",np:" com edu gov mil net org ",nr:" biz com edu gov info net org ",om:" ac biz co com edu gov med mil museum net org pro sch ",pe:" com edu gob mil net nom org sld ",ph:" com edu gov i mil net ngo org ",pk:" biz com edu fam gob gok gon gop gos gov net org web ",pl:" art bialystok biz com edu gda gdansk gorzow gov info katowice krakow lodz lublin mil net ngo olsztyn org poznan pwr radom slupsk szczecin torun warszawa waw wroc wroclaw zgora ",pr:" ac biz com edu est gov info isla name net org pro prof ",ps:" com edu gov net org plo sec ",pw:" belau co ed go ne or ",ro:" arts com firm info nom nt org rec store tm www ",rs:" ac co edu gov in org ",sb:" com edu gov net org ",sc:" com edu gov net org ",sh:" co com edu gov net nom org ",sl:" com edu gov net org ",st:" co com consulado edu embaixada gov mil net org principe saotome store ",sv:" com edu gob org red ",sz:" ac co org ",tr:" av bbs bel biz com dr edu gen gov info k12 name net org pol tel tsk tv web ",tt:" aero biz cat co com coop edu gov info int jobs mil mobi museum name net org pro tel travel ",tw:" club com ebiz edu game gov idv mil net org ",mu:" ac co com gov net or org ",mz:" ac co edu gov org ",na:" co com ",nz:" ac co cri geek gen govt health iwi maori mil net org parliament school ",pa:" abo ac com edu gob ing med net nom org sld ",pt:" com edu gov int net nome org publ ",py:" com edu gov mil net org ",qa:" com edu gov mil net org ",re:" asso com nom ",ru:" ac adygeya altai amur arkhangelsk astrakhan bashkiria belgorod bir bryansk buryatia cbg chel chelyabinsk chita chukotka chuvashia com dagestan e-burg edu gov grozny int irkutsk ivanovo izhevsk jar joshkar-ola kalmykia kaluga kamchatka karelia kazan kchr kemerovo khabarovsk khakassia khv kirov koenig komi kostroma kranoyarsk kuban kurgan kursk lipetsk magadan mari mari-el marine mil mordovia mosreg msk murmansk nalchik net nnov nov novosibirsk nsk omsk orenburg org oryol penza perm pp pskov ptz rnd ryazan sakhalin samara saratov simbirsk smolensk spb stavropol stv surgut tambov tatarstan tom tomsk tsaritsyn tsk tula tuva tver tyumen udm udmurtia ulan-ude vladikavkaz vladimir vladivostok volgograd vologda voronezh vrn vyatka yakutia yamal yekaterinburg yuzhno-sakhalinsk ",rw:" ac co com edu gouv gov int mil net ",sa:" com edu gov med net org pub sch ",sd:" com edu gov info med net org tv ",se:" a ac b bd c d e f g h i k l m n o org p parti pp press r s t tm u w x y z ",sg:" com edu gov idn net org per ",sn:" art com edu gouv org perso univ ",sy:" com edu gov mil net news org ",th:" ac co go in mi net or ",tj:" ac biz co com edu go gov info int mil name net nic org test web ",tn:" agrinet com defense edunet ens fin gov ind info intl mincom nat net org perso rnrt rns rnu tourism ",tz:" ac co go ne or ",ua:" biz cherkassy chernigov chernovtsy ck cn co com crimea cv dn dnepropetrovsk donetsk dp edu gov if in ivano-frankivsk kh kharkov kherson khmelnitskiy kiev kirovograd km kr ks kv lg lugansk lutsk lviv me mk net nikolaev od odessa org pl poltava pp rovno rv sebastopol sumy te ternopil uzhgorod vinnica vn zaporizhzhe zhitomir zp zt ",ug:" ac co go ne or org sc ",uk:" ac bl british-library co cym gov govt icnet jet lea ltd me mil mod national-library-scotland nel net nhs nic nls org orgn parliament plc police sch scot soc ",us:" dni fed isa kids nsn ",uy:" com edu gub mil net org ",ve:" co com edu gob info mil net org web ",vi:" co com k12 net org ",vn:" ac biz com edu gov health info int name net org pro ",ye:" co com gov ltd me net org plc ",yu:" ac co edu gov org ",za:" ac agric alt bourse city co cybernet db edu gov grondar iaccess imt inca landesign law mil net ngo nis nom olivetti org pix school tm web ",zm:" ac co com edu gov net org sch ",com:"ar br cn de eu gb gr hu jpn kr no qc ru sa se uk us uy za ",net:"gb jp se uk ",org:"ae",de:"com "},has:function(r){var o=r.lastIndexOf(".");if(o<=0||o>=r.length-1)return!1;var i=r.lastIndexOf(".",o-1);if(i<=0||i>=o-1)return!1;var a=n.list[r.slice(o+1)];return a?a.indexOf(" "+r.slice(i+1,o)+" ")>=0:!1},is:function(r){var o=r.lastIndexOf(".");if(o<=0||o>=r.length-1)return!1;var i=r.lastIndexOf(".",o-1);if(i>=0)return!1;var a=n.list[r.slice(o+1)];return a?a.indexOf(" "+r.slice(0,o)+" ")>=0:!1},get:function(r){var o=r.lastIndexOf(".");if(o<=0||o>=r.length-1)return null;var i=r.lastIndexOf(".",o-1);if(i<=0||i>=o-1)return null;var a=n.list[r.slice(o+1)];return!a||a.indexOf(" "+r.slice(i+1,o)+" ")<0?null:r.slice(i+1)},noConflict:function(){return t.SecondLevelDomains===this&&(t.SecondLevelDomains=s),this}};return n})}(Mo)),Mo.exports}/*!
 * URI.js - Mutating URLs
 *
 * Version: 1.19.11
 *
 * Author: Rodney Rehm
 * Web: http://medialize.github.io/URI.js/
 *
 * Licensed under
 *   MIT License http://www.opensource.org/licenses/mit-license
 *
 */(function(e){(function(t,s){e.exports?e.exports=s(Pde(),xde(),Mde()):t.URI=s(t.punycode,t.IPv6,t.SecondLevelDomains,t)})(ve,function(t,s,n,r){var o=r&&r.URI;function i(c,m){var b=arguments.length>=1,_=arguments.length>=2;if(!(this instanceof i))return b?_?new i(c,m):new i(c):new i;if(c===void 0){if(b)throw new TypeError("undefined is not a valid argument for URI");typeof location<"u"?c=location.href+"":c=""}if(c===null&&b)throw new TypeError("null is not a valid argument for URI");return this.href(c),m!==void 0?this.absoluteTo(m):this}function a(c){return/^[0-9]+$/.test(c)}i.version="1.19.11";var l=i.prototype,h=Object.prototype.hasOwnProperty;function d(c){return c.replace(/([.*+?^=!:${}()|[\]\/\\])/g,"\\$1")}function p(c){return c===void 0?"Undefined":String(Object.prototype.toString.call(c)).slice(8,-1)}function g(c){return p(c)==="Array"}function y(c,m){var b={},_,N;if(p(m)==="RegExp")b=null;else if(g(m))for(_=0,N=m.length;_<N;_++)b[m[_]]=!0;else b[m]=!0;for(_=0,N=c.length;_<N;_++){var I=b&&b[c[_]]!==void 0||!b&&m.test(c[_]);I&&(c.splice(_,1),N--,_--)}return c}function A(c,m){var b,_;if(g(m)){for(b=0,_=m.length;b<_;b++)if(!A(c,m[b]))return!1;return!0}var N=p(m);for(b=0,_=c.length;b<_;b++)if(N==="RegExp"){if(typeof c[b]=="string"&&c[b].match(m))return!0}else if(c[b]===m)return!0;return!1}function k(c,m){if(!g(c)||!g(m)||c.length!==m.length)return!1;c.sort(),m.sort();for(var b=0,_=c.length;b<_;b++)if(c[b]!==m[b])return!1;return!0}function j(c){var m=/^\/+|\/+$/g;return c.replace(m,"")}i._parts=function(){return{protocol:null,username:null,password:null,hostname:null,urn:null,port:null,path:null,query:null,fragment:null,preventInvalidHostname:i.preventInvalidHostname,duplicateQueryParameters:i.duplicateQueryParameters,escapeQuerySpace:i.escapeQuerySpace}},i.preventInvalidHostname=!1,i.duplicateQueryParameters=!1,i.escapeQuerySpace=!0,i.protocol_expression=/^[a-z][a-z0-9.+-]*$/i,i.idn_expression=/[^a-z0-9\._-]/i,i.punycode_expression=/(xn--)/i,i.ip4_expression=/^\d{1,3}\.\d{1,3}\.\d{1,3}\.\d{1,3}$/,i.ip6_expression=/^\s*((([0-9A-Fa-f]{1,4}:){7}([0-9A-Fa-f]{1,4}|:))|(([0-9A-Fa-f]{1,4}:){6}(:[0-9A-Fa-f]{1,4}|((25[0-5]|2[0-4]\d|1\d\d|[1-9]?\d)(\.(25[0-5]|2[0-4]\d|1\d\d|[1-9]?\d)){3})|:))|(([0-9A-Fa-f]{1,4}:){5}(((:[0-9A-Fa-f]{1,4}){1,2})|:((25[0-5]|2[0-4]\d|1\d\d|[1-9]?\d)(\.(25[0-5]|2[0-4]\d|1\d\d|[1-9]?\d)){3})|:))|(([0-9A-Fa-f]{1,4}:){4}(((:[0-9A-Fa-f]{1,4}){1,3})|((:[0-9A-Fa-f]{1,4})?:((25[0-5]|2[0-4]\d|1\d\d|[1-9]?\d)(\.(25[0-5]|2[0-4]\d|1\d\d|[1-9]?\d)){3}))|:))|(([0-9A-Fa-f]{1,4}:){3}(((:[0-9A-Fa-f]{1,4}){1,4})|((:[0-9A-Fa-f]{1,4}){0,2}:((25[0-5]|2[0-4]\d|1\d\d|[1-9]?\d)(\.(25[0-5]|2[0-4]\d|1\d\d|[1-9]?\d)){3}))|:))|(([0-9A-Fa-f]{1,4}:){2}(((:[0-9A-Fa-f]{1,4}){1,5})|((:[0-9A-Fa-f]{1,4}){0,3}:((25[0-5]|2[0-4]\d|1\d\d|[1-9]?\d)(\.(25[0-5]|2[0-4]\d|1\d\d|[1-9]?\d)){3}))|:))|(([0-9A-Fa-f]{1,4}:){1}(((:[0-9A-Fa-f]{1,4}){1,6})|((:[0-9A-Fa-f]{1,4}){0,4}:((25[0-5]|2[0-4]\d|1\d\d|[1-9]?\d)(\.(25[0-5]|2[0-4]\d|1\d\d|[1-9]?\d)){3}))|:))|(:(((:[0-9A-Fa-f]{1,4}){1,7})|((:[0-9A-Fa-f]{1,4}){0,5}:((25[0-5]|2[0-4]\d|1\d\d|[1-9]?\d)(\.(25[0-5]|2[0-4]\d|1\d\d|[1-9]?\d)){3}))|:)))(%.+)?\s*$/,i.find_uri_expression=/\b((?:[a-z][\w-]+:(?:\/{1,3}|[a-z0-9%])|www\d{0,3}[.]|[a-z0-9.\-]+[.][a-z]{2,4}\/)(?:[^\s()<>]+|\(([^\s()<>]+|(\([^\s()<>]+\)))*\))+(?:\(([^\s()<>]+|(\([^\s()<>]+\)))*\)|[^\s`!()\[\]{};:'".,<>?«»“”‘’]))/ig,i.findUri={start:/\b(?:([a-z][a-z0-9.+-]*:\/\/)|www\.)/gi,end:/[\s\r\n]|$/,trim:/[`!()\[\]{};:'".,<>?«»“”„‘’]+$/,parens:/(\([^\)]*\)|\[[^\]]*\]|\{[^}]*\}|<[^>]*>)/g},i.leading_whitespace_expression=/^[\x00-\x20\u00a0\u1680\u2000-\u200a\u2028\u2029\u202f\u205f\u3000\ufeff]+/,i.ascii_tab_whitespace=/[\u0009\u000A\u000D]+/g,i.defaultPorts={http:"80",https:"443",ftp:"21",gopher:"70",ws:"80",wss:"443"},i.hostProtocols=["http","https"],i.invalid_hostname_characters=/[^a-zA-Z0-9\.\-:_]/,i.domAttributes={a:"href",blockquote:"cite",link:"href",base:"href",script:"src",form:"action",img:"src",area:"href",iframe:"src",embed:"src",source:"src",track:"src",input:"src",audio:"src",video:"src"},i.getDomAttribute=function(c){if(!(!c||!c.nodeName)){var m=c.nodeName.toLowerCase();if(!(m==="input"&&c.type!=="image"))return i.domAttributes[m]}};function W(c){return escape(c)}function C(c){return encodeURIComponent(c).replace(/[!'()*]/g,W).replace(/\*/g,"%2A")}i.encode=C,i.decode=decodeURIComponent,i.iso8859=function(){i.encode=escape,i.decode=unescape},i.unicode=function(){i.encode=C,i.decode=decodeURIComponent},i.characters={pathname:{encode:{expression:/%(24|26|2B|2C|3B|3D|3A|40)/ig,map:{"%24":"$","%26":"&","%2B":"+","%2C":",","%3B":";","%3D":"=","%3A":":","%40":"@"}},decode:{expression:/[\/\?#]/g,map:{"/":"%2F","?":"%3F","#":"%23"}}},reserved:{encode:{expression:/%(21|23|24|26|27|28|29|2A|2B|2C|2F|3A|3B|3D|3F|40|5B|5D)/ig,map:{"%3A":":","%2F":"/","%3F":"?","%23":"#","%5B":"[","%5D":"]","%40":"@","%21":"!","%24":"$","%26":"&","%27":"'","%28":"(","%29":")","%2A":"*","%2B":"+","%2C":",","%3B":";","%3D":"="}}},urnpath:{encode:{expression:/%(21|24|27|28|29|2A|2B|2C|3B|3D|40)/ig,map:{"%21":"!","%24":"$","%27":"'","%28":"(","%29":")","%2A":"*","%2B":"+","%2C":",","%3B":";","%3D":"=","%40":"@"}},decode:{expression:/[\/\?#:]/g,map:{"/":"%2F","?":"%3F","#":"%23",":":"%3A"}}}},i.encodeQuery=function(c,m){var b=i.encode(c+"");return m===void 0&&(m=i.escapeQuerySpace),m?b.replace(/%20/g,"+"):b},i.decodeQuery=function(c,m){c+="",m===void 0&&(m=i.escapeQuerySpace);try{return i.decode(m?c.replace(/\+/g,"%20"):c)}catch{return c}};var R={encode:"encode",decode:"decode"},O,q=function(c,m){return function(b){try{return i[m](b+"").replace(i.characters[c][m].expression,function(_){return i.characters[c][m].map[_]})}catch{return b}}};for(O in R)i[O+"PathSegment"]=q("pathname",R[O]),i[O+"UrnPathSegment"]=q("urnpath",R[O]);var L=function(c,m,b){return function(_){var N;b?N=function(Z){return i[m](i[b](Z))}:N=i[m];for(var I=(_+"").split(c),U=0,H=I.length;U<H;U++)I[U]=N(I[U]);return I.join(c)}};i.decodePath=L("/","decodePathSegment"),i.decodeUrnPath=L(":","decodeUrnPathSegment"),i.recodePath=L("/","encodePathSegment","decode"),i.recodeUrnPath=L(":","encodeUrnPathSegment","decode"),i.encodeReserved=q("reserved","encode"),i.parse=function(c,m){var b;return m||(m={preventInvalidHostname:i.preventInvalidHostname}),c=c.replace(i.leading_whitespace_expression,""),c=c.replace(i.ascii_tab_whitespace,""),b=c.indexOf("#"),b>-1&&(m.fragment=c.substring(b+1)||null,c=c.substring(0,b)),b=c.indexOf("?"),b>-1&&(m.query=c.substring(b+1)||null,c=c.substring(0,b)),c=c.replace(/^(https?|ftp|wss?)?:+[/\\]*/i,"$1://"),c=c.replace(/^[/\\]{2,}/i,"//"),c.substring(0,2)==="//"?(m.protocol=null,c=c.substring(2),c=i.parseAuthority(c,m)):(b=c.indexOf(":"),b>-1&&(m.protocol=c.substring(0,b)||null,m.protocol&&!m.protocol.match(i.protocol_expression)?m.protocol=void 0:c.substring(b+1,b+3).replace(/\\/g,"/")==="//"?(c=c.substring(b+3),c=i.parseAuthority(c,m)):(c=c.substring(b+1),m.urn=!0))),m.path=c,m},i.parseHost=function(c,m){c||(c=""),c=c.replace(/\\/g,"/");var b=c.indexOf("/"),_,N;if(b===-1&&(b=c.length),c.charAt(0)==="[")_=c.indexOf("]"),m.hostname=c.substring(1,_)||null,m.port=c.substring(_+2,b)||null,m.port==="/"&&(m.port=null);else{var I=c.indexOf(":"),U=c.indexOf("/"),H=c.indexOf(":",I+1);H!==-1&&(U===-1||H<U)?(m.hostname=c.substring(0,b)||null,m.port=null):(N=c.substring(0,b).split(":"),m.hostname=N[0]||null,m.port=N[1]||null)}return m.hostname&&c.substring(b).charAt(0)!=="/"&&(b++,c="/"+c),m.preventInvalidHostname&&i.ensureValidHostname(m.hostname,m.protocol),m.port&&i.ensureValidPort(m.port),c.substring(b)||"/"},i.parseAuthority=function(c,m){return c=i.parseUserinfo(c,m),i.parseHost(c,m)},i.parseUserinfo=function(c,m){var b=c,_=c.indexOf("\\");_!==-1&&(c=c.replace(/\\/g,"/"));var N=c.indexOf("/"),I=c.lastIndexOf("@",N>-1?N:c.length-1),U;return I>-1&&(N===-1||I<N)?(U=c.substring(0,I).split(":"),m.username=U[0]?i.decode(U[0]):null,U.shift(),m.password=U[0]?i.decode(U.join(":")):null,c=b.substring(I+1)):(m.username=null,m.password=null),c},i.parseQuery=function(c,m){if(!c)return{};if(c=c.replace(/&+/g,"&").replace(/^\?*&*|&+$/g,""),!c)return{};for(var b={},_=c.split("&"),N=_.length,I,U,H,Z=0;Z<N;Z++)I=_[Z].split("="),U=i.decodeQuery(I.shift(),m),H=I.length?i.decodeQuery(I.join("="),m):null,U!=="__proto__"&&(h.call(b,U)?((typeof b[U]=="string"||b[U]===null)&&(b[U]=[b[U]]),b[U].push(H)):b[U]=H);return b},i.build=function(c){var m="",b=!1;return c.protocol&&(m+=c.protocol+":"),!c.urn&&(m||c.hostname)&&(m+="//",b=!0),m+=i.buildAuthority(c)||"",typeof c.path=="string"&&(c.path.charAt(0)!=="/"&&b&&(m+="/"),m+=c.path),typeof c.query=="string"&&c.query&&(m+="?"+c.query),typeof c.fragment=="string"&&c.fragment&&(m+="#"+c.fragment),m},i.buildHost=function(c){var m="";if(c.hostname)i.ip6_expression.test(c.hostname)?m+="["+c.hostname+"]":m+=c.hostname;else return"";return c.port&&(m+=":"+c.port),m},i.buildAuthority=function(c){return i.buildUserinfo(c)+i.buildHost(c)},i.buildUserinfo=function(c){var m="";return c.username&&(m+=i.encode(c.username)),c.password&&(m+=":"+i.encode(c.password)),m&&(m+="@"),m},i.buildQuery=function(c,m,b){var _="",N,I,U,H;for(I in c)if(I!=="__proto__"&&h.call(c,I))if(g(c[I]))for(N={},U=0,H=c[I].length;U<H;U++)c[I][U]!==void 0&&N[c[I][U]+""]===void 0&&(_+="&"+i.buildQueryParameter(I,c[I][U],b),m!==!0&&(N[c[I][U]+""]=!0));else c[I]!==void 0&&(_+="&"+i.buildQueryParameter(I,c[I],b));return _.substring(1)},i.buildQueryParameter=function(c,m,b){return i.encodeQuery(c,b)+(m!==null?"="+i.encodeQuery(m,b):"")},i.addQuery=function(c,m,b){if(typeof m=="object")for(var _ in m)h.call(m,_)&&i.addQuery(c,_,m[_]);else if(typeof m=="string"){if(c[m]===void 0){c[m]=b;return}else typeof c[m]=="string"&&(c[m]=[c[m]]);g(b)||(b=[b]),c[m]=(c[m]||[]).concat(b)}else throw new TypeError("URI.addQuery() accepts an object, string as the name parameter")},i.setQuery=function(c,m,b){if(typeof m=="object")for(var _ in m)h.call(m,_)&&i.setQuery(c,_,m[_]);else if(typeof m=="string")c[m]=b===void 0?null:b;else throw new TypeError("URI.setQuery() accepts an object, string as the name parameter")},i.removeQuery=function(c,m,b){var _,N,I;if(g(m))for(_=0,N=m.length;_<N;_++)c[m[_]]=void 0;else if(p(m)==="RegExp")for(I in c)m.test(I)&&(c[I]=void 0);else if(typeof m=="object")for(I in m)h.call(m,I)&&i.removeQuery(c,I,m[I]);else if(typeof m=="string")b!==void 0?p(b)==="RegExp"?!g(c[m])&&b.test(c[m])?c[m]=void 0:c[m]=y(c[m],b):c[m]===String(b)&&(!g(b)||b.length===1)?c[m]=void 0:g(c[m])&&(c[m]=y(c[m],b)):c[m]=void 0;else throw new TypeError("URI.removeQuery() accepts an object, string, RegExp as the first parameter")},i.hasQuery=function(c,m,b,_){switch(p(m)){case"String":break;case"RegExp":for(var N in c)if(h.call(c,N)&&m.test(N)&&(b===void 0||i.hasQuery(c,N,b)))return!0;return!1;case"Object":for(var I in m)if(h.call(m,I)&&!i.hasQuery(c,I,m[I]))return!1;return!0;default:throw new TypeError("URI.hasQuery() accepts a string, regular expression or object as the name parameter")}switch(p(b)){case"Undefined":return m in c;case"Boolean":var U=!!(g(c[m])?c[m].length:c[m]);return b===U;case"Function":return!!b(c[m],m,c);case"Array":if(!g(c[m]))return!1;var H=_?A:k;return H(c[m],b);case"RegExp":return g(c[m])?_?A(c[m],b):!1:!!(c[m]&&c[m].match(b));case"Number":b=String(b);case"String":return g(c[m])?_?A(c[m],b):!1:c[m]===b;default:throw new TypeError("URI.hasQuery() accepts undefined, boolean, string, number, RegExp, Function as the value parameter")}},i.joinPaths=function(){for(var c=[],m=[],b=0,_=0;_<arguments.length;_++){var N=new i(arguments[_]);c.push(N);for(var I=N.segment(),U=0;U<I.length;U++)typeof I[U]=="string"&&m.push(I[U]),I[U]&&b++}if(!m.length||!b)return new i("");var H=new i("").segment(m);return(c[0].path()===""||c[0].path().slice(0,1)==="/")&&H.path("/"+H.path()),H.normalize()},i.commonPath=function(c,m){var b=Math.min(c.length,m.length),_;for(_=0;_<b;_++)if(c.charAt(_)!==m.charAt(_)){_--;break}return _<1?c.charAt(0)===m.charAt(0)&&c.charAt(0)==="/"?"/":"":((c.charAt(_)!=="/"||m.charAt(_)!=="/")&&(_=c.substring(0,_).lastIndexOf("/")),c.substring(0,_+1))},i.withinString=function(c,m,b){b||(b={});var _=b.start||i.findUri.start,N=b.end||i.findUri.end,I=b.trim||i.findUri.trim,U=b.parens||i.findUri.parens,H=/[a-z0-9-]=["']?$/i;for(_.lastIndex=0;;){var Z=_.exec(c);if(!Z)break;var ae=Z.index;if(b.ignoreHtml){var Se=c.slice(Math.max(ae-3,0),ae);if(Se&&H.test(Se))continue}for(var ye=ae+c.slice(ae).search(N),Ee=c.slice(ae,ye),Te=-1;;){var Ne=U.exec(Ee);if(!Ne)break;var Pe=Ne.index+Ne[0].length;Te=Math.max(Te,Pe)}if(Te>-1?Ee=Ee.slice(0,Te)+Ee.slice(Te).replace(I,""):Ee=Ee.replace(I,""),!(Ee.length<=Z[0].length)&&!(b.ignore&&b.ignore.test(Ee))){ye=ae+Ee.length;var De=m(Ee,ae,ye,c);if(De===void 0){_.lastIndex=ye;continue}De=String(De),c=c.slice(0,ae)+De+c.slice(ye),_.lastIndex=ae+De.length}}return _.lastIndex=0,c},i.ensureValidHostname=function(c,m){var b=!!c,_=!!m,N=!1;if(_&&(N=A(i.hostProtocols,m)),N&&!b)throw new TypeError("Hostname cannot be empty, if protocol is "+m);if(c&&c.match(i.invalid_hostname_characters)){if(!t)throw new TypeError('Hostname "'+c+'" contains characters other than [A-Z0-9.-:_] and Punycode.js is not available');if(t.toASCII(c).match(i.invalid_hostname_characters))throw new TypeError('Hostname "'+c+'" contains characters other than [A-Z0-9.-:_]')}},i.ensureValidPort=function(c){if(c){var m=Number(c);if(!(a(m)&&m>0&&m<65536))throw new TypeError('Port "'+c+'" is not a valid port')}},i.noConflict=function(c){if(c){var m={URI:this.noConflict()};return r.URITemplate&&typeof r.URITemplate.noConflict=="function"&&(m.URITemplate=r.URITemplate.noConflict()),r.IPv6&&typeof r.IPv6.noConflict=="function"&&(m.IPv6=r.IPv6.noConflict()),r.SecondLevelDomains&&typeof r.SecondLevelDomains.noConflict=="function"&&(m.SecondLevelDomains=r.SecondLevelDomains.noConflict()),m}else r.URI===this&&(r.URI=o);return this},l.build=function(c){return c===!0?this._deferred_build=!0:(c===void 0||this._deferred_build)&&(this._string=i.build(this._parts),this._deferred_build=!1),this},l.clone=function(){return new i(this)},l.valueOf=l.toString=function(){return this.build(!1)._string};function Q(c){return function(m,b){return m===void 0?this._parts[c]||"":(this._parts[c]=m||null,this.build(!b),this)}}function oe(c,m){return function(b,_){return b===void 0?this._parts[c]||"":(b!==null&&(b=b+"",b.charAt(0)===m&&(b=b.substring(1))),this._parts[c]=b,this.build(!_),this)}}l.protocol=Q("protocol"),l.username=Q("username"),l.password=Q("password"),l.hostname=Q("hostname"),l.port=Q("port"),l.query=oe("query","?"),l.fragment=oe("fragment","#"),l.search=function(c,m){var b=this.query(c,m);return typeof b=="string"&&b.length?"?"+b:b},l.hash=function(c,m){var b=this.fragment(c,m);return typeof b=="string"&&b.length?"#"+b:b},l.pathname=function(c,m){if(c===void 0||c===!0){var b=this._parts.path||(this._parts.hostname?"/":"");return c?(this._parts.urn?i.decodeUrnPath:i.decodePath)(b):b}else return this._parts.urn?this._parts.path=c?i.recodeUrnPath(c):"":this._parts.path=c?i.recodePath(c):"/",this.build(!m),this},l.path=l.pathname,l.href=function(c,m){var b;if(c===void 0)return this.toString();this._string="",this._parts=i._parts();var _=c instanceof i,N=typeof c=="object"&&(c.hostname||c.path||c.pathname);if(c.nodeName){var I=i.getDomAttribute(c);c=c[I]||"",N=!1}if(!_&&N&&c.pathname!==void 0&&(c=c.toString()),typeof c=="string"||c instanceof String)this._parts=i.parse(String(c),this._parts);else if(_||N){var U=_?c._parts:c;for(b in U)b!=="query"&&h.call(this._parts,b)&&(this._parts[b]=U[b]);U.query&&this.query(U.query,!1)}else throw new TypeError("invalid input");return this.build(!m),this},l.is=function(c){var m=!1,b=!1,_=!1,N=!1,I=!1,U=!1,H=!1,Z=!this._parts.urn;switch(this._parts.hostname&&(Z=!1,b=i.ip4_expression.test(this._parts.hostname),_=i.ip6_expression.test(this._parts.hostname),m=b||_,N=!m,I=N&&n&&n.has(this._parts.hostname),U=N&&i.idn_expression.test(this._parts.hostname),H=N&&i.punycode_expression.test(this._parts.hostname)),c.toLowerCase()){case"relative":return Z;case"absolute":return!Z;case"domain":case"name":return N;case"sld":return I;case"ip":return m;case"ip4":case"ipv4":case"inet4":return b;case"ip6":case"ipv6":case"inet6":return _;case"idn":return U;case"url":return!this._parts.urn;case"urn":return!!this._parts.urn;case"punycode":return H}return null};var P=l.protocol,V=l.port,F=l.hostname;l.protocol=function(c,m){if(c&&(c=c.replace(/:(\/\/)?$/,""),!c.match(i.protocol_expression)))throw new TypeError('Protocol "'+c+`" contains characters other than [A-Z0-9.+-] or doesn't start with [A-Z]`);return P.call(this,c,m)},l.scheme=l.protocol,l.port=function(c,m){return this._parts.urn?c===void 0?"":this:(c!==void 0&&(c===0&&(c=null),c&&(c+="",c.charAt(0)===":"&&(c=c.substring(1)),i.ensureValidPort(c))),V.call(this,c,m))},l.hostname=function(c,m){if(this._parts.urn)return c===void 0?"":this;if(c!==void 0){var b={preventInvalidHostname:this._parts.preventInvalidHostname},_=i.parseHost(c,b);if(_!=="/")throw new TypeError('Hostname "'+c+'" contains characters other than [A-Z0-9.-]');c=b.hostname,this._parts.preventInvalidHostname&&i.ensureValidHostname(c,this._parts.protocol)}return F.call(this,c,m)},l.origin=function(c,m){if(this._parts.urn)return c===void 0?"":this;if(c===void 0){var b=this.protocol(),_=this.authority();return _?(b?b+"://":"")+this.authority():""}else{var N=i(c);return this.protocol(N.protocol()).authority(N.authority()).build(!m),this}},l.host=function(c,m){if(this._parts.urn)return c===void 0?"":this;if(c===void 0)return this._parts.hostname?i.buildHost(this._parts):"";var b=i.parseHost(c,this._parts);if(b!=="/")throw new TypeError('Hostname "'+c+'" contains characters other than [A-Z0-9.-]');return this.build(!m),this},l.authority=function(c,m){if(this._parts.urn)return c===void 0?"":this;if(c===void 0)return this._parts.hostname?i.buildAuthority(this._parts):"";var b=i.parseAuthority(c,this._parts);if(b!=="/")throw new TypeError('Hostname "'+c+'" contains characters other than [A-Z0-9.-]');return this.build(!m),this},l.userinfo=function(c,m){if(this._parts.urn)return c===void 0?"":this;if(c===void 0){var b=i.buildUserinfo(this._parts);return b&&b.substring(0,b.length-1)}else return c[c.length-1]!=="@"&&(c+="@"),i.parseUserinfo(c,this._parts),this.build(!m),this},l.resource=function(c,m){var b;return c===void 0?this.path()+this.search()+this.hash():(b=i.parse(c),this._parts.path=b.path,this._parts.query=b.query,this._parts.fragment=b.fragment,this.build(!m),this)},l.subdomain=function(c,m){if(this._parts.urn)return c===void 0?"":this;if(c===void 0){if(!this._parts.hostname||this.is("IP"))return"";var b=this._parts.hostname.length-this.domain().length-1;return this._parts.hostname.substring(0,b)||""}else{var _=this._parts.hostname.length-this.domain().length,N=this._parts.hostname.substring(0,_),I=new RegExp("^"+d(N));if(c&&c.charAt(c.length-1)!=="."&&(c+="."),c.indexOf(":")!==-1)throw new TypeError("Domains cannot contain colons");return c&&i.ensureValidHostname(c,this._parts.protocol),this._parts.hostname=this._parts.hostname.replace(I,c),this.build(!m),this}},l.domain=function(c,m){if(this._parts.urn)return c===void 0?"":this;if(typeof c=="boolean"&&(m=c,c=void 0),c===void 0){if(!this._parts.hostname||this.is("IP"))return"";var b=this._parts.hostname.match(/\./g);if(b&&b.length<2)return this._parts.hostname;var _=this._parts.hostname.length-this.tld(m).length-1;return _=this._parts.hostname.lastIndexOf(".",_-1)+1,this._parts.hostname.substring(_)||""}else{if(!c)throw new TypeError("cannot set domain empty");if(c.indexOf(":")!==-1)throw new TypeError("Domains cannot contain colons");if(i.ensureValidHostname(c,this._parts.protocol),!this._parts.hostname||this.is("IP"))this._parts.hostname=c;else{var N=new RegExp(d(this.domain())+"$");this._parts.hostname=this._parts.hostname.replace(N,c)}return this.build(!m),this}},l.tld=function(c,m){if(this._parts.urn)return c===void 0?"":this;if(typeof c=="boolean"&&(m=c,c=void 0),c===void 0){if(!this._parts.hostname||this.is("IP"))return"";var b=this._parts.hostname.lastIndexOf("."),_=this._parts.hostname.substring(b+1);return m!==!0&&n&&n.list[_.toLowerCase()]&&n.get(this._parts.hostname)||_}else{var N;if(c)if(c.match(/[^a-zA-Z0-9-]/))if(n&&n.is(c))N=new RegExp(d(this.tld())+"$"),this._parts.hostname=this._parts.hostname.replace(N,c);else throw new TypeError('TLD "'+c+'" contains characters other than [A-Z0-9]');else{if(!this._parts.hostname||this.is("IP"))throw new ReferenceError("cannot set TLD on non-domain host");N=new RegExp(d(this.tld())+"$"),this._parts.hostname=this._parts.hostname.replace(N,c)}else throw new TypeError("cannot set TLD empty");return this.build(!m),this}},l.directory=function(c,m){if(this._parts.urn)return c===void 0?"":this;if(c===void 0||c===!0){if(!this._parts.path&&!this._parts.hostname)return"";if(this._parts.path==="/")return"/";var b=this._parts.path.length-this.filename().length-1,_=this._parts.path.substring(0,b)||(this._parts.hostname?"/":"");return c?i.decodePath(_):_}else{var N=this._parts.path.length-this.filename().length,I=this._parts.path.substring(0,N),U=new RegExp("^"+d(I));return this.is("relative")||(c||(c="/"),c.charAt(0)!=="/"&&(c="/"+c)),c&&c.charAt(c.length-1)!=="/"&&(c+="/"),c=i.recodePath(c),this._parts.path=this._parts.path.replace(U,c),this.build(!m),this}},l.filename=function(c,m){if(this._parts.urn)return c===void 0?"":this;if(typeof c!="string"){if(!this._parts.path||this._parts.path==="/")return"";var b=this._parts.path.lastIndexOf("/"),_=this._parts.path.substring(b+1);return c?i.decodePathSegment(_):_}else{var N=!1;c.charAt(0)==="/"&&(c=c.substring(1)),c.match(/\.?\//)&&(N=!0);var I=new RegExp(d(this.filename())+"$");return c=i.recodePath(c),this._parts.path=this._parts.path.replace(I,c),N?this.normalizePath(m):this.build(!m),this}},l.suffix=function(c,m){if(this._parts.urn)return c===void 0?"":this;if(c===void 0||c===!0){if(!this._parts.path||this._parts.path==="/")return"";var b=this.filename(),_=b.lastIndexOf("."),N,I;return _===-1?"":(N=b.substring(_+1),I=/^[a-z0-9%]+$/i.test(N)?N:"",c?i.decodePathSegment(I):I)}else{c.charAt(0)==="."&&(c=c.substring(1));var U=this.suffix(),H;if(U)c?H=new RegExp(d(U)+"$"):H=new RegExp(d("."+U)+"$");else{if(!c)return this;this._parts.path+="."+i.recodePath(c)}return H&&(c=i.recodePath(c),this._parts.path=this._parts.path.replace(H,c)),this.build(!m),this}},l.segment=function(c,m,b){var _=this._parts.urn?":":"/",N=this.path(),I=N.substring(0,1)==="/",U=N.split(_);if(c!==void 0&&typeof c!="number"&&(b=m,m=c,c=void 0),c!==void 0&&typeof c!="number")throw new Error('Bad segment "'+c+'", must be 0-based integer');if(I&&U.shift(),c<0&&(c=Math.max(U.length+c,0)),m===void 0)return c===void 0?U:U[c];if(c===null||U[c]===void 0)if(g(m)){U=[];for(var H=0,Z=m.length;H<Z;H++)!m[H].length&&(!U.length||!U[U.length-1].length)||(U.length&&!U[U.length-1].length&&U.pop(),U.push(j(m[H])))}else(m||typeof m=="string")&&(m=j(m),U[U.length-1]===""?U[U.length-1]=m:U.push(m));else m?U[c]=j(m):U.splice(c,1);return I&&U.unshift(""),this.path(U.join(_),b)},l.segmentCoded=function(c,m,b){var _,N,I;if(typeof c!="number"&&(b=m,m=c,c=void 0),m===void 0){if(_=this.segment(c,m,b),!g(_))_=_!==void 0?i.decode(_):void 0;else for(N=0,I=_.length;N<I;N++)_[N]=i.decode(_[N]);return _}if(!g(m))m=typeof m=="string"||m instanceof String?i.encode(m):m;else for(N=0,I=m.length;N<I;N++)m[N]=i.encode(m[N]);return this.segment(c,m,b)};var M=l.query;return l.query=function(c,m){if(c===!0)return i.parseQuery(this._parts.query,this._parts.escapeQuerySpace);if(typeof c=="function"){var b=i.parseQuery(this._parts.query,this._parts.escapeQuerySpace),_=c.call(this,b);return this._parts.query=i.buildQuery(_||b,this._parts.duplicateQueryParameters,this._parts.escapeQuerySpace),this.build(!m),this}else return c!==void 0&&typeof c!="string"?(this._parts.query=i.buildQuery(c,this._parts.duplicateQueryParameters,this._parts.escapeQuerySpace),this.build(!m),this):M.call(this,c,m)},l.setQuery=function(c,m,b){var _=i.parseQuery(this._parts.query,this._parts.escapeQuerySpace);if(typeof c=="string"||c instanceof String)_[c]=m!==void 0?m:null;else if(typeof c=="object")for(var N in c)h.call(c,N)&&(_[N]=c[N]);else throw new TypeError("URI.addQuery() accepts an object, string as the name parameter");return this._parts.query=i.buildQuery(_,this._parts.duplicateQueryParameters,this._parts.escapeQuerySpace),typeof c!="string"&&(b=m),this.build(!b),this},l.addQuery=function(c,m,b){var _=i.parseQuery(this._parts.query,this._parts.escapeQuerySpace);return i.addQuery(_,c,m===void 0?null:m),this._parts.query=i.buildQuery(_,this._parts.duplicateQueryParameters,this._parts.escapeQuerySpace),typeof c!="string"&&(b=m),this.build(!b),this},l.removeQuery=function(c,m,b){var _=i.parseQuery(this._parts.query,this._parts.escapeQuerySpace);return i.removeQuery(_,c,m),this._parts.query=i.buildQuery(_,this._parts.duplicateQueryParameters,this._parts.escapeQuerySpace),typeof c!="string"&&(b=m),this.build(!b),this},l.hasQuery=function(c,m,b){var _=i.parseQuery(this._parts.query,this._parts.escapeQuerySpace);return i.hasQuery(_,c,m,b)},l.setSearch=l.setQuery,l.addSearch=l.addQuery,l.removeSearch=l.removeQuery,l.hasSearch=l.hasQuery,l.normalize=function(){return this._parts.urn?this.normalizeProtocol(!1).normalizePath(!1).normalizeQuery(!1).normalizeFragment(!1).build():this.normalizeProtocol(!1).normalizeHostname(!1).normalizePort(!1).normalizePath(!1).normalizeQuery(!1).normalizeFragment(!1).build()},l.normalizeProtocol=function(c){return typeof this._parts.protocol=="string"&&(this._parts.protocol=this._parts.protocol.toLowerCase(),this.build(!c)),this},l.normalizeHostname=function(c){return this._parts.hostname&&(this.is("IDN")&&t?this._parts.hostname=t.toASCII(this._parts.hostname):this.is("IPv6")&&s&&(this._parts.hostname=s.best(this._parts.hostname)),this._parts.hostname=this._parts.hostname.toLowerCase(),this.build(!c)),this},l.normalizePort=function(c){return typeof this._parts.protocol=="string"&&this._parts.port===i.defaultPorts[this._parts.protocol]&&(this._parts.port=null,this.build(!c)),this},l.normalizePath=function(c){var m=this._parts.path;if(!m)return this;if(this._parts.urn)return this._parts.path=i.recodeUrnPath(this._parts.path),this.build(!c),this;if(this._parts.path==="/")return this;m=i.recodePath(m);var b,_="",N,I;for(m.charAt(0)!=="/"&&(b=!0,m="/"+m),(m.slice(-3)==="/.."||m.slice(-2)==="/.")&&(m+="/"),m=m.replace(/(\/(\.\/)+)|(\/\.$)/g,"/").replace(/\/{2,}/g,"/"),b&&(_=m.substring(1).match(/^(\.\.\/)+/)||"",_&&(_=_[0]));N=m.search(/\/\.\.(\/|$)/),N!==-1;){if(N===0){m=m.substring(3);continue}I=m.substring(0,N).lastIndexOf("/"),I===-1&&(I=N),m=m.substring(0,I)+m.substring(N+3)}return b&&this.is("relative")&&(m=_+m.substring(1)),this._parts.path=m,this.build(!c),this},l.normalizePathname=l.normalizePath,l.normalizeQuery=function(c){return typeof this._parts.query=="string"&&(this._parts.query.length?this.query(i.parseQuery(this._parts.query,this._parts.escapeQuerySpace)):this._parts.query=null,this.build(!c)),this},l.normalizeFragment=function(c){return this._parts.fragment||(this._parts.fragment=null,this.build(!c)),this},l.normalizeSearch=l.normalizeQuery,l.normalizeHash=l.normalizeFragment,l.iso8859=function(){var c=i.encode,m=i.decode;i.encode=escape,i.decode=decodeURIComponent;try{this.normalize()}finally{i.encode=c,i.decode=m}return this},l.unicode=function(){var c=i.encode,m=i.decode;i.encode=C,i.decode=unescape;try{this.normalize()}finally{i.encode=c,i.decode=m}return this},l.readable=function(){var c=this.clone();c.username("").password("").normalize();var m="";if(c._parts.protocol&&(m+=c._parts.protocol+"://"),c._parts.hostname&&(c.is("punycode")&&t?(m+=t.toUnicode(c._parts.hostname),c._parts.port&&(m+=":"+c._parts.port)):m+=c.host()),c._parts.hostname&&c._parts.path&&c._parts.path.charAt(0)!=="/"&&(m+="/"),m+=c.path(!0),c._parts.query){for(var b="",_=0,N=c._parts.query.split("&"),I=N.length;_<I;_++){var U=(N[_]||"").split("=");b+="&"+i.decodeQuery(U[0],this._parts.escapeQuerySpace).replace(/&/g,"%26"),U[1]!==void 0&&(b+="="+i.decodeQuery(U[1],this._parts.escapeQuerySpace).replace(/&/g,"%26"))}m+="?"+b.substring(1)}return m+=i.decodeQuery(c.hash(),!0),m},l.absoluteTo=function(c){var m=this.clone(),b=["protocol","username","password","hostname","port"],_,N,I;if(this._parts.urn)throw new Error("URNs do not have any generally defined hierarchical components");if(c instanceof i||(c=new i(c)),m._parts.protocol||(m._parts.protocol=c._parts.protocol,this._parts.hostname))return m;for(N=0;I=b[N];N++)m._parts[I]=c._parts[I];return m._parts.path?(m._parts.path.substring(-2)===".."&&(m._parts.path+="/"),m.path().charAt(0)!=="/"&&(_=c.directory(),_=_||(c.path().indexOf("/")===0?"/":""),m._parts.path=(_?_+"/":"")+m._parts.path,m.normalizePath())):(m._parts.path=c._parts.path,m._parts.query||(m._parts.query=c._parts.query)),m.build(),m},l.relativeTo=function(c){var m=this.clone().normalize(),b,_,N,I,U;if(m._parts.urn)throw new Error("URNs do not have any generally defined hierarchical components");if(c=new i(c).normalize(),b=m._parts,_=c._parts,I=m.path(),U=c.path(),I.charAt(0)!=="/")throw new Error("URI is already relative");if(U.charAt(0)!=="/")throw new Error("Cannot calculate a URI relative to another relative URI");if(b.protocol===_.protocol&&(b.protocol=null),b.username!==_.username||b.password!==_.password||b.protocol!==null||b.username!==null||b.password!==null)return m.build();if(b.hostname===_.hostname&&b.port===_.port)b.hostname=null,b.port=null;else return m.build();if(I===U)return b.path="",m.build();if(N=i.commonPath(I,U),!N)return m.build();var H=_.path.substring(N.length).replace(/[^\/]*$/,"").replace(/.*?\//g,"../");return b.path=H+b.path.substring(N.length)||"./",m.build()},l.equals=function(c){var m=this.clone(),b=new i(c),_={},N={},I={},U,H,Z;if(m.normalize(),b.normalize(),m.toString()===b.toString())return!0;if(U=m.query(),H=b.query(),m.query(""),b.query(""),m.toString()!==b.toString()||U.length!==H.length)return!1;_=i.parseQuery(U,this._parts.escapeQuerySpace),N=i.parseQuery(H,this._parts.escapeQuerySpace);for(Z in _)if(h.call(_,Z)){if(g(_[Z])){if(!k(_[Z],N[Z]))return!1}else if(_[Z]!==N[Z])return!1;I[Z]=!0}for(Z in N)if(h.call(N,Z)&&!I[Z])return!1;return!0},l.preventInvalidHostname=function(c){return this._parts.preventInvalidHostname=!!c,this},l.duplicateQueryParameters=function(c){return this._parts.duplicateQueryParameters=!!c,this},l.escapeQuerySpace=function(c){return this._parts.escapeQuerySpace=!!c,this},i})})(Bu);var Ude=Bu.exports;const Tn=qs(Ude);class ho{constructor(t){Object.assign(this,t),this.original=t,this.time=parseFloat(this.time),this.responseDuration=parseFloat(this.responseDuration),this.responseDurationRounded=this.responseDuration?Math.round(this.responseDuration):0,this.databaseDurationRounded=this.databaseDuration?Math.round(this.databaseDuration):0,this.memoryUsageFormatted=this.memoryUsage?this.formatBytes(this.memoryUsage):void 0,this.processCacheStats(),this.cacheQueries=this.processCacheQueries(this.cacheQueries),this.cookies=this.createKeypairs(this.cookies),this.middleware=this.middleware instanceof Array?this.middleware:[],this.processDatabase(),this.processModels(),this.notifications=this.processNotifications(this.notifications,this.emailsData),this.processHttpRequests(),this.events=this.processEvents(this.events),this.getData=this.createKeypairs(this.getData),this.requestData=this.requestData instanceof Object?this.createKeypairs(this.requestData,!1):this.requestData,this.headers=this.processHeaders(this.headers),this.log=We(this.processLog(this.log)),this.postData=this.createKeypairs(this.postData),this.queueJobs=this.processQueueJobs(this.queueJobs),this.redisCommands=this.processRedisCommands(this.redisCommands),this.sessionData=this.createKeypairs(this.sessionData),this.performanceMetrics=this.processPerformanceMetrics(this.performanceMetrics),this.viewsData=this.processViews(this.viewsData),this.userData=this.processUserData(this.userData),this.timeline=this.processTimeline(this.timelineData),this.clientMetrics=this.processClientMetrics(this.clientMetrics),this.webVitals=this.processWebVitals(this.webVitals),this.processCommand(),this.processQueueJob(),this.processTest(),this.errorsCount=this.getErrorsCount(),this.warningsCount=this.getWarningsCount(),this.exceptions=We(this.processExceptions()),this.loadClientMetricsAttempts=0}static placeholder(t,s,n){return Object.assign(new ho({loading:!0,id:t,uri:s?new Tn(s.url).pathname():"/",controller:"Waiting...",method:s?s.method:"GET",responseStatus:"?",parent:n}),{responseDurationRounded:"?",databaseDurationRounded:"?"})}resolve(t,s){return Object.assign(this,s?Lde(t,s):t,{loading:!1,error:void 0,original:Object.assign(this.original,t.original)})}resolveWithError(t){return Object.assign(this,{loading:!1,error:t})}loadClientMetrics(t){this.isRequest()&&(this.clientMetrics.some(s=>s.value)&&Object.values(this.webVitals).some(s=>s.value)||this.loadClientMetricsTimeout||++this.loadClientMetricsAttempts>4||(this.loadClientMetricsTimeout=setTimeout(()=>{t.findId(this.id)&&t.loadId(this.id,["clientMetrics","webVitals"]).then(()=>{this.loadClientMetricsTimeout=void 0,this.loadClientMetrics(t)})},2500)))}isClientError(){return this.responseStatus>=400&&this.responseStatus<500}isServerError(){return this.responseStatus>=500&&this.responseStatus<600}isAjax(){return this.headers.find(t=>t.name=="X-Requested-With"&&t.value=="XMLHttpRequest")}isRequest(){return this.type=="request"||!this.type}isCommand(){return this.type=="command"}isCommandError(){return this.commandExitCode==1}isCommandWarning(){return this.commandExitCode>1}isQueueJob(){return this.type=="queue-job"}isQueueJobError(){return this.jobStatus=="failed"}isQueueJobWarning(){return this.jobStatus=="released"}isTest(){return this.type=="test"}isTestError(){return["failed","error"].includes(this.testStatus)}isTestWarning(){return["warning"].includes(this.testStatus)}get tooltip(){return this.isCommand()?`[CMD] ${this.commandName} (${this.commandLine})`:this.isQueueJob()?`[QUEUE] ${this.jobName} (${this.jobDescription})`:this.isTest()?`[TEST] ${this.testGroup} (${this.testName})`:`${this.method} ${this.uri} (${this.controller})`}createKeypairs(t,s=!0){if(!(t instanceof Object))return[];let n=Object.keys(t).map(r=>({name:r,value:t[r]}));return s&&(n=n.sort((r,o)=>r.name.localeCompare(o.name))),n}processCacheStats(){this.cacheDeletes=parseInt(this.cacheDeletes||0),this.cacheHits=parseInt(this.cacheHits||0),this.cacheReads=parseInt(this.cacheReads||0),this.cacheWrites=parseInt(this.cacheWrites||0),this.cacheMisses=this.cacheReads&&this.cacheHits?this.cacheReads-this.cacheHits:null,this.cacheTime=parseFloat(this.cacheTime||0),this.cacheTimeRounded=Math.round(this.cacheTime)}processCacheQueries(t){return t instanceof Array?t.map(s=>(s.expiration=s.expiration?this.formatTime(s.expiration):void 0,s.value=s.value!==void 0?s.value:"",s)):[]}processClientMetrics(t){return t=this.enforceObject(t),[{name:"Redirect",value:t.redirect},{name:"DNS",value:t.dns,color:"purple",onChart:!0},{name:"Connection",value:t.connection,color:"blue",onChart:!0},{name:"Waiting",value:t.waiting,color:"red",onChart:!0},{name:"Receiving",value:t.receiving,color:"green",onChart:!0},{name:"To interactive",value:t.domInteractive,color:"blue",onChart:!0,dom:!0},{name:"To complete",value:t.domComplete,color:"purple",onChart:!0,dom:!0}]}processDatabase(){this.databaseQueries=this.processDatabaseQueries(this.databaseQueries),this.databaseQueriesCount=parseInt(this.databaseQueriesCount)||this.databaseQueries.length,this.databaseSlowQueries=parseInt(this.databaseSlowQueries)||this.databaseQueries.filter(t=>t.tags.includes("slow")).length,this.databaseSelects=parseInt(this.databaseSelects)||this.databaseQueries.filter(t=>t.query.match(/^select /i)).length,this.databaseInserts=parseInt(this.databaseInserts)||this.databaseQueries.filter(t=>t.query.match(/^insert /i)).length,this.databaseUpdates=parseInt(this.databaseUpdates)||this.databaseQueries.filter(t=>t.query.match(/^update /i)).length,this.databaseDeletes=parseInt(this.databaseDeletes)||this.databaseQueries.filter(t=>t.query.match(/^delete /i)).length,this.databaseOthers=parseInt(this.databaseOthers)||this.databaseQueries.filter(t=>!t.query.match(/^(select|insert|update|delete) /i)).length,this.databaseDuration=parseFloat(this.databaseDuration||0)}processDatabaseQueries(t){return t instanceof Array?t.map(s=>{s.model=s.model||"-",s.shortModel=s.model?s.model.split("\\").pop():"-",s.tags=s.tags instanceof Array?s.tags:[],s.bindings=this.optionalNonEmptyObject(s.bindings),s.prettifiedQuery=Dde.format(s.query);let n,r=s.query.trim();return(n=r.match(/^SELECT\s[\s\S]*?\sFROM\s+([A-Za-z-_'".]+)/i))?s.shortQuery=`SELECT FROM ${n[1].replaceAll(/['"]/g,"")}`:(n=r.match(/^INSERT\s+INTO\s+([A-Za-z-_'".]+)/i))?s.shortQuery=`INSERT INTO ${n[1].replaceAll(/['"]/g,"")}`:(n=r.match(/^UPDATE\s+([A-Za-z-_'".]+)/i))?s.shortQuery=`UPDATE ${n[1].replaceAll(/['"]/g,"")}`:(n=r.match(/^DELETE\s+FROM\s+([A-Za-z-_'".]+)/i))?s.shortQuery=`DELETE FROM ${n[1].replaceAll(/['"]/g,"")}`:s.shortQuery=r,s}):[]}processNotifications(t,s){return s=Object.values(this.optionalNonEmptyObject(s,{})).filter(n=>n.data instanceof Object).map(n=>({subject:n.data.subject,to:[n.data.to],from:[n.data.from],time:n.start,duration:n.duration,type:"mail",data:[]})),this.enforceArray(t).concat(s).map(function(n){return n.isShowingDetails=!1,n})}processHttpRequests(){this.httpRequests=this.enforceArray(this.httpRequests).map(t=>{var n;let s;return(s=t.request.url.match(/(.+?:\/\/)(.+?)(\/.+?)?(\?.+)?$/))?t.request.url={full:t.request.url,scheme:s[1],host:s[2],path:s[3],query:s[4]}:t.request.url={full:t.request.url},(n=t.response)!=null&&n.status&&(t.response.statusMessage=$de[t.response.status].message),t})}processEvents(t){return t instanceof Array?t.map(s=>(s.objectEvent=s.data instanceof Object&&s.event==s.data.__class__,s.time=s.time?new Date(s.time*1e3):void 0,s.listeners=s.listeners instanceof Array?s.listeners:[],s.listeners=s.listeners.map(n=>{let r,o;return(o=n.match(/Closure \(.*[\/\\](.+?:\d+)-\d+\)/))?r="Closure ("+o[1]+")":r=n.split(/[\/\\]/).pop(),{name:n,shortName:r}}),s)):[]}processExceptions(){let t=this.log.length?this.log[this.log.length-1].exception:null;if(this.isRequest()&&!this.isServerError()||!t)return[];t=Nu(t);let s=t;do s.trace=[{call:`${s.type}()`,file:s.file,line:s.line,isVendor:!1},...s.trace];while(s=s.previous);return[t]}processHeaders(t){return t instanceof Object?Object.keys(t).map(s=>{let n=t[s];return s=s.split("-").map(r=>r.charAt(0).toUpperCase()+r.slice(1).toLowerCase()).join("-"),{name:s,value:n}}).reduce((s,n)=>(n=n.value instanceof Array?n.value.map(r=>({name:n.name,value:r})):[n],s.concat(n)),[]).sort((s,n)=>s.name.localeCompare(n.name)):[]}processLog(t){return t instanceof Array?t.map(s=>(s.exception&&(s.file=s.exception.file,s.line=s.exception.line,s.trace=s.exception.trace),s.time=new Date(s.time*1e3),s.context=s.context instanceof Object&&Object.keys(s.context).filter(n=>n!="__type__").length?s.context:void 0,s)):[]}processModels(){this.modelsActions=this.processModelsActions(this.modelsActions)}processModelsActions(t){return this.enforceArray(t).map(s=>(s.shortModel=s.model?s.model.split("\\").pop():"",s.attributes=this.optionalNonEmptyObject(s.attributes),s.changes=this.optionalNonEmptyObject(s.changes),s.tags=this.enforceArray(s.tags),s.bindings=this.optionalNonEmptyObject(s.bindings),s.isShowingDetails=!1,s))}processPerformanceMetrics(t){if(!t)return[{name:"App",value:(this.responseDurationRounded||0)-(this.databaseDurationRounded||0)-(this.cacheTimeRounded||0),color:"blue"},{name:"DB",value:this.databaseDurationRounded,color:"red"},{name:"Cache",value:this.cacheTimeRounded,color:"green"}].filter(n=>n.value>0);t=t.filter(n=>n instanceof Object).map((n,r)=>(n.color=n.color||"purple",n));let s=t.reduce((n,r)=>n+r.value,0);return t.push({name:"Other",value:this.responseDurationRounded-s,color:"purple"}),t}processQueueJobs(t){return t instanceof Array?t.map(s=>(s.shortName=s.name.split("\\").pop(),s)):[]}processRedisCommands(t){return t instanceof Array?t:[]}processTest(){this.testName&&([this.testGroup,this.testName]=this.testName.includes("::")?this.testName.split("::"):[this.testName,""])}processTimeline(t){let s=new Ur(Object.values(this.optionalNonEmptyObject(t,{})),this.time,this.time+this.responseDuration);return t&&!t.total&&s.appendTotalEvent(),this.databaseQueries.forEach(n=>s.append({start:n.time,duration:n.duration,name:n.shortQuery,description:n.query,color:"red",tags:["databaseQueries"]})),this.events.forEach(n=>s.append({start:n.time,duration:n.duration,description:n.event,color:"purple",tags:["events"]})),this.cacheQueries.forEach(n=>s.append({start:n.time,duration:n.duration,description:`${n.type.toUpperCase()} ${n.key}`,color:"green",tags:["cacheQueries"]})),this.redisCommands.forEach(n=>s.append({start:n.time,duration:n.duration,description:`${n.command} ${Object.values(n.parameters).join(" ")}`,color:"green",tags:["redisCommands"]})),this.queueJobs.forEach(n=>s.append({start:n.time,duration:n.duration,description:n.name,color:"purple",tags:["queueJobs"]})),this.notifications.forEach(n=>s.append({start:n.time,duration:n.duration,description:`${n.to} - ${n.subject}`,color:"purple",tags:["notifications"]})),this.httpRequests.forEach(n=>s.append({start:n.time,duration:n.duration,description:`${n.request.method} ${n.request.url.full}`,color:"purple",tags:["httpRequests"]})),s.merge(this.viewsData),s}processViews(t){let s=Object.values(this.optionalNonEmptyObject(t,{})).map(n=>{var r,o,i,a;return{start:n.start,duration:n.duration,name:((r=n.data)==null?void 0:r.name)||n.description,description:(((o=n.data)==null?void 0:o.name)||n.description)+((i=n.data)!=null&&i.memoryUsage?` (${this.formatBytes(n.data.memoryUsage)})`:""),data:this.optionalNonEmptyObject((a=n.data)==null?void 0:a.data),color:"purple",tags:["views"]}});return new Ur(s,this.time,this.time+this.responseDuration)}processUserData(t){if(!(t instanceof Object))return[];let s=([r,o])=>r!="__meta",n=r=>([o,i])=>({key:r[o]||o,value:i});return Object.entries(t).filter(([r,o])=>o instanceof Object||o.__meta||o.__meta.title).map(([r,o])=>({key:r,title:o.__meta.title,sections:Object.entries(o).filter(s).map(([i,a])=>{let l=a.__meta.labels||{};return{data:a.__meta.showAs=="counters"?Object.entries(a).filter(s).map(n(l)):Object.entries(a).filter(s).map(([d,p])=>Object.entries(p).map(n(l))),showAs:a.__meta.showAs,title:a.__meta.title}})}))}processWebVitals(t){t=this.enforceObject(t);let s={cls:{slow:7300,moderate:3800},fid:{slow:300,moderate:100},lcp:{slow:4e3,moderate:2e3},fcp:{slow:4e3,moderate:2e3},ttfb:{slow:600,moderate:600},si:{slow:5800,moderate:4300}};return Object.keys(s).forEach(n=>{let r=t[n],o="fast",i=!isNaN(parseFloat(r));r>s[n].slow?o="slow":r>s[n].moderate&&(o="moderate"),t[n]={value:r,score:o,available:i}}),t}processCommand(){this.commandLine="",this.commandLine+=Object.values(this.commandArguments||{}).filter(t=>t).join(" "),this.commandLine+=Object.entries(this.commandOptions||{}).reduce((t,[s,n])=>t+(n===!0?` --${s}`:` --${s}=${n}`),""),this.commandArgumentsMerged=this.createKeypairs(Object.assign({},this.commandArgumentsDefaults||{},this.commandArguments||{}),!1),this.commandOptionsMerged=this.createKeypairs(Object.assign({},this.commandOptionsDefaults||{},this.commandOptions||{}),!1)}processQueueJob(){this.jobOptions=this.createKeypairs(this.jobOptions)}getErrorsCount(){return this.log.reduce((t,s)=>s.level=="error"?t+1:t,0)}getWarningsCount(){return this.log.filter(t=>t.level=="warning").length+this.databaseSlowQueries}formatTime(t){let s=Math.floor(t/60),n=Math.floor(s/60);t=t%60,s=s%60;let r=[];return n&&r.push(n+"h"),s&&r.push(s+"min"),t&&r.push(t+"sec"),r.join(" ")}formatBytes(t){let s=["B","kB","MB","GB","TB","PB"],n=Math.floor(Math.log(t)/Math.log(1024));return`${Math.round(t/Math.round(Math.pow(1024,n)))} ${s[n]}`}enforceArray(t){return t instanceof Array?t:[]}enforceObject(t){return t instanceof Object&&Object.keys(t).filter(s=>s!="__type__").length?t:{}}optionalNonEmptyObject(t,s){return t instanceof Object&&Object.keys(t).filter(n=>n!="__type__").length?t:s}}const Fde=(...e)=>We(new ho(...e));function Jn(...e){return We(ho.placeholder(...e))}class ln{get api(){return chrome||browser}static runningAsExtension(){return typeof chrome=="object"&&chrome.devtools||typeof browser=="object"&&browser.devtools}init(t){this.global=t,this.requests=t.$requests,this.profiler=t.$profiler,this.settings=t.$settings,this.updateNotification=t.$updateNotification,this.lastPolledId=null,this.useProperTheme(),this.setMetadataUrl(),this.setMetadataClient(),this.listenToRequests(),this.throttlePolling(),this.loadLastRequest()}useProperTheme(){this.api.devtools.panels.themeName==="dark"&&(this.settings.defaultAppearance="dark")}setMetadataUrl(){this.resolveTabUrl().then(t=>this.requests.setRemote(t))}setMetadataClient(){this.requests.setClient((t,s,n,r)=>this.profiler.withoutProfiling(()=>this.fetch(t,s,n,r).then(({response:o,data:i})=>{if(o){if(o.status==403)throw{error:"requires-authentication",message:i.message,requires:i.requires};if(o.status!=200)throw{error:"error-response",message:"Server returned an error response."};if(!s.includes("only=")&&!(i instanceof Array)&&(!(i instanceof Object)||!Object.keys(i).length))throw{error:"empty-response",message:"Server returned an empty metadata."}}else throw{error:"network-error",message:"This can be caused by a network error, misconfigured web server or an invalid SSL certificate."};return i})))}fetch(t,s,n={},r={}){return new Promise((o,i)=>{this.api.runtime.sendMessage({action:"fetch",method:t,url:s,data:n,headers:r},a=>o(a))})}setCookie(t,s,n){return this.resolveTabUrl().then(r=>{this.api.runtime.sendMessage({action:"setCookie",url:r,name:t,value:s,path:"/",expirationDate:Math.floor(Date.now()/1e3)+n})})}getCookie(t){return this.resolveTabUrl().then(s=>new Promise((n,r)=>{this.api.runtime.sendMessage({action:"getCookie",url:s,name:t},o=>n(o))}))}resolveTabUrl(){return new Promise((t,s)=>{this.api.runtime.sendMessage({action:"getTabUrl",tabId:this.api.devtools.inspectedWindow.tabId},n=>t(n))})}listenToRequests(){this.api.runtime.onMessage.addListener(t=>{if(t.action!=="requestCompleted"||navigator.userAgent.toLowerCase().indexOf("firefox/57.0")===-1&&t.request.tabId!=this.api.devtools.inspectedWindow.tabId)return;let s=this.parseHeaders(t.request.responseHeaders);if(!s)return;this.updateNotification.serverVersion=s.version,this.requests.setRemote(t.request.url,s);let n=Jn(s.id,t.request);this.requests.loadId(s.id,null,n).then(()=>this.retryLoading(n)),s.subrequests.forEach(r=>{this.requests.setRemote(r.url,{path:r.path}),this.requests.loadId(r.id,null,Jn(r.id,r,n))}),this.requests.setRemote(t.request.url,s)}),(!this.settings.global.hideCommandTypeRequests||!this.settings.global.hideQueueJobTypeRequests||!this.settings.global.hideTestTypeRequests)&&this.startPollingRequests(),this.api.runtime.onMessage.addListener(t=>{t.action==="navigationStarted"&&(this.settings.global.preserveLog||t.details.tabId==this.api.devtools.inspectedWindow.tabId&&this.requests.clear())})}loadLastRequest(){this.api.runtime.sendMessage({action:"getLastTappedRequestInTab",tabId:this.api.devtools.inspectedWindow.tabId},t=>{if(!t)return;let s=this.parseHeaders(t.responseHeaders);this.updateNotification.serverVersion=s.version,this.requests.setRemote(t.url,s),this.requests.loadId(s.id,null,Jn(s.id,t)),(!this.settings.global.hideCommandTypeRequests||!this.settings.global.hideQueueJobTypeRequests||!this.settings.global.hideTestTypeRequests)&&this.startPollingRequests()})}parseHeaders(t){let s,n=(s=t.find(l=>l.name.toLowerCase()=="x-clockwork-id"||l.name.toLowerCase()=="x-tapped-id"))?s.value:void 0,r=(s=t.find(l=>l.name.toLowerCase()=="x-clockwork-path"||l.name.toLowerCase()=="x-tapped-path"))?s.value:void 0,o=(s=t.find(l=>l.name.toLowerCase()=="x-clockwork-version"||l.name.toLowerCase()=="x-tapped-version"))?s.value:void 0;if(!n)return;let i={};t.forEach(l=>{if(l.name.toLowerCase().indexOf("x-clockwork-header-")===0||l.name.toLowerCase().indexOf("x-tapped-header-")===0){let h=l.name.replace(/^x-(clockwork|tapped)-header-/i,"");i[h]=l.value}});let a=t.filter(l=>l.name.toLowerCase()=="x-clockwork-subrequest"||l.name.toLowerCase()=="x-tapped-subrequest").reduce((l,h)=>l.concat(h.value.split(",").map(d=>{let p=d.trim().split(";");return{id:p[0],url:decodeURIComponent(p[1]),path:decodeURIComponent(p[2])}})),[]);return{id:n,path:r,version:o,headers:i,subrequests:a}}retryLoading(t,s=0){t.error&&(s>3||setTimeout(()=>this.requests.loadId(t.id).then(()=>this.retryLoading(t,s+1)),(s+1)*(s+1)*100))}startPollingRequests(){var t;this.pollingInterval=1e3,this.isPolling=!0,this.lastPolledId=(t=this.requests.last())==null?void 0:t.id,this.pollTimeout||this.pollRequests()}stopPollingRequests(){this.isPolling=!1,clearTimeout(this.pollTimeout),this.pollTimeout=null}pollRequests(){clearTimeout(this.pollTimeout);let t=[this.settings.global.hideCommandTypeRequests?null:"command",this.settings.global.hideQueueJobTypeRequests?null:"queue-job",this.settings.global.hideTestTypeRequests?null:"test"].filter(Boolean);this.requests.withQuery({"type[]":t},()=>{this.requests.loadNext().then(s=>{var n;this.lastPolledId=((n=this.requests.last())==null?void 0:n.id)||this.lastPolledId,this.isPolling&&(this.pollTimeout=setTimeout(()=>this.pollRequests(),this.updatePollingInterval(s.length)))}).catch(()=>{this.isPolling&&(this.pollTimeout=setTimeout(()=>this.pollRequests(),this.updatePollingInterval(!1)))})})}throttlePolling(){document.addEventListener("visibilitychange",()=>{this.pollingInterval=document.hidden?6e4:1e3,!document.hidden&&this.isPolling&&this.pollRequests()})}updatePollingInterval(t){let s=new Date().getTime();return(t||!this.pollingLastReceived)&&(this.pollingLastReceived=s),s-this.pollingLastReceived>6e4?this.pollingInterval=5e3:s-this.pollingLastReceived>3e4?this.pollingInterval=2500:this.pollingInterval=1e3}hasFeature(t){return!["delete-shared","details-request","sharing","share-button"].includes(t)}settingsChanged(){this.settings.global.hideCommandTypeRequests&&this.settings.global.hideQueueJobTypeRequests&&this.settings.global.hideTestTypeRequests?this.stopPollingRequests():this.startPollingRequests()}}class Hde{init(t){this.global=t,this.requests=t.$requests,this.authentication=t.$authentication,this.profiler=t.$profiler,this.settings=t.$settings,this.lastPolledId=null,this.useProperTheme(),this.setMetadataUrl(),this.setMetadataClient(),this.loadRequestFromUri(),this.startPollingRequests(),this.throttlePolling(),this.settings.sites.length&&(this.settings.activeSite=this.settings.sites.find(s=>window.location.href.match(new RegExp(`^${s.regexp}`))))}useProperTheme(){window.matchMedia("(prefers-color-scheme: dark)").matches&&(this.settings.defaultAppearance="dark"),window.matchMedia("(prefers-color-scheme: dark)").addEventListener("change",t=>{this.settings.defaultAppearance=t.matches?"dark":"light"})}setMetadataUrl(){if(this.settings.global.metadataPath)return this.requests.setRemote(window.location.href,{path:this.settings.global.metadataPath});this.requests.setRemote(window.location.href,{path:new Tn(window.location.href).path().split("/").slice(0,-2).join("/")+"/__tapped/"})}setMetadataClient(){this.requests.setClient((t,s,n,r)=>this.profiler.withoutProfiling(()=>this.fetch(t,s,n,r).then(({response:o,data:i})=>{if(o.status==403)throw{error:"requires-authentication",message:i.message,requires:i.requires};if(o.status!=200)throw{error:"error-response",message:"Server returned an error response."};if(!s.includes("only=")&&!(i instanceof Array)&&(!(i instanceof Object)||!Object.keys(i).length))throw{error:"empty-response",message:"Server returned an empty metadata."};return i})))}fetch(t,s,n={},r={}){let o=new FormData;return Object.entries(n).forEach(([i,a])=>o.append(i,a)),fetch(s,{method:t,body:Object.keys(n).length?o:null,headers:r}).then(i=>i.json().then(a=>({response:i,data:a}))).catch(i=>{throw{error:"network-error",message:"This can be caused by a network error, misconfigured web server or an invalid SSL certificate."}})}setCookie(t,s,n){return document.cookie=`${t}=${s};path=/;max-age=${n}`,Promise.resolve()}getCookie(t){let s=document.cookie.match(new RegExp(`(?:^| )${t}=([^;]*)`));return Promise.resolve(s?s[1]:void 0)}loadRequestFromUri(){let t=Tn(window.location.href).fragment();t&&this.requests.loadId(t,!1)}startPollingRequests(){this.pollingInterval=1e3,this.requests.loadLatest().then(()=>{var t;if(!(this.lastPolledId=(t=this.requests.last())==null?void 0:t.id))throw new Error;this.pollRequests()}).catch(t=>{t.error=="requires-authentication"?this.authentication.request(t.message,t.requires).then(()=>{this.startPollingRequests()}):setTimeout(()=>this.startPollingRequests(),this.pollingInterval)})}pollRequests(){var t;clearTimeout(this.pollTimeout),this.requests.loadNext(null,((t=this.requests.last())==null?void 0:t.id)||this.lastPolledId).then(s=>{var n;if(!this.settings.global.preserveLog){let r=this.requests.last(i=>i.isRequest()&&!i.isAjax()),o=this.requests.all().indexOf(r);this.requests.setItems(this.requests.all().slice(o))}this.lastPolledId=((n=this.requests.last())==null?void 0:n.id)||this.lastPolledId,this.pollTimeout=setTimeout(()=>this.pollRequests(),this.updatePollingInterval(s.length))}).catch(()=>{this.pollTimeout=setTimeout(()=>this.pollRequests(),this.updatePollingInterval(!1))})}throttlePolling(){document.addEventListener("visibilitychange",()=>{this.pollingInterval=document.hidden?6e4:1e3,document.hidden||this.pollRequests()})}updatePollingInterval(t){let s=new Date().getTime();return(t||!this.pollingLastReceived)&&(this.pollingLastReceived=s),s-this.pollingLastReceived>6e4?this.pollingInterval=5e3:s-this.pollingLastReceived>3e4?this.pollingInterval=2500:this.pollingInterval=1e3}hasFeature(t){return!["delete-shared","details-request"].includes(t)}settingsChanged(){this.settings.global.metadataPath&&this.setMetadataUrl()}}class Bde{constructor(t){this.requests=t,this.username=this.password="",this.shown=!1,this.failed=!1,this.requires=[]}attempt(){let t={username:this.username,password:this.password};return this.username=this.password="",this.failed=!1,this.requests.client("POST",`${this.requests.remoteUrl}auth`,t).then(s=>{this.shown=!1,this.requests.setAuthenticationToken(s.token),this.requests.items.forEach(n=>{if(n.error&&n.error.error=="requires-authentication")return this.requests.loadId(n.id)}),this.accept()}).catch(s=>{this.failed=!0})}request(t,s){return this.shown=!0,this.requires=s,this.message=t,new Promise((n,r)=>{this.accept=n,this.reject=r})}}const jde=(...e)=>We(new Bde(...e));class Vde{constructor(t){this.platform=t,this.shown=!1,this.loaded=!1,this.version="5.3.2",this.credits=ps({app:{contributors:[],dependencies:[],sponsors:[]},php:{contributors:[],dependencies:[],sponsors:[]}}),this.authors=[{name:"its",avatarUrl:"https://avatars.githubusercontent.com/u/821582?v=3",twitterUrl:"https://twitter.com/itsgoingd",githubUrl:"https://github.com/itsgoingd",sponsorUrl:"https://github.com/sponsors/itsgoingd"}]}toggle(){this.shown=!this.shown,this.load()}load(){if(this.loaded)return;let t=["app","php"],s=["contributors","dependencies","sponsors"],n=[];t.forEach(r=>{s.forEach(o=>{n.push(this.platform.fetch("GET",`https://meta.underground.works/clockwork-${r}/${o}.json`).then(({data:i})=>this.credits[r][o]=i))})}),Promise.all(n).then(()=>this.loaded=!0)}}const Gde=(...e)=>We(new Vde(...e));class Wde{constructor(t){this.settings=t}register(t){t.mixin({methods:{$editorLink:this.filter()}})}filter(){return(t,s)=>{let n={atom:(o,i)=>`atom://open?url=file://${o}&line=${i}`,phpstorm:(o,i)=>`phpstorm://open?file=${o}&line=${i}`,sublime:(o,i)=>`subl://open?url=file://${o}&line=${i}`,textmate:(o,i)=>`txmt://open?url=file://${o}&line=${i}`,"vs-code":(o,i)=>`vscode://file/${o}:${i}`},r=this.settings.global.editor;if(!(!r||!n[r]))return t&&this.settings.site.localPathMap.real&&(t=t.replace(this.settings.site.localPathMap.real,this.settings.site.localPathMap.local)),n[r](t,s)}}}const zde=(...e)=>We(new Wde(...e));class Qde{constructor(){this.backend=null,this.isLocalStorageAvailable()?this.backend="local-storage":this.isBrowserStorageAvailable()&&(this.backend="browser-storage"),this.persistent=!!this.backend,this.data=null}initialize(){return this.load(),this}async get(t,s){return await this.load(),this.data[t]==null&&await this.set(t,s),this.data[t]}async set(t,s){await this.load(),this.data[t]=s,this.save()}load(){return this.data?Promise.resolve():new Promise(t=>{if(this.backend=="local-storage"){const s=localStorage.getItem("tapped");if(s)this.loaded(t,s);else{const n=localStorage.getItem("clockwork");this.loaded(t,n),n&&localStorage.setItem("tapped",n)}}else this.backend=="browser-storage"?(window.browser||window.chrome).storage.local.get(["tapped","clockwork"],s=>{s.tapped?this.loaded(t,s.tapped):(this.loaded(t,s.clockwork),s.clockwork&&(window.browser||window.chrome).storage.local.set({tapped:s.clockwork}))}):this.loaded(t)})}loaded(t,s){try{this.data=JSON.parse(s)}catch{}this.data=this.data instanceof Object?this.data:{},t()}save(){if(this.backend=="local-storage")try{localStorage.setItem("tapped",JSON.stringify(this.data))}catch{}else this.backend=="browser-storage"&&(window.browser||window.chrome).storage.local.set({tapped:JSON.stringify(this.data)})}isLocalStorageAvailable(){try{localStorage}catch{return!1}return!0}isBrowserStorageAvailable(){return window.browser&&browser.storage||window.chrome&&chrome.storage}}const Yde=(...e)=>We(new Qde(...e)).initialize();class Kde{constructor(t,s){this.platform=t,this.settings=s,this.enabled=!1,this.cookieLifetime=60}enableProfiling(){this.enabled=!0,this.platform.setCookie("tapped-profile",this.settings.site.onDemandSecret,this.cookieLifetime),clearTimeout(this.timeout),this.timeout=setTimeout(()=>{this.enabled&&this.enableProfiling()},this.cookieLifetime*1e3)}disableProfiling(){this.enabled=!1,clearTimeout(this.timeout)}}const Xde=(...e)=>We(new Kde(...e));class Fr{constructor(t,s){this.metadata=t,this.functions=s}static parse(t){return new Promise((s,n)=>{s(Fr.parseSync(t))})}static parseSync(t){let s={},n=[],r={},o={};t=t.split(`
`);let i=0,a,l,h,d;for(;(a=t[i++])!==void 0;)if(a.startsWith("fl=")){let[p,g]=this.resolveCompressedName(a.match(/fl=(.+)/)[0],r);a=t[i++];let[y,A]=this.resolveCompressedName(a.match(/fn=(.+)/)[0],o);a=t[i++];let k=a.split(" ").map(W=>parseFloat(W)),j=k.shift();h=n[y],h||(n[y]=h={name:A,file:g,line:j,invocations:0,self:new Array(k.length).fill(0),inclusive:new Array(k.length).fill(0),callers:[],subCalls:[]}),h.invocations++,h.self=h.self.map((W,C)=>W+k[C]),h.inclusive=h.inclusive.map((W,C)=>W+k[C])}else if(a.startsWith("cfn=")){let[p,g]=this.resolveCompressedName(a.match(/cfn=(.+)/)[0],o);a=t[i++],a=t[i++];let y=a.split(" ").map(C=>parseFloat(C)),A=y.shift(),k=n[p];h.inclusive=y.map((C,R)=>C+(h.inclusive[R]||0));let j=k.callers[d];j||(k.callers[d]=j={name:h.name,line:A,calls:0,summed:new Array(y.length).fill(0)}),j.calls++,j.summed=j.summed.map((C,R)=>C+y[R]);let W=h.subCalls[p];W||(h.subCalls[p]=W={name:g,line:A,calls:0,summed:new Array(y.length).fill(0)}),W.calls++,W.summed=W.summed.map((C,R)=>C+y[R])}else(l=a.match(/^(.+?): (.+)/))&&(s[l[1]]=l[2]);return new Fr(s,n.slice(1))}static resolveCompressedName(t,s){let[n,r,o]=t.match(/\((\d+)\)(?: (.*))?/);return o&&(s[r]=o),[r,s[r]]}}class Jde{constructor(t,s){this.requests=t,this.platform=s,this.available=!1,this.loading=!1,this.parsing=!1,this.ready=!1,this.invalid=!1,this.isProfiling=!1,this.metric=0,this.percentual=!1,this.shownFraction=.9,this.request=void 0,this.functions=[]}initialize(){return this.platform.getCookie("XDEBUG_PROFILE").then(t=>this.isProfiling=t),this}enableProfiling(){return this.platform.setCookie("XDEBUG_PROFILE","1",60*60*24*30).then(()=>{this.isProfiling=!0})}disableProfiling(t=!1,s=!1){return t&&this.clear(),this.platform.setCookie("XDEBUG_PROFILE","0",0).then(()=>{s||(this.isProfiling=!1)})}async withoutProfiling(t){if(!this.isProfiling)return t();await this.disableProfiling(!1,!0);let s=t();return await this.enableProfiling(),s}loadRequest(t){if(!(this.request&&this.request.id==t.id)){if(!t.xdebug||!t.xdebug.profile)return this.clear();if(this.request=t,this.available=this.loading=this.parsing=this.ready=!1,this.summary=this.metadata=this.functions=[],this.available=!0,t.xdebug.profileData)return this.parseProfile();this.loading=!0,this.requests.loadExtended(t.id,["xdebug"]).then(s=>{this.loading=!1,this.parseProfile()})}}parseProfile(){if(!this.request.xdebug.profileData)return this.available=!1;this.ready=this.invalid=!1,this.parsing=!0,Fr.parse(this.request.xdebug.profileData).then(t=>{if(!t.metadata.summary)return this.parsing=this.available=!1;this.metadata=t.metadata,this.summary=this.metadata.summary.split(" ");let s=this.metadata.events.includes("Time_(10ns)");this.functionsAll=t.functions.filter(n=>n.name!="{main}").map(n=>(n.selfAll=n.self,n.inclusiveAll=n.inclusive,n.fullPath=n.file=="php:internal"?"internal":`${n.file}:${n.line}`,n.shortPath=n.fullPath!="internal"?n.fullPath.split(/[\/\\]/).pop():n.fullPath,s&&(n.selfAll[0]=n.selfAll[0]/100,n.inclusiveAll[0]=n.inclusiveAll[0]/100),n)),this.presentProfile(),this.parsing=!1,this.ready=!0}).catch(t=>{this.parsing=!1,this.invalid=!0})}presentProfile(){let t=this.shownFraction*this.summary[this.metric];this.functions=this.functionsAll.filter(s=>(t-=s.selfAll[this.metric],t>0)).map(s=>(s.self=this.percentual?s.selfAll[this.metric]/this.summary[this.metric]*100:s.selfAll[this.metric],s.inclusive=this.percentual?s.inclusiveAll[this.metric]/this.summary[this.metric]*100:s.inclusiveAll[this.metric],s))}clear(){this.available=this.loading=this.parsing=this.ready=!1,this.summary=this.metadata=this.functions=[],this.request=void 0}showMetric(t){this.metric=t,this.presentProfile()}showPercentual(t){this.percentual=t===!0||t===void 0,this.presentProfile()}setShownFraction(t){this.shownFraction=t,this.presentProfile()}formatMetric(t){return this.percentual?Math.round(t)+" %":this.metric==1?Math.round(t/1024)+" kB":Math.round(t/100)/10+" ms"}}const Zde=(...e)=>We(new Jde(...e)).initialize();class ehe{constructor(){this.settings=null,this.items=ps([]),this.query={},this.exclusive={}}all(){return this.items}findId(t){return this.items.find(s=>s.id==t)}loadId(t,s,n){let r=this.findId(t);return r?n=r:n!==!1&&(n=this.push(n||Jn(t))),n&&!s&&(n.loading=!0),this.withQuery(s?{only:s.join(",")}:{},()=>this.load(t,o=>o.then(i=>(n?n.resolve(i[0],s):this.items.push(i[0]),s||this.sort(),n||i[0])).catch(i=>{n&&n.resolveWithError(i)})))}loadExtended(t,s){let n=this.findId(t);return this.withQuery(s?{only:s.join(",")}:{},()=>this.load(`${t}/extended`,r=>r.then(o=>n.resolve(o[0],s)).catch(o=>{})))}loadLatest(t=!0){return this.load("latest",s=>s.then(n=>(t&&this.merge(n),n[0])),t)}returnLatest(){return this.loadLatest(!1)}loadNext(t,s,n=!0){var r;return s=s||((r=this.last(o=>!o.loading))==null?void 0:r.id),s?this.load(`${s}/next`+(t?`/${t}`:""),o=>o.then(i=>(n&&this.merge(i),i)).catch(i=>{}),n):Promise.resolve([])}returnNext(t,s){return this.loadNext(t,s,!1)}loadPrevious(t,s,n=!0){return!s&&!this.items.length?Promise.resolve([]):(s=s||this.first(r=>!r.loading).id,this.load(`${s}/previous`+(t?`/${t}`:""),r=>r.then(o=>(n&&this.merge(o),o)).catch(o=>{}),n))}returnPrevious(t,s){return this.loadPrevious(t,s,!1)}clear(){this.items.splice(0)}merge(t){t=t.filter(s=>!this.findId(s.id)),t.length&&(this.items.push(...t),this.sort())}push(t){return t=ps(t),this.items.push(t),t}sort(){this.items=this.items.sort((t,s)=>t.time-s.time)}first(t){return t?this.items.find(t):this.items[0]}last(t){return t?this.items.slice().reverse().find(t):this.items[this.items.length-1]}setClient(t){this.client=t}setItems(t){this.items.splice(0),this.items.push(...t)}setRemote(t,s){s=s||{},s.path=s.path||"/__tapped/",t=new Tn(t);let[n,r]=s.path.split("?");t.pathname(n||""),t.query(r||""),t.hash(""),this.remoteUrl=t.toString(),this.remoteHeaders=s.headers||{}}setAuthenticationToken(t){this.settings.site.authToken=t,this.settings.save()}setQuery(t){this.query=t}withQuery(t,s){let n=this.query;this.query=t;let r=s();return this.query=n,r}load(t,s,n=!1){if(n)return this.loadExclusive(t,s);let r=Tn(`${this.remoteUrl}${t}`).addQuery(this.query).toString(),o=Object.assign({},this.remoteHeaders,{"X-Tapped-Auth":this.settings.site.authToken});return s(this.client("GET",r,{},o).then(i=>i?(i instanceof Array?i:[i]).map(a=>Fde(a)):[]))}loadExclusive(t,s){return this.exclusive[t]?this.exclusive[t]:this.exclusive[t]=this.load(t,s).finally(()=>this.exclusive[t]=null)}}const the=(...e)=>We(new ehe(...e));class she{constructor(t){this.requests=t,this.tags=[{tag:"controller"},{tag:"method",validate:s=>["get","post","put","patch","delete","head"].includes(s)},{tag:"status",validate:s=>s>=100&&s<600},{tag:"time"},{tag:"received",validate:s=>new Date(s)},{tag:"type",validate:s=>["command","queue-job","request"].includes(s)}],this.shown=!1,this.input="",this.searchDebounced=to(()=>this.search(),500)}toggle(){this.shown=!this.shown,this.shown?Yr(()=>document.querySelector(".requests-search input").focus()):(this.input="",this.search())}search(){let{terms:t,tags:s}=this.tokenize(this.input);s=Object.entries(s).filter(([n,r])=>(n=this.tags.find(o=>o.tag==n),n&&(!n.validate||r.every(o=>n.validate(o))))).reduce((n,[r,o])=>(n[`${r}[]`]=o,n),{}),this.requests.setQuery(t.length||Object.keys(s).length?{"uri[]":t,"name[]":t,...s}:{}),this.requests.returnLatest().then(n=>{this.requests.returnPrevious(9,n.id).then(r=>{this.requests.setItems(r?[...r,n]:[n])})}).catch(()=>{this.requests.clear()})}tokenize(t){let s=[],n={},r=/(\w+:)?("[^"]*"|[^\s]+)/g,o;for(;o=r.exec(t);){let i=o[1]?o[1].substr(0,o[1].length-1):void 0,a=o[2];(o=a.match(/^"(.+?)"$/))&&(a=o[1]),i?(n[i]||(n[i]=[]),n[i].push(a)):s.push(a)}return{terms:s,tags:n}}}const nhe=(...e)=>We(new she(...e));var rhe=ohe;function ohe(e,t){for(var s={},n=Object.keys(e),r=n.length,o=0;o<r;o++){var i=n[o];s[i]=t(e[i],i,e)}return s}class ihe{constructor(t,s,n){this.store=t,this.requests=s,this.platform=n,this.requests.settings=this,this.shown=!1,this.loaded=!1,this.settings=ps(this.defaults()),this.defaultAppearance="light"}initialize(){return this.load(),this}get global(){return this.settings.global}get site(){return this.settings.site[this.requests.remoteUrl]||(this.settings.site[this.requests.remoteUrl]=on(!0,{},this.defaults().site)),this.settings.site[this.requests.remoteUrl]}get persistent(){return this.store.persistent}get appearance(){return this.global.appearance!="auto"?this.global.appearance:this.defaultAppearance}toggle(){this.shown=!this.shown}save(){this.store.set("settings",this.settings),this.platform.settingsChanged()}async load(){let t=this.defaults(),s=await this.store.get("settings",{});Object.assign(this.settings,{global:on(!0,t.global,s.global||{}),site:rhe(s.site||{},n=>on(!0,{},t.site,n||{}))}),this.loaded=!0,this.platform.settingsChanged()}defaults(){return{global:{appearance:"auto",databasePrettified:!1,editor:null,showIncomingRequests:!0,hideCommandTypeRequests:this.platform instanceof ln,hideQueueJobTypeRequests:this.platform instanceof ln,hideTestTypeRequests:this.platform instanceof ln,ignoredUpdateNotifications:{},metadataPath:null,performanceVitalsInfoShown:!0,preserveLog:!0,requestsListCollapsed:!1,requestSidebarCollapsed:!1,requestSidebarCollapsedSections:{headers:!1,data:!1,getData:!1,postData:!1,cookies:!1,middleware:!1,session:!1,arguments:!1,options:!1,payload:!1,queue:!1,connection:!1,asserts:!1},seenReleaseNotesVersion:null,shareTermsAccepted:!1,timelineCondensed:{performance:!0,views:!1},timelineHiddenTags:{}},site:{localPathMap:{real:null,local:null},onDemandSecret:null,sharingUrl:"https://tapped.thinkneverland.com/ingest"}}}}const ahe=(...e)=>We(new ihe(...e)).initialize();class lhe{register(t){t.mixin({methods:{$date:this.date,$join:this.join,$round:this.round,$shortClass:this.shortClass,$title:this.title}})}date(t,s){return Wn(t,s)}join(t,s=", "){return t instanceof Array?t.join(s):t}round(t,s=0){return parseFloat(parseFloat(t).toFixed(s))}shortClass(t){return t?t.split("\\").pop():""}title(t){return typeof t!="string"?t:t.replace(/(\w)([A-Z])/,"$1 $2").split(" ").map(s=>s[0].toUpperCase()+s.substr(1).toLowerCase()).join(" ")}}const che=(...e)=>new lhe(...e);class uhe{constructor(t){this.settings=t,this.serverVersion=null}get ignoredUpdates(){return this.settings.global.ignoredUpdateNotifications||{}}latest(){return{version:"4.1.2",url:"https://underground.works/blog/clockwork-4.1-released-with-commands-queue-jobs-tests-profiling-and-more"}}show(t){if(!(this.ignoresUpdate(t)||!this.serverVersion)&&this.versionCompare(this.latest().version,this.serverVersion)==1)return{version:this.latest().version,url:this.latest().url,currentVersion:this.serverVersion}}ignoresUpdate(t){let s=this.ignoredUpdates[t];return s&&this.versionCompare(s,this.latest().version)>=0}ignoreUpdate(t){let s=this.ignoredUpdates;s[t]=this.latest().version,this.store.set("update-notification.ignored-updates",s)}versionCompare(t,s){t=t.split(".").map(n=>parseInt(n)),s=s.split(".").map(n=>parseInt(n));for(let n=0;n<Math.max(t.length,s.length);n++){if(t[n]&&!s[n]||t[n]>s[n])return 1;if(!t[n]&&s[n]||t[n]<s[n])return-1}return 0}}const dhe=(...e)=>We(new uhe(...e));let rs;rs=ln.runningAsExtension()?new ln:new Hde;let ju=Yde(),kn=the(),Nn=ahe(ju,kn,rs),hhe=jde(kn),fhe=Gde(rs),phe=zde(Nn),Vu=Xde(rs,Nn),mhe=Zde(kn,rs),ghe=nhe(kn),vhe=che(),bhe=dhe(Nn),yhe=Jie(rs,Nn),Gu={$requests:kn,$platform:rs,$authentication:hhe,$credits:fhe,$editorLinks:phe,$onDemand:Vu,$profiler:mhe,$requestsSearch:ghe,$settings:Nn,$textFilters:vhe,$store:ju,$updateNotification:bhe,$whatsNew:yhe,$request:null,activeDetailsTab:"performance",showIncomingRequests:!0};rs.init(Gu);Vu.enableProfiling();let Ehe=Cde(Gu);Ehe.mount("#app");
 
devtools://devtools/bundled/devtools_app.html?remoteBase=https://chrome-devtools-frontend.appspot.com/serve_file/@fd886e2cb29dd984c13deec032832dee68d8abe3/&targetType=tab&can_dock=true
Stack Trace
assets/index-CKAiPbkH.js:30 (ws.onerror)
1
2
3
4
5
6
7
8
9
10
11
12
13
14
15
16
17
18
19
20
21
22
23
24
25
26
27
28
29
30
31
32
33
34
35
36
37
38
39
40
41
42
43
44
45
46
47
48
49
50
51
52
53
54
55
56
57
58
59
60
61
62
63
64
65
66
67
68
69
70
71
72
73
74
75
76
77
78
79
(function(){const t=document.createElement("link").relList;if(t&&t.supports&&t.supports("modulepreload"))return;for(const r of document.querySelectorAll('link[rel="modulepreload"]'))n(r);new MutationObserver(r=>{for(const o of r)if(o.type==="childList")for(const i of o.addedNodes)i.tagName==="LINK"&&i.rel==="modulepreload"&&n(i)}).observe(document,{childList:!0,subtree:!0});function s(r){const o={};return r.integrity&&(o.integrity=r.integrity),r.referrerPolicy&&(o.referrerPolicy=r.referrerPolicy),r.crossOrigin==="use-credentials"?o.credentials="include":r.crossOrigin==="anonymous"?o.credentials="omit":o.credentials="same-origin",o}function n(r){if(r.ep)return;r.ep=!0;const o=s(r);fetch(r.href,o)}})();/**
* @vue/shared v3.5.13
* (c) 2018-present Yuxi (Evan) You and Vue contributors
* @license MIT
**//*! #__NO_SIDE_EFFECTS__ */function ai(e){const t=Object.create(null);for(const s of e.split(","))t[s]=1;return s=>s in t}const Ie={},Ss=[],It=()=>{},Wu=()=>!1,Hr=e=>e.charCodeAt(0)===111&&e.charCodeAt(1)===110&&(e.charCodeAt(2)>122||e.charCodeAt(2)<97),li=e=>e.startsWith("onUpdate:"),Fe=Object.assign,ci=(e,t)=>{const s=e.indexOf(t);s>-1&&e.splice(s,1)},zu=Object.prototype.hasOwnProperty,Re=(e,t)=>zu.call(e,t),de=Array.isArray,Rs=e=>wn(e)==="[object Map]",Ls=e=>wn(e)==="[object Set]",Hi=e=>wn(e)==="[object Date]",me=e=>typeof e=="function",xe=e=>typeof e=="string",Tt=e=>typeof e=="symbol",ke=e=>e!==null&&typeof e=="object",pl=e=>(ke(e)||me(e))&&me(e.then)&&me(e.catch),ml=Object.prototype.toString,wn=e=>ml.call(e),Qu=e=>wn(e).slice(8,-1),gl=e=>wn(e)==="[object Object]",ui=e=>xe(e)&&e!=="NaN"&&e[0]!=="-"&&""+parseInt(e,10)===e,Xs=ai(",key,ref,ref_for,ref_key,onVnodeBeforeMount,onVnodeMounted,onVnodeBeforeUpdate,onVnodeUpdated,onVnodeBeforeUnmount,onVnodeUnmounted"),Br=e=>{const t=Object.create(null);return s=>t[s]||(t[s]=e(s))},Yu=/-(\w)/g,bt=Br(e=>e.replace(Yu,(t,s)=>s?s.toUpperCase():"")),Ku=/\B([A-Z])/g,gs=Br(e=>e.replace(Ku,"-$1").toLowerCase()),jr=Br(e=>e.charAt(0).toUpperCase()+e.slice(1)),fo=Br(e=>e?`on${jr(e)}`:""),Zt=(e,t)=>!Object.is(e,t),Fn=(e,...t)=>{for(let s=0;s<e.length;s++)e[s](...t)},vl=(e,t,s,n=!1)=>{Object.defineProperty(e,t,{configurable:!0,enumerable:!1,writable:n,value:s})},Zn=e=>{const t=parseFloat(e);return isNaN(t)?e:t},Xu=e=>{const t=xe(e)?Number(e):NaN;return isNaN(t)?e:t};let Bi;const Vr=()=>Bi||(Bi=typeof globalThis<"u"?globalThis:typeof self<"u"?self:typeof window<"u"?window:typeof global<"u"?global:{});function ut(e){if(de(e)){const t={};for(let s=0;s<e.length;s++){const n=e[s],r=xe(n)?td(n):ut(n);if(r)for(const o in r)t[o]=r[o]}return t}else if(xe(e)||ke(e))return e}const Ju=/;(?![^(]*\))/g,Zu=/:([^]+)/,ed=/\/\*[^]*?\*\//g;function td(e){const t={};return e.replace(ed,"").split(Ju).forEach(s=>{if(s){const n=s.split(Zu);n.length>1&&(t[n[0].trim()]=n[1].trim())}}),t}function te(e){let t="";if(xe(e))t=e;else if(de(e))for(let s=0;s<e.length;s++){const n=te(e[s]);n&&(t+=n+" ")}else if(ke(e))for(const s in e)e[s]&&(t+=s+" ");return t.trim()}const sd="itemscope,allowfullscreen,formnovalidate,ismap,nomodule,novalidate,readonly",nd=ai(sd);function bl(e){return!!e||e===""}function rd(e,t){if(e.length!==t.length)return!1;let s=!0;for(let n=0;s&&n<e.length;n++)s=_n(e[n],t[n]);return s}function _n(e,t){if(e===t)return!0;let s=Hi(e),n=Hi(t);if(s||n)return s&&n?e.getTime()===t.getTime():!1;if(s=Tt(e),n=Tt(t),s||n)return e===t;if(s=de(e),n=de(t),s||n)return s&&n?rd(e,t):!1;if(s=ke(e),n=ke(t),s||n){if(!s||!n)return!1;const r=Object.keys(e).length,o=Object.keys(t).length;if(r!==o)return!1;for(const i in e){const a=e.hasOwnProperty(i),l=t.hasOwnProperty(i);if(a&&!l||!a&&l||!_n(e[i],t[i]))return!1}}return String(e)===String(t)}function di(e,t){return e.findIndex(s=>_n(s,t))}const yl=e=>!!(e&&e.__v_isRef===!0),T=e=>xe(e)?e:e==null?"":de(e)||ke(e)&&(e.toString===ml||!me(e.toString))?yl(e)?T(e.value):JSON.stringify(e,El,2):String(e),El=(e,t)=>yl(t)?El(e,t.value):Rs(t)?{[`Map(${t.size})`]:[...t.entries()].reduce((s,[n,r],o)=>(s[po(n,o)+" =>"]=r,s),{})}:Ls(t)?{[`Set(${t.size})`]:[...t.values()].map(s=>po(s))}:Tt(t)?po(t):ke(t)&&!de(t)&&!gl(t)?String(t):t,po=(e,t="")=>{var s;return Tt(e)?`Symbol(${(s=e.description)!=null?s:t})`:e};/**
* @vue/reactivity v3.5.13
* (c) 2018-present Yuxi (Evan) You and Vue contributors
* @license MIT
**/let tt;class od{constructor(t=!1){this.detached=t,this._active=!0,this.effects=[],this.cleanups=[],this._isPaused=!1,this.parent=tt,!t&&tt&&(this.index=(tt.scopes||(tt.scopes=[])).push(this)-1)}get active(){return this._active}pause(){if(this._active){this._isPaused=!0;let t,s;if(this.scopes)for(t=0,s=this.scopes.length;t<s;t++)this.scopes[t].pause();for(t=0,s=this.effects.length;t<s;t++)this.effects[t].pause()}}resume(){if(this._active&&this._isPaused){this._isPaused=!1;let t,s;if(this.scopes)for(t=0,s=this.scopes.length;t<s;t++)this.scopes[t].resume();for(t=0,s=this.effects.length;t<s;t++)this.effects[t].resume()}}run(t){if(this._active){const s=tt;try{return tt=this,t()}finally{tt=s}}}on(){tt=this}off(){tt=this.parent}stop(t){if(this._active){this._active=!1;let s,n;for(s=0,n=this.effects.length;s<n;s++)this.effects[s].stop();for(this.effects.length=0,s=0,n=this.cleanups.length;s<n;s++)this.cleanups[s]();if(this.cleanups.length=0,this.scopes){for(s=0,n=this.scopes.length;s<n;s++)this.scopes[s].stop(!0);this.scopes.length=0}if(!this.detached&&this.parent&&!t){const r=this.parent.scopes.pop();r&&r!==this&&(this.parent.scopes[this.index]=r,r.index=this.index)}this.parent=void 0}}}function Tl(){return tt}function id(e,t=!1){tt&&tt.cleanups.push(e)}let Le;const mo=new WeakSet;class wl{constructor(t){this.fn=t,this.deps=void 0,this.depsTail=void 0,this.flags=5,this.next=void 0,this.cleanup=void 0,this.scheduler=void 0,tt&&tt.active&&tt.effects.push(this)}pause(){this.flags|=64}resume(){this.flags&64&&(this.flags&=-65,mo.has(this)&&(mo.delete(this),this.trigger()))}notify(){this.flags&2&&!(this.flags&32)||this.flags&8||Sl(this)}run(){if(!(this.flags&1))return this.fn();this.flags|=2,ji(this),Rl(this);const t=Le,s=Et;Le=this,Et=!0;try{return this.fn()}finally{Cl(this),Le=t,Et=s,this.flags&=-3}}stop(){if(this.flags&1){for(let t=this.deps;t;t=t.nextDep)pi(t);this.deps=this.depsTail=void 0,ji(this),this.onStop&&this.onStop(),this.flags&=-2}}trigger(){this.flags&64?mo.add(this):this.scheduler?this.scheduler():this.runIfDirty()}runIfDirty(){Uo(this)&&this.run()}get dirty(){return Uo(this)}}let _l=0,Js,Zs;function Sl(e,t=!1){if(e.flags|=8,t){e.next=Zs,Zs=e;return}e.next=Js,Js=e}function hi(){_l++}function fi(){if(--_l>0)return;if(Zs){let t=Zs;for(Zs=void 0;t;){const s=t.next;t.next=void 0,t.flags&=-9,t=s}}let e;for(;Js;){let t=Js;for(Js=void 0;t;){const s=t.next;if(t.next=void 0,t.flags&=-9,t.flags&1)try{t.trigger()}catch(n){e||(e=n)}t=s}}if(e)throw e}function Rl(e){for(let t=e.deps;t;t=t.nextDep)t.version=-1,t.prevActiveLink=t.dep.activeLink,t.dep.activeLink=t}function Cl(e){let t,s=e.depsTail,n=s;for(;n;){const r=n.prevDep;n.version===-1?(n===s&&(s=r),pi(n),ad(n)):t=n,n.dep.activeLink=n.prevActiveLink,n.prevActiveLink=void 0,n=r}e.deps=t,e.depsTail=s}function Uo(e){for(let t=e.deps;t;t=t.nextDep)if(t.dep.version!==t.version||t.dep.computed&&(Al(t.dep.computed)||t.dep.version!==t.version))return!0;return!!e._dirty}function Al(e){if(e.flags&4&&!(e.flags&16)||(e.flags&=-17,e.globalVersion===cn))return;e.globalVersion=cn;const t=e.dep;if(e.flags|=2,t.version>0&&!e.isSSR&&e.deps&&!Uo(e)){e.flags&=-3;return}const s=Le,n=Et;Le=e,Et=!0;try{Rl(e);const r=e.fn(e._value);(t.version===0||Zt(r,e._value))&&(e._value=r,t.version++)}catch(r){throw t.version++,r}finally{Le=s,Et=n,Cl(e),e.flags&=-3}}function pi(e,t=!1){const{dep:s,prevSub:n,nextSub:r}=e;if(n&&(n.nextSub=r,e.prevSub=void 0),r&&(r.prevSub=n,e.nextSub=void 0),s.subs===e&&(s.subs=n,!n&&s.computed)){s.computed.flags&=-5;for(let o=s.computed.deps;o;o=o.nextDep)pi(o,!0)}!t&&!--s.sc&&s.map&&s.map.delete(s.key)}function ad(e){const{prevDep:t,nextDep:s}=e;t&&(t.nextDep=s,e.prevDep=void 0),s&&(s.prevDep=t,e.nextDep=void 0)}let Et=!0;const kl=[];function ss(){kl.push(Et),Et=!1}function ns(){const e=kl.pop();Et=e===void 0?!0:e}function ji(e){const{cleanup:t}=e;if(e.cleanup=void 0,t){const s=Le;Le=void 0;try{t()}finally{Le=s}}}let cn=0;class ld{constructor(t,s){this.sub=t,this.dep=s,this.version=s.version,this.nextDep=this.prevDep=this.nextSub=this.prevSub=this.prevActiveLink=void 0}}class Gr{constructor(t){this.computed=t,this.version=0,this.activeLink=void 0,this.subs=void 0,this.map=void 0,this.key=void 0,this.sc=0}track(t){if(!Le||!Et||Le===this.computed)return;let s=this.activeLink;if(s===void 0||s.sub!==Le)s=this.activeLink=new ld(Le,this),Le.deps?(s.prevDep=Le.depsTail,Le.depsTail.nextDep=s,Le.depsTail=s):Le.deps=Le.depsTail=s,Nl(s);else if(s.version===-1&&(s.version=this.version,s.nextDep)){const n=s.nextDep;n.prevDep=s.prevDep,s.prevDep&&(s.prevDep.nextDep=n),s.prevDep=Le.depsTail,s.nextDep=void 0,Le.depsTail.nextDep=s,Le.depsTail=s,Le.deps===s&&(Le.deps=n)}return s}trigger(t){this.version++,cn++,this.notify(t)}notify(t){hi();try{for(let s=this.subs;s;s=s.prevSub)s.sub.notify()&&s.sub.dep.notify()}finally{fi()}}}function Nl(e){if(e.dep.sc++,e.sub.flags&4){const t=e.dep.computed;if(t&&!e.dep.subs){t.flags|=20;for(let n=t.deps;n;n=n.nextDep)Nl(n)}const s=e.dep.subs;s!==e&&(e.prevSub=s,s&&(s.nextSub=e)),e.dep.subs=e}}const er=new WeakMap,fs=Symbol(""),Fo=Symbol(""),un=Symbol("");function Xe(e,t,s){if(Et&&Le){let n=er.get(e);n||er.set(e,n=new Map);let r=n.get(s);r||(n.set(s,r=new Gr),r.map=n,r.key=s),r.track()}}function xt(e,t,s,n,r,o){const i=er.get(e);if(!i){cn++;return}const a=l=>{l&&l.trigger()};if(hi(),t==="clear")i.forEach(a);else{const l=de(e),h=l&&ui(s);if(l&&s==="length"){const d=Number(n);i.forEach((p,g)=>{(g==="length"||g===un||!Tt(g)&&g>=d)&&a(p)})}else switch((s!==void 0||i.has(void 0))&&a(i.get(s)),h&&a(i.get(un)),t){case"add":l?h&&a(i.get("length")):(a(i.get(fs)),Rs(e)&&a(i.get(Fo)));break;case"delete":l||(a(i.get(fs)),Rs(e)&&a(i.get(Fo)));break;case"set":Rs(e)&&a(i.get(fs));break}}fi()}function cd(e,t){const s=er.get(e);return s&&s.get(t)}function ys(e){const t=_e(e);return t===e?t:(Xe(t,"iterate",un),vt(e)?t:t.map(Je))}function Wr(e){return Xe(e=_e(e),"iterate",un),e}const ud={__proto__:null,[Symbol.iterator](){return go(this,Symbol.iterator,Je)},concat(...e){return ys(this).concat(...e.map(t=>de(t)?ys(t):t))},entries(){return go(this,"entries",e=>(e[1]=Je(e[1]),e))},every(e,t){return Lt(this,"every",e,t,void 0,arguments)},filter(e,t){return Lt(this,"filter",e,t,s=>s.map(Je),arguments)},find(e,t){return Lt(this,"find",e,t,Je,arguments)},findIndex(e,t){return Lt(this,"findIndex",e,t,void 0,arguments)},findLast(e,t){return Lt(this,"findLast",e,t,Je,arguments)},findLastIndex(e,t){return Lt(this,"findLastIndex",e,t,void 0,arguments)},forEach(e,t){return Lt(this,"forEach",e,t,void 0,arguments)},includes(...e){return vo(this,"includes",e)},indexOf(...e){return vo(this,"indexOf",e)},join(e){return ys(this).join(e)},lastIndexOf(...e){return vo(this,"lastIndexOf",e)},map(e,t){return Lt(this,"map",e,t,void 0,arguments)},pop(){return Us(this,"pop")},push(...e){return Us(this,"push",e)},reduce(e,...t){return Vi(this,"reduce",e,t)},reduceRight(e,...t){return Vi(this,"reduceRight",e,t)},shift(){return Us(this,"shift")},some(e,t){return Lt(this,"some",e,t,void 0,arguments)},splice(...e){return Us(this,"splice",e)},toReversed(){return ys(this).toReversed()},toSorted(e){return ys(this).toSorted(e)},toSpliced(...e){return ys(this).toSpliced(...e)},unshift(...e){return Us(this,"unshift",e)},values(){return go(this,"values",Je)}};function go(e,t,s){const n=Wr(e),r=n[t]();return n!==e&&!vt(e)&&(r._next=r.next,r.next=()=>{const o=r._next();return o.value&&(o.value=s(o.value)),o}),r}const dd=Array.prototype;function Lt(e,t,s,n,r,o){const i=Wr(e),a=i!==e&&!vt(e),l=i[t];if(l!==dd[t]){const p=l.apply(e,o);return a?Je(p):p}let h=s;i!==e&&(a?h=function(p,g){return s.call(this,Je(p),g,e)}:s.length>2&&(h=function(p,g){return s.call(this,p,g,e)}));const d=l.call(i,h,n);return a&&r?r(d):d}function Vi(e,t,s,n){const r=Wr(e);let o=s;return r!==e&&(vt(e)?s.length>3&&(o=function(i,a,l){return s.call(this,i,a,l,e)}):o=function(i,a,l){return s.call(this,i,Je(a),l,e)}),r[t](o,...n)}function vo(e,t,s){const n=_e(e);Xe(n,"iterate",un);const r=n[t](...s);return(r===-1||r===!1)&&bi(s[0])?(s[0]=_e(s[0]),n[t](...s)):r}function Us(e,t,s=[]){ss(),hi();const n=_e(e)[t].apply(e,s);return fi(),ns(),n}const hd=ai("__proto__,__v_isRef,__isVue"),Ol=new Set(Object.getOwnPropertyNames(Symbol).filter(e=>e!=="arguments"&&e!=="caller").map(e=>Symbol[e]).filter(Tt));function fd(e){Tt(e)||(e=String(e));const t=_e(this);return Xe(t,"has",e),t.hasOwnProperty(e)}class Il{constructor(t=!1,s=!1){this._isReadonly=t,this._isShallow=s}get(t,s,n){if(s==="__v_skip")return t.__v_skip;const r=this._isReadonly,o=this._isShallow;if(s==="__v_isReactive")return!r;if(s==="__v_isReadonly")return r;if(s==="__v_isShallow")return o;if(s==="__v_raw")return n===(r?o?_d:Dl:o?ql:Ll).get(t)||Object.getPrototypeOf(t)===Object.getPrototypeOf(n)?t:void 0;const i=de(t);if(!r){let l;if(i&&(l=ud[s]))return l;if(s==="hasOwnProperty")return fd}const a=Reflect.get(t,s,je(t)?t:n);return(Tt(s)?Ol.has(s):hd(s))||(r||Xe(t,"get",s),o)?a:je(a)?i&&ui(s)?a:a.value:ke(a)?r?gi(a):ps(a):a}}class $l extends Il{constructor(t=!1){super(!1,t)}set(t,s,n,r){let o=t[s];if(!this._isShallow){const l=ms(o);if(!vt(n)&&!ms(n)&&(o=_e(o),n=_e(n)),!de(t)&&je(o)&&!je(n))return l?!1:(o.value=n,!0)}const i=de(t)&&ui(s)?Number(s)<t.length:Re(t,s),a=Reflect.set(t,s,n,je(t)?t:r);return t===_e(r)&&(i?Zt(n,o)&&xt(t,"set",s,n):xt(t,"add",s,n)),a}deleteProperty(t,s){const n=Re(t,s);t[s];const r=Reflect.deleteProperty(t,s);return r&&n&&xt(t,"delete",s,void 0),r}has(t,s){const n=Reflect.has(t,s);return(!Tt(s)||!Ol.has(s))&&Xe(t,"has",s),n}ownKeys(t){return Xe(t,"iterate",de(t)?"length":fs),Reflect.ownKeys(t)}}class pd extends Il{constructor(t=!1){super(!0,t)}set(t,s){return!0}deleteProperty(t,s){return!0}}const md=new $l,gd=new pd,vd=new $l(!0);const Ho=e=>e,On=e=>Reflect.getPrototypeOf(e);function bd(e,t,s){return function(...n){const r=this.__v_raw,o=_e(r),i=Rs(o),a=e==="entries"||e===Symbol.iterator&&i,l=e==="keys"&&i,h=r[e](...n),d=s?Ho:t?Bo:Je;return!t&&Xe(o,"iterate",l?Fo:fs),{next(){const{value:p,done:g}=h.next();return g?{value:p,done:g}:{value:a?[d(p[0]),d(p[1])]:d(p),done:g}},[Symbol.iterator](){return this}}}}function In(e){return function(...t){return e==="delete"?!1:e==="clear"?void 0:this}}function yd(e,t){const s={get(r){const o=this.__v_raw,i=_e(o),a=_e(r);e||(Zt(r,a)&&Xe(i,"get",r),Xe(i,"get",a));const{has:l}=On(i),h=t?Ho:e?Bo:Je;if(l.call(i,r))return h(o.get(r));if(l.call(i,a))return h(o.get(a));o!==i&&o.get(r)},get size(){const r=this.__v_raw;return!e&&Xe(_e(r),"iterate",fs),Reflect.get(r,"size",r)},has(r){const o=this.__v_raw,i=_e(o),a=_e(r);return e||(Zt(r,a)&&Xe(i,"has",r),Xe(i,"has",a)),r===a?o.has(r):o.has(r)||o.has(a)},forEach(r,o){const i=this,a=i.__v_raw,l=_e(a),h=t?Ho:e?Bo:Je;return!e&&Xe(l,"iterate",fs),a.forEach((d,p)=>r.call(o,h(d),h(p),i))}};return Fe(s,e?{add:In("add"),set:In("set"),delete:In("delete"),clear:In("clear")}:{add(r){!t&&!vt(r)&&!ms(r)&&(r=_e(r));const o=_e(this);return On(o).has.call(o,r)||(o.add(r),xt(o,"add",r,r)),this},set(r,o){!t&&!vt(o)&&!ms(o)&&(o=_e(o));const i=_e(this),{has:a,get:l}=On(i);let h=a.call(i,r);h||(r=_e(r),h=a.call(i,r));const d=l.call(i,r);return i.set(r,o),h?Zt(o,d)&&xt(i,"set",r,o):xt(i,"add",r,o),this},delete(r){const o=_e(this),{has:i,get:a}=On(o);let l=i.call(o,r);l||(r=_e(r),l=i.call(o,r)),a&&a.call(o,r);const h=o.delete(r);return l&&xt(o,"delete",r,void 0),h},clear(){const r=_e(this),o=r.size!==0,i=r.clear();return o&&xt(r,"clear",void 0,void 0),i}}),["keys","values","entries",Symbol.iterator].forEach(r=>{s[r]=bd(r,e,t)}),s}function mi(e,t){const s=yd(e,t);return(n,r,o)=>r==="__v_isReactive"?!e:r==="__v_isReadonly"?e:r==="__v_raw"?n:Reflect.get(Re(s,r)&&r in n?s:n,r,o)}const Ed={get:mi(!1,!1)},Td={get:mi(!1,!0)},wd={get:mi(!0,!1)};const Ll=new WeakMap,ql=new WeakMap,Dl=new WeakMap,_d=new WeakMap;function Sd(e){switch(e){case"Object":case"Array":return 1;case"Map":case"Set":case"WeakMap":case"WeakSet":return 2;default:return 0}}function Rd(e){return e.__v_skip||!Object.isExtensible(e)?0:Sd(Qu(e))}function ps(e){return ms(e)?e:vi(e,!1,md,Ed,Ll)}function We(e){return vi(e,!1,vd,Td,ql)}function gi(e){return vi(e,!0,gd,wd,Dl)}function vi(e,t,s,n,r){if(!ke(e)||e.__v_raw&&!(t&&e.__v_isReactive))return e;const o=r.get(e);if(o)return o;const i=Rd(e);if(i===0)return e;const a=new Proxy(e,i===2?n:s);return r.set(e,a),a}function Cs(e){return ms(e)?Cs(e.__v_raw):!!(e&&e.__v_isReactive)}function ms(e){return!!(e&&e.__v_isReadonly)}function vt(e){return!!(e&&e.__v_isShallow)}function bi(e){return e?!!e.__v_raw:!1}function _e(e){const t=e&&e.__v_raw;return t?_e(t):e}function Cd(e){return!Re(e,"__v_skip")&&Object.isExtensible(e)&&vl(e,"__v_skip",!0),e}const Je=e=>ke(e)?ps(e):e,Bo=e=>ke(e)?gi(e):e;function je(e){return e?e.__v_isRef===!0:!1}function zr(e){return Ad(e,!1)}function Ad(e,t){return je(e)?e:new kd(e,t)}class kd{constructor(t,s){this.dep=new Gr,this.__v_isRef=!0,this.__v_isShallow=!1,this._rawValue=s?t:_e(t),this._value=s?t:Je(t),this.__v_isShallow=s}get value(){return this.dep.track(),this._value}set value(t){const s=this._rawValue,n=this.__v_isShallow||vt(t)||ms(t);t=n?t:_e(t),Zt(t,s)&&(this._rawValue=t,this._value=n?t:Je(t),this.dep.trigger())}}function Pl(e){return je(e)?e.value:e}function es(e){return me(e)?e():Pl(e)}const Nd={get:(e,t,s)=>t==="__v_raw"?e:Pl(Reflect.get(e,t,s)),set:(e,t,s,n)=>{const r=e[t];return je(r)&&!je(s)?(r.value=s,!0):Reflect.set(e,t,s,n)}};function xl(e){return Cs(e)?e:new Proxy(e,Nd)}class Od{constructor(t){this.__v_isRef=!0,this._value=void 0;const s=this.dep=new Gr,{get:n,set:r}=t(s.track.bind(s),s.trigger.bind(s));this._get=n,this._set=r}get value(){return this._value=this._get()}set value(t){this._set(t)}}function Id(e){return new Od(e)}class $d{constructor(t,s,n){this._object=t,this._key=s,this._defaultValue=n,this.__v_isRef=!0,this._value=void 0}get value(){const t=this._object[this._key];return this._value=t===void 0?this._defaultValue:t}set value(t){this._object[this._key]=t}get dep(){return cd(_e(this._object),this._key)}}class Ld{constructor(t){this._getter=t,this.__v_isRef=!0,this.__v_isReadonly=!0,this._value=void 0}get value(){return this._value=this._getter()}}function qd(e,t,s){return je(e)?e:me(e)?new Ld(e):ke(e)&&arguments.length>1?Dd(e,t,s):zr(e)}function Dd(e,t,s){const n=e[t];return je(n)?n:new $d(e,t,s)}class Pd{constructor(t,s,n){this.fn=t,this.setter=s,this._value=void 0,this.dep=new Gr(this),this.__v_isRef=!0,this.deps=void 0,this.depsTail=void 0,this.flags=16,this.globalVersion=cn-1,this.next=void 0,this.effect=this,this.__v_isReadonly=!s,this.isSSR=n}notify(){if(this.flags|=16,!(this.flags&8)&&Le!==this)return Sl(this,!0),!0}get value(){const t=this.dep.track();return Al(this),t&&(t.version=this.dep.version),this._value}set value(t){this.setter&&this.setter(t)}}function xd(e,t,s=!1){let n,r;return me(e)?n=e:(n=e.get,r=e.set),new Pd(n,r,s)}const $n={},tr=new WeakMap;let cs;function Md(e,t=!1,s=cs){if(s){let n=tr.get(s);n||tr.set(s,n=[]),n.push(e)}}function Ud(e,t,s=Ie){const{immediate:n,deep:r,once:o,scheduler:i,augmentJob:a,call:l}=s,h=O=>r?O:vt(O)||r===!1||r===0?Mt(O,1):Mt(O);let d,p,g,y,A=!1,k=!1;if(je(e)?(p=()=>e.value,A=vt(e)):Cs(e)?(p=()=>h(e),A=!0):de(e)?(k=!0,A=e.some(O=>Cs(O)||vt(O)),p=()=>e.map(O=>{if(je(O))return O.value;if(Cs(O))return h(O);if(me(O))return l?l(O,2):O()})):me(e)?t?p=l?()=>l(e,2):e:p=()=>{if(g){ss();try{g()}finally{ns()}}const O=cs;cs=d;try{return l?l(e,3,[y]):e(y)}finally{cs=O}}:p=It,t&&r){const O=p,q=r===!0?1/0:r;p=()=>Mt(O(),q)}const j=Tl(),W=()=>{d.stop(),j&&j.active&&ci(j.effects,d)};if(o&&t){const O=t;t=(...q)=>{O(...q),W()}}let C=k?new Array(e.length).fill($n):$n;const R=O=>{if(!(!(d.flags&1)||!d.dirty&&!O))if(t){const q=d.run();if(r||A||(k?q.some((L,Q)=>Zt(L,C[Q])):Zt(q,C))){g&&g();const L=cs;cs=d;try{const Q=[q,C===$n?void 0:k&&C[0]===$n?[]:C,y];l?l(t,3,Q):t(...Q),C=q}finally{cs=L}}}else d.run()};return a&&a(R),d=new wl(p),d.scheduler=i?()=>i(R,!1):R,y=O=>Md(O,!1,d),g=d.onStop=()=>{const O=tr.get(d);if(O){if(l)l(O,4);else for(const q of O)q();tr.delete(d)}},t?n?R(!0):C=d.run():i?i(R.bind(null,!0),!0):d.run(),W.pause=d.pause.bind(d),W.resume=d.resume.bind(d),W.stop=W,W}function Mt(e,t=1/0,s){if(t<=0||!ke(e)||e.__v_skip||(s=s||new Set,s.has(e)))return e;if(s.add(e),t--,je(e))Mt(e.value,t,s);else if(de(e))for(let n=0;n<e.length;n++)Mt(e[n],t,s);else if(Ls(e)||Rs(e))e.forEach(n=>{Mt(n,t,s)});else if(gl(e)){for(const n in e)Mt(e[n],t,s);for(const n of Object.getOwnPropertySymbols(e))Object.prototype.propertyIsEnumerable.call(e,n)&&Mt(e[n],t,s)}return e}/**
* @vue/runtime-core v3.5.13
* (c) 2018-present Yuxi (Evan) You and Vue contributors
* @license MIT
**/function Sn(e,t,s,n){try{return n?e(...n):e()}catch(r){Qr(r,t,s)}}function wt(e,t,s,n){if(me(e)){const r=Sn(e,t,s,n);return r&&pl(r)&&r.catch(o=>{Qr(o,t,s)}),r}if(de(e)){const r=[];for(let o=0;o<e.length;o++)r.push(wt(e[o],t,s,n));return r}}function Qr(e,t,s,n=!0){const r=t?t.vnode:null,{errorHandler:o,throwUnhandledErrorInProduction:i}=t&&t.appContext.config||Ie;if(t){let a=t.parent;const l=t.proxy,h=`https://vuejs.org/error-reference/#runtime-${s}`;for(;a;){const d=a.ec;if(d){for(let p=0;p<d.length;p++)if(d[p](e,l,h)===!1)return}a=a.parent}if(o){ss(),Sn(o,null,10,[e,l,h]),ns();return}}Fd(e,s,r,n,i)}function Fd(e,t,s,n=!0,r=!1){if(r)throw e;console.error(e)}const st=[];let Rt=-1;const As=[];let Wt=null,ws=0;const Ml=Promise.resolve();let sr=null;function Yr(e){const t=sr||Ml;return e?t.then(this?e.bind(this):e):t}function Hd(e){let t=Rt+1,s=st.length;for(;t<s;){const n=t+s>>>1,r=st[n],o=dn(r);o<e||o===e&&r.flags&2?t=n+1:s=n}return t}function yi(e){if(!(e.flags&1)){const t=dn(e),s=st[st.length-1];!s||!(e.flags&2)&&t>=dn(s)?st.push(e):st.splice(Hd(t),0,e),e.flags|=1,Ul()}}function Ul(){sr||(sr=Ml.then(Hl))}function Bd(e){de(e)?As.push(...e):Wt&&e.id===-1?Wt.splice(ws+1,0,e):e.flags&1||(As.push(e),e.flags|=1),Ul()}function Gi(e,t,s=Rt+1){for(;s<st.length;s++){const n=st[s];if(n&&n.flags&2){if(e&&n.id!==e.uid)continue;st.splice(s,1),s--,n.flags&4&&(n.flags&=-2),n(),n.flags&4||(n.flags&=-2)}}}function Fl(e){if(As.length){const t=[...new Set(As)].sort((s,n)=>dn(s)-dn(n));if(As.length=0,Wt){Wt.push(...t);return}for(Wt=t,ws=0;ws<Wt.length;ws++){const s=Wt[ws];s.flags&4&&(s.flags&=-2),s.flags&8||s(),s.flags&=-2}Wt=null,ws=0}}const dn=e=>e.id==null?e.flags&2?-1:1/0:e.id;function Hl(e){try{for(Rt=0;Rt<st.length;Rt++){const t=st[Rt];t&&!(t.flags&8)&&(t.flags&4&&(t.flags&=-2),Sn(t,t.i,t.i?15:14),t.flags&4||(t.flags&=-2))}}finally{for(;Rt<st.length;Rt++){const t=st[Rt];t&&(t.flags&=-2)}Rt=-1,st.length=0,Fl(),sr=null,(st.length||As.length)&&Hl()}}let Be=null,Bl=null;function nr(e){const t=Be;return Be=e,Bl=e&&e.type.__scopeId||null,t}function ce(e,t=Be,s){if(!t||e._n)return e;const n=(...r)=>{n._d&&ta(-1);const o=nr(t);let i;try{i=e(...r)}finally{nr(o),n._d&&ta(1)}return i};return n._n=!0,n._c=!0,n._d=!0,n}function Oe(e,t){if(Be===null)return e;const s=eo(Be),n=e.dirs||(e.dirs=[]);for(let r=0;r<t.length;r++){let[o,i,a,l=Ie]=t[r];o&&(me(o)&&(o={mounted:o,updated:o}),o.deep&&Mt(i),n.push({dir:o,instance:s,value:i,oldValue:void 0,arg:a,modifiers:l}))}return e}function os(e,t,s,n){const r=e.dirs,o=t&&t.dirs;for(let i=0;i<r.length;i++){const a=r[i];o&&(a.oldValue=o[i].value);let l=a.dir[n];l&&(ss(),wt(l,s,8,[e.el,a,e,t]),ns())}}const jd=Symbol("_vte"),jl=e=>e.__isTeleport,zt=Symbol("_leaveCb"),Ln=Symbol("_enterCb");function Vd(){const e={isMounted:!1,isLeaving:!1,isUnmounting:!1,leavingVNodes:new Map};return Xl(()=>{e.isMounted=!0}),Jl(()=>{e.isUnmounting=!0}),e}const ft=[Function,Array],Vl={mode:String,appear:Boolean,persisted:Boolean,onBeforeEnter:ft,onEnter:ft,onAfterEnter:ft,onEnterCancelled:ft,onBeforeLeave:ft,onLeave:ft,onAfterLeave:ft,onLeaveCancelled:ft,onBeforeAppear:ft,onAppear:ft,onAfterAppear:ft,onAppearCancelled:ft},Gl=e=>{const t=e.subTree;return t.component?Gl(t.component):t},Gd={name:"BaseTransition",props:Vl,setup(e,{slots:t}){const s=Bh(),n=Vd();return()=>{const r=t.default&&Ql(t.default(),!0);if(!r||!r.length)return;const o=Wl(r),i=_e(e),{mode:a}=i;if(n.isLeaving)return bo(o);const l=Wi(o);if(!l)return bo(o);let h=jo(l,i,n,s,p=>h=p);l.type!==nt&&hn(l,h);let d=s.subTree&&Wi(s.subTree);if(d&&d.type!==nt&&!ds(l,d)&&Gl(s).type!==nt){let p=jo(d,i,n,s);if(hn(d,p),a==="out-in"&&l.type!==nt)return n.isLeaving=!0,p.afterLeave=()=>{n.isLeaving=!1,s.job.flags&8||s.update(),delete p.afterLeave,d=void 0},bo(o);a==="in-out"&&l.type!==nt?p.delayLeave=(g,y,A)=>{const k=zl(n,d);k[String(d.key)]=d,g[zt]=()=>{y(),g[zt]=void 0,delete h.delayedLeave,d=void 0},h.delayedLeave=()=>{A(),delete h.delayedLeave,d=void 0}}:d=void 0}else d&&(d=void 0);return o}}};function Wl(e){let t=e[0];if(e.length>1){for(const s of e)if(s.type!==nt){t=s;break}}return t}const Wd=Gd;function zl(e,t){const{leavingVNodes:s}=e;let n=s.get(t.type);return n||(n=Object.create(null),s.set(t.type,n)),n}function jo(e,t,s,n,r){const{appear:o,mode:i,persisted:a=!1,onBeforeEnter:l,onEnter:h,onAfterEnter:d,onEnterCancelled:p,onBeforeLeave:g,onLeave:y,onAfterLeave:A,onLeaveCancelled:k,onBeforeAppear:j,onAppear:W,onAfterAppear:C,onAppearCancelled:R}=t,O=String(e.key),q=zl(s,e),L=(P,V)=>{P&&wt(P,n,9,V)},Q=(P,V)=>{const F=V[1];L(P,V),de(P)?P.every(M=>M.length<=1)&&F():P.length<=1&&F()},oe={mode:i,persisted:a,beforeEnter(P){let V=l;if(!s.isMounted)if(o)V=j||l;else return;P[zt]&&P[zt](!0);const F=q[O];F&&ds(e,F)&&F.el[zt]&&F.el[zt](),L(V,[P])},enter(P){let V=h,F=d,M=p;if(!s.isMounted)if(o)V=W||h,F=C||d,M=R||p;else return;let c=!1;const m=P[Ln]=b=>{c||(c=!0,b?L(M,[P]):L(F,[P]),oe.delayedLeave&&oe.delayedLeave(),P[Ln]=void 0)};V?Q(V,[P,m]):m()},leave(P,V){const F=String(e.key);if(P[Ln]&&P[Ln](!0),s.isUnmounting)return V();L(g,[P]);let M=!1;const c=P[zt]=m=>{M||(M=!0,V(),m?L(k,[P]):L(A,[P]),P[zt]=void 0,q[F]===e&&delete q[F])};q[F]=e,y?Q(y,[P,c]):c()},clone(P){const V=jo(P,t,s,n,r);return r&&r(V),V}};return oe}function bo(e){if(Kr(e))return e=ts(e),e.children=null,e}function Wi(e){if(!Kr(e))return jl(e.type)&&e.children?Wl(e.children):e;const{shapeFlag:t,children:s}=e;if(s){if(t&16)return s[0];if(t&32&&me(s.default))return s.default()}}function hn(e,t){e.shapeFlag&6&&e.component?(e.transition=t,hn(e.component.subTree,t)):e.shapeFlag&128?(e.ssContent.transition=t.clone(e.ssContent),e.ssFallback.transition=t.clone(e.ssFallback)):e.transition=t}function Ql(e,t=!1,s){let n=[],r=0;for(let o=0;o<e.length;o++){let i=e[o];const a=s==null?i.key:String(s)+String(i.key!=null?i.key:o);i.type===B?(i.patchFlag&128&&r++,n=n.concat(Ql(i.children,t,a))):(t||i.type!==nt)&&n.push(a!=null?ts(i,{key:a}):i)}if(r>1)for(let o=0;o<n.length;o++)n[o].patchFlag=-2;return n}function Yl(e){e.ids=[e.ids[0]+e.ids[2]+++"-",0,0]}function rr(e,t,s,n,r=!1){if(de(e)){e.forEach((A,k)=>rr(A,t&&(de(t)?t[k]:t),s,n,r));return}if(ks(n)&&!r){n.shapeFlag&512&&n.type.__asyncResolved&&n.component.subTree.component&&rr(e,t,s,n.component.subTree);return}const o=n.shapeFlag&4?eo(n.component):n.el,i=r?null:o,{i:a,r:l}=e,h=t&&t.r,d=a.refs===Ie?a.refs={}:a.refs,p=a.setupState,g=_e(p),y=p===Ie?()=>!1:A=>Re(g,A);if(h!=null&&h!==l&&(xe(h)?(d[h]=null,y(h)&&(p[h]=null)):je(h)&&(h.value=null)),me(l))Sn(l,a,12,[i,d]);else{const A=xe(l),k=je(l);if(A||k){const j=()=>{if(e.f){const W=A?y(l)?p[l]:d[l]:l.value;r?de(W)&&ci(W,o):de(W)?W.includes(o)||W.push(o):A?(d[l]=[o],y(l)&&(p[l]=d[l])):(l.value=[o],e.k&&(d[e.k]=l.value))}else A?(d[l]=i,y(l)&&(p[l]=i)):k&&(l.value=i,e.k&&(d[e.k]=i))};i?(j.id=-1,at(j,s)):j()}}}Vr().requestIdleCallback;Vr().cancelIdleCallback;const ks=e=>!!e.type.__asyncLoader,Kr=e=>e.type.__isKeepAlive;function zd(e,t){Kl(e,"a",t)}function Qd(e,t){Kl(e,"da",t)}function Kl(e,t,s=Ge){const n=e.__wdc||(e.__wdc=()=>{let r=s;for(;r;){if(r.isDeactivated)return;r=r.parent}return e()});if(Xr(t,n,s),s){let r=s.parent;for(;r&&r.parent;)Kr(r.parent.vnode)&&Yd(n,t,s,r),r=r.parent}}function Yd(e,t,s,n){const r=Xr(t,e,n,!0);Zl(()=>{ci(n[t],r)},s)}function Xr(e,t,s=Ge,n=!1){if(s){const r=s[e]||(s[e]=[]),o=t.__weh||(t.__weh=(...i)=>{ss();const a=Rn(s),l=wt(t,s,e,i);return a(),ns(),l});return n?r.unshift(o):r.push(o),o}}const Bt=e=>(t,s=Ge)=>{(!mn||e==="sp")&&Xr(e,(...n)=>t(...n),s)},Kd=Bt("bm"),Xl=Bt("m"),Xd=Bt("bu"),Jd=Bt("u"),Jl=Bt("bum"),Zl=Bt("um"),Zd=Bt("sp"),eh=Bt("rtg"),th=Bt("rtc");function sh(e,t=Ge){Xr("ec",e,t)}const ec="components",nh="directives";function $(e,t){return sc(ec,e,!0,t)||e}const rh=Symbol.for("v-ndc");function tc(e){return sc(nh,e)}function sc(e,t,s=!0,n=!1){const r=Be||Ge;if(r){const o=r.type;if(e===ec){const a=zh(o,!1);if(a&&(a===t||a===bt(t)||a===jr(bt(t))))return o}const i=zi(r[e]||o[e],t)||zi(r.appContext[e],t);return!i&&n?o:i}}function zi(e,t){return e&&(e[t]||e[bt(t)]||e[jr(bt(t))])}function le(e,t,s,n){let r;const o=s,i=de(e);if(i||xe(e)){const a=i&&Cs(e);let l=!1;a&&(l=!vt(e),e=Wr(e)),r=new Array(e.length);for(let h=0,d=e.length;h<d;h++)r[h]=t(l?Je(e[h]):e[h],h,void 0,o)}else if(typeof e=="number"){r=new Array(e);for(let a=0;a<e;a++)r[a]=t(a+1,a,void 0,o)}else if(ke(e))if(e[Symbol.iterator])r=Array.from(e,(a,l)=>t(a,l,void 0,o));else{const a=Object.keys(e);r=new Array(a.length);for(let l=0,h=a.length;l<h;l++){const d=a[l];r[l]=t(e[d],d,l,o)}}else r=[];return r}function oh(e,t){for(let s=0;s<t.length;s++){const n=t[s];if(de(n))for(let r=0;r<n.length;r++)e[n[r].name]=n[r].fn;else n&&(e[n.name]=n.key?(...r)=>{const o=n.fn(...r);return o&&(o.key=n.key),o}:n.fn)}return e}function $t(e,t,s={},n,r){if(Be.ce||Be.parent&&ks(Be.parent)&&Be.parent.ce)return t!=="default"&&(s.name=t),f(),J(B,null,[D("slot",s,n&&n())],64);let o=e[t];o&&o._c&&(o._d=!1),f();const i=o&&nc(o(s)),a=s.key||i&&i.key,l=J(B,{key:(a&&!Tt(a)?a:`_${t}`)+(!i&&n?"_fb":"")},i||(n?n():[]),i&&e._===1?64:-2);return l.scopeId&&(l.slotScopeIds=[l.scopeId+"-s"]),o&&o._c&&(o._d=!0),l}function nc(e){return e.some(t=>pn(t)?!(t.type===nt||t.type===B&&!nc(t.children)):!0)?e:null}const Vo=e=>e?_c(e)?eo(e):Vo(e.parent):null,en=Fe(Object.create(null),{$:e=>e,$el:e=>e.vnode.el,$data:e=>e.data,$props:e=>e.props,$attrs:e=>e.attrs,$slots:e=>e.slots,$refs:e=>e.refs,$parent:e=>Vo(e.parent),$root:e=>Vo(e.root),$host:e=>e.ce,$emit:e=>e.emit,$options:e=>Ei(e),$forceUpdate:e=>e.f||(e.f=()=>{yi(e.update)}),$nextTick:e=>e.n||(e.n=Yr.bind(e.proxy)),$watch:e=>Ah.bind(e)}),yo=(e,t)=>e!==Ie&&!e.__isScriptSetup&&Re(e,t),ih={get({_:e},t){if(t==="__v_skip")return!0;const{ctx:s,setupState:n,data:r,props:o,accessCache:i,type:a,appContext:l}=e;let h;if(t[0]!=="$"){const y=i[t];if(y!==void 0)switch(y){case 1:return n[t];case 2:return r[t];case 4:return s[t];case 3:return o[t]}else{if(yo(n,t))return i[t]=1,n[t];if(r!==Ie&&Re(r,t))return i[t]=2,r[t];if((h=e.propsOptions[0])&&Re(h,t))return i[t]=3,o[t];if(s!==Ie&&Re(s,t))return i[t]=4,s[t];Go&&(i[t]=0)}}const d=en[t];let p,g;if(d)return t==="$attrs"&&Xe(e.attrs,"get",""),d(e);if((p=a.__cssModules)&&(p=p[t]))return p;if(s!==Ie&&Re(s,t))return i[t]=4,s[t];if(g=l.config.globalProperties,Re(g,t))return g[t]},set({_:e},t,s){const{data:n,setupState:r,ctx:o}=e;return yo(r,t)?(r[t]=s,!0):n!==Ie&&Re(n,t)?(n[t]=s,!0):Re(e.props,t)||t[0]==="$"&&t.slice(1)in e?!1:(o[t]=s,!0)},has({_:{data:e,setupState:t,accessCache:s,ctx:n,appContext:r,propsOptions:o}},i){let a;return!!s[i]||e!==Ie&&Re(e,i)||yo(t,i)||(a=o[0])&&Re(a,i)||Re(n,i)||Re(en,i)||Re(r.config.globalProperties,i)},defineProperty(e,t,s){return s.get!=null?e._.accessCache[t]=0:Re(s,"value")&&this.set(e,t,s.value,null),Reflect.defineProperty(e,t,s)}};function Qi(e){return de(e)?e.reduce((t,s)=>(t[s]=null,t),{}):e}let Go=!0;function ah(e){const t=Ei(e),s=e.proxy,n=e.ctx;Go=!1,t.beforeCreate&&Yi(t.beforeCreate,e,"bc");const{data:r,computed:o,methods:i,watch:a,provide:l,inject:h,created:d,beforeMount:p,mounted:g,beforeUpdate:y,updated:A,activated:k,deactivated:j,beforeDestroy:W,beforeUnmount:C,destroyed:R,unmounted:O,render:q,renderTracked:L,renderTriggered:Q,errorCaptured:oe,serverPrefetch:P,expose:V,inheritAttrs:F,components:M,directives:c,filters:m}=t;if(h&&lh(h,n,null),i)for(const N in i){const I=i[N];me(I)&&(n[N]=I.bind(s))}if(r){const N=r.call(s,s);ke(N)&&(e.data=ps(N))}if(Go=!0,o)for(const N in o){const I=o[N],U=me(I)?I.bind(s,s):me(I.get)?I.get.bind(s,s):It,H=!me(I)&&me(I.set)?I.set.bind(s):It,Z=Rc({get:U,set:H});Object.defineProperty(n,N,{enumerable:!0,configurable:!0,get:()=>Z.value,set:ae=>Z.value=ae})}if(a)for(const N in a)rc(a[N],n,s,N);if(l){const N=me(l)?l.call(s):l;Reflect.ownKeys(N).forEach(I=>{ph(I,N[I])})}d&&Yi(d,e,"c");function _(N,I){de(I)?I.forEach(U=>N(U.bind(s))):I&&N(I.bind(s))}if(_(Kd,p),_(Xl,g),_(Xd,y),_(Jd,A),_(zd,k),_(Qd,j),_(sh,oe),_(th,L),_(eh,Q),_(Jl,C),_(Zl,O),_(Zd,P),de(V))if(V.length){const N=e.exposed||(e.exposed={});V.forEach(I=>{Object.defineProperty(N,I,{get:()=>s[I],set:U=>s[I]=U})})}else e.exposed||(e.exposed={});q&&e.render===It&&(e.render=q),F!=null&&(e.inheritAttrs=F),M&&(e.components=M),c&&(e.directives=c),P&&Yl(e)}function lh(e,t,s=It){de(e)&&(e=Wo(e));for(const n in e){const r=e[n];let o;ke(r)?"default"in r?o=Hn(r.from||n,r.default,!0):o=Hn(r.from||n):o=Hn(r),je(o)?Object.defineProperty(t,n,{enumerable:!0,configurable:!0,get:()=>o.value,set:i=>o.value=i}):t[n]=o}}function Yi(e,t,s){wt(de(e)?e.map(n=>n.bind(t.proxy)):e.bind(t.proxy),t,s)}function rc(e,t,s,n){let r=n.includes(".")?bc(s,n):()=>s[n];if(xe(e)){const o=t[e];me(o)&&Os(r,o)}else if(me(e))Os(r,e.bind(s));else if(ke(e))if(de(e))e.forEach(o=>rc(o,t,s,n));else{const o=me(e.handler)?e.handler.bind(s):t[e.handler];me(o)&&Os(r,o,e)}}function Ei(e){const t=e.type,{mixins:s,extends:n}=t,{mixins:r,optionsCache:o,config:{optionMergeStrategies:i}}=e.appContext,a=o.get(t);let l;return a?l=a:!r.length&&!s&&!n?l=t:(l={},r.length&&r.forEach(h=>or(l,h,i,!0)),or(l,t,i)),ke(t)&&o.set(t,l),l}function or(e,t,s,n=!1){const{mixins:r,extends:o}=t;o&&or(e,o,s,!0),r&&r.forEach(i=>or(e,i,s,!0));for(const i in t)if(!(n&&i==="expose")){const a=ch[i]||s&&s[i];e[i]=a?a(e[i],t[i]):t[i]}return e}const ch={data:Ki,props:Xi,emits:Xi,methods:zs,computed:zs,beforeCreate:Ze,created:Ze,beforeMount:Ze,mounted:Ze,beforeUpdate:Ze,updated:Ze,beforeDestroy:Ze,beforeUnmount:Ze,destroyed:Ze,unmounted:Ze,activated:Ze,deactivated:Ze,errorCaptured:Ze,serverPrefetch:Ze,components:zs,directives:zs,watch:dh,provide:Ki,inject:uh};function Ki(e,t){return t?e?function(){return Fe(me(e)?e.call(this,this):e,me(t)?t.call(this,this):t)}:t:e}function uh(e,t){return zs(Wo(e),Wo(t))}function Wo(e){if(de(e)){const t={};for(let s=0;s<e.length;s++)t[e[s]]=e[s];return t}return e}function Ze(e,t){return e?[...new Set([].concat(e,t))]:t}function zs(e,t){return e?Fe(Object.create(null),e,t):t}function Xi(e,t){return e?de(e)&&de(t)?[...new Set([...e,...t])]:Fe(Object.create(null),Qi(e),Qi(t??{})):t}function dh(e,t){if(!e)return t;if(!t)return e;const s=Fe(Object.create(null),e);for(const n in t)s[n]=Ze(e[n],t[n]);return s}function oc(){return{app:null,config:{isNativeTag:Wu,performance:!1,globalProperties:{},optionMergeStrategies:{},errorHandler:void 0,warnHandler:void 0,compilerOptions:{}},mixins:[],components:{},directives:{},provides:Object.create(null),optionsCache:new WeakMap,propsCache:new WeakMap,emitsCache:new WeakMap}}let hh=0;function fh(e,t){return function(n,r=null){me(n)||(n=Fe({},n)),r!=null&&!ke(r)&&(r=null);const o=oc(),i=new WeakSet,a=[];let l=!1;const h=o.app={_uid:hh++,_component:n,_props:r,_container:null,_context:o,_instance:null,version:Kh,get config(){return o.config},set config(d){},use(d,...p){return i.has(d)||(d&&me(d.install)?(i.add(d),d.install(h,...p)):me(d)&&(i.add(d),d(h,...p))),h},mixin(d){return o.mixins.includes(d)||o.mixins.push(d),h},component(d,p){return p?(o.components[d]=p,h):o.components[d]},directive(d,p){return p?(o.directives[d]=p,h):o.directives[d]},mount(d,p,g){if(!l){const y=h._ceVNode||D(n,r);return y.appContext=o,g===!0?g="svg":g===!1&&(g=void 0),p&&t?t(y,d):e(y,d,g),l=!0,h._container=d,d.__vue_app__=h,eo(y.component)}},onUnmount(d){a.push(d)},unmount(){l&&(wt(a,h._instance,16),e(null,h._container),delete h._container.__vue_app__)},provide(d,p){return o.provides[d]=p,h},runWithContext(d){const p=Ns;Ns=h;try{return d()}finally{Ns=p}}};return h}}let Ns=null;function ph(e,t){if(Ge){let s=Ge.provides;const n=Ge.parent&&Ge.parent.provides;n===s&&(s=Ge.provides=Object.create(n)),s[e]=t}}function Hn(e,t,s=!1){const n=Ge||Be;if(n||Ns){const r=Ns?Ns._context.provides:n?n.parent==null?n.vnode.appContext&&n.vnode.appContext.provides:n.parent.provides:void 0;if(r&&e in r)return r[e];if(arguments.length>1)return s&&me(t)?t.call(n&&n.proxy):t}}const ic={},ac=()=>Object.create(ic),lc=e=>Object.getPrototypeOf(e)===ic;function mh(e,t,s,n=!1){const r={},o=ac();e.propsDefaults=Object.create(null),cc(e,t,r,o);for(const i in e.propsOptions[0])i in r||(r[i]=void 0);s?e.props=n?r:We(r):e.type.props?e.props=r:e.props=o,e.attrs=o}function gh(e,t,s,n){const{props:r,attrs:o,vnode:{patchFlag:i}}=e,a=_e(r),[l]=e.propsOptions;let h=!1;if((n||i>0)&&!(i&16)){if(i&8){const d=e.vnode.dynamicProps;for(let p=0;p<d.length;p++){let g=d[p];if(Jr(e.emitsOptions,g))continue;const y=t[g];if(l)if(Re(o,g))y!==o[g]&&(o[g]=y,h=!0);else{const A=bt(g);r[A]=zo(l,a,A,y,e,!1)}else y!==o[g]&&(o[g]=y,h=!0)}}}else{cc(e,t,r,o)&&(h=!0);let d;for(const p in a)(!t||!Re(t,p)&&((d=gs(p))===p||!Re(t,d)))&&(l?s&&(s[p]!==void 0||s[d]!==void 0)&&(r[p]=zo(l,a,p,void 0,e,!0)):delete r[p]);if(o!==a)for(const p in o)(!t||!Re(t,p))&&(delete o[p],h=!0)}h&&xt(e.attrs,"set","")}function cc(e,t,s,n){const[r,o]=e.propsOptions;let i=!1,a;if(t)for(let l in t){if(Xs(l))continue;const h=t[l];let d;r&&Re(r,d=bt(l))?!o||!o.includes(d)?s[d]=h:(a||(a={}))[d]=h:Jr(e.emitsOptions,l)||(!(l in n)||h!==n[l])&&(n[l]=h,i=!0)}if(o){const l=_e(s),h=a||Ie;for(let d=0;d<o.length;d++){const p=o[d];s[p]=zo(r,l,p,h[p],e,!Re(h,p))}}return i}function zo(e,t,s,n,r,o){const i=e[s];if(i!=null){const a=Re(i,"default");if(a&&n===void 0){const l=i.default;if(i.type!==Function&&!i.skipFactory&&me(l)){const{propsDefaults:h}=r;if(s in h)n=h[s];else{const d=Rn(r);n=h[s]=l.call(null,t),d()}}else n=l;r.ce&&r.ce._setProp(s,n)}i[0]&&(o&&!a?n=!1:i[1]&&(n===""||n===gs(s))&&(n=!0))}return n}const vh=new WeakMap;function uc(e,t,s=!1){const n=s?vh:t.propsCache,r=n.get(e);if(r)return r;const o=e.props,i={},a=[];let l=!1;if(!me(e)){const d=p=>{l=!0;const[g,y]=uc(p,t,!0);Fe(i,g),y&&a.push(...y)};!s&&t.mixins.length&&t.mixins.forEach(d),e.extends&&d(e.extends),e.mixins&&e.mixins.forEach(d)}if(!o&&!l)return ke(e)&&n.set(e,Ss),Ss;if(de(o))for(let d=0;d<o.length;d++){const p=bt(o[d]);Ji(p)&&(i[p]=Ie)}else if(o)for(const d in o){const p=bt(d);if(Ji(p)){const g=o[d],y=i[p]=de(g)||me(g)?{type:g}:Fe({},g),A=y.type;let k=!1,j=!0;if(de(A))for(let W=0;W<A.length;++W){const C=A[W],R=me(C)&&C.name;if(R==="Boolean"){k=!0;break}else R==="String"&&(j=!1)}else k=me(A)&&A.name==="Boolean";y[0]=k,y[1]=j,(k||Re(y,"default"))&&a.push(p)}}const h=[i,a];return ke(e)&&n.set(e,h),h}function Ji(e){return e[0]!=="$"&&!Xs(e)}const dc=e=>e[0]==="_"||e==="$stable",Ti=e=>de(e)?e.map(Nt):[Nt(e)],bh=(e,t,s)=>{if(t._n)return t;const n=ce((...r)=>Ti(t(...r)),s);return n._c=!1,n},hc=(e,t,s)=>{const n=e._ctx;for(const r in e){if(dc(r))continue;const o=e[r];if(me(o))t[r]=bh(r,o,n);else if(o!=null){const i=Ti(o);t[r]=()=>i}}},fc=(e,t)=>{const s=Ti(t);e.slots.default=()=>s},pc=(e,t,s)=>{for(const n in t)(s||n!=="_")&&(e[n]=t[n])},yh=(e,t,s)=>{const n=e.slots=ac();if(e.vnode.shapeFlag&32){const r=t._;r?(pc(n,t,s),s&&vl(n,"_",r,!0)):hc(t,n)}else t&&fc(e,t)},Eh=(e,t,s)=>{const{vnode:n,slots:r}=e;let o=!0,i=Ie;if(n.shapeFlag&32){const a=t._;a?s&&a===1?o=!1:pc(r,t,s):(o=!t.$stable,hc(t,r)),i=t}else t&&(fc(e,t),i={default:1});if(o)for(const a in r)!dc(a)&&i[a]==null&&delete r[a]},at=qh;function Th(e){return wh(e)}function wh(e,t){const s=Vr();s.__VUE__=!0;const{insert:n,remove:r,patchProp:o,createElement:i,createText:a,createComment:l,setText:h,setElementText:d,parentNode:p,nextSibling:g,setScopeId:y=It,insertStaticContent:A}=e,k=(w,S,x,Y=null,G=null,K=null,re=void 0,ne=null,se=!!S.dynamicChildren)=>{if(w===S)return;w&&!ds(w,S)&&(Y=Ne(w),ae(w,G,K,!0),w=null),S.patchFlag===-2&&(se=!1,S.dynamicChildren=null);const{type:X,ref:fe,shapeFlag:ie}=S;switch(X){case Zr:j(w,S,x,Y);break;case nt:W(w,S,x,Y);break;case wo:w==null&&C(S,x,Y,re);break;case B:M(w,S,x,Y,G,K,re,ne,se);break;default:ie&1?q(w,S,x,Y,G,K,re,ne,se):ie&6?c(w,S,x,Y,G,K,re,ne,se):(ie&64||ie&128)&&X.process(w,S,x,Y,G,K,re,ne,se,Ue)}fe!=null&&G&&rr(fe,w&&w.ref,K,S||w,!S)},j=(w,S,x,Y)=>{if(w==null)n(S.el=a(S.children),x,Y);else{const G=S.el=w.el;S.children!==w.children&&h(G,S.children)}},W=(w,S,x,Y)=>{w==null?n(S.el=l(S.children||""),x,Y):S.el=w.el},C=(w,S,x,Y)=>{[w.el,w.anchor]=A(w.children,S,x,Y,w.el,w.anchor)},R=({el:w,anchor:S},x,Y)=>{let G;for(;w&&w!==S;)G=g(w),n(w,x,Y),w=G;n(S,x,Y)},O=({el:w,anchor:S})=>{let x;for(;w&&w!==S;)x=g(w),r(w),w=x;r(S)},q=(w,S,x,Y,G,K,re,ne,se)=>{S.type==="svg"?re="svg":S.type==="math"&&(re="mathml"),w==null?L(S,x,Y,G,K,re,ne,se):P(w,S,G,K,re,ne,se)},L=(w,S,x,Y,G,K,re,ne)=>{let se,X;const{props:fe,shapeFlag:ie,transition:ue,dirs:pe}=w;if(se=w.el=i(w.type,K,fe&&fe.is,fe),ie&8?d(se,w.children):ie&16&&oe(w.children,se,null,Y,G,Eo(w,K),re,ne),pe&&os(w,null,Y,"created"),Q(se,w,w.scopeId,re,Y),fe){for(const $e in fe)$e!=="value"&&!Xs($e)&&o(se,$e,null,fe[$e],K,Y);"value"in fe&&o(se,"value",null,fe.value,K),(X=fe.onVnodeBeforeMount)&&St(X,Y,w)}pe&&os(w,null,Y,"beforeMount");const we=_h(G,ue);we&&ue.beforeEnter(se),n(se,S,x),((X=fe&&fe.onVnodeMounted)||we||pe)&&at(()=>{X&&St(X,Y,w),we&&ue.enter(se),pe&&os(w,null,Y,"mounted")},G)},Q=(w,S,x,Y,G)=>{if(x&&y(w,x),Y)for(let K=0;K<Y.length;K++)y(w,Y[K]);if(G){let K=G.subTree;if(S===K||Ec(K.type)&&(K.ssContent===S||K.ssFallback===S)){const re=G.vnode;Q(w,re,re.scopeId,re.slotScopeIds,G.parent)}}},oe=(w,S,x,Y,G,K,re,ne,se=0)=>{for(let X=se;X<w.length;X++){const fe=w[X]=ne?Qt(w[X]):Nt(w[X]);k(null,fe,S,x,Y,G,K,re,ne)}},P=(w,S,x,Y,G,K,re)=>{const ne=S.el=w.el;let{patchFlag:se,dynamicChildren:X,dirs:fe}=S;se|=w.patchFlag&16;const ie=w.props||Ie,ue=S.props||Ie;let pe;if(x&&is(x,!1),(pe=ue.onVnodeBeforeUpdate)&&St(pe,x,S,w),fe&&os(S,w,x,"beforeUpdate"),x&&is(x,!0),(ie.innerHTML&&ue.innerHTML==null||ie.textContent&&ue.textContent==null)&&d(ne,""),X?V(w.dynamicChildren,X,ne,x,Y,Eo(S,G),K):re||I(w,S,ne,null,x,Y,Eo(S,G),K,!1),se>0){if(se&16)F(ne,ie,ue,x,G);else if(se&2&&ie.class!==ue.class&&o(ne,"class",null,ue.class,G),se&4&&o(ne,"style",ie.style,ue.style,G),se&8){const we=S.dynamicProps;for(let $e=0;$e<we.length;$e++){const Ce=we[$e],rt=ie[Ce],Ye=ue[Ce];(Ye!==rt||Ce==="value")&&o(ne,Ce,rt,Ye,G,x)}}se&1&&w.children!==S.children&&d(ne,S.children)}else!re&&X==null&&F(ne,ie,ue,x,G);((pe=ue.onVnodeUpdated)||fe)&&at(()=>{pe&&St(pe,x,S,w),fe&&os(S,w,x,"updated")},Y)},V=(w,S,x,Y,G,K,re)=>{for(let ne=0;ne<S.length;ne++){const se=w[ne],X=S[ne],fe=se.el&&(se.type===B||!ds(se,X)||se.shapeFlag&70)?p(se.el):x;k(se,X,fe,null,Y,G,K,re,!0)}},F=(w,S,x,Y,G)=>{if(S!==x){if(S!==Ie)for(const K in S)!Xs(K)&&!(K in x)&&o(w,K,S[K],null,G,Y);for(const K in x){if(Xs(K))continue;const re=x[K],ne=S[K];re!==ne&&K!=="value"&&o(w,K,ne,re,G,Y)}"value"in x&&o(w,"value",S.value,x.value,G)}},M=(w,S,x,Y,G,K,re,ne,se)=>{const X=S.el=w?w.el:a(""),fe=S.anchor=w?w.anchor:a("");let{patchFlag:ie,dynamicChildren:ue,slotScopeIds:pe}=S;pe&&(ne=ne?ne.concat(pe):pe),w==null?(n(X,x,Y),n(fe,x,Y),oe(S.children||[],x,fe,G,K,re,ne,se)):ie>0&&ie&64&&ue&&w.dynamicChildren?(V(w.dynamicChildren,ue,x,G,K,re,ne),(S.key!=null||G&&S===G.subTree)&&mc(w,S,!0)):I(w,S,x,fe,G,K,re,ne,se)},c=(w,S,x,Y,G,K,re,ne,se)=>{S.slotScopeIds=ne,w==null?S.shapeFlag&512?G.ctx.activate(S,x,Y,re,se):m(S,x,Y,G,K,re,se):b(w,S,se)},m=(w,S,x,Y,G,K,re)=>{const ne=w.component=Hh(w,Y,G);if(Kr(w)&&(ne.ctx.renderer=Ue),jh(ne,!1,re),ne.asyncDep){if(G&&G.registerDep(ne,_,re),!w.el){const se=ne.subTree=D(nt);W(null,se,S,x)}}else _(ne,w,S,x,G,K,re)},b=(w,S,x)=>{const Y=S.component=w.component;if($h(w,S,x))if(Y.asyncDep&&!Y.asyncResolved){N(Y,S,x);return}else Y.next=S,Y.update();else S.el=w.el,Y.vnode=S},_=(w,S,x,Y,G,K,re)=>{const ne=()=>{if(w.isMounted){let{next:ie,bu:ue,u:pe,parent:we,vnode:$e}=w;{const ot=gc(w);if(ot){ie&&(ie.el=$e.el,N(w,ie,re)),ot.asyncDep.then(()=>{w.isUnmounted||ne()});return}}let Ce=ie,rt;is(w,!1),ie?(ie.el=$e.el,N(w,ie,re)):ie=$e,ue&&Fn(ue),(rt=ie.props&&ie.props.onVnodeBeforeUpdate)&&St(rt,we,ie,$e),is(w,!0);const Ye=To(w),yt=w.subTree;w.subTree=Ye,k(yt,Ye,p(yt.el),Ne(yt),w,G,K),ie.el=Ye.el,Ce===null&&Lh(w,Ye.el),pe&&at(pe,G),(rt=ie.props&&ie.props.onVnodeUpdated)&&at(()=>St(rt,we,ie,$e),G)}else{let ie;const{el:ue,props:pe}=S,{bm:we,m:$e,parent:Ce,root:rt,type:Ye}=w,yt=ks(S);if(is(w,!1),we&&Fn(we),!yt&&(ie=pe&&pe.onVnodeBeforeMount)&&St(ie,Ce,S),is(w,!0),ue&&Ve){const ot=()=>{w.subTree=To(w),Ve(ue,w.subTree,w,G,null)};yt&&Ye.__asyncHydrate?Ye.__asyncHydrate(ue,w,ot):ot()}else{rt.ce&&rt.ce._injectChildStyle(Ye);const ot=w.subTree=To(w);k(null,ot,x,Y,w,G,K),S.el=ot.el}if($e&&at($e,G),!yt&&(ie=pe&&pe.onVnodeMounted)){const ot=S;at(()=>St(ie,Ce,ot),G)}(S.shapeFlag&256||Ce&&ks(Ce.vnode)&&Ce.vnode.shapeFlag&256)&&w.a&&at(w.a,G),w.isMounted=!0,S=x=Y=null}};w.scope.on();const se=w.effect=new wl(ne);w.scope.off();const X=w.update=se.run.bind(se),fe=w.job=se.runIfDirty.bind(se);fe.i=w,fe.id=w.uid,se.scheduler=()=>yi(fe),is(w,!0),X()},N=(w,S,x)=>{S.component=w;const Y=w.vnode.props;w.vnode=S,w.next=null,gh(w,S.props,Y,x),Eh(w,S.children,x),ss(),Gi(w),ns()},I=(w,S,x,Y,G,K,re,ne,se=!1)=>{const X=w&&w.children,fe=w?w.shapeFlag:0,ie=S.children,{patchFlag:ue,shapeFlag:pe}=S;if(ue>0){if(ue&128){H(X,ie,x,Y,G,K,re,ne,se);return}else if(ue&256){U(X,ie,x,Y,G,K,re,ne,se);return}}pe&8?(fe&16&&Te(X,G,K),ie!==X&&d(x,ie)):fe&16?pe&16?H(X,ie,x,Y,G,K,re,ne,se):Te(X,G,K,!0):(fe&8&&d(x,""),pe&16&&oe(ie,x,Y,G,K,re,ne,se))},U=(w,S,x,Y,G,K,re,ne,se)=>{w=w||Ss,S=S||Ss;const X=w.length,fe=S.length,ie=Math.min(X,fe);let ue;for(ue=0;ue<ie;ue++){const pe=S[ue]=se?Qt(S[ue]):Nt(S[ue]);k(w[ue],pe,x,null,G,K,re,ne,se)}X>fe?Te(w,G,K,!0,!1,ie):oe(S,x,Y,G,K,re,ne,se,ie)},H=(w,S,x,Y,G,K,re,ne,se)=>{let X=0;const fe=S.length;let ie=w.length-1,ue=fe-1;for(;X<=ie&&X<=ue;){const pe=w[X],we=S[X]=se?Qt(S[X]):Nt(S[X]);if(ds(pe,we))k(pe,we,x,null,G,K,re,ne,se);else break;X++}for(;X<=ie&&X<=ue;){const pe=w[ie],we=S[ue]=se?Qt(S[ue]):Nt(S[ue]);if(ds(pe,we))k(pe,we,x,null,G,K,re,ne,se);else break;ie--,ue--}if(X>ie){if(X<=ue){const pe=ue+1,we=pe<fe?S[pe].el:Y;for(;X<=ue;)k(null,S[X]=se?Qt(S[X]):Nt(S[X]),x,we,G,K,re,ne,se),X++}}else if(X>ue)for(;X<=ie;)ae(w[X],G,K,!0),X++;else{const pe=X,we=X,$e=new Map;for(X=we;X<=ue;X++){const it=S[X]=se?Qt(S[X]):Nt(S[X]);it.key!=null&&$e.set(it.key,X)}let Ce,rt=0;const Ye=ue-we+1;let yt=!1,ot=0;const Ms=new Array(Ye);for(X=0;X<Ye;X++)Ms[X]=0;for(X=pe;X<=ie;X++){const it=w[X];if(rt>=Ye){ae(it,G,K,!0);continue}let _t;if(it.key!=null)_t=$e.get(it.key);else for(Ce=we;Ce<=ue;Ce++)if(Ms[Ce-we]===0&&ds(it,S[Ce])){_t=Ce;break}_t===void 0?ae(it,G,K,!0):(Ms[_t-we]=X+1,_t>=ot?ot=_t:yt=!0,k(it,S[_t],x,null,G,K,re,ne,se),rt++)}const Ui=yt?Sh(Ms):Ss;for(Ce=Ui.length-1,X=Ye-1;X>=0;X--){const it=we+X,_t=S[it],Fi=it+1<fe?S[it+1].el:Y;Ms[X]===0?k(null,_t,x,Fi,G,K,re,ne,se):yt&&(Ce<0||X!==Ui[Ce]?Z(_t,x,Fi,2):Ce--)}}},Z=(w,S,x,Y,G=null)=>{const{el:K,type:re,transition:ne,children:se,shapeFlag:X}=w;if(X&6){Z(w.component.subTree,S,x,Y);return}if(X&128){w.suspense.move(S,x,Y);return}if(X&64){re.move(w,S,x,Ue);return}if(re===B){n(K,S,x);for(let ie=0;ie<se.length;ie++)Z(se[ie],S,x,Y);n(w.anchor,S,x);return}if(re===wo){R(w,S,x);return}if(Y!==2&&X&1&&ne)if(Y===0)ne.beforeEnter(K),n(K,S,x),at(()=>ne.enter(K),G);else{const{leave:ie,delayLeave:ue,afterLeave:pe}=ne,we=()=>n(K,S,x),$e=()=>{ie(K,()=>{we(),pe&&pe()})};ue?ue(K,we,$e):$e()}else n(K,S,x)},ae=(w,S,x,Y=!1,G=!1)=>{const{type:K,props:re,ref:ne,children:se,dynamicChildren:X,shapeFlag:fe,patchFlag:ie,dirs:ue,cacheIndex:pe}=w;if(ie===-2&&(G=!1),ne!=null&&rr(ne,null,x,w,!0),pe!=null&&(S.renderCache[pe]=void 0),fe&256){S.ctx.deactivate(w);return}const we=fe&1&&ue,$e=!ks(w);let Ce;if($e&&(Ce=re&&re.onVnodeBeforeUnmount)&&St(Ce,S,w),fe&6)Ee(w.component,x,Y);else{if(fe&128){w.suspense.unmount(x,Y);return}we&&os(w,null,S,"beforeUnmount"),fe&64?w.type.remove(w,S,x,Ue,Y):X&&!X.hasOnce&&(K!==B||ie>0&&ie&64)?Te(X,S,x,!1,!0):(K===B&&ie&384||!G&&fe&16)&&Te(se,S,x),Y&&Se(w)}($e&&(Ce=re&&re.onVnodeUnmounted)||we)&&at(()=>{Ce&&St(Ce,S,w),we&&os(w,null,S,"unmounted")},x)},Se=w=>{const{type:S,el:x,anchor:Y,transition:G}=w;if(S===B){ye(x,Y);return}if(S===wo){O(w);return}const K=()=>{r(x),G&&!G.persisted&&G.afterLeave&&G.afterLeave()};if(w.shapeFlag&1&&G&&!G.persisted){const{leave:re,delayLeave:ne}=G,se=()=>re(x,K);ne?ne(w.el,K,se):se()}else K()},ye=(w,S)=>{let x;for(;w!==S;)x=g(w),r(w),w=x;r(S)},Ee=(w,S,x)=>{const{bum:Y,scope:G,job:K,subTree:re,um:ne,m:se,a:X}=w;Zi(se),Zi(X),Y&&Fn(Y),G.stop(),K&&(K.flags|=8,ae(re,w,S,x)),ne&&at(ne,S),at(()=>{w.isUnmounted=!0},S),S&&S.pendingBranch&&!S.isUnmounted&&w.asyncDep&&!w.asyncResolved&&w.suspenseId===S.pendingId&&(S.deps--,S.deps===0&&S.resolve())},Te=(w,S,x,Y=!1,G=!1,K=0)=>{for(let re=K;re<w.length;re++)ae(w[re],S,x,Y,G)},Ne=w=>{if(w.shapeFlag&6)return Ne(w.component.subTree);if(w.shapeFlag&128)return w.suspense.next();const S=g(w.anchor||w.el),x=S&&S[jd];return x?g(x):S};let Pe=!1;const De=(w,S,x)=>{w==null?S._vnode&&ae(S._vnode,null,null,!0):k(S._vnode||null,w,S,null,null,null,x),S._vnode=w,Pe||(Pe=!0,Gi(),Fl(),Pe=!1)},Ue={p:k,um:ae,m:Z,r:Se,mt:m,mc:oe,pc:I,pbc:V,n:Ne,o:e};let qe,Ve;return{render:De,hydrate:qe,createApp:fh(De,qe)}}function Eo({type:e,props:t},s){return s==="svg"&&e==="foreignObject"||s==="mathml"&&e==="annotation-xml"&&t&&t.encoding&&t.encoding.includes("html")?void 0:s}function is({effect:e,job:t},s){s?(e.flags|=32,t.flags|=4):(e.flags&=-33,t.flags&=-5)}function _h(e,t){return(!e||e&&!e.pendingBranch)&&t&&!t.persisted}function mc(e,t,s=!1){const n=e.children,r=t.children;if(de(n)&&de(r))for(let o=0;o<n.length;o++){const i=n[o];let a=r[o];a.shapeFlag&1&&!a.dynamicChildren&&((a.patchFlag<=0||a.patchFlag===32)&&(a=r[o]=Qt(r[o]),a.el=i.el),!s&&a.patchFlag!==-2&&mc(i,a)),a.type===Zr&&(a.el=i.el)}}function Sh(e){const t=e.slice(),s=[0];let n,r,o,i,a;const l=e.length;for(n=0;n<l;n++){const h=e[n];if(h!==0){if(r=s[s.length-1],e[r]<h){t[n]=r,s.push(n);continue}for(o=0,i=s.length-1;o<i;)a=o+i>>1,e[s[a]]<h?o=a+1:i=a;h<e[s[o]]&&(o>0&&(t[n]=s[o-1]),s[o]=n)}}for(o=s.length,i=s[o-1];o-- >0;)s[o]=i,i=t[i];return s}function gc(e){const t=e.subTree.component;if(t)return t.asyncDep&&!t.asyncResolved?t:gc(t)}function Zi(e){if(e)for(let t=0;t<e.length;t++)e[t].flags|=8}const Rh=Symbol.for("v-scx"),Ch=()=>Hn(Rh);function Os(e,t,s){return vc(e,t,s)}function vc(e,t,s=Ie){const{immediate:n,deep:r,flush:o,once:i}=s,a=Fe({},s),l=t&&n||!t&&o!=="post";let h;if(mn){if(o==="sync"){const y=Ch();h=y.__watcherHandles||(y.__watcherHandles=[])}else if(!l){const y=()=>{};return y.stop=It,y.resume=It,y.pause=It,y}}const d=Ge;a.call=(y,A,k)=>wt(y,d,A,k);let p=!1;o==="post"?a.scheduler=y=>{at(y,d&&d.suspense)}:o!=="sync"&&(p=!0,a.scheduler=(y,A)=>{A?y():yi(y)}),a.augmentJob=y=>{t&&(y.flags|=4),p&&(y.flags|=2,d&&(y.id=d.uid,y.i=d))};const g=Ud(e,t,a);return mn&&(h?h.push(g):l&&g()),g}function Ah(e,t,s){const n=this.proxy,r=xe(e)?e.includes(".")?bc(n,e):()=>n[e]:e.bind(n,n);let o;me(t)?o=t:(o=t.handler,s=t);const i=Rn(this),a=vc(r,o.bind(n),s);return i(),a}function bc(e,t){const s=t.split(".");return()=>{let n=e;for(let r=0;r<s.length&&n;r++)n=n[s[r]];return n}}const kh=(e,t)=>t==="modelValue"||t==="model-value"?e.modelModifiers:e[`${t}Modifiers`]||e[`${bt(t)}Modifiers`]||e[`${gs(t)}Modifiers`];function Nh(e,t,...s){if(e.isUnmounted)return;const n=e.vnode.props||Ie;let r=s;const o=t.startsWith("update:"),i=o&&kh(n,t.slice(7));i&&(i.trim&&(r=s.map(d=>xe(d)?d.trim():d)),i.number&&(r=s.map(Zn)));let a,l=n[a=fo(t)]||n[a=fo(bt(t))];!l&&o&&(l=n[a=fo(gs(t))]),l&&wt(l,e,6,r);const h=n[a+"Once"];if(h){if(!e.emitted)e.emitted={};else if(e.emitted[a])return;e.emitted[a]=!0,wt(h,e,6,r)}}function yc(e,t,s=!1){const n=t.emitsCache,r=n.get(e);if(r!==void 0)return r;const o=e.emits;let i={},a=!1;if(!me(e)){const l=h=>{const d=yc(h,t,!0);d&&(a=!0,Fe(i,d))};!s&&t.mixins.length&&t.mixins.forEach(l),e.extends&&l(e.extends),e.mixins&&e.mixins.forEach(l)}return!o&&!a?(ke(e)&&n.set(e,null),null):(de(o)?o.forEach(l=>i[l]=null):Fe(i,o),ke(e)&&n.set(e,i),i)}function Jr(e,t){return!e||!Hr(t)?!1:(t=t.slice(2).replace(/Once$/,""),Re(e,t[0].toLowerCase()+t.slice(1))||Re(e,gs(t))||Re(e,t))}function To(e){const{type:t,vnode:s,proxy:n,withProxy:r,propsOptions:[o],slots:i,attrs:a,emit:l,render:h,renderCache:d,props:p,data:g,setupState:y,ctx:A,inheritAttrs:k}=e,j=nr(e);let W,C;try{if(s.shapeFlag&4){const O=r||n,q=O;W=Nt(h.call(q,O,d,p,y,g,A)),C=a}else{const O=t;W=Nt(O.length>1?O(p,{attrs:a,slots:i,emit:l}):O(p,null)),C=t.props?a:Oh(a)}}catch(O){tn.length=0,Qr(O,e,1),W=D(nt)}let R=W;if(C&&k!==!1){const O=Object.keys(C),{shapeFlag:q}=R;O.length&&q&7&&(o&&O.some(li)&&(C=Ih(C,o)),R=ts(R,C,!1,!0))}return s.dirs&&(R=ts(R,null,!1,!0),R.dirs=R.dirs?R.dirs.concat(s.dirs):s.dirs),s.transition&&hn(R,s.transition),W=R,nr(j),W}const Oh=e=>{let t;for(const s in e)(s==="class"||s==="style"||Hr(s))&&((t||(t={}))[s]=e[s]);return t},Ih=(e,t)=>{const s={};for(const n in e)(!li(n)||!(n.slice(9)in t))&&(s[n]=e[n]);return s};function $h(e,t,s){const{props:n,children:r,component:o}=e,{props:i,children:a,patchFlag:l}=t,h=o.emitsOptions;if(t.dirs||t.transition)return!0;if(s&&l>=0){if(l&1024)return!0;if(l&16)return n?ea(n,i,h):!!i;if(l&8){const d=t.dynamicProps;for(let p=0;p<d.length;p++){const g=d[p];if(i[g]!==n[g]&&!Jr(h,g))return!0}}}else return(r||a)&&(!a||!a.$stable)?!0:n===i?!1:n?i?ea(n,i,h):!0:!!i;return!1}function ea(e,t,s){const n=Object.keys(t);if(n.length!==Object.keys(e).length)return!0;for(let r=0;r<n.length;r++){const o=n[r];if(t[o]!==e[o]&&!Jr(s,o))return!0}return!1}function Lh({vnode:e,parent:t},s){for(;t;){const n=t.subTree;if(n.suspense&&n.suspense.activeBranch===e&&(n.el=e.el),n===e)(e=t.vnode).el=s,t=t.parent;else break}}const Ec=e=>e.__isSuspense;function qh(e,t){t&&t.pendingBranch?de(e)?t.effects.push(...e):t.effects.push(e):Bd(e)}const B=Symbol.for("v-fgt"),Zr=Symbol.for("v-txt"),nt=Symbol.for("v-cmt"),wo=Symbol.for("v-stc"),tn=[];let dt=null;function f(e=!1){tn.push(dt=e?null:[])}function Dh(){tn.pop(),dt=tn[tn.length-1]||null}let fn=1;function ta(e,t=!1){fn+=e,e<0&&dt&&t&&(dt.hasOnce=!0)}function Tc(e){return e.dynamicChildren=fn>0?dt||Ss:null,Dh(),fn>0&&dt&&dt.push(e),e}function v(e,t,s,n,r,o){return Tc(u(e,t,s,n,r,o,!0))}function J(e,t,s,n,r){return Tc(D(e,t,s,n,r,!0))}function pn(e){return e?e.__v_isVNode===!0:!1}function ds(e,t){return e.type===t.type&&e.key===t.key}const wc=({key:e})=>e??null,Bn=({ref:e,ref_key:t,ref_for:s})=>(typeof e=="number"&&(e=""+e),e!=null?xe(e)||je(e)||me(e)?{i:Be,r:e,k:t,f:!!s}:e:null);function u(e,t=null,s=null,n=0,r=null,o=e===B?0:1,i=!1,a=!1){const l={__v_isVNode:!0,__v_skip:!0,type:e,props:t,key:t&&wc(t),ref:t&&Bn(t),scopeId:Bl,slotScopeIds:null,children:s,component:null,suspense:null,ssContent:null,ssFallback:null,dirs:null,transition:null,el:null,anchor:null,target:null,targetStart:null,targetAnchor:null,staticCount:0,shapeFlag:o,patchFlag:n,dynamicProps:r,dynamicChildren:null,appContext:null,ctx:Be};return a?(wi(l,s),o&128&&e.normalize(l)):s&&(l.shapeFlag|=xe(s)?8:16),fn>0&&!i&&dt&&(l.patchFlag>0||o&6)&&l.patchFlag!==32&&dt.push(l),l}const D=Ph;function Ph(e,t=null,s=null,n=0,r=null,o=!1){if((!e||e===rh)&&(e=nt),pn(e)){const a=ts(e,t,!0);return s&&wi(a,s),fn>0&&!o&&dt&&(a.shapeFlag&6?dt[dt.indexOf(e)]=a:dt.push(a)),a.patchFlag=-2,a}if(Qh(e)&&(e=e.__vccOpts),t){t=xh(t);let{class:a,style:l}=t;a&&!xe(a)&&(t.class=te(a)),ke(l)&&(bi(l)&&!de(l)&&(l=Fe({},l)),t.style=ut(l))}const i=xe(e)?1:Ec(e)?128:jl(e)?64:ke(e)?4:me(e)?2:0;return u(e,t,s,n,r,i,o,!0)}function xh(e){return e?bi(e)||lc(e)?Fe({},e):e:null}function ts(e,t,s=!1,n=!1){const{props:r,ref:o,patchFlag:i,children:a,transition:l}=e,h=t?Mh(r||{},t):r,d={__v_isVNode:!0,__v_skip:!0,type:e.type,props:h,key:h&&wc(h),ref:t&&t.ref?s&&o?de(o)?o.concat(Bn(t)):[o,Bn(t)]:Bn(t):o,scopeId:e.scopeId,slotScopeIds:e.slotScopeIds,children:a,target:e.target,targetStart:e.targetStart,targetAnchor:e.targetAnchor,staticCount:e.staticCount,shapeFlag:e.shapeFlag,patchFlag:t&&e.type!==B?i===-1?16:i|16:i,dynamicProps:e.dynamicProps,dynamicChildren:e.dynamicChildren,appContext:e.appContext,dirs:e.dirs,transition:l,component:e.component,suspense:e.suspense,ssContent:e.ssContent&&ts(e.ssContent),ssFallback:e.ssFallback&&ts(e.ssFallback),el:e.el,anchor:e.anchor,ctx:e.ctx,ce:e.ce};return l&&n&&hn(d,l.clone(d)),d}function z(e=" ",t=0){return D(Zr,null,e,t)}function E(e="",t=!1){return t?(f(),J(nt,null,e)):D(nt,null,e)}function Nt(e){return e==null||typeof e=="boolean"?D(nt):de(e)?D(B,null,e.slice()):pn(e)?Qt(e):D(Zr,null,String(e))}function Qt(e){return e.el===null&&e.patchFlag!==-1||e.memo?e:ts(e)}function wi(e,t){let s=0;const{shapeFlag:n}=e;if(t==null)t=null;else if(de(t))s=16;else if(typeof t=="object")if(n&65){const r=t.default;r&&(r._c&&(r._d=!1),wi(e,r()),r._c&&(r._d=!0));return}else{s=32;const r=t._;!r&&!lc(t)?t._ctx=Be:r===3&&Be&&(Be.slots._===1?t._=1:(t._=2,e.patchFlag|=1024))}else me(t)?(t={default:t,_ctx:Be},s=32):(t=String(t),n&64?(s=16,t=[z(t)]):s=8);e.children=t,e.shapeFlag|=s}function Mh(...e){const t={};for(let s=0;s<e.length;s++){const n=e[s];for(const r in n)if(r==="class")t.class!==n.class&&(t.class=te([t.class,n.class]));else if(r==="style")t.style=ut([t.style,n.style]);else if(Hr(r)){const o=t[r],i=n[r];i&&o!==i&&!(de(o)&&o.includes(i))&&(t[r]=o?[].concat(o,i):i)}else r!==""&&(t[r]=n[r])}return t}function St(e,t,s,n=null){wt(e,t,7,[s,n])}const Uh=oc();let Fh=0;function Hh(e,t,s){const n=e.type,r=(t?t.appContext:e.appContext)||Uh,o={uid:Fh++,vnode:e,type:n,parent:t,appContext:r,root:null,next:null,subTree:null,effect:null,update:null,job:null,scope:new od(!0),render:null,proxy:null,exposed:null,exposeProxy:null,withProxy:null,provides:t?t.provides:Object.create(r.provides),ids:t?t.ids:["",0,0],accessCache:null,renderCache:[],components:null,directives:null,propsOptions:uc(n,r),emitsOptions:yc(n,r),emit:null,emitted:null,propsDefaults:Ie,inheritAttrs:n.inheritAttrs,ctx:Ie,data:Ie,props:Ie,attrs:Ie,slots:Ie,refs:Ie,setupState:Ie,setupContext:null,suspense:s,suspenseId:s?s.pendingId:0,asyncDep:null,asyncResolved:!1,isMounted:!1,isUnmounted:!1,isDeactivated:!1,bc:null,c:null,bm:null,m:null,bu:null,u:null,um:null,bum:null,da:null,a:null,rtg:null,rtc:null,ec:null,sp:null};return o.ctx={_:o},o.root=t?t.root:o,o.emit=Nh.bind(null,o),e.ce&&e.ce(o),o}let Ge=null;const Bh=()=>Ge||Be;let ir,Qo;{const e=Vr(),t=(s,n)=>{let r;return(r=e[s])||(r=e[s]=[]),r.push(n),o=>{r.length>1?r.forEach(i=>i(o)):r[0](o)}};ir=t("__VUE_INSTANCE_SETTERS__",s=>Ge=s),Qo=t("__VUE_SSR_SETTERS__",s=>mn=s)}const Rn=e=>{const t=Ge;return ir(e),e.scope.on(),()=>{e.scope.off(),ir(t)}},sa=()=>{Ge&&Ge.scope.off(),ir(null)};function _c(e){return e.vnode.shapeFlag&4}let mn=!1;function jh(e,t=!1,s=!1){t&&Qo(t);const{props:n,children:r}=e.vnode,o=_c(e);mh(e,n,o,t),yh(e,r,s);const i=o?Vh(e,t):void 0;return t&&Qo(!1),i}function Vh(e,t){const s=e.type;e.accessCache=Object.create(null),e.proxy=new Proxy(e.ctx,ih);const{setup:n}=s;if(n){ss();const r=e.setupContext=n.length>1?Wh(e):null,o=Rn(e),i=Sn(n,e,0,[e.props,r]),a=pl(i);if(ns(),o(),(a||e.sp)&&!ks(e)&&Yl(e),a){if(i.then(sa,sa),t)return i.then(l=>{na(e,l,t)}).catch(l=>{Qr(l,e,0)});e.asyncDep=i}else na(e,i,t)}else Sc(e,t)}function na(e,t,s){me(t)?e.type.__ssrInlineRender?e.ssrRender=t:e.render=t:ke(t)&&(e.setupState=xl(t)),Sc(e,s)}let ra;function Sc(e,t,s){const n=e.type;if(!e.render){if(!t&&ra&&!n.render){const r=n.template||Ei(e).template;if(r){const{isCustomElement:o,compilerOptions:i}=e.appContext.config,{delimiters:a,compilerOptions:l}=n,h=Fe(Fe({isCustomElement:o,delimiters:a},i),l);n.render=ra(r,h)}}e.render=n.render||It}{const r=Rn(e);ss();try{ah(e)}finally{ns(),r()}}}const Gh={get(e,t){return Xe(e,"get",""),e[t]}};function Wh(e){const t=s=>{e.exposed=s||{}};return{attrs:new Proxy(e.attrs,Gh),slots:e.slots,emit:e.emit,expose:t}}function eo(e){return e.exposed?e.exposeProxy||(e.exposeProxy=new Proxy(xl(Cd(e.exposed)),{get(t,s){if(s in t)return t[s];if(s in en)return en[s](e)},has(t,s){return s in t||s in en}})):e.proxy}function zh(e,t=!0){return me(e)?e.displayName||e.name:e.name||t&&e.__name}function Qh(e){return me(e)&&"__vccOpts"in e}const Rc=(e,t)=>xd(e,t,mn);function Yh(e,t,s){const n=arguments.length;return n===2?ke(t)&&!de(t)?pn(t)?D(e,null,[t]):D(e,t):D(e,null,t):(n>3?s=Array.prototype.slice.call(arguments,2):n===3&&pn(s)&&(s=[s]),D(e,t,s))}const Kh="3.5.13";/**
* @vue/runtime-dom v3.5.13
* (c) 2018-present Yuxi (Evan) You and Vue contributors
* @license MIT
**/let Yo;const oa=typeof window<"u"&&window.trustedTypes;if(oa)try{Yo=oa.createPolicy("vue",{createHTML:e=>e})}catch{}const Cc=Yo?e=>Yo.createHTML(e):e=>e,Xh="http://www.w3.org/2000/svg",Jh="http://www.w3.org/1998/Math/MathML",Pt=typeof document<"u"?document:null,ia=Pt&&Pt.createElement("template"),Zh={insert:(e,t,s)=>{t.insertBefore(e,s||null)},remove:e=>{const t=e.parentNode;t&&t.removeChild(e)},createElement:(e,t,s,n)=>{const r=t==="svg"?Pt.createElementNS(Xh,e):t==="mathml"?Pt.createElementNS(Jh,e):s?Pt.createElement(e,{is:s}):Pt.createElement(e);return e==="select"&&n&&n.multiple!=null&&r.setAttribute("multiple",n.multiple),r},createText:e=>Pt.createTextNode(e),createComment:e=>Pt.createComment(e),setText:(e,t)=>{e.nodeValue=t},setElementText:(e,t)=>{e.textContent=t},parentNode:e=>e.parentNode,nextSibling:e=>e.nextSibling,querySelector:e=>Pt.querySelector(e),setScopeId(e,t){e.setAttribute(t,"")},insertStaticContent(e,t,s,n,r,o){const i=s?s.previousSibling:t.lastChild;if(r&&(r===o||r.nextSibling))for(;t.insertBefore(r.cloneNode(!0),s),!(r===o||!(r=r.nextSibling)););else{ia.innerHTML=Cc(n==="svg"?`<svg>${e}</svg>`:n==="mathml"?`<math>${e}</math>`:e);const a=ia.content;if(n==="svg"||n==="mathml"){const l=a.firstChild;for(;l.firstChild;)a.appendChild(l.firstChild);a.removeChild(l)}t.insertBefore(a,s)}return[i?i.nextSibling:t.firstChild,s?s.previousSibling:t.lastChild]}},jt="transition",Fs="animation",gn=Symbol("_vtc"),Ac={name:String,type:String,css:{type:Boolean,default:!0},duration:[String,Number,Object],enterFromClass:String,enterActiveClass:String,enterToClass:String,appearFromClass:String,appearActiveClass:String,appearToClass:String,leaveFromClass:String,leaveActiveClass:String,leaveToClass:String},ef=Fe({},Vl,Ac),tf=e=>(e.displayName="Transition",e.props=ef,e),sf=tf((e,{slots:t})=>Yh(Wd,nf(e),t)),as=(e,t=[])=>{de(e)?e.forEach(s=>s(...t)):e&&e(...t)},aa=e=>e?de(e)?e.some(t=>t.length>1):e.length>1:!1;function nf(e){const t={};for(const M in e)M in Ac||(t[M]=e[M]);if(e.css===!1)return t;const{name:s="v",type:n,duration:r,enterFromClass:o=`${s}-enter-from`,enterActiveClass:i=`${s}-enter-active`,enterToClass:a=`${s}-enter-to`,appearFromClass:l=o,appearActiveClass:h=i,appearToClass:d=a,leaveFromClass:p=`${s}-leave-from`,leaveActiveClass:g=`${s}-leave-active`,leaveToClass:y=`${s}-leave-to`}=e,A=rf(r),k=A&&A[0],j=A&&A[1],{onBeforeEnter:W,onEnter:C,onEnterCancelled:R,onLeave:O,onLeaveCancelled:q,onBeforeAppear:L=W,onAppear:Q=C,onAppearCancelled:oe=R}=t,P=(M,c,m,b)=>{M._enterCancelled=b,ls(M,c?d:a),ls(M,c?h:i),m&&m()},V=(M,c)=>{M._isLeaving=!1,ls(M,p),ls(M,y),ls(M,g),c&&c()},F=M=>(c,m)=>{const b=M?Q:C,_=()=>P(c,M,m);as(b,[c,_]),la(()=>{ls(c,M?l:o),qt(c,M?d:a),aa(b)||ca(c,n,k,_)})};return Fe(t,{onBeforeEnter(M){as(W,[M]),qt(M,o),qt(M,i)},onBeforeAppear(M){as(L,[M]),qt(M,l),qt(M,h)},onEnter:F(!1),onAppear:F(!0),onLeave(M,c){M._isLeaving=!0;const m=()=>V(M,c);qt(M,p),M._enterCancelled?(qt(M,g),ha()):(ha(),qt(M,g)),la(()=>{M._isLeaving&&(ls(M,p),qt(M,y),aa(O)||ca(M,n,j,m))}),as(O,[M,m])},onEnterCancelled(M){P(M,!1,void 0,!0),as(R,[M])},onAppearCancelled(M){P(M,!0,void 0,!0),as(oe,[M])},onLeaveCancelled(M){V(M),as(q,[M])}})}function rf(e){if(e==null)return null;if(ke(e))return[_o(e.enter),_o(e.leave)];{const t=_o(e);return[t,t]}}function _o(e){return Xu(e)}function qt(e,t){t.split(/\s+/).forEach(s=>s&&e.classList.add(s)),(e[gn]||(e[gn]=new Set)).add(t)}function ls(e,t){t.split(/\s+/).forEach(n=>n&&e.classList.remove(n));const s=e[gn];s&&(s.delete(t),s.size||(e[gn]=void 0))}function la(e){requestAnimationFrame(()=>{requestAnimationFrame(e)})}let of=0;function ca(e,t,s,n){const r=e._endId=++of,o=()=>{r===e._endId&&n()};if(s!=null)return setTimeout(o,s);const{type:i,timeout:a,propCount:l}=af(e,t);if(!i)return n();const h=i+"end";let d=0;const p=()=>{e.removeEventListener(h,g),o()},g=y=>{y.target===e&&++d>=l&&p()};setTimeout(()=>{d<l&&p()},a+1),e.addEventListener(h,g)}function af(e,t){const s=window.getComputedStyle(e),n=A=>(s[A]||"").split(", "),r=n(`${jt}Delay`),o=n(`${jt}Duration`),i=ua(r,o),a=n(`${Fs}Delay`),l=n(`${Fs}Duration`),h=ua(a,l);let d=null,p=0,g=0;t===jt?i>0&&(d=jt,p=i,g=o.length):t===Fs?h>0&&(d=Fs,p=h,g=l.length):(p=Math.max(i,h),d=p>0?i>h?jt:Fs:null,g=d?d===jt?o.length:l.length:0);const y=d===jt&&/\b(transform|all)(,|$)/.test(n(`${jt}Property`).toString());return{type:d,timeout:p,propCount:g,hasTransform:y}}function ua(e,t){for(;e.length<t.length;)e=e.concat(e);return Math.max(...t.map((s,n)=>da(s)+da(e[n])))}function da(e){return e==="auto"?0:Number(e.slice(0,-1).replace(",","."))*1e3}function ha(){return document.body.offsetHeight}function lf(e,t,s){const n=e[gn];n&&(t=(t?[t,...n]:[...n]).join(" ")),t==null?e.removeAttribute("class"):s?e.setAttribute("class",t):e.className=t}const ar=Symbol("_vod"),kc=Symbol("_vsh"),Nc={beforeMount(e,{value:t},{transition:s}){e[ar]=e.style.display==="none"?"":e.style.display,s&&t?s.beforeEnter(e):Hs(e,t)},mounted(e,{value:t},{transition:s}){s&&t&&s.enter(e)},updated(e,{value:t,oldValue:s},{transition:n}){!t!=!s&&(n?t?(n.beforeEnter(e),Hs(e,!0),n.enter(e)):n.leave(e,()=>{Hs(e,!1)}):Hs(e,t))},beforeUnmount(e,{value:t}){Hs(e,t)}};function Hs(e,t){e.style.display=t?e[ar]:"none",e[kc]=!t}const cf=Symbol(""),uf=/(^|;)\s*display\s*:/;function df(e,t,s){const n=e.style,r=xe(s);let o=!1;if(s&&!r){if(t)if(xe(t))for(const i of t.split(";")){const a=i.slice(0,i.indexOf(":")).trim();s[a]==null&&jn(n,a,"")}else for(const i in t)s[i]==null&&jn(n,i,"");for(const i in s)i==="display"&&(o=!0),jn(n,i,s[i])}else if(r){if(t!==s){const i=n[cf];i&&(s+=";"+i),n.cssText=s,o=uf.test(s)}}else t&&e.removeAttribute("style");ar in e&&(e[ar]=o?n.display:"",e[kc]&&(n.display="none"))}const fa=/\s*!important$/;function jn(e,t,s){if(de(s))s.forEach(n=>jn(e,t,n));else if(s==null&&(s=""),t.startsWith("--"))e.setProperty(t,s);else{const n=hf(e,t);fa.test(s)?e.setProperty(gs(n),s.replace(fa,""),"important"):e[n]=s}}const pa=["Webkit","Moz","ms"],So={};function hf(e,t){const s=So[t];if(s)return s;let n=bt(t);if(n!=="filter"&&n in e)return So[t]=n;n=jr(n);for(let r=0;r<pa.length;r++){const o=pa[r]+n;if(o in e)return So[t]=o}return t}const ma="http://www.w3.org/1999/xlink";function ga(e,t,s,n,r,o=nd(t)){n&&t.startsWith("xlink:")?s==null?e.removeAttributeNS(ma,t.slice(6,t.length)):e.setAttributeNS(ma,t,s):s==null||o&&!bl(s)?e.removeAttribute(t):e.setAttribute(t,o?"":Tt(s)?String(s):s)}function va(e,t,s,n,r){if(t==="innerHTML"||t==="textContent"){s!=null&&(e[t]=t==="innerHTML"?Cc(s):s);return}const o=e.tagName;if(t==="value"&&o!=="PROGRESS"&&!o.includes("-")){const a=o==="OPTION"?e.getAttribute("value")||"":e.value,l=s==null?e.type==="checkbox"?"on":"":String(s);(a!==l||!("_value"in e))&&(e.value=l),s==null&&e.removeAttribute(t),e._value=s;return}let i=!1;if(s===""||s==null){const a=typeof e[t];a==="boolean"?s=bl(s):s==null&&a==="string"?(s="",i=!0):a==="number"&&(s=0,i=!0)}try{e[t]=s}catch{}i&&e.removeAttribute(r||t)}function Kt(e,t,s,n){e.addEventListener(t,s,n)}function ff(e,t,s,n){e.removeEventListener(t,s,n)}const ba=Symbol("_vei");function pf(e,t,s,n,r=null){const o=e[ba]||(e[ba]={}),i=o[t];if(n&&i)i.value=n;else{const[a,l]=mf(t);if(n){const h=o[t]=bf(n,r);Kt(e,a,h,l)}else i&&(ff(e,a,i,l),o[t]=void 0)}}const ya=/(?:Once|Passive|Capture)$/;function mf(e){let t;if(ya.test(e)){t={};let n;for(;n=e.match(ya);)e=e.slice(0,e.length-n[0].length),t[n[0].toLowerCase()]=!0}return[e[2]===":"?e.slice(3):gs(e.slice(2)),t]}let Ro=0;const gf=Promise.resolve(),vf=()=>Ro||(gf.then(()=>Ro=0),Ro=Date.now());function bf(e,t){const s=n=>{if(!n._vts)n._vts=Date.now();else if(n._vts<=s.attached)return;wt(yf(n,s.value),t,5,[n])};return s.value=e,s.attached=vf(),s}function yf(e,t){if(de(t)){const s=e.stopImmediatePropagation;return e.stopImmediatePropagation=()=>{s.call(e),e._stopped=!0},t.map(n=>r=>!r._stopped&&n&&n(r))}else return t}const Ea=e=>e.charCodeAt(0)===111&&e.charCodeAt(1)===110&&e.charCodeAt(2)>96&&e.charCodeAt(2)<123,Ef=(e,t,s,n,r,o)=>{const i=r==="svg";t==="class"?lf(e,n,i):t==="style"?df(e,s,n):Hr(t)?li(t)||pf(e,t,s,n,o):(t[0]==="."?(t=t.slice(1),!0):t[0]==="^"?(t=t.slice(1),!1):Tf(e,t,n,i))?(va(e,t,n),!e.tagName.includes("-")&&(t==="value"||t==="checked"||t==="selected")&&ga(e,t,n,i,o,t!=="value")):e._isVueCE&&(/[A-Z]/.test(t)||!xe(n))?va(e,bt(t),n,o,t):(t==="true-value"?e._trueValue=n:t==="false-value"&&(e._falseValue=n),ga(e,t,n,i))};function Tf(e,t,s,n){if(n)return!!(t==="innerHTML"||t==="textContent"||t in e&&Ea(t)&&me(s));if(t==="spellcheck"||t==="draggable"||t==="translate"||t==="form"||t==="list"&&e.tagName==="INPUT"||t==="type"&&e.tagName==="TEXTAREA")return!1;if(t==="width"||t==="height"){const r=e.tagName;if(r==="IMG"||r==="VIDEO"||r==="CANVAS"||r==="SOURCE")return!1}return Ea(t)&&xe(s)?!1:t in e}const Is=e=>{const t=e.props["onUpdate:modelValue"]||!1;return de(t)?s=>Fn(t,s):t};function wf(e){e.target.composing=!0}function Ta(e){const t=e.target;t.composing&&(t.composing=!1,t.dispatchEvent(new Event("input")))}const Ut=Symbol("_assign"),gt={created(e,{modifiers:{lazy:t,trim:s,number:n}},r){e[Ut]=Is(r);const o=n||r.props&&r.props.type==="number";Kt(e,t?"change":"input",i=>{if(i.target.composing)return;let a=e.value;s&&(a=a.trim()),o&&(a=Zn(a)),e[Ut](a)}),s&&Kt(e,"change",()=>{e.value=e.value.trim()}),t||(Kt(e,"compositionstart",wf),Kt(e,"compositionend",Ta),Kt(e,"change",Ta))},mounted(e,{value:t}){e.value=t??""},beforeUpdate(e,{value:t,oldValue:s,modifiers:{lazy:n,trim:r,number:o}},i){if(e[Ut]=Is(i),e.composing)return;const a=(o||e.type==="number")&&!/^0\d/.test(e.value)?Zn(e.value):e.value,l=t??"";a!==l&&(document.activeElement===e&&e.type!=="range"&&(n&&t===s||r&&e.value.trim()===l)||(e.value=l))}},Ot={deep:!0,created(e,t,s){e[Ut]=Is(s),Kt(e,"change",()=>{const n=e._modelValue,r=vn(e),o=e.checked,i=e[Ut];if(de(n)){const a=di(n,r),l=a!==-1;if(o&&!l)i(n.concat(r));else if(!o&&l){const h=[...n];h.splice(a,1),i(h)}}else if(Ls(n)){const a=new Set(n);o?a.add(r):a.delete(r),i(a)}else i(Oc(e,o))})},mounted:wa,beforeUpdate(e,t,s){e[Ut]=Is(s),wa(e,t,s)}};function wa(e,{value:t,oldValue:s},n){e._modelValue=t;let r;if(de(t))r=di(t,n.props.value)>-1;else if(Ls(t))r=t.has(n.props.value);else{if(t===s)return;r=_n(t,Oc(e,!0))}e.checked!==r&&(e.checked=r)}const _f={deep:!0,created(e,{value:t,modifiers:{number:s}},n){const r=Ls(t);Kt(e,"change",()=>{const o=Array.prototype.filter.call(e.options,i=>i.selected).map(i=>s?Zn(vn(i)):vn(i));e[Ut](e.multiple?r?new Set(o):o:o[0]),e._assigning=!0,Yr(()=>{e._assigning=!1})}),e[Ut]=Is(n)},mounted(e,{value:t}){_a(e,t)},beforeUpdate(e,t,s){e[Ut]=Is(s)},updated(e,{value:t}){e._assigning||_a(e,t)}};function _a(e,t){const s=e.multiple,n=de(t);if(!(s&&!n&&!Ls(t))){for(let r=0,o=e.options.length;r<o;r++){const i=e.options[r],a=vn(i);if(s)if(n){const l=typeof a;l==="string"||l==="number"?i.selected=t.some(h=>String(h)===String(a)):i.selected=di(t,a)>-1}else i.selected=t.has(a);else if(_n(vn(i),t)){e.selectedIndex!==r&&(e.selectedIndex=r);return}}!s&&e.selectedIndex!==-1&&(e.selectedIndex=-1)}}function vn(e){return"_value"in e?e._value:e.value}function Oc(e,t){const s=t?"_trueValue":"_falseValue";return s in e?e[s]:t}const Sf=["ctrl","shift","alt","meta"],Rf={stop:e=>e.stopPropagation(),prevent:e=>e.preventDefault(),self:e=>e.target!==e.currentTarget,ctrl:e=>!e.ctrlKey,shift:e=>!e.shiftKey,alt:e=>!e.altKey,meta:e=>!e.metaKey,left:e=>"button"in e&&e.button!==0,middle:e=>"button"in e&&e.button!==1,right:e=>"button"in e&&e.button!==2,exact:(e,t)=>Sf.some(s=>e[`${s}Key`]&&!t.includes(s))},ge=(e,t)=>{const s=e._withMods||(e._withMods={}),n=t.join(".");return s[n]||(s[n]=(r,...o)=>{for(let i=0;i<t.length;i++){const a=Rf[t[i]];if(a&&a(r,t))return}return e(r,...o)})},Cf=Fe({patchProp:Ef},Zh);let Sa;function Af(){return Sa||(Sa=Th(Cf))}const kf=(...e)=>{const t=Af().createApp(...e),{mount:s}=t;return t.mount=n=>{const r=Of(n);if(!r)return;const o=t._component;!me(o)&&!o.render&&!o.template&&(o.template=r.innerHTML),r.nodeType===1&&(r.textContent="");const i=s(r,!1,Nf(r));return r instanceof Element&&(r.removeAttribute("v-cloak"),r.setAttribute("data-v-app","")),i},t};function Nf(e){if(e instanceof SVGElement)return"svg";if(typeof MathMLElement=="function"&&e instanceof MathMLElement)return"mathml"}function Of(e){return xe(e)?document.querySelector(e):e}const he=(e,t)=>{const s=e.__vccOpts||e;for(const[n,r]of t)s[n]=r;return s},If={name:"Modal",props:["icon","shown","title","onClose"],methods:{close(){this.onClose&&this.onClose(),this.$emit("update:shown",!1)}}},$f={class:"modal"},Lf={class:"modal-header"},qf={class:"header-title"};function Df(e,t,s,n,r,o){const i=$("icon");return f(),J(sf,{name:"modal"},{default:ce(()=>[s.shown?(f(),v("div",{key:0,class:"modal-backdrop",onClick:t[1]||(t[1]=ge((...a)=>o.close&&o.close(...a),["self"]))},[u("div",$f,[u("div",Lf,[u("div",qf,[s.icon?(f(),J(i,{key:0,name:s.icon},null,8,["name"])):E("",!0),z(" "+T(s.title),1)]),u("a",{href:"#",class:"header-close",onClick:t[0]||(t[0]=ge((...a)=>o.close&&o.close(...a),["prevent"]))},[D(i,{name:"x"})])]),$t(e.$slots,"default")])])):E("",!0)]),_:3})}const vs=he(If,[["render",Df]]),Pf={name:"CreditsModal",components:{Modal:vs},computed:{credits(){return this.$credits.credits}}},xf={class:"credits-modal"},Mf={class:"credits-version"},Uf={class:"credits-authors"},Ff={class:"authors-author"},Hf={class:"author-name"},Bf={class:"author-links"},jf=["href"],Vf=["href"],Gf=["href"],Wf={key:0,class:"credits-contributors"},zf=["href","title"],Qf=["href","title"],Yf={key:0},Kf={class:"credits-sponsors"},Xf=["href","title"],Jf={key:1},Zf={class:"credits-dependencies"},ep={class:"dependencies-dependency"},tp=["href"],sp=["href"],np={class:"dependency-description"},rp={class:"dependencies-dependency"},op=["href"],ip=["href"],ap={class:"dependency-description"};function lp(e,t,s,n,r,o){const i=$("icon"),a=$("modal");return f(),J(a,{icon:"info",title:"Credits",shown:e.$credits.shown,"onUpdate:shown":t[0]||(t[0]=l=>e.$credits.shown=l)},{default:ce(()=>[u("div",xf,[t[8]||(t[8]=u("h1",null,"Clockwork App",-1)),u("p",Mf,"Version "+T(e.$credits.version),1),u("div",null,[t[1]||(t[1]=u("h2",null,"Created by",-1)),u("div",Uf,[(f(!0),v(B,null,le(e.$credits.authors,l=>(f(),v("div",Ff,[u("div",{class:"author-avatar",style:ut(`background-image:url(${l.avatarUrl};`)},null,4),u("div",null,[u("div",Hf,T(l.name),1),u("div",Bf,[u("a",{href:l.twitterUrl,target:"_blank"},[D(i,{name:"twitter"})],8,jf),u("a",{href:l.githubUrl,target:"_blank"},[D(i,{name:"github"})],8,Vf),u("a",{href:l.sponsorUrl,target:"_blank"},[D(i,{name:"heart"})],8,Gf)])])]))),256))]),o.credits.app.contributors.length||o.credits.php.contributors.length?(f(),v("div",Wf,[(f(!0),v(B,null,le(o.credits.app.contributors,l=>(f(),v("a",{class:"contributors-contributor",href:l.url,target:"_blank",title:l.userName},[u("div",{class:"contributor-avatar",style:ut(`background-image:url(${l.avatarUrl};`)},null,4)],8,zf))),256)),(f(!0),v(B,null,le(o.credits.php.contributors,l=>(f(),v("a",{class:"contributors-contributor",href:l.url,target:"_blank",title:l.userName},[u("div",{class:"contributor-avatar",style:ut(`background-image:url(${l.avatarUrl};`)},null,4)],8,Qf))),256))])):E("",!0)]),o.credits.app.sponsors.length?(f(),v("div",Yf,[t[2]||(t[2]=u("h2",null,"Sponsored by",-1)),u("div",Kf,[(f(!0),v(B,null,le(o.credits.app.sponsors,l=>(f(),v("a",{class:"sponsors-sponsor",href:l.url,target:"_blank",title:l.userName},[u("div",{class:"sponsor-avatar",style:ut(`background-image:url(${l.avatarUrl};`)},null,4)],8,Xf))),256))])])):E("",!0),o.credits.app.dependencies.length||o.credits.php.dependencies.length?(f(),v("div",Jf,[t[7]||(t[7]=u("h2",null,"Built with",-1)),u("div",Zf,[t[5]||(t[5]=u("h3",null,"Clockwork App",-1)),(f(!0),v(B,null,le(o.credits.app.dependencies,l=>(f(),v("div",ep,[u("div",null,[u("a",{href:l.url,target:"_blank"},T(l.name),9,tp),t[3]||(t[3]=z(" by ")),u("a",{href:l.authorUrl,target:"_blank"},T(l.author),9,sp)]),u("div",np,T(l.description),1)]))),256)),t[6]||(t[6]=u("h3",null,"Clockwork PHP",-1)),(f(!0),v(B,null,le(o.credits.php.dependencies,l=>(f(),v("div",rp,[u("div",null,[u("a",{href:l.url,target:"_blank"},T(l.name),9,op),t[4]||(t[4]=z(" by ")),u("a",{href:l.authorUrl,target:"_blank"},T(l.authors|e.join),9,ip)]),u("div",ap,T(l.description),1)]))),256))])])):E("",!0)])]),_:1},8,["shown"])}const cp=he(Pf,[["render",lp]]),up={name:"DetailsRequest"},dp={class:"content-request"},hp={class:"counters-row"},fp={key:0,class:"counter request-type"},pp={key:0,class:"type-text"},mp={key:1,class:"type-text"},gp={key:2,class:"type-text"},vp={key:3,class:"type-text"},bp={class:"counter request-main"},yp={class:"method-text"},Ep={class:"counter request-details"},Tp={class:"counters-group right-aligned"},wp={key:0,class:"counter request-alerts"},_p={class:"counter request-status"},Sp=["title"],Rp=["title"],Cp=["title"],Ap=["title"];function kp(e,t,s,n,r,o){const i=$("icon");return f(),v("div",dp,[u("div",hp,[e.$request.isCommand()||e.$request.isQueueJob()||e.$request.isTest()||e.$request.isAjax()?(f(),v("div",fp,[e.$request.isCommand()?(f(),v("span",pp,"CMD")):e.$request.isQueueJob()?(f(),v("span",mp,"QUEUE")):e.$request.isTest()?(f(),v("span",gp,"TEST")):e.$request.isAjax()?(f(),v("span",vp,"AJAX")):E("",!0)])):E("",!0),u("div",bp,[e.$request.isCommand()?(f(),v(B,{key:0},[z(T(e.$request.commandName),1)],64)):e.$request.isQueueJob()?(f(),v(B,{key:1},[z(T(e.$request.jobName),1)],64)):e.$request.isTest()?(f(),v(B,{key:2},[z(T(e.$request.testGroup),1)],64)):(f(),v(B,{key:3},[u("span",yp,T(e.$request.method),1),z(" "+T(e.$request.uri),1)],64))]),u("div",Ep,[e.$request.isCommand()?(f(),v(B,{key:0},[z(T(e.$request.commandLine),1)],64)):e.$request.isQueueJob()?(f(),v(B,{key:1},[z(T(e.$request.jobDescription),1)],64)):e.$request.isTest()?(f(),v(B,{key:2},[z(T(e.$request.testName),1)],64)):(f(),v(B,{key:3},[z(T(e.$request.controller),1)],64))]),u("div",Tp,[e.$request.errorsCount||e.$request.warningsCount?(f(),v("div",wp,[e.$request.errorsCount?(f(),J(i,{key:0,name:"alert-circle",class:"header-alert alert-errors"})):e.$request.warningsCount?(f(),J(i,{key:1,name:"alert-triangle",class:"header-alert alert-warnings"})):E("",!0)])):E("",!0),u("div",_p,[e.$request.isCommand()?(f(),v("span",{key:0,class:te({"status-text":!0,"client-error":e.$request.isCommandWarning(),"server-error":e.$request.isCommandError()}),title:e.$request.commandExitCode},T(e.$request.commandExitCode),11,Sp)):e.$request.isQueueJob()?(f(),v("span",{key:1,class:te({"status-text":!0,"status-text-small":!0,"client-error":e.$request.isQueueJobWarning(),"server-error":e.$request.isQueueJobError()}),title:e.$request.jobStatus},T(e.$request.jobStatus),11,Rp)):e.$request.isTest()?(f(),v("span",{key:2,class:te({"status-text":!0,"status-text-small":!0,"client-error":e.$request.isTestWarning(),"server-error":e.$request.isTestError()}),title:e.$request.testStatus},T(e.$request.testStatus),11,Cp)):(f(),v("span",{key:3,class:te({"status-text":!0,"client-error":e.$request.isClientError(),"server-error":e.$request.isServerError()}),title:e.$request.responseStatus},T(e.$request.responseStatus),11,Ap))])])])])}const Np=he(up,[["render",kp]]),Op={name:"Popover",data:()=>({shown:!1,classList:[]}),methods:{close(e){e&&this.$el.closest(".popover-container").contains(e.target)||(this.shown=!1)},async open(){this.shown=!0,await this.$nextTick();let t=this.$el.closest(".popover-viewport").getBoundingClientRect(),n=this.$el.closest(".popover-container").getBoundingClientRect();this.classList=[],t.left>n.left+n.width/2-200?this.classList=["left-aligned"]:t.right<n.left+n.width/2+200&&(this.classList=["right-aligned"])},toggle(){this.shown?this.close():this.open()}}},Ip={class:"popover-content"};function $p(e,t,s,n,r,o){const i=tc("on-click-outside");return e.shown?Oe((f(),v("div",{key:0,class:te(["popover",e.classList])},[u("div",Ip,[$t(e.$slots,"default")])],2)),[[i,o.close]]):E("",!0)}const Ic=he(Op,[["render",$p]]),Lp={name:"ShortenedText",props:["full"],data:()=>({expanded:!1}),methods:{expand(e){this.expanded||(e.stopPropagation(),e.preventDefault()),this.expanded=!0}}};function qp(e,t,s,n,r,o){return f(),v("span",{onClick:t[0]||(t[0]=i=>o.expand(i))},[e.expanded?(f(),v(B,{key:0},[z(T(s.full),1)],64)):$t(e.$slots,"default",{key:1})])}const bs=he(Lp,[["render",qp]]),Dp={name:"StackTrace",components:{Popover:Ic,ShortenedText:bs},props:["trace","file","line"],computed:{fullPath(){var e,t;return this.makeFullPath(this.file||((e=this.trace[0])==null?void 0:e.file),this.line||((t=this.trace[0])==null?void 0:t.line))},shortPath(){var e,t;return this.makeShortPath(this.file||((e=this.trace[0])==null?void 0:e.file),this.line||((t=this.trace[0])==null?void 0:t.line))}},methods:{togglePopover(e){this.trace&&(e.preventDefault(),this.$refs.popover.toggle())},makeFullPath(e,t){return`${e}:${t}`},makeShortPath(e,t){return this.makeFullPath(e,t).split(/[\/\\]/).pop()}}},Pp={class:"stack-trace popover-container"},xp=["href"],Mp={class:"stack-frame-call"},Up={class:"stack-frame-file"},Fp=["href"];function Hp(e,t,s,n,r,o){const i=$("shortened-text"),a=$("popover");return f(),v("div",Pp,[s.file||s.trace&&s.trace.length?(f(),v("a",{key:0,href:e.$editorLink(s.file||s.trace[0].file,s.line)},[D(i,{full:s.trace?o.shortPath:o.fullPath,onClick:t[0]||(t[0]=l=>o.togglePopover(l))},{default:ce(()=>[z(T(o.shortPath),1)]),_:1},8,["full"])],8,xp)):E("",!0),s.trace?(f(),J(a,{key:1,ref:"popover"},{default:ce(()=>[(f(!0),v(B,null,le(s.trace,l=>(f(),v("div",{class:te(["stack-frame",{"is-vendor":l.isVendor}])},[u("div",Mp,T(l.call),1),u("div",Up,[u("a",{href:e.$editorLink(l.file,l.line)},[D(i,{full:o.makeFullPath(l.file,l.line)},{default:ce(()=>[z(T(o.makeShortPath(l.file,l.line)),1)]),_:2},1032,["full"])],8,Fp)])],2))),256))]),_:1},512)):E("",!0)])}const ht=he(Dp,[["render",Hp]]),Bp={name:"ExceptionSection",components:{StackTrace:ht},props:["compact"],methods:{showPreviousException(e){this.$request.exceptions.push(e.previous),e.previous=void 0}}},jp={class:"exception-message"},Vp={key:0},Gp=["onClick"];function Wp(e,t,s,n,r,o){const i=$("icon"),a=$("stack-trace");return e.$request&&e.$request.exceptions.length?(f(),v("div",{key:0,class:te(["exception-section",{compact:s.compact}])},[(f(!0),v(B,null,le(e.$request.exceptions,(l,h)=>(f(),v("div",{class:"exception-info",key:`${e.$request.id}-${h}`},[u("div",jp,[s.compact?(f(),J(i,{key:0,name:"alert-circle"})):E("",!0),u("h3",null,[z(T(l.type)+" ",1),l.code?(f(),v("small",Vp,"#"+T(l.code),1)):E("",!0)]),z(" "+T(l.message),1)]),u("div",null,[l.previous?(f(),v("a",{key:0,href:"#",class:"exception-previous",onClick:ge(d=>o.showPreviousException(l),["prevent"]),title:"Show previous"},[D(i,{name:"arrow-down-circle"})],8,Gp)):E("",!0),D(a,{class:"exception-trace",trace:l.trace},null,8,["trace"])])]))),128))],2)):E("",!0)}const $c=he(Bp,[["render",Wp]]),zp={name:"ParentRequest",props:["compact"],data:()=>({parentRequest:null}),methods:{showRequestById(e){this.global.$request=this.$requests.findId(e)}},watch:{$request:{async handler(){this.parentRequest=null,!(!this.$request||!this.$request.parent||!this.$request.parent.id)&&(this.parentRequest=this.$requests.findId(this.$request.parent.id)||await this.$requests.loadId(this.$request.parent.id))},immediate:!0}}},Qp={key:0,class:"parent-name"},Yp={key:1,class:"parent-name"},Kp={key:2,class:"parent-name"},Xp={class:"parent-method"},Jp={class:"parent-uri"},Zp={class:"parent-close"};function em(e,t,s,n,r,o){return e.parentRequest?(f(),v("div",{key:0,class:te(["parent-request",{compact:s.compact}])},[u("div",null,[t[4]||(t[4]=u("div",{class:"parent-title"}," Subrequest of ",-1)),e.parentRequest.isCommand()?(f(),v("div",Qp,[t[1]||(t[1]=u("span",{class:"type-text"},"CMD",-1)),z(" "+T(e.parentRequest.commandName),1)])):e.parentRequest.isQueueJob()?(f(),v("div",Yp,[t[2]||(t[2]=u("span",{class:"type-text"},"QUEUE",-1)),z(" "+T(e.parentRequest.jobName),1)])):(f(),v("div",Kp,[u("span",Xp,T(e.parentRequest.method),1),t[3]||(t[3]=z()),u("span",Jp,T(e.parentRequest.uri),1)]))]),u("div",Zp,[u("a",{onClick:t[0]||(t[0]=i=>o.showRequestById(e.parentRequest.id)),href:"#"},"Show")])],2)):E("",!0)}const Lc=he(zp,[["render",em]]),tm={name:"MessagesOverlay",components:{ExceptionSection:$c,ParentRequest:Lc,StackTrace:ht},data:()=>({updateNotification:!1}),methods:{closeUpdateNotification(){this.$updateNotification.ignoreUpdate(this.$requests.remoteUrl),this.updateNotification=!1}},watch:{"$requests.remoteUrl":{handler(){this.updateNotification=this.$updateNotification.show(this.$requests.remoteUrl)},immediate:!0},"$updateNotification.serverVersion":function(){this.updateNotification=this.$updateNotification.show(this.$requests.remoteUrl)}}},sm={class:"messages-overlay"},nm={key:2,class:"update-notification"},rm=["href"],om={class:"updateNotification-close"};function im(e,t,s,n,r,o){const i=$("parent-request"),a=$("exception-section"),l=$("icon");return f(),v("div",sm,[e.$settings.global.requestSidebarCollapsed?(f(),J(i,{key:0,compact:"true"})):E("",!0),e.$settings.global.requestSidebarCollapsed?(f(),J(a,{key:1,compact:"true"})):E("",!0),e.updateNotification?(f(),v("div",nm,[D(l,{name:"info"}),u("span",null,[t[1]||(t[1]=z(" A new Clockwork server-side version ")),u("strong",null,T(e.updateNotification.version),1),t[2]||(t[2]=z(" is available, you are using ")),u("strong",null,T(e.updateNotification.currentVersion),1),t[3]||(t[3]=z(". ")),e.updateNotification.url?(f(),v("a",{key:0,href:e.updateNotification.url,target:"_blank"},"Read more",8,rm)):E("",!0)]),u("span",om,[u("a",{onClick:t[0]||(t[0]=(...h)=>o.closeUpdateNotification&&o.closeUpdateNotification(...h)),href:"#"},"Close")])])):E("",!0)])}const am=he(tm,[["render",im]]),lm="img/appearance-auto-icon.png",cm="img/appearance-light-icon.png",um="img/appearance-dark-icon.png",dm={name:"SettingsModal",components:{Modal:vs},data:()=>({showPersistWarning:!1,showAdvancedSettings:!1}),methods:{setAppearance(e){this.$settings.global.appearance=e,this.save()},save(){this.$settings.save(),this.$onDemand.enableProfiling()},showCredits(){this.$settings.toggle(),this.$credits.toggle()},closed(){this.showAdvancedSettings=!1}}},hm={class:"settings-modal"},fm={key:0,class:"settings-warning"},pm={class:"warning-text"},mm={key:0,class:"warning-details"},gm={class:"controls-group"},vm={class:"controls"},bm={class:"appearance-controls"},ym={class:"controls-group"},Em={class:"controls"},Tm={key:0,class:"help-text"},wm={class:"controls-group"},_m={class:"controls"},Sm={class:"controls-input-vgroup"},Rm={key:1,class:"controls-group"},Cm={class:"controls"},Am={key:2,class:"controls-group"},km={class:"controls"},Nm={class:"controls-checkbox"},Om={class:"controls-checkbox"},Im={key:3,class:"controls-group"},$m={class:"controls"},Lm={class:"controls-checkbox"},qm={class:"controls-checkbox"},Dm={class:"controls-checkbox"},Pm={key:4,class:"controls-group"},xm={class:"controls"},Mm={key:5,class:"controls-group"},Um={class:"controls"},Fm={class:"settings-footer"};function Hm(e,t,s,n,r,o){const i=$("modal");return f(),J(i,{icon:"settings",title:"Settings",shown:e.$settings.shown,"onUpdate:shown":t[26]||(t[26]=a=>e.$settings.shown=a),"on-close":o.closed},{default:ce(()=>[u("div",hm,[e.$settings.persistent?E("",!0):(f(),v("div",fm,[u("div",pm,[t[27]||(t[27]=u("span",{class:"warning-label"},"Warning",-1)),t[28]||(t[28]=u("span",null,"Settings can't be saved.",-1)),u("a",{href:"#",onClick:t[0]||(t[0]=ge(a=>e.showPersistWarning=!0,["prevent"]))},"More info")]),e.showPersistWarning?(f(),v("div",mm,' Tapped uses the "local storage" api to persist your settings. Please make sure the access to "local storage" is allowed for this app. ')):E("",!0)])),u("div",gm,[t[32]||(t[32]=u("label",{for:"settings-editor"},"Appearance",-1)),u("div",vm,[u("div",bm,[u("div",{class:te(["option",{selected:e.$settings.global.appearance=="auto"}]),onClick:t[1]||(t[1]=a=>o.setAppearance("auto"))},t[29]||(t[29]=[u("img",{src:lm},null,-1),z(" Auto ")]),2),u("div",{class:te(["option",{selected:e.$settings.global.appearance=="light"}]),onClick:t[2]||(t[2]=a=>o.setAppearance("light"))},t[30]||(t[30]=[u("img",{src:cm},null,-1),z(" Light ")]),2),u("div",{class:te(["option",{selected:e.$settings.global.appearance=="dark"}]),onClick:t[3]||(t[3]=a=>o.setAppearance("dark"))},t[31]||(t[31]=[u("img",{src:um},null,-1),z(" Dark ")]),2)])])]),u("div",ym,[t[35]||(t[35]=u("label",{for:"settings-editor"},"Code editor",-1)),u("div",Em,[Oe(u("select",{id:"settings-editor","onUpdate:modelValue":t[4]||(t[4]=a=>e.$settings.global.editor=a),onChange:t[5]||(t[5]=(...a)=>o.save&&o.save(...a))},t[33]||(t[33]=[u("option",{value:"phpstorm"},"PhpStorm",-1),u("option",{value:"sublime"},"Sublime Text",-1),u("option",{value:"vs-code"},"Visual Studio Code",-1)]),544),[[_f,e.$settings.global.editor]]),e.$settings.global.editor=="sublime"?(f(),v("div",Tm,t[34]||(t[34]=[z(" Requires "),u("a",{href:"https://github.com/inopinatus/sublime_url",target:"_blank"},"sublime_url",-1),z(" on MacOS. Not supported on other platforms. ")]))):E("",!0)])]),u("div",wm,[t[37]||(t[37]=u("label",{for:"settings-local-path-map"},"Code path",-1)),u("div",_m,[u("div",Sm,[Oe(u("input",{type:"text",name:"settings-local-path-map-real","onUpdate:modelValue":t[6]||(t[6]=a=>e.$settings.site.localPathMap.real=a),placeholder:"/real/path",onChange:t[7]||(t[7]=(...a)=>o.save&&o.save(...a))},null,544),[[gt,e.$settings.site.localPathMap.real]]),Oe(u("input",{type:"text",name:"settings-local-path-map-local","onUpdate:modelValue":t[8]||(t[8]=a=>e.$settings.site.localPathMap.local=a),placeholder:"/local/path",onChange:t[9]||(t[9]=(...a)=>o.save&&o.save(...a))},null,544),[[gt,e.$settings.site.localPathMap.local]])]),t[36]||(t[36]=u("div",{class:"help-text"}," Map a remote path to a local path when developing on a remote server or a virtual machine. ",-1))])]),e.$platform.hasFeature("requests-list")?(f(),v("div",Rm,[t[39]||(t[39]=u("label",{for:"settings-on-demand-secret"},"On-demand",-1)),u("div",Cm,[Oe(u("input",{type:"text",name:"settings-on-demand-secret",placeholder:"secret","onUpdate:modelValue":t[10]||(t[10]=a=>e.$settings.site.onDemandSecret=a),onChange:t[11]||(t[11]=(...a)=>o.save&&o.save(...a))},null,544),[[gt,e.$settings.site.onDemandSecret]]),t[38]||(t[38]=u("div",{class:"help-text"}," Only used if the server-side has on-demand mode with secret enabled. ",-1))])])):E("",!0),e.$platform.hasFeature("requests-list")?(f(),v("div",Am,[t[42]||(t[42]=u("label",null,null,-1)),u("div",km,[u("label",Nm,[Oe(u("input",{type:"checkbox","onUpdate:modelValue":t[12]||(t[12]=a=>e.$settings.global.showIncomingRequests=a),onChange:t[13]||(t[13]=(...a)=>o.save&&o.save(...a))},null,544),[[Ot,e.$settings.global.showIncomingRequests]]),t[40]||(t[40]=z(" Foxus incoming requests "))]),u("label",Om,[Oe(u("input",{type:"checkbox","onUpdate:modelValue":t[14]||(t[14]=a=>e.$settings.global.preserveLog=a),onChange:t[15]||(t[15]=(...a)=>o.save&&o.save(...a))},null,544),[[Ot,e.$settings.global.preserveLog]]),t[41]||(t[41]=z(" Keep requests log "))])])])):E("",!0),e.$platform.hasFeature("requests-list")?(f(),v("div",Im,[t[46]||(t[46]=u("label",null,null,-1)),u("div",$m,[u("label",Lm,[Oe(u("input",{type:"checkbox","onUpdate:modelValue":t[16]||(t[16]=a=>e.$settings.global.hideCommandTypeRequests=a),onChange:t[17]||(t[17]=(...a)=>o.save&&o.save(...a))},null,544),[[Ot,e.$settings.global.hideCommandTypeRequests]]),t[43]||(t[43]=z(" Hide commands in requests list "))]),u("label",qm,[Oe(u("input",{type:"checkbox","onUpdate:modelValue":t[18]||(t[18]=a=>e.$settings.global.hideQueueJobTypeRequests=a),onChange:t[19]||(t[19]=(...a)=>o.save&&o.save(...a))},null,544),[[Ot,e.$settings.global.hideQueueJobTypeRequests]]),t[44]||(t[44]=z(" Hide queue jobs in requests list "))]),u("label",Dm,[Oe(u("input",{type:"checkbox","onUpdate:modelValue":t[20]||(t[20]=a=>e.$settings.global.hideTestTypeRequests=a),onChange:t[21]||(t[21]=(...a)=>o.save&&o.save(...a))},null,544),[[Ot,e.$settings.global.hideTestTypeRequests]]),t[45]||(t[45]=z(" Hide tests in requests list "))])])])):E("",!0),e.showAdvancedSettings?(f(),v("div",Pm,[t[48]||(t[48]=u("label",{for:"settings-on-demand-secret"},"Sharing URL",-1)),u("div",xm,[Oe(u("input",{type:"text",name:"settings-sharing-url",placeholder:"https://clockwork.underground.works/ingest","onUpdate:modelValue":t[22]||(t[22]=a=>e.$settings.site.sharingUrl=a),onChange:t[23]||(t[23]=(...a)=>o.save&&o.save(...a))},null,544),[[gt,e.$settings.site.sharingUrl]]),t[47]||(t[47]=u("div",{class:"help-text"}," Set the sharing service URL, in case of running your own instance. ",-1))])])):E("",!0),e.showAdvancedSettings?E("",!0):(f(),v("div",Mm,[t[49]||(t[49]=u("label",null,null,-1)),u("div",Um,[u("a",{href:"#",onClick:t[24]||(t[24]=ge(a=>e.showAdvancedSettings=!0,["prevent"]))},"Show advanced")])])),u("div",Fm,[z(" Version "+T(e.$credits.version)+" • ",1),u("a",{href:"#",onClick:t[25]||(t[25]=ge((...a)=>o.showCredits&&o.showCredits(...a),["prevent"]))},"Credits")])])]),_:1},8,["shown","on-close"])}const Bm=he(dm,[["render",Hm]]),jm={name:"SharingModal",components:{Modal:vs},data:()=>({filter:{performance:!0,log:!0,events:!0,models:!0,database:!0,cache:!0,redis:!0,queue:!0,views:!0,notifications:!0,routes:!0,output:!0,userData:!0},isCopied:!1,error:!1}),computed:{sections(){var e,t;return[{text:"Performance",name:"performance",icon:"activity",available:!0,readonly:!0},{text:"Log",name:"log",icon:"edit-2",available:this.shownSections.log},{text:"Events",name:"events",icon:"zap",available:this.shownSections.events},{text:"Models",name:"models",icon:"disc",available:this.shownSections.models},{text:"Database",name:"database",icon:"database",available:this.shownSections.database},{text:"Cache",name:"cache",icon:"paperclip",available:this.shownSections.cache},{text:"Redis",name:"redis",icon:"layers",available:this.shownSections.redis},{text:"Queue",name:"queue",icon:"clock",available:this.shownSections.queue},{text:"Views",name:"views",icon:"image",available:this.shownSections.views},{text:"Notifications",name:"notifications",icon:"mail",available:this.shownSections.notifications},{text:"Routes",name:"routes",icon:"map",available:this.shownSections.routes},{text:"Output",name:"output",icon:"terminal",available:this.shownSections.output},{text:"Custom tabs",name:"userData",icon:"menu",available:(t=(e=this.$request)==null?void 0:e.userData)==null?void 0:t.length}]},shownSections(){var e,t,s,n,r,o,i,a,l,h,d,p,g,y,A,k,j,W,C,R,O;return{log:((t=(e=this.$request)==null?void 0:e.log)==null?void 0:t.length)>0,models:["modelsRetrieved","modelsCreated","modelsUpdated","modelsDeleted"].some(q=>{var L;return(L=this.$request)==null?void 0:L[q]})||((s=this.$request)==null?void 0:s.modelsActions.length)>0,database:((n=this.$request)==null?void 0:n.databaseQueriesCount)>0||((o=(r=this.$request)==null?void 0:r.databaseQueries)==null?void 0:o.length)>0,cache:["cacheReads","cacheHits","cacheWrites","cacheDeletes","cacheTime"].some(q=>{var L;return(L=this.$request)==null?void 0:L[q]})||((i=this.$request)==null?void 0:i.cacheQueries.length)>0,redis:((l=(a=this.$request)==null?void 0:a.redisCommands)==null?void 0:l.length)>0,queue:((d=(h=this.$request)==null?void 0:h.queueJobs)==null?void 0:d.length)>0,events:((g=(p=this.$request)==null?void 0:p.events)==null?void 0:g.length)>0,views:((A=(y=this.$request)==null?void 0:y.viewsData)==null?void 0:A.events.length)>0,notifications:((j=(k=this.$request)==null?void 0:k.notifications)==null?void 0:j.length)>0,routes:((C=(W=this.$request)==null?void 0:W.routes)==null?void 0:C.length)>0,output:((O=(R=this.$request)==null?void 0:R.commandOutput)==null?void 0:O.length)>0}},filterAll:{get(){return this.sections.every(e=>!e.available||this.filter[e.name])},set(e){this.sections.filter(t=>t.available&&!t.readonly).forEach(t=>this.filter[t.name]=e)}},errorMessage(){return this.error=="metadata-too-large"?"Shared request metadata is too large, please try selecting fewer sections.":this.error=="temporarily-unavailable"?"Share service is temporarily unavailable, please try again later.":"Unexpected error, please try again later."}},methods:{share(){this.$sharing.share(this.$request,this.filter).then(e=>{if(e&&e.error)return this.error=e.error;this.$copyText(this.$request.shareUrl).then(()=>this.isCopied=!0)})}},watch:{filter:{handler:function(){this.$sharing.clear(this.$request),this.isCopied=!1},deep:!0},$request:function(){this.isCopied=!1},"$sharing.shown":function(){this.isCopied=this.error=!1}}},Vm={class:"sharing-modal"},Gm={class:"sharing-content"},Wm={class:"item-text"},zm=["onUpdate:modelValue","disabled"],Qm={key:0,class:"error-message"},Ym={key:1,class:"sharing-terms"};function Km(e,t,s,n,r,o){const i=$("icon"),a=$("spinner"),l=$("modal");return f(),J(l,{icon:"share",title:"Share",shown:e.$sharing.shown,"onUpdate:shown":t[3]||(t[3]=h=>e.$sharing.shown=h)},{default:ce(()=>[u("div",Vm,[e.$sharing.termsAccepted?(f(),v(B,{key:0},[u("div",Gm,[u("label",{class:te(["content-item item-all",{active:o.filterAll}])},[t[4]||(t[4]=u("span",{class:"item-text"},"All",-1)),Oe(u("input",{type:"checkbox","onUpdate:modelValue":t[0]||(t[0]=h=>o.filterAll=h)},null,512),[[Ot,o.filterAll]])],2),(f(!0),v(B,null,le(o.sections,h=>(f(),v("label",{class:te(["content-item",{active:e.filter[h.name]&&h.available,unavailable:!h.available}])},[D(i,{name:h.icon},null,8,["name"]),u("span",Wm,T(h.text),1),Oe(u("input",{type:"checkbox","onUpdate:modelValue":d=>e.filter[h.name]=d,disabled:h.readonly||!h.available},null,8,zm),[[Ot,e.filter[h.name]]])],2))),256))]),e.error?(f(),v("p",Qm,T(o.errorMessage),1)):E("",!0),u("a",{href:"#",class:"button",onClick:t[1]||(t[1]=ge((...h)=>o.share&&o.share(...h),["prevent"]))},[e.isCopied?(f(),v(B,{key:0},[z(" Copied to clipboard! ")],64)):e.$sharing.inProgress?(f(),v(B,{key:1},[D(a,{width:"16",height:"16","no-fade-in":!0,color:e.$settings.appearance=="dark"?"#f27e02":"#258cdb"},null,8,["color"]),t[5]||(t[5]=z(" Sharing... "))],64)):(f(),v(B,{key:2},[z(" Share ")],64))])],64)):(f(),v("div",Ym,[u("h1",null,[D(i,{name:"users"})]),t[6]||(t[6]=u("p",null,"Request will be uploaded to the Clockwork Cloud servers and a unique public link generated for you.",-1)),t[7]||(t[7]=u("h2",null,"Deleting",-1)),t[8]||(t[8]=u("ul",null,[u("li",null,"You can delete the request anytime via the shared link."),u("li",null,"Shared links might expire after a few weeks.")],-1)),t[9]||(t[9]=u("h2",null,"Privacy",-1)),t[10]||(t[10]=u("ul",null,[u("li",null,"Shared requests are hosted on DigitalOcean servers."),u("li",null,"Collected data is never shared with third-parties.")],-1)),u("a",{href:"#",onClick:t[2]||(t[2]=ge(h=>e.$sharing.acceptTerms(),["prevent"])),class:"button"},"Continue")]))])]),_:1},8,["shown"])}const Xm=he(jm,[["render",Km]]),Jm={name:"SharingDeleteModal",components:{Modal:vs},data:()=>({deleting:!1,deleted:!1}),methods:{deleteShared(){this.deleting=!0,this.$sharing.deleteShared().then(()=>this.deleted=!0)}}},Zm={class:"delete-shared-modal"};function eg(e,t,s,n,r,o){const i=$("icon"),a=$("spinner"),l=$("modal");return f(),J(l,{icon:"trash-2",title:"Delete",shown:e.$sharing.shownDelete,"onUpdate:shown":t[1]||(t[1]=h=>e.$sharing.shownDelete=h)},{default:ce(()=>[u("div",Zm,[u("h1",null,[e.deleted?(f(),J(i,{key:0,name:"check-circle"})):(f(),J(i,{key:1,name:"trash-2"}))]),u("p",null,[e.deleted?(f(),v(B,{key:0},[z(" Shared request was successfully deleted. ")],64)):(f(),v(B,{key:1},[z(" Are you sure you want to delete this shared request? ")],64))]),u("a",{href:"#",onClick:t[0]||(t[0]=ge((...h)=>o.deleteShared&&o.deleteShared(...h),["prevent"])),class:"button"},[e.deleted?(f(),v(B,{key:0},[z(" Deleted! ")],64)):e.deleting?(f(),v(B,{key:1},[D(a,{width:"16",height:"16","no-fade-in":!0,color:e.$settings.appearance=="dark"?"#f27e02":"#258cdb"},null,8,["color"]),t[2]||(t[2]=z(" Deleting... "))],64)):(f(),v(B,{key:2},[z(" Delete ")],64))])])]),_:1},8,["shown"])}const tg=he(Jm,[["render",eg]]),sg={name:"TabHandle",props:["text","name","icon","badge","active","short","full"],methods:{selectTab(){this.$emit("tab-selected",this.name)}}},ng={key:1,class:"tab-title"},rg={key:2,class:"tab-badge"};function og(e,t,s,n,r,o){const i=$("icon");return f(),v("a",{onClick:t[0]||(t[0]=(...a)=>o.selectTab&&o.selectTab(...a)),class:te(["details-header-tab",{active:s.active,short:s.short,full:s.full}]),href:"#"},[s.icon?(f(),J(i,{key:0,name:s.icon,title:s.text},null,8,["name","title"])):E("",!0),s.short?E("",!0):(f(),v("div",ng,T(s.text),1)),s.badge&&!s.short?(f(),v("div",rg,T(s.badge),1)):E("",!0)],2)}const ig=he(sg,[["render",og]]);var to=ag;function ag(e,t,s){var n=null,r=null,o=function(){n&&(clearTimeout(n),r=null,n=null)},i=function(){var l=r;o(),l&&l()},a=function(){if(!t)return e.apply(this,arguments);var l=this,h=arguments,d=s&&!n;if(o(),r=function(){e.apply(l,h)},n=setTimeout(function(){if(n=null,!d){var p=r;return r=null,p()}},t),d)return r()};return a.cancel=o,a.flush=i,a}const lg={name:"TabBar",components:{TabHandle:ig},props:{tabs:{default:()=>[]},activeTab:{}},data:()=>({shortTabs:[],fullTabs:[]}),computed:{shownTabs(){return this.tabs.filter(e=>e.shown)}},methods:{hideOverflowingTabs(){this.shortTabs=[],this.fullTabs=[],this.$nextTick(()=>this.hideNextOverflowingTab())},hideNextOverflowingTab(){if(this.$el.scrollWidth<=this.$el.clientWidth)return;let e=this.tabs.indexOf(this.tabs.find(s=>s.name==this.activeTab)),t=this.tabs.slice().sort((s,n)=>Math.abs(e-this.tabs.indexOf(n))-Math.abs(e-this.tabs.indexOf(s))).find(s=>!this.shortTabs.includes(s));if(!t||t.name==this.activeTab)return this.fullTabs=this.tabs.filter(s=>!this.shortTabs.includes(s));this.shortTabs.push(t),this.$nextTick(()=>this.hideNextOverflowingTab())}},watch:{tabs(){this.hideOverflowingTabs()},activeTab(){this.hideOverflowingTabs()}},mounted(){this.resizeObserver=new ResizeObserver(to(()=>this.hideOverflowingTabs(),10)),this.resizeObserver.observe(this.$el)}},cg={class:"details-header-tabs"};function ug(e,t,s,n,r,o){const i=$("tab-handle");return f(),v("div",cg,[(f(!0),v(B,null,le(o.shownTabs,a=>(f(),J(i,{key:a.name,text:a.text,name:a.name,icon:a.icon,active:a.name==s.activeTab,short:e.shortTabs.includes(a),full:e.fullTabs.includes(a),onTabSelected:t[0]||(t[0]=l=>e.$emit("tab-selected",l))},{default:ce(()=>[z(T(a.text),1)]),_:2},1032,["text","name","icon","active","short","full"]))),128))])}const dg=he(lg,[["render",ug]]),hg={name:"DetailsTableFilterToggle",props:["filter"]};function fg(e,t,s,n,r,o){const i=$("icon");return f(),v("a",{href:"#",class:"toggle-filter",onClick:t[0]||(t[0]=ge(a=>s.filter.toggle(a),["stop"]))},[D(i,{name:"search"})])}const _i=he(hg,[["render",fg]]);class pg{constructor(t){if(t instanceof Object||(t=this.parseJson(t)),!(t instanceof Object))throw new Ra("Input does not contain serialized object.");this.data=t}parseJson(t){try{return JSON.parse(t)}catch(s){throw new Ra("Input is not a valid JSON string.",s)}}print(t){t.innerHTML=this.generateHtml()}generateHtml(){let[t,s]=this.resolveValueAndType(this.data);return this.createElement("ul",{class:"pretty-jason"},[this.createElement("li",{},[this.createElement("span",{data:{rendered:!0},click:n=>this.objectNodeClickedCallback(n)},[this.createElement("span",{class:"pretty-jason-icon",html:'<i class="pretty-jason-icon-closed"></i>'}),this.createElement("span",{text:`${t} `})]),this.generateHtmlPreview(this.data),this.generateHtmlNode(this.data)])])}generateHtmlNode(t){return this.createElement("ul",{style:{display:"none"}},Object.keys(t).filter(s=>!["__class__","__type__","__hash__"].includes(s)).map(s=>{let[n,r]=this.resolveValueAndType(t[s]);return this.createElement("li",{data:{key:s}},[this.createElement("span",{click:r=="object"?o=>this.objectNodeClickedCallback(o):void 0},[this.createElement("span",{class:"pretty-jason-icon",html:r=="object"?'<i class="pretty-jason-icon-closed"></i>':void 0}),this.createElement("span",{class:"pretty-jason-key",text:`${s}: `}),this.createElement("span",{class:`pretty-jason-value-${r}`,text:n})])])}))}generateHtmlPreview(t){return this.createElement("span",{class:"pretty-jason-preview"},Object.keys(t).filter(s=>!["__class__","__type__","__hash__"].includes(s)).slice(0,3).map(s=>{let[n,r]=this.resolveValueAndType(t[s]);return r=="string"&&n.length>=104&&(n=n.substring(0,101)+'…"'),this.createElement("span",{class:"pretty-jason-preview-item"},[this.createElement("span",{class:"pretty-jason-key",text:`${s}: `}),this.createElement("span",{class:`pretty-jason-value-${r}`,text:n})])}).concat(Object.keys(t).length>3?[this.createElement("span",{class:"pretty-jason-preview-item",text:"..."})]:[]))}resolveValueAndType(t){return t===null?["null","null"]:t===void 0?["undefined","undefined"]:typeof t=="boolean"?[t?"true":"false","boolean"]:typeof t=="string"?[`"${t}"`,"string"]:typeof t=="object"?t.__type__=="array"?[`Array(${Object.values(t).length-1})`,"object"]:t.__type__&&t.__type__!="object"?[t.__type__,t.__type__.replace(" ","-")]:[t.__class__||"Object","object"]:[t.toString(),typeof t]}objectNodeClickedCallback(t){let s=t.currentTarget;this.isNodeExpanded(s)?this.collapseNode(s,t.ctrlKey||t.metaKey):this.expandNode(s,t.ctrlKey||t.metaKey)}isNodeExpanded(t){let s=t.parentNode.querySelector("ul");return s&&s.style.display!="none"}expandNode(t,s){this.renderObjectNode(t);let n=t.parentNode.querySelector("ul"),r=t.querySelector("i");r.classList.remove("pretty-jason-icon-closed","pretty-jason-icon-open"),n.style.display="block",r.classList.add("pretty-jason-icon-open"),s&&n.querySelectorAll(".pretty-jason-icon-closed").forEach(o=>{this.expandNode(o.parentNode.parentNode,s)})}collapseNode(t,s){let n=t.parentNode.querySelector("ul"),r=t.querySelector("i");r.classList.remove("pretty-jason-icon-closed","pretty-jason-icon-open"),n.style.display="none",r.classList.add("pretty-jason-icon-closed"),s&&n.querySelectorAll(".pretty-jason-icon-open").forEach(o=>{this.collapseNode(o.parentNode.parentNode,s)})}renderObjectNode(t){if(t.dataset.rendered)return;let s=[],n=t;for(;n=n.parentNode;)if(!(n.tagName!="LI"||!("key"in n.dataset))){if(n.classList.contains("pretty-jason"))break;s.unshift(n.dataset.key)}t.parentNode.append(this.generateHtmlNode(this.getDataFromPath(s))),t.dataset.rendered=!0}getDataFromPath(t){let s=this.data,n;for(;(n=t.shift())!==void 0;)s=s[n];return s}createElement(t,s,n){let r=document.createElement(t);return s.html&&(r.innerHTML=s.html),s.text&&(r.innerText=s.text),s.class&&r.classList.add(s.class),s.style instanceof Object&&Object.keys(s.style).forEach(o=>r.style[o]=s.style[o]),s.data instanceof Object&&Object.keys(s.data).forEach(o=>r.dataset[o]=s.data[o]),s.click&&r.addEventListener("click",s.click),n instanceof Array&&n.forEach(o=>r.append(o)),r}}class Ra{constructor(t,s){this.message=t,this.exception=s}}const mg="aaa1rp3bb0ott3vie4c1le2ogado5udhabi7c0ademy5centure6ountant0s9o1tor4d0s1ult4e0g1ro2tna4f0l1rica5g0akhan5ency5i0g1rbus3force5tel5kdn3l0ibaba4pay4lfinanz6state5y2sace3tom5m0azon4ericanexpress7family11x2fam3ica3sterdam8nalytics7droid5quan4z2o0l2partments8p0le4q0uarelle8r0ab1mco4chi3my2pa2t0e3s0da2ia2sociates9t0hleta5torney7u0ction5di0ble3o3spost5thor3o0s4vianca6w0s2x0a2z0ure5ba0by2idu3namex3narepublic11d1k2r0celona5laycard4s5efoot5gains6seball5ketball8uhaus5yern5b0c1t1va3cg1n2d1e0ats2uty4er2ntley5rlin4st0buy5t2f1g1h0arti5i0ble3d1ke2ng0o3o1z2j1lack0friday9ockbuster8g1omberg7ue3m0s1w2n0pparibas9o0ats3ehringer8fa2m1nd2o0k0ing5sch2tik2on4t1utique6x2r0adesco6idgestone9oadway5ker3ther5ussels7s1t1uild0ers6siness6y1zz3v1w1y1z0h3ca0b1fe2l0l1vinklein9m0era3p2non3petown5ital0one8r0avan4ds2e0er0s4s2sa1e1h1ino4t0ering5holic7ba1n1re3c1d1enter4o1rn3f0a1d2g1h0anel2nel4rity4se2t2eap3intai5ristmas6ome4urch5i0priani6rcle4sco3tadel4i0c2y3k1l0aims4eaning6ick2nic1que6othing5ud3ub0med6m1n1o0ach3des3ffee4llege4ogne5m0cast4mbank4unity6pany2re3uter5sec4ndos3struction8ulting7tact3ractors9oking4l1p2rsica5untry4pon0s4rses6pa2r0edit0card4union9icket5own3s1uise0s6u0isinella9v1w1x1y0mru3ou3z2dabur3d1nce3ta1e1ing3sun4y2clk3ds2e0al0er2s3gree4livery5l1oitte5ta3mocrat6ntal2ist5si0gn4v2hl2iamonds6et2gital5rect0ory7scount3ver5h2y2j1k1m1np2o0cs1tor4g1mains5t1wnload7rive4tv2ubai3nlop4pont4rban5vag2r2z2earth3t2c0o2deka3u0cation8e1g1mail3erck5nergy4gineer0ing9terprises10pson4quipment8r0icsson6ni3s0q1tate5t1u0rovision8s2vents5xchange6pert3osed4ress5traspace10fage2il1rwinds6th3mily4n0s2rm0ers5shion4t3edex3edback6rrari3ero6i0delity5o2lm2nal1nce1ial7re0stone6mdale6sh0ing5t0ness6j1k1lickr3ghts4r2orist4wers5y2m1o0o0d1tball6rd1ex2sale4um3undation8x2r0ee1senius7l1ogans4ntier7tr2ujitsu5n0d2rniture7tbol5yi3ga0l0lery3o1up4me0s3p1rden4y2b0iz3d0n2e0a1nt0ing5orge5f1g0ee3h1i0ft0s3ves2ing5l0ass3e1obal2o4m0ail3bh2o1x2n1odaddy5ld0point6f2o0dyear5g0le4p1t1v2p1q1r0ainger5phics5tis4een3ipe3ocery4up4s1t1u0ardian6cci3ge2ide2tars5ru3w1y2hair2mburg5ngout5us3bo2dfc0bank7ealth0care8lp1sinki6re1mes5iphop4samitsu7tachi5v2k0t2m1n1ockey4ldings5iday5medepot5goods5s0ense7nda3rse3spital5t0ing5t0els3mail5use3w2r1sbc3t1u0ghes5yatt3undai7ibm2cbc2e1u2d1e0ee3fm2kano4l1m0amat4db2mo0bilien9n0c1dustries8finiti5o2g1k1stitute6urance4e4t0ernational10uit4vestments10o1piranga7q1r0ish4s0maili5t0anbul7t0au2v3jaguar4va3cb2e0ep2tzt3welry6io2ll2m0p2nj2o0bs1urg4t1y2p0morgan6rs3uegos4niper7kaufen5ddi3e0rryhotels6logistics9properties14fh2g1h1i0a1ds2m1ndle4tchen5wi3m1n1oeln3matsu5sher5p0mg2n2r0d1ed3uokgroup8w1y0oto4z2la0caixa5mborghini8er3ncaster6d0rover6xess5salle5t0ino3robe5w0yer5b1c1ds2ease3clerc5frak4gal2o2xus4gbt3i0dl2fe0insurance9style7ghting6ke2lly3mited4o2ncoln4k2psy3ve1ing5k1lc1p2oan0s3cker3us3l1ndon4tte1o3ve3pl0financial11r1s1t0d0a3u0ndbeck6xe1ury5v1y2ma0drid4if1son4keup4n0agement7go3p1rket0ing3s4riott5shalls7ttel5ba2c0kinsey7d1e0d0ia3et2lbourne7me1orial6n0u2rckmsd7g1h1iami3crosoft7l1ni1t2t0subishi9k1l0b1s2m0a2n1o0bi0le4da2e1i1m1nash3ey2ster5rmon3tgage6scow4to0rcycles9v0ie4p1q1r1s0d2t0n1r2u0seum3ic4v1w1x1y1z2na0b1goya4me2tura4vy3ba2c1e0c1t0bank4flix4work5ustar5w0s2xt0direct7us4f0l2g0o2hk2i0co2ke1on3nja3ssan1y5l1o0kia3rton4w0ruz3tv4p1r0a1w2tt2u1yc2z2obi1server7ffice5kinawa6layan0group9dnavy5lo3m0ega4ne1g1l0ine5oo2pen3racle3nge4g0anic5igins6saka4tsuka4t2vh3pa0ge2nasonic7ris2s1tners4s1y3y2ccw3e0t2f0izer5g1h0armacy6d1ilips5one2to0graphy6s4ysio5ics1tet2ures6d1n0g1k2oneer5zza4k1l0ace2y0station9umbing5s3m1n0c2ohl2ker3litie5rn2st3r0america6xi3ess3ime3o0d0uctions8f1gressive8mo2perties3y5tection8u0dential9s1t1ub2w0c2y2qa1pon3uebec3st5racing4dio4e0ad1lestate6tor2y4cipes5d0stone5umbrella9hab3ise0n3t2liance6n0t0als5pair3ort3ublican8st0aurant8view0s5xroth6ich0ardli6oh3l1o1p2o0cks3deo3gers4om3s0vp3u0gby3hr2n2w0e2yukyu6sa0arland6fe0ty4kura4le1on3msclub4ung5ndvik0coromant12ofi4p1rl2s1ve2xo3b0i1s2c0a1b1haeffler7midt4olarships8ol3ule3warz5ience5ot3d1e0arch3t2cure1ity6ek2lect4ner3rvices6ven3w1x0y3fr2g1h0angrila6rp2w2ell3ia1ksha5oes2p0ping5uji3w3i0lk2na1gles5te3j1k0i0n2y0pe4l0ing4m0art3ile4n0cf3o0ccer3ial4ftbank4ware6hu2lar2utions7ng1y2y2pa0ce3ort2t3r0l2s1t0ada2ples4r1tebank4farm7c0group6ockholm6rage3e3ream4udio2y3yle4u0cks3pplies3y2ort5rf1gery5zuki5v1watch4iss4x1y0dney4stems6z2tab1ipei4lk2obao4rget4tamotors6r2too4x0i3c0i2d0k2eam2ch0nology8l1masek5nnis4va3f1g1h0d1eater2re6iaa2ckets5enda4ps2res2ol4j0maxx4x2k0maxx5l1m0all4n1o0day3kyo3ols3p1ray3shiba5tal3urs3wn2yota3s3r0ade1ing4ining5vel0ers0insurance16ust3v2t1ube2i1nes3shu4v0s2w1z2ua1bank3s2g1k1nicom3versity8o2ol2ps2s1y1z2va0cations7na1guard7c1e0gas3ntures6risign5mögensberater2ung14sicherung10t2g1i0ajes4deo3g1king4llas4n1p1rgin4sa1ion4va1o3laanderen9n1odka3lvo3te1ing3o2yage5u2wales2mart4ter4ng0gou5tch0es6eather0channel12bcam3er2site5d0ding5ibo2r3f1hoswho6ien2ki2lliamhill9n0dows4e1ners6me2olterskluwer11odside6rk0s2ld3w2s1tc1f3xbox3erox4finity6ihuan4n2xx2yz3yachts4hoo3maxun5ndex5e1odobashi7ga2kohama6u0tube6t1un3za0ppos4ra3ero3ip2m1one3uerich6w2",gg="ελ1υ2бг1ел3дети4ею2католик6ом3мкд2он1сква6онлайн5рг3рус2ф2сайт3рб3укр3қаз3հայ3ישראל5קום3ابوظبي5رامكو5لاردن4بحرين5جزائر5سعودية6عليان5مغرب5مارات5یران5بارت2زار4يتك3ھارت5تونس4سودان3رية5شبكة4عراق2ب2مان4فلسطين6قطر3كاثوليك6وم3مصر2ليسيا5وريتانيا7قع4همراه5پاکستان7ڀارت4कॉम3नेट3भारत0म्3ोत5संगठन5বাংলা5ভারত2ৰত4ਭਾਰਤ4ભારત4ଭାରତ4இந்தியா6லங்கை6சிங்கப்பூர்11భారత్5ಭಾರತ4ഭാരതം5ලංකා4คอม3ไทย3ລາວ3გე2みんな3アマゾン4クラウド4グーグル4コム2ストア3セール3ファッション6ポイント4世界2中信1国1國1文网3亚马逊3企业2佛山2信息2健康2八卦2公司1益2台湾1灣2商城1店1标2嘉里0大酒店5在线2大拿2天主教3娱乐2家電2广东2微博2慈善2我爱你3手机2招聘2政务1府2新加坡2闻2时尚2書籍2机构2淡马锡3游戏2澳門2点看2移动2组织机构4网址1店1站1络2联通2谷歌2购物2通販2集团2電訊盈科4飞利浦3食品2餐厅2香格里拉3港2닷넷1컴2삼성2한국2",$s=(e,t)=>{for(const s in t)e[s]=t[s];return e},Ko="numeric",Xo="ascii",Jo="alpha",Vn="asciinumeric",qn="alphanumeric",Zo="domain",qc="emoji",vg="scheme",bg="slashscheme",Ca="whitespace";function yg(e,t){return e in t||(t[e]=[]),t[e]}function hs(e,t,s){t[Ko]&&(t[Vn]=!0,t[qn]=!0),t[Xo]&&(t[Vn]=!0,t[Jo]=!0),t[Vn]&&(t[qn]=!0),t[Jo]&&(t[qn]=!0),t[qn]&&(t[Zo]=!0),t[qc]&&(t[Zo]=!0);for(const n in t){const r=yg(n,s);r.indexOf(e)<0&&r.push(e)}}function Eg(e,t){const s={};for(const n in t)t[n].indexOf(e)>=0&&(s[n]=!0);return s}function lt(e){e===void 0&&(e=null),this.j={},this.jr=[],this.jd=null,this.t=e}lt.groups={};lt.prototype={accepts(){return!!this.t},go(e){const t=this,s=t.j[e];if(s)return s;for(let n=0;n<t.jr.length;n++){const r=t.jr[n][0],o=t.jr[n][1];if(o&&r.test(e))return o}return t.jd},has(e,t){return t===void 0&&(t=!1),t?e in this.j:!!this.go(e)},ta(e,t,s,n){for(let r=0;r<e.length;r++)this.tt(e[r],t,s,n)},tr(e,t,s,n){n=n||lt.groups;let r;return t&&t.j?r=t:(r=new lt(t),s&&n&&hs(t,s,n)),this.jr.push([e,r]),r},ts(e,t,s,n){let r=this;const o=e.length;if(!o)return r;for(let i=0;i<o-1;i++)r=r.tt(e[i]);return r.tt(e[o-1],t,s,n)},tt(e,t,s,n){n=n||lt.groups;const r=this;if(t&&t.j)return r.j[e]=t,t;const o=t;let i,a=r.go(e);if(a?(i=new lt,$s(i.j,a.j),i.jr.push.apply(i.jr,a.jr),i.jd=a.jd,i.t=a.t):i=new lt,o){if(n)if(i.t&&typeof i.t=="string"){const l=$s(Eg(i.t,n),s);hs(o,l,n)}else s&&hs(o,s,n);i.t=o}return r.j[e]=i,i}};const be=(e,t,s,n,r)=>e.ta(t,s,n,r),pt=(e,t,s,n,r)=>e.tr(t,s,n,r),Aa=(e,t,s,n,r)=>e.ts(t,s,n,r),ee=(e,t,s,n,r)=>e.tt(t,s,n,r),Dt="WORD",ei="UWORD",bn="LOCALHOST",ti="TLD",si="UTLD",Gn="SCHEME",_s="SLASH_SCHEME",Si="NUM",Dc="WS",Ri="NL",sn="OPENBRACE",nn="CLOSEBRACE",lr="OPENBRACKET",cr="CLOSEBRACKET",ur="OPENPAREN",dr="CLOSEPAREN",hr="OPENANGLEBRACKET",fr="CLOSEANGLEBRACKET",pr="FULLWIDTHLEFTPAREN",mr="FULLWIDTHRIGHTPAREN",gr="LEFTCORNERBRACKET",vr="RIGHTCORNERBRACKET",br="LEFTWHITECORNERBRACKET",yr="RIGHTWHITECORNERBRACKET",Er="FULLWIDTHLESSTHAN",Tr="FULLWIDTHGREATERTHAN",wr="AMPERSAND",_r="APOSTROPHE",Sr="ASTERISK",Yt="AT",Rr="BACKSLASH",Cr="BACKTICK",Ar="CARET",Xt="COLON",Ci="COMMA",kr="DOLLAR",Ct="DOT",Nr="EQUALS",Ai="EXCLAMATION",At="HYPHEN",Or="PERCENT",Ir="PIPE",$r="PLUS",Lr="POUND",qr="QUERY",ki="QUOTE",Ni="SEMI",kt="SLASH",rn="TILDE",Dr="UNDERSCORE",Pc="EMOJI",Pr="SYM";var xc=Object.freeze({__proto__:null,WORD:Dt,UWORD:ei,LOCALHOST:bn,TLD:ti,UTLD:si,SCHEME:Gn,SLASH_SCHEME:_s,NUM:Si,WS:Dc,NL:Ri,OPENBRACE:sn,CLOSEBRACE:nn,OPENBRACKET:lr,CLOSEBRACKET:cr,OPENPAREN:ur,CLOSEPAREN:dr,OPENANGLEBRACKET:hr,CLOSEANGLEBRACKET:fr,FULLWIDTHLEFTPAREN:pr,FULLWIDTHRIGHTPAREN:mr,LEFTCORNERBRACKET:gr,RIGHTCORNERBRACKET:vr,LEFTWHITECORNERBRACKET:br,RIGHTWHITECORNERBRACKET:yr,FULLWIDTHLESSTHAN:Er,FULLWIDTHGREATERTHAN:Tr,AMPERSAND:wr,APOSTROPHE:_r,ASTERISK:Sr,AT:Yt,BACKSLASH:Rr,BACKTICK:Cr,CARET:Ar,COLON:Xt,COMMA:Ci,DOLLAR:kr,DOT:Ct,EQUALS:Nr,EXCLAMATION:Ai,HYPHEN:At,PERCENT:Or,PIPE:Ir,PLUS:$r,POUND:Lr,QUERY:qr,QUOTE:ki,SEMI:Ni,SLASH:kt,TILDE:rn,UNDERSCORE:Dr,EMOJI:Pc,SYM:Pr});const Es=/[a-z]/,Co=new RegExp("\\p{L}","u"),Ao=new RegExp("\\p{Emoji}","u"),ko=/\d/,ka=/\s/,Na=`
`,Tg="️",wg="‍";let Dn=null,Pn=null;function _g(e){e===void 0&&(e=[]);const t={};lt.groups=t;const s=new lt;Dn==null&&(Dn=Oa(mg)),Pn==null&&(Pn=Oa(gg)),ee(s,"'",_r),ee(s,"{",sn),ee(s,"}",nn),ee(s,"[",lr),ee(s,"]",cr),ee(s,"(",ur),ee(s,")",dr),ee(s,"<",hr),ee(s,">",fr),ee(s,"（",pr),ee(s,"）",mr),ee(s,"「",gr),ee(s,"」",vr),ee(s,"『",br),ee(s,"』",yr),ee(s,"＜",Er),ee(s,"＞",Tr),ee(s,"&",wr),ee(s,"*",Sr),ee(s,"@",Yt),ee(s,"`",Cr),ee(s,"^",Ar),ee(s,":",Xt),ee(s,",",Ci),ee(s,"$",kr),ee(s,".",Ct),ee(s,"=",Nr),ee(s,"!",Ai),ee(s,"-",At),ee(s,"%",Or),ee(s,"|",Ir),ee(s,"+",$r),ee(s,"#",Lr),ee(s,"?",qr),ee(s,'"',ki),ee(s,"/",kt),ee(s,";",Ni),ee(s,"~",rn),ee(s,"_",Dr),ee(s,"\\",Rr);const n=pt(s,ko,Si,{[Ko]:!0});pt(n,ko,n);const r=pt(s,Es,Dt,{[Xo]:!0});pt(r,Es,r);const o=pt(s,Co,ei,{[Jo]:!0});pt(o,Es),pt(o,Co,o);const i=pt(s,ka,Dc,{[Ca]:!0});ee(s,Na,Ri,{[Ca]:!0}),ee(i,Na),pt(i,ka,i);const a=pt(s,Ao,Pc,{[qc]:!0});pt(a,Ao,a),ee(a,Tg,a);const l=ee(a,wg);pt(l,Ao,a);const h=[[Es,r]],d=[[Es,null],[Co,o]];for(let p=0;p<Dn.length;p++)Vt(s,Dn[p],ti,Dt,h);for(let p=0;p<Pn.length;p++)Vt(s,Pn[p],si,ei,d);hs(ti,{tld:!0,ascii:!0},t),hs(si,{utld:!0,alpha:!0},t),Vt(s,"file",Gn,Dt,h),Vt(s,"mailto",Gn,Dt,h),Vt(s,"http",_s,Dt,h),Vt(s,"https",_s,Dt,h),Vt(s,"ftp",_s,Dt,h),Vt(s,"ftps",_s,Dt,h),hs(Gn,{scheme:!0,ascii:!0},t),hs(_s,{slashscheme:!0,ascii:!0},t),e=e.sort((p,g)=>p[0]>g[0]?1:-1);for(let p=0;p<e.length;p++){const g=e[p][0],A=e[p][1]?{[vg]:!0}:{[bg]:!0};g.indexOf("-")>=0?A[Zo]=!0:Es.test(g)?ko.test(g)?A[Vn]=!0:A[Xo]=!0:A[Ko]=!0,Aa(s,g,g,A)}return Aa(s,"localhost",bn,{ascii:!0}),s.jd=new lt(Pr),{start:s,tokens:$s({groups:t},xc)}}function Sg(e,t){const s=Rg(t.replace(/[A-Z]/g,a=>a.toLowerCase())),n=s.length,r=[];let o=0,i=0;for(;i<n;){let a=e,l=null,h=0,d=null,p=-1,g=-1;for(;i<n&&(l=a.go(s[i]));)a=l,a.accepts()?(p=0,g=0,d=a):p>=0&&(p+=s[i].length,g++),h+=s[i].length,o+=s[i].length,i++;o-=p,i-=g,h-=p,r.push({t:d.t,v:t.slice(o-h,o),s:o-h,e:o})}return r}function Rg(e){const t=[],s=e.length;let n=0;for(;n<s;){let r=e.charCodeAt(n),o,i=r<55296||r>56319||n+1===s||(o=e.charCodeAt(n+1))<56320||o>57343?e[n]:e.slice(n,n+2);t.push(i),n+=i.length}return t}function Vt(e,t,s,n,r){let o;const i=t.length;for(let a=0;a<i-1;a++){const l=t[a];e.j[l]?o=e.j[l]:(o=new lt(n),o.jr=r.slice(),e.j[l]=o),e=o}return o=new lt(s),o.jr=r.slice(),e.j[t[i-1]]=o,o}function Oa(e){const t=[],s=[];let n=0,r="0123456789";for(;n<e.length;){let o=0;for(;r.indexOf(e[n+o])>=0;)o++;if(o>0){t.push(s.join(""));for(let i=parseInt(e.substring(n,n+o),10);i>0;i--)s.pop();n+=o}else s.push(e[n]),n++}return t}const yn={defaultProtocol:"http",events:null,format:Ia,formatHref:Ia,nl2br:!1,tagName:"a",target:null,rel:null,validate:!0,truncate:1/0,className:null,attributes:null,ignoreTags:[],render:null};function Oi(e,t){t===void 0&&(t=null);let s=$s({},yn);e&&(s=$s(s,e instanceof Oi?e.o:e));const n=s.ignoreTags,r=[];for(let o=0;o<n.length;o++)r.push(n[o].toUpperCase());this.o=s,t&&(this.defaultRender=t),this.ignoreTags=r}Oi.prototype={o:yn,ignoreTags:[],defaultRender(e){return e},check(e){return this.get("validate",e.toString(),e)},get(e,t,s){const n=t!=null;let r=this.o[e];return r&&(typeof r=="object"?(r=s.t in r?r[s.t]:yn[e],typeof r=="function"&&n&&(r=r(t,s))):typeof r=="function"&&n&&(r=r(t,s.t,s)),r)},getObj(e,t,s){let n=this.o[e];return typeof n=="function"&&t!=null&&(n=n(t,s.t,s)),n},render(e){const t=e.render(this);return(this.get("render",null,e)||this.defaultRender)(t,e.t,e)}};function Ia(e){return e}function Mc(e,t){this.t="token",this.v=e,this.tk=t}Mc.prototype={isLink:!1,toString(){return this.v},toHref(e){return this.toString()},toFormattedString(e){const t=this.toString(),s=e.get("truncate",t,this),n=e.get("format",t,this);return s&&n.length>s?n.substring(0,s)+"…":n},toFormattedHref(e){return e.get("formatHref",this.toHref(e.get("defaultProtocol")),this)},startIndex(){return this.tk[0].s},endIndex(){return this.tk[this.tk.length-1].e},toObject(e){return e===void 0&&(e=yn.defaultProtocol),{type:this.t,value:this.toString(),isLink:this.isLink,href:this.toHref(e),start:this.startIndex(),end:this.endIndex()}},toFormattedObject(e){return{type:this.t,value:this.toFormattedString(e),isLink:this.isLink,href:this.toFormattedHref(e),start:this.startIndex(),end:this.endIndex()}},validate(e){return e.get("validate",this.toString(),this)},render(e){const t=this,s=this.toHref(e.get("defaultProtocol")),n=e.get("formatHref",s,this),r=e.get("tagName",s,t),o=this.toFormattedString(e),i={},a=e.get("className",s,t),l=e.get("target",s,t),h=e.get("rel",s,t),d=e.getObj("attributes",s,t),p=e.getObj("events",s,t);return i.href=n,a&&(i.class=a),l&&(i.target=l),h&&(i.rel=h),d&&$s(i,d),{tagName:r,attributes:i,content:o,eventListeners:p}}};function so(e,t){class s extends Mc{constructor(r,o){super(r,o),this.t=e}}for(const n in t)s.prototype[n]=t[n];return s.t=e,s}const $a=so("email",{isLink:!0,toHref(){return"mailto:"+this.toString()}}),La=so("text"),Cg=so("nl"),xn=so("url",{isLink:!0,toHref(e){return e===void 0&&(e=yn.defaultProtocol),this.hasProtocol()?this.v:`${e}://${this.v}`},hasProtocol(){const e=this.tk;return e.length>=2&&e[0].t!==bn&&e[1].t===Xt}}),mt=e=>new lt(e);function Ag(e){let{groups:t}=e;const s=t.domain.concat([wr,Sr,Yt,Rr,Cr,Ar,kr,Nr,At,Si,Or,Ir,$r,Lr,kt,Pr,rn,Dr]),n=[_r,Xt,Ci,Ct,Ai,qr,ki,Ni,hr,fr,sn,nn,cr,lr,ur,dr,pr,mr,gr,vr,br,yr,Er,Tr],r=[wr,_r,Sr,Rr,Cr,Ar,kr,Nr,At,sn,nn,Or,Ir,$r,Lr,qr,kt,Pr,rn,Dr],o=mt(),i=ee(o,rn);be(i,r,i),be(i,t.domain,i);const a=mt(),l=mt(),h=mt();be(o,t.domain,a),be(o,t.scheme,l),be(o,t.slashscheme,h),be(a,r,i),be(a,t.domain,a);const d=ee(a,Yt);ee(i,Yt,d),ee(l,Yt,d),ee(h,Yt,d);const p=ee(i,Ct);be(p,r,i),be(p,t.domain,i);const g=mt();be(d,t.domain,g),be(g,t.domain,g);const y=ee(g,Ct);be(y,t.domain,g);const A=mt($a);be(y,t.tld,A),be(y,t.utld,A),ee(d,bn,A);const k=ee(g,At);be(k,t.domain,g),be(A,t.domain,g),ee(A,Ct,y),ee(A,At,k);const j=ee(A,Xt);be(j,t.numeric,$a);const W=ee(a,At),C=ee(a,Ct);be(W,t.domain,a),be(C,r,i),be(C,t.domain,a);const R=mt(xn);be(C,t.tld,R),be(C,t.utld,R),be(R,t.domain,a),be(R,r,i),ee(R,Ct,C),ee(R,At,W),ee(R,Yt,d);const O=ee(R,Xt),q=mt(xn);be(O,t.numeric,q);const L=mt(xn),Q=mt();be(L,s,L),be(L,n,Q),be(Q,s,L),be(Q,n,Q),ee(R,kt,L),ee(q,kt,L);const oe=ee(l,Xt),P=ee(h,Xt),V=ee(P,kt),F=ee(V,kt);be(l,t.domain,a),ee(l,Ct,C),ee(l,At,W),be(h,t.domain,a),ee(h,Ct,C),ee(h,At,W),be(oe,t.domain,L),ee(oe,kt,L),be(F,t.domain,L),be(F,s,L),ee(F,kt,L);const M=[[sn,nn],[lr,cr],[ur,dr],[hr,fr],[pr,mr],[gr,vr],[br,yr],[Er,Tr]];for(let c=0;c<M.length;c++){const[m,b]=M[c],_=ee(L,m);ee(Q,m,_),ee(_,b,L);const N=mt(xn);be(_,s,N);const I=mt();be(_,n),be(N,s,N),be(N,n,I),be(I,s,N),be(I,n,I),ee(N,b,L),ee(I,b,L)}return ee(o,bn,R),ee(o,Ri,Cg),{start:o,tokens:xc}}function kg(e,t,s){let n=s.length,r=0,o=[],i=[];for(;r<n;){let a=e,l=null,h=null,d=0,p=null,g=-1;for(;r<n&&!(l=a.go(s[r].t));)i.push(s[r++]);for(;r<n&&(h=l||a.go(s[r].t));)l=null,a=h,a.accepts()?(g=0,p=a):g>=0&&g++,r++,d++;if(g<0)r-=d,r<n&&(i.push(s[r]),r++);else{i.length>0&&(o.push(No(La,t,i)),i=[]),r-=g,d-=g;const y=p.t,A=s.slice(r-d,r);o.push(No(y,t,A))}}return i.length>0&&o.push(No(La,t,i)),o}function No(e,t,s){const n=s[0].s,r=s[s.length-1].e,o=t.slice(n,r);return new e(o,s)}const et={scanner:null,parser:null,tokenQueue:[],pluginQueue:[],customSchemes:[],initialized:!1};function Ng(){et.scanner=_g(et.customSchemes);for(let e=0;e<et.tokenQueue.length;e++)et.tokenQueue[e][1]({scanner:et.scanner});et.parser=Ag(et.scanner.tokens);for(let e=0;e<et.pluginQueue.length;e++)et.pluginQueue[e][1]({scanner:et.scanner,parser:et.parser});et.initialized=!0}function Og(e){return et.initialized||Ng(),kg(et.parser.start,e,Sg(et.scanner.start,e))}var Ig={amp:"&",gt:">",lt:"<",nbsp:" ",quot:'"'},$g=/^#[xX]([A-Fa-f0-9]+)$/,Lg=/^#([0-9]+)$/,qg=/^([A-Za-z0-9]+)$/,Dg=function(){function e(t){this.named=t}return e.prototype.parse=function(t){if(t){var s=t.match($g);if(s)return String.fromCharCode(parseInt(s[1],16));if(s=t.match(Lg),s)return String.fromCharCode(parseInt(s[1],10));if(s=t.match(qg),s)return this.named[s[1]]||"&"+s[1]+";"}},e}(),Pg=/[\t\n\f ]/,xg=/[A-Za-z]/,Mg=/\r\n?/g;function Ke(e){return Pg.test(e)}function qa(e){return xg.test(e)}function Ug(e){return e.replace(Mg,`
`)}var Fg=function(){function e(t,s,n){n===void 0&&(n="precompile"),this.delegate=t,this.entityParser=s,this.mode=n,this.state="beforeData",this.line=-1,this.column=-1,this.input="",this.index=-1,this.tagNameBuffer="",this.states={beforeData:function(){var r=this.peek();if(r==="<"&&!this.isIgnoredEndTag())this.transitionTo("tagOpen"),this.markTagStart(),this.consume();else{if(this.mode==="precompile"&&r===`
`){var o=this.tagNameBuffer.toLowerCase();(o==="pre"||o==="textarea")&&this.consume()}this.transitionTo("data"),this.delegate.beginData()}},data:function(){var r=this.peek(),o=this.tagNameBuffer;r==="<"&&!this.isIgnoredEndTag()?(this.delegate.finishData(),this.transitionTo("tagOpen"),this.markTagStart(),this.consume()):r==="&"&&o!=="script"&&o!=="style"?(this.consume(),this.delegate.appendToData(this.consumeCharRef()||"&")):(this.consume(),this.delegate.appendToData(r))},tagOpen:function(){var r=this.consume();r==="!"?this.transitionTo("markupDeclarationOpen"):r==="/"?this.transitionTo("endTagOpen"):(r==="@"||r===":"||qa(r))&&(this.transitionTo("tagName"),this.tagNameBuffer="",this.delegate.beginStartTag(),this.appendToTagName(r))},markupDeclarationOpen:function(){var r=this.consume();if(r==="-"&&this.peek()==="-")this.consume(),this.transitionTo("commentStart"),this.delegate.beginComment();else{var o=r.toUpperCase()+this.input.substring(this.index,this.index+6).toUpperCase();o==="DOCTYPE"&&(this.consume(),this.consume(),this.consume(),this.consume(),this.consume(),this.consume(),this.transitionTo("doctype"),this.delegate.beginDoctype&&this.delegate.beginDoctype())}},doctype:function(){var r=this.consume();Ke(r)&&this.transitionTo("beforeDoctypeName")},beforeDoctypeName:function(){var r=this.consume();Ke(r)||(this.transitionTo("doctypeName"),this.delegate.appendToDoctypeName&&this.delegate.appendToDoctypeName(r.toLowerCase()))},doctypeName:function(){var r=this.consume();Ke(r)?this.transitionTo("afterDoctypeName"):r===">"?(this.delegate.endDoctype&&this.delegate.endDoctype(),this.transitionTo("beforeData")):this.delegate.appendToDoctypeName&&this.delegate.appendToDoctypeName(r.toLowerCase())},afterDoctypeName:function(){var r=this.consume();if(!Ke(r))if(r===">")this.delegate.endDoctype&&this.delegate.endDoctype(),this.transitionTo("beforeData");else{var o=r.toUpperCase()+this.input.substring(this.index,this.index+5).toUpperCase(),i=o.toUpperCase()==="PUBLIC",a=o.toUpperCase()==="SYSTEM";(i||a)&&(this.consume(),this.consume(),this.consume(),this.consume(),this.consume(),this.consume()),i?this.transitionTo("afterDoctypePublicKeyword"):a&&this.transitionTo("afterDoctypeSystemKeyword")}},afterDoctypePublicKeyword:function(){var r=this.peek();Ke(r)?(this.transitionTo("beforeDoctypePublicIdentifier"),this.consume()):r==='"'?(this.transitionTo("doctypePublicIdentifierDoubleQuoted"),this.consume()):r==="'"?(this.transitionTo("doctypePublicIdentifierSingleQuoted"),this.consume()):r===">"&&(this.consume(),this.delegate.endDoctype&&this.delegate.endDoctype(),this.transitionTo("beforeData"))},doctypePublicIdentifierDoubleQuoted:function(){var r=this.consume();r==='"'?this.transitionTo("afterDoctypePublicIdentifier"):r===">"?(this.delegate.endDoctype&&this.delegate.endDoctype(),this.transitionTo("beforeData")):this.delegate.appendToDoctypePublicIdentifier&&this.delegate.appendToDoctypePublicIdentifier(r)},doctypePublicIdentifierSingleQuoted:function(){var r=this.consume();r==="'"?this.transitionTo("afterDoctypePublicIdentifier"):r===">"?(this.delegate.endDoctype&&this.delegate.endDoctype(),this.transitionTo("beforeData")):this.delegate.appendToDoctypePublicIdentifier&&this.delegate.appendToDoctypePublicIdentifier(r)},afterDoctypePublicIdentifier:function(){var r=this.consume();Ke(r)?this.transitionTo("betweenDoctypePublicAndSystemIdentifiers"):r===">"?(this.delegate.endDoctype&&this.delegate.endDoctype(),this.transitionTo("beforeData")):r==='"'?this.transitionTo("doctypeSystemIdentifierDoubleQuoted"):r==="'"&&this.transitionTo("doctypeSystemIdentifierSingleQuoted")},betweenDoctypePublicAndSystemIdentifiers:function(){var r=this.consume();Ke(r)||(r===">"?(this.delegate.endDoctype&&this.delegate.endDoctype(),this.transitionTo("beforeData")):r==='"'?this.transitionTo("doctypeSystemIdentifierDoubleQuoted"):r==="'"&&this.transitionTo("doctypeSystemIdentifierSingleQuoted"))},doctypeSystemIdentifierDoubleQuoted:function(){var r=this.consume();r==='"'?this.transitionTo("afterDoctypeSystemIdentifier"):r===">"?(this.delegate.endDoctype&&this.delegate.endDoctype(),this.transitionTo("beforeData")):this.delegate.appendToDoctypeSystemIdentifier&&this.delegate.appendToDoctypeSystemIdentifier(r)},doctypeSystemIdentifierSingleQuoted:function(){var r=this.consume();r==="'"?this.transitionTo("afterDoctypeSystemIdentifier"):r===">"?(this.delegate.endDoctype&&this.delegate.endDoctype(),this.transitionTo("beforeData")):this.delegate.appendToDoctypeSystemIdentifier&&this.delegate.appendToDoctypeSystemIdentifier(r)},afterDoctypeSystemIdentifier:function(){var r=this.consume();Ke(r)||r===">"&&(this.delegate.endDoctype&&this.delegate.endDoctype(),this.transitionTo("beforeData"))},commentStart:function(){var r=this.consume();r==="-"?this.transitionTo("commentStartDash"):r===">"?(this.delegate.finishComment(),this.transitionTo("beforeData")):(this.delegate.appendToCommentData(r),this.transitionTo("comment"))},commentStartDash:function(){var r=this.consume();r==="-"?this.transitionTo("commentEnd"):r===">"?(this.delegate.finishComment(),this.transitionTo("beforeData")):(this.delegate.appendToCommentData("-"),this.transitionTo("comment"))},comment:function(){var r=this.consume();r==="-"?this.transitionTo("commentEndDash"):this.delegate.appendToCommentData(r)},commentEndDash:function(){var r=this.consume();r==="-"?this.transitionTo("commentEnd"):(this.delegate.appendToCommentData("-"+r),this.transitionTo("comment"))},commentEnd:function(){var r=this.consume();r===">"?(this.delegate.finishComment(),this.transitionTo("beforeData")):(this.delegate.appendToCommentData("--"+r),this.transitionTo("comment"))},tagName:function(){var r=this.consume();Ke(r)?this.transitionTo("beforeAttributeName"):r==="/"?this.transitionTo("selfClosingStartTag"):r===">"?(this.delegate.finishTag(),this.transitionTo("beforeData")):this.appendToTagName(r)},endTagName:function(){var r=this.consume();Ke(r)?(this.transitionTo("beforeAttributeName"),this.tagNameBuffer=""):r==="/"?(this.transitionTo("selfClosingStartTag"),this.tagNameBuffer=""):r===">"?(this.delegate.finishTag(),this.transitionTo("beforeData"),this.tagNameBuffer=""):this.appendToTagName(r)},beforeAttributeName:function(){var r=this.peek();if(Ke(r)){this.consume();return}else r==="/"?(this.transitionTo("selfClosingStartTag"),this.consume()):r===">"?(this.consume(),this.delegate.finishTag(),this.transitionTo("beforeData")):r==="="?(this.delegate.reportSyntaxError("attribute name cannot start with equals sign"),this.transitionTo("attributeName"),this.delegate.beginAttribute(),this.consume(),this.delegate.appendToAttributeName(r)):(this.transitionTo("attributeName"),this.delegate.beginAttribute())},attributeName:function(){var r=this.peek();Ke(r)?(this.transitionTo("afterAttributeName"),this.consume()):r==="/"?(this.delegate.beginAttributeValue(!1),this.delegate.finishAttributeValue(),this.consume(),this.transitionTo("selfClosingStartTag")):r==="="?(this.transitionTo("beforeAttributeValue"),this.consume()):r===">"?(this.delegate.beginAttributeValue(!1),this.delegate.finishAttributeValue(),this.consume(),this.delegate.finishTag(),this.transitionTo("beforeData")):r==='"'||r==="'"||r==="<"?(this.delegate.reportSyntaxError(r+" is not a valid character within attribute names"),this.consume(),this.delegate.appendToAttributeName(r)):(this.consume(),this.delegate.appendToAttributeName(r))},afterAttributeName:function(){var r=this.peek();if(Ke(r)){this.consume();return}else r==="/"?(this.delegate.beginAttributeValue(!1),this.delegate.finishAttributeValue(),this.consume(),this.transitionTo("selfClosingStartTag")):r==="="?(this.consume(),this.transitionTo("beforeAttributeValue")):r===">"?(this.delegate.beginAttributeValue(!1),this.delegate.finishAttributeValue(),this.consume(),this.delegate.finishTag(),this.transitionTo("beforeData")):(this.delegate.beginAttributeValue(!1),this.delegate.finishAttributeValue(),this.transitionTo("attributeName"),this.delegate.beginAttribute(),this.consume(),this.delegate.appendToAttributeName(r))},beforeAttributeValue:function(){var r=this.peek();Ke(r)?this.consume():r==='"'?(this.transitionTo("attributeValueDoubleQuoted"),this.delegate.beginAttributeValue(!0),this.consume()):r==="'"?(this.transitionTo("attributeValueSingleQuoted"),this.delegate.beginAttributeValue(!0),this.consume()):r===">"?(this.delegate.beginAttributeValue(!1),this.delegate.finishAttributeValue(),this.consume(),this.delegate.finishTag(),this.transitionTo("beforeData")):(this.transitionTo("attributeValueUnquoted"),this.delegate.beginAttributeValue(!1),this.consume(),this.delegate.appendToAttributeValue(r))},attributeValueDoubleQuoted:function(){var r=this.consume();r==='"'?(this.delegate.finishAttributeValue(),this.transitionTo("afterAttributeValueQuoted")):r==="&"?this.delegate.appendToAttributeValue(this.consumeCharRef()||"&"):this.delegate.appendToAttributeValue(r)},attributeValueSingleQuoted:function(){var r=this.consume();r==="'"?(this.delegate.finishAttributeValue(),this.transitionTo("afterAttributeValueQuoted")):r==="&"?this.delegate.appendToAttributeValue(this.consumeCharRef()||"&"):this.delegate.appendToAttributeValue(r)},attributeValueUnquoted:function(){var r=this.peek();Ke(r)?(this.delegate.finishAttributeValue(),this.consume(),this.transitionTo("beforeAttributeName")):r==="/"?(this.delegate.finishAttributeValue(),this.consume(),this.transitionTo("selfClosingStartTag")):r==="&"?(this.consume(),this.delegate.appendToAttributeValue(this.consumeCharRef()||"&")):r===">"?(this.delegate.finishAttributeValue(),this.consume(),this.delegate.finishTag(),this.transitionTo("beforeData")):(this.consume(),this.delegate.appendToAttributeValue(r))},afterAttributeValueQuoted:function(){var r=this.peek();Ke(r)?(this.consume(),this.transitionTo("beforeAttributeName")):r==="/"?(this.consume(),this.transitionTo("selfClosingStartTag")):r===">"?(this.consume(),this.delegate.finishTag(),this.transitionTo("beforeData")):this.transitionTo("beforeAttributeName")},selfClosingStartTag:function(){var r=this.peek();r===">"?(this.consume(),this.delegate.markTagAsSelfClosing(),this.delegate.finishTag(),this.transitionTo("beforeData")):this.transitionTo("beforeAttributeName")},endTagOpen:function(){var r=this.consume();(r==="@"||r===":"||qa(r))&&(this.transitionTo("endTagName"),this.tagNameBuffer="",this.delegate.beginEndTag(),this.appendToTagName(r))}},this.reset()}return e.prototype.reset=function(){this.transitionTo("beforeData"),this.input="",this.tagNameBuffer="",this.index=0,this.line=1,this.column=0,this.delegate.reset()},e.prototype.transitionTo=function(t){this.state=t},e.prototype.tokenize=function(t){this.reset(),this.tokenizePart(t),this.tokenizeEOF()},e.prototype.tokenizePart=function(t){for(this.input+=Ug(t);this.index<this.input.length;){var s=this.states[this.state];if(s!==void 0)s.call(this);else throw new Error("unhandled state "+this.state)}},e.prototype.tokenizeEOF=function(){this.flushData()},e.prototype.flushData=function(){this.state==="data"&&(this.delegate.finishData(),this.transitionTo("beforeData"))},e.prototype.peek=function(){return this.input.charAt(this.index)},e.prototype.consume=function(){var t=this.peek();return this.index++,t===`
`?(this.line++,this.column=0):this.column++,t},e.prototype.consumeCharRef=function(){var t=this.input.indexOf(";",this.index);if(t!==-1){var s=this.input.slice(this.index,t),n=this.entityParser.parse(s);if(n){for(var r=s.length;r;)this.consume(),r--;return this.consume(),n}}},e.prototype.markTagStart=function(){this.delegate.tagOpen()},e.prototype.appendToTagName=function(t){this.tagNameBuffer+=t,this.delegate.appendToTagName(t)},e.prototype.isIgnoredEndTag=function(){var t=this.tagNameBuffer;return t==="title"&&this.input.substring(this.index,this.index+8)!=="</title>"||t==="style"&&this.input.substring(this.index,this.index+8)!=="</style>"||t==="script"&&this.input.substring(this.index,this.index+9)!=="<\/script>"},e}(),Hg=function(){function e(t,s){s===void 0&&(s={}),this.options=s,this.token=null,this.startLine=1,this.startColumn=0,this.tokens=[],this.tokenizer=new Fg(this,t,s.mode),this._currentAttribute=void 0}return e.prototype.tokenize=function(t){return this.tokens=[],this.tokenizer.tokenize(t),this.tokens},e.prototype.tokenizePart=function(t){return this.tokens=[],this.tokenizer.tokenizePart(t),this.tokens},e.prototype.tokenizeEOF=function(){return this.tokens=[],this.tokenizer.tokenizeEOF(),this.tokens[0]},e.prototype.reset=function(){this.token=null,this.startLine=1,this.startColumn=0},e.prototype.current=function(){var t=this.token;if(t===null)throw new Error("token was unexpectedly null");if(arguments.length===0)return t;for(var s=0;s<arguments.length;s++)if(t.type===arguments[s])return t;throw new Error("token type was unexpectedly "+t.type)},e.prototype.push=function(t){this.token=t,this.tokens.push(t)},e.prototype.currentAttribute=function(){return this._currentAttribute},e.prototype.addLocInfo=function(){this.options.loc&&(this.current().loc={start:{line:this.startLine,column:this.startColumn},end:{line:this.tokenizer.line,column:this.tokenizer.column}}),this.startLine=this.tokenizer.line,this.startColumn=this.tokenizer.column},e.prototype.beginDoctype=function(){this.push({type:"Doctype",name:""})},e.prototype.appendToDoctypeName=function(t){this.current("Doctype").name+=t},e.prototype.appendToDoctypePublicIdentifier=function(t){var s=this.current("Doctype");s.publicIdentifier===void 0?s.publicIdentifier=t:s.publicIdentifier+=t},e.prototype.appendToDoctypeSystemIdentifier=function(t){var s=this.current("Doctype");s.systemIdentifier===void 0?s.systemIdentifier=t:s.systemIdentifier+=t},e.prototype.endDoctype=function(){this.addLocInfo()},e.prototype.beginData=function(){this.push({type:"Chars",chars:""})},e.prototype.appendToData=function(t){this.current("Chars").chars+=t},e.prototype.finishData=function(){this.addLocInfo()},e.prototype.beginComment=function(){this.push({type:"Comment",chars:""})},e.prototype.appendToCommentData=function(t){this.current("Comment").chars+=t},e.prototype.finishComment=function(){this.addLocInfo()},e.prototype.tagOpen=function(){},e.prototype.beginStartTag=function(){this.push({type:"StartTag",tagName:"",attributes:[],selfClosing:!1})},e.prototype.beginEndTag=function(){this.push({type:"EndTag",tagName:""})},e.prototype.finishTag=function(){this.addLocInfo()},e.prototype.markTagAsSelfClosing=function(){this.current("StartTag").selfClosing=!0},e.prototype.appendToTagName=function(t){this.current("StartTag","EndTag").tagName+=t},e.prototype.beginAttribute=function(){this._currentAttribute=["","",!1]},e.prototype.appendToAttributeName=function(t){this.currentAttribute()[0]+=t},e.prototype.beginAttributeValue=function(t){this.currentAttribute()[2]=t},e.prototype.appendToAttributeValue=function(t){this.currentAttribute()[1]+=t},e.prototype.finishAttributeValue=function(){this.current("StartTag").attributes.push(this._currentAttribute)},e.prototype.reportSyntaxError=function(t){this.current().syntaxError=t},e}();function Bg(e,t){var s=new Hg(new Dg(Ig),t);return s.tokenize(e)}const Uc="LinkifyResult",xr="StartTag",Fc="EndTag",ni="Chars",jg="Comment",Vg="Doctype";function Gg(e,t){t===void 0&&(t={});const s=Bg(e),n=[],r=[],o=new Oi(t,Qg);for(let i=0;i<s.length;i++){const a=s[i];if(a.type===xr){n.push(a);const l=a.tagName.toUpperCase();if(!(l==="A"||o.ignoreTags.indexOf(l)>=0))continue;let d=n.length;zg(l,s,++i,n),i+=n.length-d-1}else if(a.type!==ni)n.push(a);else{const l=Wg(a.chars,o);n.push.apply(n,l)}}for(let i=0;i<n.length;i++){const a=n[i];switch(a.type){case Uc:r.push(a.rendered);break;case xr:{let l="<"+a.tagName;a.attributes.length>0&&(l+=" "+Kg(a.attributes).join(" ")),a.selfClosing&&(l+=" /"),l+=">",r.push(l);break}case Fc:r.push(`</${a.tagName}>`);break;case ni:r.push(ri(a.chars));break;case jg:r.push(`<!--${ri(a.chars)}-->`);break;case Vg:{let l=`<!DOCTYPE ${a.name}`;a.publicIdentifier&&(l+=` PUBLIC "${a.publicIdentifier}"`),a.systemIdentifier&&(l+=` "${a.systemIdentifier}"`),l+=">",r.push(l);break}}}return r.join("")}function Wg(e,t){const s=Og(e),n=[];for(let r=0;r<s.length;r++){const o=s[r];o.t==="nl"&&t.get("nl2br")?n.push({type:xr,tagName:"br",attributes:[],selfClosing:!0}):!o.isLink||!t.check(o)?n.push({type:ni,chars:o.toString()}):n.push({type:Uc,rendered:t.render(o)})}return n}function zg(e,t,s,n){let r=1;for(;s<t.length&&r>0;){let o=t[s];o.type===xr&&o.tagName.toUpperCase()===e?r++:o.type===Fc&&o.tagName.toUpperCase()===e&&r--,n.push(o),s++}return n}function Qg(e){let{tagName:t,attributes:s,content:n}=e;return`<${t} ${Yg(s)}>${ri(n)}</${t}>`}function ri(e){return e.replace(/</g,"&lt;").replace(/>/g,"&gt;")}function Hc(e){return e.replace(/"/g,"&quot;")}function Yg(e){const t=[];for(const s in e){const n=e[s]+"";t.push(`${s}="${Hc(n)}"`)}return t.join(" ")}function Kg(e){const t=[];for(let s=0;s<e.length;s++){const n=e[s][0],r=e[s][1]+"";t.push(`${n}="${Hc(r)}"`)}return t}const Xg={name:"PrettyPrint",props:["data","expanded","linkify"],data:()=>({hasLongText:!1,showFullText:!1}),methods:{render(){let e=this.data,t=document.createElement("div");if(e===!0)t.innerHTML="<i>true</i>";else if(e===!1)t.innerHTML="<i>false</i>";else if(e===void 0)t.innerHTML="<i>undefined</i>";else if(e===null)t.innerHTML="<i>null</i>";else if(typeof e=="number")t.innerText=e;else try{t.append(new pg(e).generateHtml())}catch{this.hasLongText=e.length>1e3,t.innerText=this.hasLongText&&!this.showFullText?e.substring(0,1e3)+"...":e,this.linkify&&(t.innerHTML=Gg(t.innerHTML,{target:(n,r)=>r==="url"&&"_blank"}))}this.$refs.content.firstChild&&this.$refs.content.firstChild.remove(),this.$refs.content.append(t),this.expanded&&this.$refs.content.querySelector(".pretty-jason > li > span").click()}},mounted(){this.render()},watch:{data(){this.render()},showFullText(){this.render()}}},Jg={ref:"content"};function Zg(e,t,s,n,r,o){return f(),v(B,null,[u("div",Jg,null,512),e.hasLongText&&!e.showFullText?(f(),v("a",{key:0,onClick:t[0]||(t[0]=ge(i=>e.showFullText=!0,["prevent"])),class:"pretty-print-more-link",href:"#"},"Show more")):E("",!0)],64)}const Qe=he(Xg,[["render",Zg]]),ev={name:"DetailsTable",components:{DetailsTableFilterToggle:_i,PrettyPrint:Qe},props:{badge:{},columns:{},filter:{},filterExample:{},icon:{default:"menu"},items:{},noHeader:{},noTableHead:{},perPage:{default:50},title:{}},data:()=>({firstShown:0}),computed:{filteredItems(){return this.filter?this.filter.filter(this.items):this.items},shownItems(){return this.firstShown>this.filteredItems.length&&(this.firstShown=Math.max(this.filteredItems.length-this.perPage,0)),this.filteredItems.slice(this.firstShown,this.firstShown+this.perPage)},hasPreviousItems(){return this.firstShown>0},previousItemsCount(){return this.firstShown},hasNextItems(){return this.firstShown+this.perPage<this.filteredItems.length},nextItemsCount(){return this.filteredItems.length-this.perPage-this.firstShown}},methods:{showPreviousItems(){this.firstShown-=this.perPage},showNextItems(){this.firstShown+=this.perPage;let e=this.$el.parentElement;for(;e&&e.scrollTop==0;)e=e.parentElement;let t=this.$el.offsetTop-e.offsetTop-5;e&&e.scrollTop>t&&(e.scrollTop=t)}},watch:{filteredItems(){this.firstShown=0}}},tv={class:"details-table"},sv={key:0,class:"table-header"},nv={class:"header-title"},rv={key:0,class:"title-badge"},ov={class:"header-group"},iv={key:0,class:"header-search"},av={class:"table-content"},lv={key:0},cv=["onClick"],uv={key:0,class:"pagination-controls"},dv=["colspan"],hv={key:1,class:"pagination-controls"},fv=["colspan"];function pv(e,t,s,n,r,o){const i=$("icon");return f(),v("div",tv,[s.noHeader?E("",!0):(f(),v("div",sv,[u("div",nv,[D(i,{name:s.icon},null,8,["name"]),z(" "+T(s.title)+" ",1),s.badge?(f(),v("span",rv,T(s.badge),1)):E("",!0)]),$t(e.$slots,"toolbar",{filter:s.filter},()=>[u("div",ov,[s.filter?(f(),v("div",iv,[Oe(u("input",{type:"search","onUpdate:modelValue":t[0]||(t[0]=a=>s.filter.input=a),placeholder:"Search..."},null,512),[[gt,s.filter.input]]),D(i,{name:"search"})])):E("",!0)])])])),u("div",av,[u("table",null,[u("thead",null,[s.noTableHead?E("",!0):(f(),v("tr",lv,[$t(e.$slots,"header",{filter:s.filter},()=>[(f(!0),v(B,null,le(s.columns,(a,l)=>(f(),v("th",{onClick:h=>s.filter.sortBy(a.sortBy||a.toLowerCase()),class:te(a.class)},[z(T(a.name||a)+" ",1),s.filter.sortedBy==(a.sortBy||a.toLowerCase())?(f(),J(i,{key:0,name:s.filter.sortedDesc?"chevron-down":"chevron-up"},null,8,["name"])):E("",!0)],10,cv))),256))])]))]),u("tbody",null,[o.hasPreviousItems?(f(),v("tr",uv,[u("td",{colspan:s.columns.length},[u("a",{href:"#",onClick:t[1]||(t[1]=(...a)=>o.showPreviousItems&&o.showPreviousItems(...a))},"Show "+T(o.previousItemsCount)+" previous",1)],8,dv)])):E("",!0),$t(e.$slots,"body",{items:o.shownItems}),o.hasNextItems?(f(),v("tr",hv,[u("td",{colspan:s.columns.length},[u("a",{href:"#",onClick:t[2]||(t[2]=(...a)=>o.showNextItems&&o.showNextItems(...a))},"Show "+T(o.nextItemsCount)+" more",1)],8,fv)])):E("",!0)])])])])}const He=he(ev,[["render",pv]]),Bc=6048e5,mv=864e5,jc=6e4,Vc=36e5,Da=Symbol.for("constructDateFrom");function Ht(e,t){return typeof e=="function"?e(t):e&&typeof e=="object"&&Da in e?e[Da](t):e instanceof Date?new e.constructor(t):new Date(t)}function Me(e,t){return Ht(t||e,e)}let gv={};function no(){return gv}function En(e,t){var a,l,h,d;const s=no(),n=(t==null?void 0:t.weekStartsOn)??((l=(a=t==null?void 0:t.locale)==null?void 0:a.options)==null?void 0:l.weekStartsOn)??s.weekStartsOn??((d=(h=s.locale)==null?void 0:h.options)==null?void 0:d.weekStartsOn)??0,r=Me(e,t==null?void 0:t.in),o=r.getDay(),i=(o<n?7:0)+o-n;return r.setDate(r.getDate()-i),r.setHours(0,0,0,0),r}function Mr(e,t){return En(e,{...t,weekStartsOn:1})}function Gc(e,t){const s=Me(e,t==null?void 0:t.in),n=s.getFullYear(),r=Ht(s,0);r.setFullYear(n+1,0,4),r.setHours(0,0,0,0);const o=Mr(r),i=Ht(s,0);i.setFullYear(n,0,4),i.setHours(0,0,0,0);const a=Mr(i);return s.getTime()>=o.getTime()?n+1:s.getTime()>=a.getTime()?n:n-1}function Pa(e){const t=Me(e),s=new Date(Date.UTC(t.getFullYear(),t.getMonth(),t.getDate(),t.getHours(),t.getMinutes(),t.getSeconds(),t.getMilliseconds()));return s.setUTCFullYear(t.getFullYear()),+e-+s}function vv(e,...t){const s=Ht.bind(null,t.find(n=>typeof n=="object"));return t.map(s)}function xa(e,t){const s=Me(e,t==null?void 0:t.in);return s.setHours(0,0,0,0),s}function bv(e,t,s){const[n,r]=vv(s==null?void 0:s.in,e,t),o=xa(n),i=xa(r),a=+o-Pa(o),l=+i-Pa(i);return Math.round((a-l)/mv)}function yv(e,t){const s=Gc(e,t),n=Ht(e,0);return n.setFullYear(s,0,4),n.setHours(0,0,0,0),Mr(n)}function Ev(e){return e instanceof Date||typeof e=="object"&&Object.prototype.toString.call(e)==="[object Date]"}function Tv(e){return!(!Ev(e)&&typeof e!="number"||isNaN(+Me(e)))}function wv(e,t){const s=Me(e,t==null?void 0:t.in);return s.setFullYear(s.getFullYear(),0,1),s.setHours(0,0,0,0),s}const _v={lessThanXSeconds:{one:"less than a second",other:"less than {{count}} seconds"},xSeconds:{one:"1 second",other:"{{count}} seconds"},halfAMinute:"half a minute",lessThanXMinutes:{one:"less than a minute",other:"less than {{count}} minutes"},xMinutes:{one:"1 minute",other:"{{count}} minutes"},aboutXHours:{one:"about 1 hour",other:"about {{count}} hours"},xHours:{one:"1 hour",other:"{{count}} hours"},xDays:{one:"1 day",other:"{{count}} days"},aboutXWeeks:{one:"about 1 week",other:"about {{count}} weeks"},xWeeks:{one:"1 week",other:"{{count}} weeks"},aboutXMonths:{one:"about 1 month",other:"about {{count}} months"},xMonths:{one:"1 month",other:"{{count}} months"},aboutXYears:{one:"about 1 year",other:"about {{count}} years"},xYears:{one:"1 year",other:"{{count}} years"},overXYears:{one:"over 1 year",other:"over {{count}} years"},almostXYears:{one:"almost 1 year",other:"almost {{count}} years"}},Sv=(e,t,s)=>{let n;const r=_v[e];return typeof r=="string"?n=r:t===1?n=r.one:n=r.other.replace("{{count}}",t.toString()),s!=null&&s.addSuffix?s.comparison&&s.comparison>0?"in "+n:n+" ago":n};function Oo(e){return(t={})=>{const s=t.width?String(t.width):e.defaultWidth;return e.formats[s]||e.formats[e.defaultWidth]}}const Rv={full:"EEEE, MMMM do, y",long:"MMMM do, y",medium:"MMM d, y",short:"MM/dd/yyyy"},Cv={full:"h:mm:ss a zzzz",long:"h:mm:ss a z",medium:"h:mm:ss a",short:"h:mm a"},Av={full:"{{date}} 'at' {{time}}",long:"{{date}} 'at' {{time}}",medium:"{{date}}, {{time}}",short:"{{date}}, {{time}}"},kv={date:Oo({formats:Rv,defaultWidth:"full"}),time:Oo({formats:Cv,defaultWidth:"full"}),dateTime:Oo({formats:Av,defaultWidth:"full"})},Nv={lastWeek:"'last' eeee 'at' p",yesterday:"'yesterday at' p",today:"'today at' p",tomorrow:"'tomorrow at' p",nextWeek:"eeee 'at' p",other:"P"},Ov=(e,t,s,n)=>Nv[e];function Bs(e){return(t,s)=>{const n=s!=null&&s.context?String(s.context):"standalone";let r;if(n==="formatting"&&e.formattingValues){const i=e.defaultFormattingWidth||e.defaultWidth,a=s!=null&&s.width?String(s.width):i;r=e.formattingValues[a]||e.formattingValues[i]}else{const i=e.defaultWidth,a=s!=null&&s.width?String(s.width):e.defaultWidth;r=e.values[a]||e.values[i]}const o=e.argumentCallback?e.argumentCallback(t):t;return r[o]}}const Iv={narrow:["B","A"],abbreviated:["BC","AD"],wide:["Before Christ","Anno Domini"]},$v={narrow:["1","2","3","4"],abbreviated:["Q1","Q2","Q3","Q4"],wide:["1st quarter","2nd quarter","3rd quarter","4th quarter"]},Lv={narrow:["J","F","M","A","M","J","J","A","S","O","N","D"],abbreviated:["Jan","Feb","Mar","Apr","May","Jun","Jul","Aug","Sep","Oct","Nov","Dec"],wide:["January","February","March","April","May","June","July","August","September","October","November","December"]},qv={narrow:["S","M","T","W","T","F","S"],short:["Su","Mo","Tu","We","Th","Fr","Sa"],abbreviated:["Sun","Mon","Tue","Wed","Thu","Fri","Sat"],wide:["Sunday","Monday","Tuesday","Wednesday","Thursday","Friday","Saturday"]},Dv={narrow:{am:"a",pm:"p",midnight:"mi",noon:"n",morning:"morning",afternoon:"afternoon",evening:"evening",night:"night"},abbreviated:{am:"AM",pm:"PM",midnight:"midnight",noon:"noon",morning:"morning",afternoon:"afternoon",evening:"evening",night:"night"},wide:{am:"a.m.",pm:"p.m.",midnight:"midnight",noon:"noon",morning:"morning",afternoon:"afternoon",evening:"evening",night:"night"}},Pv={narrow:{am:"a",pm:"p",midnight:"mi",noon:"n",morning:"in the morning",afternoon:"in the afternoon",evening:"in the evening",night:"at night"},abbreviated:{am:"AM",pm:"PM",midnight:"midnight",noon:"noon",morning:"in the morning",afternoon:"in the afternoon",evening:"in the evening",night:"at night"},wide:{am:"a.m.",pm:"p.m.",midnight:"midnight",noon:"noon",morning:"in the morning",afternoon:"in the afternoon",evening:"in the evening",night:"at night"}},xv=(e,t)=>{const s=Number(e),n=s%100;if(n>20||n<10)switch(n%10){case 1:return s+"st";case 2:return s+"nd";case 3:return s+"rd"}return s+"th"},Mv={ordinalNumber:xv,era:Bs({values:Iv,defaultWidth:"wide"}),quarter:Bs({values:$v,defaultWidth:"wide",argumentCallback:e=>e-1}),month:Bs({values:Lv,defaultWidth:"wide"}),day:Bs({values:qv,defaultWidth:"wide"}),dayPeriod:Bs({values:Dv,defaultWidth:"wide",formattingValues:Pv,defaultFormattingWidth:"wide"})};function js(e){return(t,s={})=>{const n=s.width,r=n&&e.matchPatterns[n]||e.matchPatterns[e.defaultMatchWidth],o=t.match(r);if(!o)return null;const i=o[0],a=n&&e.parsePatterns[n]||e.parsePatterns[e.defaultParseWidth],l=Array.isArray(a)?Fv(a,p=>p.test(i)):Uv(a,p=>p.test(i));let h;h=e.valueCallback?e.valueCallback(l):l,h=s.valueCallback?s.valueCallback(h):h;const d=t.slice(i.length);return{value:h,rest:d}}}function Uv(e,t){for(const s in e)if(Object.prototype.hasOwnProperty.call(e,s)&&t(e[s]))return s}function Fv(e,t){for(let s=0;s<e.length;s++)if(t(e[s]))return s}function Hv(e){return(t,s={})=>{const n=t.match(e.matchPattern);if(!n)return null;const r=n[0],o=t.match(e.parsePattern);if(!o)return null;let i=e.valueCallback?e.valueCallback(o[0]):o[0];i=s.valueCallback?s.valueCallback(i):i;const a=t.slice(r.length);return{value:i,rest:a}}}const Bv=/^(\d+)(th|st|nd|rd)?/i,jv=/\d+/i,Vv={narrow:/^(b|a)/i,abbreviated:/^(b\.?\s?c\.?|b\.?\s?c\.?\s?e\.?|a\.?\s?d\.?|c\.?\s?e\.?)/i,wide:/^(before christ|before common era|anno domini|common era)/i},Gv={any:[/^b/i,/^(a|c)/i]},Wv={narrow:/^[1234]/i,abbreviated:/^q[1234]/i,wide:/^[1234](th|st|nd|rd)? quarter/i},zv={any:[/1/i,/2/i,/3/i,/4/i]},Qv={narrow:/^[jfmasond]/i,abbreviated:/^(jan|feb|mar|apr|may|jun|jul|aug|sep|oct|nov|dec)/i,wide:/^(january|february|march|april|may|june|july|august|september|october|november|december)/i},Yv={narrow:[/^j/i,/^f/i,/^m/i,/^a/i,/^m/i,/^j/i,/^j/i,/^a/i,/^s/i,/^o/i,/^n/i,/^d/i],any:[/^ja/i,/^f/i,/^mar/i,/^ap/i,/^may/i,/^jun/i,/^jul/i,/^au/i,/^s/i,/^o/i,/^n/i,/^d/i]},Kv={narrow:/^[smtwf]/i,short:/^(su|mo|tu|we|th|fr|sa)/i,abbreviated:/^(sun|mon|tue|wed|thu|fri|sat)/i,wide:/^(sunday|monday|tuesday|wednesday|thursday|friday|saturday)/i},Xv={narrow:[/^s/i,/^m/i,/^t/i,/^w/i,/^t/i,/^f/i,/^s/i],any:[/^su/i,/^m/i,/^tu/i,/^w/i,/^th/i,/^f/i,/^sa/i]},Jv={narrow:/^(a|p|mi|n|(in the|at) (morning|afternoon|evening|night))/i,any:/^([ap]\.?\s?m\.?|midnight|noon|(in the|at) (morning|afternoon|evening|night))/i},Zv={any:{am:/^a/i,pm:/^p/i,midnight:/^mi/i,noon:/^no/i,morning:/morning/i,afternoon:/afternoon/i,evening:/evening/i,night:/night/i}},eb={ordinalNumber:Hv({matchPattern:Bv,parsePattern:jv,valueCallback:e=>parseInt(e,10)}),era:js({matchPatterns:Vv,defaultMatchWidth:"wide",parsePatterns:Gv,defaultParseWidth:"any"}),quarter:js({matchPatterns:Wv,defaultMatchWidth:"wide",parsePatterns:zv,defaultParseWidth:"any",valueCallback:e=>e+1}),month:js({matchPatterns:Qv,defaultMatchWidth:"wide",parsePatterns:Yv,defaultParseWidth:"any"}),day:js({matchPatterns:Kv,defaultMatchWidth:"wide",parsePatterns:Xv,defaultParseWidth:"any"}),dayPeriod:js({matchPatterns:Jv,defaultMatchWidth:"any",parsePatterns:Zv,defaultParseWidth:"any"})},tb={code:"en-US",formatDistance:Sv,formatLong:kv,formatRelative:Ov,localize:Mv,match:eb,options:{weekStartsOn:0,firstWeekContainsDate:1}};function sb(e,t){const s=Me(e,t==null?void 0:t.in);return bv(s,wv(s))+1}function nb(e,t){const s=Me(e,t==null?void 0:t.in),n=+Mr(s)-+yv(s);return Math.round(n/Bc)+1}function Wc(e,t){var d,p,g,y;const s=Me(e,t==null?void 0:t.in),n=s.getFullYear(),r=no(),o=(t==null?void 0:t.firstWeekContainsDate)??((p=(d=t==null?void 0:t.locale)==null?void 0:d.options)==null?void 0:p.firstWeekContainsDate)??r.firstWeekContainsDate??((y=(g=r.locale)==null?void 0:g.options)==null?void 0:y.firstWeekContainsDate)??1,i=Ht((t==null?void 0:t.in)||e,0);i.setFullYear(n+1,0,o),i.setHours(0,0,0,0);const a=En(i,t),l=Ht((t==null?void 0:t.in)||e,0);l.setFullYear(n,0,o),l.setHours(0,0,0,0);const h=En(l,t);return+s>=+a?n+1:+s>=+h?n:n-1}function rb(e,t){var a,l,h,d;const s=no(),n=(t==null?void 0:t.firstWeekContainsDate)??((l=(a=t==null?void 0:t.locale)==null?void 0:a.options)==null?void 0:l.firstWeekContainsDate)??s.firstWeekContainsDate??((d=(h=s.locale)==null?void 0:h.options)==null?void 0:d.firstWeekContainsDate)??1,r=Wc(e,t),o=Ht((t==null?void 0:t.in)||e,0);return o.setFullYear(r,0,n),o.setHours(0,0,0,0),En(o,t)}function ob(e,t){const s=Me(e,t==null?void 0:t.in),n=+En(s,t)-+rb(s,t);return Math.round(n/Bc)+1}function Ae(e,t){const s=e<0?"-":"",n=Math.abs(e).toString().padStart(t,"0");return s+n}const Gt={y(e,t){const s=e.getFullYear(),n=s>0?s:1-s;return Ae(t==="yy"?n%100:n,t.length)},M(e,t){const s=e.getMonth();return t==="M"?String(s+1):Ae(s+1,2)},d(e,t){return Ae(e.getDate(),t.length)},a(e,t){const s=e.getHours()/12>=1?"pm":"am";switch(t){case"a":case"aa":return s.toUpperCase();case"aaa":return s;case"aaaaa":return s[0];case"aaaa":default:return s==="am"?"a.m.":"p.m."}},h(e,t){return Ae(e.getHours()%12||12,t.length)},H(e,t){return Ae(e.getHours(),t.length)},m(e,t){return Ae(e.getMinutes(),t.length)},s(e,t){return Ae(e.getSeconds(),t.length)},S(e,t){const s=t.length,n=e.getMilliseconds(),r=Math.trunc(n*Math.pow(10,s-3));return Ae(r,t.length)}},Ts={am:"am",pm:"pm",midnight:"midnight",noon:"noon",morning:"morning",afternoon:"afternoon",evening:"evening",night:"night"},Ma={G:function(e,t,s){const n=e.getFullYear()>0?1:0;switch(t){case"G":case"GG":case"GGG":return s.era(n,{width:"abbreviated"});case"GGGGG":return s.era(n,{width:"narrow"});case"GGGG":default:return s.era(n,{width:"wide"})}},y:function(e,t,s){if(t==="yo"){const n=e.getFullYear(),r=n>0?n:1-n;return s.ordinalNumber(r,{unit:"year"})}return Gt.y(e,t)},Y:function(e,t,s,n){const r=Wc(e,n),o=r>0?r:1-r;if(t==="YY"){const i=o%100;return Ae(i,2)}return t==="Yo"?s.ordinalNumber(o,{unit:"year"}):Ae(o,t.length)},R:function(e,t){const s=Gc(e);return Ae(s,t.length)},u:function(e,t){const s=e.getFullYear();return Ae(s,t.length)},Q:function(e,t,s){const n=Math.ceil((e.getMonth()+1)/3);switch(t){case"Q":return String(n);case"QQ":return Ae(n,2);case"Qo":return s.ordinalNumber(n,{unit:"quarter"});case"QQQ":return s.quarter(n,{width:"abbreviated",context:"formatting"});case"QQQQQ":return s.quarter(n,{width:"narrow",context:"formatting"});case"QQQQ":default:return s.quarter(n,{width:"wide",context:"formatting"})}},q:function(e,t,s){const n=Math.ceil((e.getMonth()+1)/3);switch(t){case"q":return String(n);case"qq":return Ae(n,2);case"qo":return s.ordinalNumber(n,{unit:"quarter"});case"qqq":return s.quarter(n,{width:"abbreviated",context:"standalone"});case"qqqqq":return s.quarter(n,{width:"narrow",context:"standalone"});case"qqqq":default:return s.quarter(n,{width:"wide",context:"standalone"})}},M:function(e,t,s){const n=e.getMonth();switch(t){case"M":case"MM":return Gt.M(e,t);case"Mo":return s.ordinalNumber(n+1,{unit:"month"});case"MMM":return s.month(n,{width:"abbreviated",context:"formatting"});case"MMMMM":return s.month(n,{width:"narrow",context:"formatting"});case"MMMM":default:return s.month(n,{width:"wide",context:"formatting"})}},L:function(e,t,s){const n=e.getMonth();switch(t){case"L":return String(n+1);case"LL":return Ae(n+1,2);case"Lo":return s.ordinalNumber(n+1,{unit:"month"});case"LLL":return s.month(n,{width:"abbreviated",context:"standalone"});case"LLLLL":return s.month(n,{width:"narrow",context:"standalone"});case"LLLL":default:return s.month(n,{width:"wide",context:"standalone"})}},w:function(e,t,s,n){const r=ob(e,n);return t==="wo"?s.ordinalNumber(r,{unit:"week"}):Ae(r,t.length)},I:function(e,t,s){const n=nb(e);return t==="Io"?s.ordinalNumber(n,{unit:"week"}):Ae(n,t.length)},d:function(e,t,s){return t==="do"?s.ordinalNumber(e.getDate(),{unit:"date"}):Gt.d(e,t)},D:function(e,t,s){const n=sb(e);return t==="Do"?s.ordinalNumber(n,{unit:"dayOfYear"}):Ae(n,t.length)},E:function(e,t,s){const n=e.getDay();switch(t){case"E":case"EE":case"EEE":return s.day(n,{width:"abbreviated",context:"formatting"});case"EEEEE":return s.day(n,{width:"narrow",context:"formatting"});case"EEEEEE":return s.day(n,{width:"short",context:"formatting"});case"EEEE":default:return s.day(n,{width:"wide",context:"formatting"})}},e:function(e,t,s,n){const r=e.getDay(),o=(r-n.weekStartsOn+8)%7||7;switch(t){case"e":return String(o);case"ee":return Ae(o,2);case"eo":return s.ordinalNumber(o,{unit:"day"});case"eee":return s.day(r,{width:"abbreviated",context:"formatting"});case"eeeee":return s.day(r,{width:"narrow",context:"formatting"});case"eeeeee":return s.day(r,{width:"short",context:"formatting"});case"eeee":default:return s.day(r,{width:"wide",context:"formatting"})}},c:function(e,t,s,n){const r=e.getDay(),o=(r-n.weekStartsOn+8)%7||7;switch(t){case"c":return String(o);case"cc":return Ae(o,t.length);case"co":return s.ordinalNumber(o,{unit:"day"});case"ccc":return s.day(r,{width:"abbreviated",context:"standalone"});case"ccccc":return s.day(r,{width:"narrow",context:"standalone"});case"cccccc":return s.day(r,{width:"short",context:"standalone"});case"cccc":default:return s.day(r,{width:"wide",context:"standalone"})}},i:function(e,t,s){const n=e.getDay(),r=n===0?7:n;switch(t){case"i":return String(r);case"ii":return Ae(r,t.length);case"io":return s.ordinalNumber(r,{unit:"day"});case"iii":return s.day(n,{width:"abbreviated",context:"formatting"});case"iiiii":return s.day(n,{width:"narrow",context:"formatting"});case"iiiiii":return s.day(n,{width:"short",context:"formatting"});case"iiii":default:return s.day(n,{width:"wide",context:"formatting"})}},a:function(e,t,s){const r=e.getHours()/12>=1?"pm":"am";switch(t){case"a":case"aa":return s.dayPeriod(r,{width:"abbreviated",context:"formatting"});case"aaa":return s.dayPeriod(r,{width:"abbreviated",context:"formatting"}).toLowerCase();case"aaaaa":return s.dayPeriod(r,{width:"narrow",context:"formatting"});case"aaaa":default:return s.dayPeriod(r,{width:"wide",context:"formatting"})}},b:function(e,t,s){const n=e.getHours();let r;switch(n===12?r=Ts.noon:n===0?r=Ts.midnight:r=n/12>=1?"pm":"am",t){case"b":case"bb":return s.dayPeriod(r,{width:"abbreviated",context:"formatting"});case"bbb":return s.dayPeriod(r,{width:"abbreviated",context:"formatting"}).toLowerCase();case"bbbbb":return s.dayPeriod(r,{width:"narrow",context:"formatting"});case"bbbb":default:return s.dayPeriod(r,{width:"wide",context:"formatting"})}},B:function(e,t,s){const n=e.getHours();let r;switch(n>=17?r=Ts.evening:n>=12?r=Ts.afternoon:n>=4?r=Ts.morning:r=Ts.night,t){case"B":case"BB":case"BBB":return s.dayPeriod(r,{width:"abbreviated",context:"formatting"});case"BBBBB":return s.dayPeriod(r,{width:"narrow",context:"formatting"});case"BBBB":default:return s.dayPeriod(r,{width:"wide",context:"formatting"})}},h:function(e,t,s){if(t==="ho"){let n=e.getHours()%12;return n===0&&(n=12),s.ordinalNumber(n,{unit:"hour"})}return Gt.h(e,t)},H:function(e,t,s){return t==="Ho"?s.ordinalNumber(e.getHours(),{unit:"hour"}):Gt.H(e,t)},K:function(e,t,s){const n=e.getHours()%12;return t==="Ko"?s.ordinalNumber(n,{unit:"hour"}):Ae(n,t.length)},k:function(e,t,s){let n=e.getHours();return n===0&&(n=24),t==="ko"?s.ordinalNumber(n,{unit:"hour"}):Ae(n,t.length)},m:function(e,t,s){return t==="mo"?s.ordinalNumber(e.getMinutes(),{unit:"minute"}):Gt.m(e,t)},s:function(e,t,s){return t==="so"?s.ordinalNumber(e.getSeconds(),{unit:"second"}):Gt.s(e,t)},S:function(e,t){return Gt.S(e,t)},X:function(e,t,s){const n=e.getTimezoneOffset();if(n===0)return"Z";switch(t){case"X":return Fa(n);case"XXXX":case"XX":return us(n);case"XXXXX":case"XXX":default:return us(n,":")}},x:function(e,t,s){const n=e.getTimezoneOffset();switch(t){case"x":return Fa(n);case"xxxx":case"xx":return us(n);case"xxxxx":case"xxx":default:return us(n,":")}},O:function(e,t,s){const n=e.getTimezoneOffset();switch(t){case"O":case"OO":case"OOO":return"GMT"+Ua(n,":");case"OOOO":default:return"GMT"+us(n,":")}},z:function(e,t,s){const n=e.getTimezoneOffset();switch(t){case"z":case"zz":case"zzz":return"GMT"+Ua(n,":");case"zzzz":default:return"GMT"+us(n,":")}},t:function(e,t,s){const n=Math.trunc(+e/1e3);return Ae(n,t.length)},T:function(e,t,s){return Ae(+e,t.length)}};function Ua(e,t=""){const s=e>0?"-":"+",n=Math.abs(e),r=Math.trunc(n/60),o=n%60;return o===0?s+String(r):s+String(r)+t+Ae(o,2)}function Fa(e,t){return e%60===0?(e>0?"-":"+")+Ae(Math.abs(e)/60,2):us(e,t)}function us(e,t=""){const s=e>0?"-":"+",n=Math.abs(e),r=Ae(Math.trunc(n/60),2),o=Ae(n%60,2);return s+r+t+o}const Ha=(e,t)=>{switch(e){case"P":return t.date({width:"short"});case"PP":return t.date({width:"medium"});case"PPP":return t.date({width:"long"});case"PPPP":default:return t.date({width:"full"})}},zc=(e,t)=>{switch(e){case"p":return t.time({width:"short"});case"pp":return t.time({width:"medium"});case"ppp":return t.time({width:"long"});case"pppp":default:return t.time({width:"full"})}},ib=(e,t)=>{const s=e.match(/(P+)(p+)?/)||[],n=s[1],r=s[2];if(!r)return Ha(e,t);let o;switch(n){case"P":o=t.dateTime({width:"short"});break;case"PP":o=t.dateTime({width:"medium"});break;case"PPP":o=t.dateTime({width:"long"});break;case"PPPP":default:o=t.dateTime({width:"full"});break}return o.replace("{{date}}",Ha(n,t)).replace("{{time}}",zc(r,t))},ab={p:zc,P:ib},lb=/^D+$/,cb=/^Y+$/,ub=["D","DD","YY","YYYY"];function db(e){return lb.test(e)}function hb(e){return cb.test(e)}function fb(e,t,s){const n=pb(e,t,s);if(console.warn(n),ub.includes(e))throw new RangeError(n)}function pb(e,t,s){const n=e[0]==="Y"?"years":"days of the month";return`Use \`${e.toLowerCase()}\` instead of \`${e}\` (in \`${t}\`) for formatting ${n} to the input \`${s}\`; see: https://github.com/date-fns/date-fns/blob/master/docs/unicodeTokens.md`}const mb=/[yYQqMLwIdDecihHKkms]o|(\w)\1*|''|'(''|[^'])+('|$)|./g,gb=/P+p+|P+|p+|''|'(''|[^'])+('|$)|./g,vb=/^'([^]*?)'?$/,bb=/''/g,yb=/[a-zA-Z]/;function Wn(e,t,s){var d,p,g,y;const n=no(),r=n.locale??tb,o=n.firstWeekContainsDate??((p=(d=n.locale)==null?void 0:d.options)==null?void 0:p.firstWeekContainsDate)??1,i=n.weekStartsOn??((y=(g=n.locale)==null?void 0:g.options)==null?void 0:y.weekStartsOn)??0,a=Me(e,s==null?void 0:s.in);if(!Tv(a))throw new RangeError("Invalid time value");let l=t.match(gb).map(A=>{const k=A[0];if(k==="p"||k==="P"){const j=ab[k];return j(A,r.formatLong)}return A}).join("").match(mb).map(A=>{if(A==="''")return{isToken:!1,value:"'"};const k=A[0];if(k==="'")return{isToken:!1,value:Eb(A)};if(Ma[k])return{isToken:!0,value:A};if(k.match(yb))throw new RangeError("Format string contains an unescaped latin alphabet character `"+k+"`");return{isToken:!1,value:A}});r.localize.preprocessor&&(l=r.localize.preprocessor(a,l));const h={firstWeekContainsDate:o,weekStartsOn:i,locale:r};return l.map(A=>{if(!A.isToken)return A.value;const k=A.value;(hb(k)||db(k))&&fb(k,t,String(e));const j=Ma[k[0]];return j(a,k,r.localize,h)}).join("")}function Eb(e){const t=e.match(vb);return t?t[1].replace(bb,"'"):e}function Tb(e,t){return+Me(e)>+Me(t)}function wb(e,t){return+Me(e)<+Me(t)}function _b(e,t){return+Me(e)==+Me(t)}function Io(e,t){const s=()=>Ht(t==null?void 0:t.in,NaN),r=Ab(e);let o;if(r.date){const h=kb(r.date,2);o=Nb(h.restDateString,h.year)}if(!o||isNaN(+o))return s();const i=+o;let a=0,l;if(r.time&&(a=Ob(r.time),isNaN(a)))return s();if(r.timezone){if(l=Ib(r.timezone),isNaN(l))return s()}else{const h=new Date(i+a),d=Me(0,t==null?void 0:t.in);return d.setFullYear(h.getUTCFullYear(),h.getUTCMonth(),h.getUTCDate()),d.setHours(h.getUTCHours(),h.getUTCMinutes(),h.getUTCSeconds(),h.getUTCMilliseconds()),d}return Me(i+a+l,t==null?void 0:t.in)}const Mn={dateTimeDelimiter:/[T ]/,timeZoneDelimiter:/[Z ]/i,timezone:/([Z+-].*)$/},Sb=/^-?(?:(\d{3})|(\d{2})(?:-?(\d{2}))?|W(\d{2})(?:-?(\d{1}))?|)$/,Rb=/^(\d{2}(?:[.,]\d*)?)(?::?(\d{2}(?:[.,]\d*)?))?(?::?(\d{2}(?:[.,]\d*)?))?$/,Cb=/^([+-])(\d{2})(?::?(\d{2}))?$/;function Ab(e){const t={},s=e.split(Mn.dateTimeDelimiter);let n;if(s.length>2)return t;if(/:/.test(s[0])?n=s[0]:(t.date=s[0],n=s[1],Mn.timeZoneDelimiter.test(t.date)&&(t.date=e.split(Mn.timeZoneDelimiter)[0],n=e.substr(t.date.length,e.length))),n){const r=Mn.timezone.exec(n);r?(t.time=n.replace(r[1],""),t.timezone=r[1]):t.time=n}return t}function kb(e,t){const s=new RegExp("^(?:(\\d{4}|[+-]\\d{"+(4+t)+"})|(\\d{2}|[+-]\\d{"+(2+t)+"})$)"),n=e.match(s);if(!n)return{year:NaN,restDateString:""};const r=n[1]?parseInt(n[1]):null,o=n[2]?parseInt(n[2]):null;return{year:o===null?r:o*100,restDateString:e.slice((n[1]||n[2]).length)}}function Nb(e,t){if(t===null)return new Date(NaN);const s=e.match(Sb);if(!s)return new Date(NaN);const n=!!s[4],r=Vs(s[1]),o=Vs(s[2])-1,i=Vs(s[3]),a=Vs(s[4]),l=Vs(s[5])-1;if(n)return Pb(t,a,l)?$b(t,a,l):new Date(NaN);{const h=new Date(0);return!qb(t,o,i)||!Db(t,r)?new Date(NaN):(h.setUTCFullYear(t,o,Math.max(r,i)),h)}}function Vs(e){return e?parseInt(e):1}function Ob(e){const t=e.match(Rb);if(!t)return NaN;const s=$o(t[1]),n=$o(t[2]),r=$o(t[3]);return xb(s,n,r)?s*Vc+n*jc+r*1e3:NaN}function $o(e){return e&&parseFloat(e.replace(",","."))||0}function Ib(e){if(e==="Z")return 0;const t=e.match(Cb);if(!t)return 0;const s=t[1]==="+"?-1:1,n=parseInt(t[2]),r=t[3]&&parseInt(t[3])||0;return Mb(n,r)?s*(n*Vc+r*jc):NaN}function $b(e,t,s){const n=new Date(0);n.setUTCFullYear(e,0,4);const r=n.getUTCDay()||7,o=(t-1)*7+s+1-r;return n.setUTCDate(n.getUTCDate()+o),n}const Lb=[31,null,31,30,31,30,31,31,30,31,30,31];function Qc(e){return e%400===0||e%4===0&&e%100!==0}function qb(e,t,s){return t>=0&&t<=11&&s>=1&&s<=(Lb[t]||(Qc(e)?29:28))}function Db(e,t){return t>=1&&t<=(Qc(e)?366:365)}function Pb(e,t,s){return t>=1&&t<=53&&s>=0&&s<=6}function xb(e,t,s){return e===24?t===0&&s===0:s>=0&&s<60&&t>=0&&t<60&&e>=0&&e<25}function Mb(e,t){return t>=0&&t<=59}function Lo(e,t,s){const n=Me(e,s==null?void 0:s.in);return n.setMilliseconds(t),n}let Ub=class{constructor(t,s){this.tags=t,this.map=s,this.shown=!1,this.sortedBy=void 0,this.sortedDesc=!1,this.input=""}toggle(t){this.shown=!this.shown,this.shown&&Yr(()=>{let s=t.target;for(;(s=s.parentNode)&&s.tagName!="TABLE";);s.querySelector(".filter input").focus()})}sortBy(t){this.sortedBy==t?this.sortedDesc=!this.sortedDesc:(this.sortedBy=t,this.sortedDesc=!0)}filter(t){let{terms:s,tags:n}=this.tokenize(this.input);if(t=t.filter(r=>{let o=this.map?this.map(r):r;return this.matchesTerms(o,s)&&this.matchesTags(r,n)}),this.sortedBy){let r=this.tags.find(o=>o.tag==this.sortedBy);t.sort((o,i)=>{var a,l;return r&&r.type=="number"?o[this.sortedBy]-i[this.sortedBy]:(l=o[this.sortedBy])==null?void 0:l.toString().localeCompare((a=i[this.sortedBy])==null?void 0:a.toString())})}return this.sortedDesc&&(t=t.reverse()),t}matchesTerms(t,s){return s.length?typeof t=="object"&&t!==null?Object.values(t).find(n=>this.matchesTerms(n,s)):typeof t!="string"?!1:s.find(n=>t.toLowerCase().includes(n.toLowerCase())):!0}matchesTags(t,s){return Object.keys(s).length?Object.keys(s).every(n=>(n=this.tags.find(r=>r.tag==n),n?n.type=="number"||n.type=="date"?s[n.tag].every(r=>this.isTagApplicable(n,t,r)):s[n.tag].find(r=>this.isTagApplicable(n,t,r)):!1)):!0}isTagApplicable(t,s,n){if(t.apply)return t.apply(s,n);if(s=t.map?t.map(s):s[t.tag],t.type=="number"){let r;return(r=n.match(/^<(\d+(?:\.\d+)?)$/))?s<parseFloat(r[1]):(r=n.match(/^>(\d+(?:\.\d+)?)$/))?parseFloat(r[1])<s:(r=n.match(/^(\d+(?:\.\d+)?)-(\d+(?:\.\d+)?)$/))?parseFloat(r[1])<s&&s<parseFloat(r[2]):s==n}else if(t.type=="date"){let r;return(r=n.match(/^<(.+)$/))?wb(Lo(s,0),Io(r[1].match(/^\d+:\d+(:\d+)?$/)?Wn(new Date,"yyyy-MM-dd ")+r[1]:r[1])):(r=n.match(/^>(.+)$/))?Tb(Lo(s,0),Io(r[1].match(/^\d+:\d+(:\d+)?$/)?Wn(new Date,"yyyy-MM-dd ")+r[1]:r[1])):_b(Lo(s,0),Io(n.match(/^\d+:\d+(:\d+)?$/)?Wn(new Date,"yyyy-MM-dd ")+n:n))}else return typeof s=="string"&&s.toLowerCase().includes(n.toLowerCase())}tokenize(t){let s=[],n={},r=/(\w+:)?("[^"]*"|[^\s]+)/g,o;for(;o=r.exec(t);){let i=o[1]?o[1].substr(0,o[1].length-1):void 0,a=o[2];(o=a.match(/^"(.+?)"$/))&&(a=o[1]),i?(n[i]||(n[i]=[]),n[i].push(a)):s.push(a)}return{terms:s,tags:n}}};const ze=(...e)=>We(new Ub(...e)),Fb={name:"CacheTab",components:{DetailsTable:He,PrettyPrint:Qe,StackTrace:ht},props:["active"],data:()=>({filter:ze([{tag:"action",apply:(e,t)=>{if(["read","write","delete","miss"].includes(t.toLowerCase()))return e.type.toLowerCase()==t.toLowerCase()}},{tag:"key"},{tag:"file",map:e=>e.shortPath}])}),computed:{columns(){let e=[{name:"Action",sortBy:"type"},"Key","Value","Expires"];return this.$request.cacheQueries.some(t=>t.connection)&&e.unshift("Connection"),this.$request.cacheQueries.some(t=>t.duration)&&e.push("Duration"),e}}},Hb={key:0},Bb={class:"counters-row"},jb={key:0,class:"counter"},Vb={class:"counter-value"},Gb={key:1,class:"counter"},Wb={class:"counter-value"},zb={key:2,class:"counter"},Qb={class:"counter-value"},Yb={key:3,class:"counter"},Kb={class:"counter-value"},Xb={key:4,class:"counter"},Jb={class:"counter-value"},Zb={key:5,class:"counter"},ey={class:"counter-value"},ty={key:6,class:"counter"},sy={class:"counter-value"},ny={key:0},ry={class:"cache-query-type"},oy={class:"database-query"},iy={class:"database-query-content"},ay={key:0},ly={key:1};function cy(e,t,s,n,r,o){const i=$("pretty-print"),a=$("stack-trace"),l=$("details-table");return s.active?(f(),v("div",Hb,[u("div",Bb,[e.$request.cacheQueries.length?(f(),v("div",jb,[u("div",Vb,T(e.$request.cacheQueries.length),1),t[0]||(t[0]=u("div",{class:"counter-title"},"queries",-1))])):E("",!0),e.$request.cacheReads?(f(),v("div",Gb,[u("div",Wb,T(e.$request.cacheReads),1),t[1]||(t[1]=u("div",{class:"counter-title"},"reads",-1))])):E("",!0),e.$request.cacheHits?(f(),v("div",zb,[u("div",Qb,T(e.$request.cacheHits),1),t[2]||(t[2]=u("div",{class:"counter-title"},"hits",-1))])):E("",!0),e.$request.cacheMisses?(f(),v("div",Yb,[u("div",Kb,T(e.$request.cacheMisses),1),t[3]||(t[3]=u("div",{class:"counter-title"},"misses",-1))])):E("",!0),e.$request.cacheWrites?(f(),v("div",Xb,[u("div",Jb,T(e.$request.cacheWrites),1),t[4]||(t[4]=u("div",{class:"counter-title"},"writes",-1))])):E("",!0),e.$request.cacheDeletes?(f(),v("div",Zb,[u("div",ey,T(e.$request.cacheDeletes),1),t[5]||(t[5]=u("div",{class:"counter-title"},"deletes",-1))])):E("",!0),e.$request.cacheTime?(f(),v("div",ty,[u("div",sy,T(e.$request.cacheTime),1),t[6]||(t[6]=u("div",{class:"counter-title"},"time",-1))])):E("",!0)]),e.$request.cacheQueries.length?(f(),J(l,{key:0,title:"Queries",icon:"paperclip",columns:o.columns,items:e.$request.cacheQueries,filter:e.filter,"filter-example":"info@underground.works action:miss key:lastRequest file:Controller.php"},{body:ce(({items:h})=>[(f(!0),v(B,null,le(h,(d,p)=>(f(),v("tr",{key:`${e.$request.id}-${p}`},[o.columns.includes("Connection")?(f(),v("td",ny,T(d.connection),1)):E("",!0),u("td",ry,T(d.type),1),u("td",null,T(d.key),1),u("td",null,[u("div",oy,[u("div",iy,[D(i,{data:d.value},null,8,["data"])]),D(a,{class:"database-query-path",trace:d.trace,file:d.file,line:d.line},null,8,["trace","file","line"])])]),u("td",null,[d.expiration?(f(),v("span",ay,T(d.expiration),1)):E("",!0)]),o.columns.includes("Duration")?(f(),v("td",ly,T(e.$round(d.duration,3))+" ms",1)):E("",!0)]))),128))]),_:1},8,["columns","items","filter"])):E("",!0)])):E("",!0)}const uy=he(Fb,[["render",cy]]);var ve=typeof globalThis<"u"?globalThis:typeof window<"u"?window:typeof global<"u"?global:typeof self<"u"?self:{};function qs(e){return e&&e.__esModule&&Object.prototype.hasOwnProperty.call(e,"default")?e.default:e}var Yc={exports:{}};(function(e){var t=typeof window<"u"?window:typeof WorkerGlobalScope<"u"&&self instanceof WorkerGlobalScope?self:{};/**
 * Prism: Lightweight, robust, elegant syntax highlighting
 *
 * @license MIT <https://opensource.org/licenses/MIT>
 * @author Lea Verou <https://lea.verou.me>
 * @namespace
 * @public
 */var s=function(n){var r=/(?:^|\s)lang(?:uage)?-([\w-]+)(?=\s|$)/i,o=0,i={},a={manual:n.Prism&&n.Prism.manual,disableWorkerMessageHandler:n.Prism&&n.Prism.disableWorkerMessageHandler,util:{encode:function C(R){return R instanceof l?new l(R.type,C(R.content),R.alias):Array.isArray(R)?R.map(C):R.replace(/&/g,"&amp;").replace(/</g,"&lt;").replace(/\u00a0/g," ")},type:function(C){return Object.prototype.toString.call(C).slice(8,-1)},objId:function(C){return C.__id||Object.defineProperty(C,"__id",{value:++o}),C.__id},clone:function C(R,O){O=O||{};var q,L;switch(a.util.type(R)){case"Object":if(L=a.util.objId(R),O[L])return O[L];q={},O[L]=q;for(var Q in R)R.hasOwnProperty(Q)&&(q[Q]=C(R[Q],O));return q;case"Array":return L=a.util.objId(R),O[L]?O[L]:(q=[],O[L]=q,R.forEach(function(oe,P){q[P]=C(oe,O)}),q);default:return R}},getLanguage:function(C){for(;C;){var R=r.exec(C.className);if(R)return R[1].toLowerCase();C=C.parentElement}return"none"},setLanguage:function(C,R){C.className=C.className.replace(RegExp(r,"gi"),""),C.classList.add("language-"+R)},currentScript:function(){if(typeof document>"u")return null;if("currentScript"in document)return document.currentScript;try{throw new Error}catch(q){var C=(/at [^(\r\n]*\((.*):[^:]+:[^:]+\)$/i.exec(q.stack)||[])[1];if(C){var R=document.getElementsByTagName("script");for(var O in R)if(R[O].src==C)return R[O]}return null}},isActive:function(C,R,O){for(var q="no-"+R;C;){var L=C.classList;if(L.contains(R))return!0;if(L.contains(q))return!1;C=C.parentElement}return!!O}},languages:{plain:i,plaintext:i,text:i,txt:i,extend:function(C,R){var O=a.util.clone(a.languages[C]);for(var q in R)O[q]=R[q];return O},insertBefore:function(C,R,O,q){q=q||a.languages;var L=q[C],Q={};for(var oe in L)if(L.hasOwnProperty(oe)){if(oe==R)for(var P in O)O.hasOwnProperty(P)&&(Q[P]=O[P]);O.hasOwnProperty(oe)||(Q[oe]=L[oe])}var V=q[C];return q[C]=Q,a.languages.DFS(a.languages,function(F,M){M===V&&F!=C&&(this[F]=Q)}),Q},DFS:function C(R,O,q,L){L=L||{};var Q=a.util.objId;for(var oe in R)if(R.hasOwnProperty(oe)){O.call(R,oe,R[oe],q||oe);var P=R[oe],V=a.util.type(P);V==="Object"&&!L[Q(P)]?(L[Q(P)]=!0,C(P,O,null,L)):V==="Array"&&!L[Q(P)]&&(L[Q(P)]=!0,C(P,O,oe,L))}}},plugins:{},highlightAll:function(C,R){a.highlightAllUnder(document,C,R)},highlightAllUnder:function(C,R,O){var q={callback:O,container:C,selector:'code[class*="language-"], [class*="language-"] code, code[class*="lang-"], [class*="lang-"] code'};a.hooks.run("before-highlightall",q),q.elements=Array.prototype.slice.apply(q.container.querySelectorAll(q.selector)),a.hooks.run("before-all-elements-highlight",q);for(var L=0,Q;Q=q.elements[L++];)a.highlightElement(Q,R===!0,q.callback)},highlightElement:function(C,R,O){var q=a.util.getLanguage(C),L=a.languages[q];a.util.setLanguage(C,q);var Q=C.parentElement;Q&&Q.nodeName.toLowerCase()==="pre"&&a.util.setLanguage(Q,q);var oe=C.textContent,P={element:C,language:q,grammar:L,code:oe};function V(M){P.highlightedCode=M,a.hooks.run("before-insert",P),P.element.innerHTML=P.highlightedCode,a.hooks.run("after-highlight",P),a.hooks.run("complete",P),O&&O.call(P.element)}if(a.hooks.run("before-sanity-check",P),Q=P.element.parentElement,Q&&Q.nodeName.toLowerCase()==="pre"&&!Q.hasAttribute("tabindex")&&Q.setAttribute("tabindex","0"),!P.code){a.hooks.run("complete",P),O&&O.call(P.element);return}if(a.hooks.run("before-highlight",P),!P.grammar){V(a.util.encode(P.code));return}if(R&&n.Worker){var F=new Worker(a.filename);F.onmessage=function(M){V(M.data)},F.postMessage(JSON.stringify({language:P.language,code:P.code,immediateClose:!0}))}else V(a.highlight(P.code,P.grammar,P.language))},highlight:function(C,R,O){var q={code:C,grammar:R,language:O};if(a.hooks.run("before-tokenize",q),!q.grammar)throw new Error('The language "'+q.language+'" has no grammar.');return q.tokens=a.tokenize(q.code,q.grammar),a.hooks.run("after-tokenize",q),l.stringify(a.util.encode(q.tokens),q.language)},tokenize:function(C,R){var O=R.rest;if(O){for(var q in O)R[q]=O[q];delete R.rest}var L=new p;return g(L,L.head,C),d(C,L,R,L.head,0),A(L)},hooks:{all:{},add:function(C,R){var O=a.hooks.all;O[C]=O[C]||[],O[C].push(R)},run:function(C,R){var O=a.hooks.all[C];if(!(!O||!O.length))for(var q=0,L;L=O[q++];)L(R)}},Token:l};n.Prism=a;function l(C,R,O,q){this.type=C,this.content=R,this.alias=O,this.length=(q||"").length|0}l.stringify=function C(R,O){if(typeof R=="string")return R;if(Array.isArray(R)){var q="";return R.forEach(function(V){q+=C(V,O)}),q}var L={type:R.type,content:C(R.content,O),tag:"span",classes:["token",R.type],attributes:{},language:O},Q=R.alias;Q&&(Array.isArray(Q)?Array.prototype.push.apply(L.classes,Q):L.classes.push(Q)),a.hooks.run("wrap",L);var oe="";for(var P in L.attributes)oe+=" "+P+'="'+(L.attributes[P]||"").replace(/"/g,"&quot;")+'"';return"<"+L.tag+' class="'+L.classes.join(" ")+'"'+oe+">"+L.content+"</"+L.tag+">"};function h(C,R,O,q){C.lastIndex=R;var L=C.exec(O);if(L&&q&&L[1]){var Q=L[1].length;L.index+=Q,L[0]=L[0].slice(Q)}return L}function d(C,R,O,q,L,Q){for(var oe in O)if(!(!O.hasOwnProperty(oe)||!O[oe])){var P=O[oe];P=Array.isArray(P)?P:[P];for(var V=0;V<P.length;++V){if(Q&&Q.cause==oe+","+V)return;var F=P[V],M=F.inside,c=!!F.lookbehind,m=!!F.greedy,b=F.alias;if(m&&!F.pattern.global){var _=F.pattern.toString().match(/[imsuy]*$/)[0];F.pattern=RegExp(F.pattern.source,_+"g")}for(var N=F.pattern||F,I=q.next,U=L;I!==R.tail&&!(Q&&U>=Q.reach);U+=I.value.length,I=I.next){var H=I.value;if(R.length>C.length)return;if(!(H instanceof l)){var Z=1,ae;if(m){if(ae=h(N,U,C,c),!ae||ae.index>=C.length)break;var Te=ae.index,Se=ae.index+ae[0].length,ye=U;for(ye+=I.value.length;Te>=ye;)I=I.next,ye+=I.value.length;if(ye-=I.value.length,U=ye,I.value instanceof l)continue;for(var Ee=I;Ee!==R.tail&&(ye<Se||typeof Ee.value=="string");Ee=Ee.next)Z++,ye+=Ee.value.length;Z--,H=C.slice(U,ye),ae.index-=U}else if(ae=h(N,0,H,c),!ae)continue;var Te=ae.index,Ne=ae[0],Pe=H.slice(0,Te),De=H.slice(Te+Ne.length),Ue=U+H.length;Q&&Ue>Q.reach&&(Q.reach=Ue);var qe=I.prev;Pe&&(qe=g(R,qe,Pe),U+=Pe.length),y(R,qe,Z);var Ve=new l(oe,M?a.tokenize(Ne,M):Ne,b,Ne);if(I=g(R,qe,Ve),De&&g(R,I,De),Z>1){var w={cause:oe+","+V,reach:Ue};d(C,R,O,I.prev,U,w),Q&&w.reach>Q.reach&&(Q.reach=w.reach)}}}}}}function p(){var C={value:null,prev:null,next:null},R={value:null,prev:C,next:null};C.next=R,this.head=C,this.tail=R,this.length=0}function g(C,R,O){var q=R.next,L={value:O,prev:R,next:q};return R.next=L,q.prev=L,C.length++,L}function y(C,R,O){for(var q=R.next,L=0;L<O&&q!==C.tail;L++)q=q.next;R.next=q,q.prev=R,C.length-=L}function A(C){for(var R=[],O=C.head.next;O!==C.tail;)R.push(O.value),O=O.next;return R}if(!n.document)return n.addEventListener&&(a.disableWorkerMessageHandler||n.addEventListener("message",function(C){var R=JSON.parse(C.data),O=R.language,q=R.code,L=R.immediateClose;n.postMessage(a.highlight(q,a.languages[O],O)),L&&n.close()},!1)),a;var k=a.util.currentScript();k&&(a.filename=k.src,k.hasAttribute("data-manual")&&(a.manual=!0));function j(){a.manual||a.highlightAll()}if(!a.manual){var W=document.readyState;W==="loading"||W==="interactive"&&k&&k.defer?document.addEventListener("DOMContentLoaded",j):window.requestAnimationFrame?window.requestAnimationFrame(j):window.setTimeout(j,16)}return a}(t);e.exports&&(e.exports=s),typeof ve<"u"&&(ve.Prism=s)})(Yc);var dy=Yc.exports;const Ba=qs(dy);Prism.languages.sql={comment:{pattern:/(^|[^\\])(?:\/\*[\s\S]*?\*\/|(?:--|\/\/|#).*)/,lookbehind:!0},variable:[{pattern:/@(["'`])(?:\\[\s\S]|(?!\1)[^\\])+\1/,greedy:!0},/@[\w.$]+/],string:{pattern:/(^|[^@\\])("|')(?:\\[\s\S]|(?!\2)[^\\]|\2\2)*\2/,greedy:!0,lookbehind:!0},identifier:{pattern:/(^|[^@\\])`(?:\\[\s\S]|[^`\\]|``)*`/,greedy:!0,lookbehind:!0,inside:{punctuation:/^`|`$/}},function:/\b(?:AVG|COUNT|FIRST|FORMAT|LAST|LCASE|LEN|MAX|MID|MIN|MOD|NOW|ROUND|SUM|UCASE)(?=\s*\()/i,keyword:/\b(?:ACTION|ADD|AFTER|ALGORITHM|ALL|ALTER|ANALYZE|ANY|APPLY|AS|ASC|AUTHORIZATION|AUTO_INCREMENT|BACKUP|BDB|BEGIN|BERKELEYDB|BIGINT|BINARY|BIT|BLOB|BOOL|BOOLEAN|BREAK|BROWSE|BTREE|BULK|BY|CALL|CASCADED?|CASE|CHAIN|CHAR(?:ACTER|SET)?|CHECK(?:POINT)?|CLOSE|CLUSTERED|COALESCE|COLLATE|COLUMNS?|COMMENT|COMMIT(?:TED)?|COMPUTE|CONNECT|CONSISTENT|CONSTRAINT|CONTAINS(?:TABLE)?|CONTINUE|CONVERT|CREATE|CROSS|CURRENT(?:_DATE|_TIME|_TIMESTAMP|_USER)?|CURSOR|CYCLE|DATA(?:BASES?)?|DATE(?:TIME)?|DAY|DBCC|DEALLOCATE|DEC|DECIMAL|DECLARE|DEFAULT|DEFINER|DELAYED|DELETE|DELIMITERS?|DENY|DESC|DESCRIBE|DETERMINISTIC|DISABLE|DISCARD|DISK|DISTINCT|DISTINCTROW|DISTRIBUTED|DO|DOUBLE|DROP|DUMMY|DUMP(?:FILE)?|DUPLICATE|ELSE(?:IF)?|ENABLE|ENCLOSED|END|ENGINE|ENUM|ERRLVL|ERRORS|ESCAPED?|EXCEPT|EXEC(?:UTE)?|EXISTS|EXIT|EXPLAIN|EXTENDED|FETCH|FIELDS|FILE|FILLFACTOR|FIRST|FIXED|FLOAT|FOLLOWING|FOR(?: EACH ROW)?|FORCE|FOREIGN|FREETEXT(?:TABLE)?|FROM|FULL|FUNCTION|GEOMETRY(?:COLLECTION)?|GLOBAL|GOTO|GRANT|GROUP|HANDLER|HASH|HAVING|HOLDLOCK|HOUR|IDENTITY(?:COL|_INSERT)?|IF|IGNORE|IMPORT|INDEX|INFILE|INNER|INNODB|INOUT|INSERT|INT|INTEGER|INTERSECT|INTERVAL|INTO|INVOKER|ISOLATION|ITERATE|JOIN|KEYS?|KILL|LANGUAGE|LAST|LEAVE|LEFT|LEVEL|LIMIT|LINENO|LINES|LINESTRING|LOAD|LOCAL|LOCK|LONG(?:BLOB|TEXT)|LOOP|MATCH(?:ED)?|MEDIUM(?:BLOB|INT|TEXT)|MERGE|MIDDLEINT|MINUTE|MODE|MODIFIES|MODIFY|MONTH|MULTI(?:LINESTRING|POINT|POLYGON)|NATIONAL|NATURAL|NCHAR|NEXT|NO|NONCLUSTERED|NULLIF|NUMERIC|OFF?|OFFSETS?|ON|OPEN(?:DATASOURCE|QUERY|ROWSET)?|OPTIMIZE|OPTION(?:ALLY)?|ORDER|OUT(?:ER|FILE)?|OVER|PARTIAL|PARTITION|PERCENT|PIVOT|PLAN|POINT|POLYGON|PRECEDING|PRECISION|PREPARE|PREV|PRIMARY|PRINT|PRIVILEGES|PROC(?:EDURE)?|PUBLIC|PURGE|QUICK|RAISERROR|READS?|REAL|RECONFIGURE|REFERENCES|RELEASE|RENAME|REPEAT(?:ABLE)?|REPLACE|REPLICATION|REQUIRE|RESIGNAL|RESTORE|RESTRICT|RETURN(?:ING|S)?|REVOKE|RIGHT|ROLLBACK|ROUTINE|ROW(?:COUNT|GUIDCOL|S)?|RTREE|RULE|SAVE(?:POINT)?|SCHEMA|SECOND|SELECT|SERIAL(?:IZABLE)?|SESSION(?:_USER)?|SET(?:USER)?|SHARE|SHOW|SHUTDOWN|SIMPLE|SMALLINT|SNAPSHOT|SOME|SONAME|SQL|START(?:ING)?|STATISTICS|STATUS|STRIPED|SYSTEM_USER|TABLES?|TABLESPACE|TEMP(?:ORARY|TABLE)?|TERMINATED|TEXT(?:SIZE)?|THEN|TIME(?:STAMP)?|TINY(?:BLOB|INT|TEXT)|TOP?|TRAN(?:SACTIONS?)?|TRIGGER|TRUNCATE|TSEQUAL|TYPES?|UNBOUNDED|UNCOMMITTED|UNDEFINED|UNION|UNIQUE|UNLOCK|UNPIVOT|UNSIGNED|UPDATE(?:TEXT)?|USAGE|USE|USER|USING|VALUES?|VAR(?:BINARY|CHAR|CHARACTER|YING)|VIEW|WAITFOR|WARNINGS|WHEN|WHERE|WHILE|WITH(?: ROLLUP|IN)?|WORK|WRITE(?:TEXT)?|YEAR)\b/i,boolean:/\b(?:FALSE|NULL|TRUE)\b/i,number:/\b0x[\da-f]+\b|\b\d+(?:\.\d*)?|\B\.\d+\b/i,operator:/[-+*\/=%^~]|&&?|\|\|?|!=?|<(?:=>?|<|>)?|>[>=]?|\b(?:AND|BETWEEN|DIV|ILIKE|IN|IS|LIKE|NOT|OR|REGEXP|RLIKE|SOUNDS LIKE|XOR)\b/i,punctuation:/[;[\]()`,.]/};const hy={name:"HighlightedCode",props:["code","language"],computed:{languageClass(){return`language-${this.language}`},html(){return Ba.highlight(this.code,Ba.languages.sql,"sql")}}},fy={class:"highlighted-code"},py=["innerHTML"];function my(e,t,s,n,r,o){return f(),v("pre",fy,[u("code",{class:te(o.languageClass),innerHTML:o.html},null,10,py)])}const ro=he(hy,[["render",my]]),gy={name:"DatabaseTab",components:{DetailsTable:He,HighlightedCode:ro,PrettyPrint:Qe,ShortenedText:bs,StackTrace:ht},props:["active"],data:()=>({prettify:!1,filter:ze([{tag:"model"},{tag:"type",apply:(e,t)=>{if(["select","update","insert","delete"].includes(t.toLowerCase()))return e.query.match(new RegExp(`^${t.toLowerCase()}`,"i"))}},{tag:"file",map:e=>e.shortPath},{tag:"duration",type:"number"}])}),computed:{columns(){let e=["Model","Query","Duration"];return new Set(this.$request.databaseQueries.map(s=>s.connection)).size>1&&e.splice(1,0,"Connection"),e}},watch:{prettify(e,t){t!==void 0&&(this.$settings.global.databasePrettified=this.prettify,this.$settings.save())}},mounted(){this.prettify=this.$settings.global.databasePrettified||!1}},vy={key:0},by={class:"counters-row"},yy={class:"counter"},Ey={class:"counter-value"},Ty={key:0,class:"counter database-slow-query"},wy={class:"counter-value"},_y={key:1,class:"counter"},Sy={class:"counter-value"},Ry={key:2,class:"counter"},Cy={class:"counter-value"},Ay={key:3,class:"counter"},ky={class:"counter-value"},Ny={key:4,class:"counter"},Oy={class:"counter-value"},Iy={key:5,class:"counter"},$y={class:"counter-value"},Ly={class:"counter"},qy={class:"counter-value"},Dy={class:"header-group"},Py={class:"header-toggle"},xy={class:"header-group"},My={class:"header-search"},Uy=["onUpdate:modelValue"],Fy={key:0},Hy={class:"database-query"},By={class:"database-query-content"},jy={key:0,class:"database-query-bindings"},Vy={class:"database-duration"},Gy={key:0};function Wy(e,t,s,n,r,o){const i=$("icon"),a=$("shortened-text"),l=$("highlighted-code"),h=$("pretty-print"),d=$("stack-trace"),p=$("details-table");return s.active?(f(),v("div",vy,[u("div",by,[u("div",yy,[u("div",Ey,T(e.$request.databaseQueriesCount),1),t[1]||(t[1]=u("div",{class:"counter-title"},"queries",-1))]),e.$request.databaseSlowQueries?(f(),v("div",Ty,[u("div",wy,T(e.$request.databaseSlowQueries),1),t[2]||(t[2]=u("div",{class:"counter-title has-mark"},"slow",-1))])):E("",!0),e.$request.databaseSelects?(f(),v("div",_y,[u("div",Sy,T(e.$request.databaseSelects),1),t[3]||(t[3]=u("div",{class:"counter-title"},"selects",-1))])):E("",!0),e.$request.databaseInserts?(f(),v("div",Ry,[u("div",Cy,T(e.$request.databaseInserts),1),t[4]||(t[4]=u("div",{class:"counter-title"},"inserts",-1))])):E("",!0),e.$request.databaseUpdates?(f(),v("div",Ay,[u("div",ky,T(e.$request.databaseUpdates),1),t[5]||(t[5]=u("div",{class:"counter-title"},"updates",-1))])):E("",!0),e.$request.databaseDeletes?(f(),v("div",Ny,[u("div",Oy,T(e.$request.databaseDeletes),1),t[6]||(t[6]=u("div",{class:"counter-title"},"deletes",-1))])):E("",!0),e.$request.databaseOthers?(f(),v("div",Iy,[u("div",$y,T(e.$request.databaseOthers),1),t[7]||(t[7]=u("div",{class:"counter-title"},"other",-1))])):E("",!0),u("div",Ly,[u("div",qy,T(e.$request.databaseDurationRounded)+" ms",1),t[8]||(t[8]=u("div",{class:"counter-title"},"time",-1))])]),e.$request.databaseQueries.length?(f(),J(p,{key:0,title:"Queries",icon:"database",columns:o.columns,items:e.$request.databaseQueries,filter:e.filter,"filter-example":"where request_id model:request type:select file:Controller.php duration:>100"},{toolbar:ce(({filter:g})=>[u("div",Dy,[u("label",Py,[Oe(u("input",{type:"checkbox","onUpdate:modelValue":t[0]||(t[0]=y=>e.prettify=y)},null,512),[[Ot,e.prettify]]),t[9]||(t[9]=z(" Prettify "))])]),u("div",xy,[u("div",My,[Oe(u("input",{type:"search","onUpdate:modelValue":y=>g.input=y,placeholder:"Search..."},null,8,Uy),[[gt,g.input]]),D(i,{name:"search"})])])]),body:ce(({items:g})=>[(f(!0),v(B,null,le(g,(y,A)=>(f(),v("tr",{key:`${e.$request.id}-${A}`,class:te({"database-slow-query":y.tags.includes("slow")})},[u("td",null,[D(a,{full:y.model},{default:ce(()=>[z(T(y.shortModel),1)]),_:2},1032,["full"])]),o.columns.includes("Connection")?(f(),v("td",Fy,T(y.connection),1)):E("",!0),u("td",null,[u("div",Hy,[u("div",By,[D(l,{language:"sql",code:e.prettify?y.prettifiedQuery:y.query},null,8,["code"]),y.bindings?(f(),v("div",jy,[D(h,{data:y.bindings},null,8,["data"])])):E("",!0)]),D(d,{class:"database-query-path",trace:y.trace,file:y.file,line:y.line},null,8,["trace","file","line"])])]),u("td",Vy,[y.duration?(f(),v("span",Gy,T(e.$round(y.duration,3))+" ms",1)):E("",!0)])],2))),128))]),_:1},8,["columns","items","filter"])):E("",!0)])):E("",!0)}const zy=he(gy,[["render",Wy]]),Qy={name:"EventsTab",components:{DetailsTable:He,PrettyPrint:Qe,ShortenedText:bs,StackTrace:ht},props:["active"],data:()=>({filter:ze([{tag:"time",type:"date"},{tag:"file",map:e=>e.shortPath}]),expandedEvents:[]}),methods:{toggleEvent(e){this.isEventExpanded(e)?this.expandedEvents=this.expandedEvents.filter(t=>t!=e):this.expandedEvents.push(e)},isEventExpanded(e){return this.expandedEvents.indexOf(e)!==-1}}},Yy={key:0},Ky={class:"fired-event"},Xy={class:"fired-event-content"},Jy={key:0},Zy={key:1},eE={key:0,class:"fired-event-details"},tE={key:0,class:"fired-event-parameters"},sE={class:"fired-event-listeners"},nE={class:"fired-event-actions"},rE=["onClick"];function oE(e,t,s,n,r,o){const i=$("pretty-print"),a=$("stack-trace"),l=$("shortened-text"),h=$("icon"),d=$("details-table");return s.active?(f(),v("div",Yy,[D(d,{title:"Events",icon:"zap",columns:["Time","Event",""],items:e.$request.events,filter:e.filter,"filter-example":'"user registered" file:Controller.php time:<13:08:30'},{body:ce(({items:p})=>[(f(!0),v(B,null,le(p,(g,y)=>(f(),v("tr",{key:`${e.$request.id}-${y}`},[u("td",null,T(e.$date(g.time,"HH:mm:ss")),1),u("td",null,[u("div",Ky,[u("div",Xy,[g.objectEvent?(f(),v("div",Jy,[D(i,{data:g.data},null,8,["data"])])):E("",!0),g.objectEvent?E("",!0):(f(),v("div",Zy,T(g.event),1))]),D(a,{class:"fired-query-path",trace:g.trace,file:g.file,line:g.line},null,8,["trace","file","line"])]),o.isEventExpanded(g)?(f(),v("div",eE,[g.objectEvent?E("",!0):(f(),v("div",tE,[t[0]||(t[0]=u("h4",null,"Parameters",-1)),D(i,{data:g.data},null,8,["data"])])),u("div",sE,[t[1]||(t[1]=u("h4",null,"Listeners",-1)),(f(!0),v(B,null,le(g.listeners,(A,k)=>(f(),J(l,{key:`${e.$request.id}-${k}`,full:A.name},{default:ce(()=>[z(T(A.shortName),1)]),_:2},1032,["full"]))),128))])])):E("",!0)]),u("td",nE,[u("a",{href:"#",onClick:ge(A=>o.toggleEvent(g),["prevent"])},[D(h,{name:o.isEventExpanded(g)?"chevron-up":"chevron-down"},null,8,["name"])],8,rE)])]))),128))]),_:1},8,["items","filter"])])):E("",!0)}const iE=he(Qy,[["render",oE]]),aE={name:"PerformanceChart",props:{metrics:{default:()=>[]}},data:()=>({sections:[]}),methods:{refreshSections(){let e=this.$el.offsetWidth,t=this.metrics.reduce((s,n)=>s+n.value,0);this.sections=this.metrics.map(s=>({class:`section-${s.color}`,style:`width: ${e*s.value/t}px`}))}},mounted(){this.refreshSections(),this.resizeObserver=new ResizeObserver(to(e=>this.refreshSections(),10)),this.resizeObserver.observe(this.$el)},watch:{metrics(){this.refreshSections()}}},lE={class:"performance-chart"};function cE(e,t,s,n,r,o){return f(),v("div",lE,[(f(!0),v(B,null,le(e.sections,i=>(f(),v("div",{class:te(["chart-section",i.class]),style:ut(i.style)},null,6))),256))])}const Ii=he(aE,[["render",cE]]),uE='<svg xmlns="http://www.w3.org/2000/svg" width="24" height="24" viewBox="0 0 24 24" fill="none" stroke="currentColor" stroke-width="2" stroke-linecap="round" stroke-linejoin="round" class="feather feather-activity"><polyline points="22 12 18 12 15 21 9 3 6 12 2 12"></polyline></svg>',dE='<svg xmlns="http://www.w3.org/2000/svg" width="24" height="24" viewBox="0 0 24 24" fill="none" stroke="currentColor" stroke-width="2" stroke-linecap="round" stroke-linejoin="round" class="feather feather-alert-circle"><circle cx="12" cy="12" r="10"></circle><line x1="12" y1="8" x2="12" y2="12"></line><line x1="12" y1="16" x2="12.01" y2="16"></line></svg>',hE='<svg xmlns="http://www.w3.org/2000/svg" width="24" height="24" viewBox="0 0 24 24" fill="none" stroke="currentColor" stroke-width="2" stroke-linecap="round" stroke-linejoin="round" class="feather feather-alert-triangle"><path d="M10.29 3.86L1.82 18a2 2 0 0 0 1.71 3h16.94a2 2 0 0 0 1.71-3L13.71 3.86a2 2 0 0 0-3.42 0z"></path><line x1="12" y1="9" x2="12" y2="13"></line><line x1="12" y1="17" x2="12.01" y2="17"></line></svg>',fE='<svg xmlns="http://www.w3.org/2000/svg" width="24" height="24" viewBox="0 0 24 24" fill="none" stroke="currentColor" stroke-width="2" stroke-linecap="round" stroke-linejoin="round" class="feather feather-arrow-down-circle"><circle cx="12" cy="12" r="10"></circle><polyline points="8 12 12 16 16 12"></polyline><line x1="12" y1="8" x2="12" y2="16"></line></svg>',pE='<svg xmlns="http://www.w3.org/2000/svg" width="24" height="24" viewBox="0 0 24 24" fill="none" stroke="currentColor" stroke-width="2" stroke-linecap="round" stroke-linejoin="round" class="feather feather-check-circle"><path d="M22 11.08V12a10 10 0 1 1-5.93-9.14"></path><polyline points="22 4 12 14.01 9 11.01"></polyline></svg>',mE='<svg xmlns="http://www.w3.org/2000/svg" width="24" height="24" viewBox="0 0 24 24" fill="none" stroke="currentColor" stroke-width="2" stroke-linecap="round" stroke-linejoin="round" class="feather feather-chevron-down"><polyline points="6 9 12 15 18 9"></polyline></svg>',gE='<svg xmlns="http://www.w3.org/2000/svg" width="24" height="24" viewBox="0 0 24 24" fill="none" stroke="currentColor" stroke-width="2" stroke-linecap="round" stroke-linejoin="round" class="feather feather-chevron-left"><polyline points="15 18 9 12 15 6"></polyline></svg>',vE='<svg xmlns="http://www.w3.org/2000/svg" width="24" height="24" viewBox="0 0 24 24" fill="none" stroke="currentColor" stroke-width="2" stroke-linecap="round" stroke-linejoin="round" class="feather feather-chevron-right"><polyline points="9 18 15 12 9 6"></polyline></svg>',bE='<svg xmlns="http://www.w3.org/2000/svg" width="24" height="24" viewBox="0 0 24 24" fill="none" stroke="currentColor" stroke-width="2" stroke-linecap="round" stroke-linejoin="round" class="feather feather-chevron-up"><polyline points="18 15 12 9 6 15"></polyline></svg>',yE='<svg xmlns="http://www.w3.org/2000/svg" width="24" height="24" viewBox="0 0 24 24" fill="none" stroke="currentColor" stroke-width="2" stroke-linecap="round" stroke-linejoin="round" class="feather feather-clipboard"><path d="M16 4h2a2 2 0 0 1 2 2v14a2 2 0 0 1-2 2H6a2 2 0 0 1-2-2V6a2 2 0 0 1 2-2h2"></path><rect x="8" y="2" width="8" height="4" rx="1" ry="1"></rect></svg>',EE='<svg xmlns="http://www.w3.org/2000/svg" width="24" height="24" viewBox="0 0 24 24" fill="none" stroke="currentColor" stroke-width="2" stroke-linecap="round" stroke-linejoin="round" class="feather feather-clock"><circle cx="12" cy="12" r="10"></circle><polyline points="12 6 12 12 16 14"></polyline></svg>',TE='<svg xmlns="http://www.w3.org/2000/svg" width="24" height="24" viewBox="0 0 24 24" fill="none" stroke="currentColor" stroke-width="2" stroke-linecap="round" stroke-linejoin="round" class="feather feather-compass"><circle cx="12" cy="12" r="10"></circle><polygon points="16.24 7.76 14.12 14.12 7.76 16.24 9.88 9.88 16.24 7.76"></polygon></svg>',wE='<svg xmlns="http://www.w3.org/2000/svg" width="24" height="24" viewBox="0 0 24 24" fill="none" stroke="currentColor" stroke-width="2" stroke-linecap="round" stroke-linejoin="round" class="feather feather-cpu"><rect x="4" y="4" width="16" height="16" rx="2" ry="2"></rect><rect x="9" y="9" width="6" height="6"></rect><line x1="9" y1="1" x2="9" y2="4"></line><line x1="15" y1="1" x2="15" y2="4"></line><line x1="9" y1="20" x2="9" y2="23"></line><line x1="15" y1="20" x2="15" y2="23"></line><line x1="20" y1="9" x2="23" y2="9"></line><line x1="20" y1="14" x2="23" y2="14"></line><line x1="1" y1="9" x2="4" y2="9"></line><line x1="1" y1="14" x2="4" y2="14"></line></svg>',_E='<svg xmlns="http://www.w3.org/2000/svg" width="24" height="24" viewBox="0 0 24 24" fill="none" stroke="currentColor" stroke-width="2" stroke-linecap="round" stroke-linejoin="round" class="feather feather-database"><ellipse cx="12" cy="5" rx="9" ry="3"></ellipse><path d="M21 12c0 1.66-4 3-9 3s-9-1.34-9-3"></path><path d="M3 5v14c0 1.66 4 3 9 3s9-1.34 9-3V5"></path></svg>',SE='<svg xmlns="http://www.w3.org/2000/svg" width="24" height="24" viewBox="0 0 24 24" fill="none" stroke="currentColor" stroke-width="2" stroke-linecap="round" stroke-linejoin="round" class="feather feather-disc"><circle cx="12" cy="12" r="10"></circle><circle cx="12" cy="12" r="3"></circle></svg>',RE='<svg xmlns="http://www.w3.org/2000/svg" width="24" height="24" viewBox="0 0 24 24" fill="none" stroke="currentColor" stroke-width="2" stroke-linecap="round" stroke-linejoin="round" class="feather feather-download-cloud"><polyline points="8 17 12 21 16 17"></polyline><line x1="12" y1="12" x2="12" y2="21"></line><path d="M20.88 18.09A5 5 0 0 0 18 9h-1.26A8 8 0 1 0 3 16.29"></path></svg>',CE='<svg xmlns="http://www.w3.org/2000/svg" width="24" height="24" viewBox="0 0 24 24" fill="none" stroke="currentColor" stroke-width="2" stroke-linecap="round" stroke-linejoin="round" class="feather feather-edit-2"><path d="M17 3a2.828 2.828 0 1 1 4 4L7.5 20.5 2 22l1.5-5.5L17 3z"></path></svg>',AE='<svg xmlns="http://www.w3.org/2000/svg" width="24" height="24" viewBox="0 0 24 24" fill="none" stroke="currentColor" stroke-width="2" stroke-linecap="round" stroke-linejoin="round" class="feather feather-github"><path d="M9 19c-5 1.5-5-2.5-7-3m14 6v-3.87a3.37 3.37 0 0 0-.94-2.61c3.14-.35 6.44-1.54 6.44-7A5.44 5.44 0 0 0 20 4.77 5.07 5.07 0 0 0 19.91 1S18.73.65 16 2.48a13.38 13.38 0 0 0-7 0C6.27.65 5.09 1 5.09 1A5.07 5.07 0 0 0 5 4.77a5.44 5.44 0 0 0-1.5 3.78c0 5.42 3.3 6.61 6.44 7A3.37 3.37 0 0 0 9 18.13V22"></path></svg>',kE='<svg xmlns="http://www.w3.org/2000/svg" width="24" height="24" viewBox="0 0 24 24" fill="none" stroke="currentColor" stroke-width="2" stroke-linecap="round" stroke-linejoin="round" class="feather feather-hash"><line x1="4" y1="9" x2="20" y2="9"></line><line x1="4" y1="15" x2="20" y2="15"></line><line x1="10" y1="3" x2="8" y2="21"></line><line x1="16" y1="3" x2="14" y2="21"></line></svg>',NE='<svg xmlns="http://www.w3.org/2000/svg" width="24" height="24" viewBox="0 0 24 24" fill="none" stroke="currentColor" stroke-width="2" stroke-linecap="round" stroke-linejoin="round" class="feather feather-heart"><path d="M20.84 4.61a5.5 5.5 0 0 0-7.78 0L12 5.67l-1.06-1.06a5.5 5.5 0 0 0-7.78 7.78l1.06 1.06L12 21.23l7.78-7.78 1.06-1.06a5.5 5.5 0 0 0 0-7.78z"></path></svg>',OE='<svg xmlns="http://www.w3.org/2000/svg" width="24" height="24" viewBox="0 0 24 24" fill="none" stroke="currentColor" stroke-width="2" stroke-linecap="round" stroke-linejoin="round" class="feather feather-help-circle"><circle cx="12" cy="12" r="10"></circle><path d="M9.09 9a3 3 0 0 1 5.83 1c0 2-3 3-3 3"></path><line x1="12" y1="17" x2="12.01" y2="17"></line></svg>',IE='<svg xmlns="http://www.w3.org/2000/svg" width="24" height="24" viewBox="0 0 24 24" fill="none" stroke="currentColor" stroke-width="2" stroke-linecap="round" stroke-linejoin="round" class="feather feather-image"><rect x="3" y="3" width="18" height="18" rx="2" ry="2"></rect><circle cx="8.5" cy="8.5" r="1.5"></circle><polyline points="21 15 16 10 5 21"></polyline></svg>',$E='<svg xmlns="http://www.w3.org/2000/svg" width="24" height="24" viewBox="0 0 24 24" fill="none" stroke="currentColor" stroke-width="2" stroke-linecap="round" stroke-linejoin="round" class="feather feather-info"><circle cx="12" cy="12" r="10"></circle><line x1="12" y1="16" x2="12" y2="12"></line><line x1="12" y1="8" x2="12.01" y2="8"></line></svg>',LE='<svg xmlns="http://www.w3.org/2000/svg" width="24" height="24" viewBox="0 0 24 24" fill="none" stroke="currentColor" stroke-width="2" stroke-linecap="round" stroke-linejoin="round" class="feather feather-layers"><polygon points="12 2 2 7 12 12 22 7 12 2"></polygon><polyline points="2 17 12 22 22 17"></polyline><polyline points="2 12 12 17 22 12"></polyline></svg>',qE='<svg xmlns="http://www.w3.org/2000/svg" width="24" height="24" viewBox="0 0 24 24" fill="none" stroke="currentColor" stroke-width="2" stroke-linecap="round" stroke-linejoin="round" class="feather feather-link"><path d="M10 13a5 5 0 0 0 7.54.54l3-3a5 5 0 0 0-7.07-7.07l-1.72 1.71"></path><path d="M14 11a5 5 0 0 0-7.54-.54l-3 3a5 5 0 0 0 7.07 7.07l1.71-1.71"></path></svg>',DE='<svg xmlns="http://www.w3.org/2000/svg" width="24" height="24" viewBox="0 0 24 24" fill="none" stroke="currentColor" stroke-width="2" stroke-linecap="round" stroke-linejoin="round" class="feather feather-list"><line x1="8" y1="6" x2="21" y2="6"></line><line x1="8" y1="12" x2="21" y2="12"></line><line x1="8" y1="18" x2="21" y2="18"></line><line x1="3" y1="6" x2="3.01" y2="6"></line><line x1="3" y1="12" x2="3.01" y2="12"></line><line x1="3" y1="18" x2="3.01" y2="18"></line></svg>',PE='<svg xmlns="http://www.w3.org/2000/svg" width="24" height="24" viewBox="0 0 24 24" fill="none" stroke="currentColor" stroke-width="2" stroke-linecap="round" stroke-linejoin="round" class="feather feather-lock"><rect x="3" y="11" width="18" height="11" rx="2" ry="2"></rect><path d="M7 11V7a5 5 0 0 1 10 0v4"></path></svg>',xE='<svg xmlns="http://www.w3.org/2000/svg" width="24" height="24" viewBox="0 0 24 24" fill="none" stroke="currentColor" stroke-width="2" stroke-linecap="round" stroke-linejoin="round" class="feather feather-mail"><path d="M4 4h16c1.1 0 2 .9 2 2v12c0 1.1-.9 2-2 2H4c-1.1 0-2-.9-2-2V6c0-1.1.9-2 2-2z"></path><polyline points="22,6 12,13 2,6"></polyline></svg>',ME='<svg xmlns="http://www.w3.org/2000/svg" width="24" height="24" viewBox="0 0 24 24" fill="none" stroke="currentColor" stroke-width="2" stroke-linecap="round" stroke-linejoin="round" class="feather feather-map"><polygon points="1 6 1 22 8 18 16 22 23 18 23 2 16 6 8 2 1 6"></polygon><line x1="8" y1="2" x2="8" y2="18"></line><line x1="16" y1="6" x2="16" y2="22"></line></svg>',UE='<svg xmlns="http://www.w3.org/2000/svg" width="24" height="24" viewBox="0 0 24 24" fill="none" stroke="currentColor" stroke-width="2" stroke-linecap="round" stroke-linejoin="round" class="feather feather-menu"><line x1="3" y1="12" x2="21" y2="12"></line><line x1="3" y1="6" x2="21" y2="6"></line><line x1="3" y1="18" x2="21" y2="18"></line></svg>',FE='<svg xmlns="http://www.w3.org/2000/svg" width="24" height="24" viewBox="0 0 24 24" fill="none" stroke="currentColor" stroke-width="2" stroke-linecap="round" stroke-linejoin="round" class="feather feather-paperclip"><path d="M21.44 11.05l-9.19 9.19a6 6 0 0 1-8.49-8.49l9.19-9.19a4 4 0 0 1 5.66 5.66l-9.2 9.19a2 2 0 0 1-2.83-2.83l8.49-8.48"></path></svg>',HE='<svg xmlns="http://www.w3.org/2000/svg" width="24" height="24" viewBox="0 0 24 24" fill="none" stroke="currentColor" stroke-width="2" stroke-linecap="round" stroke-linejoin="round" class="feather feather-percent"><line x1="19" y1="5" x2="5" y2="19"></line><circle cx="6.5" cy="6.5" r="2.5"></circle><circle cx="17.5" cy="17.5" r="2.5"></circle></svg>',BE='<svg xmlns="http://www.w3.org/2000/svg" width="24" height="24" viewBox="0 0 24 24" fill="none" stroke="currentColor" stroke-width="2" stroke-linecap="round" stroke-linejoin="round" class="feather feather-pie-chart"><path d="M21.21 15.89A10 10 0 1 1 8 2.83"></path><path d="M22 12A10 10 0 0 0 12 2v10z"></path></svg>',jE='<svg xmlns="http://www.w3.org/2000/svg" width="24" height="24" viewBox="0 0 24 24" fill="none" stroke="currentColor" stroke-width="2" stroke-linecap="round" stroke-linejoin="round" class="feather feather-search"><circle cx="11" cy="11" r="8"></circle><line x1="21" y1="21" x2="16.65" y2="16.65"></line></svg>',VE='<svg xmlns="http://www.w3.org/2000/svg" width="24" height="24" viewBox="0 0 24 24" fill="none" stroke="currentColor" stroke-width="2" stroke-linecap="round" stroke-linejoin="round" class="feather feather-settings"><circle cx="12" cy="12" r="3"></circle><path d="M19.4 15a1.65 1.65 0 0 0 .33 1.82l.06.06a2 2 0 0 1 0 2.83 2 2 0 0 1-2.83 0l-.06-.06a1.65 1.65 0 0 0-1.82-.33 1.65 1.65 0 0 0-1 1.51V21a2 2 0 0 1-2 2 2 2 0 0 1-2-2v-.09A1.65 1.65 0 0 0 9 19.4a1.65 1.65 0 0 0-1.82.33l-.06.06a2 2 0 0 1-2.83 0 2 2 0 0 1 0-2.83l.06-.06a1.65 1.65 0 0 0 .33-1.82 1.65 1.65 0 0 0-1.51-1H3a2 2 0 0 1-2-2 2 2 0 0 1 2-2h.09A1.65 1.65 0 0 0 4.6 9a1.65 1.65 0 0 0-.33-1.82l-.06-.06a2 2 0 0 1 0-2.83 2 2 0 0 1 2.83 0l.06.06a1.65 1.65 0 0 0 1.82.33H9a1.65 1.65 0 0 0 1-1.51V3a2 2 0 0 1 2-2 2 2 0 0 1 2 2v.09a1.65 1.65 0 0 0 1 1.51 1.65 1.65 0 0 0 1.82-.33l.06-.06a2 2 0 0 1 2.83 0 2 2 0 0 1 0 2.83l-.06.06a1.65 1.65 0 0 0-.33 1.82V9a1.65 1.65 0 0 0 1.51 1H21a2 2 0 0 1 2 2 2 2 0 0 1-2 2h-.09a1.65 1.65 0 0 0-1.51 1z"></path></svg>',GE='<svg xmlns="http://www.w3.org/2000/svg" width="24" height="24" viewBox="0 0 24 24" fill="none" stroke="currentColor" stroke-width="2" stroke-linecap="round" stroke-linejoin="round" class="feather feather-share"><path d="M4 12v8a2 2 0 0 0 2 2h12a2 2 0 0 0 2-2v-8"></path><polyline points="16 6 12 2 8 6"></polyline><line x1="12" y1="2" x2="12" y2="15"></line></svg>',WE='<svg xmlns="http://www.w3.org/2000/svg" width="24" height="24" viewBox="0 0 24 24" fill="none" stroke="currentColor" stroke-width="2" stroke-linecap="round" stroke-linejoin="round" class="feather feather-slash"><circle cx="12" cy="12" r="10"></circle><line x1="4.93" y1="4.93" x2="19.07" y2="19.07"></line></svg>',zE='<svg xmlns="http://www.w3.org/2000/svg" width="24" height="24" viewBox="0 0 24 24" fill="none" stroke="currentColor" stroke-width="2" stroke-linecap="round" stroke-linejoin="round" class="feather feather-smile"><circle cx="12" cy="12" r="10"></circle><path d="M8 14s1.5 2 4 2 4-2 4-2"></path><line x1="9" y1="9" x2="9.01" y2="9"></line><line x1="15" y1="9" x2="15.01" y2="9"></line></svg>',QE='<svg xmlns="http://www.w3.org/2000/svg" width="24" height="24" viewBox="0 0 24 24" fill="none" stroke="currentColor" stroke-width="2" stroke-linecap="round" stroke-linejoin="round" class="feather feather-star"><polygon points="12 2 15.09 8.26 22 9.27 17 14.14 18.18 21.02 12 17.77 5.82 21.02 7 14.14 2 9.27 8.91 8.26 12 2"></polygon></svg>',YE='<svg xmlns="http://www.w3.org/2000/svg" width="24" height="24" viewBox="0 0 24 24" fill="none" stroke="currentColor" stroke-width="2" stroke-linecap="round" stroke-linejoin="round" class="feather feather-terminal"><polyline points="4 17 10 11 4 5"></polyline><line x1="12" y1="19" x2="20" y2="19"></line></svg>',KE='<svg xmlns="http://www.w3.org/2000/svg" width="24" height="24" viewBox="0 0 24 24" fill="none" stroke="currentColor" stroke-width="2" stroke-linecap="round" stroke-linejoin="round" class="feather feather-trash-2"><polyline points="3 6 5 6 21 6"></polyline><path d="M19 6v14a2 2 0 0 1-2 2H7a2 2 0 0 1-2-2V6m3 0V4a2 2 0 0 1 2-2h4a2 2 0 0 1 2 2v2"></path><line x1="10" y1="11" x2="10" y2="17"></line><line x1="14" y1="11" x2="14" y2="17"></line></svg>',XE='<svg xmlns="http://www.w3.org/2000/svg" width="24" height="24" viewBox="0 0 24 24" fill="none" stroke="currentColor" stroke-width="2" stroke-linecap="round" stroke-linejoin="round" class="feather feather-twitter"><path d="M23 3a10.9 10.9 0 0 1-3.14 1.53 4.48 4.48 0 0 0-7.86 3v1A10.66 10.66 0 0 1 3 4s-4 9 5 13a11.64 11.64 0 0 1-7 2c9 5 20 0 20-11.5a4.5 4.5 0 0 0-.08-.83A7.72 7.72 0 0 0 23 3z"></path></svg>',JE='<svg xmlns="http://www.w3.org/2000/svg" width="24" height="24" viewBox="0 0 24 24" fill="none" stroke="currentColor" stroke-width="2" stroke-linecap="round" stroke-linejoin="round" class="feather feather-upload-cloud"><polyline points="16 16 12 12 8 16"></polyline><line x1="12" y1="12" x2="12" y2="21"></line><path d="M20.39 18.39A5 5 0 0 0 18 9h-1.26A8 8 0 1 0 3 16.3"></path><polyline points="16 16 12 12 8 16"></polyline></svg>',ZE='<svg xmlns="http://www.w3.org/2000/svg" width="24" height="24" viewBox="0 0 24 24" fill="none" stroke="currentColor" stroke-width="2" stroke-linecap="round" stroke-linejoin="round" class="feather feather-user"><path d="M20 21v-2a4 4 0 0 0-4-4H8a4 4 0 0 0-4 4v2"></path><circle cx="12" cy="7" r="4"></circle></svg>',e1='<svg xmlns="http://www.w3.org/2000/svg" width="24" height="24" viewBox="0 0 24 24" fill="none" stroke="currentColor" stroke-width="2" stroke-linecap="round" stroke-linejoin="round" class="feather feather-users"><path d="M17 21v-2a4 4 0 0 0-4-4H5a4 4 0 0 0-4 4v2"></path><circle cx="9" cy="7" r="4"></circle><path d="M23 21v-2a4 4 0 0 0-3-3.87"></path><path d="M16 3.13a4 4 0 0 1 0 7.75"></path></svg>',t1='<svg xmlns="http://www.w3.org/2000/svg" width="24" height="24" viewBox="0 0 24 24" fill="none" stroke="currentColor" stroke-width="2" stroke-linecap="round" stroke-linejoin="round" class="feather feather-x"><line x1="18" y1="6" x2="6" y2="18"></line><line x1="6" y1="6" x2="18" y2="18"></line></svg>',s1='<svg xmlns="http://www.w3.org/2000/svg" width="24" height="24" viewBox="0 0 24 24" fill="none" stroke="currentColor" stroke-width="2" stroke-linecap="round" stroke-linejoin="round" class="feather feather-x-circle"><circle cx="12" cy="12" r="10"></circle><line x1="15" y1="9" x2="9" y2="15"></line><line x1="9" y1="9" x2="15" y2="15"></line></svg>',n1='<svg xmlns="http://www.w3.org/2000/svg" width="24" height="24" viewBox="0 0 24 24" fill="none" stroke="currentColor" stroke-width="2" stroke-linecap="round" stroke-linejoin="round" class="feather feather-zap"><polygon points="13 2 3 14 12 14 11 22 21 10 12 10 13 2"></polygon></svg>';let r1={ActivityIcon:uE,AlertCircleIcon:dE,AlertTriangleIcon:hE,ArrowDownCircleIcon:fE,CheckCircleIcon:pE,ChevronDownIcon:mE,ChevronLeftIcon:gE,ChevronRightIcon:vE,ChevronUpIcon:bE,ClipboardIcon:yE,ClockIcon:EE,CompassIcon:TE,CpuIcon:wE,DatabaseIcon:_E,DiscIcon:SE,DownloadCloudIcon:RE,Edit2Icon:CE,GithubIcon:AE,HashIcon:kE,HeartIcon:NE,HelpCircleIcon:OE,ImageIcon:IE,InfoIcon:$E,LayersIcon:LE,LinkIcon:qE,ListIcon:DE,LockIcon:PE,MailIcon:xE,MapIcon:ME,MenuIcon:UE,PaperclipIcon:FE,PercentIcon:HE,PieChartIcon:BE,SearchIcon:jE,SettingsIcon:VE,ShareIcon:GE,SlashIcon:WE,SmileIcon:zE,StarIcon:QE,TerminalIcon:YE,Trash2Icon:KE,TwitterIcon:XE,UploadCloudIcon:JE,UserIcon:ZE,UsersIcon:e1,XIcon:t1,XCircleIcon:s1,ZapIcon:n1};const o1={name:"Icon",props:["name"],computed:{content(){return r1[this.name.split("-").map(e=>e.charAt(0).toUpperCase()+e.slice(1)).join("")+"Icon"]}}},i1=["data-name","innerHTML"];function a1(e,t,s,n,r,o){return f(),v("div",{class:"ui-icon","data-name":s.name,innerHTML:o.content},null,8,i1)}const Kc=he(o1,[["render",a1]]),l1={name:"HttpRequestModal",components:{DetailsTable:He,Modal:vs,PerformanceChart:Ii,PrettyPrint:Qe,UiIcon:Kc},props:["request"],data:()=>({selectedTab:"request",showRequestHeaders:!1,showResponseHeaders:!1,showRawRequestBody:!1,showRawResponseBody:!1}),computed:{requestLocal:{get(){return this.request},set(e){this.$emit("update:request",e)}},hasRequestContent(){return this.request.request.content&&Object.values(this.request.request.content).length||this.request.request.body},hasResponseContent(){var e,t,s;return((e=this.request.response)==null?void 0:e.content)&&Object.values((t=this.request.response)==null?void 0:t.content).length||((s=this.request.response)==null?void 0:s.body)},hasJsonResponse(){var e;return((e=this.request.response)==null?void 0:e.content)instanceof Object},copyRequestContent(){this.$copyText(this.request.request.body||JSON.stringify(this.request.request.content))},copyResponseContent(){this.$copyText(this.request.response.body||JSON.stringify(this.request.response.content))},timings(){return this.request.stats.timing?[{name:"Lookup",value:this.request.stats.timing.lookup,color:"red"},{name:"Connect",value:this.request.stats.timing.connect,color:"purple"},{name:"Waiting",value:this.request.stats.timing.waiting,color:"blue"},{name:"Transfer",value:this.request.stats.timing.transfer,color:"green"}]:[]}},methods:{formatBytesSize(e){if(!e)return"0 B";const t=["B","KB","MB","GB","TB","PB","EB"],s=Math.floor(Math.log(e)/Math.log(1024));return`${Math.round(e/Math.pow(1024,s))} ${t[s]}`},formatBytesSpeed(e){return`${this.formatBytesSize(e)}/s`}}},c1={key:0,class:"http-request-details"},u1={class:"details-tabs"},d1={key:0,class:"details-request"},h1={class:"request-info"},f1={class:"request-scheme"},p1={class:"request-host"},m1={class:"request-path"},g1={class:"request-query"},v1={key:0,class:"info-headers"},b1={colspan:"2"},y1={class:"key"},E1={class:"value"},T1={class:"request-content"},w1={class:"request-content-header"},_1={key:0,class:"stats-item",title:"Upload Size"},S1={key:1,class:"stats-item",title:"Upload Speed"},R1={key:2,class:"stats-item"},C1={class:"header-actions"},A1={class:"request-content-content"},k1={key:0,class:"request-content-empty"},N1=["innerHTML"],O1={key:1,class:"details-response"},I1={key:0,class:"response-info"},$1={class:"header-status"},L1={class:"status-code"},q1={class:"status-message"},D1={key:0,class:"status-version"},P1={key:0,class:"info-headers"},x1={colspan:"2"},M1={class:"key"},U1={class:"value"},F1={key:1,class:"response-content"},H1={class:"response-content-header"},B1={key:0,class:"stats-item",title:"Download Size"},j1={key:1,class:"stats-item",title:"Download Speed"},V1={key:2,class:"stats-item"},G1={class:"header-actions"},W1={class:"response-content-content"},z1={key:0,class:"response-content-empty"},Q1=["innerHTML"],Y1=["srcdoc"],K1={key:2,class:"response-error"},X1={key:0},J1={key:3,class:"request-performance"},Z1={class:"performance-timings"},eT={class:"timings-timing"},tT=["title"];function sT(e,t,s,n,r,o){const i=$("ui-icon"),a=$("details-table"),l=$("pretty-print"),h=$("performance-chart"),d=$("modal");return f(),J(d,{icon:"compass",title:"HTTP Request",shown:o.requestLocal,"onUpdate:shown":t[8]||(t[8]=p=>o.requestLocal=p)},{default:ce(()=>{var p,g,y,A,k,j,W,C,R,O,q,L,Q,oe,P,V;return[s.request?(f(),v("div",c1,[u("div",u1,[u("a",{class:te(["tabs-tab",{active:e.selectedTab=="request"}]),href:"#",onClick:t[0]||(t[0]=ge(F=>e.selectedTab="request",["prevent"]))},[t[9]||(t[9]=z(" Request ")),u("span",{class:te(["request-method",`method-${s.request.request.method.toLowerCase()}`])},T(s.request.request.method),3)],2),u("a",{class:te(["tabs-tab",{active:e.selectedTab=="response","no-response":!s.request.response}]),href:"#",onClick:t[1]||(t[1]=ge(F=>e.selectedTab="response",["prevent"]))},[t[10]||(t[10]=z(" Response ")),s.request.response?(f(),v("span",{key:0,class:te(["response-status",{"client-error":((p=s.request.response)==null?void 0:p.status)>=400&&((g=s.request.response)==null?void 0:g.status)<=499,"server-error":((y=s.request.response)==null?void 0:y.status)>=500&&((A=s.request.response)==null?void 0:A.status)<=599}])},T(s.request.response.status),3)):E("",!0)],2)]),e.selectedTab=="request"?(f(),v("div",d1,[u("div",h1,[u("div",{onClick:t[2]||(t[2]=F=>e.showRequestHeaders=!e.showRequestHeaders),class:"info-header"},[u("div",null,[u("span",{class:te(["request-method",`method-${s.request.request.method.toLowerCase()}`])},T(s.request.request.method),3),t[11]||(t[11]=z()),u("span",f1,T(s.request.request.url.scheme),1),u("span",p1,T(s.request.request.url.host),1),u("span",m1,T(s.request.request.url.path),1),u("span",g1,T(s.request.request.url.query),1)]),D(i,{name:e.showRequestHeaders?"chevron-down":"chevron-up"},null,8,["name"])]),e.showRequestHeaders?(f(),v("div",v1,[D(a,{columns:["Key","Value"],items:Object.entries(s.request.request.headers),"no-header":!0,"no-table-head":!0},{body:ce(({items:F})=>[(f(!0),v(B,null,le(F,([M,c])=>(f(),v("tr",{key:`${e.$request.id}-${M}`},[u("td",b1,[u("div",y1,T(M),1),u("div",E1,T(c.join(", ")),1)])]))),128))]),_:1},8,["items"])])):E("",!0)]),u("div",T1,[u("div",w1,[((k=s.request.stats)==null?void 0:k.size.upload)!==null&&((j=s.request.stats)==null?void 0:j.size.upload)!==void 0?(f(),v("div",_1,[D(i,{name:"upload-cloud"}),z(" "+T(o.formatBytesSize(s.request.stats.size.upload)),1)])):E("",!0),((W=s.request.stats)==null?void 0:W.speed.upload)!==null&&((C=s.request.stats)==null?void 0:C.speed.upload)!==void 0?(f(),v("div",S1,[D(i,{name:"zap"}),z(" "+T(o.formatBytesSpeed(s.request.stats.speed.upload)),1)])):E("",!0),(R=s.request.stats)!=null&&R.hosts.local?(f(),v("div",R1,T(s.request.stats.hosts.local.ip)+":"+T(s.request.stats.hosts.local.port),1)):E("",!0),u("div",C1,[o.hasRequestContent?(f(),v("a",{key:0,onClick:t[3]||(t[3]=ge((...F)=>o.copyRequestContent&&o.copyRequestContent(...F),["prevent"])),class:"header-action",title:"Copy to clipboard"},[D(i,{name:"clipboard"})])):E("",!0),s.request.request.body?(f(),v("a",{key:1,onClick:t[4]||(t[4]=F=>e.showRawRequestBody=!e.showRawRequestBody),href:"#",class:te(["header-action",{active:e.showRawRequestBody}]),title:"Show raw request body"}," Raw ",2)):E("",!0)])]),u("div",A1,[o.hasRequestContent?e.showRawRequestBody?(f(),v("code",{key:2,innerHTML:s.request.request.body},null,8,N1)):(f(),J(l,{key:1,data:s.request.request.content,expanded:!0},null,8,["data"])):(f(),v("div",k1," No request body. "))])])])):E("",!0),e.selectedTab=="response"?(f(),v("div",O1,[s.request.response?(f(),v("div",I1,[u("div",{onClick:t[5]||(t[5]=F=>e.showResponseHeaders=!e.showResponseHeaders),class:te(["info-header",{"client-error":s.request.response.status>=400&&s.request.response.status<=499,"server-error":s.request.response.status>=500&&s.request.response.status<=599}])},[u("div",$1,[u("span",L1,T(s.request.response.status),1),u("span",q1,T(s.request.response.statusMessage),1)]),(O=s.request.stats)!=null&&O.version?(f(),v("span",D1," HTTP"+T(s.request.stats.version),1)):E("",!0),D(i,{name:e.showResponseHeaders?"chevron-down":"chevron-up"},null,8,["name"])],2),e.showResponseHeaders?(f(),v("div",P1,[D(a,{columns:["Key","Value"],items:Object.entries(s.request.response.headers),"no-header":!0,"no-table-head":!0},{body:ce(({items:F})=>[(f(!0),v(B,null,le(F,([M,c])=>(f(),v("tr",{key:`${e.$request.id}-${M}`},[u("td",x1,[u("div",M1,T(M),1),u("div",U1,T(c.join(", ")),1)])]))),128))]),_:1},8,["items"])])):E("",!0)])):E("",!0),s.request.response?(f(),v("div",F1,[u("div",H1,[((q=s.request.stats)==null?void 0:q.size.download)!==null&&((L=s.request.stats)==null?void 0:L.size.download)!==void 0?(f(),v("div",B1,[D(i,{name:"download-cloud"}),z(" "+T(o.formatBytesSize(s.request.stats.size.download)),1)])):E("",!0),((Q=s.request.stats)==null?void 0:Q.speed.download)!==null&&((oe=s.request.stats)==null?void 0:oe.speed.download)!==void 0?(f(),v("div",j1,[D(i,{name:"zap"}),z(" "+T(o.formatBytesSpeed(s.request.stats.speed.download)),1)])):E("",!0),(P=s.request.stats)!=null&&P.hosts.remote?(f(),v("div",V1,T(s.request.stats.hosts.remote.ip)+":"+T(s.request.stats.hosts.remote.port),1)):E("",!0),u("div",G1,[o.hasResponseContent?(f(),v("a",{key:0,onClick:t[6]||(t[6]=ge((...F)=>o.copyResponseContent&&o.copyResponseContent(...F),["prevent"])),class:"header-action",title:"Copy to clipboard"},[D(i,{name:"clipboard"})])):E("",!0),s.request.response.body&&o.hasJsonResponse?(f(),v("a",{key:1,onClick:t[7]||(t[7]=F=>e.showRawResponseBody=!e.showRawResponseBody),href:"#",class:te(["header-action",{active:e.showRawResponseBody}]),title:"Show raw response body"}," Raw ",2)):E("",!0)])]),u("div",W1,[o.hasResponseContent?o.hasJsonResponse&&!e.showRawResponseBody?(f(),J(l,{key:1,data:s.request.response.content,expanded:!0},null,8,["data"])):o.hasJsonResponse?(f(),v("code",{key:2,innerHTML:s.request.response.body},null,8,Q1)):(f(),v("iframe",{key:3,ref:"responseContent",srcdoc:s.request.response.body},null,8,Y1)):(f(),v("div",z1," No response body. "))])])):E("",!0),s.request.response?E("",!0):(f(),v("div",K1,[t[12]||(t[12]=u("p",null,"No response.",-1)),s.request.error?(f(),v("p",X1,"("+T(s.request.error)+")",1)):E("",!0)])),(V=s.request.stats)!=null&&V.timing?(f(),v("div",J1,[D(h,{metrics:o.timings},null,8,["metrics"]),u("div",Z1,[(f(!0),v(B,null,le(o.timings,F=>(f(),v("div",eT,[u("div",{class:te(["timing-color",F.color])},null,2),z(" "+T(F.name)+" ",1),u("div",{class:"timing-value",title:`${F.value} ms`},T(Math.round(F.value))+" ms",9,tT)]))),256))])])):E("",!0)])):E("",!0)])):E("",!0)]}),_:1},8,["shown"])}const nT=he(l1,[["render",sT]]),rT={name:"httpRequestsTab",components:{DetailsTable:He,PrettyPrint:Qe,RequestModal:nT,StackTrace:ht},props:["active"],data:()=>({filter:ze([{tag:"to"}]),showRequest:null})},oT={key:0},iT={class:"request-request"},aT={class:"request-content"},lT={class:"content-text"},cT={class:"text-scheme"},uT={class:"text-host"},dT={class:"text-path"},hT={class:"text-query"},fT={class:"request-status"},pT={class:"request-duration"},mT={class:"request-actions"},gT=["onClick"];function vT(e,t,s,n,r,o){const i=$("stack-trace"),a=$("icon"),l=$("details-table"),h=$("request-modal");return s.active?(f(),v("div",oT,[D(l,{title:"HTTP Requests",icon:"compass",columns:["Request","Status","Duration",""],items:e.$request.httpRequests,filter:e.filter,"filter-example":'"/users" method:post',class:"http-requests-requests"},{body:ce(({items:d})=>[(f(!0),v(B,null,le(d,(p,g)=>{var y,A,k,j,W,C;return f(),v("tr",{key:`${e.$request.id}-http-requests-${g}`},[u("td",iT,[u("div",aT,[u("div",lT,[u("span",{class:te(["text-method",`method-${p.request.method.toLowerCase()}`])},T(p.request.method),3),t[1]||(t[1]=z()),u("span",cT,T(p.request.url.scheme),1),u("span",uT,T(p.request.url.host),1),u("span",dT,T(p.request.url.path),1),u("span",hT,T(p.request.url.query),1)]),D(i,{class:"content-trace",trace:p.trace},null,8,["trace"])])]),u("td",fT,[u("span",{class:te({"status-text":(y=p.response)==null?void 0:y.status,"client-error":((A=p.response)==null?void 0:A.status)>=400&&((k=p.response)==null?void 0:k.status)<=499,"server-error":((j=p.response)==null?void 0:j.status)>=500&&((W=p.response)==null?void 0:W.status)<=599})},T(((C=p.response)==null?void 0:C.status)||"—"),3)]),u("td",pT,T(p.duration?`${e.$round(p.duration,1)} ms`:"—"),1),u("td",mT,[u("a",{href:"#",onClick:ge(R=>e.showRequest=p,["prevent"]),title:"Show request"},[D(a,{name:"search"})],8,gT)])])}),128))]),_:1},8,["items","filter"]),D(h,{request:e.showRequest,"onUpdate:request":t[0]||(t[0]=d=>e.showRequest=d)},null,8,["request"])])):E("",!0)}const bT=he(rT,[["render",vT]]),yT={name:"LogTab",components:{DetailsTable:He,PrettyPrint:Qe,StackTrace:ht},props:["active"],data:()=>({filter:ze([{tag:"time",type:"date"},{tag:"level"},{tag:"file",map:e=>e.shortPath}],e=>e.message)}),computed:{log(){return this.$request.log.filter(e=>{var t;return!((t=e.context)!=null&&t.performance)})}},methods:{showPreviousException(e){let t=this.$request.log.indexOf(e);this.$request.log.splice(t+1,0,{time:e.time,message:e.exception.previous.message,exception:e.exception.previous,level:"error",shortPath:`${e.exception.previous.file.split(/[\/\\]/).pop()}:${e.exception.previous.line}`,trace:e.exception.previous.trace}),e.exception.previous=void 0}}},ET={key:0},TT={class:"log-date"},wT={class:"log-level"},_T={class:"log-message"},ST={class:"log-message-content"},RT={key:0,class:"log-message-context"},CT={key:0,class:"log-message-exception"},AT=["onClick"],kT={class:"exception-type"},NT={key:1,class:"exception-code"};function OT(e,t,s,n,r,o){const i=$("pretty-print"),a=$("stack-trace"),l=$("details-table");return s.active?(f(),v("div",ET,[D(l,{title:"Messages",icon:"edit-2",columns:["Time","Level","Message"],items:o.log,filter:e.filter,"filter-example":"query failed level:error file:Controller.php time:>13:08:29"},{body:ce(({items:h})=>[(f(!0),v(B,null,le(h,(d,p)=>(f(),v("tr",{class:te({"log-row":!0,error:["emergency","alert","critical","error"].includes(d.level),warning:d.level=="warning"}),key:`${e.$request.id}-${p}`},[u("td",TT,T(e.$date(d.time,"HH:mm:ss")),1),u("td",wT,T(d.level),1),u("td",null,[u("div",_T,[u("div",ST,[D(i,{data:d.message,linkify:!0},null,8,["data"]),d.context?(f(),v("div",RT,[D(i,{data:d.context},null,8,["data"])])):E("",!0)]),d.exception?(f(),v("div",CT,[d.exception.previous?(f(),v("a",{key:0,href:"#",class:"exception-previous",onClick:ge(g=>o.showPreviousException(d),["prevent"])},"Show previous",8,AT)):E("",!0),u("span",kT,T(d.exception.type),1),d.exception.code?(f(),v("span",NT,"#"+T(d.exception.code),1)):E("",!0)])):E("",!0),D(a,{class:"log-message-path",trace:d.trace,file:d.file,line:d.line},null,8,["trace","file","line"])])])],2))),128))]),_:1},8,["items","filter"])])):E("",!0)}const IT=he(yT,[["render",OT]]),$T={name:"ModelsTab",components:{DetailsTable:He,HighlightedCode:ro,PrettyPrint:Qe,ShortenedText:bs,StackTrace:ht},props:["active"],data:()=>({selectedModelsTab:"actions",actionsFilter:ze([{tag:"model"},{tag:"action"},{tag:"file",map:e=>e.shortPath}]),countsFilter:ze([{tag:"model"},{tag:"retrieved",type:"number"},{tag:"created",type:"number"},{tag:"updated",type:"number"},{tag:"deleted",type:"number"}]),renderTrigger:0}),computed:{totals(){return{retrieved:Object.values(this.$request.modelsRetrieved).reduce((e,t)=>e+t,0),created:Object.values(this.$request.modelsCreated).reduce((e,t)=>e+t,0),updated:Object.values(this.$request.modelsUpdated).reduce((e,t)=>e+t,0),deleted:Object.values(this.$request.modelsDeleted).reduce((e,t)=>e+t,0)}},activeModelsTab(){return this.selectedModelsTab=="actions"&&!this.$request.modelsActions.length?"models":this.selectedModelsTab},modelsCounts(){let e=new Set([...Object.keys(this.$request.modelsRetrieved),...Object.keys(this.$request.modelsCreated),...Object.keys(this.$request.modelsUpdated),...Object.keys(this.$request.modelsDeleted)]);return Array.from(e).map(t=>({model:t,shortModel:t.split("\\").pop(),retrieved:this.$request.modelsRetrieved[t],created:this.$request.modelsCreated[t],updated:this.$request.modelsUpdated[t],deleted:this.$request.modelsDeleted[t]}))}},methods:{isTabActive(e){if(e=="")return this.selectedModelsTab==e},showTab(e){this.selectedModelsTab=e}}},LT={key:0},qT={class:"counters-row models-counters"},DT={key:0,class:"counter counter-retrieved"},PT={class:"counter-value"},xT={key:1,class:"counter counter-created"},MT={class:"counter-value"},UT={key:2,class:"counter counter-updated"},FT={class:"counter-value"},HT={key:3,class:"counter counter-deleted"},BT={class:"counter-value"},jT={key:0,class:"models-tabs"},VT={class:"actions-action"},GT={class:"action-model"},WT={class:"model-content"},zT={class:"content-text"},QT={key:0,class:"action-key"},YT={class:"database-duration"},KT=["onClick"],XT={class:"actions-details"},JT={colspan:"3"},ZT={key:0,class:"details-row"},e0={class:"row-group"},t0={key:1,class:"details-row"},s0={class:"row-group"},n0={key:2,class:"details-row"},r0={key:0,class:"row-group group-query"},o0={key:1,class:"row-group"},i0={key:2,class:"row-group"},a0={class:"counts-model"},l0={class:"counts-count"},c0={key:0,class:"count-text count-retrieved"},u0={key:1},d0={class:"counts-count"},h0={key:0,class:"count-text count-created"},f0={key:1},p0={class:"counts-count"},m0={key:0,class:"count-text count-updated"},g0={key:1},v0={class:"counts-count"},b0={key:0,class:"count-text count-deleted"},y0={key:1};function E0(e,t,s,n,r,o){const i=$("icon"),a=$("shortened-text"),l=$("stack-trace"),h=$("pretty-print"),d=$("highlighted-code"),p=$("details-table");return s.active?(f(),v("div",LT,[u("div",qT,[o.totals.retrieved?(f(),v("div",DT,[u("div",PT,T(o.totals.retrieved),1),t[2]||(t[2]=u("div",{class:"counter-title has-mark"},"retrieved",-1))])):E("",!0),o.totals.created?(f(),v("div",xT,[u("div",MT,T(o.totals.created),1),t[3]||(t[3]=u("div",{class:"counter-title has-mark"},"created",-1))])):E("",!0),o.totals.updated?(f(),v("div",UT,[u("div",FT,T(o.totals.updated),1),t[4]||(t[4]=u("div",{class:"counter-title has-mark"},"updated",-1))])):E("",!0),o.totals.deleted?(f(),v("div",HT,[u("div",BT,T(o.totals.deleted),1),t[5]||(t[5]=u("div",{class:"counter-title has-mark"},"deleted",-1))])):E("",!0)]),e.$request.modelsActions.length?(f(),v("div",jT,[u("a",{class:te(["models-tab",{active:o.activeModelsTab=="actions"}]),href:"#",onClick:t[0]||(t[0]=ge(g=>e.selectedModelsTab="actions",["prevent"]))},[D(i,{name:"activity"}),t[6]||(t[6]=z(" Actions "))],2),u("a",{class:te(["models-tab",{active:o.activeModelsTab=="models"}]),href:"#",onClick:t[1]||(t[1]=ge(g=>e.selectedModelsTab="models",["prevent"]))},[D(i,{name:"hash"}),t[7]||(t[7]=z(" Models "))],2)])):E("",!0),o.activeModelsTab=="actions"?(f(),J(p,{title:"Actions",icon:"activity",class:"models-actions",columns:["Model","",""],items:e.$request.modelsActions,filter:e.actionsFilter,"filter-example":"App\\User action:updated",key:e.renderTrigger},{body:ce(({items:g})=>[(f(!0),v(B,null,le(g,(y,A)=>(f(),v(B,{key:`${e.$request.id}-models-actions-${A}`},[u("tr",VT,[u("td",GT,[u("div",WT,[u("div",zT,[D(a,{full:y.model},{default:ce(()=>[z(T(y.shortModel),1)]),_:2},1032,["full"]),y.key?(f(),v("span",QT,[t[8]||(t[8]=u("span",{class:"key-hash"},"#",-1)),z(T(y.key),1)])):E("",!0)]),D(l,{class:"content-trace",trace:y.trace,file:y.file,line:y.line},null,8,["trace","file","line"])])]),u("td",YT,[u("span",{class:te(["action-action",`action-${y.action}`])},T(y.action),3)]),u("td",null,[y.attributes||y.changes?(f(),v("a",{key:0,href:"#",onClick:ge(k=>{y.isShowingDetails=!y.isShowingDetails,e.renderTrigger++},["prevent"]),title:"Show details"},[D(i,{name:y.isShowingDetails?"chevron-up":"chevron-down"},null,8,["name"])],8,KT)):E("",!0)])]),Oe(u("tr",XT,[u("td",JT,[y.attributes?(f(),v("div",ZT,[u("div",e0,[t[9]||(t[9]=u("h4",null,"Attributes",-1)),D(h,{data:y.attributes},null,8,["data"])])])):E("",!0),y.changes?(f(),v("div",t0,[u("div",s0,[t[10]||(t[10]=u("h4",null,"Changes",-1)),D(h,{data:y.changes},null,8,["data"])])])):E("",!0),y.query?(f(),v("div",n0,[y.query?(f(),v("div",r0,[t[11]||(t[11]=u("h4",null,"Query",-1)),D(d,{language:"sql",code:y.query},null,8,["code"])])):E("",!0),y.duration?(f(),v("div",o0,[t[12]||(t[12]=u("h4",null,"Duration",-1)),u("span",null,T(e.$round(y.duration,3))+" ms",1)])):E("",!0),y.connection?(f(),v("div",i0,[t[13]||(t[13]=u("h4",null,"Connection",-1)),u("span",null,T(y.connection),1)])):E("",!0)])):E("",!0)])],512),[[Nc,y.isShowingDetails]])],64))),128))]),_:1},8,["items","filter"])):E("",!0),o.activeModelsTab=="models"?(f(),J(p,{key:2,title:"Models",icon:"hash",class:"models-counts",columns:["Model","Retrieved","Created","Updated","Deleted"],items:o.modelsCounts,filter:e.countsFilter,"filter-example":"App\\User retrieved:>10"},{body:ce(({items:g})=>[(f(!0),v(B,null,le(g,(y,A)=>(f(),v("tr",{key:`${e.$request.id}-models-counts-${A}`},[u("td",a0,[D(a,{full:y.model},{default:ce(()=>[z(T(y.shortModel),1)]),_:2},1032,["full"])]),u("td",l0,[y.retrieved?(f(),v("span",c0,T(y.retrieved),1)):(f(),v("span",u0,"-"))]),u("td",d0,[y.created?(f(),v("span",h0,T(y.created),1)):(f(),v("span",f0,"-"))]),u("td",p0,[y.updated?(f(),v("span",m0,T(y.updated),1)):(f(),v("span",g0,"-"))]),u("td",v0,[y.deleted?(f(),v("span",b0,T(y.deleted),1)):(f(),v("span",y0,"-"))])]))),128))]),_:1},8,["items","filter"])):E("",!0)])):E("",!0)}const T0=he($T,[["render",E0]]),w0={name:"EmailMessageModal",components:{Modal:vs},props:["message"],computed:{messageLocal:{get(){return this.message},set(e){this.$emit("update:message",e)}}},watch:{async message(e){if(!e)return;await this.$nextTick();let t=this.$refs.content.contentWindow.document;t.open(),t.write(this.message.content),t.close()}}},_0={class:"email-message"},S0={class:"message-info"},R0={key:0,class:"info-row"},C0={class:"row-value"},A0={key:1,class:"info-row"},k0={class:"row-value"},N0={class:"message-content"},O0={ref:"content"};function I0(e,t,s,n,r,o){const i=$("modal");return f(),J(i,{icon:"mail",title:"Message",shown:o.messageLocal,"onUpdate:shown":t[0]||(t[0]=a=>o.messageLocal=a)},{default:ce(()=>[u("div",_0,[u("div",S0,[s.message?(f(),v("div",R0,[t[1]||(t[1]=u("span",{class:"row-label"},"To: ",-1)),u("span",C0,T(s.message.to.join(", ")),1)])):E("",!0),s.message?(f(),v("div",A0,[t[2]||(t[2]=u("span",{class:"row-label"},"Subject: ",-1)),u("span",k0,T(s.message.subject),1)])):E("",!0)]),u("div",N0,[u("iframe",O0,null,512)])])]),_:1},8,["shown"])}const $0=he(w0,[["render",I0]]);var Xc=L0;function L0(e,t){var s={};typeof t=="string"&&(t=[].slice.call(arguments,1));for(var n in e)(!e.hasOwnProperty||e.hasOwnProperty(n))&&t.indexOf(n)===-1&&(s[n]=e[n]);return s}const q0={name:"notificationsTab",components:{DetailsTable:He,DetailsTableFilterToggle:_i,MessageModal:$0,PrettyPrint:Qe,StackTrace:ht},props:["active"],data:()=>({filter:ze([{tag:"to"}]),showNotification:null,renderTrigger:0}),computed:{columns(){let e=["To","Subject",""];return new Set(this.$request.notifications.map(s=>s.type)).size>1&&e.splice(0,0,"Type"),e}},methods:{additionalData(e){return Xc(e,["cc","bcc","replyTo"])}}},D0={key:0},P0={key:0},x0={class:"notification-subject"},M0={class:"subject-content"},U0={class:"content-text"},F0={class:"notification-actions"},H0=["onClick"],B0=["onClick"],j0={class:"notifications-details"},V0=["colspan"],G0={class:"details-row"},W0={key:0,class:"row-group"},z0={key:1,class:"row-group"},Q0={key:2,class:"row-group"},Y0={key:3,class:"row-group"},K0={key:4,class:"row-group"},X0={class:"details-row"},J0={class:"row-group"},Z0={class:"details-row"},ew={class:"row-group"};function tw(e,t,s,n,r,o){const i=$("stack-trace"),a=$("icon"),l=$("pretty-print"),h=$("details-table"),d=$("message-modal");return s.active?(f(),v("div",D0,[(f(),J(h,{title:"Notifications",icon:"mail",columns:o.columns,items:e.$request.notifications,filter:e.filter,"filter-example":'"User Registration" to:its@underground.works',class:"notifications-notifications",key:e.renderTrigger},{body:ce(({items:p})=>[(f(!0),v(B,null,le(p,(g,y)=>(f(),v(B,{key:`${e.$request.id}-notifications-${y}`},[u("tr",null,[o.columns.includes("Type")?(f(),v("td",P0,T(e.$title(g.type)),1)):E("",!0),u("td",null,T(e.$join(g.to,", ")),1),u("td",x0,[u("div",M0,[u("div",U0,T(g.subject),1),D(i,{class:"content-trace",trace:g.trace,file:g.file,line:g.line},null,8,["trace","file","line"])])]),u("td",F0,[g.content?(f(),v("a",{key:0,href:"#",onClick:ge(A=>e.showNotification=g,["prevent"]),title:"Show message"},[D(a,{name:"search"})],8,H0)):E("",!0),u("a",{href:"#",onClick:ge(A=>{g.isShowingDetails=!g.isShowingDetails,e.renderTrigger++},["prevent"]),title:"Show details"},[D(a,{name:g.isShowingDetails?"chevron-up":"chevron-down"},null,8,["name"])],8,B0)])]),Oe(u("tr",j0,[u("td",{colspan:o.columns.length},[u("div",G0,[g.to?(f(),v("div",W0,[t[1]||(t[1]=u("h4",null,"To",-1)),u("span",null,T(e.$join(g.to,", ")),1)])):E("",!0),g.data.cc?(f(),v("div",z0,[t[2]||(t[2]=u("h4",null,"CC",-1)),u("span",null,T(e.$join(g.data.cc,", ")),1)])):E("",!0),g.data.bcc?(f(),v("div",Q0,[t[3]||(t[3]=u("h4",null,"BCC",-1)),u("span",null,T(e.$join(g.data.bcc,", ")),1)])):E("",!0),g.from?(f(),v("div",Y0,[t[4]||(t[4]=u("h4",null,"From",-1)),u("span",null,T(e.$join(g.from,", ")),1)])):E("",!0),g.data.replyTo?(f(),v("div",K0,[t[5]||(t[5]=u("h4",null,"Reply To",-1)),u("span",null,T(e.$join(g.data.replyTo,", ")),1)])):E("",!0)]),u("div",X0,[u("div",J0,[t[6]||(t[6]=u("h4",null,"Subject",-1)),D(l,{data:g.subject},null,8,["data"])])]),(f(!0),v(B,null,le(o.additionalData(g.data),(A,k)=>(f(),v("div",Z0,[u("div",ew,[u("h4",null,T(e.$title(k)),1),D(l,{data:A},null,8,["data"])])]))),256))],8,V0)],512),[[Nc,g.isShowingDetails]])],64))),128))]),_:1},8,["columns","items","filter"])),D(d,{message:e.showNotification,"onUpdate:message":t[0]||(t[0]=p=>e.showNotification=p)},null,8,["message"])])):E("",!0)}const sw=he(q0,[["render",tw]]);var Jc={},Ft={};const nw="Á",rw="á",ow="Ă",iw="ă",aw="∾",lw="∿",cw="∾̳",uw="Â",dw="â",hw="´",fw="А",pw="а",mw="Æ",gw="æ",vw="⁡",bw="𝔄",yw="𝔞",Ew="À",Tw="à",ww="ℵ",_w="ℵ",Sw="Α",Rw="α",Cw="Ā",Aw="ā",kw="⨿",Nw="&",Ow="&",Iw="⩕",$w="⩓",Lw="∧",qw="⩜",Dw="⩘",Pw="⩚",xw="∠",Mw="⦤",Uw="∠",Fw="⦨",Hw="⦩",Bw="⦪",jw="⦫",Vw="⦬",Gw="⦭",Ww="⦮",zw="⦯",Qw="∡",Yw="∟",Kw="⊾",Xw="⦝",Jw="∢",Zw="Å",e_="⍼",t_="Ą",s_="ą",n_="𝔸",r_="𝕒",o_="⩯",i_="≈",a_="⩰",l_="≊",c_="≋",u_="'",d_="⁡",h_="≈",f_="≊",p_="Å",m_="å",g_="𝒜",v_="𝒶",b_="≔",y_="*",E_="≈",T_="≍",w_="Ã",__="ã",S_="Ä",R_="ä",C_="∳",A_="⨑",k_="≌",N_="϶",O_="‵",I_="∽",$_="⋍",L_="∖",q_="⫧",D_="⊽",P_="⌅",x_="⌆",M_="⌅",U_="⎵",F_="⎶",H_="≌",B_="Б",j_="б",V_="„",G_="∵",W_="∵",z_="∵",Q_="⦰",Y_="϶",K_="ℬ",X_="ℬ",J_="Β",Z_="β",eS="ℶ",tS="≬",sS="𝔅",nS="𝔟",rS="⋂",oS="◯",iS="⋃",aS="⨀",lS="⨁",cS="⨂",uS="⨆",dS="★",hS="▽",fS="△",pS="⨄",mS="⋁",gS="⋀",vS="⤍",bS="⧫",yS="▪",ES="▴",TS="▾",wS="◂",_S="▸",SS="␣",RS="▒",CS="░",AS="▓",kS="█",NS="=⃥",OS="≡⃥",IS="⫭",$S="⌐",LS="𝔹",qS="𝕓",DS="⊥",PS="⊥",xS="⋈",MS="⧉",US="┐",FS="╕",HS="╖",BS="╗",jS="┌",VS="╒",GS="╓",WS="╔",zS="─",QS="═",YS="┬",KS="╤",XS="╥",JS="╦",ZS="┴",eR="╧",tR="╨",sR="╩",nR="⊟",rR="⊞",oR="⊠",iR="┘",aR="╛",lR="╜",cR="╝",uR="└",dR="╘",hR="╙",fR="╚",pR="│",mR="║",gR="┼",vR="╪",bR="╫",yR="╬",ER="┤",TR="╡",wR="╢",_R="╣",SR="├",RR="╞",CR="╟",AR="╠",kR="‵",NR="˘",OR="˘",IR="¦",$R="𝒷",LR="ℬ",qR="⁏",DR="∽",PR="⋍",xR="⧅",MR="\\",UR="⟈",FR="•",HR="•",BR="≎",jR="⪮",VR="≏",GR="≎",WR="≏",zR="Ć",QR="ć",YR="⩄",KR="⩉",XR="⩋",JR="∩",ZR="⋒",eC="⩇",tC="⩀",sC="ⅅ",nC="∩︀",rC="⁁",oC="ˇ",iC="ℭ",aC="⩍",lC="Č",cC="č",uC="Ç",dC="ç",hC="Ĉ",fC="ĉ",pC="∰",mC="⩌",gC="⩐",vC="Ċ",bC="ċ",yC="¸",EC="¸",TC="⦲",wC="¢",_C="·",SC="·",RC="𝔠",CC="ℭ",AC="Ч",kC="ч",NC="✓",OC="✓",IC="Χ",$C="χ",LC="ˆ",qC="≗",DC="↺",PC="↻",xC="⊛",MC="⊚",UC="⊝",FC="⊙",HC="®",BC="Ⓢ",jC="⊖",VC="⊕",GC="⊗",WC="○",zC="⧃",QC="≗",YC="⨐",KC="⫯",XC="⧂",JC="∲",ZC="”",eA="’",tA="♣",sA="♣",nA=":",rA="∷",oA="⩴",iA="≔",aA="≔",lA=",",cA="@",uA="∁",dA="∘",hA="∁",fA="ℂ",pA="≅",mA="⩭",gA="≡",vA="∮",bA="∯",yA="∮",EA="𝕔",TA="ℂ",wA="∐",_A="∐",SA="©",RA="©",CA="℗",AA="∳",kA="↵",NA="✗",OA="⨯",IA="𝒞",$A="𝒸",LA="⫏",qA="⫑",DA="⫐",PA="⫒",xA="⋯",MA="⤸",UA="⤵",FA="⋞",HA="⋟",BA="↶",jA="⤽",VA="⩈",GA="⩆",WA="≍",zA="∪",QA="⋓",YA="⩊",KA="⊍",XA="⩅",JA="∪︀",ZA="↷",e2="⤼",t2="⋞",s2="⋟",n2="⋎",r2="⋏",o2="¤",i2="↶",a2="↷",l2="⋎",c2="⋏",u2="∲",d2="∱",h2="⌭",f2="†",p2="‡",m2="ℸ",g2="↓",v2="↡",b2="⇓",y2="‐",E2="⫤",T2="⊣",w2="⤏",_2="˝",S2="Ď",R2="ď",C2="Д",A2="д",k2="‡",N2="⇊",O2="ⅅ",I2="ⅆ",$2="⤑",L2="⩷",q2="°",D2="∇",P2="Δ",x2="δ",M2="⦱",U2="⥿",F2="𝔇",H2="𝔡",B2="⥥",j2="⇃",V2="⇂",G2="´",W2="˙",z2="˝",Q2="`",Y2="˜",K2="⋄",X2="⋄",J2="⋄",Z2="♦",ek="♦",tk="¨",sk="ⅆ",nk="ϝ",rk="⋲",ok="÷",ik="÷",ak="⋇",lk="⋇",ck="Ђ",uk="ђ",dk="⌞",hk="⌍",fk="$",pk="𝔻",mk="𝕕",gk="¨",vk="˙",bk="⃜",yk="≐",Ek="≑",Tk="≐",wk="∸",_k="∔",Sk="⊡",Rk="⌆",Ck="∯",Ak="¨",kk="⇓",Nk="⇐",Ok="⇔",Ik="⫤",$k="⟸",Lk="⟺",qk="⟹",Dk="⇒",Pk="⊨",xk="⇑",Mk="⇕",Uk="∥",Fk="⤓",Hk="↓",Bk="↓",jk="⇓",Vk="⇵",Gk="̑",Wk="⇊",zk="⇃",Qk="⇂",Yk="⥐",Kk="⥞",Xk="⥖",Jk="↽",Zk="⥟",eN="⥗",tN="⇁",sN="↧",nN="⊤",rN="⤐",oN="⌟",iN="⌌",aN="𝒟",lN="𝒹",cN="Ѕ",uN="ѕ",dN="⧶",hN="Đ",fN="đ",pN="⋱",mN="▿",gN="▾",vN="⇵",bN="⥯",yN="⦦",EN="Џ",TN="џ",wN="⟿",_N="É",SN="é",RN="⩮",CN="Ě",AN="ě",kN="Ê",NN="ê",ON="≖",IN="≕",$N="Э",LN="э",qN="⩷",DN="Ė",PN="ė",xN="≑",MN="ⅇ",UN="≒",FN="𝔈",HN="𝔢",BN="⪚",jN="È",VN="è",GN="⪖",WN="⪘",zN="⪙",QN="∈",YN="⏧",KN="ℓ",XN="⪕",JN="⪗",ZN="Ē",eO="ē",tO="∅",sO="∅",nO="◻",rO="∅",oO="▫",iO=" ",aO=" ",lO=" ",cO="Ŋ",uO="ŋ",dO=" ",hO="Ę",fO="ę",pO="𝔼",mO="𝕖",gO="⋕",vO="⧣",bO="⩱",yO="ε",EO="Ε",TO="ε",wO="ϵ",_O="≖",SO="≕",RO="≂",CO="⪖",AO="⪕",kO="⩵",NO="=",OO="≂",IO="≟",$O="⇌",LO="≡",qO="⩸",DO="⧥",PO="⥱",xO="≓",MO="ℯ",UO="ℰ",FO="≐",HO="⩳",BO="≂",jO="Η",VO="η",GO="Ð",WO="ð",zO="Ë",QO="ë",YO="€",KO="!",XO="∃",JO="∃",ZO="ℰ",eI="ⅇ",tI="ⅇ",sI="≒",nI="Ф",rI="ф",oI="♀",iI="ﬃ",aI="ﬀ",lI="ﬄ",cI="𝔉",uI="𝔣",dI="ﬁ",hI="◼",fI="▪",pI="fj",mI="♭",gI="ﬂ",vI="▱",bI="ƒ",yI="𝔽",EI="𝕗",TI="∀",wI="∀",_I="⋔",SI="⫙",RI="ℱ",CI="⨍",AI="½",kI="⅓",NI="¼",OI="⅕",II="⅙",$I="⅛",LI="⅔",qI="⅖",DI="¾",PI="⅗",xI="⅜",MI="⅘",UI="⅚",FI="⅝",HI="⅞",BI="⁄",jI="⌢",VI="𝒻",GI="ℱ",WI="ǵ",zI="Γ",QI="γ",YI="Ϝ",KI="ϝ",XI="⪆",JI="Ğ",ZI="ğ",e$="Ģ",t$="Ĝ",s$="ĝ",n$="Г",r$="г",o$="Ġ",i$="ġ",a$="≥",l$="≧",c$="⪌",u$="⋛",d$="≥",h$="≧",f$="⩾",p$="⪩",m$="⩾",g$="⪀",v$="⪂",b$="⪄",y$="⋛︀",E$="⪔",T$="𝔊",w$="𝔤",_$="≫",S$="⋙",R$="⋙",C$="ℷ",A$="Ѓ",k$="ѓ",N$="⪥",O$="≷",I$="⪒",$$="⪤",L$="⪊",q$="⪊",D$="⪈",P$="≩",x$="⪈",M$="≩",U$="⋧",F$="𝔾",H$="𝕘",B$="`",j$="≥",V$="⋛",G$="≧",W$="⪢",z$="≷",Q$="⩾",Y$="≳",K$="𝒢",X$="ℊ",J$="≳",Z$="⪎",eL="⪐",tL="⪧",sL="⩺",nL=">",rL=">",oL="≫",iL="⋗",aL="⦕",lL="⩼",cL="⪆",uL="⥸",dL="⋗",hL="⋛",fL="⪌",pL="≷",mL="≳",gL="≩︀",vL="≩︀",bL="ˇ",yL=" ",EL="½",TL="ℋ",wL="Ъ",_L="ъ",SL="⥈",RL="↔",CL="⇔",AL="↭",kL="^",NL="ℏ",OL="Ĥ",IL="ĥ",$L="♥",LL="♥",qL="…",DL="⊹",PL="𝔥",xL="ℌ",ML="ℋ",UL="⤥",FL="⤦",HL="⇿",BL="∻",jL="↩",VL="↪",GL="𝕙",WL="ℍ",zL="―",QL="─",YL="𝒽",KL="ℋ",XL="ℏ",JL="Ħ",ZL="ħ",eq="≎",tq="≏",sq="⁃",nq="‐",rq="Í",oq="í",iq="⁣",aq="Î",lq="î",cq="И",uq="и",dq="İ",hq="Е",fq="е",pq="¡",mq="⇔",gq="𝔦",vq="ℑ",bq="Ì",yq="ì",Eq="ⅈ",Tq="⨌",wq="∭",_q="⧜",Sq="℩",Rq="Ĳ",Cq="ĳ",Aq="Ī",kq="ī",Nq="ℑ",Oq="ⅈ",Iq="ℐ",$q="ℑ",Lq="ı",qq="ℑ",Dq="⊷",Pq="Ƶ",xq="⇒",Mq="℅",Uq="∞",Fq="⧝",Hq="ı",Bq="⊺",jq="∫",Vq="∬",Gq="ℤ",Wq="∫",zq="⊺",Qq="⋂",Yq="⨗",Kq="⨼",Xq="⁣",Jq="⁢",Zq="Ё",eD="ё",tD="Į",sD="į",nD="𝕀",rD="𝕚",oD="Ι",iD="ι",aD="⨼",lD="¿",cD="𝒾",uD="ℐ",dD="∈",hD="⋵",fD="⋹",pD="⋴",mD="⋳",gD="∈",vD="⁢",bD="Ĩ",yD="ĩ",ED="І",TD="і",wD="Ï",_D="ï",SD="Ĵ",RD="ĵ",CD="Й",AD="й",kD="𝔍",ND="𝔧",OD="ȷ",ID="𝕁",$D="𝕛",LD="𝒥",qD="𝒿",DD="Ј",PD="ј",xD="Є",MD="є",UD="Κ",FD="κ",HD="ϰ",BD="Ķ",jD="ķ",VD="К",GD="к",WD="𝔎",zD="𝔨",QD="ĸ",YD="Х",KD="х",XD="Ќ",JD="ќ",ZD="𝕂",eP="𝕜",tP="𝒦",sP="𝓀",nP="⇚",rP="Ĺ",oP="ĺ",iP="⦴",aP="ℒ",lP="Λ",cP="λ",uP="⟨",dP="⟪",hP="⦑",fP="⟨",pP="⪅",mP="ℒ",gP="«",vP="⇤",bP="⤟",yP="←",EP="↞",TP="⇐",wP="⤝",_P="↩",SP="↫",RP="⤹",CP="⥳",AP="↢",kP="⤙",NP="⤛",OP="⪫",IP="⪭",$P="⪭︀",LP="⤌",qP="⤎",DP="❲",PP="{",xP="[",MP="⦋",UP="⦏",FP="⦍",HP="Ľ",BP="ľ",jP="Ļ",VP="ļ",GP="⌈",WP="{",zP="Л",QP="л",YP="⤶",KP="“",XP="„",JP="⥧",ZP="⥋",ex="↲",tx="≤",sx="≦",nx="⟨",rx="⇤",ox="←",ix="←",ax="⇐",lx="⇆",cx="↢",ux="⌈",dx="⟦",hx="⥡",fx="⥙",px="⇃",mx="⌊",gx="↽",vx="↼",bx="⇇",yx="↔",Ex="↔",Tx="⇔",wx="⇆",_x="⇋",Sx="↭",Rx="⥎",Cx="↤",Ax="⊣",kx="⥚",Nx="⋋",Ox="⧏",Ix="⊲",$x="⊴",Lx="⥑",qx="⥠",Dx="⥘",Px="↿",xx="⥒",Mx="↼",Ux="⪋",Fx="⋚",Hx="≤",Bx="≦",jx="⩽",Vx="⪨",Gx="⩽",Wx="⩿",zx="⪁",Qx="⪃",Yx="⋚︀",Kx="⪓",Xx="⪅",Jx="⋖",Zx="⋚",eM="⪋",tM="⋚",sM="≦",nM="≶",rM="≶",oM="⪡",iM="≲",aM="⩽",lM="≲",cM="⥼",uM="⌊",dM="𝔏",hM="𝔩",fM="≶",pM="⪑",mM="⥢",gM="↽",vM="↼",bM="⥪",yM="▄",EM="Љ",TM="љ",wM="⇇",_M="≪",SM="⋘",RM="⌞",CM="⇚",AM="⥫",kM="◺",NM="Ŀ",OM="ŀ",IM="⎰",$M="⎰",LM="⪉",qM="⪉",DM="⪇",PM="≨",xM="⪇",MM="≨",UM="⋦",FM="⟬",HM="⇽",BM="⟦",jM="⟵",VM="⟵",GM="⟸",WM="⟷",zM="⟷",QM="⟺",YM="⟼",KM="⟶",XM="⟶",JM="⟹",ZM="↫",e4="↬",t4="⦅",s4="𝕃",n4="𝕝",r4="⨭",o4="⨴",i4="∗",a4="_",l4="↙",c4="↘",u4="◊",d4="◊",h4="⧫",f4="(",p4="⦓",m4="⇆",g4="⌟",v4="⇋",b4="⥭",y4="‎",E4="⊿",T4="‹",w4="𝓁",_4="ℒ",S4="↰",R4="↰",C4="≲",A4="⪍",k4="⪏",N4="[",O4="‘",I4="‚",$4="Ł",L4="ł",q4="⪦",D4="⩹",P4="<",x4="<",M4="≪",U4="⋖",F4="⋋",H4="⋉",B4="⥶",j4="⩻",V4="◃",G4="⊴",W4="◂",z4="⦖",Q4="⥊",Y4="⥦",K4="≨︀",X4="≨︀",J4="¯",Z4="♂",eU="✠",tU="✠",sU="↦",nU="↦",rU="↧",oU="↤",iU="↥",aU="▮",lU="⨩",cU="М",uU="м",dU="—",hU="∺",fU="∡",pU=" ",mU="ℳ",gU="𝔐",vU="𝔪",bU="℧",yU="µ",EU="*",TU="⫰",wU="∣",_U="·",SU="⊟",RU="−",CU="∸",AU="⨪",kU="∓",NU="⫛",OU="…",IU="∓",$U="⊧",LU="𝕄",qU="𝕞",DU="∓",PU="𝓂",xU="ℳ",MU="∾",UU="Μ",FU="μ",HU="⊸",BU="⊸",jU="∇",VU="Ń",GU="ń",WU="∠⃒",zU="≉",QU="⩰̸",YU="≋̸",KU="ŉ",XU="≉",JU="♮",ZU="ℕ",e3="♮",t3=" ",s3="≎̸",n3="≏̸",r3="⩃",o3="Ň",i3="ň",a3="Ņ",l3="ņ",c3="≇",u3="⩭̸",d3="⩂",h3="Н",f3="н",p3="–",m3="⤤",g3="↗",v3="⇗",b3="↗",y3="≠",E3="≐̸",T3="​",w3="​",_3="​",S3="​",R3="≢",C3="⤨",A3="≂̸",k3="≫",N3="≪",O3=`
`,I3="∄",$3="∄",L3="𝔑",q3="𝔫",D3="≧̸",P3="≱",x3="≱",M3="≧̸",U3="⩾̸",F3="⩾̸",H3="⋙̸",B3="≵",j3="≫⃒",V3="≯",G3="≯",W3="≫̸",z3="↮",Q3="⇎",Y3="⫲",K3="∋",X3="⋼",J3="⋺",Z3="∋",e5="Њ",t5="њ",s5="↚",n5="⇍",r5="‥",o5="≦̸",i5="≰",a5="↚",l5="⇍",c5="↮",u5="⇎",d5="≰",h5="≦̸",f5="⩽̸",p5="⩽̸",m5="≮",g5="⋘̸",v5="≴",b5="≪⃒",y5="≮",E5="⋪",T5="⋬",w5="≪̸",_5="∤",S5="⁠",R5=" ",C5="𝕟",A5="ℕ",k5="⫬",N5="¬",O5="≢",I5="≭",$5="∦",L5="∉",q5="≠",D5="≂̸",P5="∄",x5="≯",M5="≱",U5="≧̸",F5="≫̸",H5="≹",B5="⩾̸",j5="≵",V5="≎̸",G5="≏̸",W5="∉",z5="⋵̸",Q5="⋹̸",Y5="∉",K5="⋷",X5="⋶",J5="⧏̸",Z5="⋪",eF="⋬",tF="≮",sF="≰",nF="≸",rF="≪̸",oF="⩽̸",iF="≴",aF="⪢̸",lF="⪡̸",cF="∌",uF="∌",dF="⋾",hF="⋽",fF="⊀",pF="⪯̸",mF="⋠",gF="∌",vF="⧐̸",bF="⋫",yF="⋭",EF="⊏̸",TF="⋢",wF="⊐̸",_F="⋣",SF="⊂⃒",RF="⊈",CF="⊁",AF="⪰̸",kF="⋡",NF="≿̸",OF="⊃⃒",IF="⊉",$F="≁",LF="≄",qF="≇",DF="≉",PF="∤",xF="∦",MF="∦",UF="⫽⃥",FF="∂̸",HF="⨔",BF="⊀",jF="⋠",VF="⊀",GF="⪯̸",WF="⪯̸",zF="⤳̸",QF="↛",YF="⇏",KF="↝̸",XF="↛",JF="⇏",ZF="⋫",eH="⋭",tH="⊁",sH="⋡",nH="⪰̸",rH="𝒩",oH="𝓃",iH="∤",aH="∦",lH="≁",cH="≄",uH="≄",dH="∤",hH="∦",fH="⋢",pH="⋣",mH="⊄",gH="⫅̸",vH="⊈",bH="⊂⃒",yH="⊈",EH="⫅̸",TH="⊁",wH="⪰̸",_H="⊅",SH="⫆̸",RH="⊉",CH="⊃⃒",AH="⊉",kH="⫆̸",NH="≹",OH="Ñ",IH="ñ",$H="≸",LH="⋪",qH="⋬",DH="⋫",PH="⋭",xH="Ν",MH="ν",UH="#",FH="№",HH=" ",BH="≍⃒",jH="⊬",VH="⊭",GH="⊮",WH="⊯",zH="≥⃒",QH=">⃒",YH="⤄",KH="⧞",XH="⤂",JH="≤⃒",ZH="<⃒",eB="⊴⃒",tB="⤃",sB="⊵⃒",nB="∼⃒",rB="⤣",oB="↖",iB="⇖",aB="↖",lB="⤧",cB="Ó",uB="ó",dB="⊛",hB="Ô",fB="ô",pB="⊚",mB="О",gB="о",vB="⊝",bB="Ő",yB="ő",EB="⨸",TB="⊙",wB="⦼",_B="Œ",SB="œ",RB="⦿",CB="𝔒",AB="𝔬",kB="˛",NB="Ò",OB="ò",IB="⧁",$B="⦵",LB="Ω",qB="∮",DB="↺",PB="⦾",xB="⦻",MB="‾",UB="⧀",FB="Ō",HB="ō",BB="Ω",jB="ω",VB="Ο",GB="ο",WB="⦶",zB="⊖",QB="𝕆",YB="𝕠",KB="⦷",XB="“",JB="‘",ZB="⦹",e6="⊕",t6="↻",s6="⩔",n6="∨",r6="⩝",o6="ℴ",i6="ℴ",a6="ª",l6="º",c6="⊶",u6="⩖",d6="⩗",h6="⩛",f6="Ⓢ",p6="𝒪",m6="ℴ",g6="Ø",v6="ø",b6="⊘",y6="Õ",E6="õ",T6="⨶",w6="⨷",_6="⊗",S6="Ö",R6="ö",C6="⌽",A6="‾",k6="⏞",N6="⎴",O6="⏜",I6="¶",$6="∥",L6="∥",q6="⫳",D6="⫽",P6="∂",x6="∂",M6="П",U6="п",F6="%",H6=".",B6="‰",j6="⊥",V6="‱",G6="𝔓",W6="𝔭",z6="Φ",Q6="φ",Y6="ϕ",K6="ℳ",X6="☎",J6="Π",Z6="π",e8="⋔",t8="ϖ",s8="ℏ",n8="ℎ",r8="ℏ",o8="⨣",i8="⊞",a8="⨢",l8="+",c8="∔",u8="⨥",d8="⩲",h8="±",f8="±",p8="⨦",m8="⨧",g8="±",v8="ℌ",b8="⨕",y8="𝕡",E8="ℙ",T8="£",w8="⪷",_8="⪻",S8="≺",R8="≼",C8="⪷",A8="≺",k8="≼",N8="≺",O8="⪯",I8="≼",$8="≾",L8="⪯",q8="⪹",D8="⪵",P8="⋨",x8="⪯",M8="⪳",U8="≾",F8="′",H8="″",B8="ℙ",j8="⪹",V8="⪵",G8="⋨",W8="∏",z8="∏",Q8="⌮",Y8="⌒",K8="⌓",X8="∝",J8="∝",Z8="∷",ej="∝",tj="≾",sj="⊰",nj="𝒫",rj="𝓅",oj="Ψ",ij="ψ",aj=" ",lj="𝔔",cj="𝔮",uj="⨌",dj="𝕢",hj="ℚ",fj="⁗",pj="𝒬",mj="𝓆",gj="ℍ",vj="⨖",bj="?",yj="≟",Ej='"',Tj='"',wj="⇛",_j="∽̱",Sj="Ŕ",Rj="ŕ",Cj="√",Aj="⦳",kj="⟩",Nj="⟫",Oj="⦒",Ij="⦥",$j="⟩",Lj="»",qj="⥵",Dj="⇥",Pj="⤠",xj="⤳",Mj="→",Uj="↠",Fj="⇒",Hj="⤞",Bj="↪",jj="↬",Vj="⥅",Gj="⥴",Wj="⤖",zj="↣",Qj="↝",Yj="⤚",Kj="⤜",Xj="∶",Jj="ℚ",Zj="⤍",eV="⤏",tV="⤐",sV="❳",nV="}",rV="]",oV="⦌",iV="⦎",aV="⦐",lV="Ř",cV="ř",uV="Ŗ",dV="ŗ",hV="⌉",fV="}",pV="Р",mV="р",gV="⤷",vV="⥩",bV="”",yV="”",EV="↳",TV="ℜ",wV="ℛ",_V="ℜ",SV="ℝ",RV="ℜ",CV="▭",AV="®",kV="®",NV="∋",OV="⇋",IV="⥯",$V="⥽",LV="⌋",qV="𝔯",DV="ℜ",PV="⥤",xV="⇁",MV="⇀",UV="⥬",FV="Ρ",HV="ρ",BV="ϱ",jV="⟩",VV="⇥",GV="→",WV="→",zV="⇒",QV="⇄",YV="↣",KV="⌉",XV="⟧",JV="⥝",ZV="⥕",eG="⇂",tG="⌋",sG="⇁",nG="⇀",rG="⇄",oG="⇌",iG="⇉",aG="↝",lG="↦",cG="⊢",uG="⥛",dG="⋌",hG="⧐",fG="⊳",pG="⊵",mG="⥏",gG="⥜",vG="⥔",bG="↾",yG="⥓",EG="⇀",TG="˚",wG="≓",_G="⇄",SG="⇌",RG="‏",CG="⎱",AG="⎱",kG="⫮",NG="⟭",OG="⇾",IG="⟧",$G="⦆",LG="𝕣",qG="ℝ",DG="⨮",PG="⨵",xG="⥰",MG=")",UG="⦔",FG="⨒",HG="⇉",BG="⇛",jG="›",VG="𝓇",GG="ℛ",WG="↱",zG="↱",QG="]",YG="’",KG="’",XG="⋌",JG="⋊",ZG="▹",eW="⊵",tW="▸",sW="⧎",nW="⧴",rW="⥨",oW="℞",iW="Ś",aW="ś",lW="‚",cW="⪸",uW="Š",dW="š",hW="⪼",fW="≻",pW="≽",mW="⪰",gW="⪴",vW="Ş",bW="ş",yW="Ŝ",EW="ŝ",TW="⪺",wW="⪶",_W="⋩",SW="⨓",RW="≿",CW="С",AW="с",kW="⊡",NW="⋅",OW="⩦",IW="⤥",$W="↘",LW="⇘",qW="↘",DW="§",PW=";",xW="⤩",MW="∖",UW="∖",FW="✶",HW="𝔖",BW="𝔰",jW="⌢",VW="♯",GW="Щ",WW="щ",zW="Ш",QW="ш",YW="↓",KW="←",XW="∣",JW="∥",ZW="→",e9="↑",t9="­",s9="Σ",n9="σ",r9="ς",o9="ς",i9="∼",a9="⩪",l9="≃",c9="≃",u9="⪞",d9="⪠",h9="⪝",f9="⪟",p9="≆",m9="⨤",g9="⥲",v9="←",b9="∘",y9="∖",E9="⨳",T9="⧤",w9="∣",_9="⌣",S9="⪪",R9="⪬",C9="⪬︀",A9="Ь",k9="ь",N9="⌿",O9="⧄",I9="/",$9="𝕊",L9="𝕤",q9="♠",D9="♠",P9="∥",x9="⊓",M9="⊓︀",U9="⊔",F9="⊔︀",H9="√",B9="⊏",j9="⊑",V9="⊏",G9="⊑",W9="⊐",z9="⊒",Q9="⊐",Y9="⊒",K9="□",X9="□",J9="⊓",Z9="⊏",ez="⊑",tz="⊐",sz="⊒",nz="⊔",rz="▪",oz="□",iz="▪",az="→",lz="𝒮",cz="𝓈",uz="∖",dz="⌣",hz="⋆",fz="⋆",pz="☆",mz="★",gz="ϵ",vz="ϕ",bz="¯",yz="⊂",Ez="⋐",Tz="⪽",wz="⫅",_z="⊆",Sz="⫃",Rz="⫁",Cz="⫋",Az="⊊",kz="⪿",Nz="⥹",Oz="⊂",Iz="⋐",$z="⊆",Lz="⫅",qz="⊆",Dz="⊊",Pz="⫋",xz="⫇",Mz="⫕",Uz="⫓",Fz="⪸",Hz="≻",Bz="≽",jz="≻",Vz="⪰",Gz="≽",Wz="≿",zz="⪰",Qz="⪺",Yz="⪶",Kz="⋩",Xz="≿",Jz="∋",Zz="∑",eQ="∑",tQ="♪",sQ="¹",nQ="²",rQ="³",oQ="⊃",iQ="⋑",aQ="⪾",lQ="⫘",cQ="⫆",uQ="⊇",dQ="⫄",hQ="⊃",fQ="⊇",pQ="⟉",mQ="⫗",gQ="⥻",vQ="⫂",bQ="⫌",yQ="⊋",EQ="⫀",TQ="⊃",wQ="⋑",_Q="⊇",SQ="⫆",RQ="⊋",CQ="⫌",AQ="⫈",kQ="⫔",NQ="⫖",OQ="⤦",IQ="↙",$Q="⇙",LQ="↙",qQ="⤪",DQ="ß",PQ="	",xQ="⌖",MQ="Τ",UQ="τ",FQ="⎴",HQ="Ť",BQ="ť",jQ="Ţ",VQ="ţ",GQ="Т",WQ="т",zQ="⃛",QQ="⌕",YQ="𝔗",KQ="𝔱",XQ="∴",JQ="∴",ZQ="∴",e7="Θ",t7="θ",s7="ϑ",n7="ϑ",r7="≈",o7="∼",i7="  ",a7=" ",l7=" ",c7="≈",u7="∼",d7="Þ",h7="þ",f7="˜",p7="∼",m7="≃",g7="≅",v7="≈",b7="⨱",y7="⊠",E7="×",T7="⨰",w7="∭",_7="⤨",S7="⌶",R7="⫱",C7="⊤",A7="𝕋",k7="𝕥",N7="⫚",O7="⤩",I7="‴",$7="™",L7="™",q7="▵",D7="▿",P7="◃",x7="⊴",M7="≜",U7="▹",F7="⊵",H7="◬",B7="≜",j7="⨺",V7="⃛",G7="⨹",W7="⧍",z7="⨻",Q7="⏢",Y7="𝒯",K7="𝓉",X7="Ц",J7="ц",Z7="Ћ",eY="ћ",tY="Ŧ",sY="ŧ",nY="≬",rY="↞",oY="↠",iY="Ú",aY="ú",lY="↑",cY="↟",uY="⇑",dY="⥉",hY="Ў",fY="ў",pY="Ŭ",mY="ŭ",gY="Û",vY="û",bY="У",yY="у",EY="⇅",TY="Ű",wY="ű",_Y="⥮",SY="⥾",RY="𝔘",CY="𝔲",AY="Ù",kY="ù",NY="⥣",OY="↿",IY="↾",$Y="▀",LY="⌜",qY="⌜",DY="⌏",PY="◸",xY="Ū",MY="ū",UY="¨",FY="_",HY="⏟",BY="⎵",jY="⏝",VY="⋃",GY="⊎",WY="Ų",zY="ų",QY="𝕌",YY="𝕦",KY="⤒",XY="↑",JY="↑",ZY="⇑",eK="⇅",tK="↕",sK="↕",nK="⇕",rK="⥮",oK="↿",iK="↾",aK="⊎",lK="↖",cK="↗",uK="υ",dK="ϒ",hK="ϒ",fK="Υ",pK="υ",mK="↥",gK="⊥",vK="⇈",bK="⌝",yK="⌝",EK="⌎",TK="Ů",wK="ů",_K="◹",SK="𝒰",RK="𝓊",CK="⋰",AK="Ũ",kK="ũ",NK="▵",OK="▴",IK="⇈",$K="Ü",LK="ü",qK="⦧",DK="⦜",PK="ϵ",xK="ϰ",MK="∅",UK="ϕ",FK="ϖ",HK="∝",BK="↕",jK="⇕",VK="ϱ",GK="ς",WK="⊊︀",zK="⫋︀",QK="⊋︀",YK="⫌︀",KK="ϑ",XK="⊲",JK="⊳",ZK="⫨",eX="⫫",tX="⫩",sX="В",nX="в",rX="⊢",oX="⊨",iX="⊩",aX="⊫",lX="⫦",cX="⊻",uX="∨",dX="⋁",hX="≚",fX="⋮",pX="|",mX="‖",gX="|",vX="‖",bX="∣",yX="|",EX="❘",TX="≀",wX=" ",_X="𝔙",SX="𝔳",RX="⊲",CX="⊂⃒",AX="⊃⃒",kX="𝕍",NX="𝕧",OX="∝",IX="⊳",$X="𝒱",LX="𝓋",qX="⫋︀",DX="⊊︀",PX="⫌︀",xX="⊋︀",MX="⊪",UX="⦚",FX="Ŵ",HX="ŵ",BX="⩟",jX="∧",VX="⋀",GX="≙",WX="℘",zX="𝔚",QX="𝔴",YX="𝕎",KX="𝕨",XX="℘",JX="≀",ZX="≀",eJ="𝒲",tJ="𝓌",sJ="⋂",nJ="◯",rJ="⋃",oJ="▽",iJ="𝔛",aJ="𝔵",lJ="⟷",cJ="⟺",uJ="Ξ",dJ="ξ",hJ="⟵",fJ="⟸",pJ="⟼",mJ="⋻",gJ="⨀",vJ="𝕏",bJ="𝕩",yJ="⨁",EJ="⨂",TJ="⟶",wJ="⟹",_J="𝒳",SJ="𝓍",RJ="⨆",CJ="⨄",AJ="△",kJ="⋁",NJ="⋀",OJ="Ý",IJ="ý",$J="Я",LJ="я",qJ="Ŷ",DJ="ŷ",PJ="Ы",xJ="ы",MJ="¥",UJ="𝔜",FJ="𝔶",HJ="Ї",BJ="ї",jJ="𝕐",VJ="𝕪",GJ="𝒴",WJ="𝓎",zJ="Ю",QJ="ю",YJ="ÿ",KJ="Ÿ",XJ="Ź",JJ="ź",ZJ="Ž",eZ="ž",tZ="З",sZ="з",nZ="Ż",rZ="ż",oZ="ℨ",iZ="​",aZ="Ζ",lZ="ζ",cZ="𝔷",uZ="ℨ",dZ="Ж",hZ="ж",fZ="⇝",pZ="𝕫",mZ="ℤ",gZ="𝒵",vZ="𝓏",bZ="‍",yZ="‌",Zc={Aacute:nw,aacute:rw,Abreve:ow,abreve:iw,ac:aw,acd:lw,acE:cw,Acirc:uw,acirc:dw,acute:hw,Acy:fw,acy:pw,AElig:mw,aelig:gw,af:vw,Afr:bw,afr:yw,Agrave:Ew,agrave:Tw,alefsym:ww,aleph:_w,Alpha:Sw,alpha:Rw,Amacr:Cw,amacr:Aw,amalg:kw,amp:Nw,AMP:Ow,andand:Iw,And:$w,and:Lw,andd:qw,andslope:Dw,andv:Pw,ang:xw,ange:Mw,angle:Uw,angmsdaa:Fw,angmsdab:Hw,angmsdac:Bw,angmsdad:jw,angmsdae:Vw,angmsdaf:Gw,angmsdag:Ww,angmsdah:zw,angmsd:Qw,angrt:Yw,angrtvb:Kw,angrtvbd:Xw,angsph:Jw,angst:Zw,angzarr:e_,Aogon:t_,aogon:s_,Aopf:n_,aopf:r_,apacir:o_,ap:i_,apE:a_,ape:l_,apid:c_,apos:u_,ApplyFunction:d_,approx:h_,approxeq:f_,Aring:p_,aring:m_,Ascr:g_,ascr:v_,Assign:b_,ast:y_,asymp:E_,asympeq:T_,Atilde:w_,atilde:__,Auml:S_,auml:R_,awconint:C_,awint:A_,backcong:k_,backepsilon:N_,backprime:O_,backsim:I_,backsimeq:$_,Backslash:L_,Barv:q_,barvee:D_,barwed:P_,Barwed:x_,barwedge:M_,bbrk:U_,bbrktbrk:F_,bcong:H_,Bcy:B_,bcy:j_,bdquo:V_,becaus:G_,because:W_,Because:z_,bemptyv:Q_,bepsi:Y_,bernou:K_,Bernoullis:X_,Beta:J_,beta:Z_,beth:eS,between:tS,Bfr:sS,bfr:nS,bigcap:rS,bigcirc:oS,bigcup:iS,bigodot:aS,bigoplus:lS,bigotimes:cS,bigsqcup:uS,bigstar:dS,bigtriangledown:hS,bigtriangleup:fS,biguplus:pS,bigvee:mS,bigwedge:gS,bkarow:vS,blacklozenge:bS,blacksquare:yS,blacktriangle:ES,blacktriangledown:TS,blacktriangleleft:wS,blacktriangleright:_S,blank:SS,blk12:RS,blk14:CS,blk34:AS,block:kS,bne:NS,bnequiv:OS,bNot:IS,bnot:$S,Bopf:LS,bopf:qS,bot:DS,bottom:PS,bowtie:xS,boxbox:MS,boxdl:US,boxdL:FS,boxDl:HS,boxDL:BS,boxdr:jS,boxdR:VS,boxDr:GS,boxDR:WS,boxh:zS,boxH:QS,boxhd:YS,boxHd:KS,boxhD:XS,boxHD:JS,boxhu:ZS,boxHu:eR,boxhU:tR,boxHU:sR,boxminus:nR,boxplus:rR,boxtimes:oR,boxul:iR,boxuL:aR,boxUl:lR,boxUL:cR,boxur:uR,boxuR:dR,boxUr:hR,boxUR:fR,boxv:pR,boxV:mR,boxvh:gR,boxvH:vR,boxVh:bR,boxVH:yR,boxvl:ER,boxvL:TR,boxVl:wR,boxVL:_R,boxvr:SR,boxvR:RR,boxVr:CR,boxVR:AR,bprime:kR,breve:NR,Breve:OR,brvbar:IR,bscr:$R,Bscr:LR,bsemi:qR,bsim:DR,bsime:PR,bsolb:xR,bsol:MR,bsolhsub:UR,bull:FR,bullet:HR,bump:BR,bumpE:jR,bumpe:VR,Bumpeq:GR,bumpeq:WR,Cacute:zR,cacute:QR,capand:YR,capbrcup:KR,capcap:XR,cap:JR,Cap:ZR,capcup:eC,capdot:tC,CapitalDifferentialD:sC,caps:nC,caret:rC,caron:oC,Cayleys:iC,ccaps:aC,Ccaron:lC,ccaron:cC,Ccedil:uC,ccedil:dC,Ccirc:hC,ccirc:fC,Cconint:pC,ccups:mC,ccupssm:gC,Cdot:vC,cdot:bC,cedil:yC,Cedilla:EC,cemptyv:TC,cent:wC,centerdot:_C,CenterDot:SC,cfr:RC,Cfr:CC,CHcy:AC,chcy:kC,check:NC,checkmark:OC,Chi:IC,chi:$C,circ:LC,circeq:qC,circlearrowleft:DC,circlearrowright:PC,circledast:xC,circledcirc:MC,circleddash:UC,CircleDot:FC,circledR:HC,circledS:BC,CircleMinus:jC,CirclePlus:VC,CircleTimes:GC,cir:WC,cirE:zC,cire:QC,cirfnint:YC,cirmid:KC,cirscir:XC,ClockwiseContourIntegral:JC,CloseCurlyDoubleQuote:ZC,CloseCurlyQuote:eA,clubs:tA,clubsuit:sA,colon:nA,Colon:rA,Colone:oA,colone:iA,coloneq:aA,comma:lA,commat:cA,comp:uA,compfn:dA,complement:hA,complexes:fA,cong:pA,congdot:mA,Congruent:gA,conint:vA,Conint:bA,ContourIntegral:yA,copf:EA,Copf:TA,coprod:wA,Coproduct:_A,copy:SA,COPY:RA,copysr:CA,CounterClockwiseContourIntegral:AA,crarr:kA,cross:NA,Cross:OA,Cscr:IA,cscr:$A,csub:LA,csube:qA,csup:DA,csupe:PA,ctdot:xA,cudarrl:MA,cudarrr:UA,cuepr:FA,cuesc:HA,cularr:BA,cularrp:jA,cupbrcap:VA,cupcap:GA,CupCap:WA,cup:zA,Cup:QA,cupcup:YA,cupdot:KA,cupor:XA,cups:JA,curarr:ZA,curarrm:e2,curlyeqprec:t2,curlyeqsucc:s2,curlyvee:n2,curlywedge:r2,curren:o2,curvearrowleft:i2,curvearrowright:a2,cuvee:l2,cuwed:c2,cwconint:u2,cwint:d2,cylcty:h2,dagger:f2,Dagger:p2,daleth:m2,darr:g2,Darr:v2,dArr:b2,dash:y2,Dashv:E2,dashv:T2,dbkarow:w2,dblac:_2,Dcaron:S2,dcaron:R2,Dcy:C2,dcy:A2,ddagger:k2,ddarr:N2,DD:O2,dd:I2,DDotrahd:$2,ddotseq:L2,deg:q2,Del:D2,Delta:P2,delta:x2,demptyv:M2,dfisht:U2,Dfr:F2,dfr:H2,dHar:B2,dharl:j2,dharr:V2,DiacriticalAcute:G2,DiacriticalDot:W2,DiacriticalDoubleAcute:z2,DiacriticalGrave:Q2,DiacriticalTilde:Y2,diam:K2,diamond:X2,Diamond:J2,diamondsuit:Z2,diams:ek,die:tk,DifferentialD:sk,digamma:nk,disin:rk,div:ok,divide:ik,divideontimes:ak,divonx:lk,DJcy:ck,djcy:uk,dlcorn:dk,dlcrop:hk,dollar:fk,Dopf:pk,dopf:mk,Dot:gk,dot:vk,DotDot:bk,doteq:yk,doteqdot:Ek,DotEqual:Tk,dotminus:wk,dotplus:_k,dotsquare:Sk,doublebarwedge:Rk,DoubleContourIntegral:Ck,DoubleDot:Ak,DoubleDownArrow:kk,DoubleLeftArrow:Nk,DoubleLeftRightArrow:Ok,DoubleLeftTee:Ik,DoubleLongLeftArrow:$k,DoubleLongLeftRightArrow:Lk,DoubleLongRightArrow:qk,DoubleRightArrow:Dk,DoubleRightTee:Pk,DoubleUpArrow:xk,DoubleUpDownArrow:Mk,DoubleVerticalBar:Uk,DownArrowBar:Fk,downarrow:Hk,DownArrow:Bk,Downarrow:jk,DownArrowUpArrow:Vk,DownBreve:Gk,downdownarrows:Wk,downharpoonleft:zk,downharpoonright:Qk,DownLeftRightVector:Yk,DownLeftTeeVector:Kk,DownLeftVectorBar:Xk,DownLeftVector:Jk,DownRightTeeVector:Zk,DownRightVectorBar:eN,DownRightVector:tN,DownTeeArrow:sN,DownTee:nN,drbkarow:rN,drcorn:oN,drcrop:iN,Dscr:aN,dscr:lN,DScy:cN,dscy:uN,dsol:dN,Dstrok:hN,dstrok:fN,dtdot:pN,dtri:mN,dtrif:gN,duarr:vN,duhar:bN,dwangle:yN,DZcy:EN,dzcy:TN,dzigrarr:wN,Eacute:_N,eacute:SN,easter:RN,Ecaron:CN,ecaron:AN,Ecirc:kN,ecirc:NN,ecir:ON,ecolon:IN,Ecy:$N,ecy:LN,eDDot:qN,Edot:DN,edot:PN,eDot:xN,ee:MN,efDot:UN,Efr:FN,efr:HN,eg:BN,Egrave:jN,egrave:VN,egs:GN,egsdot:WN,el:zN,Element:QN,elinters:YN,ell:KN,els:XN,elsdot:JN,Emacr:ZN,emacr:eO,empty:tO,emptyset:sO,EmptySmallSquare:nO,emptyv:rO,EmptyVerySmallSquare:oO,emsp13:iO,emsp14:aO,emsp:lO,ENG:cO,eng:uO,ensp:dO,Eogon:hO,eogon:fO,Eopf:pO,eopf:mO,epar:gO,eparsl:vO,eplus:bO,epsi:yO,Epsilon:EO,epsilon:TO,epsiv:wO,eqcirc:_O,eqcolon:SO,eqsim:RO,eqslantgtr:CO,eqslantless:AO,Equal:kO,equals:NO,EqualTilde:OO,equest:IO,Equilibrium:$O,equiv:LO,equivDD:qO,eqvparsl:DO,erarr:PO,erDot:xO,escr:MO,Escr:UO,esdot:FO,Esim:HO,esim:BO,Eta:jO,eta:VO,ETH:GO,eth:WO,Euml:zO,euml:QO,euro:YO,excl:KO,exist:XO,Exists:JO,expectation:ZO,exponentiale:eI,ExponentialE:tI,fallingdotseq:sI,Fcy:nI,fcy:rI,female:oI,ffilig:iI,fflig:aI,ffllig:lI,Ffr:cI,ffr:uI,filig:dI,FilledSmallSquare:hI,FilledVerySmallSquare:fI,fjlig:pI,flat:mI,fllig:gI,fltns:vI,fnof:bI,Fopf:yI,fopf:EI,forall:TI,ForAll:wI,fork:_I,forkv:SI,Fouriertrf:RI,fpartint:CI,frac12:AI,frac13:kI,frac14:NI,frac15:OI,frac16:II,frac18:$I,frac23:LI,frac25:qI,frac34:DI,frac35:PI,frac38:xI,frac45:MI,frac56:UI,frac58:FI,frac78:HI,frasl:BI,frown:jI,fscr:VI,Fscr:GI,gacute:WI,Gamma:zI,gamma:QI,Gammad:YI,gammad:KI,gap:XI,Gbreve:JI,gbreve:ZI,Gcedil:e$,Gcirc:t$,gcirc:s$,Gcy:n$,gcy:r$,Gdot:o$,gdot:i$,ge:a$,gE:l$,gEl:c$,gel:u$,geq:d$,geqq:h$,geqslant:f$,gescc:p$,ges:m$,gesdot:g$,gesdoto:v$,gesdotol:b$,gesl:y$,gesles:E$,Gfr:T$,gfr:w$,gg:_$,Gg:S$,ggg:R$,gimel:C$,GJcy:A$,gjcy:k$,gla:N$,gl:O$,glE:I$,glj:$$,gnap:L$,gnapprox:q$,gne:D$,gnE:P$,gneq:x$,gneqq:M$,gnsim:U$,Gopf:F$,gopf:H$,grave:B$,GreaterEqual:j$,GreaterEqualLess:V$,GreaterFullEqual:G$,GreaterGreater:W$,GreaterLess:z$,GreaterSlantEqual:Q$,GreaterTilde:Y$,Gscr:K$,gscr:X$,gsim:J$,gsime:Z$,gsiml:eL,gtcc:tL,gtcir:sL,gt:nL,GT:rL,Gt:oL,gtdot:iL,gtlPar:aL,gtquest:lL,gtrapprox:cL,gtrarr:uL,gtrdot:dL,gtreqless:hL,gtreqqless:fL,gtrless:pL,gtrsim:mL,gvertneqq:gL,gvnE:vL,Hacek:bL,hairsp:yL,half:EL,hamilt:TL,HARDcy:wL,hardcy:_L,harrcir:SL,harr:RL,hArr:CL,harrw:AL,Hat:kL,hbar:NL,Hcirc:OL,hcirc:IL,hearts:$L,heartsuit:LL,hellip:qL,hercon:DL,hfr:PL,Hfr:xL,HilbertSpace:ML,hksearow:UL,hkswarow:FL,hoarr:HL,homtht:BL,hookleftarrow:jL,hookrightarrow:VL,hopf:GL,Hopf:WL,horbar:zL,HorizontalLine:QL,hscr:YL,Hscr:KL,hslash:XL,Hstrok:JL,hstrok:ZL,HumpDownHump:eq,HumpEqual:tq,hybull:sq,hyphen:nq,Iacute:rq,iacute:oq,ic:iq,Icirc:aq,icirc:lq,Icy:cq,icy:uq,Idot:dq,IEcy:hq,iecy:fq,iexcl:pq,iff:mq,ifr:gq,Ifr:vq,Igrave:bq,igrave:yq,ii:Eq,iiiint:Tq,iiint:wq,iinfin:_q,iiota:Sq,IJlig:Rq,ijlig:Cq,Imacr:Aq,imacr:kq,image:Nq,ImaginaryI:Oq,imagline:Iq,imagpart:$q,imath:Lq,Im:qq,imof:Dq,imped:Pq,Implies:xq,incare:Mq,in:"∈",infin:Uq,infintie:Fq,inodot:Hq,intcal:Bq,int:jq,Int:Vq,integers:Gq,Integral:Wq,intercal:zq,Intersection:Qq,intlarhk:Yq,intprod:Kq,InvisibleComma:Xq,InvisibleTimes:Jq,IOcy:Zq,iocy:eD,Iogon:tD,iogon:sD,Iopf:nD,iopf:rD,Iota:oD,iota:iD,iprod:aD,iquest:lD,iscr:cD,Iscr:uD,isin:dD,isindot:hD,isinE:fD,isins:pD,isinsv:mD,isinv:gD,it:vD,Itilde:bD,itilde:yD,Iukcy:ED,iukcy:TD,Iuml:wD,iuml:_D,Jcirc:SD,jcirc:RD,Jcy:CD,jcy:AD,Jfr:kD,jfr:ND,jmath:OD,Jopf:ID,jopf:$D,Jscr:LD,jscr:qD,Jsercy:DD,jsercy:PD,Jukcy:xD,jukcy:MD,Kappa:UD,kappa:FD,kappav:HD,Kcedil:BD,kcedil:jD,Kcy:VD,kcy:GD,Kfr:WD,kfr:zD,kgreen:QD,KHcy:YD,khcy:KD,KJcy:XD,kjcy:JD,Kopf:ZD,kopf:eP,Kscr:tP,kscr:sP,lAarr:nP,Lacute:rP,lacute:oP,laemptyv:iP,lagran:aP,Lambda:lP,lambda:cP,lang:uP,Lang:dP,langd:hP,langle:fP,lap:pP,Laplacetrf:mP,laquo:gP,larrb:vP,larrbfs:bP,larr:yP,Larr:EP,lArr:TP,larrfs:wP,larrhk:_P,larrlp:SP,larrpl:RP,larrsim:CP,larrtl:AP,latail:kP,lAtail:NP,lat:OP,late:IP,lates:$P,lbarr:LP,lBarr:qP,lbbrk:DP,lbrace:PP,lbrack:xP,lbrke:MP,lbrksld:UP,lbrkslu:FP,Lcaron:HP,lcaron:BP,Lcedil:jP,lcedil:VP,lceil:GP,lcub:WP,Lcy:zP,lcy:QP,ldca:YP,ldquo:KP,ldquor:XP,ldrdhar:JP,ldrushar:ZP,ldsh:ex,le:tx,lE:sx,LeftAngleBracket:nx,LeftArrowBar:rx,leftarrow:ox,LeftArrow:ix,Leftarrow:ax,LeftArrowRightArrow:lx,leftarrowtail:cx,LeftCeiling:ux,LeftDoubleBracket:dx,LeftDownTeeVector:hx,LeftDownVectorBar:fx,LeftDownVector:px,LeftFloor:mx,leftharpoondown:gx,leftharpoonup:vx,leftleftarrows:bx,leftrightarrow:yx,LeftRightArrow:Ex,Leftrightarrow:Tx,leftrightarrows:wx,leftrightharpoons:_x,leftrightsquigarrow:Sx,LeftRightVector:Rx,LeftTeeArrow:Cx,LeftTee:Ax,LeftTeeVector:kx,leftthreetimes:Nx,LeftTriangleBar:Ox,LeftTriangle:Ix,LeftTriangleEqual:$x,LeftUpDownVector:Lx,LeftUpTeeVector:qx,LeftUpVectorBar:Dx,LeftUpVector:Px,LeftVectorBar:xx,LeftVector:Mx,lEg:Ux,leg:Fx,leq:Hx,leqq:Bx,leqslant:jx,lescc:Vx,les:Gx,lesdot:Wx,lesdoto:zx,lesdotor:Qx,lesg:Yx,lesges:Kx,lessapprox:Xx,lessdot:Jx,lesseqgtr:Zx,lesseqqgtr:eM,LessEqualGreater:tM,LessFullEqual:sM,LessGreater:nM,lessgtr:rM,LessLess:oM,lesssim:iM,LessSlantEqual:aM,LessTilde:lM,lfisht:cM,lfloor:uM,Lfr:dM,lfr:hM,lg:fM,lgE:pM,lHar:mM,lhard:gM,lharu:vM,lharul:bM,lhblk:yM,LJcy:EM,ljcy:TM,llarr:wM,ll:_M,Ll:SM,llcorner:RM,Lleftarrow:CM,llhard:AM,lltri:kM,Lmidot:NM,lmidot:OM,lmoustache:IM,lmoust:$M,lnap:LM,lnapprox:qM,lne:DM,lnE:PM,lneq:xM,lneqq:MM,lnsim:UM,loang:FM,loarr:HM,lobrk:BM,longleftarrow:jM,LongLeftArrow:VM,Longleftarrow:GM,longleftrightarrow:WM,LongLeftRightArrow:zM,Longleftrightarrow:QM,longmapsto:YM,longrightarrow:KM,LongRightArrow:XM,Longrightarrow:JM,looparrowleft:ZM,looparrowright:e4,lopar:t4,Lopf:s4,lopf:n4,loplus:r4,lotimes:o4,lowast:i4,lowbar:a4,LowerLeftArrow:l4,LowerRightArrow:c4,loz:u4,lozenge:d4,lozf:h4,lpar:f4,lparlt:p4,lrarr:m4,lrcorner:g4,lrhar:v4,lrhard:b4,lrm:y4,lrtri:E4,lsaquo:T4,lscr:w4,Lscr:_4,lsh:S4,Lsh:R4,lsim:C4,lsime:A4,lsimg:k4,lsqb:N4,lsquo:O4,lsquor:I4,Lstrok:$4,lstrok:L4,ltcc:q4,ltcir:D4,lt:P4,LT:x4,Lt:M4,ltdot:U4,lthree:F4,ltimes:H4,ltlarr:B4,ltquest:j4,ltri:V4,ltrie:G4,ltrif:W4,ltrPar:z4,lurdshar:Q4,luruhar:Y4,lvertneqq:K4,lvnE:X4,macr:J4,male:Z4,malt:eU,maltese:tU,Map:"⤅",map:sU,mapsto:nU,mapstodown:rU,mapstoleft:oU,mapstoup:iU,marker:aU,mcomma:lU,Mcy:cU,mcy:uU,mdash:dU,mDDot:hU,measuredangle:fU,MediumSpace:pU,Mellintrf:mU,Mfr:gU,mfr:vU,mho:bU,micro:yU,midast:EU,midcir:TU,mid:wU,middot:_U,minusb:SU,minus:RU,minusd:CU,minusdu:AU,MinusPlus:kU,mlcp:NU,mldr:OU,mnplus:IU,models:$U,Mopf:LU,mopf:qU,mp:DU,mscr:PU,Mscr:xU,mstpos:MU,Mu:UU,mu:FU,multimap:HU,mumap:BU,nabla:jU,Nacute:VU,nacute:GU,nang:WU,nap:zU,napE:QU,napid:YU,napos:KU,napprox:XU,natural:JU,naturals:ZU,natur:e3,nbsp:t3,nbump:s3,nbumpe:n3,ncap:r3,Ncaron:o3,ncaron:i3,Ncedil:a3,ncedil:l3,ncong:c3,ncongdot:u3,ncup:d3,Ncy:h3,ncy:f3,ndash:p3,nearhk:m3,nearr:g3,neArr:v3,nearrow:b3,ne:y3,nedot:E3,NegativeMediumSpace:T3,NegativeThickSpace:w3,NegativeThinSpace:_3,NegativeVeryThinSpace:S3,nequiv:R3,nesear:C3,nesim:A3,NestedGreaterGreater:k3,NestedLessLess:N3,NewLine:O3,nexist:I3,nexists:$3,Nfr:L3,nfr:q3,ngE:D3,nge:P3,ngeq:x3,ngeqq:M3,ngeqslant:U3,nges:F3,nGg:H3,ngsim:B3,nGt:j3,ngt:V3,ngtr:G3,nGtv:W3,nharr:z3,nhArr:Q3,nhpar:Y3,ni:K3,nis:X3,nisd:J3,niv:Z3,NJcy:e5,njcy:t5,nlarr:s5,nlArr:n5,nldr:r5,nlE:o5,nle:i5,nleftarrow:a5,nLeftarrow:l5,nleftrightarrow:c5,nLeftrightarrow:u5,nleq:d5,nleqq:h5,nleqslant:f5,nles:p5,nless:m5,nLl:g5,nlsim:v5,nLt:b5,nlt:y5,nltri:E5,nltrie:T5,nLtv:w5,nmid:_5,NoBreak:S5,NonBreakingSpace:R5,nopf:C5,Nopf:A5,Not:k5,not:N5,NotCongruent:O5,NotCupCap:I5,NotDoubleVerticalBar:$5,NotElement:L5,NotEqual:q5,NotEqualTilde:D5,NotExists:P5,NotGreater:x5,NotGreaterEqual:M5,NotGreaterFullEqual:U5,NotGreaterGreater:F5,NotGreaterLess:H5,NotGreaterSlantEqual:B5,NotGreaterTilde:j5,NotHumpDownHump:V5,NotHumpEqual:G5,notin:W5,notindot:z5,notinE:Q5,notinva:Y5,notinvb:K5,notinvc:X5,NotLeftTriangleBar:J5,NotLeftTriangle:Z5,NotLeftTriangleEqual:eF,NotLess:tF,NotLessEqual:sF,NotLessGreater:nF,NotLessLess:rF,NotLessSlantEqual:oF,NotLessTilde:iF,NotNestedGreaterGreater:aF,NotNestedLessLess:lF,notni:cF,notniva:uF,notnivb:dF,notnivc:hF,NotPrecedes:fF,NotPrecedesEqual:pF,NotPrecedesSlantEqual:mF,NotReverseElement:gF,NotRightTriangleBar:vF,NotRightTriangle:bF,NotRightTriangleEqual:yF,NotSquareSubset:EF,NotSquareSubsetEqual:TF,NotSquareSuperset:wF,NotSquareSupersetEqual:_F,NotSubset:SF,NotSubsetEqual:RF,NotSucceeds:CF,NotSucceedsEqual:AF,NotSucceedsSlantEqual:kF,NotSucceedsTilde:NF,NotSuperset:OF,NotSupersetEqual:IF,NotTilde:$F,NotTildeEqual:LF,NotTildeFullEqual:qF,NotTildeTilde:DF,NotVerticalBar:PF,nparallel:xF,npar:MF,nparsl:UF,npart:FF,npolint:HF,npr:BF,nprcue:jF,nprec:VF,npreceq:GF,npre:WF,nrarrc:zF,nrarr:QF,nrArr:YF,nrarrw:KF,nrightarrow:XF,nRightarrow:JF,nrtri:ZF,nrtrie:eH,nsc:tH,nsccue:sH,nsce:nH,Nscr:rH,nscr:oH,nshortmid:iH,nshortparallel:aH,nsim:lH,nsime:cH,nsimeq:uH,nsmid:dH,nspar:hH,nsqsube:fH,nsqsupe:pH,nsub:mH,nsubE:gH,nsube:vH,nsubset:bH,nsubseteq:yH,nsubseteqq:EH,nsucc:TH,nsucceq:wH,nsup:_H,nsupE:SH,nsupe:RH,nsupset:CH,nsupseteq:AH,nsupseteqq:kH,ntgl:NH,Ntilde:OH,ntilde:IH,ntlg:$H,ntriangleleft:LH,ntrianglelefteq:qH,ntriangleright:DH,ntrianglerighteq:PH,Nu:xH,nu:MH,num:UH,numero:FH,numsp:HH,nvap:BH,nvdash:jH,nvDash:VH,nVdash:GH,nVDash:WH,nvge:zH,nvgt:QH,nvHarr:YH,nvinfin:KH,nvlArr:XH,nvle:JH,nvlt:ZH,nvltrie:eB,nvrArr:tB,nvrtrie:sB,nvsim:nB,nwarhk:rB,nwarr:oB,nwArr:iB,nwarrow:aB,nwnear:lB,Oacute:cB,oacute:uB,oast:dB,Ocirc:hB,ocirc:fB,ocir:pB,Ocy:mB,ocy:gB,odash:vB,Odblac:bB,odblac:yB,odiv:EB,odot:TB,odsold:wB,OElig:_B,oelig:SB,ofcir:RB,Ofr:CB,ofr:AB,ogon:kB,Ograve:NB,ograve:OB,ogt:IB,ohbar:$B,ohm:LB,oint:qB,olarr:DB,olcir:PB,olcross:xB,oline:MB,olt:UB,Omacr:FB,omacr:HB,Omega:BB,omega:jB,Omicron:VB,omicron:GB,omid:WB,ominus:zB,Oopf:QB,oopf:YB,opar:KB,OpenCurlyDoubleQuote:XB,OpenCurlyQuote:JB,operp:ZB,oplus:e6,orarr:t6,Or:s6,or:n6,ord:r6,order:o6,orderof:i6,ordf:a6,ordm:l6,origof:c6,oror:u6,orslope:d6,orv:h6,oS:f6,Oscr:p6,oscr:m6,Oslash:g6,oslash:v6,osol:b6,Otilde:y6,otilde:E6,otimesas:T6,Otimes:w6,otimes:_6,Ouml:S6,ouml:R6,ovbar:C6,OverBar:A6,OverBrace:k6,OverBracket:N6,OverParenthesis:O6,para:I6,parallel:$6,par:L6,parsim:q6,parsl:D6,part:P6,PartialD:x6,Pcy:M6,pcy:U6,percnt:F6,period:H6,permil:B6,perp:j6,pertenk:V6,Pfr:G6,pfr:W6,Phi:z6,phi:Q6,phiv:Y6,phmmat:K6,phone:X6,Pi:J6,pi:Z6,pitchfork:e8,piv:t8,planck:s8,planckh:n8,plankv:r8,plusacir:o8,plusb:i8,pluscir:a8,plus:l8,plusdo:c8,plusdu:u8,pluse:d8,PlusMinus:h8,plusmn:f8,plussim:p8,plustwo:m8,pm:g8,Poincareplane:v8,pointint:b8,popf:y8,Popf:E8,pound:T8,prap:w8,Pr:_8,pr:S8,prcue:R8,precapprox:C8,prec:A8,preccurlyeq:k8,Precedes:N8,PrecedesEqual:O8,PrecedesSlantEqual:I8,PrecedesTilde:$8,preceq:L8,precnapprox:q8,precneqq:D8,precnsim:P8,pre:x8,prE:M8,precsim:U8,prime:F8,Prime:H8,primes:B8,prnap:j8,prnE:V8,prnsim:G8,prod:W8,Product:z8,profalar:Q8,profline:Y8,profsurf:K8,prop:X8,Proportional:J8,Proportion:Z8,propto:ej,prsim:tj,prurel:sj,Pscr:nj,pscr:rj,Psi:oj,psi:ij,puncsp:aj,Qfr:lj,qfr:cj,qint:uj,qopf:dj,Qopf:hj,qprime:fj,Qscr:pj,qscr:mj,quaternions:gj,quatint:vj,quest:bj,questeq:yj,quot:Ej,QUOT:Tj,rAarr:wj,race:_j,Racute:Sj,racute:Rj,radic:Cj,raemptyv:Aj,rang:kj,Rang:Nj,rangd:Oj,range:Ij,rangle:$j,raquo:Lj,rarrap:qj,rarrb:Dj,rarrbfs:Pj,rarrc:xj,rarr:Mj,Rarr:Uj,rArr:Fj,rarrfs:Hj,rarrhk:Bj,rarrlp:jj,rarrpl:Vj,rarrsim:Gj,Rarrtl:Wj,rarrtl:zj,rarrw:Qj,ratail:Yj,rAtail:Kj,ratio:Xj,rationals:Jj,rbarr:Zj,rBarr:eV,RBarr:tV,rbbrk:sV,rbrace:nV,rbrack:rV,rbrke:oV,rbrksld:iV,rbrkslu:aV,Rcaron:lV,rcaron:cV,Rcedil:uV,rcedil:dV,rceil:hV,rcub:fV,Rcy:pV,rcy:mV,rdca:gV,rdldhar:vV,rdquo:bV,rdquor:yV,rdsh:EV,real:TV,realine:wV,realpart:_V,reals:SV,Re:RV,rect:CV,reg:AV,REG:kV,ReverseElement:NV,ReverseEquilibrium:OV,ReverseUpEquilibrium:IV,rfisht:$V,rfloor:LV,rfr:qV,Rfr:DV,rHar:PV,rhard:xV,rharu:MV,rharul:UV,Rho:FV,rho:HV,rhov:BV,RightAngleBracket:jV,RightArrowBar:VV,rightarrow:GV,RightArrow:WV,Rightarrow:zV,RightArrowLeftArrow:QV,rightarrowtail:YV,RightCeiling:KV,RightDoubleBracket:XV,RightDownTeeVector:JV,RightDownVectorBar:ZV,RightDownVector:eG,RightFloor:tG,rightharpoondown:sG,rightharpoonup:nG,rightleftarrows:rG,rightleftharpoons:oG,rightrightarrows:iG,rightsquigarrow:aG,RightTeeArrow:lG,RightTee:cG,RightTeeVector:uG,rightthreetimes:dG,RightTriangleBar:hG,RightTriangle:fG,RightTriangleEqual:pG,RightUpDownVector:mG,RightUpTeeVector:gG,RightUpVectorBar:vG,RightUpVector:bG,RightVectorBar:yG,RightVector:EG,ring:TG,risingdotseq:wG,rlarr:_G,rlhar:SG,rlm:RG,rmoustache:CG,rmoust:AG,rnmid:kG,roang:NG,roarr:OG,robrk:IG,ropar:$G,ropf:LG,Ropf:qG,roplus:DG,rotimes:PG,RoundImplies:xG,rpar:MG,rpargt:UG,rppolint:FG,rrarr:HG,Rrightarrow:BG,rsaquo:jG,rscr:VG,Rscr:GG,rsh:WG,Rsh:zG,rsqb:QG,rsquo:YG,rsquor:KG,rthree:XG,rtimes:JG,rtri:ZG,rtrie:eW,rtrif:tW,rtriltri:sW,RuleDelayed:nW,ruluhar:rW,rx:oW,Sacute:iW,sacute:aW,sbquo:lW,scap:cW,Scaron:uW,scaron:dW,Sc:hW,sc:fW,sccue:pW,sce:mW,scE:gW,Scedil:vW,scedil:bW,Scirc:yW,scirc:EW,scnap:TW,scnE:wW,scnsim:_W,scpolint:SW,scsim:RW,Scy:CW,scy:AW,sdotb:kW,sdot:NW,sdote:OW,searhk:IW,searr:$W,seArr:LW,searrow:qW,sect:DW,semi:PW,seswar:xW,setminus:MW,setmn:UW,sext:FW,Sfr:HW,sfr:BW,sfrown:jW,sharp:VW,SHCHcy:GW,shchcy:WW,SHcy:zW,shcy:QW,ShortDownArrow:YW,ShortLeftArrow:KW,shortmid:XW,shortparallel:JW,ShortRightArrow:ZW,ShortUpArrow:e9,shy:t9,Sigma:s9,sigma:n9,sigmaf:r9,sigmav:o9,sim:i9,simdot:a9,sime:l9,simeq:c9,simg:u9,simgE:d9,siml:h9,simlE:f9,simne:p9,simplus:m9,simrarr:g9,slarr:v9,SmallCircle:b9,smallsetminus:y9,smashp:E9,smeparsl:T9,smid:w9,smile:_9,smt:S9,smte:R9,smtes:C9,SOFTcy:A9,softcy:k9,solbar:N9,solb:O9,sol:I9,Sopf:$9,sopf:L9,spades:q9,spadesuit:D9,spar:P9,sqcap:x9,sqcaps:M9,sqcup:U9,sqcups:F9,Sqrt:H9,sqsub:B9,sqsube:j9,sqsubset:V9,sqsubseteq:G9,sqsup:W9,sqsupe:z9,sqsupset:Q9,sqsupseteq:Y9,square:K9,Square:X9,SquareIntersection:J9,SquareSubset:Z9,SquareSubsetEqual:ez,SquareSuperset:tz,SquareSupersetEqual:sz,SquareUnion:nz,squarf:rz,squ:oz,squf:iz,srarr:az,Sscr:lz,sscr:cz,ssetmn:uz,ssmile:dz,sstarf:hz,Star:fz,star:pz,starf:mz,straightepsilon:gz,straightphi:vz,strns:bz,sub:yz,Sub:Ez,subdot:Tz,subE:wz,sube:_z,subedot:Sz,submult:Rz,subnE:Cz,subne:Az,subplus:kz,subrarr:Nz,subset:Oz,Subset:Iz,subseteq:$z,subseteqq:Lz,SubsetEqual:qz,subsetneq:Dz,subsetneqq:Pz,subsim:xz,subsub:Mz,subsup:Uz,succapprox:Fz,succ:Hz,succcurlyeq:Bz,Succeeds:jz,SucceedsEqual:Vz,SucceedsSlantEqual:Gz,SucceedsTilde:Wz,succeq:zz,succnapprox:Qz,succneqq:Yz,succnsim:Kz,succsim:Xz,SuchThat:Jz,sum:Zz,Sum:eQ,sung:tQ,sup1:sQ,sup2:nQ,sup3:rQ,sup:oQ,Sup:iQ,supdot:aQ,supdsub:lQ,supE:cQ,supe:uQ,supedot:dQ,Superset:hQ,SupersetEqual:fQ,suphsol:pQ,suphsub:mQ,suplarr:gQ,supmult:vQ,supnE:bQ,supne:yQ,supplus:EQ,supset:TQ,Supset:wQ,supseteq:_Q,supseteqq:SQ,supsetneq:RQ,supsetneqq:CQ,supsim:AQ,supsub:kQ,supsup:NQ,swarhk:OQ,swarr:IQ,swArr:$Q,swarrow:LQ,swnwar:qQ,szlig:DQ,Tab:PQ,target:xQ,Tau:MQ,tau:UQ,tbrk:FQ,Tcaron:HQ,tcaron:BQ,Tcedil:jQ,tcedil:VQ,Tcy:GQ,tcy:WQ,tdot:zQ,telrec:QQ,Tfr:YQ,tfr:KQ,there4:XQ,therefore:JQ,Therefore:ZQ,Theta:e7,theta:t7,thetasym:s7,thetav:n7,thickapprox:r7,thicksim:o7,ThickSpace:i7,ThinSpace:a7,thinsp:l7,thkap:c7,thksim:u7,THORN:d7,thorn:h7,tilde:f7,Tilde:p7,TildeEqual:m7,TildeFullEqual:g7,TildeTilde:v7,timesbar:b7,timesb:y7,times:E7,timesd:T7,tint:w7,toea:_7,topbot:S7,topcir:R7,top:C7,Topf:A7,topf:k7,topfork:N7,tosa:O7,tprime:I7,trade:$7,TRADE:L7,triangle:q7,triangledown:D7,triangleleft:P7,trianglelefteq:x7,triangleq:M7,triangleright:U7,trianglerighteq:F7,tridot:H7,trie:B7,triminus:j7,TripleDot:V7,triplus:G7,trisb:W7,tritime:z7,trpezium:Q7,Tscr:Y7,tscr:K7,TScy:X7,tscy:J7,TSHcy:Z7,tshcy:eY,Tstrok:tY,tstrok:sY,twixt:nY,twoheadleftarrow:rY,twoheadrightarrow:oY,Uacute:iY,uacute:aY,uarr:lY,Uarr:cY,uArr:uY,Uarrocir:dY,Ubrcy:hY,ubrcy:fY,Ubreve:pY,ubreve:mY,Ucirc:gY,ucirc:vY,Ucy:bY,ucy:yY,udarr:EY,Udblac:TY,udblac:wY,udhar:_Y,ufisht:SY,Ufr:RY,ufr:CY,Ugrave:AY,ugrave:kY,uHar:NY,uharl:OY,uharr:IY,uhblk:$Y,ulcorn:LY,ulcorner:qY,ulcrop:DY,ultri:PY,Umacr:xY,umacr:MY,uml:UY,UnderBar:FY,UnderBrace:HY,UnderBracket:BY,UnderParenthesis:jY,Union:VY,UnionPlus:GY,Uogon:WY,uogon:zY,Uopf:QY,uopf:YY,UpArrowBar:KY,uparrow:XY,UpArrow:JY,Uparrow:ZY,UpArrowDownArrow:eK,updownarrow:tK,UpDownArrow:sK,Updownarrow:nK,UpEquilibrium:rK,upharpoonleft:oK,upharpoonright:iK,uplus:aK,UpperLeftArrow:lK,UpperRightArrow:cK,upsi:uK,Upsi:dK,upsih:hK,Upsilon:fK,upsilon:pK,UpTeeArrow:mK,UpTee:gK,upuparrows:vK,urcorn:bK,urcorner:yK,urcrop:EK,Uring:TK,uring:wK,urtri:_K,Uscr:SK,uscr:RK,utdot:CK,Utilde:AK,utilde:kK,utri:NK,utrif:OK,uuarr:IK,Uuml:$K,uuml:LK,uwangle:qK,vangrt:DK,varepsilon:PK,varkappa:xK,varnothing:MK,varphi:UK,varpi:FK,varpropto:HK,varr:BK,vArr:jK,varrho:VK,varsigma:GK,varsubsetneq:WK,varsubsetneqq:zK,varsupsetneq:QK,varsupsetneqq:YK,vartheta:KK,vartriangleleft:XK,vartriangleright:JK,vBar:ZK,Vbar:eX,vBarv:tX,Vcy:sX,vcy:nX,vdash:rX,vDash:oX,Vdash:iX,VDash:aX,Vdashl:lX,veebar:cX,vee:uX,Vee:dX,veeeq:hX,vellip:fX,verbar:pX,Verbar:mX,vert:gX,Vert:vX,VerticalBar:bX,VerticalLine:yX,VerticalSeparator:EX,VerticalTilde:TX,VeryThinSpace:wX,Vfr:_X,vfr:SX,vltri:RX,vnsub:CX,vnsup:AX,Vopf:kX,vopf:NX,vprop:OX,vrtri:IX,Vscr:$X,vscr:LX,vsubnE:qX,vsubne:DX,vsupnE:PX,vsupne:xX,Vvdash:MX,vzigzag:UX,Wcirc:FX,wcirc:HX,wedbar:BX,wedge:jX,Wedge:VX,wedgeq:GX,weierp:WX,Wfr:zX,wfr:QX,Wopf:YX,wopf:KX,wp:XX,wr:JX,wreath:ZX,Wscr:eJ,wscr:tJ,xcap:sJ,xcirc:nJ,xcup:rJ,xdtri:oJ,Xfr:iJ,xfr:aJ,xharr:lJ,xhArr:cJ,Xi:uJ,xi:dJ,xlarr:hJ,xlArr:fJ,xmap:pJ,xnis:mJ,xodot:gJ,Xopf:vJ,xopf:bJ,xoplus:yJ,xotime:EJ,xrarr:TJ,xrArr:wJ,Xscr:_J,xscr:SJ,xsqcup:RJ,xuplus:CJ,xutri:AJ,xvee:kJ,xwedge:NJ,Yacute:OJ,yacute:IJ,YAcy:$J,yacy:LJ,Ycirc:qJ,ycirc:DJ,Ycy:PJ,ycy:xJ,yen:MJ,Yfr:UJ,yfr:FJ,YIcy:HJ,yicy:BJ,Yopf:jJ,yopf:VJ,Yscr:GJ,yscr:WJ,YUcy:zJ,yucy:QJ,yuml:YJ,Yuml:KJ,Zacute:XJ,zacute:JJ,Zcaron:ZJ,zcaron:eZ,Zcy:tZ,zcy:sZ,Zdot:nZ,zdot:rZ,zeetrf:oZ,ZeroWidthSpace:iZ,Zeta:aZ,zeta:lZ,zfr:cZ,Zfr:uZ,ZHcy:dZ,zhcy:hZ,zigrarr:fZ,zopf:pZ,Zopf:mZ,Zscr:gZ,zscr:vZ,zwj:bZ,zwnj:yZ},EZ="Á",TZ="á",wZ="Â",_Z="â",SZ="´",RZ="Æ",CZ="æ",AZ="À",kZ="à",NZ="&",OZ="&",IZ="Å",$Z="å",LZ="Ã",qZ="ã",DZ="Ä",PZ="ä",xZ="¦",MZ="Ç",UZ="ç",FZ="¸",HZ="¢",BZ="©",jZ="©",VZ="¤",GZ="°",WZ="÷",zZ="É",QZ="é",YZ="Ê",KZ="ê",XZ="È",JZ="è",ZZ="Ð",eee="ð",tee="Ë",see="ë",nee="½",ree="¼",oee="¾",iee=">",aee=">",lee="Í",cee="í",uee="Î",dee="î",hee="¡",fee="Ì",pee="ì",mee="¿",gee="Ï",vee="ï",bee="«",yee="<",Eee="<",Tee="¯",wee="µ",_ee="·",See=" ",Ree="¬",Cee="Ñ",Aee="ñ",kee="Ó",Nee="ó",Oee="Ô",Iee="ô",$ee="Ò",Lee="ò",qee="ª",Dee="º",Pee="Ø",xee="ø",Mee="Õ",Uee="õ",Fee="Ö",Hee="ö",Bee="¶",jee="±",Vee="£",Gee='"',Wee='"',zee="»",Qee="®",Yee="®",Kee="§",Xee="­",Jee="¹",Zee="²",ete="³",tte="ß",ste="Þ",nte="þ",rte="×",ote="Ú",ite="ú",ate="Û",lte="û",cte="Ù",ute="ù",dte="¨",hte="Ü",fte="ü",pte="Ý",mte="ý",gte="¥",vte="ÿ",bte={Aacute:EZ,aacute:TZ,Acirc:wZ,acirc:_Z,acute:SZ,AElig:RZ,aelig:CZ,Agrave:AZ,agrave:kZ,amp:NZ,AMP:OZ,Aring:IZ,aring:$Z,Atilde:LZ,atilde:qZ,Auml:DZ,auml:PZ,brvbar:xZ,Ccedil:MZ,ccedil:UZ,cedil:FZ,cent:HZ,copy:BZ,COPY:jZ,curren:VZ,deg:GZ,divide:WZ,Eacute:zZ,eacute:QZ,Ecirc:YZ,ecirc:KZ,Egrave:XZ,egrave:JZ,ETH:ZZ,eth:eee,Euml:tee,euml:see,frac12:nee,frac14:ree,frac34:oee,gt:iee,GT:aee,Iacute:lee,iacute:cee,Icirc:uee,icirc:dee,iexcl:hee,Igrave:fee,igrave:pee,iquest:mee,Iuml:gee,iuml:vee,laquo:bee,lt:yee,LT:Eee,macr:Tee,micro:wee,middot:_ee,nbsp:See,not:Ree,Ntilde:Cee,ntilde:Aee,Oacute:kee,oacute:Nee,Ocirc:Oee,ocirc:Iee,Ograve:$ee,ograve:Lee,ordf:qee,ordm:Dee,Oslash:Pee,oslash:xee,Otilde:Mee,otilde:Uee,Ouml:Fee,ouml:Hee,para:Bee,plusmn:jee,pound:Vee,quot:Gee,QUOT:Wee,raquo:zee,reg:Qee,REG:Yee,sect:Kee,shy:Xee,sup1:Jee,sup2:Zee,sup3:ete,szlig:tte,THORN:ste,thorn:nte,times:rte,Uacute:ote,uacute:ite,Ucirc:ate,ucirc:lte,Ugrave:cte,ugrave:ute,uml:dte,Uuml:hte,uuml:fte,Yacute:pte,yacute:mte,yen:gte,yuml:vte},yte="&",Ete="'",Tte=">",wte="<",_te='"',eu={amp:yte,apos:Ete,gt:Tte,lt:wte,quot:_te};var $i={};const Ste={0:65533,128:8364,130:8218,131:402,132:8222,133:8230,134:8224,135:8225,136:710,137:8240,138:352,139:8249,140:338,142:381,145:8216,146:8217,147:8220,148:8221,149:8226,150:8211,151:8212,152:732,153:8482,154:353,155:8250,156:339,158:382,159:376};var Rte=ve&&ve.__importDefault||function(e){return e&&e.__esModule?e:{default:e}};Object.defineProperty($i,"__esModule",{value:!0});var ja=Rte(Ste),Cte=String.fromCodePoint||function(e){var t="";return e>65535&&(e-=65536,t+=String.fromCharCode(e>>>10&1023|55296),e=56320|e&1023),t+=String.fromCharCode(e),t};function Ate(e){return e>=55296&&e<=57343||e>1114111?"�":(e in ja.default&&(e=ja.default[e]),Cte(e))}$i.default=Ate;var oo=ve&&ve.__importDefault||function(e){return e&&e.__esModule?e:{default:e}};Object.defineProperty(Ft,"__esModule",{value:!0});Ft.decodeHTML=Ft.decodeHTMLStrict=Ft.decodeXML=void 0;var oi=oo(Zc),kte=oo(bte),Nte=oo(eu),Va=oo($i),Ote=/&(?:[a-zA-Z0-9]+|#[xX][\da-fA-F]+|#\d+);/g;Ft.decodeXML=tu(Nte.default);Ft.decodeHTMLStrict=tu(oi.default);function tu(e){var t=su(e);return function(s){return String(s).replace(Ote,t)}}var Ga=function(e,t){return e<t?1:-1};Ft.decodeHTML=function(){for(var e=Object.keys(kte.default).sort(Ga),t=Object.keys(oi.default).sort(Ga),s=0,n=0;s<t.length;s++)e[n]===t[s]?(t[s]+=";?",n++):t[s]+=";";var r=new RegExp("&(?:"+t.join("|")+"|#[xX][\\da-fA-F]+;?|#\\d+;?)","g"),o=su(oi.default);function i(a){return a.substr(-1)!==";"&&(a+=";"),o(a)}return function(a){return String(a).replace(r,i)}}();function su(e){return function(s){if(s.charAt(1)==="#"){var n=s.charAt(2);return n==="X"||n==="x"?Va.default(parseInt(s.substr(3),16)):Va.default(parseInt(s.substr(2),10))}return e[s.slice(1,-1)]||s}}var ct={},nu=ve&&ve.__importDefault||function(e){return e&&e.__esModule?e:{default:e}};Object.defineProperty(ct,"__esModule",{value:!0});ct.escapeUTF8=ct.escape=ct.encodeNonAsciiHTML=ct.encodeHTML=ct.encodeXML=void 0;var Ite=nu(eu),ru=iu(Ite.default),ou=au(ru);ct.encodeXML=uu(ru);var $te=nu(Zc),Li=iu($te.default),Lte=au(Li);ct.encodeHTML=Dte(Li,Lte);ct.encodeNonAsciiHTML=uu(Li);function iu(e){return Object.keys(e).sort().reduce(function(t,s){return t[e[s]]="&"+s+";",t},{})}function au(e){for(var t=[],s=[],n=0,r=Object.keys(e);n<r.length;n++){var o=r[n];o.length===1?t.push("\\"+o):s.push(o)}t.sort();for(var i=0;i<t.length-1;i++){for(var a=i;a<t.length-1&&t[a].charCodeAt(1)+1===t[a+1].charCodeAt(1);)a+=1;var l=1+a-i;l<3||t.splice(i,l,t[i]+"-"+t[a])}return s.unshift("["+t.join("")+"]"),new RegExp(s.join("|"),"g")}var lu=/(?:[\x80-\uD7FF\uE000-\uFFFF]|[\uD800-\uDBFF][\uDC00-\uDFFF]|[\uD800-\uDBFF](?![\uDC00-\uDFFF])|(?:[^\uD800-\uDBFF]|^)[\uDC00-\uDFFF])/g,qte=String.prototype.codePointAt!=null?function(e){return e.codePointAt(0)}:function(e){return(e.charCodeAt(0)-55296)*1024+e.charCodeAt(1)-56320+65536};function io(e){return"&#x"+(e.length>1?qte(e):e.charCodeAt(0)).toString(16).toUpperCase()+";"}function Dte(e,t){return function(s){return s.replace(t,function(n){return e[n]}).replace(lu,io)}}var cu=new RegExp(ou.source+"|"+lu.source,"g");function Pte(e){return e.replace(cu,io)}ct.escape=Pte;function xte(e){return e.replace(ou,io)}ct.escapeUTF8=xte;function uu(e){return function(t){return t.replace(cu,function(s){return e[s]||io(s)})}}(function(e){Object.defineProperty(e,"__esModule",{value:!0}),e.decodeXMLStrict=e.decodeHTML5Strict=e.decodeHTML4Strict=e.decodeHTML5=e.decodeHTML4=e.decodeHTMLStrict=e.decodeHTML=e.decodeXML=e.encodeHTML5=e.encodeHTML4=e.escapeUTF8=e.escape=e.encodeNonAsciiHTML=e.encodeHTML=e.encodeXML=e.encode=e.decodeStrict=e.decode=void 0;var t=Ft,s=ct;function n(l,h){return(!h||h<=0?t.decodeXML:t.decodeHTML)(l)}e.decode=n;function r(l,h){return(!h||h<=0?t.decodeXML:t.decodeHTMLStrict)(l)}e.decodeStrict=r;function o(l,h){return(!h||h<=0?s.encodeXML:s.encodeHTML)(l)}e.encode=o;var i=ct;Object.defineProperty(e,"encodeXML",{enumerable:!0,get:function(){return i.encodeXML}}),Object.defineProperty(e,"encodeHTML",{enumerable:!0,get:function(){return i.encodeHTML}}),Object.defineProperty(e,"encodeNonAsciiHTML",{enumerable:!0,get:function(){return i.encodeNonAsciiHTML}}),Object.defineProperty(e,"escape",{enumerable:!0,get:function(){return i.escape}}),Object.defineProperty(e,"escapeUTF8",{enumerable:!0,get:function(){return i.escapeUTF8}}),Object.defineProperty(e,"encodeHTML4",{enumerable:!0,get:function(){return i.encodeHTML}}),Object.defineProperty(e,"encodeHTML5",{enumerable:!0,get:function(){return i.encodeHTML}});var a=Ft;Object.defineProperty(e,"decodeXML",{enumerable:!0,get:function(){return a.decodeXML}}),Object.defineProperty(e,"decodeHTML",{enumerable:!0,get:function(){return a.decodeHTML}}),Object.defineProperty(e,"decodeHTMLStrict",{enumerable:!0,get:function(){return a.decodeHTMLStrict}}),Object.defineProperty(e,"decodeHTML4",{enumerable:!0,get:function(){return a.decodeHTML}}),Object.defineProperty(e,"decodeHTML5",{enumerable:!0,get:function(){return a.decodeHTML}}),Object.defineProperty(e,"decodeHTML4Strict",{enumerable:!0,get:function(){return a.decodeHTMLStrict}}),Object.defineProperty(e,"decodeHTML5Strict",{enumerable:!0,get:function(){return a.decodeHTMLStrict}}),Object.defineProperty(e,"decodeXMLStrict",{enumerable:!0,get:function(){return a.decodeXML}})})(Jc);function Mte(e,t){if(!(e instanceof t))throw new TypeError("Cannot call a class as a function")}function Ute(e,t){for(var s=0;s<t.length;s++){var n=t[s];n.enumerable=n.enumerable||!1,n.configurable=!0,"value"in n&&(n.writable=!0),Object.defineProperty(e,n.key,n)}}function Fte(e,t,s){return t&&Ute(e.prototype,t),e}function du(e,t){var s=typeof Symbol<"u"&&e[Symbol.iterator]||e["@@iterator"];if(!s){if(Array.isArray(e)||(s=Hte(e))||t){s&&(e=s);var n=0,r=function(){};return{s:r,n:function(){return n>=e.length?{done:!0}:{done:!1,value:e[n++]}},e:function(h){throw h},f:r}}throw new TypeError(`Invalid attempt to iterate non-iterable instance.
In order to be iterable, non-array objects must have a [Symbol.iterator]() method.`)}var o=!0,i=!1,a;return{s:function(){s=s.call(e)},n:function(){var h=s.next();return o=h.done,h},e:function(h){i=!0,a=h},f:function(){try{!o&&s.return!=null&&s.return()}finally{if(i)throw a}}}}function Hte(e,t){if(e){if(typeof e=="string")return Wa(e,t);var s=Object.prototype.toString.call(e).slice(8,-1);if(s==="Object"&&e.constructor&&(s=e.constructor.name),s==="Map"||s==="Set")return Array.from(e);if(s==="Arguments"||/^(?:Ui|I)nt(?:8|16|32)(?:Clamped)?Array$/.test(s))return Wa(e,t)}}function Wa(e,t){(t==null||t>e.length)&&(t=e.length);for(var s=0,n=new Array(t);s<t;s++)n[s]=e[s];return n}var Bte=Jc,za={fg:"#FFF",bg:"#000",newline:!1,escapeXML:!1,stream:!1,colors:jte()};function jte(){var e={0:"#000",1:"#A00",2:"#0A0",3:"#A50",4:"#00A",5:"#A0A",6:"#0AA",7:"#AAA",8:"#555",9:"#F55",10:"#5F5",11:"#FF5",12:"#55F",13:"#F5F",14:"#5FF",15:"#FFF"};return Un(0,5).forEach(function(t){Un(0,5).forEach(function(s){Un(0,5).forEach(function(n){return Vte(t,s,n,e)})})}),Un(0,23).forEach(function(t){var s=t+232,n=hu(t*10+8);e[s]="#"+n+n+n}),e}function Vte(e,t,s,n){var r=16+e*36+t*6+s,o=e>0?e*40+55:0,i=t>0?t*40+55:0,a=s>0?s*40+55:0;n[r]=Gte([o,i,a])}function hu(e){for(var t=e.toString(16);t.length<2;)t="0"+t;return t}function Gte(e){var t=[],s=du(e),n;try{for(s.s();!(n=s.n()).done;){var r=n.value;t.push(hu(r))}}catch(o){s.e(o)}finally{s.f()}return"#"+t.join("")}function Qa(e,t,s,n){var r;return t==="text"?r=Yte(s,n):t==="display"?r=zte(e,s,n):t==="xterm256Foreground"?r=Qn(e,n.colors[s]):t==="xterm256Background"?r=Yn(e,n.colors[s]):t==="rgb"&&(r=Wte(e,s)),r}function Wte(e,t){t=t.substring(2).slice(0,-1);var s=+t.substr(0,2),n=t.substring(5).split(";"),r=n.map(function(o){return("0"+Number(o).toString(16)).substr(-2)}).join("");return zn(e,(s===38?"color:#":"background-color:#")+r)}function zte(e,t,s){t=parseInt(t,10);var n={"-1":function(){return"<br/>"},0:function(){return e.length&&fu(e)},1:function(){return Jt(e,"b")},3:function(){return Jt(e,"i")},4:function(){return Jt(e,"u")},8:function(){return zn(e,"display:none")},9:function(){return Jt(e,"strike")},22:function(){return zn(e,"font-weight:normal;text-decoration:none;font-style:normal")},23:function(){return Ka(e,"i")},24:function(){return Ka(e,"u")},39:function(){return Qn(e,s.fg)},49:function(){return Yn(e,s.bg)},53:function(){return zn(e,"text-decoration:overline")}},r;return n[t]?r=n[t]():4<t&&t<7?r=Jt(e,"blink"):29<t&&t<38?r=Qn(e,s.colors[t-30]):39<t&&t<48?r=Yn(e,s.colors[t-40]):89<t&&t<98?r=Qn(e,s.colors[8+(t-90)]):99<t&&t<108&&(r=Yn(e,s.colors[8+(t-100)])),r}function fu(e){var t=e.slice(0);return e.length=0,t.reverse().map(function(s){return"</"+s+">"}).join("")}function Un(e,t){for(var s=[],n=e;n<=t;n++)s.push(n);return s}function Qte(e){return function(t){return(e===null||t.category!==e)&&e!=="all"}}function Ya(e){e=parseInt(e,10);var t=null;return e===0?t="all":e===1?t="bold":2<e&&e<5?t="underline":4<e&&e<7?t="blink":e===8?t="hide":e===9?t="strike":29<e&&e<38||e===39||89<e&&e<98?t="foreground-color":(39<e&&e<48||e===49||99<e&&e<108)&&(t="background-color"),t}function Yte(e,t){return t.escapeXML?Bte.encodeXML(e):e}function Jt(e,t,s){return s||(s=""),e.push(t),"<".concat(t).concat(s?' style="'.concat(s,'"'):"",">")}function zn(e,t){return Jt(e,"span",t)}function Qn(e,t){return Jt(e,"span","color:"+t)}function Yn(e,t){return Jt(e,"span","background-color:"+t)}function Ka(e,t){var s;if(e.slice(-1)[0]===t&&(s=e.pop()),s)return"</"+t+">"}function Kte(e,t,s){var n=!1,r=3;function o(){return""}function i(q,L){return s("xterm256Foreground",L),""}function a(q,L){return s("xterm256Background",L),""}function l(q){return t.newline?s("display",-1):s("text",q),""}function h(q,L){n=!0,L.trim().length===0&&(L="0"),L=L.trimRight(";").split(";");var Q=du(L),oe;try{for(Q.s();!(oe=Q.n()).done;){var P=oe.value;s("display",P)}}catch(V){Q.e(V)}finally{Q.f()}return""}function d(q){return s("text",q),""}function p(q){return s("rgb",q),""}var g=[{pattern:/^\x08+/,sub:o},{pattern:/^\x1b\[[012]?K/,sub:o},{pattern:/^\x1b\[\(B/,sub:o},{pattern:/^\x1b\[[34]8;2;\d+;\d+;\d+m/,sub:p},{pattern:/^\x1b\[38;5;(\d+)m/,sub:i},{pattern:/^\x1b\[48;5;(\d+)m/,sub:a},{pattern:/^\n/,sub:l},{pattern:/^\r+\n/,sub:l},{pattern:/^\r/,sub:l},{pattern:/^\x1b\[((?:\d{1,3};?)+|)m/,sub:h},{pattern:/^\x1b\[\d?J/,sub:o},{pattern:/^\x1b\[\d{0,3};\d{0,3}f/,sub:o},{pattern:/^\x1b\[?[\d;]{0,3}/,sub:o},{pattern:/^(([^\x1b\x08\r\n])+)/,sub:d}];function y(q,L){L>r&&n||(n=!1,e=e.replace(q.pattern,q.sub))}var A=[],k=e,j=k.length;e:for(;j>0;){for(var W=0,C=0,R=g.length;C<R;W=++C){var O=g[W];if(y(O,W),e.length!==j){j=e.length;continue e}}if(e.length===j)break;A.push(0),j=e.length}return A}function Xte(e,t,s){return t!=="text"&&(e=e.filter(Qte(Ya(s))),e.push({token:t,data:s,category:Ya(s)})),e}var Jte=function(){function e(t){Mte(this,e),t=t||{},t.colors&&(t.colors=Object.assign({},za.colors,t.colors)),this.options=Object.assign({},za,t),this.stack=[],this.stickyStack=[]}return Fte(e,[{key:"toHtml",value:function(s){var n=this;s=typeof s=="string"?[s]:s;var r=this.stack,o=this.options,i=[];return this.stickyStack.forEach(function(a){var l=Qa(r,a.token,a.data,o);l&&i.push(l)}),Kte(s.join(""),o,function(a,l){var h=Qa(r,a,l,o);h&&i.push(h),o.stream&&(n.stickyStack=Xte(n.stickyStack,a,l))}),r.length&&i.push(fu(r)),i.join("")}}]),e}(),Zte=Jte;const ese=qs(Zte),tse={name:"OutputTab",props:["active"],computed:{formattedOutput(){return this.ansiToHtml.toHtml(this.$request.commandOutput||"")}},created(){this.ansiToHtml=new ese({fg:"#c7c7c7",bg:"#000000",escapeXML:!0,colors:{0:"#000000",1:"#c91b00",2:"#00c200",3:"#c7c400",4:"#0225c7",5:"#c930c7",6:"#00c5c7",7:"#c7c7c7",8:"#676767",9:"#ff6d67",10:"#5ff967",11:"#fefb67",12:"#6871ff",13:"#ff76ff",14:"#5ffdff",15:"#feffff"}})}},sse={key:0},nse=["innerHTML"];function rse(e,t,s,n,r,o){return s.active?(f(),v("div",sse,[u("div",{class:"command-output",innerHTML:o.formattedOutput},null,8,nse)])):E("",!0)}const ose=he(tse,[["render",rse]]),ise={name:"PerformanceClientSide",components:{DetailsTable:He,PerformanceChart:Ii},props:["metrics","vitals"],computed:{showVitalsInfo(){return this.$settings.global.performanceVitalsInfoShown}},methods:{toggleVitalsInfo(){this.$settings.global.performanceVitalsInfoShown=!this.$settings.global.performanceVitalsInfoShown,this.$settings.save()}}},ase={class:"performance-client-side"},lse={key:0,class:"counters-row performance-metrics"},cse={class:"counter performance-chart-legend"},use={class:"counter-value"},dse={class:"counters-group right-aligned"},hse={class:"counter performance-chart-legend"},fse={class:"counter-value"},pse={class:"header-group"},mse={class:"vitals-row"},gse={class:"vitals-metric"},vse={key:1,class:"metric-value value-unavailable"},bse={key:2,class:"metric-info"},yse={class:"vitals-metric"},Ese={key:1,class:"metric-value value-unavailable"},Tse={key:2,class:"metric-info"},wse={class:"vitals-row"},_se={class:"vitals-metric"},Sse={key:1,class:"metric-value value-unavailable"},Rse={key:2,class:"metric-info"},Cse={class:"vitals-metric"},Ase={key:1,class:"metric-value value-unavailable"},kse={key:2,class:"metric-info"},Nse={class:"vitals-row"},Ose={class:"vitals-metric"},Ise={key:1,class:"metric-value value-unavailable"},$se={key:2,class:"metric-info"},Lse={class:"vitals-metric"},qse={key:1,class:"metric-value value-unavailable"},Dse={key:2,class:"metric-info"};function Pse(e,t,s,n,r,o){const i=$("performance-chart"),a=$("icon"),l=$("details-table");return f(),v("div",ase,[s.metrics.filter(h=>h.value).length?(f(),v("div",lse,[e.metric.value?(f(!0),v(B,{key:0},le(s.metrics.filter(h=>!h.dom),h=>(f(),v("div",cse,[u("div",use,T(h.value)+" ms",1),u("div",{class:te(["counter-title",h.color?`has-mark mark-${h.color}`:""])},T(h.name),3)]))),256)):E("",!0),u("div",dse,[e.metric.value?(f(!0),v(B,{key:0},le(s.metrics.filter(h=>h.dom),h=>(f(),v("div",hse,[u("div",fse,T(h.value)+" ms",1),u("div",{class:te(["counter-title",h.color?`has-mark mark-${h.color}`:""])},T(h.name),3)]))),256)):E("",!0)])])):E("",!0),s.metrics.filter(h=>h.value&&h.onChart).length?(f(),J(i,{key:1,metrics:s.metrics.filter(h=>h.onChart)},null,8,["metrics"])):E("",!0),Object.values(s.vitals).filter(h=>h.value).length?(f(),J(l,{key:2,title:"Vitals",icon:"activity",items:[],class:"performance-vitals"},{toolbar:ce(()=>[u("div",pse,[u("a",{href:"#",title:"Show info",class:te(["header-item",{active:o.showVitalsInfo}]),onClick:t[0]||(t[0]=ge((...h)=>o.toggleVitalsInfo&&o.toggleVitalsInfo(...h),["prevent"]))},[D(a,{name:"help-circle"})],2)])]),body:ce(()=>[u("tr",null,[u("td",null,[u("div",mse,[u("div",gse,[t[2]||(t[2]=u("div",{class:"metric-name"},"Time To First Byte",-1)),s.vitals.ttfb.available?(f(),v("div",{key:0,class:te(["metric-value",`value-${s.vitals.ttfb.score}`])},T(e.$round(s.vitals.ttfb.value))+" ms ",3)):(f(),v("div",vse,"—")),o.showVitalsInfo?(f(),v("div",bse,t[1]||(t[1]=[z(" Time at which your server sends a response. "),u("a",{href:"https://web.dev/time-to-first-byte/",target:"_blank"},"Learn more",-1)]))):E("",!0)]),u("div",yse,[t[4]||(t[4]=u("div",{class:"metric-name"},"First Input Delay",-1)),s.vitals.fid.available?(f(),v("div",{key:0,class:te(["metric-value",`value-${s.vitals.fid.score}`])},T(e.$round(s.vitals.fid.value))+" ms ",3)):(f(),v("div",Ese,"—")),o.showVitalsInfo?(f(),v("div",Tse,t[3]||(t[3]=[z(" Time from when a user first interacts with a page to the time when the browser is actually able to respond to that interaction. "),u("a",{href:"https://web.dev/fid/",target:"_blank"},"Learn more",-1)]))):E("",!0)])])])]),u("tr",null,[u("td",null,[u("div",wse,[u("div",_se,[t[6]||(t[6]=u("div",{class:"metric-name"},"First Contentful Paint",-1)),s.vitals.fcp.available?(f(),v("div",{key:0,class:te(["metric-value",`value-${s.vitals.fcp.score}`])},T(e.$round(s.vitals.fcp.value))+" ms ",3)):(f(),v("div",Sse,"—")),o.showVitalsInfo?(f(),v("div",Rse,t[5]||(t[5]=[z(" First Contentful Paint marks the time at which the first text or image is painted. "),u("a",{href:"https://web.dev/first-contentful-paint/",target:"_blank"},"Learn more",-1)]))):E("",!0)]),u("div",Cse,[t[8]||(t[8]=u("div",{class:"metric-name"},"Largest Contentful Paint",-1)),s.vitals.lcp.available?(f(),v("div",{key:0,class:te(["metric-value",`value-${s.vitals.lcp.score}`])},T(e.$round(s.vitals.lcp.value))+" ms ",3)):(f(),v("div",Ase,"—")),o.showVitalsInfo?(f(),v("div",kse,t[7]||(t[7]=[z(" Largest Contentful Paint marks the time at which the largest text or image is painted. "),u("a",{href:"https://web.dev/lighthouse-largest-contentful-paint/",target:"_blank"},"Learn more",-1)]))):E("",!0)])])])]),u("tr",null,[u("td",null,[u("div",Nse,[u("div",Ose,[t[10]||(t[10]=u("div",{class:"metric-name"},"Cumulative Layout Shift",-1)),s.vitals.cls.available?(f(),v("div",{key:0,class:te(["metric-value",`value-${s.vitals.cls.score}`])},T(e.$round(s.vitals.cls.value))+" ms ",3)):(f(),v("div",Ise,"—")),o.showVitalsInfo?(f(),v("div",$se,t[9]||(t[9]=[z(" Cumulative Layout Shift measures the movement of visible elements within the viewport. "),u("a",{href:"https://web.dev/cls/",target:"_blank"},"Learn more",-1)]))):E("",!0)]),u("div",Lse,[t[12]||(t[12]=u("div",{class:"metric-name"},"Speed Index",-1)),s.vitals.si.available?(f(),v("div",{key:0,class:te(["metric-value",`value-${s.vitals.si.score}`])},T(e.$round(s.vitals.si.value))+" ms ",3)):(f(),v("div",qse,"—")),o.showVitalsInfo?(f(),v("div",Dse,t[11]||(t[11]=[z(" Speed Index shows how quickly the contents of a page are visibly populated. "),u("a",{href:"https://web.dev/speed-index/",target:"_blank"},"Learn more",-1)]))):E("",!0)])])])])]),_:1})):E("",!0)])}const xse=he(ise,[["render",Pse]]),Mse={name:"PerformanceLog",components:{DetailsTable:He,DetailsTableFilterToggle:_i,HighlightedCode:ro,PrettyPrint:Qe,ShortenedText:bs,StackTrace:ht},props:["issues","slowQueries"],data:()=>({databaseSlowQueriesFilter:ze([{tag:"model"},{tag:"type",apply:(e,t)=>{if(["select","update","insert","delete"].includes(t.toLowerCase()))return e.query.match(new RegExp(`^${t.toLowerCase()}`,"i"))}},{tag:"file",map:e=>e.shortPath},{tag:"duration",type:"number"}]),performanceLogFilter:ze([{tag:"time",type:"date"},{tag:"file",map:e=>e.shortPath}],e=>e.message)}),computed:{databaseSlowQueriesColumns(){let e=["Model","Query","Duration"];return new Set(this.slowQueries.map(s=>s.connection)).size>1&&e.splice(1,0,"Connection"),e}}},Use={class:"performance-log"},Fse={class:"log-message"},Hse={class:"log-message-content"},Bse={key:0},jse={key:0},Vse={class:"database-query"},Gse={class:"database-query-content"},Wse={class:"database-duration"};function zse(e,t,s,n,r,o){const i=$("pretty-print"),a=$("stack-trace"),l=$("details-table"),h=$("shortened-text"),d=$("highlighted-code");return f(),v("div",Use,[s.issues.length?(f(),J(l,{key:0,title:"Performance issues",icon:"alert-triangle",badge:s.issues.length,columns:["Message"],items:s.issues,filter:e.performanceLogFilter,"filter-example":"query failed file:Controller.php time:>13:08:29","no-table-head":!0},{body:ce(({items:p})=>[(f(!0),v(B,null,le(p,(g,y)=>(f(),v("tr",{class:"log-row",key:`${e.$request.id}-${y}`},[u("td",null,[u("div",Fse,[u("div",Hse,[D(i,{data:g.message},null,8,["data"]),g.context&&g.context.length?(f(),v("div",Bse,[D(i,{data:g.context},null,8,["data"])])):E("",!0)]),D(a,{class:"log-message-path",trace:g.trace,file:g.file,line:g.line},null,8,["trace","file","line"])])])]))),128))]),_:1},8,["badge","items","filter"])):E("",!0),s.slowQueries.length?(f(),J(l,{key:1,title:"Slow database queries",icon:"database",badge:s.slowQueries.length,columns:o.databaseSlowQueriesColumns,items:s.slowQueries,filter:e.databaseSlowQueriesFilter,"filter-example":"where request_id model:request type:select file:Controller.php duration:>100"},{body:ce(({items:p})=>[(f(!0),v(B,null,le(p,(g,y)=>(f(),v("tr",{key:`${e.$request.id}-${y}`},[u("td",null,[D(h,{full:g.model},{default:ce(()=>[z(T(g.shortModel),1)]),_:2},1032,["full"])]),o.databaseSlowQueriesColumns.includes("Connection")?(f(),v("td",jse,T(g.connection),1)):E("",!0),u("td",null,[u("div",Vse,[u("div",Gse,[D(d,{language:"sql",code:g.query},null,8,["code"])]),D(a,{class:"database-query-path",trace:g.trace,file:g.file,line:g.line},null,8,["trace","file","line"])])]),u("td",Wse,T(g.duration)+" ms",1)]))),128))]),_:1},8,["badge","columns","items","filter"])):E("",!0)])}const Qse=he(Mse,[["render",zse]]),Yse={name:"Profiler",components:{DetailsTable:He,ShortenedText:bs},data:()=>({filter:(()=>{let e=ze([{tag:"model"},{tag:"file",map:t=>t.shortPath},{tag:"self",type:"number"},{tag:"inclusive",type:"number"}],t=>t.name);return e.sortedBy="self",e.sortedDesc=!0,e})()}),computed:{enabled:{get(){return this.$profiler.isProfiling},set(e){e?this.$profiler.enableProfiling():this.$profiler.disableProfiling()}}},methods:{filterXdebug(e){return e?this.filter.filter(e):[]}}},Kse={class:"header-group"},Xse={class:"header-toggle"},Jse={class:"header-group"},Zse={key:0},ene={key:1},tne={class:"header-group"},sne={class:"header-group"},nne={class:"header-search"},rne=["onUpdate:modelValue"],one={class:"profiler-metric"},ine={class:"profiler-metric"},ane={class:"profiler-function"},lne={class:"profiler-function-name"},cne={class:"profiler-path"},une={key:1},dne={colspan:"3"},hne={class:"profiler-content"},fne={key:2},pne={key:3},mne={colspan:"3"},gne={class:"profiler-content"},vne={class:"content-actions"};function bne(e,t,s,n,r,o){const i=$("icon"),a=$("shortened-text"),l=$("spinner"),h=$("details-table");return f(),v("div",null,[D(h,{title:"Profiler",icon:"clock",columns:["Self","Inclusive","Function"],items:e.$profiler.functions,filter:e.filter,"per-page":100,class:"profiler"},{toolbar:ce(({filter:d})=>[u("div",Kse,[u("label",Xse,[Oe(u("input",{type:"checkbox","onUpdate:modelValue":t[0]||(t[0]=p=>o.enabled=p)},null,512),[[Ot,o.enabled]]),t[8]||(t[8]=z(" Enabled "))])]),u("div",Jse,[u("a",{href:"#",onClick:t[1]||(t[1]=ge(p=>e.$profiler.showPercentual(!1),["prevent","stop"])),class:te(["header-item item-text",{active:!e.$profiler.percentual}]),title:"Exact"},[e.$profiler.metric==0?(f(),v("span",Zse,"ms")):E("",!0),e.$profiler.metric==1?(f(),v("span",ene,"kB")):E("",!0)],2),u("a",{href:"#",onClick:t[2]||(t[2]=ge(p=>e.$profiler.showPercentual(),["prevent","stop"])),class:te(["header-item",{active:e.$profiler.percentual}]),title:"Percentual"},[D(i,{name:"percent"})],2)]),u("div",tne,[u("a",{href:"#",onClick:t[3]||(t[3]=ge(p=>e.$profiler.setShownFraction(.5),["prevent","stop"])),class:te(["header-item item-text",{active:e.$profiler.shownFraction==.5}])}," 50% ",2),u("a",{href:"#",onClick:t[4]||(t[4]=ge(p=>e.$profiler.setShownFraction(.9),["prevent","stop"])),class:te(["header-item item-text",{active:e.$profiler.shownFraction==.9}])}," 90% ",2),u("a",{href:"#",onClick:t[5]||(t[5]=ge(p=>e.$profiler.setShownFraction(1),["prevent","stop"])),class:te(["header-item item-text",{active:e.$profiler.shownFraction==1}])}," 100% ",2)]),u("div",sne,[u("div",nne,[Oe(u("input",{type:"search","onUpdate:modelValue":p=>d.input=p,placeholder:"Search..."},null,8,rne),[[gt,d.input]]),D(i,{name:"search"})])])]),body:ce(({items:d})=>[e.$profiler.ready?(f(!0),v(B,{key:0},le(o.filterXdebug(d),(p,g)=>(f(),v("tr",{key:`${e.$request.id}-${g}`},[u("td",one,T(e.$profiler.formatMetric(p.self)),1),u("td",ine,T(e.$profiler.formatMetric(p.inclusive)),1),u("td",ane,[u("div",lne,T(p.name),1),u("div",cne,[D(a,{full:p.fullPath},{default:ce(()=>[z(T(p.shortPath),1)]),_:2},1032,["full"])])])]))),128)):E("",!0),e.$profiler.loading||e.$profiler.parsing?(f(),v("tr",une,[u("td",dne,[u("div",hne,[D(l,{color:e.$settings.appearance=="dark"?"#f27e02":"#258cdb"},null,8,["color"]),u("p",null,T(e.$profiler.loading?"Loading profile...":"Processing profile..."),1)])])])):E("",!0),e.$profiler.invalid?(f(),v("tr",fne,t[9]||(t[9]=[u("td",{colspan:"3"},[u("div",{class:"profiler-content"},[u("h1",null," Profile contains invalid data. "),u("p",null,[z(" This is usually caused by a misconfigured Xdebug php extension."),u("br"),u("a",{href:"https://underground.works/clockwork/#docs-xdebug-profiler",target:"_blank"},"Read more about how to set up Xdebug")])])],-1)]))):E("",!0),e.$profiler.available?E("",!0):(f(),v("tr",pne,[u("td",mne,[u("div",gne,[t[10]||(t[10]=u("h1",null," Profile is not present for current request. ",-1)),t[11]||(t[11]=u("p",null,[z(" Profiling requires the Xdebug php extension."),u("br"),u("a",{href:"https://underground.works/clockwork/#docs-xdebug-profiler",target:"_blank"},"Read more about how to set up Xdebug")],-1)),u("p",vne,[e.$profiler.isProfiling?E("",!0):(f(),v("a",{key:0,href:"#",class:"button",onClick:t[6]||(t[6]=p=>e.$profiler.enableProfiling())}," Enable profiler ")),e.$profiler.isProfiling?(f(),v("a",{key:1,href:"#",class:"button",onClick:t[7]||(t[7]=p=>e.$profiler.disableProfiling())}," Disable profiler ")):E("",!0)])])])]))]),_:1},8,["items","filter"])])}const yne=he(Yse,[["render",bne]]),Ene={name:"Timeline",components:{DetailsTable:He,HighlightedCode:ro,Popover:Ic},props:{name:{},timeline:{},tags:{default:()=>[]}},data:()=>({condense:void 0,showDetails:!1,hiddenTags:void 0,presentedEvents:[],filter:ze([{tag:"duration",type:"number"}],e=>e.description)}),computed:{availableTags(){return this.tags.filter(e=>this.timeline.events.find(t=>t.tags&&t.tags.includes(e.tag)))},columns(){return this.showDetails?[{name:" ",sortBy:"start",class:"timeline-chart"},{name:"Event",sortBy:"name",class:"timeline-description"},{name:"Total",sortBy:"duration",class:"timeline-timing"},{name:"Self",sortBy:"durationSelf",class:"timeline-timing"},{name:"Child",sortBy:"durationChild",class:"timeline-timing"}]:[]}},methods:{toggleTag(e){this.hiddenTags.includes(e)?this.hiddenTags=this.hiddenTags.filter(t=>t!=e):this.hiddenTags.push(e)},resolveTags(e){return e.map(t=>this.tags.find(s=>s.tag==t)).filter(t=>t)},toggleDetails(){this.showDetails=!this.showDetails},showPopover(e){this.$refs.popovers[e].toggle()},async refreshEvents(e){if(!this.timeline||!this.$refs.timelineChart)return;await this.$nextTick();let t=this.$refs.timelineChart.offsetWidth-16;if(t<=0)return;let s=this.timeline.filter(this.filter,this.hiddenTags);this.condense&&(s=s.condense()),this.presentedEvents=s.present(t)},observeResizing(){let e=this.$refs.timeline.offsetWidth;this.resizeObserver=new ResizeObserver(to(([t])=>{e!=t.contentRect.width&&(e=t.contentRect.width,this.refreshEvents(t))},10)),this.resizeObserver.observe(this.$refs.timeline)},formatTiming(e,t="ms",s=""){return e==null?s:e<=0||e>1?`${Math.round(e)} ${t}`:`<1 ${t}`}},watch:{condense(e,t){t!==void 0&&(this.refreshEvents(),this.$settings.global.timelineCondensed[this.name]=this.condense,this.$settings.save())},hiddenTags(e,t){t!==void 0&&(this.refreshEvents(),this.$settings.global.timelineHiddenTags[this.name]=this.hiddenTags,this.$settings.save())},showDetails(){this.refreshEvents()},timeline(){this.refreshEvents()}},async mounted(){this.condense=this.$settings.global.timelineCondensed[this.name]||!1,this.hiddenTags=this.$settings.global.timelineHiddenTags[this.name]||[],await this.refreshEvents(),this.observeResizing()}},Tne={class:"header-group"},wne={class:"header-toggle"},_ne={key:0,class:"header-group"},Sne=["title","onClick"],Rne={class:"header-group"},Cne={class:"header-search"},Ane=["onUpdate:modelValue"],kne={class:"header-group"},Nne={class:"timeline-chart"},One=["onClick"],Ine={key:0,class:"label-tags"},$ne={key:1},Lne={class:"event-bar"},qne={class:"event-header"},Dne={class:"header-tags"},Pne={key:0,class:"event-description"},xne={key:1},Mne={class:"event-timings"},Une={class:"timings-timing timing-total"},Fne={class:"timing-value"},Hne={class:"timings-timing timing-self"},Bne={class:"timing-value"},jne={class:"timings-timing timing-children"},Vne={class:"timing-value"},Gne={class:"timeline-description"},Wne={class:"description-content"},zne={key:0,class:"description-tags"},Qne={key:2},Yne={class:"timeline-timing timing-total"},Kne={class:"timeline-timing"},Xne={class:"timeline-timing"},Jne={class:"timeline-size-monitor"},Zne={class:"timeline-graph",ref:"timelineChart"};function ere(e,t,s,n,r,o){const i=$("icon"),a=$("highlighted-code"),l=$("popover"),h=$("details-table");return f(),v("div",{class:te(["timeline",{"show-details":e.showDetails}]),ref:"timeline"},[D(h,{title:"Timeline",icon:"pie-chart",columns:o.columns,items:e.presentedEvents,filter:e.filter,"no-table-head":!e.showDetails,"filter-example":"database query duration:>50","per-page":100},{toolbar:ce(({filter:d})=>[u("div",Tne,[u("label",wne,[Oe(u("input",{type:"checkbox","onUpdate:modelValue":t[0]||(t[0]=p=>e.condense=p)},null,512),[[Ot,e.condense]]),t[2]||(t[2]=z(" Condense "))])]),o.availableTags.length?(f(),v("div",_ne,[(f(!0),v(B,null,le(o.availableTags,p=>(f(),v("a",{href:"#",class:te(["header-item",{active:e.hiddenTags&&!e.hiddenTags.includes(p.tag)}]),title:p.title,onClick:g=>o.toggleTag(p.tag)},[D(i,{name:p.icon},null,8,["name"])],10,Sne))),256))])):E("",!0),u("div",Rne,[u("div",Cne,[Oe(u("input",{type:"search","onUpdate:modelValue":p=>d.input=p,placeholder:"Search..."},null,8,Ane),[[gt,d.input]]),D(i,{name:"search"})])]),u("div",kne,[u("a",{href:"#",title:"Toggle details",class:te(["header-item",{active:e.showDetails}]),onClick:t[1]||(t[1]=ge((...p)=>o.toggleDetails&&o.toggleDetails(...p),["prevent"]))},[D(i,{name:"list"})],2)])]),body:ce(({items:d})=>[(f(!0),v(B,null,le(d,(p,g)=>(f(),v("tr",null,[u("td",Nne,[u("div",{class:"chart-event-group popover-container",style:ut(p.groupStyle),onClick:y=>o.showPopover(g)},[u("div",{class:te(["group-label",p.labelClass]),style:ut(p.labelStyle)},[p.tags?(f(),v("span",Ine,[(f(!0),v(B,null,le(o.resolveTags(p.tags),y=>(f(),v("span",null,[D(i,{name:y.icon,title:y.title},null,8,["name","title"])]))),256))])):E("",!0),z(" "+T(p.name)+" ",1),p.condensed?E("",!0):(f(),v("span",$ne,T(o.formatTiming(p.duration)),1))],6),(f(!0),v(B,null,le(p.events,(y,A)=>(f(),v("div",{class:te(["group-event",y.eventClass]),style:ut(y.eventStyle)},[u("div",Lne,[(f(!0),v(B,null,le(y.childrenSections,k=>(f(),v("div",{class:"bar-light",style:ut(k.style)},null,4))),256))])],6))),256)),D(l,{class:"timeline-popover",ref_for:!0,ref:"popovers"},{default:ce(()=>[(f(!0),v(B,null,le(p.events,y=>(f(),v("div",{class:te(["popover-event",y.eventClass])},[u("div",qne,[u("h1",null,T(y.name),1),u("div",Dne,[(f(!0),v(B,null,le(o.resolveTags(y.tags),A=>(f(),v("span",null,[D(i,{name:A.icon,title:A.title},null,8,["name","title"])]))),256))])]),y.description!=y.name?(f(),v("div",Pne,[y.tags&&y.tags.indexOf("databaseQueries")>-1?(f(),J(a,{key:0,language:"sql",code:y.description},null,8,["code"])):(f(),v("div",xne,T(y.description),1))])):E("",!0),u("div",Mne,[u("div",Une,[u("div",Fne,T(o.formatTiming(y.duration)),1),t[3]||(t[3]=u("div",{class:"timing-label"}," Total ",-1))]),u("div",Hne,[u("div",Bne,T(o.formatTiming(y.durationSelf)),1),t[4]||(t[4]=u("div",{class:"timing-label"}," Self ",-1))]),u("div",jne,[u("div",Vne,T(o.formatTiming(y.durationChildren,"ms","–")),1),t[5]||(t[5]=u("div",{class:"timing-label"}," Children ",-1))])])],2))),256))]),_:2},1536)],12,One)]),u("td",Gne,[$t(e.$slots,"table-description",{item:p},()=>[u("div",Wne,[p.tags&&p.tags.length?(f(),v("span",zne,[(f(!0),v(B,null,le(o.resolveTags(p.tags),y=>(f(),v("span",null,[D(i,{name:y.icon,title:y.title},null,8,["name","title"])]))),256))])):E("",!0),p.tags&&p.tags.indexOf("databaseQueries")>-1?(f(),J(a,{key:1,language:"sql",code:p.description},null,8,["code"])):(f(),v("div",Qne,T(p.description),1))])])]),u("td",Yne,T(p.duration|o.formatTiming),1),u("td",Kne,T(p.durationSelf|o.formatTiming),1),u("td",Xne,T(p.durationChildren|o.formatTiming("ms",p.condensed?"":"–")),1)]))),256)),u("tr",Jne,[u("td",Zne,null,512),t[6]||(t[6]=u("td",{class:"timeline-description"},null,-1)),t[7]||(t[7]=u("td",{class:"timeline-timing"},null,-1)),t[8]||(t[8]=u("td",{class:"timeline-timing"},null,-1)),t[9]||(t[9]=u("td",{class:"timeline-timing"},null,-1))])]),_:3},8,["columns","items","filter","no-table-head"])],2)}const pu=he(Ene,[["render",ere]]);var on=mu;function mu(){var e=[].slice.call(arguments),t=!1;typeof e[0]=="boolean"&&(t=e.shift());var s=e[0];if(Xa(s))throw new Error("extendee must be an object");for(var n=e.slice(1),r=n.length,o=0;o<r;o++){var i=n[o];for(var a in i)if(Object.prototype.hasOwnProperty.call(i,a)){var l=i[a];if(t&&tre(l)){var h=Array.isArray(l)?[]:{};s[a]=mu(!0,Object.prototype.hasOwnProperty.call(s,a)&&!Xa(s[a])?s[a]:h,l)}else s[a]=l}}return s}function tre(e){return Array.isArray(e)||{}.toString.call(e)=="[object Object]"}function Xa(e){return!e||typeof e!="object"&&typeof e!="function"}const sre={name:"PerformanceTab",components:{PerformanceChart:Ii,PerformanceClientSide:xse,PerformanceLog:Qse,Profiler:yne,Timeline:pu},props:["active"],data:()=>({selectedPerformanceTab:null,timelineTags:[{tag:"events",icon:"zap",title:"Events"},{tag:"databaseQueries",icon:"database",title:"Database"},{tag:"cacheQueries",icon:"paperclip",title:"Cache"},{tag:"redisCommands",icon:"layers",title:"Redis"},{tag:"queueJobs",icon:"clock",title:"Queue"},{tag:"httpRequests",icon:"compass",title:"HTTP Requests"},{tag:"views",icon:"image",title:"Views"},{tag:"notifications",icon:"mail",title:"Notifications"}]}),computed:{activePerformanceTab(){let e=this.selectedPerformanceTab||"issues";return e=="issues"&&!this.databaseSlowQueries.length&&!this.performanceIssues.length||e=="client-side"&&!this.isClientSideTabAvailable?"timeline":e},databaseSlowQueries(){return this.$request.databaseQueries.filter(e=>e.tags.includes("slow"))},isClientSideTabAvailable(){return this.$request.clientMetrics.filter(e=>e.value).length||Object.values(this.$request.webVitals).filter(e=>e.value).length},performanceIssues(){return this.$request.log.filter(e=>{var t;return(t=e.context)==null?void 0:t.performance}).map(e=>on({},e,{context:Xc(e.context,["performance","trace"])}))}},methods:{isTabActive(e){return this.activePerformanceTab==e},showTab(e){this.selectedPerformanceTab=e,e=="profiler"&&this.$profiler.loadRequest(this.$request)},refreshRequest(){!this.active||!this.$request||(this.$platform.hasFeature("load-client-metrics")&&this.$request.loadClientMetrics(this.$requests),this.activePerformanceTab=="profiler"&&this.$profiler.loadRequest(this.$request))}},watch:{active(){this.refreshRequest()},$request(){this.refreshRequest()}}},nre={key:0},rre={class:"counters-row performance-metrics"},ore={key:0,class:"counter"},ire={class:"counter-value"},are={key:1,class:"counter"},lre={class:"counter-value"},cre={class:"counters-group right-aligned"},ure={class:"counter-value"},dre={tabs:"performance"},hre={class:"performance-tabs"};function fre(e,t,s,n,r,o){const i=$("performance-chart"),a=$("icon"),l=$("performance-log"),h=$("timeline"),d=$("performance-client-side"),p=$("profiler");return s.active?(f(),v("div",nre,[u("div",rre,[e.$request.responseDurationRounded?(f(),v("div",ore,[u("div",ire,T(e.$request.responseDurationRounded)+" ms",1),t[4]||(t[4]=u("div",{class:"counter-title"},"Response time",-1))])):E("",!0),e.$request.memoryUsage?(f(),v("div",are,[u("div",lre,T(e.$request.memoryUsageFormatted),1),t[5]||(t[5]=u("div",{class:"counter-title"},"Memory",-1))])):E("",!0),u("div",cre,[(f(!0),v(B,null,le(e.$request.performanceMetrics,(g,y)=>(f(),v("div",{class:"counter performance-chart-legend",key:`${e.$request.id}-${y}`},[u("div",ure,T(g.value)+" ms",1),u("div",{class:te(["counter-title has-mark",`mark-${g.color}`])},T(g.name),3)]))),128))])]),D(i,{metrics:e.$request.performanceMetrics},null,8,["metrics"]),u("div",dre,[u("div",hre,[o.databaseSlowQueries.length||o.performanceIssues.length?(f(),v("a",{key:0,class:te(["performance-tab",{active:o.isTabActive("issues")}]),href:"#",onClick:t[0]||(t[0]=ge(g=>o.showTab("issues"),["prevent"]))},[D(a,{name:"alert-triangle"}),t[6]||(t[6]=z(" Issues "))],2)):E("",!0),u("a",{class:te(["performance-tab",{active:o.isTabActive("timeline")}]),href:"#",onClick:t[1]||(t[1]=ge(g=>o.showTab("timeline"),["prevent"]))},[D(a,{name:"pie-chart"}),t[7]||(t[7]=z(" Timeline "))],2),o.isClientSideTabAvailable?(f(),v("a",{key:1,class:te(["performance-tab",{active:o.isTabActive("client-side")}]),href:"#",onClick:t[2]||(t[2]=ge(g=>o.showTab("client-side"),["prevent"]))},[D(a,{name:"smile"}),t[8]||(t[8]=z(" Client-side "))],2)):E("",!0),e.$platform.hasFeature("profiler")?(f(),v("a",{key:2,class:te(["performance-tab",{active:o.isTabActive("profiler")}]),href:"#",onClick:t[3]||(t[3]=ge(g=>o.showTab("profiler"),["prevent"]))},[D(a,{name:"clock"}),t[9]||(t[9]=z(" Profiler "))],2)):E("",!0)]),o.isTabActive("issues")?(f(),J(l,{key:0,issues:o.performanceIssues,"slow-queries":o.databaseSlowQueries},null,8,["issues","slow-queries"])):E("",!0),o.isTabActive("timeline")?(f(),J(h,{key:1,name:"performance",timeline:e.$request.timeline,tags:e.timelineTags},null,8,["timeline","tags"])):E("",!0),o.isTabActive("client-side")?(f(),J(d,{key:2,metrics:e.$request.clientMetrics,vitals:e.$request.webVitals},null,8,["metrics","vitals"])):E("",!0),o.isTabActive("profiler")?(f(),J(p,{key:3})):E("",!0)])])):E("",!0)}const pre=he(sre,[["render",fre]]),mre={name:"RedisTab",components:{DetailsTable:He,PrettyPrint:Qe,StackTrace:ht},props:["active"],data:()=>({filter:ze([{tag:"connection"},{tag:"command"},{tag:"file",map:e=>e.shortPath},{tag:"duration",type:"number"}])}),computed:{columns(){let e=["Command","Parameters","Duration"];return new Set(this.$request.redisCommands.map(s=>s.connection)).size>1&&e.splice(0,0,"Connection"),e}}},gre={key:0},vre={key:0},bre={class:"database-query"},yre={class:"database-query-content"},Ere={class:"database-duration"};function Tre(e,t,s,n,r,o){const i=$("pretty-print"),a=$("stack-trace"),l=$("details-table");return s.active?(f(),v("div",gre,[D(l,{title:"Commands",icon:"layers",columns:o.columns,items:e.$request.redisCommands,filter:e.filter,"filter-example":"command:zrange connection:eshop file:StatsController.php duration:>50"},{body:ce(({items:h})=>[(f(!0),v(B,null,le(h,(d,p)=>(f(),v("tr",{key:`${e.$request.id}-${p}`},[o.columns.includes("Connection")?(f(),v("td",vre,T(d.connection),1)):E("",!0),u("td",null,T(d.command),1),u("td",null,[u("div",bre,[u("div",yre,[D(i,{data:d.parameters},null,8,["data"])]),D(a,{class:"database-query-path",trace:d.trace,file:d.file,line:d.line},null,8,["trace","file","line"])])]),u("td",Ere,T(d.duration)+" ms",1)]))),128))]),_:1},8,["columns","items","filter"])])):E("",!0)}const wre=he(mre,[["render",Tre]]),_re={name:"QueueTab",components:{DetailsTable:He,PrettyPrint:Qe,ShortenedText:bs,StackTrace:ht},props:["active"],data:()=>({filter:ze([{tag:"connection"},{tag:"queue"},{tag:"name"}]),jobRequests:{}}),computed:{columns(){let e=["Name","Data"],t=new Set(this.$request.queueJobs.map(n=>n.queue)).size>1,s=new Set(this.$request.queueJobs.map(n=>n.connection)).size>1;return t&&e.splice(0,0,"Queue"),s&&e.splice(0,0,"Connection"),e.concat(["Status",""])},queueJobs(){return this.$request?this.$request.queueJobs.map(e=>on({request:this.jobRequests[e.id]},e)):[]}},methods:{showJob(e){this.global.$request=this.$requests.findId(e.id)},async loadQueueJobRequest(e,t=0){if(t==12||e.loadRequestTimeout)return;let s=this.$requests.findId(e.id)||await this.$requests.loadId(e.id,null,!1);if(!s)return e.loadRequestTimeout=setTimeout(()=>{e.loadRequestTimeout=null,this.loadQueueJobRequest(e,t+1)},5e3);this.$set(this.jobRequests,e.id,s)}},watch:{active(e){e&&this.$request.queueJobs.forEach(t=>{t.id&&this.loadQueueJobRequest(t)})}}},Sre={key:0},Rre={key:0},Cre={key:1},Are={class:"database-query"},kre={class:"database-query-content"},Nre={key:0,class:"job-options"},Ore={key:0},Ire={key:1},$re=["onClick"];function Lre(e,t,s,n,r,o){const i=$("shortened-text"),a=$("pretty-print"),l=$("stack-trace"),h=$("icon"),d=$("details-table");return s.active?(f(),v("div",Sre,[D(d,{title:"Jobs",icon:"clock",columns:o.columns,items:o.queueJobs,filter:e.filter,"filter-example":"Underground.works name:GenerateInvoice queue:priority"},{body:ce(({items:p})=>[(f(!0),v(B,null,le(p,(g,y)=>(f(),v("tr",{key:`${e.$request.id}-${y}`},[o.columns.includes("Queue")?(f(),v("td",Rre,T(g.queue),1)):E("",!0),o.columns.includes("Connection")?(f(),v("td",Cre,T(g.connection),1)):E("",!0),u("td",null,[D(i,{full:g.name},{default:ce(()=>[z(T(g.shortName),1)]),_:2},1032,["full"])]),u("td",null,[u("div",Are,[u("div",kre,[D(a,{data:g.data},null,8,["data"])]),g.maxTries||g.timeout?(f(),v("div",Nre,[g.maxTries?(f(),v("span",Ore,T(g.maxTries)+" tries",1)):E("",!0),g.timeout?(f(),v("span",Ire,T(g.timeout)+"s timeout",1)):E("",!0)])):E("",!0),D(l,{class:"database-query-path",trace:g.trace,file:g.file,line:g.line},null,8,["trace","file","line"])])]),u("td",null,[u("span",{class:te({"job-status-text":!0,"is-success":g.request&&g.request.jobStatus=="done","is-error":g.request&&g.request.jobStatus=="failed"})},T(g.request?g.request.jobStatus:"waiting"),3)]),u("td",null,[g.request?(f(),v("a",{key:0,href:"#",onClick:ge(A=>o.showJob(g),["prevent"]),title:"Show details"},[D(h,{name:"search"})],8,$re)):E("",!0)])]))),128))]),_:1},8,["columns","items","filter"])])):E("",!0)}const qre=he(_re,[["render",Lre],["__scopeId","data-v-dcf5c414"]]),Dre={name:"RoutesTab",components:{DetailsTable:He},props:["active"],data:()=>({filter:ze([{tag:"method",apply:(e,t)=>{if(["get","post","put","delete","head","patch"].includes(t.toLowerCase()))return e.method.toLowerCase()==t.toLowerCase()}},{tag:"uri"}])}),computed:{columns(){let e=["Methods","URI","Action"];return this.$request.routes.some(t=>t.name)&&e.push("Name"),this.$request.routes.some(t=>t.middleware)&&e.push("Middleware"),this.$request.routes.some(t=>t.before)&&e.push("Before"),this.$request.routes.some(t=>t.after)&&e.push("After"),e}}},Pre={key:0},xre={key:0},Mre={key:1},Ure={key:2},Fre={key:3};function Hre(e,t,s,n,r,o){const i=$("details-table");return s.active?(f(),v("div",Pre,[D(i,{title:"Routes",icon:"map",columns:o.columns,items:e.$request.routes,filter:e.filter,"filter-example":"OrderController method:post uri:order"},{body:ce(({items:a})=>[(f(!0),v(B,null,le(a,(l,h)=>(f(),v("tr",{key:`${e.$request.id}-${h}`},[u("td",null,T(l.method),1),u("td",null,T(l.uri),1),u("td",null,T(l.action),1),o.columns.includes("Name")?(f(),v("td",xre,T(l.name),1)):E("",!0),o.columns.includes("Middleware")?(f(),v("td",Mre,[(f(!0),v(B,null,le(l.middleware,(d,p)=>(f(),v("span",null,T(d)+T(p==l.middleware.length-1?"":", "),1))),256))])):E("",!0),o.columns.includes("Before")?(f(),v("td",Ure,T(l.before),1)):E("",!0),o.columns.includes("After")?(f(),v("td",Fre,T(l.after),1)):E("",!0)]))),128))]),_:1},8,["columns","items","filter"])])):E("",!0)}const Bre=he(Dre,[["render",Hre]]),jre={name:"UserTab",components:{DetailsTable:He,PrettyPrint:Qe},props:["active","userTab"],data:()=>({filters:[]}),watch:{userTab:{handler(e){this.filters=e.sections.map(t=>{if(t.showAs=="table")return ze(t.data[0].map(s=>({tag:s.key})))})},immediate:!0}}},Vre={key:0},Gre={key:0,class:"counters-row"},Wre={class:"counter-value"},zre={class:"counter-title"};function Qre(e,t,s,n,r,o){const i=$("pretty-print"),a=$("details-table");return s.active?(f(),v("div",Vre,[(f(!0),v(B,null,le(s.userTab.sections,(l,h)=>(f(),v("div",{key:`${e.$request.id}-${h}`},[l.showAs=="counters"?(f(),v("div",Gre,[(f(!0),v(B,null,le(l.data,(d,p)=>(f(),v("div",{class:"counter",key:`${e.$request.id}-${p}`},[u("div",Wre,T(d.value),1),u("div",zre,T(d.key),1)]))),128))])):E("",!0),l.showAs=="table"?(f(),J(a,{key:1,title:l.title,columns:l.data[0].map(d=>d.key),items:l.data,filter:e.filters[h]},{body:ce(({items:d})=>[(f(!0),v(B,null,le(d,p=>(f(),v("tr",null,[(f(!0),v(B,null,le(p,g=>(f(),v("td",null,[D(i,{data:g.value},null,8,["data"])]))),256))]))),256))]),_:2},1032,["title","columns","items","filter"])):E("",!0)]))),128))])):E("",!0)}const Yre=he(jre,[["render",Qre]]),Kre={name:"ViewsTab",components:{PrettyPrint:Qe,Timeline:pu},props:["active"]},Xre={key:0},Jre={class:"views-view-name"};function Zre(e,t,s,n,r,o){const i=$("pretty-print"),a=$("timeline");return s.active?(f(),v("div",Xre,[D(a,{name:"views",icon:"image",timeline:e.$request.viewsData},{"table-description":ce(({item:l})=>[u("div",Jre,T(l.description),1),l.data?(f(),J(i,{key:0,data:l.data},null,8,["data"])):E("",!0)]),_:1},8,["timeline"])])):E("",!0)}const eoe=he(Kre,[["render",Zre]]);var toe=soe;function soe(e){if(e==null)return!0;if(Array.isArray(e)||typeof e=="string")return!e.length;var t={}.toString.call(e);return t=="[object Object]"?!Object.keys(e).length&&!Object.getOwnPropertySymbols(e).length:t=="[object Map]"||t=="[object Set]"?!e.size:Object(e)!==e||!Object.keys(e).length}const noe={name:"RequestDetails",components:{CreditsModal:cp,DetailsRequest:Np,MessagesOverlay:am,SettingsModal:Bm,SharingModal:Xm,SharingDeleteModal:tg,TabBar:dg,CacheTab:uy,DatabaseTab:zy,EventsTab:iE,HttpRequestsTab:bT,LogTab:IT,ModelsTab:T0,NotificationsTab:sw,OutputTab:ose,PerformanceTab:pre,RedisTab:wre,QueueTab:qre,RoutesTab:Bre,UserTab:Yre,ViewsTab:eoe},computed:{tabs(){var e,t;return[{text:"Performance",name:"performance",icon:"activity",shown:!0},{text:"Log",name:"log",icon:"edit-2",shown:this.shownTabs.log},{text:"Events",name:"events",icon:"zap",shown:this.shownTabs.events},{text:"Models",name:"models",icon:"disc",shown:this.shownTabs.models},{text:"Database",name:"database",icon:"database",shown:this.shownTabs.database},{text:"Cache",name:"cache",icon:"paperclip",shown:this.shownTabs.cache},{text:"Redis",name:"redis",icon:"layers",shown:this.shownTabs.redis},{text:"Queue",name:"queue",icon:"clock",shown:this.shownTabs.queue},{text:"HTTP",name:"httpRequests",icon:"compass",shown:this.shownTabs.httpRequests},{text:"Views",name:"views",icon:"image",shown:this.shownTabs.views},{text:"Notifications",name:"notifications",icon:"mail",shown:this.shownTabs.notifications},{text:"Routes",name:"routes",icon:"map",shown:this.shownTabs.routes}].concat((t=(e=this.$request)==null?void 0:e.userData)==null?void 0:t.map(s=>({text:s.title,name:`user-${s.key}`,icon:"menu",shown:!0}))).concat([{text:"Output",name:"output",icon:"terminal",shown:this.shownTabs.output}]).filter(Boolean)},activeTab(){if(this.$request)return this.shownTabs[this.global.activeDetailsTab]===!1?"performance":this.global.activeDetailsTab},shownTabs(){var e,t,s,n,r,o,i,a,l,h,d,p,g,y,A,k,j,W,C,R,O,q,L;return{log:((t=(e=this.$request)==null?void 0:e.log)==null?void 0:t.length)>0,models:["modelsRetrieved","modelsCreated","modelsUpdated","modelsDeleted"].some(Q=>{var oe;return!toe((oe=this.$request)==null?void 0:oe[Q])})||((s=this.$request)==null?void 0:s.modelsActions.length)>0,database:((n=this.$request)==null?void 0:n.databaseQueriesCount)>0||((o=(r=this.$request)==null?void 0:r.databaseQueries)==null?void 0:o.length)>0,cache:["cacheReads","cacheHits","cacheWrites","cacheDeletes","cacheTime"].some(Q=>{var oe;return(oe=this.$request)==null?void 0:oe[Q]})||((i=this.$request)==null?void 0:i.cacheQueries.length)>0,redis:((l=(a=this.$request)==null?void 0:a.redisCommands)==null?void 0:l.length)>0,queue:((d=(h=this.$request)==null?void 0:h.queueJobs)==null?void 0:d.length)>0,events:((g=(p=this.$request)==null?void 0:p.events)==null?void 0:g.length)>0,views:((A=(y=this.$request)==null?void 0:y.viewsData)==null?void 0:A.events.length)>0,notifications:((j=(k=this.$request)==null?void 0:k.notifications)==null?void 0:j.length)>0,httpRequests:((C=(W=this.$request)==null?void 0:W.httpRequests)==null?void 0:C.length)>0,routes:((O=(R=this.$request)==null?void 0:R.routes)==null?void 0:O.length)>0,output:((L=(q=this.$request)==null?void 0:q.commandOutput)==null?void 0:L.length)>0}}},methods:{showTab(e){this.global.activeDetailsTab=e,this.global.showIncomingRequests=!1},toggleRequestsList(){this.$settings.global.requestsListCollapsed=!this.$settings.global.requestsListCollapsed,this.$settings.save()},toggleRequestSidebar(){this.$settings.global.requestSidebarCollapsed=!this.$settings.global.requestSidebarCollapsed,this.$settings.save()},toggleSettingsModal(){this.$settings.toggle()}}},roe={class:"split-view-pane split-view-details popover-viewport"},ooe={key:0,class:"details-header"},ioe={class:"icons"},aoe={class:"icons"},loe={key:1,class:"details-content"},coe={class:"content-content"},uoe={key:2,class:"details-loading-overlay"},doe={key:3,class:"details-error-overlay"},hoe={class:"message"},foe={key:0,class:"message"},poe={key:1},moe={key:2};function goe(e,t,s,n,r,o){const i=$("icon"),a=$("tab-bar"),l=$("details-request"),h=$("events-tab"),d=$("models-tab"),p=$("database-tab"),g=$("cache-tab"),y=$("redis-tab"),A=$("queue-tab"),k=$("log-tab"),j=$("performance-tab"),W=$("views-tab"),C=$("notifications-tab"),R=$("http-requests-tab"),O=$("routes-tab"),q=$("user-tab"),L=$("output-tab"),Q=$("spinner"),oe=$("settings-modal"),P=$("credits-modal"),V=$("sharing-modal"),F=$("sharing-delete-modal"),M=$("messages-overlay");return f(),v("div",roe,[e.$platform.hasFeature("tab-bar")?(f(),v("div",ooe,[u("div",ioe,[e.$platform.hasFeature("requests-list")?(f(),v("a",{key:0,href:"#",title:"Toggle requests",onClick:t[0]||(t[0]=ge((...c)=>o.toggleRequestsList&&o.toggleRequestsList(...c),["prevent"]))},[D(i,{name:e.$settings.global.requestsListCollapsed?"chevron-right":"chevron-left"},null,8,["name"])])):E("",!0)]),D(a,{tabs:o.tabs,"active-tab":o.activeTab,onTabSelected:o.showTab},null,8,["tabs","active-tab","onTabSelected"]),u("div",aoe,[u("a",{href:"#",title:"Settings",onClick:t[1]||(t[1]=ge((...c)=>o.toggleSettingsModal&&o.toggleSettingsModal(...c),["prevent"])),class:te({active:e.$settings.shown})},[D(i,{name:"settings"})],2),u("a",{href:"#",title:"Toggle sidebar",onClick:t[2]||(t[2]=ge((...c)=>o.toggleRequestSidebar&&o.toggleRequestSidebar(...c),["prevent"]))},[D(i,{name:e.$settings.global.requestSidebarCollapsed?"chevron-left":"chevron-right"},null,8,["name"])])])])):E("",!0),e.$request&&!e.$request.loading&&!e.$request.error?(f(),v("div",loe,[t[6]||(t[6]=u("div",{class:"content-header"},null,-1)),e.$platform.hasFeature("details-request")?(f(),J(l,{key:0})):E("",!0),u("div",coe,[o.shownTabs.events?(f(),J(h,{key:0,active:o.activeTab=="events"},null,8,["active"])):E("",!0),o.shownTabs.models?(f(),J(d,{key:1,active:o.activeTab=="models"},null,8,["active"])):E("",!0),o.shownTabs.database?(f(),J(p,{key:2,active:o.activeTab=="database"},null,8,["active"])):E("",!0),o.shownTabs.cache?(f(),J(g,{key:3,active:o.activeTab=="cache"},null,8,["active"])):E("",!0),o.shownTabs.redis?(f(),J(y,{key:4,active:o.activeTab=="redis"},null,8,["active"])):E("",!0),o.shownTabs.queue?(f(),J(A,{key:5,active:o.activeTab=="queue"},null,8,["active"])):E("",!0),o.shownTabs.log?(f(),J(k,{key:6,active:o.activeTab=="log"},null,8,["active"])):E("",!0),D(j,{active:o.activeTab=="performance"},null,8,["active"]),o.shownTabs.views?(f(),J(W,{key:7,active:o.activeTab=="views"},null,8,["active"])):E("",!0),o.shownTabs.notifications?(f(),J(C,{key:8,active:o.activeTab=="notifications"},null,8,["active"])):E("",!0),o.shownTabs.httpRequests?(f(),J(R,{key:9,active:o.activeTab=="httpRequests"},null,8,["active"])):E("",!0),o.shownTabs.routes?(f(),J(O,{key:10,active:o.activeTab=="routes"},null,8,["active"])):E("",!0),(f(!0),v(B,null,le(e.$get(e.$request,"userData"),(c,m)=>(f(),J(q,{key:`${e.$request.id}-${m}`,"user-tab":c,active:o.activeTab==`user-${c.key}`},null,8,["user-tab","active"]))),128)),o.shownTabs.output?(f(),J(L,{key:11,active:o.activeTab=="output"},null,8,["active"])):E("",!0)])])):E("",!0),e.$get(e.$request,"loading")&&!e.$authentication.shown?(f(),v("div",uoe,[D(Q,{color:e.$settings.appearance=="dark"?"#f27e02":"#258cdb"},null,8,["color"])])):E("",!0),e.$get(e.$request,"error")&&e.$get(e.$request,"error.error")!="requires-authentication"?(f(),v("div",doe,[D(i,{name:"alert-circle"}),t[7]||(t[7]=u("p",{class:"title"},"Error loading request metadata.",-1)),u("p",hoe,T(e.$get(e.$request,"error.message")),1),t[8]||(t[8]=u("a",{href:"https://underground.works/clockwork/#faq-error-loading-metadata",target:"_blank"},"More info",-1))])):E("",!0),e.$authentication.shown?(f(),v("div",{key:4,class:te(["details-authentication-overlay",{failed:e.$authentication.failed}])},[u("form",{onSubmit:t[5]||(t[5]=ge(c=>e.$authentication.attempt(),["prevent"]))},[D(i,{name:"lock"}),t[9]||(t[9]=u("p",{class:"title"},"This site requires authentication.",-1)),t[10]||(t[10]=u("p",{class:"title failed"},"Authentication failed.",-1)),e.$authentication.message?(f(),v("p",foe,T(e.$authentication.message),1)):E("",!0),e.$authentication.requires.includes("username")?(f(),v("p",poe,[Oe(u("input",{type:"text","onUpdate:modelValue":t[3]||(t[3]=c=>e.$authentication.username=c),placeholder:"Username"},null,512),[[gt,e.$authentication.username]])])):E("",!0),e.$authentication.requires.includes("password")?(f(),v("p",moe,[Oe(u("input",{type:"password","onUpdate:modelValue":t[4]||(t[4]=c=>e.$authentication.password=c),placeholder:"Password"},null,512),[[gt,e.$authentication.password]])])):E("",!0),t[11]||(t[11]=u("p",null,[u("button",{type:"submit"},"Submit")],-1))],32)],2)):E("",!0),D(oe),D(P),D(V),D(F),D(M)])}const voe=he(noe,[["render",goe]]),boe={name:"SidebarSection",components:{DetailsTable:He,PrettyPrint:Qe},props:["title","name","filterExample","items"],data:()=>({filter:ze([{tag:"name"}]),expandedSearch:!1}),computed:{expanded(){return this.$settings.global.requestSidebarCollapsedSections[this.name]!==!1}},methods:{toggle(){this.$settings.global.requestSidebarCollapsedSections[this.name]=!this.expanded,this.$settings.save()},expandSearch(){this.expandedSearch=!0,this.$nextTick(()=>this.$refs.searchInput.focus())}}},yoe={class:"sidebar-section"},Eoe={class:"section-header"},Toe={class:"header-group"},woe={key:0,class:"header-search"},_oe={key:0},Soe={colspan:"2"},Roe={class:"key"},Coe={class:"value"};function Aoe(e,t,s,n,r,o){const i=$("icon"),a=$("pretty-print"),l=$("details-table");return f(),v("div",yoe,[u("div",Eoe,[u("div",{class:"header-title",onClick:t[0]||(t[0]=(...h)=>o.toggle&&o.toggle(...h))},[D(i,{name:o.expanded?"chevron-down":"chevron-up"},null,8,["name"]),z(" "+T(s.title),1)]),u("div",Toe,[e.expandedSearch?(f(),v("div",woe,[Oe(u("input",{type:"search","onUpdate:modelValue":t[1]||(t[1]=h=>e.filter.input=h),placeholder:"Search...",ref:"searchInput"},null,512),[[gt,e.filter.input]]),D(i,{name:"search"})])):(f(),v("a",{key:1,href:"#",class:"header-item",onClick:t[2]||(t[2]=ge((...h)=>o.expandSearch&&o.expandSearch(...h),["prevent"]))},[D(i,{name:"search"})]))])]),$t(e.$slots,"content",{expanded:o.expanded},()=>[o.expanded?(f(),v("div",_oe,[$t(e.$slots,"above-table")])):E("",!0),$t(e.$slots,"table",{items:s.items,filter:e.filter,filterExample:s.filterExample,expanded:o.expanded},()=>[o.expanded?(f(),J(l,{key:0,columns:["Key","Value"],items:s.items,filter:e.filter,"filter-example":s.filterExample,"no-header":!0,"no-table-head":!0},{body:ce(({items:h})=>[(f(!0),v(B,null,le(h,(d,p)=>(f(),v("tr",{key:`${e.$request.id}-${p}`},[u("td",Soe,[u("div",Roe,T(d.name),1),u("div",Coe,[D(a,{data:d.value},null,8,["data"])])])]))),128))]),_:1},8,["items","filter","filter-example"])):E("",!0)])])])}const ao=he(boe,[["render",Aoe]]),koe={name:"CommandTab",components:{SidebarSection:ao}},Noe={class:"command-tab"};function Ooe(e,t,s,n,r,o){const i=$("sidebar-section");return f(),v("div",Noe,[e.$request.commandArgumentsMerged.length?(f(),J(i,{key:0,title:"Arguments",name:"arguments",items:e.$request.commandArgumentsMerged,"filter-example":'"Mike Jones" name:name'},null,8,["items"])):E("",!0),e.$request.commandOptionsMerged.length?(f(),J(i,{key:1,title:"Options",name:"options",items:e.$request.commandOptionsMerged,"filter-example":'"Mike Jones" name:name'},null,8,["items"])):E("",!0)])}const Ioe=he(koe,[["render",Ooe]]),$oe={name:"QueueJobTab",components:{PrettyPrint:Qe,SidebarSection:ao}},Loe={class:"queue-job-tab"},qoe={key:0,class:"data-value"},Doe={key:0,class:"data-value"},Poe={key:0,class:"data-value"};function xoe(e,t,s,n,r,o){const i=$("pretty-print"),a=$("sidebar-section");return f(),v("div",Loe,[e.$request.jobPayload?(f(),J(a,{key:0,title:"Payload",name:"payload"},{content:ce(({expanded:l})=>[l?(f(),v("div",qoe,[D(i,{data:e.$request.jobPayload,expanded:!0},null,8,["data"])])):E("",!0)]),_:1})):E("",!0),e.$request.jobQueue?(f(),J(a,{key:1,title:"Queue",name:"queue"},{content:ce(({expanded:l})=>[l?(f(),v("div",Doe,T(e.$request.jobQueue),1)):E("",!0)]),_:1})):E("",!0),e.$request.jobConnection?(f(),J(a,{key:2,title:"Connection",name:"connection"},{content:ce(({expanded:l})=>[l?(f(),v("div",Poe,T(e.$request.jobConnection),1)):E("",!0)]),_:1})):E("",!0),e.$request.jobOptions.length?(f(),J(a,{key:3,title:"Options",name:"options",items:e.$request.jobOptions,"filter-example":'"Mike Jones" name:name'},null,8,["items"])):E("",!0)])}const Moe=he($oe,[["render",xoe]]),Uoe={name:"RequestTab",components:{DetailsTable:He,SidebarSection:ao},computed:{headers(){return this.$request.cookies.length?this.$request.headers.filter(e=>e.name!="Cookie"):this.$request.headers}}},Foe={class:"request-tab"},Hoe={key:0,class:"data-raw"},Boe={class:"value"},joe={key:0,class:"session-user"},Voe={key:0,class:"name"},Goe={key:0,class:"session-user-details"},Woe={key:0,class:"dimmed"};function zoe(e,t,s,n,r,o){const i=$("sidebar-section"),a=$("details-table"),l=$("icon");return f(),v("div",Foe,[o.headers.length?(f(),J(i,{key:0,title:"Headers",name:"headers",items:o.headers,"filter-example":"text/html name:Accept"},null,8,["items"])):E("",!0),e.$request.requestData?(f(),J(i,{key:1,title:"Data",name:"data",items:e.$request.requestData,"filter-example":"420 name:price"},oh({_:2},[e.$request.requestData instanceof Object?void 0:{name:"content",fn:ce(({expanded:h})=>[h?(f(),v("div",Hoe,T(e.$request.requestData),1)):E("",!0)]),key:"0"}]),1032,["items"])):E("",!0),e.$request.getData.length?(f(),J(i,{key:2,title:"GET data",name:"getData",items:e.$request.getData,"filter-example":"created_at name:orderBy"},null,8,["items"])):E("",!0),e.$request.postData.length?(f(),J(i,{key:3,title:"POST data",name:"postData",items:e.$request.postData,"filter-example":'"Mike Jones" name:name'},null,8,["items"])):E("",!0),e.$request.cookies.length?(f(),J(i,{key:4,title:"Cookies",name:"cookies",items:e.$request.cookies,"filter-example":'"Mike Jones" name:name'},null,8,["items"])):E("",!0),e.$request.middleware.length?(f(),J(i,{key:5,title:"Middleware",name:"middleware",items:e.$request.middleware,"filter-example":"auth:admin"},{table:ce(({items:h,filter:d,filterExample:p,expanded:g})=>[g?(f(),J(a,{key:0,columns:["Value"],items:h,filter:d,"filter-example":p,"no-header":!0,"no-table-head":!0},{header:ce(({filter:y})=>t[0]||(t[0]=[])),body:ce(({items:y})=>[(f(!0),v(B,null,le(y,(A,k)=>(f(),v("tr",{key:`${e.$request.id}-${k}`},[u("td",Boe,T(A),1)]))),128))]),_:2},1032,["items","filter","filter-example"])):E("",!0)]),_:1},8,["items"])):E("",!0),e.$request.sessionData.length||e.$request.authenticatedUser?(f(),J(i,{key:6,title:"Session",name:"session",items:e.$request.sessionData,"filter-example":"registration successful name:_token"},{"above-table":ce(()=>[e.$request.authenticatedUser?(f(),v("div",joe,[D(l,{name:"user"}),u("div",null,[e.$request.authenticatedUser.name&&e.$request.authenticatedUser.name.trim()?(f(),v("span",Voe,T(e.$request.authenticatedUser.name),1)):E("",!0),u("span",{class:te(e.$request.authenticatedUser.name&&e.$request.authenticatedUser.name.trim()?"dimmed":"")},T(e.$request.authenticatedUser.username),3)]),e.$request.authenticatedUser.email||e.$request.authenticatedUser.id?(f(),v("span",Goe,[e.$request.authenticatedUser.id?(f(),v("span",Woe,"#"+T(e.$request.authenticatedUser.id),1)):E("",!0)])):E("",!0)])):E("",!0)]),_:1},8,["items"])):E("",!0)])}const Qoe=he(Uoe,[["render",zoe]]),Yoe={name:"TestTab",components:{DetailsTable:He,PrettyPrint:Qe,SidebarSection:ao,StackTrace:ht},computed:{asserts(){return this.$request.testAsserts.reverse()}}},Koe={class:"request-tab test-tab"},Xoe={class:"value test-assert"},Joe={class:"assert-name"},Zoe={class:"assert-name-text"},eie={class:"assert-name-trace"};function tie(e,t,s,n,r,o){const i=$("stack-trace"),a=$("pretty-print"),l=$("details-table"),h=$("sidebar-section");return f(),v("div",Koe,[e.$request.testStatusMessage?(f(),v("div",{key:0,class:te(["test-status-message",{error:e.$request.isTestError(),warning:e.$request.isTestWarning()}])},T(e.$request.testStatusMessage),3)):E("",!0),o.asserts.length?(f(),J(h,{key:1,title:"Asserts",name:"asserts",items:o.asserts,"filter-example":"text/html name:Accept"},{table:ce(({items:d,filter:p,filterExample:g,expanded:y})=>[y?(f(),J(l,{key:0,columns:["Assert"],items:d,filter:p,"filter-example":g,"no-header":!0,"no-table-head":!0},{body:ce(({items:A})=>[(f(!0),v(B,null,le(A,(k,j)=>(f(),v("tr",{key:`${e.$request.id}-${j}`},[u("td",Xoe,[u("div",Joe,[u("div",{class:te(["assert-name-content",{"assert-failed":!k.passed}])},[u("span",Zoe,T(k.name),1)],2),u("div",eie,[D(i,{trace:k.trace},null,8,["trace"])])]),D(a,{data:k.arguments},null,8,["data"])])]))),128))]),_:2},1032,["items","filter","filter-example"])):E("",!0)]),_:1},8,["items"])):E("",!0)])}const sie=he(Yoe,[["render",tie]]),nie={name:"RequestSidebar",components:{CommandTab:Ioe,ExceptionSection:$c,ParentRequest:Lc,QueueJobTab:Moe,RequestTab:Qoe,TestTab:sie},computed:{shareUrl(){return this.$request?`${window.location.origin}#${this.$request.id}`:"#"}}},rie={key:0,class:"sidebar-header"},oie=["title"],iie={class:"info-main"},aie={key:0,class:"type-text"},lie={class:"method-text"},cie={key:4,href:"#",class:"info-copy",title:"Copy url"},uie={class:"info-details"},die={class:"header-status"},hie=["title"],fie=["title"],pie=["title"],mie=["title"],gie={class:"sidebar-content"},vie={class:"content-actions"},bie={class:"content-meta"},yie={key:0,class:"meta-date"},Eie={key:1,class:"meta-id"},Tie=["href"];function wie(e,t,s,n,r,o){const i=$("parent-request"),a=$("icon"),l=$("exception-section"),h=$("command-tab"),d=$("queue-job-tab"),p=$("test-tab"),g=$("request-tab"),y=tc("clipboard");return f(),v("div",{class:te([{"request-sidebar":!0,large:e.$settings.global.requestsListCollapsed},"popover-viewport"])},[D(i),e.$request?(f(),v("div",rie,[u("div",{class:"header-info",title:e.$request.tooltip},[u("div",iie,[e.$request.isCommand()?(f(),v(B,{key:0},[t[2]||(t[2]=u("span",{class:"type-text"},"CMD",-1)),z(" "+T(e.$request.commandName),1)],64)):e.$request.isQueueJob()?(f(),v(B,{key:1},[t[3]||(t[3]=u("span",{class:"type-text"},"QUEUE",-1)),z(" "+T(e.$request.jobName),1)],64)):e.$request.isTest()?(f(),v(B,{key:2},[t[4]||(t[4]=u("span",{class:"type-text"},"TEST",-1)),z(" "+T(e.$request.testGroup),1)],64)):(f(),v(B,{key:3},[e.$request.isAjax()?(f(),v("span",aie,"AJAX")):E("",!0),u("span",lie,T(e.$request.method),1),z(" "+T(e.$request.uri),1)],64)),e.$request&&e.$request.url?Oe((f(),v("a",cie,[D(a,{name:"link"})])),[[y,e.$request.url,"copy"]]):E("",!0)]),u("div",uie,[e.$request.isCommand()?(f(),v(B,{key:0},[z(T(e.$request.commandLine),1)],64)):e.$request.isQueueJob()?(f(),v(B,{key:1},[z(T(e.$request.jobDescription),1)],64)):e.$request.isTest()?(f(),v(B,{key:2},[z(T(e.$request.testName),1)],64)):(f(),v(B,{key:3},[z(T(e.$request.controller),1)],64))])],8,oie),e.$request.errorsCount?(f(),J(a,{key:0,name:"alert-circle",class:"header-alert alert-errors"})):e.$request.warningsCount?(f(),J(a,{key:1,name:"alert-triangle",class:"header-alert alert-warnings"})):E("",!0),u("div",die,[e.$request.isCommand()?(f(),v("span",{key:0,class:te({"status-text":!0,"client-error":e.$request.isCommandWarning(),"server-error":e.$request.isCommandError()}),title:e.$request.commandExitCode},T(e.$request.commandExitCode),11,hie)):e.$request.isQueueJob()?(f(),v("span",{key:1,class:te({"status-text":!0,"status-text-small":!0,"client-error":e.$request.isQueueJobWarning(),"server-error":e.$request.isQueueJobError()}),title:e.$request.jobStatus},T(e.$request.jobStatus),11,fie)):e.$request.isTest()?(f(),v("span",{key:2,class:te({"status-text":!0,"status-text-small":!0,"client-error":e.$request.isTestWarning(),"server-error":e.$request.isTestError()}),title:e.$request.testStatus},T(e.$request.testStatus),11,pie)):(f(),v("span",{key:3,class:te({"status-text":!0,"client-error":e.$request.isClientError(),"server-error":e.$request.isServerError()}),title:e.$request.responseStatus},T(e.$request.responseStatus),11,mie))])])):E("",!0),D(l),u("div",gie,[e.$request&&e.$request.isCommand()?(f(),J(h,{key:0})):E("",!0),e.$request&&e.$request.isQueueJob()?(f(),J(d,{key:1})):E("",!0),e.$request&&e.$request.isTest()?(f(),J(p,{key:2})):e.$request?(f(),J(g,{key:3})):E("",!0),u("div",vie,[e.$platform.hasFeature("sharing")?(f(),v("a",{key:0,href:"#",class:"button",onClick:t[0]||(t[0]=ge(A=>e.$sharing.toggle(),["prevent"]))},[D(a,{name:"share"}),t[5]||(t[5]=z(" Share "))])):E("",!0),e.$platform.hasFeature("delete-shared")?(f(),v("a",{key:1,href:"#",class:"button",onClick:t[1]||(t[1]=ge(A=>e.$sharing.toggleDelete(),["prevent"]))},[D(a,{name:"trash-2"}),t[6]||(t[6]=z(" Delete "))])):E("",!0)]),u("div",bie,[e.$request&&e.$request.time?(f(),v("div",yie,T(e.$date(e.$request.time*1e3,"y-MM-dd HH:mm:ss")),1)):E("",!0),e.$request?(f(),v("div",Eie,[u("a",{href:o.shareUrl},T(e.$request.id),9,Tie)])):E("",!0)])])],2)}const _ie=he(nie,[["render",wie]]),Sie={name:"RequestsList",components:{},data:()=>({loadingMoreRequests:!1}),computed:{requests(){let e=this.$requests.items;return this.$settings.global.hideCommandTypeRequests&&(e=e.filter(t=>t.type!="command")),this.$settings.global.hideQueueJobTypeRequests&&(e=e.filter(t=>t.type!="queue-job")),this.$settings.global.hideTestTypeRequests&&(e=e.filter(t=>t.type!="test")),e},showDatabaseTime(){return this.requests.find(e=>e.databaseDuration>0)}},mounted(){this.$refs.requestsContainer.scrollTop=this.$refs.requestsTable.offsetTop},methods:{isActive(e){var t;return((t=this.$request)==null?void 0:t.id)==e},showRequest(e){this.global.$request=e},loadMoreRequests(){this.loadingMoreRequests=!0,this.$requests.loadPrevious(10).then(()=>{this.loadingMoreRequests=!1})},shouldShowFirstRequest(){return!this.$settings.global.preserveLog&&(!this.$request||!this.$requests.findId(this.$request.id))},shouldShowIncomingRequest(){var e;return this.$settings.global.preserveLog&&(!this.$request||this.$settings.global.showIncomingRequests&&this.global.showIncomingRequests)&&(!this.$request||!((e=this.$requests.last())!=null&&e.isAjax()))},clear(){this.$requests.clear()}},watch:{"requests.length":{handler(e){this.shouldShowFirstRequest()?this.showRequest(this.$requests.first()):this.shouldShowIncomingRequest()&&(this.showRequest(this.$requests.last()),this.$nextTick(()=>this.$refs.requestsContainer.scrollTop=this.$refs.requestsTable.offsetHeight+this.$refs.requestsTable.offsetTop))}},$request:{handler(e){var n,r;((r=(n=this.$request)==null?void 0:n.error)==null?void 0:r.error)=="requires-authentication"&&this.$authentication.request(this.$request.error.message,this.$request.error.requires);let t=this.$requests.last(o=>!o.isAjax())||this.$requests.last(),s=this.$requests.all().indexOf(t);this.global.showIncomingRequests=this.$requests.all().slice(s).includes(e)}},"$request.loading":{handler(e){var t,s;e||((s=(t=this.$request)==null?void 0:t.error)==null?void 0:s.error)=="requires-authentication"&&this.$authentication.request(this.$request.error.message,this.$request.error.requires)}}}},Rie={class:"requests-header",id:"requests-header"},Cie={class:"duration"},Aie={key:0},kie={class:"requests-container",ref:"requestsContainer"},Nie={class:"requests-content"},Oie={class:"content-above",ref:"contentAbove"},Iie={class:"requests-search"},$ie={class:"requests-table",ref:"requestsTable"},Lie={id:"requests"},qie=["onClick"],Die=["title"],Pie={class:"controller-big"},xie={key:0,class:"type-text"},Mie={class:"method-text"},Uie={key:0},Fie={key:1},Hie={key:2},Bie={key:0},jie={key:1},Vie=["title"],Gie=["title"],Wie=["title"],zie=["title"],Qie=["title"],Yie={key:0};function Kie(e,t,s,n,r,o){const i=$("icon");return f(),v("div",{class:te([{"split-view-pane split-view-requests":!0,large:e.$settings.global.requestSidebarCollapsed},"popover-viewport"])},[u("div",Rie,[u("table",null,[u("thead",null,[u("tr",null,[t[6]||(t[6]=u("th",{class:"controller"},[z(" Path"),u("br"),u("small",null,"Controller")],-1)),t[7]||(t[7]=u("th",{class:"status"}," Status ",-1)),u("th",Cie,[t[4]||(t[4]=z(" Time")),t[5]||(t[5]=u("br",null,null,-1)),o.showDatabaseTime?(f(),v("small",Aie,"Database")):E("",!0)])])])])]),u("div",kie,[u("div",Nie,[u("div",Oie,[u("div",Iie,[Oe(u("input",{type:"search","onUpdate:modelValue":t[0]||(t[0]=a=>e.$requestsSearch.input=a),onInput:t[1]||(t[1]=(...a)=>e.$requestsSearch.searchDebounced&&e.$requestsSearch.searchDebounced(...a)),placeholder:"Search..."},null,544),[[gt,e.$requestsSearch.input]]),D(i,{name:"search"})]),u("a",{href:"#",class:"button",onClick:t[2]||(t[2]=ge((...a)=>o.loadMoreRequests&&o.loadMoreRequests(...a),["prevent"]))},T(e.loadingMoreRequests?"Loading...":"Load more"),1)],512),u("div",$ie,[u("table",Lie,[(f(!0),v(B,null,le(o.requests,a=>(f(),v("tr",{key:a.id,onClick:l=>o.showRequest(a),class:te({selected:o.isActive(a.id)})},[u("td",{class:"controller",title:a.tooltip},[u("span",Pie,[a.errorsCount?(f(),J(i,{key:0,name:"alert-circle",class:"request-alert alert-errors"})):a.warningsCount?(f(),J(i,{key:1,name:"alert-triangle",class:"request-alert alert-warnings"})):E("",!0),a.isCommand()?(f(),v(B,{key:2},[t[8]||(t[8]=u("span",{class:"type-text"},"CMD",-1)),z(" "+T(a.commandName),1)],64)):a.isQueueJob()?(f(),v(B,{key:3},[t[9]||(t[9]=u("span",{class:"type-text"},"QUEUE",-1)),z(" "+T(a.jobName),1)],64)):a.isTest()?(f(),v(B,{key:4},[t[10]||(t[10]=u("span",{class:"type-text"},"TEST",-1)),z(" "+T(a.testGroup),1)],64)):(f(),v(B,{key:5},[a.isAjax()?(f(),v("span",xie,"AJAX")):E("",!0),u("span",Mie,T(a.method),1),z(" "+T(a.uri),1)],64))]),t[11]||(t[11]=u("br",null,null,-1)),a.isCommand()?(f(),v("small",Uie,T(a.commandLine),1)):a.isQueueJob()?(f(),v("small",Fie,T(a.jobDescription),1)):a.isTest()?(f(),v("small",Hie,T(a.testName),1)):(f(),v(B,{key:3},[e.$settings.global.requestSidebarCollapsed?(f(),v("small",Bie,T(a.controller),1)):(f(),v("small",jie,T(e.$shortClass(a.controller)),1))],64))],8,Die),a.isCommand()?(f(),v("td",{key:0,class:"status",title:a.commandExitCode},[u("span",{class:te({"status-text":!0,"client-error":a.isCommandWarning(),"server-error":a.isCommandError()})},T(a.commandExitCode),3)],8,Vie)):a.isQueueJob()?(f(),v("td",{key:1,class:"status",title:a.jobStatus},[u("span",{class:te({"status-text":!0,"status-text-small":!0,"client-error":a.isQueueJobWarning(),"server-error":a.isQueueJobError()})},T(a.jobStatus),3)],8,Gie)):a.isTest()?(f(),v("td",{key:2,class:"status",title:a.testStatus},[u("span",{class:te({"status-text":!0,"status-text-small":!0,"client-error":a.isTestWarning(),"server-error":a.isTestError()})},T(a.testStatus),3)],8,Wie)):(f(),v("td",{key:3,class:"status",title:a.responseStatus},[u("span",{class:te({"status-text":!0,"client-error":a.isClientError(),"server-error":a.isServerError()})},T(a.responseStatus),3)],8,zie)),u("td",{class:"duration",title:`${a.responseDurationRounded} ms (${a.databaseDurationRounded} ms)`},[z(T(a.responseDurationRounded)+" ms",1),t[12]||(t[12]=u("br",null,null,-1)),o.showDatabaseTime?(f(),v("small",Yie,T(a.databaseDurationRounded)+" ms",1)):E("",!0)],8,Qie)],10,qie))),128))])],512),u("a",{href:"#",class:"button requests-clear",onClick:t[3]||(t[3]=ge((...a)=>o.clear&&o.clear(...a),["prevent"]))},[D(i,{name:"slash"}),t[13]||(t[13]=z(" Clear "))])])],512)],2)}const Xie=he(Sie,[["render",Kie]]);let gu=class Kn{constructor(t,s){this.platform=t,this.settings=s}get show(){return this.settings.global.seenReleaseNotesVersion!=Kn.latestRelease.version&&this.settings.persistent&&this.settings.loaded&&this.platform.hasFeature("whats-new")}seen(){this.settings.global.seenReleaseNotesVersion=Kn.latestRelease.version,this.settings.save()}static get latestRelease(){return Kn.releases[0]}static get releases(){return[{version:"5.3",url:"https://underground.works/blog/clockwork-5.3-released-with-http-requests-and-mode",notes:[{title:"HTTP Requests",text:["This new tab shows HTTP requests executed by your application, including details like request and response bodies and headers.","Requests executed via the Laravel HTTP client are automatically collected and you can also easily collect any Guzzle based library."],image:"http-requests.png",imagePlacement:"right"},{title:"Server-side Library Updated",text:["The server-side library was also updated with support for collecting HTTP requests, improved Vanilla integration and more.",'For the full list of improvements, changes, and fixes click on the "learn more" button.']}]},{version:"5.1",url:"https://underground.works/blog/clockwork-5.1-released-with-database-queries-highlighting-and-more",notes:[{title:"Database Queries Highlighting",text:["Database queries are now easier to read with SQL syntax highlighting. You can also enable the prettify mode to reformat the queries for even more readibility."],image:"database-queries.png",imagePlacement:"top"},{title:"Server-side Library Updated",text:["The server-side library was also updated with support for Laravel Octane, collecting cache values and more.",'For the full list of improvements, changes, and fixes click on the "learn more" button.']}]},{version:"5.0",url:"https://underground.works/blog/clockwork-5.0-released-with-client-side-metrics-toolbar-and-more",notes:[{title:"UI refinements",text:["Almost every part of the Clockwork UI was touched up and improved. From simplified requests list, new tab bar, counters and tables to reworked dark theme colors.",'You will also find a new "credits" link in the settings modal. This opens a credits modal with a little shout-out to all contributors, sponsors and used third-party dependencies.'],image:"clockwork-5.png",imagePlacement:"top"},{title:"Timeline",text:["Timeline was rebuilt from the ground up in this release.","The new timeline makes it easier than ever before to figure out what's happening in your application.","The condense option makes the timeline more compact and clicking on an event now reveals a popover with more details."],image:"timeline.png",imagePlacement:"right"},{title:"Client-side metrics and Web Vitals",text:["Clockwork helps you to keep your server-side performance in check. Optimizing the backend is just half of the battle though.","Clockwork can now collect client-side performance metrics. Supported are both navigation timings and Web Vitals","Collecting these metrics requires installing a tiny javascript library from npm or via cdn. Check the docs for more details."],image:"client-metrics.png",imagePlacement:"left"},{title:"Models",text:["Models tab is a new tool in your toolbelt for dealing with database issues.","Models actions give you a different point of view at your database usage.","Models counts will show you how many of each model you've retrieved, created, updated and deleted."],image:"models-tab.png",imagePlacement:"right"},{title:"Notifications",text:["Notifications tab is a new tab replacing the emails tab.","This time we support not only emails, but all kinds of notifications, like SMS or Slack messages.","With details like subject, recipient, sender, but also notifiable, notified and mailable objects in Larvel."],image:"notifications-tab.png",imagePlacement:"left"},{title:"Sharing",text:["Have you ever wanted to share a Clockwork profile with someone else? Maybe you'd like to share details of a crash from a local environment with a co-worker. Or before and after optimisation metrics with your boss.","Sharing a request uploads the metadata to a Clockwork share service and gives you a public link to share with others. On this link you will find a fully working Clockwork app showing the request you shared.","The share service is free to use, click on the share button in the sidebar to start."]},{title:"Toolbar",text:["Clockwork now gives you an option to show basic request information in the form of a toolbar in your app.","A tiny browser component has to be installed from npm or via cdn. See the docs for full installation instructions."],image:"toolbar.png",imagePlacement:"top"}]}]}};const Jie=(...e)=>We(new gu(...e)),Zie={name:"WhatsNew",components:{Modal:vs},computed:{release(){return gu.latestRelease}},methods:{close(){this.$whatsNew.seen()}}},eae={class:"whats-new"},tae={class:"whats-new-content"},sae=["src"],nae=["src"],rae={class:"whats-new-actions"},oae=["href"];function iae(e,t,s,n,r,o){const i=$("modal");return f(),J(i,{icon:"star",title:"What's new",shown:e.$whatsNew.show,"on-close":o.close},{default:ce(()=>[u("div",eae,[u("div",tae,[t[2]||(t[2]=u("h1",null,"Clockwork has just been updated!",-1)),(f(!0),v(B,null,le(o.release.notes,a=>(f(),v("div",{class:te(["whats-new-section",`image-${a.imagePlacement||"bottom"}`])},[a.image&&(a.imagePlacement||"bottom")!="bottom"?(f(),v("img",{key:0,src:`img/whats-new/${o.release.version}/${a.image}`},null,8,sae)):E("",!0),u("h2",null,T(a.title),1),(f(!0),v(B,null,le(a.text,l=>(f(),v("p",null,T(l),1))),256)),a.image&&(a.imagePlacement||"bottom")=="bottom"?(f(),v("img",{key:1,src:`img/whats-new/${o.release.version}/${a.image}`},null,8,nae)):E("",!0)],2))),256)),u("div",rae,[u("a",{href:o.release.url,target:"_blank",class:"actions-show-more"},"Learn more",8,oae),u("a",{onClick:t[0]||(t[0]=ge((...a)=>o.close&&o.close(...a),["prevent"])),href:"#",class:"actions-close"},"Close"),t[1]||(t[1]=u("p",null,[u("small",null,"Some of the new features might require server-side Clockwork library update.")],-1))])])])]),_:1},8,["shown","on-close"])}const aae=he(Zie,[["render",iae]]),lae={name:"LivewirePanel",data(){return{components:[],events:[],queries:[],isTimeTravelEnabled:!1,mcpClient:null}},methods:{refreshState(){this.mcpClient.getQueryAnalysis(),this.components.forEach(e=>{this.mcpClient.getComponentState(e.id)})},toggleTimeTravel(){this.isTimeTravelEnabled=!this.isTimeTravelEnabled,this.mcpClient.send({type:"timeTravel",enabled:this.isTimeTravelEnabled})},editState(e){this.mcpClient.updateComponentState(e.id,e.state)},viewEvents(e){this.mcpClient.getComponentEvents(e.id)},formatTime(e){return new Date(e).toLocaleTimeString()}},mounted(){this.mcpClient=this.$parent.mcpClient,this.mcpClient.subscribe("livewire.state",e=>{const t=this.components.findIndex(s=>s.id===e.componentId);t!==-1?this.components[t].state=e.state:this.components.push({id:e.componentId,name:e.name,state:e.state})}),this.mcpClient.subscribe("livewire.events",e=>{this.events=e.events}),this.mcpClient.subscribe("livewire.queries",e=>{this.queries=e.queries}),this.refreshState()},beforeUnmount(){this.mcpClient&&(this.mcpClient.unsubscribe("livewire.state"),this.mcpClient.unsubscribe("livewire.events"),this.mcpClient.unsubscribe("livewire.queries"))}},cae={class:"livewire-panel"},uae={class:"panel-header"},dae={class:"panel-controls"},hae={class:"panel-content"},fae={class:"state-inspector"},pae={class:"component-list"},mae={class:"component-header"},gae={class:"component-name"},vae={class:"component-id"},bae={class:"component-state"},yae={class:"component-actions"},Eae=["onClick"],Tae=["onClick"],wae={class:"event-timeline"},_ae={class:"timeline-list"},Sae={class:"event-time"},Rae={class:"event-name"},Cae={class:"event-component"},Aae={class:"query-analysis"},kae={class:"query-list"},Nae={class:"query-header"},Oae={class:"query-time"},Iae={class:"query-sql"};function $ae(e,t,s,n,r,o){return f(),v("div",cae,[u("div",uae,[t[2]||(t[2]=u("h2",null,"Livewire Debug",-1)),u("div",dae,[u("button",{onClick:t[0]||(t[0]=(...i)=>o.refreshState&&o.refreshState(...i))},"Refresh"),u("button",{onClick:t[1]||(t[1]=(...i)=>o.toggleTimeTravel&&o.toggleTimeTravel(...i))},"Time Travel")])]),u("div",hae,[u("div",fae,[t[3]||(t[3]=u("h3",null,"Component State",-1)),u("div",pae,[(f(!0),v(B,null,le(r.components,i=>(f(),v("div",{key:i.id,class:"component-item"},[u("div",mae,[u("span",gae,T(i.name),1),u("span",vae,"#"+T(i.id),1)]),u("div",bae,[u("pre",null,T(JSON.stringify(i.state,null,2)),1)]),u("div",yae,[u("button",{onClick:a=>o.editState(i)},"Edit State",8,Eae),u("button",{onClick:a=>o.viewEvents(i)},"View Events",8,Tae)])]))),128))])]),u("div",wae,[t[4]||(t[4]=u("h3",null,"Event Timeline",-1)),u("div",_ae,[(f(!0),v(B,null,le(r.events,i=>(f(),v("div",{key:i.id,class:"timeline-item"},[u("span",Sae,T(o.formatTime(i.timestamp)),1),u("span",Rae,T(i.name),1),u("span",Cae,T(i.component),1)]))),128))])]),u("div",Aae,[t[5]||(t[5]=u("h3",null,"Query Analysis",-1)),u("div",kae,[(f(!0),v(B,null,le(r.queries,i=>(f(),v("div",{key:i.id,class:"query-item"},[u("div",Nae,[u("span",Oae,T(i.time)+"ms",1),u("span",{class:te(["query-type",{"n1-warning":i.isN1}])},"N+1",2)]),u("pre",Iae,T(i.sql),1)]))),128))])])])])}const Lae=he(lae,[["render",$ae],["__scopeId","data-v-010785f7"]]);class qae{constructor(){this.ws=null,this.reconnectAttempts=0,this.maxReconnectAttempts=5,this.reconnectDelay=1e3,this.subscribers=new Map}connect(t="localhost",s=8080){try{this.ws=new WebSocket(`ws://${t}:${s}`),this.ws.onopen=()=>{console.log("Connected to Tapped MCP server"),this.reconnectAttempts=0,this.subscribeToAll()},this.ws.onmessage=n=>{const r=JSON.parse(n.data);this.handleMessage(r)},this.ws.onclose=()=>{console.log("Disconnected from Tapped MCP server"),this.attemptReconnect()},this.ws.onerror=n=>{console.error("WebSocket error:",n)}}catch(n){console.error("Failed to connect to MCP server:",n),this.attemptReconnect()}}attemptReconnect(){this.reconnectAttempts<this.maxReconnectAttempts&&(this.reconnectAttempts++,setTimeout(()=>{console.log(`Attempting to reconnect (${this.reconnectAttempts}/${this.maxReconnectAttempts})...`),this.connect()},this.reconnectDelay*this.reconnectAttempts))}subscribe(t,s){this.subscribers.has(t)||this.subscribers.set(t,new Set),this.subscribers.get(t).add(s),this.ws&&this.ws.readyState===WebSocket.OPEN&&this.send({type:"subscribe",channel:t})}unsubscribe(t,s){this.subscribers.has(t)&&(this.subscribers.get(t).delete(s),this.subscribers.get(t).size===0&&(this.subscribers.delete(t),this.ws&&this.ws.readyState===WebSocket.OPEN&&this.send({type:"unsubscribe",channel:t})))}subscribeToAll(){["livewire.state","livewire.events","livewire.queries","livewire.performance"].forEach(s=>{this.send({type:"subscribe",channel:s})})}handleMessage(t){const{type:s,channel:n,data:r}=t;s==="data"&&this.subscribers.has(n)&&this.subscribers.get(n).forEach(o=>o(r))}send(t){this.ws&&this.ws.readyState===WebSocket.OPEN&&this.ws.send(JSON.stringify(t))}getComponentState(t){this.send({type:"request",channel:"livewire.state",data:{componentId:t}})}updateComponentState(t,s){this.send({type:"update",channel:"livewire.state",data:{componentId:t,state:s}})}getComponentEvents(t){this.send({type:"request",channel:"livewire.events",data:{componentId:t}})}getQueryAnalysis(){this.send({type:"request",channel:"livewire.queries",data:{}})}}const Dae={name:"App",components:{RequestDetails:voe,RequestSidebar:_ie,RequestsList:Xie,WhatsNew:aae,LivewirePanel:Lae},data(){return{mcpClient:null,showLivewirePanel:!1}},computed:{appearance(){return this.$settings.appearance},showRequestsList(){return!this.$settings.global.requestsListCollapsed&&this.$platform.hasFeature("requests-list")},showRequestSidebar(){return!this.$settings.global.requestSidebarCollapsed&&this.$platform.hasFeature("request-sidebar")}},mounted(){this.mcpClient=new qae,this.mcpClient.connect(),this.mcpClient.subscribe("livewire.detected",e=>{this.showLivewirePanel=!0})},beforeUnmount(){this.mcpClient&&this.mcpClient.unsubscribe("livewire.detected")}};function Pae(e,t,s,n,r,o){const i=$("requests-list"),a=$("request-details"),l=$("request-sidebar"),h=$("livewire-panel"),d=$("whats-new");return f(),v("div",{class:te(["application split-view",o.appearance])},[o.showRequestsList?(f(),J(i,{key:0})):E("",!0),D(a),o.showRequestSidebar?(f(),J(l,{key:1})):E("",!0),r.showLivewirePanel?(f(),J(h,{key:2})):E("",!0),D(d)],2)}const xae=he(Dae,[["render",Pae]]),Mae={props:["color","height","width"],computed:{style(){let e=this.color?"color: "+this.color+";":"",t=this.width?"width: "+this.width+"px;":"",s=this.height?"height: "+this.height+"px;":"";return e+t+s}}};function Uae(e,t,s,n,r,o){return f(),v("div",{class:"spinner",style:ut(o.style)},t[0]||(t[0]=[u("div",null,null,-1),u("div",null,null,-1),u("div",null,null,-1),u("div",null,null,-1),u("div",null,null,-1),u("div",null,null,-1),u("div",null,null,-1),u("div",null,null,-1),u("div",null,null,-1),u("div",null,null,-1),u("div",null,null,-1),u("div",null,null,-1)]),4)}const Fae=he(Mae,[["render",Uae]]);var vu={exports:{}},bu={exports:{}};/*!
 * clipboard.js v2.0.11
 * https://clipboardjs.com/
 *
 * Licensed MIT © Zeno Rocha
 */(function(e,t){(function(s,n){e.exports=n()})(ve,function(){return n={686:function(o,d,a){a.d(d,{default:function(){return oe}});var d=a(279),l=a.n(d),d=a(370),h=a.n(d),d=a(817),p=a.n(d);function g(P){try{return document.execCommand(P)}catch{return}}var y=function(P){return P=p()(P),g("cut"),P};function A(c,V){var F,M,c=(F=c,M=document.documentElement.getAttribute("dir")==="rtl",(c=document.createElement("textarea")).style.fontSize="12pt",c.style.border="0",c.style.padding="0",c.style.margin="0",c.style.position="absolute",c.style[M?"right":"left"]="-9999px",M=window.pageYOffset||document.documentElement.scrollTop,c.style.top="".concat(M,"px"),c.setAttribute("readonly",""),c.value=F,c);return V.container.appendChild(c),V=p()(c),g("copy"),c.remove(),V}var k=function(P){var V=1<arguments.length&&arguments[1]!==void 0?arguments[1]:{container:document.body},F="";return typeof P=="string"?F=A(P,V):P instanceof HTMLInputElement&&!["text","search","url","tel","password"].includes(P==null?void 0:P.type)?F=A(P.value,V):(F=p()(P),g("copy")),F};function j(P){return(j=typeof Symbol=="function"&&typeof Symbol.iterator=="symbol"?function(V){return typeof V}:function(V){return V&&typeof Symbol=="function"&&V.constructor===Symbol&&V!==Symbol.prototype?"symbol":typeof V})(P)}var W=function(){var M=0<arguments.length&&arguments[0]!==void 0?arguments[0]:{},F=M.action,P=F===void 0?"copy":F,V=M.container,F=M.target,M=M.text;if(P!=="copy"&&P!=="cut")throw new Error('Invalid "action" value, use either "copy" or "cut"');if(F!==void 0){if(!F||j(F)!=="object"||F.nodeType!==1)throw new Error('Invalid "target" value, use a valid Element');if(P==="copy"&&F.hasAttribute("disabled"))throw new Error('Invalid "target" attribute. Please use "readonly" instead of "disabled" attribute');if(P==="cut"&&(F.hasAttribute("readonly")||F.hasAttribute("disabled")))throw new Error(`Invalid "target" attribute. You can't cut text from elements with "readonly" or "disabled" attributes`)}return M?k(M,{container:V}):F?P==="cut"?y(F):k(F,{container:V}):void 0};function C(P){return(C=typeof Symbol=="function"&&typeof Symbol.iterator=="symbol"?function(V){return typeof V}:function(V){return V&&typeof Symbol=="function"&&V.constructor===Symbol&&V!==Symbol.prototype?"symbol":typeof V})(P)}function R(P,V){for(var F=0;F<V.length;F++){var M=V[F];M.enumerable=M.enumerable||!1,M.configurable=!0,"value"in M&&(M.writable=!0),Object.defineProperty(P,M.key,M)}}function O(P,V){return(O=Object.setPrototypeOf||function(F,M){return F.__proto__=M,F})(P,V)}function q(P){var V=function(){if(typeof Reflect>"u"||!Reflect.construct||Reflect.construct.sham)return!1;if(typeof Proxy=="function")return!0;try{return Date.prototype.toString.call(Reflect.construct(Date,[],function(){})),!0}catch{return!1}}();return function(){var F,M=L(P);return F=V?(F=L(this).constructor,Reflect.construct(M,arguments,F)):M.apply(this,arguments),M=this,!(F=F)||C(F)!=="object"&&typeof F!="function"?function(c){if(c!==void 0)return c;throw new ReferenceError("this hasn't been initialised - super() hasn't been called")}(M):F}}function L(P){return(L=Object.setPrototypeOf?Object.getPrototypeOf:function(V){return V.__proto__||Object.getPrototypeOf(V)})(P)}function Q(P,V){if(P="data-clipboard-".concat(P),V.hasAttribute(P))return V.getAttribute(P)}var oe=function(){(function(m,b){if(typeof b!="function"&&b!==null)throw new TypeError("Super expression must either be null or a function");m.prototype=Object.create(b&&b.prototype,{constructor:{value:m,writable:!0,configurable:!0}}),b&&O(m,b)})(c,l());var P,V,F,M=q(c);function c(m,b){var _;return function(N){if(!(N instanceof c))throw new TypeError("Cannot call a class as a function")}(this),(_=M.call(this)).resolveOptions(b),_.listenClick(m),_}return P=c,F=[{key:"copy",value:function(m){var b=1<arguments.length&&arguments[1]!==void 0?arguments[1]:{container:document.body};return k(m,b)}},{key:"cut",value:function(m){return y(m)}},{key:"isSupported",value:function(){var m=0<arguments.length&&arguments[0]!==void 0?arguments[0]:["copy","cut"],m=typeof m=="string"?[m]:m,b=!!document.queryCommandSupported;return m.forEach(function(_){b=b&&!!document.queryCommandSupported(_)}),b}}],(V=[{key:"resolveOptions",value:function(){var m=0<arguments.length&&arguments[0]!==void 0?arguments[0]:{};this.action=typeof m.action=="function"?m.action:this.defaultAction,this.target=typeof m.target=="function"?m.target:this.defaultTarget,this.text=typeof m.text=="function"?m.text:this.defaultText,this.container=C(m.container)==="object"?m.container:document.body}},{key:"listenClick",value:function(m){var b=this;this.listener=h()(m,"click",function(_){return b.onClick(_)})}},{key:"onClick",value:function(N){var b=N.delegateTarget||N.currentTarget,_=this.action(b)||"copy",N=W({action:_,container:this.container,target:this.target(b),text:this.text(b)});this.emit(N?"success":"error",{action:_,text:N,trigger:b,clearSelection:function(){b&&b.focus(),window.getSelection().removeAllRanges()}})}},{key:"defaultAction",value:function(m){return Q("action",m)}},{key:"defaultTarget",value:function(m){if(m=Q("target",m),m)return document.querySelector(m)}},{key:"defaultText",value:function(m){return Q("text",m)}},{key:"destroy",value:function(){this.listener.destroy()}}])&&R(P.prototype,V),F&&R(P,F),c}()},828:function(o){var i;typeof Element>"u"||Element.prototype.matches||((i=Element.prototype).matches=i.matchesSelector||i.mozMatchesSelector||i.msMatchesSelector||i.oMatchesSelector||i.webkitMatchesSelector),o.exports=function(a,l){for(;a&&a.nodeType!==9;){if(typeof a.matches=="function"&&a.matches(l))return a;a=a.parentNode}}},438:function(o,i,a){var l=a(828);function h(d,p,g,y,A){var k=(function(j,W,C,R){return function(O){O.delegateTarget=l(O.target,W),O.delegateTarget&&R.call(j,O)}}).apply(this,arguments);return d.addEventListener(g,k,A),{destroy:function(){d.removeEventListener(g,k,A)}}}o.exports=function(d,p,g,y,A){return typeof d.addEventListener=="function"?h.apply(null,arguments):typeof g=="function"?h.bind(null,document).apply(null,arguments):(typeof d=="string"&&(d=document.querySelectorAll(d)),Array.prototype.map.call(d,function(k){return h(k,p,g,y,A)}))}},879:function(o,i){i.node=function(a){return a!==void 0&&a instanceof HTMLElement&&a.nodeType===1},i.nodeList=function(a){var l=Object.prototype.toString.call(a);return a!==void 0&&(l==="[object NodeList]"||l==="[object HTMLCollection]")&&"length"in a&&(a.length===0||i.node(a[0]))},i.string=function(a){return typeof a=="string"||a instanceof String},i.fn=function(a){return Object.prototype.toString.call(a)==="[object Function]"}},370:function(o,i,a){var l=a(879),h=a(438);o.exports=function(d,p,g){if(!d&&!p&&!g)throw new Error("Missing required arguments");if(!l.string(p))throw new TypeError("Second argument must be a String");if(!l.fn(g))throw new TypeError("Third argument must be a Function");if(l.node(d))return W=p,C=g,(j=d).addEventListener(W,C),{destroy:function(){j.removeEventListener(W,C)}};if(l.nodeList(d))return y=d,A=p,k=g,Array.prototype.forEach.call(y,function(R){R.addEventListener(A,k)}),{destroy:function(){Array.prototype.forEach.call(y,function(R){R.removeEventListener(A,k)})}};if(l.string(d))return d=d,p=p,g=g,h(document.body,d,p,g);throw new TypeError("First argument must be a String, HTMLElement, HTMLCollection, or NodeList");var y,A,k,j,W,C}},817:function(o){o.exports=function(i){var a,l=i.nodeName==="SELECT"?(i.focus(),i.value):i.nodeName==="INPUT"||i.nodeName==="TEXTAREA"?((a=i.hasAttribute("readonly"))||i.setAttribute("readonly",""),i.select(),i.setSelectionRange(0,i.value.length),a||i.removeAttribute("readonly"),i.value):(i.hasAttribute("contenteditable")&&i.focus(),l=window.getSelection(),(a=document.createRange()).selectNodeContents(i),l.removeAllRanges(),l.addRange(a),l.toString());return l}},279:function(o){function i(){}i.prototype={on:function(a,l,h){var d=this.e||(this.e={});return(d[a]||(d[a]=[])).push({fn:l,ctx:h}),this},once:function(a,l,h){var d=this;function p(){d.off(a,p),l.apply(h,arguments)}return p._=l,this.on(a,p,h)},emit:function(a){for(var l=[].slice.call(arguments,1),h=((this.e||(this.e={}))[a]||[]).slice(),d=0,p=h.length;d<p;d++)h[d].fn.apply(h[d].ctx,l);return this},off:function(a,l){var h=this.e||(this.e={}),d=h[a],p=[];if(d&&l)for(var g=0,y=d.length;g<y;g++)d[g].fn!==l&&d[g].fn._!==l&&p.push(d[g]);return p.length?h[a]=p:delete h[a],this}},o.exports=i,o.exports.TinyEmitter=i}},r={},s.n=function(o){var i=o&&o.__esModule?function(){return o.default}:function(){return o};return s.d(i,{a:i}),i},s.d=function(o,i){for(var a in i)s.o(i,a)&&!s.o(o,a)&&Object.defineProperty(o,a,{enumerable:!0,get:i[a]})},s.o=function(o,i){return Object.prototype.hasOwnProperty.call(o,i)},s(686).default;function s(o){if(r[o])return r[o].exports;var i=r[o]={exports:{}};return n[o](i,i.exports,s),i.exports}var n,r})})(bu);var Hae=bu.exports;(function(e,t){var s=Hae,n={autoSetContainer:!1,appendToBody:!0},r={install:function(o){var i=o.version.slice(0,2)==="3."?o.config.globalProperties:o.prototype;i.$clipboardConfig=n,i.$copyText=function(a,l){return new Promise(function(h,d){var p=document.createElement("button"),g=new s(p,{text:function(){return a},action:function(){return"copy"},container:typeof l=="object"?l:document.body});g.on("success",function(y){g.destroy(),h(y)}),g.on("error",function(y){g.destroy(),d(y)}),n.appendToBody&&document.body.appendChild(p),p.click(),n.appendToBody&&document.body.removeChild(p)})},o.directive("clipboard",{bind:function(a,l,h){if(l.arg==="success")a._vClipboard_success=l.value;else if(l.arg==="error")a._vClipboard_error=l.value;else{var d=new s(a,{text:function(){return l.value},action:function(){return l.arg==="cut"?"cut":"copy"},container:n.autoSetContainer?a:void 0});d.on("success",function(p){var g=a._vClipboard_success;g&&g(p)}),d.on("error",function(p){var g=a._vClipboard_error;g&&g(p)}),a._vClipboard=d}},update:function(a,l){l.arg==="success"?a._vClipboard_success=l.value:l.arg==="error"?a._vClipboard_error=l.value:(a._vClipboard.text=function(){return l.value},a._vClipboard.action=function(){return l.arg==="cut"?"cut":"copy"})},unbind:function(a,l){a._vClipboard&&(l.arg==="success"?delete a._vClipboard_success:l.arg==="error"?delete a._vClipboard_error:(a._vClipboard.destroy(),delete a._vClipboard))}})},config:n};e.exports=r})(vu);var Bae=vu.exports;const Ja=qs(Bae);function yu(e){return Tl()?(id(e),!0):!1}const Eu=typeof window<"u"&&typeof document<"u";typeof WorkerGlobalScope<"u"&&globalThis instanceof WorkerGlobalScope;const jae=Object.prototype.toString,Vae=e=>jae.call(e)==="[object Object]",an=()=>{},ii=Gae();function Gae(){var e,t;return Eu&&((e=window==null?void 0:window.navigator)==null?void 0:e.userAgent)&&(/iP(?:ad|hone|od)/.test(window.navigator.userAgent)||((t=window==null?void 0:window.navigator)==null?void 0:t.maxTouchPoints)>2&&/iPad|Macintosh/.test(window==null?void 0:window.navigator.userAgent))}function Za(e){return Array.isArray(e)?e:[e]}function Wae(...e){if(e.length!==1)return qd(...e);const t=e[0];return typeof t=="function"?gi(Id(()=>({get:t,set:an}))):zr(t)}const Tu=Eu?window:void 0;function Qs(e){var t;const s=es(e);return(t=s==null?void 0:s.$el)!=null?t:s}function Xn(...e){let t,s,n,r;if(typeof e[0]=="string"||Array.isArray(e[0])?([s,n,r]=e,t=Tu):[t,s,n,r]=e,!t)return an;s=Za(s),n=Za(n);const o=[],i=()=>{o.forEach(d=>d()),o.length=0},a=(d,p,g,y)=>(d.addEventListener(p,g,y),()=>d.removeEventListener(p,g,y)),l=Os(()=>[Qs(t),es(r)],([d,p])=>{if(i(),!d)return;const g=Vae(p)?{...p}:p;o.push(...s.flatMap(y=>n.map(A=>a(d,y,A,g))))},{immediate:!0,flush:"post"}),h=()=>{l(),i()};return yu(h),h}let el=!1;function tl(e,t,s={}){const{window:n=Tu,ignore:r=[],capture:o=!0,detectIframe:i=!1}=s;if(!n)return an;ii&&!el&&(el=!0,Array.from(n.document.body.children).forEach(k=>k.addEventListener("click",an)),n.document.documentElement.addEventListener("click",an));let a=!0;const l=k=>es(r).some(j=>{if(typeof j=="string")return Array.from(n.document.querySelectorAll(j)).some(W=>W===k.target||k.composedPath().includes(W));{const W=Qs(j);return W&&(k.target===W||k.composedPath().includes(W))}});function h(k){const j=es(k);return j&&j.$.subTree.shapeFlag===16}function d(k,j){const W=es(k),C=W.$.subTree&&W.$.subTree.children;return C==null||!Array.isArray(C)?!1:C.some(R=>R.el===j.target||j.composedPath().includes(R.el))}const p=k=>{const j=Qs(e);if(k.target!=null&&!(!(j instanceof Element)&&h(e)&&d(e,k))&&!(!j||j===k.target||k.composedPath().includes(j))){if(k.detail===0&&(a=!l(k)),!a){a=!0;return}t(k)}};let g=!1;const y=[Xn(n,"click",k=>{g||(g=!0,setTimeout(()=>{g=!1},0),p(k))},{passive:!0,capture:o}),Xn(n,"pointerdown",k=>{const j=Qs(e);a=!l(k)&&!!(j&&!k.composedPath().includes(j))},{passive:!0}),i&&Xn(n,"blur",k=>{setTimeout(()=>{var j;const W=Qs(e);((j=n.document.activeElement)==null?void 0:j.tagName)==="IFRAME"&&!(W!=null&&W.contains(n.document.activeElement))&&t(k)},0)},{passive:!0})].filter(Boolean);return()=>y.forEach(k=>k())}const zae={mounted(e,t){const s=!t.modifiers.bubble;if(typeof t.value=="function")e.__onClickOutside_stop=tl(e,t.value,{capture:s});else{const[n,r]=t.value;e.__onClickOutside_stop=tl(e,n,Object.assign({capture:s},r))}},unmounted(e){e.__onClickOutside_stop()}};function qo(e){return typeof Window<"u"&&e instanceof Window?e.document.documentElement:typeof Document<"u"&&e instanceof Document?e.documentElement:e}function wu(e){const t=window.getComputedStyle(e);if(t.overflowX==="scroll"||t.overflowY==="scroll"||t.overflowX==="auto"&&e.clientWidth<e.scrollWidth||t.overflowY==="auto"&&e.clientHeight<e.scrollHeight)return!0;{const s=e.parentNode;return!s||s.tagName==="BODY"?!1:wu(s)}}function Qae(e){const t=e||window.event,s=t.target;return wu(s)?!1:t.touches.length>1?!0:(t.preventDefault&&t.preventDefault(),!1)}const Do=new WeakMap;function Yae(e,t=!1){const s=zr(t);let n=null,r="";Os(Wae(e),a=>{const l=qo(es(a));if(l){const h=l;if(Do.get(h)||Do.set(h,h.style.overflow),h.style.overflow!=="hidden"&&(r=h.style.overflow),h.style.overflow==="hidden")return s.value=!0;if(s.value)return h.style.overflow="hidden"}},{immediate:!0});const o=()=>{const a=qo(es(e));!a||s.value||(ii&&(n=Xn(a,"touchmove",l=>{Qae(l)},{passive:!1})),a.style.overflow="hidden",s.value=!0)},i=()=>{const a=qo(es(e));!a||!s.value||(ii&&(n==null||n()),a.style.overflow=r,Do.delete(a),s.value=!1)};return yu(i),Rc({get(){return s.value},set(a){a?o():i()}})}function Kae(){let e=!1;const t=zr(!1);return(s,n)=>{if(t.value=n.value,e)return;e=!0;const r=Yae(s,n.value);Os(t,o=>r.value=o)}}Kae();var Xae=Array.isArray,qi=Xae,Jae=typeof ve=="object"&&ve&&ve.Object===Object&&ve,Zae=Jae,ele=Zae,tle=typeof self=="object"&&self&&self.Object===Object&&self,sle=ele||tle||Function("return this")(),Di=sle,nle=Di,rle=nle.Symbol,Pi=rle,sl=Pi,_u=Object.prototype,ole=_u.hasOwnProperty,ile=_u.toString,Gs=sl?sl.toStringTag:void 0;function ale(e){var t=ole.call(e,Gs),s=e[Gs];try{e[Gs]=void 0;var n=!0}catch{}var r=ile.call(e);return n&&(t?e[Gs]=s:delete e[Gs]),r}var lle=ale,cle=Object.prototype,ule=cle.toString;function dle(e){return ule.call(e)}var hle=dle,nl=Pi,fle=lle,ple=hle,mle="[object Null]",gle="[object Undefined]",rl=nl?nl.toStringTag:void 0;function vle(e){return e==null?e===void 0?gle:mle:rl&&rl in Object(e)?fle(e):ple(e)}var Su=vle;function ble(e){return e!=null&&typeof e=="object"}var yle=ble,Ele=Su,Tle=yle,wle="[object Symbol]";function _le(e){return typeof e=="symbol"||Tle(e)&&Ele(e)==wle}var xi=_le,Sle=qi,Rle=xi,Cle=/\.|\[(?:[^[\]]*|(["'])(?:(?!\1)[^\\]|\\.)*?\1)\]/,Ale=/^\w*$/;function kle(e,t){if(Sle(e))return!1;var s=typeof e;return s=="number"||s=="symbol"||s=="boolean"||e==null||Rle(e)?!0:Ale.test(e)||!Cle.test(e)||t!=null&&e in Object(t)}var Nle=kle;function Ole(e){var t=typeof e;return e!=null&&(t=="object"||t=="function")}var Ru=Ole,Ile=Su,$le=Ru,Lle="[object AsyncFunction]",qle="[object Function]",Dle="[object GeneratorFunction]",Ple="[object Proxy]";function xle(e){if(!$le(e))return!1;var t=Ile(e);return t==qle||t==Dle||t==Lle||t==Ple}var Mle=xle,Ule=Di,Fle=Ule["__core-js_shared__"],Hle=Fle,Po=Hle,ol=function(){var e=/[^.]+$/.exec(Po&&Po.keys&&Po.keys.IE_PROTO||"");return e?"Symbol(src)_1."+e:""}();function Ble(e){return!!ol&&ol in e}var jle=Ble,Vle=Function.prototype,Gle=Vle.toString;function Wle(e){if(e!=null){try{return Gle.call(e)}catch{}try{return e+""}catch{}}return""}var zle=Wle,Qle=Mle,Yle=jle,Kle=Ru,Xle=zle,Jle=/[\\^$.*+?()[\]{}|]/g,Zle=/^\[object .+?Constructor\]$/,ece=Function.prototype,tce=Object.prototype,sce=ece.toString,nce=tce.hasOwnProperty,rce=RegExp("^"+sce.call(nce).replace(Jle,"\\$&").replace(/hasOwnProperty|(function).*?(?=\\\()| for .+?(?=\\\])/g,"$1.*?")+"$");function oce(e){if(!Kle(e)||Yle(e))return!1;var t=Qle(e)?rce:Zle;return t.test(Xle(e))}var ice=oce;function ace(e,t){return e==null?void 0:e[t]}var lce=ace,cce=ice,uce=lce;function dce(e,t){var s=uce(e,t);return cce(s)?s:void 0}var Cu=dce,hce=Cu,fce=hce(Object,"create"),lo=fce,il=lo;function pce(){this.__data__=il?il(null):{},this.size=0}var mce=pce;function gce(e){var t=this.has(e)&&delete this.__data__[e];return this.size-=t?1:0,t}var vce=gce,bce=lo,yce="__lodash_hash_undefined__",Ece=Object.prototype,Tce=Ece.hasOwnProperty;function wce(e){var t=this.__data__;if(bce){var s=t[e];return s===yce?void 0:s}return Tce.call(t,e)?t[e]:void 0}var _ce=wce,Sce=lo,Rce=Object.prototype,Cce=Rce.hasOwnProperty;function Ace(e){var t=this.__data__;return Sce?t[e]!==void 0:Cce.call(t,e)}var kce=Ace,Nce=lo,Oce="__lodash_hash_undefined__";function Ice(e,t){var s=this.__data__;return this.size+=this.has(e)?0:1,s[e]=Nce&&t===void 0?Oce:t,this}var $ce=Ice,Lce=mce,qce=vce,Dce=_ce,Pce=kce,xce=$ce;function Ds(e){var t=-1,s=e==null?0:e.length;for(this.clear();++t<s;){var n=e[t];this.set(n[0],n[1])}}Ds.prototype.clear=Lce;Ds.prototype.delete=qce;Ds.prototype.get=Dce;Ds.prototype.has=Pce;Ds.prototype.set=xce;var Mce=Ds;function Uce(){this.__data__=[],this.size=0}var Fce=Uce;function Hce(e,t){return e===t||e!==e&&t!==t}var Bce=Hce,jce=Bce;function Vce(e,t){for(var s=e.length;s--;)if(jce(e[s][0],t))return s;return-1}var co=Vce,Gce=co,Wce=Array.prototype,zce=Wce.splice;function Qce(e){var t=this.__data__,s=Gce(t,e);if(s<0)return!1;var n=t.length-1;return s==n?t.pop():zce.call(t,s,1),--this.size,!0}var Yce=Qce,Kce=co;function Xce(e){var t=this.__data__,s=Kce(t,e);return s<0?void 0:t[s][1]}var Jce=Xce,Zce=co;function eue(e){return Zce(this.__data__,e)>-1}var tue=eue,sue=co;function nue(e,t){var s=this.__data__,n=sue(s,e);return n<0?(++this.size,s.push([e,t])):s[n][1]=t,this}var rue=nue,oue=Fce,iue=Yce,aue=Jce,lue=tue,cue=rue;function Ps(e){var t=-1,s=e==null?0:e.length;for(this.clear();++t<s;){var n=e[t];this.set(n[0],n[1])}}Ps.prototype.clear=oue;Ps.prototype.delete=iue;Ps.prototype.get=aue;Ps.prototype.has=lue;Ps.prototype.set=cue;var uue=Ps,due=Cu,hue=Di,fue=due(hue,"Map"),pue=fue,al=Mce,mue=uue,gue=pue;function vue(){this.size=0,this.__data__={hash:new al,map:new(gue||mue),string:new al}}var bue=vue;function yue(e){var t=typeof e;return t=="string"||t=="number"||t=="symbol"||t=="boolean"?e!=="__proto__":e===null}var Eue=yue,Tue=Eue;function wue(e,t){var s=e.__data__;return Tue(t)?s[typeof t=="string"?"string":"hash"]:s.map}var uo=wue,_ue=uo;function Sue(e){var t=_ue(this,e).delete(e);return this.size-=t?1:0,t}var Rue=Sue,Cue=uo;function Aue(e){return Cue(this,e).get(e)}var kue=Aue,Nue=uo;function Oue(e){return Nue(this,e).has(e)}var Iue=Oue,$ue=uo;function Lue(e,t){var s=$ue(this,e),n=s.size;return s.set(e,t),this.size+=s.size==n?0:1,this}var que=Lue,Due=bue,Pue=Rue,xue=kue,Mue=Iue,Uue=que;function xs(e){var t=-1,s=e==null?0:e.length;for(this.clear();++t<s;){var n=e[t];this.set(n[0],n[1])}}xs.prototype.clear=Due;xs.prototype.delete=Pue;xs.prototype.get=xue;xs.prototype.has=Mue;xs.prototype.set=Uue;var Fue=xs,Au=Fue,Hue="Expected a function";function Mi(e,t){if(typeof e!="function"||t!=null&&typeof t!="function")throw new TypeError(Hue);var s=function(){var n=arguments,r=t?t.apply(this,n):n[0],o=s.cache;if(o.has(r))return o.get(r);var i=e.apply(this,n);return s.cache=o.set(r,i)||o,i};return s.cache=new(Mi.Cache||Au),s}Mi.Cache=Au;var Bue=Mi,jue=Bue,Vue=500;function Gue(e){var t=jue(e,function(n){return s.size===Vue&&s.clear(),n}),s=t.cache;return t}var Wue=Gue,zue=Wue,Que=/[^.[\]]+|\[(?:(-?\d+(?:\.\d+)?)|(["'])((?:(?!\2)[^\\]|\\.)*?)\2)\]|(?=(?:\.|\[\])(?:\.|\[\]|$))/g,Yue=/\\(\\)?/g,Kue=zue(function(e){var t=[];return e.charCodeAt(0)===46&&t.push(""),e.replace(Que,function(s,n,r,o){t.push(r?o.replace(Yue,"$1"):n||s)}),t}),Xue=Kue;function Jue(e,t){for(var s=-1,n=e==null?0:e.length,r=Array(n);++s<n;)r[s]=t(e[s],s,e);return r}var Zue=Jue,ll=Pi,ede=Zue,tde=qi,sde=xi,nde=1/0,cl=ll?ll.prototype:void 0,ul=cl?cl.toString:void 0;function ku(e){if(typeof e=="string")return e;if(tde(e))return ede(e,ku)+"";if(sde(e))return ul?ul.call(e):"";var t=e+"";return t=="0"&&1/e==-nde?"-0":t}var rde=ku,ode=rde;function ide(e){return e==null?"":ode(e)}var ade=ide,lde=qi,cde=Nle,ude=Xue,dde=ade;function hde(e,t){return lde(e)?e:cde(e,t)?[e]:ude(dde(e))}var fde=hde,pde=xi,mde=1/0;function gde(e){if(typeof e=="string"||pde(e))return e;var t=e+"";return t=="0"&&1/e==-mde?"-0":t}var vde=gde,bde=fde,yde=vde;function Ede(e,t){t=bde(t,e);for(var s=0,n=t.length;e!=null&&s<n;)e=e[yde(t[s++])];return s&&s==n?e:void 0}var Tde=Ede,wde=Tde;function _de(e,t,s){var n=e==null?void 0:wde(e,t);return n===void 0?s:n}var Sde=_de;const Rde=qs(Sde);function Cde(e){let t=kf(xae);return t.config.devtools=!0,t.config.performance=!0,e.$editorLinks.register(t),e.$textFilters.register(t),t.component("icon",Kc),t.component("spinner",Fae),t.mixin({data:()=>({global:e}),computed:Object.entries(e).reduce((s,[n,r])=>(s[n]=function(){return this.global[n]},s),{})}),Ja.config.autoSetContainer=!0,t.use(Ja),t.directive("on-click-outside",zae),t.mixin({methods:{$get:Rde}}),t}var Nu=Ys;function Ys(e){let t=e;var s={}.toString.call(e).slice(8,-1);if(s=="Set")return new Set([...e].map(r=>Ys(r)));if(s=="Map")return new Map([...e].map(r=>[Ys(r[0]),Ys(r[1])]));if(s=="Date")return new Date(e.getTime());if(s=="RegExp")return RegExp(e.source,Ade(e));if(s=="Array"||s=="Object"){t=Array.isArray(e)?[]:{};for(var n in e)t[n]=Ys(e[n])}return t}function Ade(e){if(typeof e.source.flags=="string")return e.source.flags;var t=[];return e.global&&t.push("g"),e.ignoreCase&&t.push("i"),e.multiline&&t.push("m"),e.sticky&&t.push("y"),e.unicode&&t.push("u"),t.join("")}var kde=Nde;function Nde(e,t){if(!Array.isArray(e)||!Array.isArray(t))throw new Error("expected both arguments to be arrays");for(var s=[],n=Ode(t),r={},o=0;o<e.length;o++){var i=e[o];n.hasOwnProperty(i)&&!r.hasOwnProperty(i)&&(s.push(i),r[i]=!0)}return s}function Ode(e){for(var t={},s=0;s<e.length;s++){var n=e[s];t.hasOwnProperty(n)||(t[n]=!0)}return t}class Ur{constructor(t,s,n){this.startTime=s,this.endTime=n,this.events=[],t.map(r=>this.append(r))}append(t){t.start=t.start||this.startTime,t.start<this.startTime&&(t.start=this.startTime),t.end>this.endTime&&(t.end=this.endTime),this.events.push(new Ide(t)),this.sort()}appendTotalEvent(){this.append({description:"Total time",start:this.startTime,duration:this.endTime-this.startTime,color:"grey"})}merge(t){this.events=this.events.concat(t.events),this.sort()}copy(){return new Ur(Nu(this.events),this.startTime,this.endTime)}sort(){return this.events=this.events.sort((t,s)=>t.start-s.start),this}filter(t,s){let n=this.copy();return n.events=t.filter(n.events),n.events=n.events.filter(r=>!kde(r.tags,s).length),n}condense(){let t=this.copy(),s=(t.endTime-t.startTime)/64;return t.events=t.events.reduce((n,r)=>{if(r.duration>=s)return[...n,r];let o=n[n.length-1];return o instanceof Ws&&o.end<=r.start?(o.push(r),n):[...n,new Ws(r)]},[]),t}present(t){return this.events.map(s=>(s instanceof Ws||(s=new Ws(s)),s.present(this,t)))}findChildren(t){return this.events.flatMap(s=>s instanceof Ws?s.events:s).reduce((s,n)=>(n!==t&&t.contains(n)&&s.every(r=>!r.contains(n))&&s.push(n),s),[])}}class Ide{constructor(t){this.name=t.name||t.description,this.description=t.description||"",this.start=t.start instanceof Date?t.start.getTime()/1e3:t.start,this.duration=t.duration||0,this.color=t.color||"blue",this.end=this.start+this.duration/1e3,this.tags=t.tags||[],this.data=t.data}present(t,s){if(this.presented)return this;this.startRelative=(this.start-t.startTime)*1e3/(t.endTime-t.startTime),this.durationRelative=this.duration/(t.endTime-t.startTime),this.offset=this.startRelative*s,this.width=this.durationRelative*s,this.width<3&&(this.width=3),this.width>s&&(this.width=s),this.width+this.offset>s&&(this.offset=s-this.width),this.eventClass=this.color,this.eventStyle={left:"0px",width:`${this.width}px`},this.labelWidth=this.startRelative>.5?this.offset:s-this.width-this.offset,this.labelClass=this.startRelative>.5?["before",this.color]:["after",this.color],this.labelStyle={width:`${this.labelWidth}px`},this.width>200&&(this.labelClass=["inside",this.color]);let n=t.findChildren(this).map(r=>r.present(t,s));return this.childrenSections=n.map(r=>({style:{left:`${r.offset-this.offset}px`,width:`${r.width}px`}})),this.durationChildren=n.length?n.reduce((r,o)=>r+o.duration,0):null,this.durationSelf=this.duration-this.durationChildren,this.presented=!0,this}contains(t){return this.start<t.start&&t.end<this.end}}class Ws{constructor(t){this.events=t instanceof Array?t:[t],this.name=this.firstEvent.name,this.description=this.firstEvent.description,this.start=this.firstEvent.start,this.duration=this.lastEvent.end-this.firstEvent.start,this.color=this.firstEvent.color,this.end=this.lastEvent.end}get condensed(){return this.events.length>1}get firstEvent(){return this.events[0]}get lastEvent(){return this.events[this.events.length-1]}push(t){this.events.push(t),this.name=this.description=`${this.events.length} events`,this.duration=this.lastEvent.end-this.firstEvent.start,this.end=this.lastEvent.end}present(t,s){return this.events.forEach(n=>{n.present(t,s),n.eventStyle.left=`${n.offset-this.events[0].offset}px`}),this.duration=this.condensed?null:this.firstEvent.duration,this.durationSelf=this.condensed?null:this.firstEvent.durationSelf,this.durationChildren=this.condensed?null:this.firstEvent.durationChildren,this.offset=this.firstEvent.offset,this.width=this.lastEvent.width+this.lastEvent.offset-this.firstEvent.offset,this.color=this.offset>s/2?this.firstEvent.color:this.lastEvent.color,this.labelWidth=this.offset>s/2?this.offset:s-this.width-this.offset,this.labelClass=this.offset>s/2?["before",this.color]:["after",this.color],this.labelStyle={width:`${this.labelWidth}px`},this.width>200&&!this.condensed&&(this.labelClass=["inside",this.color]),this.groupStyle={"margin-left":`${this.offset}px`,width:`${this.width}px`},this.tags=this.condensed?[]:this.firstEvent.tags,this.data=this.condensed?void 0:this.firstEvent.data,this}}const $de={100:{code:100,message:"Continue",description:"The server has received the request headers, and the client should proceed to send the request body."},101:{code:101,message:"Switching Protocols",description:"The requester has asked the server to switch protocols."},102:{code:102,message:"Processing",description:"This code indicates that the server has received and is processing the request, but no response is available yet. This prevents the client from timing out and assuming the request was lost."},103:{code:103,message:"Early Hints",description:"Used to return some response headers before final HTTP message."},200:{code:200,message:"OK",description:"The request is OK (this is the standard response for successful HTTP requests)."},201:{code:201,message:"Created",description:"The request has been fulfilled, and a new resource is created."},202:{code:202,message:"Accepted",description:"The request has been accepted for processing, but the processing has not been completed."},203:{code:203,message:"Non-Authoritative Information",description:"The request has been successfully processed, but is returning information that may be from another source."},204:{code:204,message:"No Content",description:"The request has been successfully processed, but is not returning any content."},205:{code:205,message:"Reset Content",description:"The request has been successfully processed, but is not returning any content, and requires that the requester reset the document view."},206:{code:206,message:"Partial Content",description:"The server is delivering only part of the resource due to a range header sent by the client."},207:{code:207,message:"Multi-Status",description:"The message body that follows is by default an XML message and can contain a number of separate response codes, depending on how many sub-requests were made."},208:{code:208,message:"Already Reported",description:"The members of a DAV binding have already been enumerated in a preceding part of the (multistatus) response, and are not being included again."},218:{code:218,message:"This is fine (Apache Web Server)",description:"Used as a catch-all error condition for allowing response bodies to flow through Apache when ProxyErrorOverride is enabled."},226:{code:226,message:"IM Used",description:"The server has fulfilled a request for the resource, and the response is a representation of the result of one or more instance-manipulations applied to the current instance."},300:{code:300,message:"Multiple Choices",description:"A link list. The user can select a link and go to that location. Maximum five addresses."},301:{code:301,message:"Moved Permanently",description:"The requested page has moved to a new URL."},302:{code:302,message:"Found",description:"The requested page has moved temporarily to a new URL."},303:{code:303,message:"See Other",description:"The requested page can be found under a different URL."},304:{code:304,message:"Not Modified",description:"Indicates the requested page has not been modified since last requested."},306:{code:306,message:"Switch Proxy",description:'No longer used. Originally meant "Subsequent requests should use the specified proxy."'},307:{code:307,message:"Temporary Redirect",description:"The requested page has moved temporarily to a new URL."},308:{code:308,message:"Resume Incomplete",description:"Used in the resumable requests proposal to resume aborted PUT or POST requests."},400:{code:400,message:"Bad Request",description:"The request cannot be fulfilled due to bad syntax."},401:{code:401,message:"Unauthorized",description:"The request was a legal request, but the server is refusing to respond to it. For use when authentication is possible but has failed or not yet been provided."},402:{code:402,message:"Payment Required",description:"Not yet implemented by RFC standards, but reserved for future use."},403:{code:403,message:"Forbidden",description:"The request was a legal request, but the server is refusing to respond to it."},404:{code:404,message:"Not Found",description:"The requested page could not be found but may be available again in the future."},405:{code:405,message:"Method Not Allowed",description:"A request was made of a page using a request method not supported by that page."},406:{code:406,message:"Not Acceptable",description:"The server can only generate a response that is not accepted by the client."},407:{code:407,message:"Proxy Authentication Required",description:"The client must first authenticate itself with the proxy."},408:{code:408,message:"Request Timeout",description:"The server timed out waiting for the request."},409:{code:409,message:"Conflict",description:"The request could not be completed because of a conflict in the request."},410:{code:410,message:"Gone",description:"The requested page is no longer available."},411:{code:411,message:"Length Required",description:'The "Content-Length" is not defined. The server will not accept the request without it.'},412:{code:412,message:"Precondition Failed",description:"The precondition given in the request evaluated to false by the server."},413:{code:413,message:"Request Entity Too Large",description:"The server will not accept the request, because the request entity is too large."},414:{code:414,message:"Request-URI Too Long",description:"The server will not accept the request, because the URL is too long. Occurs when you convert a POST request to a GET request with a long query information."},415:{code:415,message:"Unsupported Media Type",description:"The server will not accept the request, because the media type is not supported."},416:{code:416,message:"Requested Range Not Satisfiable",description:"The client has asked for a portion of the file, but the server cannot supply that portion."},417:{code:417,message:"Expectation Failed",description:"The server cannot meet the requirements of the Expect request-header field."},418:{code:418,message:"I'm a teapot",description:`Any attempt to brew coffee with a teapot should result in the error code "418 I'm a teapot". The resulting entity body MAY be short and stout.`},419:{code:419,message:"Page Expired (Laravel Framework)",description:"Used by the Laravel Framework when a CSRF Token is missing or expired."},420:{code:420,message:"Method Failure (Spring Framework)",description:"A deprecated response used by the Spring Framework when a method has failed."},421:{code:421,message:"Misdirected Request",description:"The request was directed at a server that is not able to produce a response (for example because a connection reuse)."},422:{code:422,message:"Unprocessable Entity",description:"The request was well-formed but was unable to be followed due to semantic errors."},423:{code:423,message:"Locked",description:"The resource that is being accessed is locked."},424:{code:424,message:"Failed Dependency",description:"The request failed due to failure of a previous request (e.g., a PROPPATCH)."},426:{code:426,message:"Upgrade Required",description:"The client should switch to a different protocol such as TLS/1.0, given in the Upgrade header field."},428:{code:428,message:"Precondition Required",description:"The origin server requires the request to be conditional."},429:{code:429,message:"Too Many Requests",description:"The user has sent too many requests in a given amount of time. Intended for use with rate limiting schemes."},431:{code:431,message:"Request Header Fields Too Large",description:"The server is unwilling to process the request because either an individual header field, or all the header fields collectively, are too large."},440:{code:440,message:"Login Time-out",description:"The client's session has expired and must log in again. (IIS)"},444:{code:444,message:"Connection Closed Without Response",description:"A non-standard status code used to instruct nginx to close the connection without sending a response to the client, most commonly used to deny malicious or malformed requests."},449:{code:449,message:"Retry With",description:"The server cannot honour the request because the user has not provided the required information. (IIS)"},450:{code:450,message:"Blocked by Windows Parental Controls",description:"The Microsoft extension code indicated when Windows Parental Controls are turned on and are blocking access to the requested webpage."},451:{code:451,message:"Unavailable For Legal Reasons",description:"A server operator has received a legal demand to deny access to a resource or to a set of resources that includes the requested resource."},494:{code:494,message:"Request Header Too Large",description:"Used by nginx to indicate the client sent too large of a request or header line that is too long."},495:{code:495,message:"SSL Certificate Error",description:"An expansion of the 400 Bad Request response code, used when the client has provided an invalid client certificate."},496:{code:496,message:"SSL Certificate Required",description:"An expansion of the 400 Bad Request response code, used when a client certificate is required but not provided."},497:{code:497,message:"HTTP Request Sent to HTTPS Port",description:"An expansion of the 400 Bad Request response code, used when the client has made a HTTP request to a port listening for HTTPS requests."},498:{code:498,message:"Invalid Token (Esri)",description:"Returned by ArcGIS for Server. Code 498 indicates an expired or otherwise invalid token."},499:{code:499,message:"Client Closed Request",description:"A non-standard status code introduced by nginx for the case when a client closes the connection while nginx is processing the request."},500:{code:500,message:"Internal Server Error",description:"An error has occurred in a server side script, a no more specific message is suitable."},501:{code:501,message:"Not Implemented",description:"The server either does not recognize the request method, or it lacks the ability to fulfill the request."},502:{code:502,message:"Bad Gateway",description:"The server was acting as a gateway or proxy and received an invalid response from the upstream server."},503:{code:503,message:"Service Unavailable",description:"The server is currently unavailable (overloaded or down)."},504:{code:504,message:"Gateway Timeout",description:"The server was acting as a gateway or proxy and did not receive a timely response from the upstream server."},505:{code:505,message:"HTTP Version Not Supported",description:"The server does not support the HTTP protocol version used in the request."},506:{code:506,message:"Variant Also Negotiates",description:"Transparent content negotiation for the request results in a circular reference."},507:{code:507,message:"Insufficient Storage",description:"The server is unable to store the representation needed to complete the request."},508:{code:508,message:"Loop Detected",description:"The server detected an infinite loop while processing the request (sent instead of 208 Already Reported)."},509:{code:509,message:"Bandwidth Limit Exceeded",description:"The server has exceeded the bandwidth specified by the server administrator; this is often used by shared hosting providers to limit the bandwidth of customers."},510:{code:510,message:"Not Extended",description:"Further extensions to the request are required for the server to fulfil it."},511:{code:511,message:"Network Authentication Required",description:"The client needs to authenticate to gain network access."},520:{code:520,message:"Unknown Error",description:'The 520 error is used as a "catch-all response for when the origin server returns something unexpected", listing connection resets, large headers, and empty or invalid responses as common triggers.'},521:{code:521,message:"Web Server Is Down",description:"The origin server has refused the connection from Cloudflare."},522:{code:522,message:"Connection Timed Out",description:"Cloudflare could not negotiate a TCP handshake with the origin server."},523:{code:523,message:"Origin Is Unreachable",description:"Cloudflare could not reach the origin server; for example, if the DNS records for the origin server are incorrect."},524:{code:524,message:"A Timeout Occurred",description:"Cloudflare was able to complete a TCP connection to the origin server, but did not receive a timely HTTP response."},525:{code:525,message:"SSL Handshake Failed",description:"Cloudflare could not negotiate a SSL/TLS handshake with the origin server."},526:{code:526,message:"Invalid SSL Certificate",description:"Used by Cloudflare and Cloud Foundry's gorouter to indicate failure to validate the SSL/TLS certificate that the origin server presented."},527:{code:527,message:"Railgun Listener to Origin Error",description:"Error 527 indicates that the request timed out or failed after the WAN connection had been established."},530:{code:530,message:"Origin DNS Error",description:"Error 530 indicates that the requested host name could not be resolved on the Cloudflare network to an origin server."},598:{code:598,message:"Network Read Timeout Error",description:"Used by some HTTP proxies to signal a network read timeout behind the proxy to a client in front of the proxy."},"1xx":{code:"1xx",message:"Information",description:"1xx codes are often interim responses for sharing connection status information. Not intended for final request or response action."},"2xx":{code:"2xx",message:"Successful",description:"2xx codes indicate successful responses usually this means the action requested by the client was received, understood and accepted successfully."},"3xx":{code:"3xx",message:"Redirection",description:"3xx codes are a class of responses that suggest the User-Agent must follow another course of action to obtain the complete requested resource."},"4xx":{code:"4xx",message:"Client Error",description:"4xx codes generally are error responses specifying an issue at the client’s end. Potentially a network issue."},"5xx":{code:"5xx",message:"Server Error",description:"5xx error codes indicate that an error or unresolvable request occurred on the server side, whether that is a proxy or the origin host."}};var Lde=qde;function qde(e,t){var s={};typeof t=="string"&&(t=[].slice.call(arguments,1));for(var n=t.length,r=0;r<n;r++){var o=t[r];o in e&&(s[o]=e[o])}return s}var Ou={},Iu={},Cn={},$u={},Lu={};(function(e){e.__esModule=!0;var t=/[\\^$.*+?()[\]{}|]/g,s=RegExp(t.source);function n(r){return r&&s.test(r)?r.replace(t,"\\$&"):r||""}e.default=n})(Lu);var An={};(function(e){e.__esModule=!0,e.TokenTypes=void 0,function(t){t.WHITESPACE="whitespace",t.WORD="word",t.STRING="string",t.RESERVED="reserved",t.RESERVED_TOP_LEVEL="reserved-top-level",t.RESERVED_TOP_LEVEL_NO_INDENT="reserved-top-level-no-indent",t.RESERVED_NEWLINE="reserved-newline",t.OPERATOR="operator",t.NO_SPACE_OPERATOR="no-space-operator",t.OPEN_PAREN="open-paren",t.CLOSE_PAREN="close-paren",t.LINE_COMMENT="line-comment",t.BLOCK_COMMENT="block-comment",t.NUMBER="number",t.PLACEHOLDER="placeholder",t.SERVERVARIABLE="servervariable"}(e.TokenTypes||(e.TokenTypes={}))})(An);(function(e){var t=ve&&ve.__importDefault||function(o){return o&&o.__esModule?o:{default:o}};e.__esModule=!0;var s=t(Lu),n=An,r=function(){function o(i){this.WHITESPACE_REGEX=/^(\s+)/u,this.NUMBER_REGEX=/^((-\s*)?[0-9]+(\.[0-9]+)?|0x[0-9a-fA-F]+|0b[01]+|([a-fA-F0-9]{8}-[a-fA-F0-9]{4}-[a-fA-F0-9]{4}-[a-fA-F0-9]{4}-[a-fA-F0-9]{12}))\b/u,this.AMBIGUOS_OPERATOR_REGEX=/^(\?\||\?&)/u,this.OPERATOR_REGEX=/^(!=|<>|>>|<<|==|<=|>=|!<|!>|\|\|\/|\|\/|\|\||~~\*|~~|!~~\*|!~~|~\*|!~\*|!~|:=|=>|&&|@>|<@|#-|@@|@|.)/u,this.NO_SPACE_OPERATOR_REGEX=/^(::|->>|->|#>>|#>)/u,this.BLOCK_COMMENT_REGEX=/^(\/\*[^]*?(?:\*\/|$))/u,this.LINE_COMMENT_REGEX=this.createLineCommentRegex(i.lineCommentTypes),this.RESERVED_TOP_LEVEL_REGEX=this.createReservedWordRegex(i.reservedTopLevelWords),this.RESERVED_TOP_LEVEL_NO_INDENT_REGEX=this.createReservedWordRegex(i.reservedTopLevelWordsNoIndent),this.RESERVED_NEWLINE_REGEX=this.createReservedWordRegex(i.reservedNewlineWords),this.RESERVED_PLAIN_REGEX=this.createReservedWordRegex(i.reservedWords),this.WORD_REGEX=this.createWordRegex(i.specialWordChars),this.STRING_REGEX=this.createStringRegex(i.stringTypes),this.OPEN_PAREN_REGEX=this.createParenRegex(i.openParens),this.CLOSE_PAREN_REGEX=this.createParenRegex(i.closeParens),this.INDEXED_PLACEHOLDER_REGEX=this.createPlaceholderRegex(i.indexedPlaceholderTypes,"[0-9]*"),this.IDENT_NAMED_PLACEHOLDER_REGEX=this.createPlaceholderRegex(i.namedPlaceholderTypes,"[a-zA-Z0-9._$]+"),this.STRING_NAMED_PLACEHOLDER_REGEX=this.createPlaceholderRegex(i.namedPlaceholderTypes,this.createStringPattern(i.stringTypes))}return o.prototype.createLineCommentRegex=function(i){var a="((?<!#)>|(?:[^>]))";return new RegExp("^((?:".concat(i.map(function(l){return(0,s.default)(l)}).join("|"),")").concat(a,`.*?(?:\r
|\r|
|$))`),"u")},o.prototype.createReservedWordRegex=function(i){var a=i.join("|").replace(/ /gu,"\\s+");return new RegExp("^(".concat(a,")\\b"),"iu")},o.prototype.createWordRegex=function(i){return new RegExp("^([\\p{Alphabetic}\\p{Mark}\\p{Decimal_Number}\\p{Connector_Punctuation}\\p{Join_Control}".concat(i.join(""),"]+)"),"u")},o.prototype.createStringRegex=function(i){return new RegExp("^("+this.createStringPattern(i)+")","u")},o.prototype.createStringPattern=function(i){var a={"``":"((`[^`]*($|`))+)","[]":"((\\[[^\\]]*($|\\]))(\\][^\\]]*($|\\]))*)",'""':'(("[^"\\\\]*(?:\\\\.[^"\\\\]*)*("|$))+)',"''":"(('[^'\\\\]*(?:\\\\.[^'\\\\]*)*('|$))+)","N''":"((N'[^N'\\\\]*(?:\\\\.[^N'\\\\]*)*('|$))+)","E''":"(((E|e)'[^'\\\\]*(?:\\\\.[^'\\\\]*)*('|$))+)"};return i.map(function(l){return a[l]}).join("|")},o.prototype.createParenRegex=function(i){var a=this;return new RegExp("^("+i.map(function(l){return a.escapeParen(l)}).join("|")+")","iu")},o.prototype.escapeParen=function(i){return i.length===1?(0,s.default)(i):"\\b"+i+"\\b"},o.prototype.createPlaceholderRegex=function(i,a){if(!i||i.length===0)return null;var l=i.map(s.default).join("|");return new RegExp("^((?:".concat(l,")(?:").concat(a,"))"),"u")},o.prototype.tokenize=function(i){if(!i)return[];for(var a=[],l;i.length;)l=this.getNextToken(i,l),i=i.substring(l.value.length),a.push(l);return a},o.prototype.getNextToken=function(i,a){return this.getWhitespaceToken(i)||this.getCommentToken(i)||this.getStringToken(i)||this.getOpenParenToken(i)||this.getCloseParenToken(i)||this.getAmbiguosOperatorToken(i)||this.getNoSpaceOperatorToken(i)||this.getServerVariableToken(i)||this.getPlaceholderToken(i)||this.getNumberToken(i)||this.getReservedWordToken(i,a)||this.getWordToken(i)||this.getOperatorToken(i)},o.prototype.getWhitespaceToken=function(i){return this.getTokenOnFirstMatch({input:i,type:n.TokenTypes.WHITESPACE,regex:this.WHITESPACE_REGEX})},o.prototype.getCommentToken=function(i){return this.getLineCommentToken(i)||this.getBlockCommentToken(i)},o.prototype.getLineCommentToken=function(i){return this.getTokenOnFirstMatch({input:i,type:n.TokenTypes.LINE_COMMENT,regex:this.LINE_COMMENT_REGEX})},o.prototype.getBlockCommentToken=function(i){return this.getTokenOnFirstMatch({input:i,type:n.TokenTypes.BLOCK_COMMENT,regex:this.BLOCK_COMMENT_REGEX})},o.prototype.getStringToken=function(i){return this.getTokenOnFirstMatch({input:i,type:n.TokenTypes.STRING,regex:this.STRING_REGEX})},o.prototype.getOpenParenToken=function(i){return this.getTokenOnFirstMatch({input:i,type:n.TokenTypes.OPEN_PAREN,regex:this.OPEN_PAREN_REGEX})},o.prototype.getCloseParenToken=function(i){return this.getTokenOnFirstMatch({input:i,type:n.TokenTypes.CLOSE_PAREN,regex:this.CLOSE_PAREN_REGEX})},o.prototype.getPlaceholderToken=function(i){return this.getIdentNamedPlaceholderToken(i)||this.getStringNamedPlaceholderToken(i)||this.getIndexedPlaceholderToken(i)},o.prototype.getServerVariableToken=function(i){return this.getTokenOnFirstMatch({input:i,type:n.TokenTypes.SERVERVARIABLE,regex:/(^@@\w+)/iu})},o.prototype.getIdentNamedPlaceholderToken=function(i){return this.getPlaceholderTokenWithKey({input:i,regex:this.IDENT_NAMED_PLACEHOLDER_REGEX,parseKey:function(a){return a.slice(1)}})},o.prototype.getStringNamedPlaceholderToken=function(i){var a=this;return this.getPlaceholderTokenWithKey({input:i,regex:this.STRING_NAMED_PLACEHOLDER_REGEX,parseKey:function(l){return a.getEscapedPlaceholderKey({key:l.slice(2,-1),quoteChar:l.slice(-1)})}})},o.prototype.getIndexedPlaceholderToken=function(i){return this.getPlaceholderTokenWithKey({input:i,regex:this.INDEXED_PLACEHOLDER_REGEX,parseKey:function(a){return a.slice(1)}})},o.prototype.getPlaceholderTokenWithKey=function(i){var a=i.input,l=i.regex,h=i.parseKey,d=this.getTokenOnFirstMatch({input:a,regex:l,type:n.TokenTypes.PLACEHOLDER});return d&&(d.key=h(d.value)),d},o.prototype.getEscapedPlaceholderKey=function(i){var a=i.key,l=i.quoteChar;return a.replace(new RegExp((0,s.default)("\\"+l),"gu"),l)},o.prototype.getNumberToken=function(i){return this.getTokenOnFirstMatch({input:i,type:n.TokenTypes.NUMBER,regex:this.NUMBER_REGEX})},o.prototype.getOperatorToken=function(i){return this.getTokenOnFirstMatch({input:i,type:n.TokenTypes.OPERATOR,regex:this.OPERATOR_REGEX})},o.prototype.getAmbiguosOperatorToken=function(i){return this.getTokenOnFirstMatch({input:i,type:n.TokenTypes.OPERATOR,regex:this.AMBIGUOS_OPERATOR_REGEX})},o.prototype.getNoSpaceOperatorToken=function(i){return this.getTokenOnFirstMatch({input:i,type:n.TokenTypes.NO_SPACE_OPERATOR,regex:this.NO_SPACE_OPERATOR_REGEX})},o.prototype.getReservedWordToken=function(i,a){if(!(a&&a.value&&a.value==="."))return this.getToplevelReservedToken(i)||this.getNewlineReservedToken(i)||this.getTopLevelReservedTokenNoIndent(i)||this.getPlainReservedToken(i)},o.prototype.getToplevelReservedToken=function(i){return this.getTokenOnFirstMatch({input:i,type:n.TokenTypes.RESERVED_TOP_LEVEL,regex:this.RESERVED_TOP_LEVEL_REGEX})},o.prototype.getNewlineReservedToken=function(i){return this.getTokenOnFirstMatch({input:i,type:n.TokenTypes.RESERVED_NEWLINE,regex:this.RESERVED_NEWLINE_REGEX})},o.prototype.getPlainReservedToken=function(i){return this.getTokenOnFirstMatch({input:i,type:n.TokenTypes.RESERVED,regex:this.RESERVED_PLAIN_REGEX})},o.prototype.getTopLevelReservedTokenNoIndent=function(i){return this.getTokenOnFirstMatch({input:i,type:n.TokenTypes.RESERVED_TOP_LEVEL_NO_INDENT,regex:this.RESERVED_TOP_LEVEL_NO_INDENT_REGEX})},o.prototype.getWordToken=function(i){return this.getTokenOnFirstMatch({input:i,type:n.TokenTypes.WORD,regex:this.WORD_REGEX})},o.prototype.getTokenOnFirstMatch=function(i){var a=i.input,l=i.type,h=i.regex,d=a.match(h);if(d)return{type:l,value:d[1]}},o}();e.default=r})($u);var qu={},Du={},Pu={};(function(e){e.__esModule=!0;var t=function(s){return s===void 0&&(s=[]),s[s.length-1]};e.default=t})(Pu);(function(e){var t=ve&&ve.__importDefault||function(i){return i&&i.__esModule?i:{default:i}};e.__esModule=!0;var s=t(Pu),n="top-level",r="block-level",o=function(){function i(a){this.indent=a,this.indentTypes=[],this.indent=a||"  "}return i.prototype.getIndent=function(){return new Array(this.indentTypes.length).fill(this.indent).join("")},i.prototype.increaseTopLevel=function(){this.indentTypes.push(n)},i.prototype.increaseBlockLevel=function(){this.indentTypes.push(r)},i.prototype.decreaseTopLevel=function(){(0,s.default)(this.indentTypes)===n&&this.indentTypes.pop()},i.prototype.decreaseBlockLevel=function(){for(;this.indentTypes.length>0;){var a=this.indentTypes.pop();if(a!==n)break}},i.prototype.resetIndentation=function(){this.indentTypes=[]},i}();e.default=o})(Du);var xu={};(function(e){e.__esModule=!0;var t=An,s=50,n=function(){function r(){this.level=0}return r.prototype.beginIfPossible=function(o,i){this.level===0&&this.isInlineBlock(o,i)?this.level=1:this.level>0?this.level++:this.level=0},r.prototype.end=function(){this.level--},r.prototype.isActive=function(){return this.level>0},r.prototype.isInlineBlock=function(o,i){for(var a=0,l=0,h=i;h<o.length;h++){var d=o[h];if(a+=d.value.length,a>s)return!1;if(d.type===t.TokenTypes.OPEN_PAREN)l++;else if(d.type===t.TokenTypes.CLOSE_PAREN&&(l--,l===0))return!0;if(this.isForbiddenToken(d))return!1}return!1},r.prototype.isForbiddenToken=function(o){var i=o.type,a=o.value;return i===t.TokenTypes.RESERVED_TOP_LEVEL||i===t.TokenTypes.RESERVED_NEWLINE||i===t.TokenTypes.LINE_COMMENT||i===t.TokenTypes.BLOCK_COMMENT||a===";"},r}();e.default=n})(xu);var Mu={};(function(e){e.__esModule=!0;var t=function(){function s(n){this.params=n,this.index=0,this.params=n}return s.prototype.get=function(n){var r=n.key,o=n.value;return this.params?r?this.params[r]:this.params[this.index++]:o},s}();e.default=t})(Mu);(function(e){var t=ve&&ve.__importDefault||function(h){return h&&h.__esModule?h:{default:h}};e.__esModule=!0;var s=An,n=t(Du),r=t(xu),o=t(Mu),i=[" ","	"],a=function(h){for(var d=h.length-1;d>=0&&i.includes(h[d]);)d--;return h.substring(0,d+1)},l=function(){function h(d,p,g){this.cfg=d,this.tokenizer=p,this.tokenOverride=g,this.tokens=[],this.previousReservedWord={type:null,value:null},this.previousNonWhiteSpace={type:null,value:null},this.index=0,this.indentation=new n.default(this.cfg.indent),this.inlineBlock=new r.default,this.params=new o.default(this.cfg.params)}return h.prototype.format=function(d){this.tokens=this.tokenizer.tokenize(d);var p=this.getFormattedQueryFromTokens();return p.trim()},h.prototype.getFormattedQueryFromTokens=function(){var d=this,p="";return this.tokens.forEach(function(g,y){d.index=y,d.tokenOverride&&(g=d.tokenOverride(g,d.previousReservedWord)||g),g.type===s.TokenTypes.WHITESPACE?p=d.formatWhitespace(g,p):g.type===s.TokenTypes.LINE_COMMENT?p=d.formatLineComment(g,p):g.type===s.TokenTypes.BLOCK_COMMENT?p=d.formatBlockComment(g,p):g.type===s.TokenTypes.RESERVED_TOP_LEVEL||g.type===s.TokenTypes.RESERVED_TOP_LEVEL_NO_INDENT||g.type===s.TokenTypes.RESERVED_NEWLINE||g.type===s.TokenTypes.RESERVED?p=d.formatReserved(g,p):g.type===s.TokenTypes.OPEN_PAREN?p=d.formatOpeningParentheses(g,p):g.type===s.TokenTypes.CLOSE_PAREN?p=d.formatClosingParentheses(g,p):g.type===s.TokenTypes.NO_SPACE_OPERATOR?p=d.formatWithoutSpaces(g,p):g.type===s.TokenTypes.PLACEHOLDER||g.type===s.TokenTypes.SERVERVARIABLE?p=d.formatPlaceholder(g,p):g.value===","?p=d.formatComma(g,p):g.value===":"?p=d.formatWithSpaceAfter(g,p):g.value==="."?p=d.formatWithoutSpaces(g,p):g.value===";"?p=d.formatQuerySeparator(g,p):p=d.formatWithSpaces(g,p),g.type!==s.TokenTypes.WHITESPACE&&(d.previousNonWhiteSpace=g)}),p},h.prototype.formatWhitespace=function(d,p){return this.cfg.linesBetweenQueries==="preserve"&&/((\r\n|\n)(\r\n|\n)+)/u.test(d.value)&&this.previousToken().value===";"?p.replace(/(\n|\r\n)$/u,"")+d.value:p},h.prototype.formatReserved=function(d,p){return d.type===s.TokenTypes.RESERVED_NEWLINE&&this.previousReservedWord&&this.previousReservedWord.value&&d.value.toUpperCase()==="AND"&&this.previousReservedWord.value.toUpperCase()==="BETWEEN"&&(d.type=s.TokenTypes.RESERVED),d.type===s.TokenTypes.RESERVED_TOP_LEVEL?p=this.formatTopLevelReservedWord(d,p):d.type===s.TokenTypes.RESERVED_TOP_LEVEL_NO_INDENT?p=this.formatTopLevelReservedWordNoIndent(d,p):d.type===s.TokenTypes.RESERVED_NEWLINE?p=this.formatNewlineReservedWord(d,p):p=this.formatWithSpaces(d,p),this.previousReservedWord=d,p},h.prototype.formatLineComment=function(d,p){return this.addNewline(p+d.value)},h.prototype.formatBlockComment=function(d,p){return this.addNewline(this.addNewline(p)+this.indentComment(d.value))},h.prototype.indentComment=function(d){return d.replace(/\n[ \t]*/gu,`
`+this.indentation.getIndent()+" ")},h.prototype.formatTopLevelReservedWordNoIndent=function(d,p){return this.indentation.decreaseTopLevel(),p=this.addNewline(p)+this.equalizeWhitespace(this.formatReservedWord(d.value)),this.addNewline(p)},h.prototype.formatTopLevelReservedWord=function(d,p){var g=this.previousNonWhiteSpace.value!==","&&!["GRANT"].includes("".concat(this.previousNonWhiteSpace.value).toUpperCase());return g&&(this.indentation.decreaseTopLevel(),p=this.addNewline(p)),p=p+this.equalizeWhitespace(this.formatReservedWord(d.value))+" ",g&&this.indentation.increaseTopLevel(),p},h.prototype.formatNewlineReservedWord=function(d,p){return this.addNewline(p)+this.equalizeWhitespace(this.formatReservedWord(d.value))+" "},h.prototype.equalizeWhitespace=function(d){return d.replace(/\s+/gu," ")},h.prototype.formatOpeningParentheses=function(d,p){d.value=this.formatCase(d.value);var g=this.previousToken().type;return g!==s.TokenTypes.WHITESPACE&&g!==s.TokenTypes.OPEN_PAREN&&g!==s.TokenTypes.LINE_COMMENT&&(p=a(p)),p+=d.value,this.inlineBlock.beginIfPossible(this.tokens,this.index),this.inlineBlock.isActive()||(this.indentation.increaseBlockLevel(),p=this.addNewline(p)),p},h.prototype.formatClosingParentheses=function(d,p){return d.value=this.formatCase(d.value),this.inlineBlock.isActive()?(this.inlineBlock.end(),this.formatWithSpaceAfter(d,p)):(this.indentation.decreaseBlockLevel(),this.formatWithSpaces(d,this.addNewline(p)))},h.prototype.formatPlaceholder=function(d,p){return p+this.params.get(d)+" "},h.prototype.formatComma=function(d,p){return p=a(p)+d.value+" ",this.inlineBlock.isActive()||/^LIMIT$/iu.test(this.previousReservedWord.value)?p:this.addNewline(p)},h.prototype.formatWithSpaceAfter=function(d,p){return a(p)+d.value+" "},h.prototype.formatWithoutSpaces=function(d,p){return a(p)+d.value},h.prototype.formatWithSpaces=function(d,p){var g=d.type===s.TokenTypes.RESERVED?this.formatReservedWord(d.value):d.value;return p+g+" "},h.prototype.formatReservedWord=function(d){return this.formatCase(d)},h.prototype.formatQuerySeparator=function(d,p){this.indentation.resetIndentation();var g=`
`;return this.cfg.linesBetweenQueries!=="preserve"&&(g=`
`.repeat(this.cfg.linesBetweenQueries||1)),a(p)+d.value+g},h.prototype.addNewline=function(d){return d=a(d),d.endsWith(`
`)||(d+=`
`),d+this.indentation.getIndent()},h.prototype.previousToken=function(){return this.tokens[this.index-1]||{type:null,value:null}},h.prototype.formatCase=function(d){return this.cfg.reservedWordCase==="upper"?d.toUpperCase():this.cfg.reservedWordCase==="lower"?d.toLowerCase():d},h}();e.default=l})(qu);(function(e){var t=ve&&ve.__importDefault||function(o){return o&&o.__esModule?o:{default:o}};e.__esModule=!0;var s=t($u),n=t(qu),r=function(){function o(i){this.cfg=i}return o.prototype.format=function(i){return new n.default(this.cfg,this.tokenizer(),this.tokenOverride).format(i)},o.prototype.tokenize=function(i){return this.tokenizer().tokenize(i)},o.prototype.tokenizer=function(){return new s.default(this.getTokenizerConfig())},o}();e.default=r})(Cn);(function(e){var t=ve&&ve.__extends||function(){var h=function(d,p){return h=Object.setPrototypeOf||{__proto__:[]}instanceof Array&&function(g,y){g.__proto__=y}||function(g,y){for(var A in y)Object.prototype.hasOwnProperty.call(y,A)&&(g[A]=y[A])},h(d,p)};return function(d,p){if(typeof p!="function"&&p!==null)throw new TypeError("Class extends value "+String(p)+" is not a constructor or null");h(d,p);function g(){this.constructor=d}d.prototype=p===null?Object.create(p):(g.prototype=p.prototype,new g)}}(),s=ve&&ve.__importDefault||function(h){return h&&h.__esModule?h:{default:h}};e.__esModule=!0;var n=s(Cn),r=function(h){t(d,h);function d(){return h!==null&&h.apply(this,arguments)||this}return d.prototype.getTokenizerConfig=function(){return{reservedWords:o,reservedTopLevelWords:i,reservedNewlineWords:l,reservedTopLevelWordsNoIndent:a,stringTypes:['""',"''","``","[]"],openParens:["("],closeParens:[")"],indexedPlaceholderTypes:["?"],namedPlaceholderTypes:[":"],lineCommentTypes:["--"],specialWordChars:["#","@"]}},d}(n.default);e.default=r;var o=["ABS","ACTIVATE","ALIAS","ALL","ALLOCATE","ALLOW","ALTER","ANY","ARE","ARRAY","AS","ASC","ASENSITIVE","ASSOCIATE","ASUTIME","ASYMMETRIC","AT","ATOMIC","ATTRIBUTES","AUDIT","AUTHORIZATION","AUX","AUXILIARY","AVG","BEFORE","BEGIN","BETWEEN","BIGINT","BINARY","BLOB","BOOLEAN","BOTH","BUFFERPOOL","BY","CACHE","CALL","CALLED","CAPTURE","CARDINALITY","CASCADED","CASE","CAST","CCSID","CEIL","CEILING","CHAR","CHARACTER","CHARACTER_LENGTH","CHAR_LENGTH","CHECK","CLOB","CLONE","CLOSE","CLUSTER","COALESCE","COLLATE","COLLECT","COLLECTION","COLLID","COLUMN","COMMENT","COMMIT","CONCAT","CONDITION","CONNECT","CONNECTION","CONSTRAINT","CONTAINS","CONTINUE","CONVERT","CORR","CORRESPONDING","COUNT","COUNT_BIG","COVAR_POP","COVAR_SAMP","CREATE","CROSS","CUBE","CUME_DIST","CURRENT","CURRENT_DATE","CURRENT_DEFAULT_TRANSFORM_GROUP","CURRENT_LC_CTYPE","CURRENT_PATH","CURRENT_ROLE","CURRENT_SCHEMA","CURRENT_SERVER","CURRENT_TIME","CURRENT_TIMESTAMP","CURRENT_TIMEZONE","CURRENT_TRANSFORM_GROUP_FOR_TYPE","CURRENT_USER","CURSOR","CYCLE","DATA","DATABASE","DATAPARTITIONNAME","DATAPARTITIONNUM","DATE","DAY","DAYS","DB2GENERAL","DB2GENRL","DB2SQL","DBINFO","DBPARTITIONNAME","DBPARTITIONNUM","DEALLOCATE","DEC","DECIMAL","DECLARE","DEFAULT","DEFAULTS","DEFINITION","DELETE","DENSERANK","DENSE_RANK","DEREF","DESCRIBE","DESCRIPTOR","DETERMINISTIC","DIAGNOSTICS","DISABLE","DISALLOW","DISCONNECT","DISTINCT","DO","DOCUMENT","DOUBLE","DROP","DSSIZE","DYNAMIC","EACH","EDITPROC","ELEMENT","ELSE","ELSEIF","ENABLE","ENCODING","ENCRYPTION","END","END-EXEC","ENDING","ERASE","ESCAPE","EVERY","EXCEPTION","EXCLUDING","EXCLUSIVE","EXEC","EXECUTE","EXISTS","EXIT","EXP","EXPLAIN","EXTENDED","EXTERNAL","EXTRACT","FALSE","FENCED","FETCH","FIELDPROC","FILE","FILTER","FINAL","FIRST","FLOAT","FLOOR","FOR","FOREIGN","FREE","FULL","FUNCTION","FUSION","GENERAL","GENERATED","GET","GLOBAL","GOTO","GRANT","GRAPHIC","GROUP","GROUPING","HANDLER","HASH","HASHED_VALUE","HINT","HOLD","HOUR","HOURS","IDENTITY","IF","IMMEDIATE","IN","INCLUDING","INCLUSIVE","INCREMENT","INDEX","INDICATOR","INDICATORS","INF","INFINITY","INHERIT","INNER","INOUT","INSENSITIVE","INSERT","INT","INTEGER","INTEGRITY","INTERSECTION","INTERVAL","INTO","IS","ISOBID","ISOLATION","ITERATE","JAR","JAVA","KEEP","KEY","LABEL","LANGUAGE","LARGE","LATERAL","LC_CTYPE","LEADING","LEAVE","LEFT","LIKE","LINKTYPE","LN","LOCAL","LOCALDATE","LOCALE","LOCALTIME","LOCALTIMESTAMP","LOCATOR","LOCATORS","LOCK","LOCKMAX","LOCKSIZE","LONG","LOOP","LOWER","MAINTAINED","MATCH","MATERIALIZED","MAX","MAXVALUE","MEMBER","MERGE","METHOD","MICROSECOND","MICROSECONDS","MIN","MINUTE","MINUTES","MINVALUE","MOD","MODE","MODIFIES","MODULE","MONTH","MONTHS","MULTISET","NAN","NATIONAL","NATURAL","NCHAR","NCLOB","NEW","NEW_TABLE","NEXTVAL","NO","NOCACHE","NOCYCLE","NODENAME","NODENUMBER","NOMAXVALUE","NOMINVALUE","NONE","NOORDER","NORMALIZE","NORMALIZED","NOT","NULL","NULLIF","NULLS","NUMERIC","NUMPARTS","OBID","OCTET_LENGTH","OF","OFFSET","OLD","OLD_TABLE","ON","ONLY","OPEN","OPTIMIZATION","OPTIMIZE","OPTION","ORDER","OUT","OUTER","OVER","OVERLAPS","OVERLAY","OVERRIDING","PACKAGE","PADDED","PAGESIZE","PARAMETER","PART","PARTITION","PARTITIONED","PARTITIONING","PARTITIONS","PASSWORD","PATH","PERCENTILE_CONT","PERCENTILE_DISC","PERCENT_RANK","PIECESIZE","PLAN","POSITION","POWER","PRECISION","PREPARE","PREVVAL","PRIMARY","PRIQTY","PRIVILEGES","PROCEDURE","PROGRAM","PSID","PUBLIC","QUERY","QUERYNO","RANGE","RANK","READ","READS","REAL","RECOVERY","RECURSIVE","REF","REFERENCES","REFERENCING","REFRESH","REGR_AVGX","REGR_AVGY","REGR_COUNT","REGR_INTERCEPT","REGR_R2","REGR_SLOPE","REGR_SXX","REGR_SXY","REGR_SYY","RELEASE","RENAME","REPEAT","RESET","RESIGNAL","RESTART","RESTRICT","RESULT","RESULT_SET_LOCATOR","RETURN","RETURNS","REVOKE","RIGHT","ROLE","ROLLBACK","ROLLUP","ROUND_CEILING","ROUND_DOWN","ROUND_FLOOR","ROUND_HALF_DOWN","ROUND_HALF_EVEN","ROUND_HALF_UP","ROUND_UP","ROUTINE","ROW","ROWNUMBER","ROWS","ROWSET","ROW_NUMBER","RRN","RUN","SAVEPOINT","SCHEMA","SCOPE","SCRATCHPAD","SCROLL","SEARCH","SECOND","SECONDS","SECQTY","SECURITY","SENSITIVE","SEQUENCE","SESSION","SESSION_USER","SIGNAL","SIMILAR","SIMPLE","SMALLINT","SNAN","SOME","SOURCE","SPECIFIC","SPECIFICTYPE","SQL","SQLEXCEPTION","SQLID","SQLSTATE","SQLWARNING","SQRT","STACKED","STANDARD","START","STARTING","STATEMENT","STATIC","STATMENT","STAY","STDDEV_POP","STDDEV_SAMP","STOGROUP","STORES","STYLE","SUBMULTISET","SUBSTRING","SUM","SUMMARY","SYMMETRIC","SYNONYM","SYSFUN","SYSIBM","SYSPROC","SYSTEM","SYSTEM_USER","TABLE","TABLESAMPLE","TABLESPACE","THEN","TIME","TIMESTAMP","TIMEZONE_HOUR","TIMEZONE_MINUTE","TO","TRAILING","TRANSACTION","TRANSLATE","TRANSLATION","TREAT","TRIGGER","TRIM","TRUE","TRUNCATE","TYPE","UESCAPE","UNDO","UNIQUE","UNKNOWN","UNNEST","UNTIL","UPPER","USAGE","USER","USING","VALIDPROC","VALUE","VARCHAR","VARIABLE","VARIANT","VARYING","VAR_POP","VAR_SAMP","VCAT","VERSION","VIEW","VOLATILE","VOLUMES","WHEN","WHENEVER","WHILE","WIDTH_BUCKET","WINDOW","WITH","WITHIN","WITHOUT","WLM","WRITE","XMLELEMENT","XMLEXISTS","XMLNAMESPACES","YEAR","YEARS"],i=["ADD","AFTER","ALTER COLUMN","ALTER TABLE","DELETE FROM","EXCEPT","FETCH FIRST","FROM","GROUP BY","GO","HAVING","INSERT INTO","INTERSECT","LIMIT","ORDER BY","SELECT","SET CURRENT SCHEMA","SET SCHEMA","SET","UPDATE","VALUES","WHERE"],a=["INTERSECT","INTERSECT ALL","MINUS","UNION","UNION ALL"],l=["AND","CROSS JOIN","INNER JOIN","JOIN","LEFT JOIN","LEFT OUTER JOIN","OR","OUTER JOIN","RIGHT JOIN","RIGHT OUTER JOIN"]})(Iu);var Uu={};(function(e){var t=ve&&ve.__extends||function(){var h=function(d,p){return h=Object.setPrototypeOf||{__proto__:[]}instanceof Array&&function(g,y){g.__proto__=y}||function(g,y){for(var A in y)Object.prototype.hasOwnProperty.call(y,A)&&(g[A]=y[A])},h(d,p)};return function(d,p){if(typeof p!="function"&&p!==null)throw new TypeError("Class extends value "+String(p)+" is not a constructor or null");h(d,p);function g(){this.constructor=d}d.prototype=p===null?Object.create(p):(g.prototype=p.prototype,new g)}}(),s=ve&&ve.__importDefault||function(h){return h&&h.__esModule?h:{default:h}};e.__esModule=!0;var n=s(Cn),r=function(h){t(d,h);function d(){return h!==null&&h.apply(this,arguments)||this}return d.prototype.getTokenizerConfig=function(){return{reservedWords:o,reservedTopLevelWords:i,reservedNewlineWords:l,reservedTopLevelWordsNoIndent:a,stringTypes:['""',"''","``"],openParens:["(","[","{"],closeParens:[")","]","}"],namedPlaceholderTypes:["$"],lineCommentTypes:["#","--"],specialWordChars:[]}},d}(n.default);e.default=r;var o=["ALL","ALTER","ANALYZE","AND","ANY","ARRAY","AS","ASC","BEGIN","BETWEEN","BINARY","BOOLEAN","BREAK","BUCKET","BUILD","BY","CALL","CASE","CAST","CLUSTER","COLLATE","COLLECTION","COMMIT","CONNECT","CONTINUE","CORRELATE","COVER","CREATE","DATABASE","DATASET","DATASTORE","DECLARE","DECREMENT","DELETE","DERIVED","DESC","DESCRIBE","DISTINCT","DO","DROP","EACH","ELEMENT","ELSE","END","EVERY","EXCEPT","EXCLUDE","EXECUTE","EXISTS","EXPLAIN","FALSE","FETCH","FIRST","FLATTEN","FOR","FORCE","FROM","FUNCTION","GRANT","GROUP","GSI","HAVING","IF","IGNORE","ILIKE","IN","INCLUDE","INCREMENT","INDEX","INFER","INLINE","INNER","INSERT","INTERSECT","INTO","IS","JOIN","KEY","KEYS","KEYSPACE","KNOWN","LAST","LEFT","LET","LETTING","LIKE","LIMIT","LSM","MAP","MAPPING","MATCHED","MATERIALIZED","MERGE","MISSING","NAMESPACE","NEST","NOT","NULL","NUMBER","OBJECT","OFFSET","ON","OPTION","OR","ORDER","OUTER","OVER","PARSE","PARTITION","PASSWORD","PATH","POOL","PREPARE","PRIMARY","PRIVATE","PRIVILEGE","PROCEDURE","PUBLIC","RAW","REALM","REDUCE","RENAME","RETURN","RETURNING","REVOKE","RIGHT","ROLE","ROLLBACK","SATISFIES","SCHEMA","SELECT","SELF","SEMI","SET","SHOW","SOME","START","STATISTICS","STRING","SYSTEM","THEN","TO","TRANSACTION","TRIGGER","TRUE","TRUNCATE","UNDER","UNION","UNIQUE","UNKNOWN","UNNEST","UNSET","UPDATE","UPSERT","USE","USER","USING","VALIDATE","VALUE","VALUED","VALUES","VIA","VIEW","WHEN","WHERE","WHILE","WITH","WITHIN","WORK","XOR"],i=["DELETE FROM","EXCEPT ALL","EXCEPT","EXPLAIN DELETE FROM","EXPLAIN UPDATE","EXPLAIN UPSERT","FROM","GROUP BY","HAVING","INFER","INSERT INTO","LET","LIMIT","MERGE","NEST","ORDER BY","PREPARE","SELECT","SET CURRENT SCHEMA","SET SCHEMA","SET","UNNEST","UPDATE","UPSERT","USE KEYS","VALUES","WHERE"],a=["INTERSECT","INTERSECT ALL","MINUS","UNION","UNION ALL"],l=["AND","INNER JOIN","JOIN","LEFT JOIN","LEFT OUTER JOIN","OR","OUTER JOIN","RIGHT JOIN","RIGHT OUTER JOIN","XOR"]})(Uu);var Fu={};(function(e){var t=ve&&ve.__extends||function(){var d=function(p,g){return d=Object.setPrototypeOf||{__proto__:[]}instanceof Array&&function(y,A){y.__proto__=A}||function(y,A){for(var k in A)Object.prototype.hasOwnProperty.call(A,k)&&(y[k]=A[k])},d(p,g)};return function(p,g){if(typeof g!="function"&&g!==null)throw new TypeError("Class extends value "+String(g)+" is not a constructor or null");d(p,g);function y(){this.constructor=p}p.prototype=g===null?Object.create(g):(y.prototype=g.prototype,new y)}}(),s=ve&&ve.__importDefault||function(d){return d&&d.__esModule?d:{default:d}};e.__esModule=!0;var n=s(Cn),r=An,o=function(d){t(p,d);function p(){var g=d!==null&&d.apply(this,arguments)||this;return g.tokenOverride=function(y,A){if(y.type===r.TokenTypes.RESERVED_TOP_LEVEL&&A.value&&y.value.toUpperCase()==="SET"&&A.value.toUpperCase()==="BY")return y.type=r.TokenTypes.RESERVED,y},g}return p.prototype.getTokenizerConfig=function(){return{reservedWords:i,reservedTopLevelWords:a,reservedNewlineWords:h,reservedTopLevelWordsNoIndent:l,stringTypes:['""',"N''","''","``"],openParens:["(","CASE"],closeParens:[")","END"],indexedPlaceholderTypes:["?"],namedPlaceholderTypes:[":"],lineCommentTypes:["--"],specialWordChars:["_","$","#",".","@"]}},p}(n.default);e.default=o;var i=["A","ACCESSIBLE","AGENT","AGGREGATE","ALL","ALTER","ANY","ARRAY","AS","ASC","AT","ATTRIBUTE","AUTHID","AVG","BETWEEN","BFILE_BASE","BINARY_INTEGER","BINARY","BLOB_BASE","BLOCK","BODY","BOOLEAN","BOTH","BOUND","BREADTH","BULK","BY","BYTE","C","CALL","CALLING","CASCADE","CASE","CHAR_BASE","CHAR","CHARACTER","CHARSET","CHARSETFORM","CHARSETID","CHECK","CLOB_BASE","CLONE","CLOSE","CLUSTER","CLUSTERS","COALESCE","COLAUTH","COLLECT","COLUMNS","COMMENT","COMMIT","COMMITTED","COMPILED","COMPRESS","CONNECT","CONSTANT","CONSTRUCTOR","CONTEXT","CONTINUE","CONVERT","COUNT","CRASH","CREATE","CREDENTIAL","CURRENT","CURRVAL","CURSOR","CUSTOMDATUM","DANGLING","DATA","DATE_BASE","DATE","DAY","DECIMAL","DEFAULT","DEFINE","DELETE","DEPTH","DESC","DETERMINISTIC","DIRECTORY","DISTINCT","DO","DOUBLE","DROP","DURATION","ELEMENT","ELSIF","EMPTY","END","ESCAPE","EXCEPTIONS","EXCLUSIVE","EXECUTE","EXISTS","EXIT","EXTENDS","EXTERNAL","EXTRACT","FALSE","FETCH","FINAL","FIRST","FIXED","FLOAT","FOR","FORALL","FORCE","FROM","FUNCTION","GENERAL","GOTO","GRANT","GROUP","HASH","HEAP","HIDDEN","HOUR","IDENTIFIED","IF","IMMEDIATE","IN","INCLUDING","INDEX","INDEXES","INDICATOR","INDICES","INFINITE","INSTANTIABLE","INT","INTEGER","INTERFACE","INTERVAL","INTO","INVALIDATE","IS","ISOLATION","JAVA","LANGUAGE","LARGE","LEADING","LENGTH","LEVEL","LIBRARY","LIKE","LIKE2","LIKE4","LIKEC","LIMITED","LOCAL","LOCK","LONG","MAP","MAX","MAXLEN","MEMBER","MERGE","MIN","MINUTE","MLSLABEL","MOD","MODE","MONTH","MULTISET","NAME","NAN","NATIONAL","NATIVE","NATURAL","NATURALN","NCHAR","NEW","NEXTVAL","NOCOMPRESS","NOCOPY","NOT","NOWAIT","NULL","NULLIF","NUMBER_BASE","NUMBER","OBJECT","OCICOLL","OCIDATE","OCIDATETIME","OCIDURATION","OCIINTERVAL","OCILOBLOCATOR","OCINUMBER","OCIRAW","OCIREF","OCIREFCURSOR","OCIROWID","OCISTRING","OCITYPE","OF","OLD","ON","ONLY","OPAQUE","OPEN","OPERATOR","OPTION","ORACLE","ORADATA","ORDER","ORGANIZATION","ORLANY","ORLVARY","OTHERS","OUT","OVERLAPS","OVERRIDING","PACKAGE","PARALLEL_ENABLE","PARAMETER","PARAMETERS","PARENT","PARTITION","PASCAL","PCTFREE","PIPE","PIPELINED","PLS_INTEGER","PLUGGABLE","POSITIVE","POSITIVEN","PRAGMA","PRECISION","PRIOR","PRIVATE","PROCEDURE","PUBLIC","RAISE","RANGE","RAW","READ","REAL","RECORD","REF","REFERENCE","RELEASE","RELIES_ON","REM","REMAINDER","RENAME","RESOURCE","RESULT_CACHE","RESULT","RETURN","RETURNING","REVERSE","REVOKE","ROLLBACK","ROW","ROWID","ROWNUM","ROWTYPE","SAMPLE","SAVE","SAVEPOINT","SB1","SB2","SB4","SEARCH","SECOND","SEGMENT","SELF","SEPARATE","SEQUENCE","SERIALIZABLE","SHARE","SHORT","SIZE_T","SIZE","SMALLINT","SOME","SPACE","SPARSE","SQL","SQLCODE","SQLDATA","SQLERRM","SQLNAME","SQLSTATE","STANDARD","START","STATIC","STDDEV","STORED","STRING","STRUCT","STYLE","SUBMULTISET","SUBPARTITION","SUBSTITUTABLE","SUBTYPE","SUCCESSFUL","SUM","SYNONYM","SYSDATE","TABAUTH","TABLE","TDO","THE","THEN","TIME","TIMESTAMP","TIMEZONE_ABBR","TIMEZONE_HOUR","TIMEZONE_MINUTE","TIMEZONE_REGION","TO","TRAILING","TRANSACTION","TRANSACTIONAL","TRIGGER","TRUE","TRUSTED","TYPE","UB1","UB2","UB4","UID","UNDER","UNIQUE","UNPLUG","UNSIGNED","UNTRUSTED","USE","USER","USING","VALIDATE","VALIST","VALUE","VARCHAR","VARCHAR2","VARIABLE","VARIANCE","VARRAY","VARYING","VIEW","VIEWS","VOID","WHENEVER","WHILE","WITH","WORK","WRAPPED","WRITE","YEAR","ZONE"],a=["ADD","ALTER COLUMN","ALTER TABLE","BEGIN","CONNECT BY","DECLARE","DELETE FROM","DELETE","END","EXCEPT","EXCEPTION","FETCH FIRST","FROM","GROUP BY","HAVING","INSERT INTO","INSERT","LIMIT","LOOP","MODIFY","ORDER BY","SELECT","SET CURRENT SCHEMA","SET SCHEMA","SET","START WITH","UPDATE","VALUES","WHERE"],l=["INTERSECT","INTERSECT ALL","MINUS","UNION","UNION ALL"],h=["AND","CROSS APPLY","CROSS JOIN","ELSE","END","INNER JOIN","JOIN","LEFT JOIN","LEFT OUTER JOIN","OR","OUTER APPLY","OUTER JOIN","RIGHT JOIN","RIGHT OUTER JOIN","WHEN","XOR"]})(Fu);var Hu={};(function(e){var t=ve&&ve.__extends||function(){var h=function(d,p){return h=Object.setPrototypeOf||{__proto__:[]}instanceof Array&&function(g,y){g.__proto__=y}||function(g,y){for(var A in y)Object.prototype.hasOwnProperty.call(y,A)&&(g[A]=y[A])},h(d,p)};return function(d,p){if(typeof p!="function"&&p!==null)throw new TypeError("Class extends value "+String(p)+" is not a constructor or null");h(d,p);function g(){this.constructor=d}d.prototype=p===null?Object.create(p):(g.prototype=p.prototype,new g)}}(),s=ve&&ve.__importDefault||function(h){return h&&h.__esModule?h:{default:h}};e.__esModule=!0;var n=s(Cn),r=function(h){t(d,h);function d(){return h!==null&&h.apply(this,arguments)||this}return d.prototype.getTokenizerConfig=function(){return{reservedWords:o,reservedTopLevelWords:i,reservedNewlineWords:l,reservedTopLevelWordsNoIndent:a,stringTypes:['""',"N''","''","``","[]","E''"],openParens:["(","CASE"],closeParens:[")","END"],indexedPlaceholderTypes:["?"],namedPlaceholderTypes:["@",":","%","$"],lineCommentTypes:["#","--"],specialWordChars:[]}},d}(n.default);e.default=r;var o=["ACCESSIBLE","ACTION","AGAINST","AGGREGATE","ALGORITHM","ALL","ALTER","ANALYSE","ANALYZE","AS","ASC","AUTOCOMMIT","AUTO_INCREMENT","BACKUP","BEGIN","BETWEEN","BINLOG","BOTH","CASCADE","CASE","CHANGE","CHANGED","CHARACTER SET","CHARSET","CHECK","CHECKSUM","COLLATE","COLLATION","COLUMN","COLUMNS","COMMENT","COMMIT","COMMITTED","COMPRESSED","CONCURRENT","CONSTRAINT","CONTAINS","CONVERT","COUNT","CREATE","CROSS","CURRENT_TIMESTAMP","DATABASE","DATABASES","DAY_HOUR","DAY_MINUTE","DAY_SECOND","DAY","DEFAULT","DEFINER","DELAYED","DELETE","DESC","DESCRIBE","DETERMINISTIC","DISTINCT","DISTINCTROW","DIV","DO","DROP","DUMPFILE","DUPLICATE","DYNAMIC","ELSE","ENCLOSED","END","ENGINE","ENGINES","ENGINE_TYPE","ESCAPE","ESCAPED","EVENTS","EXEC","EXECUTE","EXISTS","EXPLAIN","EXTENDED","FAST","FETCH","FIELDS","FILE","FIRST","FIXED","FLUSH","FOR","FORCE","FOREIGN","FULL","FULLTEXT","FUNCTION","GLOBAL","GRANTS","GROUP_CONCAT","HEAP","HIGH_PRIORITY","HOSTS","HOUR","HOUR_MINUTE","HOUR_SECOND","IDENTIFIED","IF","IFNULL","IGNORE","IN","INDEX","INDEXES","INFILE","INSERT","INSERT_ID","INSERT_METHOD","INTERVAL","INTO","INVOKER","IS","ISOLATION","KEY","KEYS","KILL","LAST_INSERT_ID","LEADING","LEVEL","LIKE","LINEAR","LINES","LOAD","LOCAL","LOCK","LOCKS","LOGS","LOW_PRIORITY","MARIA","MASTER","MASTER_CONNECT_RETRY","MASTER_HOST","MASTER_LOG_FILE","MATCH","MAX_CONNECTIONS_PER_HOUR","MAX_QUERIES_PER_HOUR","MAX_ROWS","MAX_UPDATES_PER_HOUR","MAX_USER_CONNECTIONS","MEDIUM","MERGE","MINUTE","MINUTE_SECOND","MIN_ROWS","MODE","MONTH","MRG_MYISAM","MYISAM","NAMES","NATURAL","NOT","NOW()","NULL","OFFSET","ON DELETE","ON UPDATE","ON","ONLY","OPEN","OPTIMIZE","OPTION","OPTIONALLY","OUTFILE","PACK_KEYS","PAGE","PARTIAL","PARTITION","PARTITIONS","PASSWORD","PRIMARY","PRIVILEGES","PROCEDURE","PROCESS","PROCESSLIST","PURGE","QUICK","RAID0","RAID_CHUNKS","RAID_CHUNKSIZE","RAID_TYPE","RANGE","READ","READ_ONLY","READ_WRITE","REFERENCES","REGEXP","RELOAD","RENAME","REPAIR","REPEATABLE","REPLACE","REPLICATION","RESET","RESTORE","RESTRICT","RETURN","RETURNS","REVOKE","RLIKE","ROLLBACK","ROW","ROWS","ROW_FORMAT","SECOND","SECURITY","SEPARATOR","SERIALIZABLE","SESSION","SHARE","SHOW","SHUTDOWN","SLAVE","SONAME","SOUNDS","SQL","SQL_AUTO_IS_NULL","SQL_BIG_RESULT","SQL_BIG_SELECTS","SQL_BIG_TABLES","SQL_BUFFER_RESULT","SQL_CACHE","SQL_CALC_FOUND_ROWS","SQL_LOG_BIN","SQL_LOG_OFF","SQL_LOG_UPDATE","SQL_LOW_PRIORITY_UPDATES","SQL_MAX_JOIN_SIZE","SQL_NO_CACHE","SQL_QUOTE_SHOW_CREATE","SQL_SAFE_UPDATES","SQL_SELECT_LIMIT","SQL_SLAVE_SKIP_COUNTER","SQL_SMALL_RESULT","SQL_WARNINGS","START","STARTING","STATUS","STOP","STORAGE","STRAIGHT_JOIN","STRING","STRIPED","SUPER","TABLE","TABLES","TEMPORARY","TERMINATED","THEN","TO","TRAILING","TRANSACTIONAL","TRIGGER","TRUE","TRUNCATE","TYPE","TYPES","UNCOMMITTED","UNIQUE","UNLOCK","UNSIGNED","USAGE","USE","USING","VARIABLES","VIEW","WHEN","WITH","WORK","WRITE","YEAR_MONTH"],i=["ADD","AFTER","ALTER COLUMN","ALTER TABLE","CREATE OR REPLACE","DECLARE","DELETE FROM","EXCEPT","FETCH FIRST","FROM","GO","GRANT","GROUP BY","HAVING","INSERT INTO","INSERT","LIMIT","MODIFY","ORDER BY","RETURNING","SELECT","SET CURRENT SCHEMA","SET SCHEMA","SET","UPDATE","VALUES","WHERE"],a=["INTERSECT ALL","INTERSECT","MINUS","UNION ALL","UNION"],l=["AND","CROSS APPLY","CROSS JOIN","ELSE","INNER JOIN","FULL JOIN","FULL OUTER JOIN","LEFT JOIN","LEFT OUTER JOIN","NATURAL JOIN","OR","OUTER APPLY","OUTER JOIN","RENAME","RIGHT JOIN","RIGHT OUTER JOIN","JOIN","WHEN","XOR"]})(Hu);(function(e){var t=ve&&ve.__importDefault||function(l){return l&&l.__esModule?l:{default:l}};e.__esModule=!0,e.tokenize=e.format=void 0;var s=t(Iu),n=t(Uu),r=t(Fu),o=t(Hu),i=function(l,h){switch(h===void 0&&(h={}),h.language){case"db2":return new s.default(h).format(l);case"n1ql":return new n.default(h).format(l);case"pl/sql":return new r.default(h).format(l);case"sql":default:return new o.default(h).format(l)}};e.format=i;var a=function(l,h){return h===void 0&&(h={}),new o.default(h).tokenize(l)};e.tokenize=a,e.default={format:e.format,tokenize:e.tokenize}})(Ou);const Dde=qs(Ou);var Bu={exports:{}},Ks={exports:{}};/*! https://mths.be/punycode v1.4.0 by @mathias */Ks.exports;var dl;function Pde(){return dl||(dl=1,function(e,t){(function(s){var n=t&&!t.nodeType&&t,r=e&&!e.nodeType&&e,o=typeof ve=="object"&&ve;(o.global===o||o.window===o||o.self===o)&&(s=o);var i,a=2147483647,l=36,h=1,d=26,p=38,g=700,y=72,A=128,k="-",j=/^xn--/,W=/[^\x20-\x7E]/,C=/[\x2E\u3002\uFF0E\uFF61]/g,R={overflow:"Overflow: input needs wider integers to process","not-basic":"Illegal input >= 0x80 (not a basic code point)","invalid-input":"Invalid input"},O=l-h,q=Math.floor,L=String.fromCharCode,Q;function oe(H){throw new RangeError(R[H])}function P(H,Z){for(var ae=H.length,Se=[];ae--;)Se[ae]=Z(H[ae]);return Se}function V(H,Z){var ae=H.split("@"),Se="";ae.length>1&&(Se=ae[0]+"@",H=ae[1]),H=H.replace(C,".");var ye=H.split("."),Ee=P(ye,Z).join(".");return Se+Ee}function F(H){for(var Z=[],ae=0,Se=H.length,ye,Ee;ae<Se;)ye=H.charCodeAt(ae++),ye>=55296&&ye<=56319&&ae<Se?(Ee=H.charCodeAt(ae++),(Ee&64512)==56320?Z.push(((ye&1023)<<10)+(Ee&1023)+65536):(Z.push(ye),ae--)):Z.push(ye);return Z}function M(H){return P(H,function(Z){var ae="";return Z>65535&&(Z-=65536,ae+=L(Z>>>10&1023|55296),Z=56320|Z&1023),ae+=L(Z),ae}).join("")}function c(H){return H-48<10?H-22:H-65<26?H-65:H-97<26?H-97:l}function m(H,Z){return H+22+75*(H<26)-((Z!=0)<<5)}function b(H,Z,ae){var Se=0;for(H=ae?q(H/g):H>>1,H+=q(H/Z);H>O*d>>1;Se+=l)H=q(H/O);return q(Se+(O+1)*H/(H+p))}function _(H){var Z=[],ae=H.length,Se,ye=0,Ee=A,Te=y,Ne,Pe,De,Ue,qe,Ve,w,S,x;for(Ne=H.lastIndexOf(k),Ne<0&&(Ne=0),Pe=0;Pe<Ne;++Pe)H.charCodeAt(Pe)>=128&&oe("not-basic"),Z.push(H.charCodeAt(Pe));for(De=Ne>0?Ne+1:0;De<ae;){for(Ue=ye,qe=1,Ve=l;De>=ae&&oe("invalid-input"),w=c(H.charCodeAt(De++)),(w>=l||w>q((a-ye)/qe))&&oe("overflow"),ye+=w*qe,S=Ve<=Te?h:Ve>=Te+d?d:Ve-Te,!(w<S);Ve+=l)x=l-S,qe>q(a/x)&&oe("overflow"),qe*=x;Se=Z.length+1,Te=b(ye-Ue,Se,Ue==0),q(ye/Se)>a-Ee&&oe("overflow"),Ee+=q(ye/Se),ye%=Se,Z.splice(ye++,0,Ee)}return M(Z)}function N(H){var Z,ae,Se,ye,Ee,Te,Ne,Pe,De,Ue,qe,Ve=[],w,S,x,Y;for(H=F(H),w=H.length,Z=A,ae=0,Ee=y,Te=0;Te<w;++Te)qe=H[Te],qe<128&&Ve.push(L(qe));for(Se=ye=Ve.length,ye&&Ve.push(k);Se<w;){for(Ne=a,Te=0;Te<w;++Te)qe=H[Te],qe>=Z&&qe<Ne&&(Ne=qe);for(S=Se+1,Ne-Z>q((a-ae)/S)&&oe("overflow"),ae+=(Ne-Z)*S,Z=Ne,Te=0;Te<w;++Te)if(qe=H[Te],qe<Z&&++ae>a&&oe("overflow"),qe==Z){for(Pe=ae,De=l;Ue=De<=Ee?h:De>=Ee+d?d:De-Ee,!(Pe<Ue);De+=l)Y=Pe-Ue,x=l-Ue,Ve.push(L(m(Ue+Y%x,0))),Pe=q(Y/x);Ve.push(L(m(Pe,0))),Ee=b(ae,S,Se==ye),ae=0,++Se}++ae,++Z}return Ve.join("")}function I(H){return V(H,function(Z){return j.test(Z)?_(Z.slice(4).toLowerCase()):Z})}function U(H){return V(H,function(Z){return W.test(Z)?"xn--"+N(Z):Z})}if(i={version:"1.3.2",ucs2:{decode:F,encode:M},decode:_,encode:N,toASCII:U,toUnicode:I},n&&r)if(e.exports==n)r.exports=i;else for(Q in i)i.hasOwnProperty(Q)&&(n[Q]=i[Q]);else s.punycode=i})(ve)}(Ks,Ks.exports)),Ks.exports}var xo={exports:{}};/*!
 * URI.js - Mutating URLs
 * IPv6 Support
 *
 * Version: 1.19.11
 *
 * Author: Rodney Rehm
 * Web: http://medialize.github.io/URI.js/
 *
 * Licensed under
 *   MIT License http://www.opensource.org/licenses/mit-license
 *
 */var hl;function xde(){return hl||(hl=1,function(e){(function(t,s){e.exports?e.exports=s():t.IPv6=s(t)})(ve,function(t){var s=t&&t.IPv6;function n(o){var i=o.toLowerCase(),a=i.split(":"),l=a.length,h=8;a[0]===""&&a[1]===""&&a[2]===""?(a.shift(),a.shift()):a[0]===""&&a[1]===""?a.shift():a[l-1]===""&&a[l-2]===""&&a.pop(),l=a.length,a[l-1].indexOf(".")!==-1&&(h=7);var d;for(d=0;d<l&&a[d]!=="";d++);if(d<h)for(a.splice(d,1,"0000");a.length<h;)a.splice(d,0,"0000");for(var p,g=0;g<h;g++){p=a[g].split("");for(var y=0;y<3&&(p[0]==="0"&&p.length>1);y++)p.splice(0,1);a[g]=p.join("")}var A=-1,k=0,j=0,W=-1,C=!1;for(g=0;g<h;g++)C?a[g]==="0"?j+=1:(C=!1,j>k&&(A=W,k=j)):a[g]==="0"&&(C=!0,W=g,j=1);j>k&&(A=W,k=j),k>1&&a.splice(A,k,""),l=a.length;var R="";for(a[0]===""&&(R=":"),g=0;g<l&&(R+=a[g],g!==l-1);g++)R+=":";return a[l-1]===""&&(R+=":"),R}function r(){return t.IPv6===this&&(t.IPv6=s),this}return{best:n,noConflict:r}})}(xo)),xo.exports}var Mo={exports:{}};/*!
 * URI.js - Mutating URLs
 * Second Level Domain (SLD) Support
 *
 * Version: 1.19.11
 *
 * Author: Rodney Rehm
 * Web: http://medialize.github.io/URI.js/
 *
 * Licensed under
 *   MIT License http://www.opensource.org/licenses/mit-license
 *
 */var fl;function Mde(){return fl||(fl=1,function(e){(function(t,s){e.exports?e.exports=s():t.SecondLevelDomains=s(t)})(ve,function(t){var s=t&&t.SecondLevelDomains,n={list:{ac:" com gov mil net org ",ae:" ac co gov mil name net org pro sch ",af:" com edu gov net org ",al:" com edu gov mil net org ",ao:" co ed gv it og pb ",ar:" com edu gob gov int mil net org tur ",at:" ac co gv or ",au:" asn com csiro edu gov id net org ",ba:" co com edu gov mil net org rs unbi unmo unsa untz unze ",bb:" biz co com edu gov info net org store tv ",bh:" biz cc com edu gov info net org ",bn:" com edu gov net org ",bo:" com edu gob gov int mil net org tv ",br:" adm adv agr am arq art ato b bio blog bmd cim cng cnt com coop ecn edu eng esp etc eti far flog fm fnd fot fst g12 ggf gov imb ind inf jor jus lel mat med mil mus net nom not ntr odo org ppg pro psc psi qsl rec slg srv tmp trd tur tv vet vlog wiki zlg ",bs:" com edu gov net org ",bz:" du et om ov rg ",ca:" ab bc mb nb nf nl ns nt nu on pe qc sk yk ",ck:" biz co edu gen gov info net org ",cn:" ac ah bj com cq edu fj gd gov gs gx gz ha hb he hi hl hn jl js jx ln mil net nm nx org qh sc sd sh sn sx tj tw xj xz yn zj ",co:" com edu gov mil net nom org ",cr:" ac c co ed fi go or sa ",cy:" ac biz com ekloges gov ltd name net org parliament press pro tm ",do:" art com edu gob gov mil net org sld web ",dz:" art asso com edu gov net org pol ",ec:" com edu fin gov info med mil net org pro ",eg:" com edu eun gov mil name net org sci ",er:" com edu gov ind mil net org rochest w ",es:" com edu gob nom org ",et:" biz com edu gov info name net org ",fj:" ac biz com info mil name net org pro ",fk:" ac co gov net nom org ",fr:" asso com f gouv nom prd presse tm ",gg:" co net org ",gh:" com edu gov mil org ",gn:" ac com gov net org ",gr:" com edu gov mil net org ",gt:" com edu gob ind mil net org ",gu:" com edu gov net org ",hk:" com edu gov idv net org ",hu:" 2000 agrar bolt casino city co erotica erotika film forum games hotel info ingatlan jogasz konyvelo lakas media news org priv reklam sex shop sport suli szex tm tozsde utazas video ",id:" ac co go mil net or sch web ",il:" ac co gov idf k12 muni net org ",in:" ac co edu ernet firm gen gov i ind mil net nic org res ",iq:" com edu gov i mil net org ",ir:" ac co dnssec gov i id net org sch ",it:" edu gov ",je:" co net org ",jo:" com edu gov mil name net org sch ",jp:" ac ad co ed go gr lg ne or ",ke:" ac co go info me mobi ne or sc ",kh:" com edu gov mil net org per ",ki:" biz com de edu gov info mob net org tel ",km:" asso com coop edu gouv k medecin mil nom notaires pharmaciens presse tm veterinaire ",kn:" edu gov net org ",kr:" ac busan chungbuk chungnam co daegu daejeon es gangwon go gwangju gyeongbuk gyeonggi gyeongnam hs incheon jeju jeonbuk jeonnam k kg mil ms ne or pe re sc seoul ulsan ",kw:" com edu gov net org ",ky:" com edu gov net org ",kz:" com edu gov mil net org ",lb:" com edu gov net org ",lk:" assn com edu gov grp hotel int ltd net ngo org sch soc web ",lr:" com edu gov net org ",lv:" asn com conf edu gov id mil net org ",ly:" com edu gov id med net org plc sch ",ma:" ac co gov m net org press ",mc:" asso tm ",me:" ac co edu gov its net org priv ",mg:" com edu gov mil nom org prd tm ",mk:" com edu gov inf name net org pro ",ml:" com edu gov net org presse ",mn:" edu gov org ",mo:" com edu gov net org ",mt:" com edu gov net org ",mv:" aero biz com coop edu gov info int mil museum name net org pro ",mw:" ac co com coop edu gov int museum net org ",mx:" com edu gob net org ",my:" com edu gov mil name net org sch ",nf:" arts com firm info net other per rec store web ",ng:" biz com edu gov mil mobi name net org sch ",ni:" ac co com edu gob mil net nom org ",np:" com edu gov mil net org ",nr:" biz com edu gov info net org ",om:" ac biz co com edu gov med mil museum net org pro sch ",pe:" com edu gob mil net nom org sld ",ph:" com edu gov i mil net ngo org ",pk:" biz com edu fam gob gok gon gop gos gov net org web ",pl:" art bialystok biz com edu gda gdansk gorzow gov info katowice krakow lodz lublin mil net ngo olsztyn org poznan pwr radom slupsk szczecin torun warszawa waw wroc wroclaw zgora ",pr:" ac biz com edu est gov info isla name net org pro prof ",ps:" com edu gov net org plo sec ",pw:" belau co ed go ne or ",ro:" arts com firm info nom nt org rec store tm www ",rs:" ac co edu gov in org ",sb:" com edu gov net org ",sc:" com edu gov net org ",sh:" co com edu gov net nom org ",sl:" com edu gov net org ",st:" co com consulado edu embaixada gov mil net org principe saotome store ",sv:" com edu gob org red ",sz:" ac co org ",tr:" av bbs bel biz com dr edu gen gov info k12 name net org pol tel tsk tv web ",tt:" aero biz cat co com coop edu gov info int jobs mil mobi museum name net org pro tel travel ",tw:" club com ebiz edu game gov idv mil net org ",mu:" ac co com gov net or org ",mz:" ac co edu gov org ",na:" co com ",nz:" ac co cri geek gen govt health iwi maori mil net org parliament school ",pa:" abo ac com edu gob ing med net nom org sld ",pt:" com edu gov int net nome org publ ",py:" com edu gov mil net org ",qa:" com edu gov mil net org ",re:" asso com nom ",ru:" ac adygeya altai amur arkhangelsk astrakhan bashkiria belgorod bir bryansk buryatia cbg chel chelyabinsk chita chukotka chuvashia com dagestan e-burg edu gov grozny int irkutsk ivanovo izhevsk jar joshkar-ola kalmykia kaluga kamchatka karelia kazan kchr kemerovo khabarovsk khakassia khv kirov koenig komi kostroma kranoyarsk kuban kurgan kursk lipetsk magadan mari mari-el marine mil mordovia mosreg msk murmansk nalchik net nnov nov novosibirsk nsk omsk orenburg org oryol penza perm pp pskov ptz rnd ryazan sakhalin samara saratov simbirsk smolensk spb stavropol stv surgut tambov tatarstan tom tomsk tsaritsyn tsk tula tuva tver tyumen udm udmurtia ulan-ude vladikavkaz vladimir vladivostok volgograd vologda voronezh vrn vyatka yakutia yamal yekaterinburg yuzhno-sakhalinsk ",rw:" ac co com edu gouv gov int mil net ",sa:" com edu gov med net org pub sch ",sd:" com edu gov info med net org tv ",se:" a ac b bd c d e f g h i k l m n o org p parti pp press r s t tm u w x y z ",sg:" com edu gov idn net org per ",sn:" art com edu gouv org perso univ ",sy:" com edu gov mil net news org ",th:" ac co go in mi net or ",tj:" ac biz co com edu go gov info int mil name net nic org test web ",tn:" agrinet com defense edunet ens fin gov ind info intl mincom nat net org perso rnrt rns rnu tourism ",tz:" ac co go ne or ",ua:" biz cherkassy chernigov chernovtsy ck cn co com crimea cv dn dnepropetrovsk donetsk dp edu gov if in ivano-frankivsk kh kharkov kherson khmelnitskiy kiev kirovograd km kr ks kv lg lugansk lutsk lviv me mk net nikolaev od odessa org pl poltava pp rovno rv sebastopol sumy te ternopil uzhgorod vinnica vn zaporizhzhe zhitomir zp zt ",ug:" ac co go ne or org sc ",uk:" ac bl british-library co cym gov govt icnet jet lea ltd me mil mod national-library-scotland nel net nhs nic nls org orgn parliament plc police sch scot soc ",us:" dni fed isa kids nsn ",uy:" com edu gub mil net org ",ve:" co com edu gob info mil net org web ",vi:" co com k12 net org ",vn:" ac biz com edu gov health info int name net org pro ",ye:" co com gov ltd me net org plc ",yu:" ac co edu gov org ",za:" ac agric alt bourse city co cybernet db edu gov grondar iaccess imt inca landesign law mil net ngo nis nom olivetti org pix school tm web ",zm:" ac co com edu gov net org sch ",com:"ar br cn de eu gb gr hu jpn kr no qc ru sa se uk us uy za ",net:"gb jp se uk ",org:"ae",de:"com "},has:function(r){var o=r.lastIndexOf(".");if(o<=0||o>=r.length-1)return!1;var i=r.lastIndexOf(".",o-1);if(i<=0||i>=o-1)return!1;var a=n.list[r.slice(o+1)];return a?a.indexOf(" "+r.slice(i+1,o)+" ")>=0:!1},is:function(r){var o=r.lastIndexOf(".");if(o<=0||o>=r.length-1)return!1;var i=r.lastIndexOf(".",o-1);if(i>=0)return!1;var a=n.list[r.slice(o+1)];return a?a.indexOf(" "+r.slice(0,o)+" ")>=0:!1},get:function(r){var o=r.lastIndexOf(".");if(o<=0||o>=r.length-1)return null;var i=r.lastIndexOf(".",o-1);if(i<=0||i>=o-1)return null;var a=n.list[r.slice(o+1)];return!a||a.indexOf(" "+r.slice(i+1,o)+" ")<0?null:r.slice(i+1)},noConflict:function(){return t.SecondLevelDomains===this&&(t.SecondLevelDomains=s),this}};return n})}(Mo)),Mo.exports}/*!
 * URI.js - Mutating URLs
 *
 * Version: 1.19.11
 *
 * Author: Rodney Rehm
 * Web: http://medialize.github.io/URI.js/
 *
 * Licensed under
 *   MIT License http://www.opensource.org/licenses/mit-license
 *
 */(function(e){(function(t,s){e.exports?e.exports=s(Pde(),xde(),Mde()):t.URI=s(t.punycode,t.IPv6,t.SecondLevelDomains,t)})(ve,function(t,s,n,r){var o=r&&r.URI;function i(c,m){var b=arguments.length>=1,_=arguments.length>=2;if(!(this instanceof i))return b?_?new i(c,m):new i(c):new i;if(c===void 0){if(b)throw new TypeError("undefined is not a valid argument for URI");typeof location<"u"?c=location.href+"":c=""}if(c===null&&b)throw new TypeError("null is not a valid argument for URI");return this.href(c),m!==void 0?this.absoluteTo(m):this}function a(c){return/^[0-9]+$/.test(c)}i.version="1.19.11";var l=i.prototype,h=Object.prototype.hasOwnProperty;function d(c){return c.replace(/([.*+?^=!:${}()|[\]\/\\])/g,"\\$1")}function p(c){return c===void 0?"Undefined":String(Object.prototype.toString.call(c)).slice(8,-1)}function g(c){return p(c)==="Array"}function y(c,m){var b={},_,N;if(p(m)==="RegExp")b=null;else if(g(m))for(_=0,N=m.length;_<N;_++)b[m[_]]=!0;else b[m]=!0;for(_=0,N=c.length;_<N;_++){var I=b&&b[c[_]]!==void 0||!b&&m.test(c[_]);I&&(c.splice(_,1),N--,_--)}return c}function A(c,m){var b,_;if(g(m)){for(b=0,_=m.length;b<_;b++)if(!A(c,m[b]))return!1;return!0}var N=p(m);for(b=0,_=c.length;b<_;b++)if(N==="RegExp"){if(typeof c[b]=="string"&&c[b].match(m))return!0}else if(c[b]===m)return!0;return!1}function k(c,m){if(!g(c)||!g(m)||c.length!==m.length)return!1;c.sort(),m.sort();for(var b=0,_=c.length;b<_;b++)if(c[b]!==m[b])return!1;return!0}function j(c){var m=/^\/+|\/+$/g;return c.replace(m,"")}i._parts=function(){return{protocol:null,username:null,password:null,hostname:null,urn:null,port:null,path:null,query:null,fragment:null,preventInvalidHostname:i.preventInvalidHostname,duplicateQueryParameters:i.duplicateQueryParameters,escapeQuerySpace:i.escapeQuerySpace}},i.preventInvalidHostname=!1,i.duplicateQueryParameters=!1,i.escapeQuerySpace=!0,i.protocol_expression=/^[a-z][a-z0-9.+-]*$/i,i.idn_expression=/[^a-z0-9\._-]/i,i.punycode_expression=/(xn--)/i,i.ip4_expression=/^\d{1,3}\.\d{1,3}\.\d{1,3}\.\d{1,3}$/,i.ip6_expression=/^\s*((([0-9A-Fa-f]{1,4}:){7}([0-9A-Fa-f]{1,4}|:))|(([0-9A-Fa-f]{1,4}:){6}(:[0-9A-Fa-f]{1,4}|((25[0-5]|2[0-4]\d|1\d\d|[1-9]?\d)(\.(25[0-5]|2[0-4]\d|1\d\d|[1-9]?\d)){3})|:))|(([0-9A-Fa-f]{1,4}:){5}(((:[0-9A-Fa-f]{1,4}){1,2})|:((25[0-5]|2[0-4]\d|1\d\d|[1-9]?\d)(\.(25[0-5]|2[0-4]\d|1\d\d|[1-9]?\d)){3})|:))|(([0-9A-Fa-f]{1,4}:){4}(((:[0-9A-Fa-f]{1,4}){1,3})|((:[0-9A-Fa-f]{1,4})?:((25[0-5]|2[0-4]\d|1\d\d|[1-9]?\d)(\.(25[0-5]|2[0-4]\d|1\d\d|[1-9]?\d)){3}))|:))|(([0-9A-Fa-f]{1,4}:){3}(((:[0-9A-Fa-f]{1,4}){1,4})|((:[0-9A-Fa-f]{1,4}){0,2}:((25[0-5]|2[0-4]\d|1\d\d|[1-9]?\d)(\.(25[0-5]|2[0-4]\d|1\d\d|[1-9]?\d)){3}))|:))|(([0-9A-Fa-f]{1,4}:){2}(((:[0-9A-Fa-f]{1,4}){1,5})|((:[0-9A-Fa-f]{1,4}){0,3}:((25[0-5]|2[0-4]\d|1\d\d|[1-9]?\d)(\.(25[0-5]|2[0-4]\d|1\d\d|[1-9]?\d)){3}))|:))|(([0-9A-Fa-f]{1,4}:){1}(((:[0-9A-Fa-f]{1,4}){1,6})|((:[0-9A-Fa-f]{1,4}){0,4}:((25[0-5]|2[0-4]\d|1\d\d|[1-9]?\d)(\.(25[0-5]|2[0-4]\d|1\d\d|[1-9]?\d)){3}))|:))|(:(((:[0-9A-Fa-f]{1,4}){1,7})|((:[0-9A-Fa-f]{1,4}){0,5}:((25[0-5]|2[0-4]\d|1\d\d|[1-9]?\d)(\.(25[0-5]|2[0-4]\d|1\d\d|[1-9]?\d)){3}))|:)))(%.+)?\s*$/,i.find_uri_expression=/\b((?:[a-z][\w-]+:(?:\/{1,3}|[a-z0-9%])|www\d{0,3}[.]|[a-z0-9.\-]+[.][a-z]{2,4}\/)(?:[^\s()<>]+|\(([^\s()<>]+|(\([^\s()<>]+\)))*\))+(?:\(([^\s()<>]+|(\([^\s()<>]+\)))*\)|[^\s`!()\[\]{};:'".,<>?«»“”‘’]))/ig,i.findUri={start:/\b(?:([a-z][a-z0-9.+-]*:\/\/)|www\.)/gi,end:/[\s\r\n]|$/,trim:/[`!()\[\]{};:'".,<>?«»“”„‘’]+$/,parens:/(\([^\)]*\)|\[[^\]]*\]|\{[^}]*\}|<[^>]*>)/g},i.leading_whitespace_expression=/^[\x00-\x20\u00a0\u1680\u2000-\u200a\u2028\u2029\u202f\u205f\u3000\ufeff]+/,i.ascii_tab_whitespace=/[\u0009\u000A\u000D]+/g,i.defaultPorts={http:"80",https:"443",ftp:"21",gopher:"70",ws:"80",wss:"443"},i.hostProtocols=["http","https"],i.invalid_hostname_characters=/[^a-zA-Z0-9\.\-:_]/,i.domAttributes={a:"href",blockquote:"cite",link:"href",base:"href",script:"src",form:"action",img:"src",area:"href",iframe:"src",embed:"src",source:"src",track:"src",input:"src",audio:"src",video:"src"},i.getDomAttribute=function(c){if(!(!c||!c.nodeName)){var m=c.nodeName.toLowerCase();if(!(m==="input"&&c.type!=="image"))return i.domAttributes[m]}};function W(c){return escape(c)}function C(c){return encodeURIComponent(c).replace(/[!'()*]/g,W).replace(/\*/g,"%2A")}i.encode=C,i.decode=decodeURIComponent,i.iso8859=function(){i.encode=escape,i.decode=unescape},i.unicode=function(){i.encode=C,i.decode=decodeURIComponent},i.characters={pathname:{encode:{expression:/%(24|26|2B|2C|3B|3D|3A|40)/ig,map:{"%24":"$","%26":"&","%2B":"+","%2C":",","%3B":";","%3D":"=","%3A":":","%40":"@"}},decode:{expression:/[\/\?#]/g,map:{"/":"%2F","?":"%3F","#":"%23"}}},reserved:{encode:{expression:/%(21|23|24|26|27|28|29|2A|2B|2C|2F|3A|3B|3D|3F|40|5B|5D)/ig,map:{"%3A":":","%2F":"/","%3F":"?","%23":"#","%5B":"[","%5D":"]","%40":"@","%21":"!","%24":"$","%26":"&","%27":"'","%28":"(","%29":")","%2A":"*","%2B":"+","%2C":",","%3B":";","%3D":"="}}},urnpath:{encode:{expression:/%(21|24|27|28|29|2A|2B|2C|3B|3D|40)/ig,map:{"%21":"!","%24":"$","%27":"'","%28":"(","%29":")","%2A":"*","%2B":"+","%2C":",","%3B":";","%3D":"=","%40":"@"}},decode:{expression:/[\/\?#:]/g,map:{"/":"%2F","?":"%3F","#":"%23",":":"%3A"}}}},i.encodeQuery=function(c,m){var b=i.encode(c+"");return m===void 0&&(m=i.escapeQuerySpace),m?b.replace(/%20/g,"+"):b},i.decodeQuery=function(c,m){c+="",m===void 0&&(m=i.escapeQuerySpace);try{return i.decode(m?c.replace(/\+/g,"%20"):c)}catch{return c}};var R={encode:"encode",decode:"decode"},O,q=function(c,m){return function(b){try{return i[m](b+"").replace(i.characters[c][m].expression,function(_){return i.characters[c][m].map[_]})}catch{return b}}};for(O in R)i[O+"PathSegment"]=q("pathname",R[O]),i[O+"UrnPathSegment"]=q("urnpath",R[O]);var L=function(c,m,b){return function(_){var N;b?N=function(Z){return i[m](i[b](Z))}:N=i[m];for(var I=(_+"").split(c),U=0,H=I.length;U<H;U++)I[U]=N(I[U]);return I.join(c)}};i.decodePath=L("/","decodePathSegment"),i.decodeUrnPath=L(":","decodeUrnPathSegment"),i.recodePath=L("/","encodePathSegment","decode"),i.recodeUrnPath=L(":","encodeUrnPathSegment","decode"),i.encodeReserved=q("reserved","encode"),i.parse=function(c,m){var b;return m||(m={preventInvalidHostname:i.preventInvalidHostname}),c=c.replace(i.leading_whitespace_expression,""),c=c.replace(i.ascii_tab_whitespace,""),b=c.indexOf("#"),b>-1&&(m.fragment=c.substring(b+1)||null,c=c.substring(0,b)),b=c.indexOf("?"),b>-1&&(m.query=c.substring(b+1)||null,c=c.substring(0,b)),c=c.replace(/^(https?|ftp|wss?)?:+[/\\]*/i,"$1://"),c=c.replace(/^[/\\]{2,}/i,"//"),c.substring(0,2)==="//"?(m.protocol=null,c=c.substring(2),c=i.parseAuthority(c,m)):(b=c.indexOf(":"),b>-1&&(m.protocol=c.substring(0,b)||null,m.protocol&&!m.protocol.match(i.protocol_expression)?m.protocol=void 0:c.substring(b+1,b+3).replace(/\\/g,"/")==="//"?(c=c.substring(b+3),c=i.parseAuthority(c,m)):(c=c.substring(b+1),m.urn=!0))),m.path=c,m},i.parseHost=function(c,m){c||(c=""),c=c.replace(/\\/g,"/");var b=c.indexOf("/"),_,N;if(b===-1&&(b=c.length),c.charAt(0)==="[")_=c.indexOf("]"),m.hostname=c.substring(1,_)||null,m.port=c.substring(_+2,b)||null,m.port==="/"&&(m.port=null);else{var I=c.indexOf(":"),U=c.indexOf("/"),H=c.indexOf(":",I+1);H!==-1&&(U===-1||H<U)?(m.hostname=c.substring(0,b)||null,m.port=null):(N=c.substring(0,b).split(":"),m.hostname=N[0]||null,m.port=N[1]||null)}return m.hostname&&c.substring(b).charAt(0)!=="/"&&(b++,c="/"+c),m.preventInvalidHostname&&i.ensureValidHostname(m.hostname,m.protocol),m.port&&i.ensureValidPort(m.port),c.substring(b)||"/"},i.parseAuthority=function(c,m){return c=i.parseUserinfo(c,m),i.parseHost(c,m)},i.parseUserinfo=function(c,m){var b=c,_=c.indexOf("\\");_!==-1&&(c=c.replace(/\\/g,"/"));var N=c.indexOf("/"),I=c.lastIndexOf("@",N>-1?N:c.length-1),U;return I>-1&&(N===-1||I<N)?(U=c.substring(0,I).split(":"),m.username=U[0]?i.decode(U[0]):null,U.shift(),m.password=U[0]?i.decode(U.join(":")):null,c=b.substring(I+1)):(m.username=null,m.password=null),c},i.parseQuery=function(c,m){if(!c)return{};if(c=c.replace(/&+/g,"&").replace(/^\?*&*|&+$/g,""),!c)return{};for(var b={},_=c.split("&"),N=_.length,I,U,H,Z=0;Z<N;Z++)I=_[Z].split("="),U=i.decodeQuery(I.shift(),m),H=I.length?i.decodeQuery(I.join("="),m):null,U!=="__proto__"&&(h.call(b,U)?((typeof b[U]=="string"||b[U]===null)&&(b[U]=[b[U]]),b[U].push(H)):b[U]=H);return b},i.build=function(c){var m="",b=!1;return c.protocol&&(m+=c.protocol+":"),!c.urn&&(m||c.hostname)&&(m+="//",b=!0),m+=i.buildAuthority(c)||"",typeof c.path=="string"&&(c.path.charAt(0)!=="/"&&b&&(m+="/"),m+=c.path),typeof c.query=="string"&&c.query&&(m+="?"+c.query),typeof c.fragment=="string"&&c.fragment&&(m+="#"+c.fragment),m},i.buildHost=function(c){var m="";if(c.hostname)i.ip6_expression.test(c.hostname)?m+="["+c.hostname+"]":m+=c.hostname;else return"";return c.port&&(m+=":"+c.port),m},i.buildAuthority=function(c){return i.buildUserinfo(c)+i.buildHost(c)},i.buildUserinfo=function(c){var m="";return c.username&&(m+=i.encode(c.username)),c.password&&(m+=":"+i.encode(c.password)),m&&(m+="@"),m},i.buildQuery=function(c,m,b){var _="",N,I,U,H;for(I in c)if(I!=="__proto__"&&h.call(c,I))if(g(c[I]))for(N={},U=0,H=c[I].length;U<H;U++)c[I][U]!==void 0&&N[c[I][U]+""]===void 0&&(_+="&"+i.buildQueryParameter(I,c[I][U],b),m!==!0&&(N[c[I][U]+""]=!0));else c[I]!==void 0&&(_+="&"+i.buildQueryParameter(I,c[I],b));return _.substring(1)},i.buildQueryParameter=function(c,m,b){return i.encodeQuery(c,b)+(m!==null?"="+i.encodeQuery(m,b):"")},i.addQuery=function(c,m,b){if(typeof m=="object")for(var _ in m)h.call(m,_)&&i.addQuery(c,_,m[_]);else if(typeof m=="string"){if(c[m]===void 0){c[m]=b;return}else typeof c[m]=="string"&&(c[m]=[c[m]]);g(b)||(b=[b]),c[m]=(c[m]||[]).concat(b)}else throw new TypeError("URI.addQuery() accepts an object, string as the name parameter")},i.setQuery=function(c,m,b){if(typeof m=="object")for(var _ in m)h.call(m,_)&&i.setQuery(c,_,m[_]);else if(typeof m=="string")c[m]=b===void 0?null:b;else throw new TypeError("URI.setQuery() accepts an object, string as the name parameter")},i.removeQuery=function(c,m,b){var _,N,I;if(g(m))for(_=0,N=m.length;_<N;_++)c[m[_]]=void 0;else if(p(m)==="RegExp")for(I in c)m.test(I)&&(c[I]=void 0);else if(typeof m=="object")for(I in m)h.call(m,I)&&i.removeQuery(c,I,m[I]);else if(typeof m=="string")b!==void 0?p(b)==="RegExp"?!g(c[m])&&b.test(c[m])?c[m]=void 0:c[m]=y(c[m],b):c[m]===String(b)&&(!g(b)||b.length===1)?c[m]=void 0:g(c[m])&&(c[m]=y(c[m],b)):c[m]=void 0;else throw new TypeError("URI.removeQuery() accepts an object, string, RegExp as the first parameter")},i.hasQuery=function(c,m,b,_){switch(p(m)){case"String":break;case"RegExp":for(var N in c)if(h.call(c,N)&&m.test(N)&&(b===void 0||i.hasQuery(c,N,b)))return!0;return!1;case"Object":for(var I in m)if(h.call(m,I)&&!i.hasQuery(c,I,m[I]))return!1;return!0;default:throw new TypeError("URI.hasQuery() accepts a string, regular expression or object as the name parameter")}switch(p(b)){case"Undefined":return m in c;case"Boolean":var U=!!(g(c[m])?c[m].length:c[m]);return b===U;case"Function":return!!b(c[m],m,c);case"Array":if(!g(c[m]))return!1;var H=_?A:k;return H(c[m],b);case"RegExp":return g(c[m])?_?A(c[m],b):!1:!!(c[m]&&c[m].match(b));case"Number":b=String(b);case"String":return g(c[m])?_?A(c[m],b):!1:c[m]===b;default:throw new TypeError("URI.hasQuery() accepts undefined, boolean, string, number, RegExp, Function as the value parameter")}},i.joinPaths=function(){for(var c=[],m=[],b=0,_=0;_<arguments.length;_++){var N=new i(arguments[_]);c.push(N);for(var I=N.segment(),U=0;U<I.length;U++)typeof I[U]=="string"&&m.push(I[U]),I[U]&&b++}if(!m.length||!b)return new i("");var H=new i("").segment(m);return(c[0].path()===""||c[0].path().slice(0,1)==="/")&&H.path("/"+H.path()),H.normalize()},i.commonPath=function(c,m){var b=Math.min(c.length,m.length),_;for(_=0;_<b;_++)if(c.charAt(_)!==m.charAt(_)){_--;break}return _<1?c.charAt(0)===m.charAt(0)&&c.charAt(0)==="/"?"/":"":((c.charAt(_)!=="/"||m.charAt(_)!=="/")&&(_=c.substring(0,_).lastIndexOf("/")),c.substring(0,_+1))},i.withinString=function(c,m,b){b||(b={});var _=b.start||i.findUri.start,N=b.end||i.findUri.end,I=b.trim||i.findUri.trim,U=b.parens||i.findUri.parens,H=/[a-z0-9-]=["']?$/i;for(_.lastIndex=0;;){var Z=_.exec(c);if(!Z)break;var ae=Z.index;if(b.ignoreHtml){var Se=c.slice(Math.max(ae-3,0),ae);if(Se&&H.test(Se))continue}for(var ye=ae+c.slice(ae).search(N),Ee=c.slice(ae,ye),Te=-1;;){var Ne=U.exec(Ee);if(!Ne)break;var Pe=Ne.index+Ne[0].length;Te=Math.max(Te,Pe)}if(Te>-1?Ee=Ee.slice(0,Te)+Ee.slice(Te).replace(I,""):Ee=Ee.replace(I,""),!(Ee.length<=Z[0].length)&&!(b.ignore&&b.ignore.test(Ee))){ye=ae+Ee.length;var De=m(Ee,ae,ye,c);if(De===void 0){_.lastIndex=ye;continue}De=String(De),c=c.slice(0,ae)+De+c.slice(ye),_.lastIndex=ae+De.length}}return _.lastIndex=0,c},i.ensureValidHostname=function(c,m){var b=!!c,_=!!m,N=!1;if(_&&(N=A(i.hostProtocols,m)),N&&!b)throw new TypeError("Hostname cannot be empty, if protocol is "+m);if(c&&c.match(i.invalid_hostname_characters)){if(!t)throw new TypeError('Hostname "'+c+'" contains characters other than [A-Z0-9.-:_] and Punycode.js is not available');if(t.toASCII(c).match(i.invalid_hostname_characters))throw new TypeError('Hostname "'+c+'" contains characters other than [A-Z0-9.-:_]')}},i.ensureValidPort=function(c){if(c){var m=Number(c);if(!(a(m)&&m>0&&m<65536))throw new TypeError('Port "'+c+'" is not a valid port')}},i.noConflict=function(c){if(c){var m={URI:this.noConflict()};return r.URITemplate&&typeof r.URITemplate.noConflict=="function"&&(m.URITemplate=r.URITemplate.noConflict()),r.IPv6&&typeof r.IPv6.noConflict=="function"&&(m.IPv6=r.IPv6.noConflict()),r.SecondLevelDomains&&typeof r.SecondLevelDomains.noConflict=="function"&&(m.SecondLevelDomains=r.SecondLevelDomains.noConflict()),m}else r.URI===this&&(r.URI=o);return this},l.build=function(c){return c===!0?this._deferred_build=!0:(c===void 0||this._deferred_build)&&(this._string=i.build(this._parts),this._deferred_build=!1),this},l.clone=function(){return new i(this)},l.valueOf=l.toString=function(){return this.build(!1)._string};function Q(c){return function(m,b){return m===void 0?this._parts[c]||"":(this._parts[c]=m||null,this.build(!b),this)}}function oe(c,m){return function(b,_){return b===void 0?this._parts[c]||"":(b!==null&&(b=b+"",b.charAt(0)===m&&(b=b.substring(1))),this._parts[c]=b,this.build(!_),this)}}l.protocol=Q("protocol"),l.username=Q("username"),l.password=Q("password"),l.hostname=Q("hostname"),l.port=Q("port"),l.query=oe("query","?"),l.fragment=oe("fragment","#"),l.search=function(c,m){var b=this.query(c,m);return typeof b=="string"&&b.length?"?"+b:b},l.hash=function(c,m){var b=this.fragment(c,m);return typeof b=="string"&&b.length?"#"+b:b},l.pathname=function(c,m){if(c===void 0||c===!0){var b=this._parts.path||(this._parts.hostname?"/":"");return c?(this._parts.urn?i.decodeUrnPath:i.decodePath)(b):b}else return this._parts.urn?this._parts.path=c?i.recodeUrnPath(c):"":this._parts.path=c?i.recodePath(c):"/",this.build(!m),this},l.path=l.pathname,l.href=function(c,m){var b;if(c===void 0)return this.toString();this._string="",this._parts=i._parts();var _=c instanceof i,N=typeof c=="object"&&(c.hostname||c.path||c.pathname);if(c.nodeName){var I=i.getDomAttribute(c);c=c[I]||"",N=!1}if(!_&&N&&c.pathname!==void 0&&(c=c.toString()),typeof c=="string"||c instanceof String)this._parts=i.parse(String(c),this._parts);else if(_||N){var U=_?c._parts:c;for(b in U)b!=="query"&&h.call(this._parts,b)&&(this._parts[b]=U[b]);U.query&&this.query(U.query,!1)}else throw new TypeError("invalid input");return this.build(!m),this},l.is=function(c){var m=!1,b=!1,_=!1,N=!1,I=!1,U=!1,H=!1,Z=!this._parts.urn;switch(this._parts.hostname&&(Z=!1,b=i.ip4_expression.test(this._parts.hostname),_=i.ip6_expression.test(this._parts.hostname),m=b||_,N=!m,I=N&&n&&n.has(this._parts.hostname),U=N&&i.idn_expression.test(this._parts.hostname),H=N&&i.punycode_expression.test(this._parts.hostname)),c.toLowerCase()){case"relative":return Z;case"absolute":return!Z;case"domain":case"name":return N;case"sld":return I;case"ip":return m;case"ip4":case"ipv4":case"inet4":return b;case"ip6":case"ipv6":case"inet6":return _;case"idn":return U;case"url":return!this._parts.urn;case"urn":return!!this._parts.urn;case"punycode":return H}return null};var P=l.protocol,V=l.port,F=l.hostname;l.protocol=function(c,m){if(c&&(c=c.replace(/:(\/\/)?$/,""),!c.match(i.protocol_expression)))throw new TypeError('Protocol "'+c+`" contains characters other than [A-Z0-9.+-] or doesn't start with [A-Z]`);return P.call(this,c,m)},l.scheme=l.protocol,l.port=function(c,m){return this._parts.urn?c===void 0?"":this:(c!==void 0&&(c===0&&(c=null),c&&(c+="",c.charAt(0)===":"&&(c=c.substring(1)),i.ensureValidPort(c))),V.call(this,c,m))},l.hostname=function(c,m){if(this._parts.urn)return c===void 0?"":this;if(c!==void 0){var b={preventInvalidHostname:this._parts.preventInvalidHostname},_=i.parseHost(c,b);if(_!=="/")throw new TypeError('Hostname "'+c+'" contains characters other than [A-Z0-9.-]');c=b.hostname,this._parts.preventInvalidHostname&&i.ensureValidHostname(c,this._parts.protocol)}return F.call(this,c,m)},l.origin=function(c,m){if(this._parts.urn)return c===void 0?"":this;if(c===void 0){var b=this.protocol(),_=this.authority();return _?(b?b+"://":"")+this.authority():""}else{var N=i(c);return this.protocol(N.protocol()).authority(N.authority()).build(!m),this}},l.host=function(c,m){if(this._parts.urn)return c===void 0?"":this;if(c===void 0)return this._parts.hostname?i.buildHost(this._parts):"";var b=i.parseHost(c,this._parts);if(b!=="/")throw new TypeError('Hostname "'+c+'" contains characters other than [A-Z0-9.-]');return this.build(!m),this},l.authority=function(c,m){if(this._parts.urn)return c===void 0?"":this;if(c===void 0)return this._parts.hostname?i.buildAuthority(this._parts):"";var b=i.parseAuthority(c,this._parts);if(b!=="/")throw new TypeError('Hostname "'+c+'" contains characters other than [A-Z0-9.-]');return this.build(!m),this},l.userinfo=function(c,m){if(this._parts.urn)return c===void 0?"":this;if(c===void 0){var b=i.buildUserinfo(this._parts);return b&&b.substring(0,b.length-1)}else return c[c.length-1]!=="@"&&(c+="@"),i.parseUserinfo(c,this._parts),this.build(!m),this},l.resource=function(c,m){var b;return c===void 0?this.path()+this.search()+this.hash():(b=i.parse(c),this._parts.path=b.path,this._parts.query=b.query,this._parts.fragment=b.fragment,this.build(!m),this)},l.subdomain=function(c,m){if(this._parts.urn)return c===void 0?"":this;if(c===void 0){if(!this._parts.hostname||this.is("IP"))return"";var b=this._parts.hostname.length-this.domain().length-1;return this._parts.hostname.substring(0,b)||""}else{var _=this._parts.hostname.length-this.domain().length,N=this._parts.hostname.substring(0,_),I=new RegExp("^"+d(N));if(c&&c.charAt(c.length-1)!=="."&&(c+="."),c.indexOf(":")!==-1)throw new TypeError("Domains cannot contain colons");return c&&i.ensureValidHostname(c,this._parts.protocol),this._parts.hostname=this._parts.hostname.replace(I,c),this.build(!m),this}},l.domain=function(c,m){if(this._parts.urn)return c===void 0?"":this;if(typeof c=="boolean"&&(m=c,c=void 0),c===void 0){if(!this._parts.hostname||this.is("IP"))return"";var b=this._parts.hostname.match(/\./g);if(b&&b.length<2)return this._parts.hostname;var _=this._parts.hostname.length-this.tld(m).length-1;return _=this._parts.hostname.lastIndexOf(".",_-1)+1,this._parts.hostname.substring(_)||""}else{if(!c)throw new TypeError("cannot set domain empty");if(c.indexOf(":")!==-1)throw new TypeError("Domains cannot contain colons");if(i.ensureValidHostname(c,this._parts.protocol),!this._parts.hostname||this.is("IP"))this._parts.hostname=c;else{var N=new RegExp(d(this.domain())+"$");this._parts.hostname=this._parts.hostname.replace(N,c)}return this.build(!m),this}},l.tld=function(c,m){if(this._parts.urn)return c===void 0?"":this;if(typeof c=="boolean"&&(m=c,c=void 0),c===void 0){if(!this._parts.hostname||this.is("IP"))return"";var b=this._parts.hostname.lastIndexOf("."),_=this._parts.hostname.substring(b+1);return m!==!0&&n&&n.list[_.toLowerCase()]&&n.get(this._parts.hostname)||_}else{var N;if(c)if(c.match(/[^a-zA-Z0-9-]/))if(n&&n.is(c))N=new RegExp(d(this.tld())+"$"),this._parts.hostname=this._parts.hostname.replace(N,c);else throw new TypeError('TLD "'+c+'" contains characters other than [A-Z0-9]');else{if(!this._parts.hostname||this.is("IP"))throw new ReferenceError("cannot set TLD on non-domain host");N=new RegExp(d(this.tld())+"$"),this._parts.hostname=this._parts.hostname.replace(N,c)}else throw new TypeError("cannot set TLD empty");return this.build(!m),this}},l.directory=function(c,m){if(this._parts.urn)return c===void 0?"":this;if(c===void 0||c===!0){if(!this._parts.path&&!this._parts.hostname)return"";if(this._parts.path==="/")return"/";var b=this._parts.path.length-this.filename().length-1,_=this._parts.path.substring(0,b)||(this._parts.hostname?"/":"");return c?i.decodePath(_):_}else{var N=this._parts.path.length-this.filename().length,I=this._parts.path.substring(0,N),U=new RegExp("^"+d(I));return this.is("relative")||(c||(c="/"),c.charAt(0)!=="/"&&(c="/"+c)),c&&c.charAt(c.length-1)!=="/"&&(c+="/"),c=i.recodePath(c),this._parts.path=this._parts.path.replace(U,c),this.build(!m),this}},l.filename=function(c,m){if(this._parts.urn)return c===void 0?"":this;if(typeof c!="string"){if(!this._parts.path||this._parts.path==="/")return"";var b=this._parts.path.lastIndexOf("/"),_=this._parts.path.substring(b+1);return c?i.decodePathSegment(_):_}else{var N=!1;c.charAt(0)==="/"&&(c=c.substring(1)),c.match(/\.?\//)&&(N=!0);var I=new RegExp(d(this.filename())+"$");return c=i.recodePath(c),this._parts.path=this._parts.path.replace(I,c),N?this.normalizePath(m):this.build(!m),this}},l.suffix=function(c,m){if(this._parts.urn)return c===void 0?"":this;if(c===void 0||c===!0){if(!this._parts.path||this._parts.path==="/")return"";var b=this.filename(),_=b.lastIndexOf("."),N,I;return _===-1?"":(N=b.substring(_+1),I=/^[a-z0-9%]+$/i.test(N)?N:"",c?i.decodePathSegment(I):I)}else{c.charAt(0)==="."&&(c=c.substring(1));var U=this.suffix(),H;if(U)c?H=new RegExp(d(U)+"$"):H=new RegExp(d("."+U)+"$");else{if(!c)return this;this._parts.path+="."+i.recodePath(c)}return H&&(c=i.recodePath(c),this._parts.path=this._parts.path.replace(H,c)),this.build(!m),this}},l.segment=function(c,m,b){var _=this._parts.urn?":":"/",N=this.path(),I=N.substring(0,1)==="/",U=N.split(_);if(c!==void 0&&typeof c!="number"&&(b=m,m=c,c=void 0),c!==void 0&&typeof c!="number")throw new Error('Bad segment "'+c+'", must be 0-based integer');if(I&&U.shift(),c<0&&(c=Math.max(U.length+c,0)),m===void 0)return c===void 0?U:U[c];if(c===null||U[c]===void 0)if(g(m)){U=[];for(var H=0,Z=m.length;H<Z;H++)!m[H].length&&(!U.length||!U[U.length-1].length)||(U.length&&!U[U.length-1].length&&U.pop(),U.push(j(m[H])))}else(m||typeof m=="string")&&(m=j(m),U[U.length-1]===""?U[U.length-1]=m:U.push(m));else m?U[c]=j(m):U.splice(c,1);return I&&U.unshift(""),this.path(U.join(_),b)},l.segmentCoded=function(c,m,b){var _,N,I;if(typeof c!="number"&&(b=m,m=c,c=void 0),m===void 0){if(_=this.segment(c,m,b),!g(_))_=_!==void 0?i.decode(_):void 0;else for(N=0,I=_.length;N<I;N++)_[N]=i.decode(_[N]);return _}if(!g(m))m=typeof m=="string"||m instanceof String?i.encode(m):m;else for(N=0,I=m.length;N<I;N++)m[N]=i.encode(m[N]);return this.segment(c,m,b)};var M=l.query;return l.query=function(c,m){if(c===!0)return i.parseQuery(this._parts.query,this._parts.escapeQuerySpace);if(typeof c=="function"){var b=i.parseQuery(this._parts.query,this._parts.escapeQuerySpace),_=c.call(this,b);return this._parts.query=i.buildQuery(_||b,this._parts.duplicateQueryParameters,this._parts.escapeQuerySpace),this.build(!m),this}else return c!==void 0&&typeof c!="string"?(this._parts.query=i.buildQuery(c,this._parts.duplicateQueryParameters,this._parts.escapeQuerySpace),this.build(!m),this):M.call(this,c,m)},l.setQuery=function(c,m,b){var _=i.parseQuery(this._parts.query,this._parts.escapeQuerySpace);if(typeof c=="string"||c instanceof String)_[c]=m!==void 0?m:null;else if(typeof c=="object")for(var N in c)h.call(c,N)&&(_[N]=c[N]);else throw new TypeError("URI.addQuery() accepts an object, string as the name parameter");return this._parts.query=i.buildQuery(_,this._parts.duplicateQueryParameters,this._parts.escapeQuerySpace),typeof c!="string"&&(b=m),this.build(!b),this},l.addQuery=function(c,m,b){var _=i.parseQuery(this._parts.query,this._parts.escapeQuerySpace);return i.addQuery(_,c,m===void 0?null:m),this._parts.query=i.buildQuery(_,this._parts.duplicateQueryParameters,this._parts.escapeQuerySpace),typeof c!="string"&&(b=m),this.build(!b),this},l.removeQuery=function(c,m,b){var _=i.parseQuery(this._parts.query,this._parts.escapeQuerySpace);return i.removeQuery(_,c,m),this._parts.query=i.buildQuery(_,this._parts.duplicateQueryParameters,this._parts.escapeQuerySpace),typeof c!="string"&&(b=m),this.build(!b),this},l.hasQuery=function(c,m,b){var _=i.parseQuery(this._parts.query,this._parts.escapeQuerySpace);return i.hasQuery(_,c,m,b)},l.setSearch=l.setQuery,l.addSearch=l.addQuery,l.removeSearch=l.removeQuery,l.hasSearch=l.hasQuery,l.normalize=function(){return this._parts.urn?this.normalizeProtocol(!1).normalizePath(!1).normalizeQuery(!1).normalizeFragment(!1).build():this.normalizeProtocol(!1).normalizeHostname(!1).normalizePort(!1).normalizePath(!1).normalizeQuery(!1).normalizeFragment(!1).build()},l.normalizeProtocol=function(c){return typeof this._parts.protocol=="string"&&(this._parts.protocol=this._parts.protocol.toLowerCase(),this.build(!c)),this},l.normalizeHostname=function(c){return this._parts.hostname&&(this.is("IDN")&&t?this._parts.hostname=t.toASCII(this._parts.hostname):this.is("IPv6")&&s&&(this._parts.hostname=s.best(this._parts.hostname)),this._parts.hostname=this._parts.hostname.toLowerCase(),this.build(!c)),this},l.normalizePort=function(c){return typeof this._parts.protocol=="string"&&this._parts.port===i.defaultPorts[this._parts.protocol]&&(this._parts.port=null,this.build(!c)),this},l.normalizePath=function(c){var m=this._parts.path;if(!m)return this;if(this._parts.urn)return this._parts.path=i.recodeUrnPath(this._parts.path),this.build(!c),this;if(this._parts.path==="/")return this;m=i.recodePath(m);var b,_="",N,I;for(m.charAt(0)!=="/"&&(b=!0,m="/"+m),(m.slice(-3)==="/.."||m.slice(-2)==="/.")&&(m+="/"),m=m.replace(/(\/(\.\/)+)|(\/\.$)/g,"/").replace(/\/{2,}/g,"/"),b&&(_=m.substring(1).match(/^(\.\.\/)+/)||"",_&&(_=_[0]));N=m.search(/\/\.\.(\/|$)/),N!==-1;){if(N===0){m=m.substring(3);continue}I=m.substring(0,N).lastIndexOf("/"),I===-1&&(I=N),m=m.substring(0,I)+m.substring(N+3)}return b&&this.is("relative")&&(m=_+m.substring(1)),this._parts.path=m,this.build(!c),this},l.normalizePathname=l.normalizePath,l.normalizeQuery=function(c){return typeof this._parts.query=="string"&&(this._parts.query.length?this.query(i.parseQuery(this._parts.query,this._parts.escapeQuerySpace)):this._parts.query=null,this.build(!c)),this},l.normalizeFragment=function(c){return this._parts.fragment||(this._parts.fragment=null,this.build(!c)),this},l.normalizeSearch=l.normalizeQuery,l.normalizeHash=l.normalizeFragment,l.iso8859=function(){var c=i.encode,m=i.decode;i.encode=escape,i.decode=decodeURIComponent;try{this.normalize()}finally{i.encode=c,i.decode=m}return this},l.unicode=function(){var c=i.encode,m=i.decode;i.encode=C,i.decode=unescape;try{this.normalize()}finally{i.encode=c,i.decode=m}return this},l.readable=function(){var c=this.clone();c.username("").password("").normalize();var m="";if(c._parts.protocol&&(m+=c._parts.protocol+"://"),c._parts.hostname&&(c.is("punycode")&&t?(m+=t.toUnicode(c._parts.hostname),c._parts.port&&(m+=":"+c._parts.port)):m+=c.host()),c._parts.hostname&&c._parts.path&&c._parts.path.charAt(0)!=="/"&&(m+="/"),m+=c.path(!0),c._parts.query){for(var b="",_=0,N=c._parts.query.split("&"),I=N.length;_<I;_++){var U=(N[_]||"").split("=");b+="&"+i.decodeQuery(U[0],this._parts.escapeQuerySpace).replace(/&/g,"%26"),U[1]!==void 0&&(b+="="+i.decodeQuery(U[1],this._parts.escapeQuerySpace).replace(/&/g,"%26"))}m+="?"+b.substring(1)}return m+=i.decodeQuery(c.hash(),!0),m},l.absoluteTo=function(c){var m=this.clone(),b=["protocol","username","password","hostname","port"],_,N,I;if(this._parts.urn)throw new Error("URNs do not have any generally defined hierarchical components");if(c instanceof i||(c=new i(c)),m._parts.protocol||(m._parts.protocol=c._parts.protocol,this._parts.hostname))return m;for(N=0;I=b[N];N++)m._parts[I]=c._parts[I];return m._parts.path?(m._parts.path.substring(-2)===".."&&(m._parts.path+="/"),m.path().charAt(0)!=="/"&&(_=c.directory(),_=_||(c.path().indexOf("/")===0?"/":""),m._parts.path=(_?_+"/":"")+m._parts.path,m.normalizePath())):(m._parts.path=c._parts.path,m._parts.query||(m._parts.query=c._parts.query)),m.build(),m},l.relativeTo=function(c){var m=this.clone().normalize(),b,_,N,I,U;if(m._parts.urn)throw new Error("URNs do not have any generally defined hierarchical components");if(c=new i(c).normalize(),b=m._parts,_=c._parts,I=m.path(),U=c.path(),I.charAt(0)!=="/")throw new Error("URI is already relative");if(U.charAt(0)!=="/")throw new Error("Cannot calculate a URI relative to another relative URI");if(b.protocol===_.protocol&&(b.protocol=null),b.username!==_.username||b.password!==_.password||b.protocol!==null||b.username!==null||b.password!==null)return m.build();if(b.hostname===_.hostname&&b.port===_.port)b.hostname=null,b.port=null;else return m.build();if(I===U)return b.path="",m.build();if(N=i.commonPath(I,U),!N)return m.build();var H=_.path.substring(N.length).replace(/[^\/]*$/,"").replace(/.*?\//g,"../");return b.path=H+b.path.substring(N.length)||"./",m.build()},l.equals=function(c){var m=this.clone(),b=new i(c),_={},N={},I={},U,H,Z;if(m.normalize(),b.normalize(),m.toString()===b.toString())return!0;if(U=m.query(),H=b.query(),m.query(""),b.query(""),m.toString()!==b.toString()||U.length!==H.length)return!1;_=i.parseQuery(U,this._parts.escapeQuerySpace),N=i.parseQuery(H,this._parts.escapeQuerySpace);for(Z in _)if(h.call(_,Z)){if(g(_[Z])){if(!k(_[Z],N[Z]))return!1}else if(_[Z]!==N[Z])return!1;I[Z]=!0}for(Z in N)if(h.call(N,Z)&&!I[Z])return!1;return!0},l.preventInvalidHostname=function(c){return this._parts.preventInvalidHostname=!!c,this},l.duplicateQueryParameters=function(c){return this._parts.duplicateQueryParameters=!!c,this},l.escapeQuerySpace=function(c){return this._parts.escapeQuerySpace=!!c,this},i})})(Bu);var Ude=Bu.exports;const Tn=qs(Ude);class ho{constructor(t){Object.assign(this,t),this.original=t,this.time=parseFloat(this.time),this.responseDuration=parseFloat(this.responseDuration),this.responseDurationRounded=this.responseDuration?Math.round(this.responseDuration):0,this.databaseDurationRounded=this.databaseDuration?Math.round(this.databaseDuration):0,this.memoryUsageFormatted=this.memoryUsage?this.formatBytes(this.memoryUsage):void 0,this.processCacheStats(),this.cacheQueries=this.processCacheQueries(this.cacheQueries),this.cookies=this.createKeypairs(this.cookies),this.middleware=this.middleware instanceof Array?this.middleware:[],this.processDatabase(),this.processModels(),this.notifications=this.processNotifications(this.notifications,this.emailsData),this.processHttpRequests(),this.events=this.processEvents(this.events),this.getData=this.createKeypairs(this.getData),this.requestData=this.requestData instanceof Object?this.createKeypairs(this.requestData,!1):this.requestData,this.headers=this.processHeaders(this.headers),this.log=We(this.processLog(this.log)),this.postData=this.createKeypairs(this.postData),this.queueJobs=this.processQueueJobs(this.queueJobs),this.redisCommands=this.processRedisCommands(this.redisCommands),this.sessionData=this.createKeypairs(this.sessionData),this.performanceMetrics=this.processPerformanceMetrics(this.performanceMetrics),this.viewsData=this.processViews(this.viewsData),this.userData=this.processUserData(this.userData),this.timeline=this.processTimeline(this.timelineData),this.clientMetrics=this.processClientMetrics(this.clientMetrics),this.webVitals=this.processWebVitals(this.webVitals),this.processCommand(),this.processQueueJob(),this.processTest(),this.errorsCount=this.getErrorsCount(),this.warningsCount=this.getWarningsCount(),this.exceptions=We(this.processExceptions()),this.loadClientMetricsAttempts=0}static placeholder(t,s,n){return Object.assign(new ho({loading:!0,id:t,uri:s?new Tn(s.url).pathname():"/",controller:"Waiting...",method:s?s.method:"GET",responseStatus:"?",parent:n}),{responseDurationRounded:"?",databaseDurationRounded:"?"})}resolve(t,s){return Object.assign(this,s?Lde(t,s):t,{loading:!1,error:void 0,original:Object.assign(this.original,t.original)})}resolveWithError(t){return Object.assign(this,{loading:!1,error:t})}loadClientMetrics(t){this.isRequest()&&(this.clientMetrics.some(s=>s.value)&&Object.values(this.webVitals).some(s=>s.value)||this.loadClientMetricsTimeout||++this.loadClientMetricsAttempts>4||(this.loadClientMetricsTimeout=setTimeout(()=>{t.findId(this.id)&&t.loadId(this.id,["clientMetrics","webVitals"]).then(()=>{this.loadClientMetricsTimeout=void 0,this.loadClientMetrics(t)})},2500)))}isClientError(){return this.responseStatus>=400&&this.responseStatus<500}isServerError(){return this.responseStatus>=500&&this.responseStatus<600}isAjax(){return this.headers.find(t=>t.name=="X-Requested-With"&&t.value=="XMLHttpRequest")}isRequest(){return this.type=="request"||!this.type}isCommand(){return this.type=="command"}isCommandError(){return this.commandExitCode==1}isCommandWarning(){return this.commandExitCode>1}isQueueJob(){return this.type=="queue-job"}isQueueJobError(){return this.jobStatus=="failed"}isQueueJobWarning(){return this.jobStatus=="released"}isTest(){return this.type=="test"}isTestError(){return["failed","error"].includes(this.testStatus)}isTestWarning(){return["warning"].includes(this.testStatus)}get tooltip(){return this.isCommand()?`[CMD] ${this.commandName} (${this.commandLine})`:this.isQueueJob()?`[QUEUE] ${this.jobName} (${this.jobDescription})`:this.isTest()?`[TEST] ${this.testGroup} (${this.testName})`:`${this.method} ${this.uri} (${this.controller})`}createKeypairs(t,s=!0){if(!(t instanceof Object))return[];let n=Object.keys(t).map(r=>({name:r,value:t[r]}));return s&&(n=n.sort((r,o)=>r.name.localeCompare(o.name))),n}processCacheStats(){this.cacheDeletes=parseInt(this.cacheDeletes||0),this.cacheHits=parseInt(this.cacheHits||0),this.cacheReads=parseInt(this.cacheReads||0),this.cacheWrites=parseInt(this.cacheWrites||0),this.cacheMisses=this.cacheReads&&this.cacheHits?this.cacheReads-this.cacheHits:null,this.cacheTime=parseFloat(this.cacheTime||0),this.cacheTimeRounded=Math.round(this.cacheTime)}processCacheQueries(t){return t instanceof Array?t.map(s=>(s.expiration=s.expiration?this.formatTime(s.expiration):void 0,s.value=s.value!==void 0?s.value:"",s)):[]}processClientMetrics(t){return t=this.enforceObject(t),[{name:"Redirect",value:t.redirect},{name:"DNS",value:t.dns,color:"purple",onChart:!0},{name:"Connection",value:t.connection,color:"blue",onChart:!0},{name:"Waiting",value:t.waiting,color:"red",onChart:!0},{name:"Receiving",value:t.receiving,color:"green",onChart:!0},{name:"To interactive",value:t.domInteractive,color:"blue",onChart:!0,dom:!0},{name:"To complete",value:t.domComplete,color:"purple",onChart:!0,dom:!0}]}processDatabase(){this.databaseQueries=this.processDatabaseQueries(this.databaseQueries),this.databaseQueriesCount=parseInt(this.databaseQueriesCount)||this.databaseQueries.length,this.databaseSlowQueries=parseInt(this.databaseSlowQueries)||this.databaseQueries.filter(t=>t.tags.includes("slow")).length,this.databaseSelects=parseInt(this.databaseSelects)||this.databaseQueries.filter(t=>t.query.match(/^select /i)).length,this.databaseInserts=parseInt(this.databaseInserts)||this.databaseQueries.filter(t=>t.query.match(/^insert /i)).length,this.databaseUpdates=parseInt(this.databaseUpdates)||this.databaseQueries.filter(t=>t.query.match(/^update /i)).length,this.databaseDeletes=parseInt(this.databaseDeletes)||this.databaseQueries.filter(t=>t.query.match(/^delete /i)).length,this.databaseOthers=parseInt(this.databaseOthers)||this.databaseQueries.filter(t=>!t.query.match(/^(select|insert|update|delete) /i)).length,this.databaseDuration=parseFloat(this.databaseDuration||0)}processDatabaseQueries(t){return t instanceof Array?t.map(s=>{s.model=s.model||"-",s.shortModel=s.model?s.model.split("\\").pop():"-",s.tags=s.tags instanceof Array?s.tags:[],s.bindings=this.optionalNonEmptyObject(s.bindings),s.prettifiedQuery=Dde.format(s.query);let n,r=s.query.trim();return(n=r.match(/^SELECT\s[\s\S]*?\sFROM\s+([A-Za-z-_'".]+)/i))?s.shortQuery=`SELECT FROM ${n[1].replaceAll(/['"]/g,"")}`:(n=r.match(/^INSERT\s+INTO\s+([A-Za-z-_'".]+)/i))?s.shortQuery=`INSERT INTO ${n[1].replaceAll(/['"]/g,"")}`:(n=r.match(/^UPDATE\s+([A-Za-z-_'".]+)/i))?s.shortQuery=`UPDATE ${n[1].replaceAll(/['"]/g,"")}`:(n=r.match(/^DELETE\s+FROM\s+([A-Za-z-_'".]+)/i))?s.shortQuery=`DELETE FROM ${n[1].replaceAll(/['"]/g,"")}`:s.shortQuery=r,s}):[]}processNotifications(t,s){return s=Object.values(this.optionalNonEmptyObject(s,{})).filter(n=>n.data instanceof Object).map(n=>({subject:n.data.subject,to:[n.data.to],from:[n.data.from],time:n.start,duration:n.duration,type:"mail",data:[]})),this.enforceArray(t).concat(s).map(function(n){return n.isShowingDetails=!1,n})}processHttpRequests(){this.httpRequests=this.enforceArray(this.httpRequests).map(t=>{var n;let s;return(s=t.request.url.match(/(.+?:\/\/)(.+?)(\/.+?)?(\?.+)?$/))?t.request.url={full:t.request.url,scheme:s[1],host:s[2],path:s[3],query:s[4]}:t.request.url={full:t.request.url},(n=t.response)!=null&&n.status&&(t.response.statusMessage=$de[t.response.status].message),t})}processEvents(t){return t instanceof Array?t.map(s=>(s.objectEvent=s.data instanceof Object&&s.event==s.data.__class__,s.time=s.time?new Date(s.time*1e3):void 0,s.listeners=s.listeners instanceof Array?s.listeners:[],s.listeners=s.listeners.map(n=>{let r,o;return(o=n.match(/Closure \(.*[\/\\](.+?:\d+)-\d+\)/))?r="Closure ("+o[1]+")":r=n.split(/[\/\\]/).pop(),{name:n,shortName:r}}),s)):[]}processExceptions(){let t=this.log.length?this.log[this.log.length-1].exception:null;if(this.isRequest()&&!this.isServerError()||!t)return[];t=Nu(t);let s=t;do s.trace=[{call:`${s.type}()`,file:s.file,line:s.line,isVendor:!1},...s.trace];while(s=s.previous);return[t]}processHeaders(t){return t instanceof Object?Object.keys(t).map(s=>{let n=t[s];return s=s.split("-").map(r=>r.charAt(0).toUpperCase()+r.slice(1).toLowerCase()).join("-"),{name:s,value:n}}).reduce((s,n)=>(n=n.value instanceof Array?n.value.map(r=>({name:n.name,value:r})):[n],s.concat(n)),[]).sort((s,n)=>s.name.localeCompare(n.name)):[]}processLog(t){return t instanceof Array?t.map(s=>(s.exception&&(s.file=s.exception.file,s.line=s.exception.line,s.trace=s.exception.trace),s.time=new Date(s.time*1e3),s.context=s.context instanceof Object&&Object.keys(s.context).filter(n=>n!="__type__").length?s.context:void 0,s)):[]}processModels(){this.modelsActions=this.processModelsActions(this.modelsActions)}processModelsActions(t){return this.enforceArray(t).map(s=>(s.shortModel=s.model?s.model.split("\\").pop():"",s.attributes=this.optionalNonEmptyObject(s.attributes),s.changes=this.optionalNonEmptyObject(s.changes),s.tags=this.enforceArray(s.tags),s.bindings=this.optionalNonEmptyObject(s.bindings),s.isShowingDetails=!1,s))}processPerformanceMetrics(t){if(!t)return[{name:"App",value:(this.responseDurationRounded||0)-(this.databaseDurationRounded||0)-(this.cacheTimeRounded||0),color:"blue"},{name:"DB",value:this.databaseDurationRounded,color:"red"},{name:"Cache",value:this.cacheTimeRounded,color:"green"}].filter(n=>n.value>0);t=t.filter(n=>n instanceof Object).map((n,r)=>(n.color=n.color||"purple",n));let s=t.reduce((n,r)=>n+r.value,0);return t.push({name:"Other",value:this.responseDurationRounded-s,color:"purple"}),t}processQueueJobs(t){return t instanceof Array?t.map(s=>(s.shortName=s.name.split("\\").pop(),s)):[]}processRedisCommands(t){return t instanceof Array?t:[]}processTest(){this.testName&&([this.testGroup,this.testName]=this.testName.includes("::")?this.testName.split("::"):[this.testName,""])}processTimeline(t){let s=new Ur(Object.values(this.optionalNonEmptyObject(t,{})),this.time,this.time+this.responseDuration);return t&&!t.total&&s.appendTotalEvent(),this.databaseQueries.forEach(n=>s.append({start:n.time,duration:n.duration,name:n.shortQuery,description:n.query,color:"red",tags:["databaseQueries"]})),this.events.forEach(n=>s.append({start:n.time,duration:n.duration,description:n.event,color:"purple",tags:["events"]})),this.cacheQueries.forEach(n=>s.append({start:n.time,duration:n.duration,description:`${n.type.toUpperCase()} ${n.key}`,color:"green",tags:["cacheQueries"]})),this.redisCommands.forEach(n=>s.append({start:n.time,duration:n.duration,description:`${n.command} ${Object.values(n.parameters).join(" ")}`,color:"green",tags:["redisCommands"]})),this.queueJobs.forEach(n=>s.append({start:n.time,duration:n.duration,description:n.name,color:"purple",tags:["queueJobs"]})),this.notifications.forEach(n=>s.append({start:n.time,duration:n.duration,description:`${n.to} - ${n.subject}`,color:"purple",tags:["notifications"]})),this.httpRequests.forEach(n=>s.append({start:n.time,duration:n.duration,description:`${n.request.method} ${n.request.url.full}`,color:"purple",tags:["httpRequests"]})),s.merge(this.viewsData),s}processViews(t){let s=Object.values(this.optionalNonEmptyObject(t,{})).map(n=>{var r,o,i,a;return{start:n.start,duration:n.duration,name:((r=n.data)==null?void 0:r.name)||n.description,description:(((o=n.data)==null?void 0:o.name)||n.description)+((i=n.data)!=null&&i.memoryUsage?` (${this.formatBytes(n.data.memoryUsage)})`:""),data:this.optionalNonEmptyObject((a=n.data)==null?void 0:a.data),color:"purple",tags:["views"]}});return new Ur(s,this.time,this.time+this.responseDuration)}processUserData(t){if(!(t instanceof Object))return[];let s=([r,o])=>r!="__meta",n=r=>([o,i])=>({key:r[o]||o,value:i});return Object.entries(t).filter(([r,o])=>o instanceof Object||o.__meta||o.__meta.title).map(([r,o])=>({key:r,title:o.__meta.title,sections:Object.entries(o).filter(s).map(([i,a])=>{let l=a.__meta.labels||{};return{data:a.__meta.showAs=="counters"?Object.entries(a).filter(s).map(n(l)):Object.entries(a).filter(s).map(([d,p])=>Object.entries(p).map(n(l))),showAs:a.__meta.showAs,title:a.__meta.title}})}))}processWebVitals(t){t=this.enforceObject(t);let s={cls:{slow:7300,moderate:3800},fid:{slow:300,moderate:100},lcp:{slow:4e3,moderate:2e3},fcp:{slow:4e3,moderate:2e3},ttfb:{slow:600,moderate:600},si:{slow:5800,moderate:4300}};return Object.keys(s).forEach(n=>{let r=t[n],o="fast",i=!isNaN(parseFloat(r));r>s[n].slow?o="slow":r>s[n].moderate&&(o="moderate"),t[n]={value:r,score:o,available:i}}),t}processCommand(){this.commandLine="",this.commandLine+=Object.values(this.commandArguments||{}).filter(t=>t).join(" "),this.commandLine+=Object.entries(this.commandOptions||{}).reduce((t,[s,n])=>t+(n===!0?` --${s}`:` --${s}=${n}`),""),this.commandArgumentsMerged=this.createKeypairs(Object.assign({},this.commandArgumentsDefaults||{},this.commandArguments||{}),!1),this.commandOptionsMerged=this.createKeypairs(Object.assign({},this.commandOptionsDefaults||{},this.commandOptions||{}),!1)}processQueueJob(){this.jobOptions=this.createKeypairs(this.jobOptions)}getErrorsCount(){return this.log.reduce((t,s)=>s.level=="error"?t+1:t,0)}getWarningsCount(){return this.log.filter(t=>t.level=="warning").length+this.databaseSlowQueries}formatTime(t){let s=Math.floor(t/60),n=Math.floor(s/60);t=t%60,s=s%60;let r=[];return n&&r.push(n+"h"),s&&r.push(s+"min"),t&&r.push(t+"sec"),r.join(" ")}formatBytes(t){let s=["B","kB","MB","GB","TB","PB"],n=Math.floor(Math.log(t)/Math.log(1024));return`${Math.round(t/Math.round(Math.pow(1024,n)))} ${s[n]}`}enforceArray(t){return t instanceof Array?t:[]}enforceObject(t){return t instanceof Object&&Object.keys(t).filter(s=>s!="__type__").length?t:{}}optionalNonEmptyObject(t,s){return t instanceof Object&&Object.keys(t).filter(n=>n!="__type__").length?t:s}}const Fde=(...e)=>We(new ho(...e));function Jn(...e){return We(ho.placeholder(...e))}class ln{get api(){return chrome||browser}static runningAsExtension(){return typeof chrome=="object"&&chrome.devtools||typeof browser=="object"&&browser.devtools}init(t){this.global=t,this.requests=t.$requests,this.profiler=t.$profiler,this.settings=t.$settings,this.updateNotification=t.$updateNotification,this.lastPolledId=null,this.useProperTheme(),this.setMetadataUrl(),this.setMetadataClient(),this.listenToRequests(),this.throttlePolling(),this.loadLastRequest()}useProperTheme(){this.api.devtools.panels.themeName==="dark"&&(this.settings.defaultAppearance="dark")}setMetadataUrl(){this.resolveTabUrl().then(t=>this.requests.setRemote(t))}setMetadataClient(){this.requests.setClient((t,s,n,r)=>this.profiler.withoutProfiling(()=>this.fetch(t,s,n,r).then(({response:o,data:i})=>{if(o){if(o.status==403)throw{error:"requires-authentication",message:i.message,requires:i.requires};if(o.status!=200)throw{error:"error-response",message:"Server returned an error response."};if(!s.includes("only=")&&!(i instanceof Array)&&(!(i instanceof Object)||!Object.keys(i).length))throw{error:"empty-response",message:"Server returned an empty metadata."}}else throw{error:"network-error",message:"This can be caused by a network error, misconfigured web server or an invalid SSL certificate."};return i})))}fetch(t,s,n={},r={}){return new Promise((o,i)=>{this.api.runtime.sendMessage({action:"fetch",method:t,url:s,data:n,headers:r},a=>o(a))})}setCookie(t,s,n){return this.resolveTabUrl().then(r=>{this.api.runtime.sendMessage({action:"setCookie",url:r,name:t,value:s,path:"/",expirationDate:Math.floor(Date.now()/1e3)+n})})}getCookie(t){return this.resolveTabUrl().then(s=>new Promise((n,r)=>{this.api.runtime.sendMessage({action:"getCookie",url:s,name:t},o=>n(o))}))}resolveTabUrl(){return new Promise((t,s)=>{this.api.runtime.sendMessage({action:"getTabUrl",tabId:this.api.devtools.inspectedWindow.tabId},n=>t(n))})}listenToRequests(){this.api.runtime.onMessage.addListener(t=>{if(t.action!=="requestCompleted"||navigator.userAgent.toLowerCase().indexOf("firefox/57.0")===-1&&t.request.tabId!=this.api.devtools.inspectedWindow.tabId)return;let s=this.parseHeaders(t.request.responseHeaders);if(!s)return;this.updateNotification.serverVersion=s.version,this.requests.setRemote(t.request.url,s);let n=Jn(s.id,t.request);this.requests.loadId(s.id,null,n).then(()=>this.retryLoading(n)),s.subrequests.forEach(r=>{this.requests.setRemote(r.url,{path:r.path}),this.requests.loadId(r.id,null,Jn(r.id,r,n))}),this.requests.setRemote(t.request.url,s)}),(!this.settings.global.hideCommandTypeRequests||!this.settings.global.hideQueueJobTypeRequests||!this.settings.global.hideTestTypeRequests)&&this.startPollingRequests(),this.api.runtime.onMessage.addListener(t=>{t.action==="navigationStarted"&&(this.settings.global.preserveLog||t.details.tabId==this.api.devtools.inspectedWindow.tabId&&this.requests.clear())})}loadLastRequest(){this.api.runtime.sendMessage({action:"getLastTappedRequestInTab",tabId:this.api.devtools.inspectedWindow.tabId},t=>{if(!t)return;let s=this.parseHeaders(t.responseHeaders);this.updateNotification.serverVersion=s.version,this.requests.setRemote(t.url,s),this.requests.loadId(s.id,null,Jn(s.id,t)),(!this.settings.global.hideCommandTypeRequests||!this.settings.global.hideQueueJobTypeRequests||!this.settings.global.hideTestTypeRequests)&&this.startPollingRequests()})}parseHeaders(t){let s,n=(s=t.find(l=>l.name.toLowerCase()=="x-clockwork-id"||l.name.toLowerCase()=="x-tapped-id"))?s.value:void 0,r=(s=t.find(l=>l.name.toLowerCase()=="x-clockwork-path"||l.name.toLowerCase()=="x-tapped-path"))?s.value:void 0,o=(s=t.find(l=>l.name.toLowerCase()=="x-clockwork-version"||l.name.toLowerCase()=="x-tapped-version"))?s.value:void 0;if(!n)return;let i={};t.forEach(l=>{if(l.name.toLowerCase().indexOf("x-clockwork-header-")===0||l.name.toLowerCase().indexOf("x-tapped-header-")===0){let h=l.name.replace(/^x-(clockwork|tapped)-header-/i,"");i[h]=l.value}});let a=t.filter(l=>l.name.toLowerCase()=="x-clockwork-subrequest"||l.name.toLowerCase()=="x-tapped-subrequest").reduce((l,h)=>l.concat(h.value.split(",").map(d=>{let p=d.trim().split(";");return{id:p[0],url:decodeURIComponent(p[1]),path:decodeURIComponent(p[2])}})),[]);return{id:n,path:r,version:o,headers:i,subrequests:a}}retryLoading(t,s=0){t.error&&(s>3||setTimeout(()=>this.requests.loadId(t.id).then(()=>this.retryLoading(t,s+1)),(s+1)*(s+1)*100))}startPollingRequests(){var t;this.pollingInterval=1e3,this.isPolling=!0,this.lastPolledId=(t=this.requests.last())==null?void 0:t.id,this.pollTimeout||this.pollRequests()}stopPollingRequests(){this.isPolling=!1,clearTimeout(this.pollTimeout),this.pollTimeout=null}pollRequests(){clearTimeout(this.pollTimeout);let t=[this.settings.global.hideCommandTypeRequests?null:"command",this.settings.global.hideQueueJobTypeRequests?null:"queue-job",this.settings.global.hideTestTypeRequests?null:"test"].filter(Boolean);this.requests.withQuery({"type[]":t},()=>{this.requests.loadNext().then(s=>{var n;this.lastPolledId=((n=this.requests.last())==null?void 0:n.id)||this.lastPolledId,this.isPolling&&(this.pollTimeout=setTimeout(()=>this.pollRequests(),this.updatePollingInterval(s.length)))}).catch(()=>{this.isPolling&&(this.pollTimeout=setTimeout(()=>this.pollRequests(),this.updatePollingInterval(!1)))})})}throttlePolling(){document.addEventListener("visibilitychange",()=>{this.pollingInterval=document.hidden?6e4:1e3,!document.hidden&&this.isPolling&&this.pollRequests()})}updatePollingInterval(t){let s=new Date().getTime();return(t||!this.pollingLastReceived)&&(this.pollingLastReceived=s),s-this.pollingLastReceived>6e4?this.pollingInterval=5e3:s-this.pollingLastReceived>3e4?this.pollingInterval=2500:this.pollingInterval=1e3}hasFeature(t){return!["delete-shared","details-request","sharing","share-button"].includes(t)}settingsChanged(){this.settings.global.hideCommandTypeRequests&&this.settings.global.hideQueueJobTypeRequests&&this.settings.global.hideTestTypeRequests?this.stopPollingRequests():this.startPollingRequests()}}class Hde{init(t){this.global=t,this.requests=t.$requests,this.authentication=t.$authentication,this.profiler=t.$profiler,this.settings=t.$settings,this.lastPolledId=null,this.useProperTheme(),this.setMetadataUrl(),this.setMetadataClient(),this.loadRequestFromUri(),this.startPollingRequests(),this.throttlePolling(),this.settings.sites.length&&(this.settings.activeSite=this.settings.sites.find(s=>window.location.href.match(new RegExp(`^${s.regexp}`))))}useProperTheme(){window.matchMedia("(prefers-color-scheme: dark)").matches&&(this.settings.defaultAppearance="dark"),window.matchMedia("(prefers-color-scheme: dark)").addEventListener("change",t=>{this.settings.defaultAppearance=t.matches?"dark":"light"})}setMetadataUrl(){if(this.settings.global.metadataPath)return this.requests.setRemote(window.location.href,{path:this.settings.global.metadataPath});this.requests.setRemote(window.location.href,{path:new Tn(window.location.href).path().split("/").slice(0,-2).join("/")+"/__tapped/"})}setMetadataClient(){this.requests.setClient((t,s,n,r)=>this.profiler.withoutProfiling(()=>this.fetch(t,s,n,r).then(({response:o,data:i})=>{if(o.status==403)throw{error:"requires-authentication",message:i.message,requires:i.requires};if(o.status!=200)throw{error:"error-response",message:"Server returned an error response."};if(!s.includes("only=")&&!(i instanceof Array)&&(!(i instanceof Object)||!Object.keys(i).length))throw{error:"empty-response",message:"Server returned an empty metadata."};return i})))}fetch(t,s,n={},r={}){let o=new FormData;return Object.entries(n).forEach(([i,a])=>o.append(i,a)),fetch(s,{method:t,body:Object.keys(n).length?o:null,headers:r}).then(i=>i.json().then(a=>({response:i,data:a}))).catch(i=>{throw{error:"network-error",message:"This can be caused by a network error, misconfigured web server or an invalid SSL certificate."}})}setCookie(t,s,n){return document.cookie=`${t}=${s};path=/;max-age=${n}`,Promise.resolve()}getCookie(t){let s=document.cookie.match(new RegExp(`(?:^| )${t}=([^;]*)`));return Promise.resolve(s?s[1]:void 0)}loadRequestFromUri(){let t=Tn(window.location.href).fragment();t&&this.requests.loadId(t,!1)}startPollingRequests(){this.pollingInterval=1e3,this.requests.loadLatest().then(()=>{var t;if(!(this.lastPolledId=(t=this.requests.last())==null?void 0:t.id))throw new Error;this.pollRequests()}).catch(t=>{t.error=="requires-authentication"?this.authentication.request(t.message,t.requires).then(()=>{this.startPollingRequests()}):setTimeout(()=>this.startPollingRequests(),this.pollingInterval)})}pollRequests(){var t;clearTimeout(this.pollTimeout),this.requests.loadNext(null,((t=this.requests.last())==null?void 0:t.id)||this.lastPolledId).then(s=>{var n;if(!this.settings.global.preserveLog){let r=this.requests.last(i=>i.isRequest()&&!i.isAjax()),o=this.requests.all().indexOf(r);this.requests.setItems(this.requests.all().slice(o))}this.lastPolledId=((n=this.requests.last())==null?void 0:n.id)||this.lastPolledId,this.pollTimeout=setTimeout(()=>this.pollRequests(),this.updatePollingInterval(s.length))}).catch(()=>{this.pollTimeout=setTimeout(()=>this.pollRequests(),this.updatePollingInterval(!1))})}throttlePolling(){document.addEventListener("visibilitychange",()=>{this.pollingInterval=document.hidden?6e4:1e3,document.hidden||this.pollRequests()})}updatePollingInterval(t){let s=new Date().getTime();return(t||!this.pollingLastReceived)&&(this.pollingLastReceived=s),s-this.pollingLastReceived>6e4?this.pollingInterval=5e3:s-this.pollingLastReceived>3e4?this.pollingInterval=2500:this.pollingInterval=1e3}hasFeature(t){return!["delete-shared","details-request"].includes(t)}settingsChanged(){this.settings.global.metadataPath&&this.setMetadataUrl()}}class Bde{constructor(t){this.requests=t,this.username=this.password="",this.shown=!1,this.failed=!1,this.requires=[]}attempt(){let t={username:this.username,password:this.password};return this.username=this.password="",this.failed=!1,this.requests.client("POST",`${this.requests.remoteUrl}auth`,t).then(s=>{this.shown=!1,this.requests.setAuthenticationToken(s.token),this.requests.items.forEach(n=>{if(n.error&&n.error.error=="requires-authentication")return this.requests.loadId(n.id)}),this.accept()}).catch(s=>{this.failed=!0})}request(t,s){return this.shown=!0,this.requires=s,this.message=t,new Promise((n,r)=>{this.accept=n,this.reject=r})}}const jde=(...e)=>We(new Bde(...e));class Vde{constructor(t){this.platform=t,this.shown=!1,this.loaded=!1,this.version="5.3.2",this.credits=ps({app:{contributors:[],dependencies:[],sponsors:[]},php:{contributors:[],dependencies:[],sponsors:[]}}),this.authors=[{name:"its",avatarUrl:"https://avatars.githubusercontent.com/u/821582?v=3",twitterUrl:"https://twitter.com/itsgoingd",githubUrl:"https://github.com/itsgoingd",sponsorUrl:"https://github.com/sponsors/itsgoingd"}]}toggle(){this.shown=!this.shown,this.load()}load(){if(this.loaded)return;let t=["app","php"],s=["contributors","dependencies","sponsors"],n=[];t.forEach(r=>{s.forEach(o=>{n.push(this.platform.fetch("GET",`https://meta.underground.works/clockwork-${r}/${o}.json`).then(({data:i})=>this.credits[r][o]=i))})}),Promise.all(n).then(()=>this.loaded=!0)}}const Gde=(...e)=>We(new Vde(...e));class Wde{constructor(t){this.settings=t}register(t){t.mixin({methods:{$editorLink:this.filter()}})}filter(){return(t,s)=>{let n={atom:(o,i)=>`atom://open?url=file://${o}&line=${i}`,phpstorm:(o,i)=>`phpstorm://open?file=${o}&line=${i}`,sublime:(o,i)=>`subl://open?url=file://${o}&line=${i}`,textmate:(o,i)=>`txmt://open?url=file://${o}&line=${i}`,"vs-code":(o,i)=>`vscode://file/${o}:${i}`},r=this.settings.global.editor;if(!(!r||!n[r]))return t&&this.settings.site.localPathMap.real&&(t=t.replace(this.settings.site.localPathMap.real,this.settings.site.localPathMap.local)),n[r](t,s)}}}const zde=(...e)=>We(new Wde(...e));class Qde{constructor(){this.backend=null,this.isLocalStorageAvailable()?this.backend="local-storage":this.isBrowserStorageAvailable()&&(this.backend="browser-storage"),this.persistent=!!this.backend,this.data=null}initialize(){return this.load(),this}async get(t,s){return await this.load(),this.data[t]==null&&await this.set(t,s),this.data[t]}async set(t,s){await this.load(),this.data[t]=s,this.save()}load(){return this.data?Promise.resolve():new Promise(t=>{if(this.backend=="local-storage"){const s=localStorage.getItem("tapped");if(s)this.loaded(t,s);else{const n=localStorage.getItem("clockwork");this.loaded(t,n),n&&localStorage.setItem("tapped",n)}}else this.backend=="browser-storage"?(window.browser||window.chrome).storage.local.get(["tapped","clockwork"],s=>{s.tapped?this.loaded(t,s.tapped):(this.loaded(t,s.clockwork),s.clockwork&&(window.browser||window.chrome).storage.local.set({tapped:s.clockwork}))}):this.loaded(t)})}loaded(t,s){try{this.data=JSON.parse(s)}catch{}this.data=this.data instanceof Object?this.data:{},t()}save(){if(this.backend=="local-storage")try{localStorage.setItem("tapped",JSON.stringify(this.data))}catch{}else this.backend=="browser-storage"&&(window.browser||window.chrome).storage.local.set({tapped:JSON.stringify(this.data)})}isLocalStorageAvailable(){try{localStorage}catch{return!1}return!0}isBrowserStorageAvailable(){return window.browser&&browser.storage||window.chrome&&chrome.storage}}const Yde=(...e)=>We(new Qde(...e)).initialize();class Kde{constructor(t,s){this.platform=t,this.settings=s,this.enabled=!1,this.cookieLifetime=60}enableProfiling(){this.enabled=!0,this.platform.setCookie("tapped-profile",this.settings.site.onDemandSecret,this.cookieLifetime),clearTimeout(this.timeout),this.timeout=setTimeout(()=>{this.enabled&&this.enableProfiling()},this.cookieLifetime*1e3)}disableProfiling(){this.enabled=!1,clearTimeout(this.timeout)}}const Xde=(...e)=>We(new Kde(...e));class Fr{constructor(t,s){this.metadata=t,this.functions=s}static parse(t){return new Promise((s,n)=>{s(Fr.parseSync(t))})}static parseSync(t){let s={},n=[],r={},o={};t=t.split(`
`);let i=0,a,l,h,d;for(;(a=t[i++])!==void 0;)if(a.startsWith("fl=")){let[p,g]=this.resolveCompressedName(a.match(/fl=(.+)/)[0],r);a=t[i++];let[y,A]=this.resolveCompressedName(a.match(/fn=(.+)/)[0],o);a=t[i++];let k=a.split(" ").map(W=>parseFloat(W)),j=k.shift();h=n[y],h||(n[y]=h={name:A,file:g,line:j,invocations:0,self:new Array(k.length).fill(0),inclusive:new Array(k.length).fill(0),callers:[],subCalls:[]}),h.invocations++,h.self=h.self.map((W,C)=>W+k[C]),h.inclusive=h.inclusive.map((W,C)=>W+k[C])}else if(a.startsWith("cfn=")){let[p,g]=this.resolveCompressedName(a.match(/cfn=(.+)/)[0],o);a=t[i++],a=t[i++];let y=a.split(" ").map(C=>parseFloat(C)),A=y.shift(),k=n[p];h.inclusive=y.map((C,R)=>C+(h.inclusive[R]||0));let j=k.callers[d];j||(k.callers[d]=j={name:h.name,line:A,calls:0,summed:new Array(y.length).fill(0)}),j.calls++,j.summed=j.summed.map((C,R)=>C+y[R]);let W=h.subCalls[p];W||(h.subCalls[p]=W={name:g,line:A,calls:0,summed:new Array(y.length).fill(0)}),W.calls++,W.summed=W.summed.map((C,R)=>C+y[R])}else(l=a.match(/^(.+?): (.+)/))&&(s[l[1]]=l[2]);return new Fr(s,n.slice(1))}static resolveCompressedName(t,s){let[n,r,o]=t.match(/\((\d+)\)(?: (.*))?/);return o&&(s[r]=o),[r,s[r]]}}class Jde{constructor(t,s){this.requests=t,this.platform=s,this.available=!1,this.loading=!1,this.parsing=!1,this.ready=!1,this.invalid=!1,this.isProfiling=!1,this.metric=0,this.percentual=!1,this.shownFraction=.9,this.request=void 0,this.functions=[]}initialize(){return this.platform.getCookie("XDEBUG_PROFILE").then(t=>this.isProfiling=t),this}enableProfiling(){return this.platform.setCookie("XDEBUG_PROFILE","1",60*60*24*30).then(()=>{this.isProfiling=!0})}disableProfiling(t=!1,s=!1){return t&&this.clear(),this.platform.setCookie("XDEBUG_PROFILE","0",0).then(()=>{s||(this.isProfiling=!1)})}async withoutProfiling(t){if(!this.isProfiling)return t();await this.disableProfiling(!1,!0);let s=t();return await this.enableProfiling(),s}loadRequest(t){if(!(this.request&&this.request.id==t.id)){if(!t.xdebug||!t.xdebug.profile)return this.clear();if(this.request=t,this.available=this.loading=this.parsing=this.ready=!1,this.summary=this.metadata=this.functions=[],this.available=!0,t.xdebug.profileData)return this.parseProfile();this.loading=!0,this.requests.loadExtended(t.id,["xdebug"]).then(s=>{this.loading=!1,this.parseProfile()})}}parseProfile(){if(!this.request.xdebug.profileData)return this.available=!1;this.ready=this.invalid=!1,this.parsing=!0,Fr.parse(this.request.xdebug.profileData).then(t=>{if(!t.metadata.summary)return this.parsing=this.available=!1;this.metadata=t.metadata,this.summary=this.metadata.summary.split(" ");let s=this.metadata.events.includes("Time_(10ns)");this.functionsAll=t.functions.filter(n=>n.name!="{main}").map(n=>(n.selfAll=n.self,n.inclusiveAll=n.inclusive,n.fullPath=n.file=="php:internal"?"internal":`${n.file}:${n.line}`,n.shortPath=n.fullPath!="internal"?n.fullPath.split(/[\/\\]/).pop():n.fullPath,s&&(n.selfAll[0]=n.selfAll[0]/100,n.inclusiveAll[0]=n.inclusiveAll[0]/100),n)),this.presentProfile(),this.parsing=!1,this.ready=!0}).catch(t=>{this.parsing=!1,this.invalid=!0})}presentProfile(){let t=this.shownFraction*this.summary[this.metric];this.functions=this.functionsAll.filter(s=>(t-=s.selfAll[this.metric],t>0)).map(s=>(s.self=this.percentual?s.selfAll[this.metric]/this.summary[this.metric]*100:s.selfAll[this.metric],s.inclusive=this.percentual?s.inclusiveAll[this.metric]/this.summary[this.metric]*100:s.inclusiveAll[this.metric],s))}clear(){this.available=this.loading=this.parsing=this.ready=!1,this.summary=this.metadata=this.functions=[],this.request=void 0}showMetric(t){this.metric=t,this.presentProfile()}showPercentual(t){this.percentual=t===!0||t===void 0,this.presentProfile()}setShownFraction(t){this.shownFraction=t,this.presentProfile()}formatMetric(t){return this.percentual?Math.round(t)+" %":this.metric==1?Math.round(t/1024)+" kB":Math.round(t/100)/10+" ms"}}const Zde=(...e)=>We(new Jde(...e)).initialize();class ehe{constructor(){this.settings=null,this.items=ps([]),this.query={},this.exclusive={}}all(){return this.items}findId(t){return this.items.find(s=>s.id==t)}loadId(t,s,n){let r=this.findId(t);return r?n=r:n!==!1&&(n=this.push(n||Jn(t))),n&&!s&&(n.loading=!0),this.withQuery(s?{only:s.join(",")}:{},()=>this.load(t,o=>o.then(i=>(n?n.resolve(i[0],s):this.items.push(i[0]),s||this.sort(),n||i[0])).catch(i=>{n&&n.resolveWithError(i)})))}loadExtended(t,s){let n=this.findId(t);return this.withQuery(s?{only:s.join(",")}:{},()=>this.load(`${t}/extended`,r=>r.then(o=>n.resolve(o[0],s)).catch(o=>{})))}loadLatest(t=!0){return this.load("latest",s=>s.then(n=>(t&&this.merge(n),n[0])),t)}returnLatest(){return this.loadLatest(!1)}loadNext(t,s,n=!0){var r;return s=s||((r=this.last(o=>!o.loading))==null?void 0:r.id),s?this.load(`${s}/next`+(t?`/${t}`:""),o=>o.then(i=>(n&&this.merge(i),i)).catch(i=>{}),n):Promise.resolve([])}returnNext(t,s){return this.loadNext(t,s,!1)}loadPrevious(t,s,n=!0){return!s&&!this.items.length?Promise.resolve([]):(s=s||this.first(r=>!r.loading).id,this.load(`${s}/previous`+(t?`/${t}`:""),r=>r.then(o=>(n&&this.merge(o),o)).catch(o=>{}),n))}returnPrevious(t,s){return this.loadPrevious(t,s,!1)}clear(){this.items.splice(0)}merge(t){t=t.filter(s=>!this.findId(s.id)),t.length&&(this.items.push(...t),this.sort())}push(t){return t=ps(t),this.items.push(t),t}sort(){this.items=this.items.sort((t,s)=>t.time-s.time)}first(t){return t?this.items.find(t):this.items[0]}last(t){return t?this.items.slice().reverse().find(t):this.items[this.items.length-1]}setClient(t){this.client=t}setItems(t){this.items.splice(0),this.items.push(...t)}setRemote(t,s){s=s||{},s.path=s.path||"/__tapped/",t=new Tn(t);let[n,r]=s.path.split("?");t.pathname(n||""),t.query(r||""),t.hash(""),this.remoteUrl=t.toString(),this.remoteHeaders=s.headers||{}}setAuthenticationToken(t){this.settings.site.authToken=t,this.settings.save()}setQuery(t){this.query=t}withQuery(t,s){let n=this.query;this.query=t;let r=s();return this.query=n,r}load(t,s,n=!1){if(n)return this.loadExclusive(t,s);let r=Tn(`${this.remoteUrl}${t}`).addQuery(this.query).toString(),o=Object.assign({},this.remoteHeaders,{"X-Tapped-Auth":this.settings.site.authToken});return s(this.client("GET",r,{},o).then(i=>i?(i instanceof Array?i:[i]).map(a=>Fde(a)):[]))}loadExclusive(t,s){return this.exclusive[t]?this.exclusive[t]:this.exclusive[t]=this.load(t,s).finally(()=>this.exclusive[t]=null)}}const the=(...e)=>We(new ehe(...e));class she{constructor(t){this.requests=t,this.tags=[{tag:"controller"},{tag:"method",validate:s=>["get","post","put","patch","delete","head"].includes(s)},{tag:"status",validate:s=>s>=100&&s<600},{tag:"time"},{tag:"received",validate:s=>new Date(s)},{tag:"type",validate:s=>["command","queue-job","request"].includes(s)}],this.shown=!1,this.input="",this.searchDebounced=to(()=>this.search(),500)}toggle(){this.shown=!this.shown,this.shown?Yr(()=>document.querySelector(".requests-search input").focus()):(this.input="",this.search())}search(){let{terms:t,tags:s}=this.tokenize(this.input);s=Object.entries(s).filter(([n,r])=>(n=this.tags.find(o=>o.tag==n),n&&(!n.validate||r.every(o=>n.validate(o))))).reduce((n,[r,o])=>(n[`${r}[]`]=o,n),{}),this.requests.setQuery(t.length||Object.keys(s).length?{"uri[]":t,"name[]":t,...s}:{}),this.requests.returnLatest().then(n=>{this.requests.returnPrevious(9,n.id).then(r=>{this.requests.setItems(r?[...r,n]:[n])})}).catch(()=>{this.requests.clear()})}tokenize(t){let s=[],n={},r=/(\w+:)?("[^"]*"|[^\s]+)/g,o;for(;o=r.exec(t);){let i=o[1]?o[1].substr(0,o[1].length-1):void 0,a=o[2];(o=a.match(/^"(.+?)"$/))&&(a=o[1]),i?(n[i]||(n[i]=[]),n[i].push(a)):s.push(a)}return{terms:s,tags:n}}}const nhe=(...e)=>We(new she(...e));var rhe=ohe;function ohe(e,t){for(var s={},n=Object.keys(e),r=n.length,o=0;o<r;o++){var i=n[o];s[i]=t(e[i],i,e)}return s}class ihe{constructor(t,s,n){this.store=t,this.requests=s,this.platform=n,this.requests.settings=this,this.shown=!1,this.loaded=!1,this.settings=ps(this.defaults()),this.defaultAppearance="light"}initialize(){return this.load(),this}get global(){return this.settings.global}get site(){return this.settings.site[this.requests.remoteUrl]||(this.settings.site[this.requests.remoteUrl]=on(!0,{},this.defaults().site)),this.settings.site[this.requests.remoteUrl]}get persistent(){return this.store.persistent}get appearance(){return this.global.appearance!="auto"?this.global.appearance:this.defaultAppearance}toggle(){this.shown=!this.shown}save(){this.store.set("settings",this.settings),this.platform.settingsChanged()}async load(){let t=this.defaults(),s=await this.store.get("settings",{});Object.assign(this.settings,{global:on(!0,t.global,s.global||{}),site:rhe(s.site||{},n=>on(!0,{},t.site,n||{}))}),this.loaded=!0,this.platform.settingsChanged()}defaults(){return{global:{appearance:"auto",databasePrettified:!1,editor:null,showIncomingRequests:!0,hideCommandTypeRequests:this.platform instanceof ln,hideQueueJobTypeRequests:this.platform instanceof ln,hideTestTypeRequests:this.platform instanceof ln,ignoredUpdateNotifications:{},metadataPath:null,performanceVitalsInfoShown:!0,preserveLog:!0,requestsListCollapsed:!1,requestSidebarCollapsed:!1,requestSidebarCollapsedSections:{headers:!1,data:!1,getData:!1,postData:!1,cookies:!1,middleware:!1,session:!1,arguments:!1,options:!1,payload:!1,queue:!1,connection:!1,asserts:!1},seenReleaseNotesVersion:null,shareTermsAccepted:!1,timelineCondensed:{performance:!0,views:!1},timelineHiddenTags:{}},site:{localPathMap:{real:null,local:null},onDemandSecret:null,sharingUrl:"https://tapped.thinkneverland.com/ingest"}}}}const ahe=(...e)=>We(new ihe(...e)).initialize();class lhe{register(t){t.mixin({methods:{$date:this.date,$join:this.join,$round:this.round,$shortClass:this.shortClass,$title:this.title}})}date(t,s){return Wn(t,s)}join(t,s=", "){return t instanceof Array?t.join(s):t}round(t,s=0){return parseFloat(parseFloat(t).toFixed(s))}shortClass(t){return t?t.split("\\").pop():""}title(t){return typeof t!="string"?t:t.replace(/(\w)([A-Z])/,"$1 $2").split(" ").map(s=>s[0].toUpperCase()+s.substr(1).toLowerCase()).join(" ")}}const che=(...e)=>new lhe(...e);class uhe{constructor(t){this.settings=t,this.serverVersion=null}get ignoredUpdates(){return this.settings.global.ignoredUpdateNotifications||{}}latest(){return{version:"4.1.2",url:"https://underground.works/blog/clockwork-4.1-released-with-commands-queue-jobs-tests-profiling-and-more"}}show(t){if(!(this.ignoresUpdate(t)||!this.serverVersion)&&this.versionCompare(this.latest().version,this.serverVersion)==1)return{version:this.latest().version,url:this.latest().url,currentVersion:this.serverVersion}}ignoresUpdate(t){let s=this.ignoredUpdates[t];return s&&this.versionCompare(s,this.latest().version)>=0}ignoreUpdate(t){let s=this.ignoredUpdates;s[t]=this.latest().version,this.store.set("update-notification.ignored-updates",s)}versionCompare(t,s){t=t.split(".").map(n=>parseInt(n)),s=s.split(".").map(n=>parseInt(n));for(let n=0;n<Math.max(t.length,s.length);n++){if(t[n]&&!s[n]||t[n]>s[n])return 1;if(!t[n]&&s[n]||t[n]<s[n])return-1}return 0}}const dhe=(...e)=>We(new uhe(...e));let rs;rs=ln.runningAsExtension()?new ln:new Hde;let ju=Yde(),kn=the(),Nn=ahe(ju,kn,rs),hhe=jde(kn),fhe=Gde(rs),phe=zde(Nn),Vu=Xde(rs,Nn),mhe=Zde(kn,rs),ghe=nhe(kn),vhe=che(),bhe=dhe(Nn),yhe=Jie(rs,Nn),Gu={$requests:kn,$platform:rs,$authentication:hhe,$credits:fhe,$editorLinks:phe,$onDemand:Vu,$profiler:mhe,$requestsSearch:ghe,$settings:Nn,$textFilters:vhe,$store:ju,$updateNotification:bhe,$whatsNew:yhe,$request:null,activeDetailsTab:"performance",showIncomingRequests:!0};rs.init(Gu);Vu.enableProfiling();let Ehe=Cde(Gu);Ehe.mount("#app");
 
Uncaught (in promise) Error: Extension context invalidated.

Context
devtools://devtools/bundled/devtools_app.html?remoteBase=https://chrome-devtools-frontend.appspot.com/serve_file/@fd886e2cb29dd984c13deec032832dee68d8abe3/&targetType=tab&can_dock=true
Stack Trace
assets/index-CKAiPbkH.js:77 (anonymous function)
1
2
3
4
5
6
7
8
9
10
11
12
13
14
15
16
17
18
19
20
21
22
23
24
25
26
27
28
29
30
31
32
33
34
35
36
37
38
39
40
41
42
43
44
45
46
47
48
49
50
51
52
53
54
55
56
57
58
59
60
61
62
63
64
65
66
67
68
69
70
71
72
73
74
75
76
77
78
79
(function(){const t=document.createElement("link").relList;if(t&&t.supports&&t.supports("modulepreload"))return;for(const r of document.querySelectorAll('link[rel="modulepreload"]'))n(r);new MutationObserver(r=>{for(const o of r)if(o.type==="childList")for(const i of o.addedNodes)i.tagName==="LINK"&&i.rel==="modulepreload"&&n(i)}).observe(document,{childList:!0,subtree:!0});function s(r){const o={};return r.integrity&&(o.integrity=r.integrity),r.referrerPolicy&&(o.referrerPolicy=r.referrerPolicy),r.crossOrigin==="use-credentials"?o.credentials="include":r.crossOrigin==="anonymous"?o.credentials="omit":o.credentials="same-origin",o}function n(r){if(r.ep)return;r.ep=!0;const o=s(r);fetch(r.href,o)}})();/**
* @vue/shared v3.5.13
* (c) 2018-present Yuxi (Evan) You and Vue contributors
* @license MIT
**//*! #__NO_SIDE_EFFECTS__ */function ai(e){const t=Object.create(null);for(const s of e.split(","))t[s]=1;return s=>s in t}const Ie={},Ss=[],It=()=>{},Wu=()=>!1,Hr=e=>e.charCodeAt(0)===111&&e.charCodeAt(1)===110&&(e.charCodeAt(2)>122||e.charCodeAt(2)<97),li=e=>e.startsWith("onUpdate:"),Fe=Object.assign,ci=(e,t)=>{const s=e.indexOf(t);s>-1&&e.splice(s,1)},zu=Object.prototype.hasOwnProperty,Re=(e,t)=>zu.call(e,t),de=Array.isArray,Rs=e=>wn(e)==="[object Map]",Ls=e=>wn(e)==="[object Set]",Hi=e=>wn(e)==="[object Date]",me=e=>typeof e=="function",xe=e=>typeof e=="string",Tt=e=>typeof e=="symbol",ke=e=>e!==null&&typeof e=="object",pl=e=>(ke(e)||me(e))&&me(e.then)&&me(e.catch),ml=Object.prototype.toString,wn=e=>ml.call(e),Qu=e=>wn(e).slice(8,-1),gl=e=>wn(e)==="[object Object]",ui=e=>xe(e)&&e!=="NaN"&&e[0]!=="-"&&""+parseInt(e,10)===e,Xs=ai(",key,ref,ref_for,ref_key,onVnodeBeforeMount,onVnodeMounted,onVnodeBeforeUpdate,onVnodeUpdated,onVnodeBeforeUnmount,onVnodeUnmounted"),Br=e=>{const t=Object.create(null);return s=>t[s]||(t[s]=e(s))},Yu=/-(\w)/g,bt=Br(e=>e.replace(Yu,(t,s)=>s?s.toUpperCase():"")),Ku=/\B([A-Z])/g,gs=Br(e=>e.replace(Ku,"-$1").toLowerCase()),jr=Br(e=>e.charAt(0).toUpperCase()+e.slice(1)),fo=Br(e=>e?`on${jr(e)}`:""),Zt=(e,t)=>!Object.is(e,t),Fn=(e,...t)=>{for(let s=0;s<e.length;s++)e[s](...t)},vl=(e,t,s,n=!1)=>{Object.defineProperty(e,t,{configurable:!0,enumerable:!1,writable:n,value:s})},Zn=e=>{const t=parseFloat(e);return isNaN(t)?e:t},Xu=e=>{const t=xe(e)?Number(e):NaN;return isNaN(t)?e:t};let Bi;const Vr=()=>Bi||(Bi=typeof globalThis<"u"?globalThis:typeof self<"u"?self:typeof window<"u"?window:typeof global<"u"?global:{});function ut(e){if(de(e)){const t={};for(let s=0;s<e.length;s++){const n=e[s],r=xe(n)?td(n):ut(n);if(r)for(const o in r)t[o]=r[o]}return t}else if(xe(e)||ke(e))return e}const Ju=/;(?![^(]*\))/g,Zu=/:([^]+)/,ed=/\/\*[^]*?\*\//g;function td(e){const t={};return e.replace(ed,"").split(Ju).forEach(s=>{if(s){const n=s.split(Zu);n.length>1&&(t[n[0].trim()]=n[1].trim())}}),t}function te(e){let t="";if(xe(e))t=e;else if(de(e))for(let s=0;s<e.length;s++){const n=te(e[s]);n&&(t+=n+" ")}else if(ke(e))for(const s in e)e[s]&&(t+=s+" ");return t.trim()}const sd="itemscope,allowfullscreen,formnovalidate,ismap,nomodule,novalidate,readonly",nd=ai(sd);function bl(e){return!!e||e===""}function rd(e,t){if(e.length!==t.length)return!1;let s=!0;for(let n=0;s&&n<e.length;n++)s=_n(e[n],t[n]);return s}function _n(e,t){if(e===t)return!0;let s=Hi(e),n=Hi(t);if(s||n)return s&&n?e.getTime()===t.getTime():!1;if(s=Tt(e),n=Tt(t),s||n)return e===t;if(s=de(e),n=de(t),s||n)return s&&n?rd(e,t):!1;if(s=ke(e),n=ke(t),s||n){if(!s||!n)return!1;const r=Object.keys(e).length,o=Object.keys(t).length;if(r!==o)return!1;for(const i in e){const a=e.hasOwnProperty(i),l=t.hasOwnProperty(i);if(a&&!l||!a&&l||!_n(e[i],t[i]))return!1}}return String(e)===String(t)}function di(e,t){return e.findIndex(s=>_n(s,t))}const yl=e=>!!(e&&e.__v_isRef===!0),T=e=>xe(e)?e:e==null?"":de(e)||ke(e)&&(e.toString===ml||!me(e.toString))?yl(e)?T(e.value):JSON.stringify(e,El,2):String(e),El=(e,t)=>yl(t)?El(e,t.value):Rs(t)?{[`Map(${t.size})`]:[...t.entries()].reduce((s,[n,r],o)=>(s[po(n,o)+" =>"]=r,s),{})}:Ls(t)?{[`Set(${t.size})`]:[...t.values()].map(s=>po(s))}:Tt(t)?po(t):ke(t)&&!de(t)&&!gl(t)?String(t):t,po=(e,t="")=>{var s;return Tt(e)?`Symbol(${(s=e.description)!=null?s:t})`:e};/**
* @vue/reactivity v3.5.13
* (c) 2018-present Yuxi (Evan) You and Vue contributors
* @license MIT
**/let tt;class od{constructor(t=!1){this.detached=t,this._active=!0,this.effects=[],this.cleanups=[],this._isPaused=!1,this.parent=tt,!t&&tt&&(this.index=(tt.scopes||(tt.scopes=[])).push(this)-1)}get active(){return this._active}pause(){if(this._active){this._isPaused=!0;let t,s;if(this.scopes)for(t=0,s=this.scopes.length;t<s;t++)this.scopes[t].pause();for(t=0,s=this.effects.length;t<s;t++)this.effects[t].pause()}}resume(){if(this._active&&this._isPaused){this._isPaused=!1;let t,s;if(this.scopes)for(t=0,s=this.scopes.length;t<s;t++)this.scopes[t].resume();for(t=0,s=this.effects.length;t<s;t++)this.effects[t].resume()}}run(t){if(this._active){const s=tt;try{return tt=this,t()}finally{tt=s}}}on(){tt=this}off(){tt=this.parent}stop(t){if(this._active){this._active=!1;let s,n;for(s=0,n=this.effects.length;s<n;s++)this.effects[s].stop();for(this.effects.length=0,s=0,n=this.cleanups.length;s<n;s++)this.cleanups[s]();if(this.cleanups.length=0,this.scopes){for(s=0,n=this.scopes.length;s<n;s++)this.scopes[s].stop(!0);this.scopes.length=0}if(!this.detached&&this.parent&&!t){const r=this.parent.scopes.pop();r&&r!==this&&(this.parent.scopes[this.index]=r,r.index=this.index)}this.parent=void 0}}}function Tl(){return tt}function id(e,t=!1){tt&&tt.cleanups.push(e)}let Le;const mo=new WeakSet;class wl{constructor(t){this.fn=t,this.deps=void 0,this.depsTail=void 0,this.flags=5,this.next=void 0,this.cleanup=void 0,this.scheduler=void 0,tt&&tt.active&&tt.effects.push(this)}pause(){this.flags|=64}resume(){this.flags&64&&(this.flags&=-65,mo.has(this)&&(mo.delete(this),this.trigger()))}notify(){this.flags&2&&!(this.flags&32)||this.flags&8||Sl(this)}run(){if(!(this.flags&1))return this.fn();this.flags|=2,ji(this),Rl(this);const t=Le,s=Et;Le=this,Et=!0;try{return this.fn()}finally{Cl(this),Le=t,Et=s,this.flags&=-3}}stop(){if(this.flags&1){for(let t=this.deps;t;t=t.nextDep)pi(t);this.deps=this.depsTail=void 0,ji(this),this.onStop&&this.onStop(),this.flags&=-2}}trigger(){this.flags&64?mo.add(this):this.scheduler?this.scheduler():this.runIfDirty()}runIfDirty(){Uo(this)&&this.run()}get dirty(){return Uo(this)}}let _l=0,Js,Zs;function Sl(e,t=!1){if(e.flags|=8,t){e.next=Zs,Zs=e;return}e.next=Js,Js=e}function hi(){_l++}function fi(){if(--_l>0)return;if(Zs){let t=Zs;for(Zs=void 0;t;){const s=t.next;t.next=void 0,t.flags&=-9,t=s}}let e;for(;Js;){let t=Js;for(Js=void 0;t;){const s=t.next;if(t.next=void 0,t.flags&=-9,t.flags&1)try{t.trigger()}catch(n){e||(e=n)}t=s}}if(e)throw e}function Rl(e){for(let t=e.deps;t;t=t.nextDep)t.version=-1,t.prevActiveLink=t.dep.activeLink,t.dep.activeLink=t}function Cl(e){let t,s=e.depsTail,n=s;for(;n;){const r=n.prevDep;n.version===-1?(n===s&&(s=r),pi(n),ad(n)):t=n,n.dep.activeLink=n.prevActiveLink,n.prevActiveLink=void 0,n=r}e.deps=t,e.depsTail=s}function Uo(e){for(let t=e.deps;t;t=t.nextDep)if(t.dep.version!==t.version||t.dep.computed&&(Al(t.dep.computed)||t.dep.version!==t.version))return!0;return!!e._dirty}function Al(e){if(e.flags&4&&!(e.flags&16)||(e.flags&=-17,e.globalVersion===cn))return;e.globalVersion=cn;const t=e.dep;if(e.flags|=2,t.version>0&&!e.isSSR&&e.deps&&!Uo(e)){e.flags&=-3;return}const s=Le,n=Et;Le=e,Et=!0;try{Rl(e);const r=e.fn(e._value);(t.version===0||Zt(r,e._value))&&(e._value=r,t.version++)}catch(r){throw t.version++,r}finally{Le=s,Et=n,Cl(e),e.flags&=-3}}function pi(e,t=!1){const{dep:s,prevSub:n,nextSub:r}=e;if(n&&(n.nextSub=r,e.prevSub=void 0),r&&(r.prevSub=n,e.nextSub=void 0),s.subs===e&&(s.subs=n,!n&&s.computed)){s.computed.flags&=-5;for(let o=s.computed.deps;o;o=o.nextDep)pi(o,!0)}!t&&!--s.sc&&s.map&&s.map.delete(s.key)}function ad(e){const{prevDep:t,nextDep:s}=e;t&&(t.nextDep=s,e.prevDep=void 0),s&&(s.prevDep=t,e.nextDep=void 0)}let Et=!0;const kl=[];function ss(){kl.push(Et),Et=!1}function ns(){const e=kl.pop();Et=e===void 0?!0:e}function ji(e){const{cleanup:t}=e;if(e.cleanup=void 0,t){const s=Le;Le=void 0;try{t()}finally{Le=s}}}let cn=0;class ld{constructor(t,s){this.sub=t,this.dep=s,this.version=s.version,this.nextDep=this.prevDep=this.nextSub=this.prevSub=this.prevActiveLink=void 0}}class Gr{constructor(t){this.computed=t,this.version=0,this.activeLink=void 0,this.subs=void 0,this.map=void 0,this.key=void 0,this.sc=0}track(t){if(!Le||!Et||Le===this.computed)return;let s=this.activeLink;if(s===void 0||s.sub!==Le)s=this.activeLink=new ld(Le,this),Le.deps?(s.prevDep=Le.depsTail,Le.depsTail.nextDep=s,Le.depsTail=s):Le.deps=Le.depsTail=s,Nl(s);else if(s.version===-1&&(s.version=this.version,s.nextDep)){const n=s.nextDep;n.prevDep=s.prevDep,s.prevDep&&(s.prevDep.nextDep=n),s.prevDep=Le.depsTail,s.nextDep=void 0,Le.depsTail.nextDep=s,Le.depsTail=s,Le.deps===s&&(Le.deps=n)}return s}trigger(t){this.version++,cn++,this.notify(t)}notify(t){hi();try{for(let s=this.subs;s;s=s.prevSub)s.sub.notify()&&s.sub.dep.notify()}finally{fi()}}}function Nl(e){if(e.dep.sc++,e.sub.flags&4){const t=e.dep.computed;if(t&&!e.dep.subs){t.flags|=20;for(let n=t.deps;n;n=n.nextDep)Nl(n)}const s=e.dep.subs;s!==e&&(e.prevSub=s,s&&(s.nextSub=e)),e.dep.subs=e}}const er=new WeakMap,fs=Symbol(""),Fo=Symbol(""),un=Symbol("");function Xe(e,t,s){if(Et&&Le){let n=er.get(e);n||er.set(e,n=new Map);let r=n.get(s);r||(n.set(s,r=new Gr),r.map=n,r.key=s),r.track()}}function xt(e,t,s,n,r,o){const i=er.get(e);if(!i){cn++;return}const a=l=>{l&&l.trigger()};if(hi(),t==="clear")i.forEach(a);else{const l=de(e),h=l&&ui(s);if(l&&s==="length"){const d=Number(n);i.forEach((p,g)=>{(g==="length"||g===un||!Tt(g)&&g>=d)&&a(p)})}else switch((s!==void 0||i.has(void 0))&&a(i.get(s)),h&&a(i.get(un)),t){case"add":l?h&&a(i.get("length")):(a(i.get(fs)),Rs(e)&&a(i.get(Fo)));break;case"delete":l||(a(i.get(fs)),Rs(e)&&a(i.get(Fo)));break;case"set":Rs(e)&&a(i.get(fs));break}}fi()}function cd(e,t){const s=er.get(e);return s&&s.get(t)}function ys(e){const t=_e(e);return t===e?t:(Xe(t,"iterate",un),vt(e)?t:t.map(Je))}function Wr(e){return Xe(e=_e(e),"iterate",un),e}const ud={__proto__:null,[Symbol.iterator](){return go(this,Symbol.iterator,Je)},concat(...e){return ys(this).concat(...e.map(t=>de(t)?ys(t):t))},entries(){return go(this,"entries",e=>(e[1]=Je(e[1]),e))},every(e,t){return Lt(this,"every",e,t,void 0,arguments)},filter(e,t){return Lt(this,"filter",e,t,s=>s.map(Je),arguments)},find(e,t){return Lt(this,"find",e,t,Je,arguments)},findIndex(e,t){return Lt(this,"findIndex",e,t,void 0,arguments)},findLast(e,t){return Lt(this,"findLast",e,t,Je,arguments)},findLastIndex(e,t){return Lt(this,"findLastIndex",e,t,void 0,arguments)},forEach(e,t){return Lt(this,"forEach",e,t,void 0,arguments)},includes(...e){return vo(this,"includes",e)},indexOf(...e){return vo(this,"indexOf",e)},join(e){return ys(this).join(e)},lastIndexOf(...e){return vo(this,"lastIndexOf",e)},map(e,t){return Lt(this,"map",e,t,void 0,arguments)},pop(){return Us(this,"pop")},push(...e){return Us(this,"push",e)},reduce(e,...t){return Vi(this,"reduce",e,t)},reduceRight(e,...t){return Vi(this,"reduceRight",e,t)},shift(){return Us(this,"shift")},some(e,t){return Lt(this,"some",e,t,void 0,arguments)},splice(...e){return Us(this,"splice",e)},toReversed(){return ys(this).toReversed()},toSorted(e){return ys(this).toSorted(e)},toSpliced(...e){return ys(this).toSpliced(...e)},unshift(...e){return Us(this,"unshift",e)},values(){return go(this,"values",Je)}};function go(e,t,s){const n=Wr(e),r=n[t]();return n!==e&&!vt(e)&&(r._next=r.next,r.next=()=>{const o=r._next();return o.value&&(o.value=s(o.value)),o}),r}const dd=Array.prototype;function Lt(e,t,s,n,r,o){const i=Wr(e),a=i!==e&&!vt(e),l=i[t];if(l!==dd[t]){const p=l.apply(e,o);return a?Je(p):p}let h=s;i!==e&&(a?h=function(p,g){return s.call(this,Je(p),g,e)}:s.length>2&&(h=function(p,g){return s.call(this,p,g,e)}));const d=l.call(i,h,n);return a&&r?r(d):d}function Vi(e,t,s,n){const r=Wr(e);let o=s;return r!==e&&(vt(e)?s.length>3&&(o=function(i,a,l){return s.call(this,i,a,l,e)}):o=function(i,a,l){return s.call(this,i,Je(a),l,e)}),r[t](o,...n)}function vo(e,t,s){const n=_e(e);Xe(n,"iterate",un);const r=n[t](...s);return(r===-1||r===!1)&&bi(s[0])?(s[0]=_e(s[0]),n[t](...s)):r}function Us(e,t,s=[]){ss(),hi();const n=_e(e)[t].apply(e,s);return fi(),ns(),n}const hd=ai("__proto__,__v_isRef,__isVue"),Ol=new Set(Object.getOwnPropertyNames(Symbol).filter(e=>e!=="arguments"&&e!=="caller").map(e=>Symbol[e]).filter(Tt));function fd(e){Tt(e)||(e=String(e));const t=_e(this);return Xe(t,"has",e),t.hasOwnProperty(e)}class Il{constructor(t=!1,s=!1){this._isReadonly=t,this._isShallow=s}get(t,s,n){if(s==="__v_skip")return t.__v_skip;const r=this._isReadonly,o=this._isShallow;if(s==="__v_isReactive")return!r;if(s==="__v_isReadonly")return r;if(s==="__v_isShallow")return o;if(s==="__v_raw")return n===(r?o?_d:Dl:o?ql:Ll).get(t)||Object.getPrototypeOf(t)===Object.getPrototypeOf(n)?t:void 0;const i=de(t);if(!r){let l;if(i&&(l=ud[s]))return l;if(s==="hasOwnProperty")return fd}const a=Reflect.get(t,s,je(t)?t:n);return(Tt(s)?Ol.has(s):hd(s))||(r||Xe(t,"get",s),o)?a:je(a)?i&&ui(s)?a:a.value:ke(a)?r?gi(a):ps(a):a}}class $l extends Il{constructor(t=!1){super(!1,t)}set(t,s,n,r){let o=t[s];if(!this._isShallow){const l=ms(o);if(!vt(n)&&!ms(n)&&(o=_e(o),n=_e(n)),!de(t)&&je(o)&&!je(n))return l?!1:(o.value=n,!0)}const i=de(t)&&ui(s)?Number(s)<t.length:Re(t,s),a=Reflect.set(t,s,n,je(t)?t:r);return t===_e(r)&&(i?Zt(n,o)&&xt(t,"set",s,n):xt(t,"add",s,n)),a}deleteProperty(t,s){const n=Re(t,s);t[s];const r=Reflect.deleteProperty(t,s);return r&&n&&xt(t,"delete",s,void 0),r}has(t,s){const n=Reflect.has(t,s);return(!Tt(s)||!Ol.has(s))&&Xe(t,"has",s),n}ownKeys(t){return Xe(t,"iterate",de(t)?"length":fs),Reflect.ownKeys(t)}}class pd extends Il{constructor(t=!1){super(!0,t)}set(t,s){return!0}deleteProperty(t,s){return!0}}const md=new $l,gd=new pd,vd=new $l(!0);const Ho=e=>e,On=e=>Reflect.getPrototypeOf(e);function bd(e,t,s){return function(...n){const r=this.__v_raw,o=_e(r),i=Rs(o),a=e==="entries"||e===Symbol.iterator&&i,l=e==="keys"&&i,h=r[e](...n),d=s?Ho:t?Bo:Je;return!t&&Xe(o,"iterate",l?Fo:fs),{next(){const{value:p,done:g}=h.next();return g?{value:p,done:g}:{value:a?[d(p[0]),d(p[1])]:d(p),done:g}},[Symbol.iterator](){return this}}}}function In(e){return function(...t){return e==="delete"?!1:e==="clear"?void 0:this}}function yd(e,t){const s={get(r){const o=this.__v_raw,i=_e(o),a=_e(r);e||(Zt(r,a)&&Xe(i,"get",r),Xe(i,"get",a));const{has:l}=On(i),h=t?Ho:e?Bo:Je;if(l.call(i,r))return h(o.get(r));if(l.call(i,a))return h(o.get(a));o!==i&&o.get(r)},get size(){const r=this.__v_raw;return!e&&Xe(_e(r),"iterate",fs),Reflect.get(r,"size",r)},has(r){const o=this.__v_raw,i=_e(o),a=_e(r);return e||(Zt(r,a)&&Xe(i,"has",r),Xe(i,"has",a)),r===a?o.has(r):o.has(r)||o.has(a)},forEach(r,o){const i=this,a=i.__v_raw,l=_e(a),h=t?Ho:e?Bo:Je;return!e&&Xe(l,"iterate",fs),a.forEach((d,p)=>r.call(o,h(d),h(p),i))}};return Fe(s,e?{add:In("add"),set:In("set"),delete:In("delete"),clear:In("clear")}:{add(r){!t&&!vt(r)&&!ms(r)&&(r=_e(r));const o=_e(this);return On(o).has.call(o,r)||(o.add(r),xt(o,"add",r,r)),this},set(r,o){!t&&!vt(o)&&!ms(o)&&(o=_e(o));const i=_e(this),{has:a,get:l}=On(i);let h=a.call(i,r);h||(r=_e(r),h=a.call(i,r));const d=l.call(i,r);return i.set(r,o),h?Zt(o,d)&&xt(i,"set",r,o):xt(i,"add",r,o),this},delete(r){const o=_e(this),{has:i,get:a}=On(o);let l=i.call(o,r);l||(r=_e(r),l=i.call(o,r)),a&&a.call(o,r);const h=o.delete(r);return l&&xt(o,"delete",r,void 0),h},clear(){const r=_e(this),o=r.size!==0,i=r.clear();return o&&xt(r,"clear",void 0,void 0),i}}),["keys","values","entries",Symbol.iterator].forEach(r=>{s[r]=bd(r,e,t)}),s}function mi(e,t){const s=yd(e,t);return(n,r,o)=>r==="__v_isReactive"?!e:r==="__v_isReadonly"?e:r==="__v_raw"?n:Reflect.get(Re(s,r)&&r in n?s:n,r,o)}const Ed={get:mi(!1,!1)},Td={get:mi(!1,!0)},wd={get:mi(!0,!1)};const Ll=new WeakMap,ql=new WeakMap,Dl=new WeakMap,_d=new WeakMap;function Sd(e){switch(e){case"Object":case"Array":return 1;case"Map":case"Set":case"WeakMap":case"WeakSet":return 2;default:return 0}}function Rd(e){return e.__v_skip||!Object.isExtensible(e)?0:Sd(Qu(e))}function ps(e){return ms(e)?e:vi(e,!1,md,Ed,Ll)}function We(e){return vi(e,!1,vd,Td,ql)}function gi(e){return vi(e,!0,gd,wd,Dl)}function vi(e,t,s,n,r){if(!ke(e)||e.__v_raw&&!(t&&e.__v_isReactive))return e;const o=r.get(e);if(o)return o;const i=Rd(e);if(i===0)return e;const a=new Proxy(e,i===2?n:s);return r.set(e,a),a}function Cs(e){return ms(e)?Cs(e.__v_raw):!!(e&&e.__v_isReactive)}function ms(e){return!!(e&&e.__v_isReadonly)}function vt(e){return!!(e&&e.__v_isShallow)}function bi(e){return e?!!e.__v_raw:!1}function _e(e){const t=e&&e.__v_raw;return t?_e(t):e}function Cd(e){return!Re(e,"__v_skip")&&Object.isExtensible(e)&&vl(e,"__v_skip",!0),e}const Je=e=>ke(e)?ps(e):e,Bo=e=>ke(e)?gi(e):e;function je(e){return e?e.__v_isRef===!0:!1}function zr(e){return Ad(e,!1)}function Ad(e,t){return je(e)?e:new kd(e,t)}class kd{constructor(t,s){this.dep=new Gr,this.__v_isRef=!0,this.__v_isShallow=!1,this._rawValue=s?t:_e(t),this._value=s?t:Je(t),this.__v_isShallow=s}get value(){return this.dep.track(),this._value}set value(t){const s=this._rawValue,n=this.__v_isShallow||vt(t)||ms(t);t=n?t:_e(t),Zt(t,s)&&(this._rawValue=t,this._value=n?t:Je(t),this.dep.trigger())}}function Pl(e){return je(e)?e.value:e}function es(e){return me(e)?e():Pl(e)}const Nd={get:(e,t,s)=>t==="__v_raw"?e:Pl(Reflect.get(e,t,s)),set:(e,t,s,n)=>{const r=e[t];return je(r)&&!je(s)?(r.value=s,!0):Reflect.set(e,t,s,n)}};function xl(e){return Cs(e)?e:new Proxy(e,Nd)}class Od{constructor(t){this.__v_isRef=!0,this._value=void 0;const s=this.dep=new Gr,{get:n,set:r}=t(s.track.bind(s),s.trigger.bind(s));this._get=n,this._set=r}get value(){return this._value=this._get()}set value(t){this._set(t)}}function Id(e){return new Od(e)}class $d{constructor(t,s,n){this._object=t,this._key=s,this._defaultValue=n,this.__v_isRef=!0,this._value=void 0}get value(){const t=this._object[this._key];return this._value=t===void 0?this._defaultValue:t}set value(t){this._object[this._key]=t}get dep(){return cd(_e(this._object),this._key)}}class Ld{constructor(t){this._getter=t,this.__v_isRef=!0,this.__v_isReadonly=!0,this._value=void 0}get value(){return this._value=this._getter()}}function qd(e,t,s){return je(e)?e:me(e)?new Ld(e):ke(e)&&arguments.length>1?Dd(e,t,s):zr(e)}function Dd(e,t,s){const n=e[t];return je(n)?n:new $d(e,t,s)}class Pd{constructor(t,s,n){this.fn=t,this.setter=s,this._value=void 0,this.dep=new Gr(this),this.__v_isRef=!0,this.deps=void 0,this.depsTail=void 0,this.flags=16,this.globalVersion=cn-1,this.next=void 0,this.effect=this,this.__v_isReadonly=!s,this.isSSR=n}notify(){if(this.flags|=16,!(this.flags&8)&&Le!==this)return Sl(this,!0),!0}get value(){const t=this.dep.track();return Al(this),t&&(t.version=this.dep.version),this._value}set value(t){this.setter&&this.setter(t)}}function xd(e,t,s=!1){let n,r;return me(e)?n=e:(n=e.get,r=e.set),new Pd(n,r,s)}const $n={},tr=new WeakMap;let cs;function Md(e,t=!1,s=cs){if(s){let n=tr.get(s);n||tr.set(s,n=[]),n.push(e)}}function Ud(e,t,s=Ie){const{immediate:n,deep:r,once:o,scheduler:i,augmentJob:a,call:l}=s,h=O=>r?O:vt(O)||r===!1||r===0?Mt(O,1):Mt(O);let d,p,g,y,A=!1,k=!1;if(je(e)?(p=()=>e.value,A=vt(e)):Cs(e)?(p=()=>h(e),A=!0):de(e)?(k=!0,A=e.some(O=>Cs(O)||vt(O)),p=()=>e.map(O=>{if(je(O))return O.value;if(Cs(O))return h(O);if(me(O))return l?l(O,2):O()})):me(e)?t?p=l?()=>l(e,2):e:p=()=>{if(g){ss();try{g()}finally{ns()}}const O=cs;cs=d;try{return l?l(e,3,[y]):e(y)}finally{cs=O}}:p=It,t&&r){const O=p,q=r===!0?1/0:r;p=()=>Mt(O(),q)}const j=Tl(),W=()=>{d.stop(),j&&j.active&&ci(j.effects,d)};if(o&&t){const O=t;t=(...q)=>{O(...q),W()}}let C=k?new Array(e.length).fill($n):$n;const R=O=>{if(!(!(d.flags&1)||!d.dirty&&!O))if(t){const q=d.run();if(r||A||(k?q.some((L,Q)=>Zt(L,C[Q])):Zt(q,C))){g&&g();const L=cs;cs=d;try{const Q=[q,C===$n?void 0:k&&C[0]===$n?[]:C,y];l?l(t,3,Q):t(...Q),C=q}finally{cs=L}}}else d.run()};return a&&a(R),d=new wl(p),d.scheduler=i?()=>i(R,!1):R,y=O=>Md(O,!1,d),g=d.onStop=()=>{const O=tr.get(d);if(O){if(l)l(O,4);else for(const q of O)q();tr.delete(d)}},t?n?R(!0):C=d.run():i?i(R.bind(null,!0),!0):d.run(),W.pause=d.pause.bind(d),W.resume=d.resume.bind(d),W.stop=W,W}function Mt(e,t=1/0,s){if(t<=0||!ke(e)||e.__v_skip||(s=s||new Set,s.has(e)))return e;if(s.add(e),t--,je(e))Mt(e.value,t,s);else if(de(e))for(let n=0;n<e.length;n++)Mt(e[n],t,s);else if(Ls(e)||Rs(e))e.forEach(n=>{Mt(n,t,s)});else if(gl(e)){for(const n in e)Mt(e[n],t,s);for(const n of Object.getOwnPropertySymbols(e))Object.prototype.propertyIsEnumerable.call(e,n)&&Mt(e[n],t,s)}return e}/**
* @vue/runtime-core v3.5.13
* (c) 2018-present Yuxi (Evan) You and Vue contributors
* @license MIT
**/function Sn(e,t,s,n){try{return n?e(...n):e()}catch(r){Qr(r,t,s)}}function wt(e,t,s,n){if(me(e)){const r=Sn(e,t,s,n);return r&&pl(r)&&r.catch(o=>{Qr(o,t,s)}),r}if(de(e)){const r=[];for(let o=0;o<e.length;o++)r.push(wt(e[o],t,s,n));return r}}function Qr(e,t,s,n=!0){const r=t?t.vnode:null,{errorHandler:o,throwUnhandledErrorInProduction:i}=t&&t.appContext.config||Ie;if(t){let a=t.parent;const l=t.proxy,h=`https://vuejs.org/error-reference/#runtime-${s}`;for(;a;){const d=a.ec;if(d){for(let p=0;p<d.length;p++)if(d[p](e,l,h)===!1)return}a=a.parent}if(o){ss(),Sn(o,null,10,[e,l,h]),ns();return}}Fd(e,s,r,n,i)}function Fd(e,t,s,n=!0,r=!1){if(r)throw e;console.error(e)}const st=[];let Rt=-1;const As=[];let Wt=null,ws=0;const Ml=Promise.resolve();let sr=null;function Yr(e){const t=sr||Ml;return e?t.then(this?e.bind(this):e):t}function Hd(e){let t=Rt+1,s=st.length;for(;t<s;){const n=t+s>>>1,r=st[n],o=dn(r);o<e||o===e&&r.flags&2?t=n+1:s=n}return t}function yi(e){if(!(e.flags&1)){const t=dn(e),s=st[st.length-1];!s||!(e.flags&2)&&t>=dn(s)?st.push(e):st.splice(Hd(t),0,e),e.flags|=1,Ul()}}function Ul(){sr||(sr=Ml.then(Hl))}function Bd(e){de(e)?As.push(...e):Wt&&e.id===-1?Wt.splice(ws+1,0,e):e.flags&1||(As.push(e),e.flags|=1),Ul()}function Gi(e,t,s=Rt+1){for(;s<st.length;s++){const n=st[s];if(n&&n.flags&2){if(e&&n.id!==e.uid)continue;st.splice(s,1),s--,n.flags&4&&(n.flags&=-2),n(),n.flags&4||(n.flags&=-2)}}}function Fl(e){if(As.length){const t=[...new Set(As)].sort((s,n)=>dn(s)-dn(n));if(As.length=0,Wt){Wt.push(...t);return}for(Wt=t,ws=0;ws<Wt.length;ws++){const s=Wt[ws];s.flags&4&&(s.flags&=-2),s.flags&8||s(),s.flags&=-2}Wt=null,ws=0}}const dn=e=>e.id==null?e.flags&2?-1:1/0:e.id;function Hl(e){try{for(Rt=0;Rt<st.length;Rt++){const t=st[Rt];t&&!(t.flags&8)&&(t.flags&4&&(t.flags&=-2),Sn(t,t.i,t.i?15:14),t.flags&4||(t.flags&=-2))}}finally{for(;Rt<st.length;Rt++){const t=st[Rt];t&&(t.flags&=-2)}Rt=-1,st.length=0,Fl(),sr=null,(st.length||As.length)&&Hl()}}let Be=null,Bl=null;function nr(e){const t=Be;return Be=e,Bl=e&&e.type.__scopeId||null,t}function ce(e,t=Be,s){if(!t||e._n)return e;const n=(...r)=>{n._d&&ta(-1);const o=nr(t);let i;try{i=e(...r)}finally{nr(o),n._d&&ta(1)}return i};return n._n=!0,n._c=!0,n._d=!0,n}function Oe(e,t){if(Be===null)return e;const s=eo(Be),n=e.dirs||(e.dirs=[]);for(let r=0;r<t.length;r++){let[o,i,a,l=Ie]=t[r];o&&(me(o)&&(o={mounted:o,updated:o}),o.deep&&Mt(i),n.push({dir:o,instance:s,value:i,oldValue:void 0,arg:a,modifiers:l}))}return e}function os(e,t,s,n){const r=e.dirs,o=t&&t.dirs;for(let i=0;i<r.length;i++){const a=r[i];o&&(a.oldValue=o[i].value);let l=a.dir[n];l&&(ss(),wt(l,s,8,[e.el,a,e,t]),ns())}}const jd=Symbol("_vte"),jl=e=>e.__isTeleport,zt=Symbol("_leaveCb"),Ln=Symbol("_enterCb");function Vd(){const e={isMounted:!1,isLeaving:!1,isUnmounting:!1,leavingVNodes:new Map};return Xl(()=>{e.isMounted=!0}),Jl(()=>{e.isUnmounting=!0}),e}const ft=[Function,Array],Vl={mode:String,appear:Boolean,persisted:Boolean,onBeforeEnter:ft,onEnter:ft,onAfterEnter:ft,onEnterCancelled:ft,onBeforeLeave:ft,onLeave:ft,onAfterLeave:ft,onLeaveCancelled:ft,onBeforeAppear:ft,onAppear:ft,onAfterAppear:ft,onAppearCancelled:ft},Gl=e=>{const t=e.subTree;return t.component?Gl(t.component):t},Gd={name:"BaseTransition",props:Vl,setup(e,{slots:t}){const s=Bh(),n=Vd();return()=>{const r=t.default&&Ql(t.default(),!0);if(!r||!r.length)return;const o=Wl(r),i=_e(e),{mode:a}=i;if(n.isLeaving)return bo(o);const l=Wi(o);if(!l)return bo(o);let h=jo(l,i,n,s,p=>h=p);l.type!==nt&&hn(l,h);let d=s.subTree&&Wi(s.subTree);if(d&&d.type!==nt&&!ds(l,d)&&Gl(s).type!==nt){let p=jo(d,i,n,s);if(hn(d,p),a==="out-in"&&l.type!==nt)return n.isLeaving=!0,p.afterLeave=()=>{n.isLeaving=!1,s.job.flags&8||s.update(),delete p.afterLeave,d=void 0},bo(o);a==="in-out"&&l.type!==nt?p.delayLeave=(g,y,A)=>{const k=zl(n,d);k[String(d.key)]=d,g[zt]=()=>{y(),g[zt]=void 0,delete h.delayedLeave,d=void 0},h.delayedLeave=()=>{A(),delete h.delayedLeave,d=void 0}}:d=void 0}else d&&(d=void 0);return o}}};function Wl(e){let t=e[0];if(e.length>1){for(const s of e)if(s.type!==nt){t=s;break}}return t}const Wd=Gd;function zl(e,t){const{leavingVNodes:s}=e;let n=s.get(t.type);return n||(n=Object.create(null),s.set(t.type,n)),n}function jo(e,t,s,n,r){const{appear:o,mode:i,persisted:a=!1,onBeforeEnter:l,onEnter:h,onAfterEnter:d,onEnterCancelled:p,onBeforeLeave:g,onLeave:y,onAfterLeave:A,onLeaveCancelled:k,onBeforeAppear:j,onAppear:W,onAfterAppear:C,onAppearCancelled:R}=t,O=String(e.key),q=zl(s,e),L=(P,V)=>{P&&wt(P,n,9,V)},Q=(P,V)=>{const F=V[1];L(P,V),de(P)?P.every(M=>M.length<=1)&&F():P.length<=1&&F()},oe={mode:i,persisted:a,beforeEnter(P){let V=l;if(!s.isMounted)if(o)V=j||l;else return;P[zt]&&P[zt](!0);const F=q[O];F&&ds(e,F)&&F.el[zt]&&F.el[zt](),L(V,[P])},enter(P){let V=h,F=d,M=p;if(!s.isMounted)if(o)V=W||h,F=C||d,M=R||p;else return;let c=!1;const m=P[Ln]=b=>{c||(c=!0,b?L(M,[P]):L(F,[P]),oe.delayedLeave&&oe.delayedLeave(),P[Ln]=void 0)};V?Q(V,[P,m]):m()},leave(P,V){const F=String(e.key);if(P[Ln]&&P[Ln](!0),s.isUnmounting)return V();L(g,[P]);let M=!1;const c=P[zt]=m=>{M||(M=!0,V(),m?L(k,[P]):L(A,[P]),P[zt]=void 0,q[F]===e&&delete q[F])};q[F]=e,y?Q(y,[P,c]):c()},clone(P){const V=jo(P,t,s,n,r);return r&&r(V),V}};return oe}function bo(e){if(Kr(e))return e=ts(e),e.children=null,e}function Wi(e){if(!Kr(e))return jl(e.type)&&e.children?Wl(e.children):e;const{shapeFlag:t,children:s}=e;if(s){if(t&16)return s[0];if(t&32&&me(s.default))return s.default()}}function hn(e,t){e.shapeFlag&6&&e.component?(e.transition=t,hn(e.component.subTree,t)):e.shapeFlag&128?(e.ssContent.transition=t.clone(e.ssContent),e.ssFallback.transition=t.clone(e.ssFallback)):e.transition=t}function Ql(e,t=!1,s){let n=[],r=0;for(let o=0;o<e.length;o++){let i=e[o];const a=s==null?i.key:String(s)+String(i.key!=null?i.key:o);i.type===B?(i.patchFlag&128&&r++,n=n.concat(Ql(i.children,t,a))):(t||i.type!==nt)&&n.push(a!=null?ts(i,{key:a}):i)}if(r>1)for(let o=0;o<n.length;o++)n[o].patchFlag=-2;return n}function Yl(e){e.ids=[e.ids[0]+e.ids[2]+++"-",0,0]}function rr(e,t,s,n,r=!1){if(de(e)){e.forEach((A,k)=>rr(A,t&&(de(t)?t[k]:t),s,n,r));return}if(ks(n)&&!r){n.shapeFlag&512&&n.type.__asyncResolved&&n.component.subTree.component&&rr(e,t,s,n.component.subTree);return}const o=n.shapeFlag&4?eo(n.component):n.el,i=r?null:o,{i:a,r:l}=e,h=t&&t.r,d=a.refs===Ie?a.refs={}:a.refs,p=a.setupState,g=_e(p),y=p===Ie?()=>!1:A=>Re(g,A);if(h!=null&&h!==l&&(xe(h)?(d[h]=null,y(h)&&(p[h]=null)):je(h)&&(h.value=null)),me(l))Sn(l,a,12,[i,d]);else{const A=xe(l),k=je(l);if(A||k){const j=()=>{if(e.f){const W=A?y(l)?p[l]:d[l]:l.value;r?de(W)&&ci(W,o):de(W)?W.includes(o)||W.push(o):A?(d[l]=[o],y(l)&&(p[l]=d[l])):(l.value=[o],e.k&&(d[e.k]=l.value))}else A?(d[l]=i,y(l)&&(p[l]=i)):k&&(l.value=i,e.k&&(d[e.k]=i))};i?(j.id=-1,at(j,s)):j()}}}Vr().requestIdleCallback;Vr().cancelIdleCallback;const ks=e=>!!e.type.__asyncLoader,Kr=e=>e.type.__isKeepAlive;function zd(e,t){Kl(e,"a",t)}function Qd(e,t){Kl(e,"da",t)}function Kl(e,t,s=Ge){const n=e.__wdc||(e.__wdc=()=>{let r=s;for(;r;){if(r.isDeactivated)return;r=r.parent}return e()});if(Xr(t,n,s),s){let r=s.parent;for(;r&&r.parent;)Kr(r.parent.vnode)&&Yd(n,t,s,r),r=r.parent}}function Yd(e,t,s,n){const r=Xr(t,e,n,!0);Zl(()=>{ci(n[t],r)},s)}function Xr(e,t,s=Ge,n=!1){if(s){const r=s[e]||(s[e]=[]),o=t.__weh||(t.__weh=(...i)=>{ss();const a=Rn(s),l=wt(t,s,e,i);return a(),ns(),l});return n?r.unshift(o):r.push(o),o}}const Bt=e=>(t,s=Ge)=>{(!mn||e==="sp")&&Xr(e,(...n)=>t(...n),s)},Kd=Bt("bm"),Xl=Bt("m"),Xd=Bt("bu"),Jd=Bt("u"),Jl=Bt("bum"),Zl=Bt("um"),Zd=Bt("sp"),eh=Bt("rtg"),th=Bt("rtc");function sh(e,t=Ge){Xr("ec",e,t)}const ec="components",nh="directives";function $(e,t){return sc(ec,e,!0,t)||e}const rh=Symbol.for("v-ndc");function tc(e){return sc(nh,e)}function sc(e,t,s=!0,n=!1){const r=Be||Ge;if(r){const o=r.type;if(e===ec){const a=zh(o,!1);if(a&&(a===t||a===bt(t)||a===jr(bt(t))))return o}const i=zi(r[e]||o[e],t)||zi(r.appContext[e],t);return!i&&n?o:i}}function zi(e,t){return e&&(e[t]||e[bt(t)]||e[jr(bt(t))])}function le(e,t,s,n){let r;const o=s,i=de(e);if(i||xe(e)){const a=i&&Cs(e);let l=!1;a&&(l=!vt(e),e=Wr(e)),r=new Array(e.length);for(let h=0,d=e.length;h<d;h++)r[h]=t(l?Je(e[h]):e[h],h,void 0,o)}else if(typeof e=="number"){r=new Array(e);for(let a=0;a<e;a++)r[a]=t(a+1,a,void 0,o)}else if(ke(e))if(e[Symbol.iterator])r=Array.from(e,(a,l)=>t(a,l,void 0,o));else{const a=Object.keys(e);r=new Array(a.length);for(let l=0,h=a.length;l<h;l++){const d=a[l];r[l]=t(e[d],d,l,o)}}else r=[];return r}function oh(e,t){for(let s=0;s<t.length;s++){const n=t[s];if(de(n))for(let r=0;r<n.length;r++)e[n[r].name]=n[r].fn;else n&&(e[n.name]=n.key?(...r)=>{const o=n.fn(...r);return o&&(o.key=n.key),o}:n.fn)}return e}function $t(e,t,s={},n,r){if(Be.ce||Be.parent&&ks(Be.parent)&&Be.parent.ce)return t!=="default"&&(s.name=t),f(),J(B,null,[D("slot",s,n&&n())],64);let o=e[t];o&&o._c&&(o._d=!1),f();const i=o&&nc(o(s)),a=s.key||i&&i.key,l=J(B,{key:(a&&!Tt(a)?a:`_${t}`)+(!i&&n?"_fb":"")},i||(n?n():[]),i&&e._===1?64:-2);return l.scopeId&&(l.slotScopeIds=[l.scopeId+"-s"]),o&&o._c&&(o._d=!0),l}function nc(e){return e.some(t=>pn(t)?!(t.type===nt||t.type===B&&!nc(t.children)):!0)?e:null}const Vo=e=>e?_c(e)?eo(e):Vo(e.parent):null,en=Fe(Object.create(null),{$:e=>e,$el:e=>e.vnode.el,$data:e=>e.data,$props:e=>e.props,$attrs:e=>e.attrs,$slots:e=>e.slots,$refs:e=>e.refs,$parent:e=>Vo(e.parent),$root:e=>Vo(e.root),$host:e=>e.ce,$emit:e=>e.emit,$options:e=>Ei(e),$forceUpdate:e=>e.f||(e.f=()=>{yi(e.update)}),$nextTick:e=>e.n||(e.n=Yr.bind(e.proxy)),$watch:e=>Ah.bind(e)}),yo=(e,t)=>e!==Ie&&!e.__isScriptSetup&&Re(e,t),ih={get({_:e},t){if(t==="__v_skip")return!0;const{ctx:s,setupState:n,data:r,props:o,accessCache:i,type:a,appContext:l}=e;let h;if(t[0]!=="$"){const y=i[t];if(y!==void 0)switch(y){case 1:return n[t];case 2:return r[t];case 4:return s[t];case 3:return o[t]}else{if(yo(n,t))return i[t]=1,n[t];if(r!==Ie&&Re(r,t))return i[t]=2,r[t];if((h=e.propsOptions[0])&&Re(h,t))return i[t]=3,o[t];if(s!==Ie&&Re(s,t))return i[t]=4,s[t];Go&&(i[t]=0)}}const d=en[t];let p,g;if(d)return t==="$attrs"&&Xe(e.attrs,"get",""),d(e);if((p=a.__cssModules)&&(p=p[t]))return p;if(s!==Ie&&Re(s,t))return i[t]=4,s[t];if(g=l.config.globalProperties,Re(g,t))return g[t]},set({_:e},t,s){const{data:n,setupState:r,ctx:o}=e;return yo(r,t)?(r[t]=s,!0):n!==Ie&&Re(n,t)?(n[t]=s,!0):Re(e.props,t)||t[0]==="$"&&t.slice(1)in e?!1:(o[t]=s,!0)},has({_:{data:e,setupState:t,accessCache:s,ctx:n,appContext:r,propsOptions:o}},i){let a;return!!s[i]||e!==Ie&&Re(e,i)||yo(t,i)||(a=o[0])&&Re(a,i)||Re(n,i)||Re(en,i)||Re(r.config.globalProperties,i)},defineProperty(e,t,s){return s.get!=null?e._.accessCache[t]=0:Re(s,"value")&&this.set(e,t,s.value,null),Reflect.defineProperty(e,t,s)}};function Qi(e){return de(e)?e.reduce((t,s)=>(t[s]=null,t),{}):e}let Go=!0;function ah(e){const t=Ei(e),s=e.proxy,n=e.ctx;Go=!1,t.beforeCreate&&Yi(t.beforeCreate,e,"bc");const{data:r,computed:o,methods:i,watch:a,provide:l,inject:h,created:d,beforeMount:p,mounted:g,beforeUpdate:y,updated:A,activated:k,deactivated:j,beforeDestroy:W,beforeUnmount:C,destroyed:R,unmounted:O,render:q,renderTracked:L,renderTriggered:Q,errorCaptured:oe,serverPrefetch:P,expose:V,inheritAttrs:F,components:M,directives:c,filters:m}=t;if(h&&lh(h,n,null),i)for(const N in i){const I=i[N];me(I)&&(n[N]=I.bind(s))}if(r){const N=r.call(s,s);ke(N)&&(e.data=ps(N))}if(Go=!0,o)for(const N in o){const I=o[N],U=me(I)?I.bind(s,s):me(I.get)?I.get.bind(s,s):It,H=!me(I)&&me(I.set)?I.set.bind(s):It,Z=Rc({get:U,set:H});Object.defineProperty(n,N,{enumerable:!0,configurable:!0,get:()=>Z.value,set:ae=>Z.value=ae})}if(a)for(const N in a)rc(a[N],n,s,N);if(l){const N=me(l)?l.call(s):l;Reflect.ownKeys(N).forEach(I=>{ph(I,N[I])})}d&&Yi(d,e,"c");function _(N,I){de(I)?I.forEach(U=>N(U.bind(s))):I&&N(I.bind(s))}if(_(Kd,p),_(Xl,g),_(Xd,y),_(Jd,A),_(zd,k),_(Qd,j),_(sh,oe),_(th,L),_(eh,Q),_(Jl,C),_(Zl,O),_(Zd,P),de(V))if(V.length){const N=e.exposed||(e.exposed={});V.forEach(I=>{Object.defineProperty(N,I,{get:()=>s[I],set:U=>s[I]=U})})}else e.exposed||(e.exposed={});q&&e.render===It&&(e.render=q),F!=null&&(e.inheritAttrs=F),M&&(e.components=M),c&&(e.directives=c),P&&Yl(e)}function lh(e,t,s=It){de(e)&&(e=Wo(e));for(const n in e){const r=e[n];let o;ke(r)?"default"in r?o=Hn(r.from||n,r.default,!0):o=Hn(r.from||n):o=Hn(r),je(o)?Object.defineProperty(t,n,{enumerable:!0,configurable:!0,get:()=>o.value,set:i=>o.value=i}):t[n]=o}}function Yi(e,t,s){wt(de(e)?e.map(n=>n.bind(t.proxy)):e.bind(t.proxy),t,s)}function rc(e,t,s,n){let r=n.includes(".")?bc(s,n):()=>s[n];if(xe(e)){const o=t[e];me(o)&&Os(r,o)}else if(me(e))Os(r,e.bind(s));else if(ke(e))if(de(e))e.forEach(o=>rc(o,t,s,n));else{const o=me(e.handler)?e.handler.bind(s):t[e.handler];me(o)&&Os(r,o,e)}}function Ei(e){const t=e.type,{mixins:s,extends:n}=t,{mixins:r,optionsCache:o,config:{optionMergeStrategies:i}}=e.appContext,a=o.get(t);let l;return a?l=a:!r.length&&!s&&!n?l=t:(l={},r.length&&r.forEach(h=>or(l,h,i,!0)),or(l,t,i)),ke(t)&&o.set(t,l),l}function or(e,t,s,n=!1){const{mixins:r,extends:o}=t;o&&or(e,o,s,!0),r&&r.forEach(i=>or(e,i,s,!0));for(const i in t)if(!(n&&i==="expose")){const a=ch[i]||s&&s[i];e[i]=a?a(e[i],t[i]):t[i]}return e}const ch={data:Ki,props:Xi,emits:Xi,methods:zs,computed:zs,beforeCreate:Ze,created:Ze,beforeMount:Ze,mounted:Ze,beforeUpdate:Ze,updated:Ze,beforeDestroy:Ze,beforeUnmount:Ze,destroyed:Ze,unmounted:Ze,activated:Ze,deactivated:Ze,errorCaptured:Ze,serverPrefetch:Ze,components:zs,directives:zs,watch:dh,provide:Ki,inject:uh};function Ki(e,t){return t?e?function(){return Fe(me(e)?e.call(this,this):e,me(t)?t.call(this,this):t)}:t:e}function uh(e,t){return zs(Wo(e),Wo(t))}function Wo(e){if(de(e)){const t={};for(let s=0;s<e.length;s++)t[e[s]]=e[s];return t}return e}function Ze(e,t){return e?[...new Set([].concat(e,t))]:t}function zs(e,t){return e?Fe(Object.create(null),e,t):t}function Xi(e,t){return e?de(e)&&de(t)?[...new Set([...e,...t])]:Fe(Object.create(null),Qi(e),Qi(t??{})):t}function dh(e,t){if(!e)return t;if(!t)return e;const s=Fe(Object.create(null),e);for(const n in t)s[n]=Ze(e[n],t[n]);return s}function oc(){return{app:null,config:{isNativeTag:Wu,performance:!1,globalProperties:{},optionMergeStrategies:{},errorHandler:void 0,warnHandler:void 0,compilerOptions:{}},mixins:[],components:{},directives:{},provides:Object.create(null),optionsCache:new WeakMap,propsCache:new WeakMap,emitsCache:new WeakMap}}let hh=0;function fh(e,t){return function(n,r=null){me(n)||(n=Fe({},n)),r!=null&&!ke(r)&&(r=null);const o=oc(),i=new WeakSet,a=[];let l=!1;const h=o.app={_uid:hh++,_component:n,_props:r,_container:null,_context:o,_instance:null,version:Kh,get config(){return o.config},set config(d){},use(d,...p){return i.has(d)||(d&&me(d.install)?(i.add(d),d.install(h,...p)):me(d)&&(i.add(d),d(h,...p))),h},mixin(d){return o.mixins.includes(d)||o.mixins.push(d),h},component(d,p){return p?(o.components[d]=p,h):o.components[d]},directive(d,p){return p?(o.directives[d]=p,h):o.directives[d]},mount(d,p,g){if(!l){const y=h._ceVNode||D(n,r);return y.appContext=o,g===!0?g="svg":g===!1&&(g=void 0),p&&t?t(y,d):e(y,d,g),l=!0,h._container=d,d.__vue_app__=h,eo(y.component)}},onUnmount(d){a.push(d)},unmount(){l&&(wt(a,h._instance,16),e(null,h._container),delete h._container.__vue_app__)},provide(d,p){return o.provides[d]=p,h},runWithContext(d){const p=Ns;Ns=h;try{return d()}finally{Ns=p}}};return h}}let Ns=null;function ph(e,t){if(Ge){let s=Ge.provides;const n=Ge.parent&&Ge.parent.provides;n===s&&(s=Ge.provides=Object.create(n)),s[e]=t}}function Hn(e,t,s=!1){const n=Ge||Be;if(n||Ns){const r=Ns?Ns._context.provides:n?n.parent==null?n.vnode.appContext&&n.vnode.appContext.provides:n.parent.provides:void 0;if(r&&e in r)return r[e];if(arguments.length>1)return s&&me(t)?t.call(n&&n.proxy):t}}const ic={},ac=()=>Object.create(ic),lc=e=>Object.getPrototypeOf(e)===ic;function mh(e,t,s,n=!1){const r={},o=ac();e.propsDefaults=Object.create(null),cc(e,t,r,o);for(const i in e.propsOptions[0])i in r||(r[i]=void 0);s?e.props=n?r:We(r):e.type.props?e.props=r:e.props=o,e.attrs=o}function gh(e,t,s,n){const{props:r,attrs:o,vnode:{patchFlag:i}}=e,a=_e(r),[l]=e.propsOptions;let h=!1;if((n||i>0)&&!(i&16)){if(i&8){const d=e.vnode.dynamicProps;for(let p=0;p<d.length;p++){let g=d[p];if(Jr(e.emitsOptions,g))continue;const y=t[g];if(l)if(Re(o,g))y!==o[g]&&(o[g]=y,h=!0);else{const A=bt(g);r[A]=zo(l,a,A,y,e,!1)}else y!==o[g]&&(o[g]=y,h=!0)}}}else{cc(e,t,r,o)&&(h=!0);let d;for(const p in a)(!t||!Re(t,p)&&((d=gs(p))===p||!Re(t,d)))&&(l?s&&(s[p]!==void 0||s[d]!==void 0)&&(r[p]=zo(l,a,p,void 0,e,!0)):delete r[p]);if(o!==a)for(const p in o)(!t||!Re(t,p))&&(delete o[p],h=!0)}h&&xt(e.attrs,"set","")}function cc(e,t,s,n){const[r,o]=e.propsOptions;let i=!1,a;if(t)for(let l in t){if(Xs(l))continue;const h=t[l];let d;r&&Re(r,d=bt(l))?!o||!o.includes(d)?s[d]=h:(a||(a={}))[d]=h:Jr(e.emitsOptions,l)||(!(l in n)||h!==n[l])&&(n[l]=h,i=!0)}if(o){const l=_e(s),h=a||Ie;for(let d=0;d<o.length;d++){const p=o[d];s[p]=zo(r,l,p,h[p],e,!Re(h,p))}}return i}function zo(e,t,s,n,r,o){const i=e[s];if(i!=null){const a=Re(i,"default");if(a&&n===void 0){const l=i.default;if(i.type!==Function&&!i.skipFactory&&me(l)){const{propsDefaults:h}=r;if(s in h)n=h[s];else{const d=Rn(r);n=h[s]=l.call(null,t),d()}}else n=l;r.ce&&r.ce._setProp(s,n)}i[0]&&(o&&!a?n=!1:i[1]&&(n===""||n===gs(s))&&(n=!0))}return n}const vh=new WeakMap;function uc(e,t,s=!1){const n=s?vh:t.propsCache,r=n.get(e);if(r)return r;const o=e.props,i={},a=[];let l=!1;if(!me(e)){const d=p=>{l=!0;const[g,y]=uc(p,t,!0);Fe(i,g),y&&a.push(...y)};!s&&t.mixins.length&&t.mixins.forEach(d),e.extends&&d(e.extends),e.mixins&&e.mixins.forEach(d)}if(!o&&!l)return ke(e)&&n.set(e,Ss),Ss;if(de(o))for(let d=0;d<o.length;d++){const p=bt(o[d]);Ji(p)&&(i[p]=Ie)}else if(o)for(const d in o){const p=bt(d);if(Ji(p)){const g=o[d],y=i[p]=de(g)||me(g)?{type:g}:Fe({},g),A=y.type;let k=!1,j=!0;if(de(A))for(let W=0;W<A.length;++W){const C=A[W],R=me(C)&&C.name;if(R==="Boolean"){k=!0;break}else R==="String"&&(j=!1)}else k=me(A)&&A.name==="Boolean";y[0]=k,y[1]=j,(k||Re(y,"default"))&&a.push(p)}}const h=[i,a];return ke(e)&&n.set(e,h),h}function Ji(e){return e[0]!=="$"&&!Xs(e)}const dc=e=>e[0]==="_"||e==="$stable",Ti=e=>de(e)?e.map(Nt):[Nt(e)],bh=(e,t,s)=>{if(t._n)return t;const n=ce((...r)=>Ti(t(...r)),s);return n._c=!1,n},hc=(e,t,s)=>{const n=e._ctx;for(const r in e){if(dc(r))continue;const o=e[r];if(me(o))t[r]=bh(r,o,n);else if(o!=null){const i=Ti(o);t[r]=()=>i}}},fc=(e,t)=>{const s=Ti(t);e.slots.default=()=>s},pc=(e,t,s)=>{for(const n in t)(s||n!=="_")&&(e[n]=t[n])},yh=(e,t,s)=>{const n=e.slots=ac();if(e.vnode.shapeFlag&32){const r=t._;r?(pc(n,t,s),s&&vl(n,"_",r,!0)):hc(t,n)}else t&&fc(e,t)},Eh=(e,t,s)=>{const{vnode:n,slots:r}=e;let o=!0,i=Ie;if(n.shapeFlag&32){const a=t._;a?s&&a===1?o=!1:pc(r,t,s):(o=!t.$stable,hc(t,r)),i=t}else t&&(fc(e,t),i={default:1});if(o)for(const a in r)!dc(a)&&i[a]==null&&delete r[a]},at=qh;function Th(e){return wh(e)}function wh(e,t){const s=Vr();s.__VUE__=!0;const{insert:n,remove:r,patchProp:o,createElement:i,createText:a,createComment:l,setText:h,setElementText:d,parentNode:p,nextSibling:g,setScopeId:y=It,insertStaticContent:A}=e,k=(w,S,x,Y=null,G=null,K=null,re=void 0,ne=null,se=!!S.dynamicChildren)=>{if(w===S)return;w&&!ds(w,S)&&(Y=Ne(w),ae(w,G,K,!0),w=null),S.patchFlag===-2&&(se=!1,S.dynamicChildren=null);const{type:X,ref:fe,shapeFlag:ie}=S;switch(X){case Zr:j(w,S,x,Y);break;case nt:W(w,S,x,Y);break;case wo:w==null&&C(S,x,Y,re);break;case B:M(w,S,x,Y,G,K,re,ne,se);break;default:ie&1?q(w,S,x,Y,G,K,re,ne,se):ie&6?c(w,S,x,Y,G,K,re,ne,se):(ie&64||ie&128)&&X.process(w,S,x,Y,G,K,re,ne,se,Ue)}fe!=null&&G&&rr(fe,w&&w.ref,K,S||w,!S)},j=(w,S,x,Y)=>{if(w==null)n(S.el=a(S.children),x,Y);else{const G=S.el=w.el;S.children!==w.children&&h(G,S.children)}},W=(w,S,x,Y)=>{w==null?n(S.el=l(S.children||""),x,Y):S.el=w.el},C=(w,S,x,Y)=>{[w.el,w.anchor]=A(w.children,S,x,Y,w.el,w.anchor)},R=({el:w,anchor:S},x,Y)=>{let G;for(;w&&w!==S;)G=g(w),n(w,x,Y),w=G;n(S,x,Y)},O=({el:w,anchor:S})=>{let x;for(;w&&w!==S;)x=g(w),r(w),w=x;r(S)},q=(w,S,x,Y,G,K,re,ne,se)=>{S.type==="svg"?re="svg":S.type==="math"&&(re="mathml"),w==null?L(S,x,Y,G,K,re,ne,se):P(w,S,G,K,re,ne,se)},L=(w,S,x,Y,G,K,re,ne)=>{let se,X;const{props:fe,shapeFlag:ie,transition:ue,dirs:pe}=w;if(se=w.el=i(w.type,K,fe&&fe.is,fe),ie&8?d(se,w.children):ie&16&&oe(w.children,se,null,Y,G,Eo(w,K),re,ne),pe&&os(w,null,Y,"created"),Q(se,w,w.scopeId,re,Y),fe){for(const $e in fe)$e!=="value"&&!Xs($e)&&o(se,$e,null,fe[$e],K,Y);"value"in fe&&o(se,"value",null,fe.value,K),(X=fe.onVnodeBeforeMount)&&St(X,Y,w)}pe&&os(w,null,Y,"beforeMount");const we=_h(G,ue);we&&ue.beforeEnter(se),n(se,S,x),((X=fe&&fe.onVnodeMounted)||we||pe)&&at(()=>{X&&St(X,Y,w),we&&ue.enter(se),pe&&os(w,null,Y,"mounted")},G)},Q=(w,S,x,Y,G)=>{if(x&&y(w,x),Y)for(let K=0;K<Y.length;K++)y(w,Y[K]);if(G){let K=G.subTree;if(S===K||Ec(K.type)&&(K.ssContent===S||K.ssFallback===S)){const re=G.vnode;Q(w,re,re.scopeId,re.slotScopeIds,G.parent)}}},oe=(w,S,x,Y,G,K,re,ne,se=0)=>{for(let X=se;X<w.length;X++){const fe=w[X]=ne?Qt(w[X]):Nt(w[X]);k(null,fe,S,x,Y,G,K,re,ne)}},P=(w,S,x,Y,G,K,re)=>{const ne=S.el=w.el;let{patchFlag:se,dynamicChildren:X,dirs:fe}=S;se|=w.patchFlag&16;const ie=w.props||Ie,ue=S.props||Ie;let pe;if(x&&is(x,!1),(pe=ue.onVnodeBeforeUpdate)&&St(pe,x,S,w),fe&&os(S,w,x,"beforeUpdate"),x&&is(x,!0),(ie.innerHTML&&ue.innerHTML==null||ie.textContent&&ue.textContent==null)&&d(ne,""),X?V(w.dynamicChildren,X,ne,x,Y,Eo(S,G),K):re||I(w,S,ne,null,x,Y,Eo(S,G),K,!1),se>0){if(se&16)F(ne,ie,ue,x,G);else if(se&2&&ie.class!==ue.class&&o(ne,"class",null,ue.class,G),se&4&&o(ne,"style",ie.style,ue.style,G),se&8){const we=S.dynamicProps;for(let $e=0;$e<we.length;$e++){const Ce=we[$e],rt=ie[Ce],Ye=ue[Ce];(Ye!==rt||Ce==="value")&&o(ne,Ce,rt,Ye,G,x)}}se&1&&w.children!==S.children&&d(ne,S.children)}else!re&&X==null&&F(ne,ie,ue,x,G);((pe=ue.onVnodeUpdated)||fe)&&at(()=>{pe&&St(pe,x,S,w),fe&&os(S,w,x,"updated")},Y)},V=(w,S,x,Y,G,K,re)=>{for(let ne=0;ne<S.length;ne++){const se=w[ne],X=S[ne],fe=se.el&&(se.type===B||!ds(se,X)||se.shapeFlag&70)?p(se.el):x;k(se,X,fe,null,Y,G,K,re,!0)}},F=(w,S,x,Y,G)=>{if(S!==x){if(S!==Ie)for(const K in S)!Xs(K)&&!(K in x)&&o(w,K,S[K],null,G,Y);for(const K in x){if(Xs(K))continue;const re=x[K],ne=S[K];re!==ne&&K!=="value"&&o(w,K,ne,re,G,Y)}"value"in x&&o(w,"value",S.value,x.value,G)}},M=(w,S,x,Y,G,K,re,ne,se)=>{const X=S.el=w?w.el:a(""),fe=S.anchor=w?w.anchor:a("");let{patchFlag:ie,dynamicChildren:ue,slotScopeIds:pe}=S;pe&&(ne=ne?ne.concat(pe):pe),w==null?(n(X,x,Y),n(fe,x,Y),oe(S.children||[],x,fe,G,K,re,ne,se)):ie>0&&ie&64&&ue&&w.dynamicChildren?(V(w.dynamicChildren,ue,x,G,K,re,ne),(S.key!=null||G&&S===G.subTree)&&mc(w,S,!0)):I(w,S,x,fe,G,K,re,ne,se)},c=(w,S,x,Y,G,K,re,ne,se)=>{S.slotScopeIds=ne,w==null?S.shapeFlag&512?G.ctx.activate(S,x,Y,re,se):m(S,x,Y,G,K,re,se):b(w,S,se)},m=(w,S,x,Y,G,K,re)=>{const ne=w.component=Hh(w,Y,G);if(Kr(w)&&(ne.ctx.renderer=Ue),jh(ne,!1,re),ne.asyncDep){if(G&&G.registerDep(ne,_,re),!w.el){const se=ne.subTree=D(nt);W(null,se,S,x)}}else _(ne,w,S,x,G,K,re)},b=(w,S,x)=>{const Y=S.component=w.component;if($h(w,S,x))if(Y.asyncDep&&!Y.asyncResolved){N(Y,S,x);return}else Y.next=S,Y.update();else S.el=w.el,Y.vnode=S},_=(w,S,x,Y,G,K,re)=>{const ne=()=>{if(w.isMounted){let{next:ie,bu:ue,u:pe,parent:we,vnode:$e}=w;{const ot=gc(w);if(ot){ie&&(ie.el=$e.el,N(w,ie,re)),ot.asyncDep.then(()=>{w.isUnmounted||ne()});return}}let Ce=ie,rt;is(w,!1),ie?(ie.el=$e.el,N(w,ie,re)):ie=$e,ue&&Fn(ue),(rt=ie.props&&ie.props.onVnodeBeforeUpdate)&&St(rt,we,ie,$e),is(w,!0);const Ye=To(w),yt=w.subTree;w.subTree=Ye,k(yt,Ye,p(yt.el),Ne(yt),w,G,K),ie.el=Ye.el,Ce===null&&Lh(w,Ye.el),pe&&at(pe,G),(rt=ie.props&&ie.props.onVnodeUpdated)&&at(()=>St(rt,we,ie,$e),G)}else{let ie;const{el:ue,props:pe}=S,{bm:we,m:$e,parent:Ce,root:rt,type:Ye}=w,yt=ks(S);if(is(w,!1),we&&Fn(we),!yt&&(ie=pe&&pe.onVnodeBeforeMount)&&St(ie,Ce,S),is(w,!0),ue&&Ve){const ot=()=>{w.subTree=To(w),Ve(ue,w.subTree,w,G,null)};yt&&Ye.__asyncHydrate?Ye.__asyncHydrate(ue,w,ot):ot()}else{rt.ce&&rt.ce._injectChildStyle(Ye);const ot=w.subTree=To(w);k(null,ot,x,Y,w,G,K),S.el=ot.el}if($e&&at($e,G),!yt&&(ie=pe&&pe.onVnodeMounted)){const ot=S;at(()=>St(ie,Ce,ot),G)}(S.shapeFlag&256||Ce&&ks(Ce.vnode)&&Ce.vnode.shapeFlag&256)&&w.a&&at(w.a,G),w.isMounted=!0,S=x=Y=null}};w.scope.on();const se=w.effect=new wl(ne);w.scope.off();const X=w.update=se.run.bind(se),fe=w.job=se.runIfDirty.bind(se);fe.i=w,fe.id=w.uid,se.scheduler=()=>yi(fe),is(w,!0),X()},N=(w,S,x)=>{S.component=w;const Y=w.vnode.props;w.vnode=S,w.next=null,gh(w,S.props,Y,x),Eh(w,S.children,x),ss(),Gi(w),ns()},I=(w,S,x,Y,G,K,re,ne,se=!1)=>{const X=w&&w.children,fe=w?w.shapeFlag:0,ie=S.children,{patchFlag:ue,shapeFlag:pe}=S;if(ue>0){if(ue&128){H(X,ie,x,Y,G,K,re,ne,se);return}else if(ue&256){U(X,ie,x,Y,G,K,re,ne,se);return}}pe&8?(fe&16&&Te(X,G,K),ie!==X&&d(x,ie)):fe&16?pe&16?H(X,ie,x,Y,G,K,re,ne,se):Te(X,G,K,!0):(fe&8&&d(x,""),pe&16&&oe(ie,x,Y,G,K,re,ne,se))},U=(w,S,x,Y,G,K,re,ne,se)=>{w=w||Ss,S=S||Ss;const X=w.length,fe=S.length,ie=Math.min(X,fe);let ue;for(ue=0;ue<ie;ue++){const pe=S[ue]=se?Qt(S[ue]):Nt(S[ue]);k(w[ue],pe,x,null,G,K,re,ne,se)}X>fe?Te(w,G,K,!0,!1,ie):oe(S,x,Y,G,K,re,ne,se,ie)},H=(w,S,x,Y,G,K,re,ne,se)=>{let X=0;const fe=S.length;let ie=w.length-1,ue=fe-1;for(;X<=ie&&X<=ue;){const pe=w[X],we=S[X]=se?Qt(S[X]):Nt(S[X]);if(ds(pe,we))k(pe,we,x,null,G,K,re,ne,se);else break;X++}for(;X<=ie&&X<=ue;){const pe=w[ie],we=S[ue]=se?Qt(S[ue]):Nt(S[ue]);if(ds(pe,we))k(pe,we,x,null,G,K,re,ne,se);else break;ie--,ue--}if(X>ie){if(X<=ue){const pe=ue+1,we=pe<fe?S[pe].el:Y;for(;X<=ue;)k(null,S[X]=se?Qt(S[X]):Nt(S[X]),x,we,G,K,re,ne,se),X++}}else if(X>ue)for(;X<=ie;)ae(w[X],G,K,!0),X++;else{const pe=X,we=X,$e=new Map;for(X=we;X<=ue;X++){const it=S[X]=se?Qt(S[X]):Nt(S[X]);it.key!=null&&$e.set(it.key,X)}let Ce,rt=0;const Ye=ue-we+1;let yt=!1,ot=0;const Ms=new Array(Ye);for(X=0;X<Ye;X++)Ms[X]=0;for(X=pe;X<=ie;X++){const it=w[X];if(rt>=Ye){ae(it,G,K,!0);continue}let _t;if(it.key!=null)_t=$e.get(it.key);else for(Ce=we;Ce<=ue;Ce++)if(Ms[Ce-we]===0&&ds(it,S[Ce])){_t=Ce;break}_t===void 0?ae(it,G,K,!0):(Ms[_t-we]=X+1,_t>=ot?ot=_t:yt=!0,k(it,S[_t],x,null,G,K,re,ne,se),rt++)}const Ui=yt?Sh(Ms):Ss;for(Ce=Ui.length-1,X=Ye-1;X>=0;X--){const it=we+X,_t=S[it],Fi=it+1<fe?S[it+1].el:Y;Ms[X]===0?k(null,_t,x,Fi,G,K,re,ne,se):yt&&(Ce<0||X!==Ui[Ce]?Z(_t,x,Fi,2):Ce--)}}},Z=(w,S,x,Y,G=null)=>{const{el:K,type:re,transition:ne,children:se,shapeFlag:X}=w;if(X&6){Z(w.component.subTree,S,x,Y);return}if(X&128){w.suspense.move(S,x,Y);return}if(X&64){re.move(w,S,x,Ue);return}if(re===B){n(K,S,x);for(let ie=0;ie<se.length;ie++)Z(se[ie],S,x,Y);n(w.anchor,S,x);return}if(re===wo){R(w,S,x);return}if(Y!==2&&X&1&&ne)if(Y===0)ne.beforeEnter(K),n(K,S,x),at(()=>ne.enter(K),G);else{const{leave:ie,delayLeave:ue,afterLeave:pe}=ne,we=()=>n(K,S,x),$e=()=>{ie(K,()=>{we(),pe&&pe()})};ue?ue(K,we,$e):$e()}else n(K,S,x)},ae=(w,S,x,Y=!1,G=!1)=>{const{type:K,props:re,ref:ne,children:se,dynamicChildren:X,shapeFlag:fe,patchFlag:ie,dirs:ue,cacheIndex:pe}=w;if(ie===-2&&(G=!1),ne!=null&&rr(ne,null,x,w,!0),pe!=null&&(S.renderCache[pe]=void 0),fe&256){S.ctx.deactivate(w);return}const we=fe&1&&ue,$e=!ks(w);let Ce;if($e&&(Ce=re&&re.onVnodeBeforeUnmount)&&St(Ce,S,w),fe&6)Ee(w.component,x,Y);else{if(fe&128){w.suspense.unmount(x,Y);return}we&&os(w,null,S,"beforeUnmount"),fe&64?w.type.remove(w,S,x,Ue,Y):X&&!X.hasOnce&&(K!==B||ie>0&&ie&64)?Te(X,S,x,!1,!0):(K===B&&ie&384||!G&&fe&16)&&Te(se,S,x),Y&&Se(w)}($e&&(Ce=re&&re.onVnodeUnmounted)||we)&&at(()=>{Ce&&St(Ce,S,w),we&&os(w,null,S,"unmounted")},x)},Se=w=>{const{type:S,el:x,anchor:Y,transition:G}=w;if(S===B){ye(x,Y);return}if(S===wo){O(w);return}const K=()=>{r(x),G&&!G.persisted&&G.afterLeave&&G.afterLeave()};if(w.shapeFlag&1&&G&&!G.persisted){const{leave:re,delayLeave:ne}=G,se=()=>re(x,K);ne?ne(w.el,K,se):se()}else K()},ye=(w,S)=>{let x;for(;w!==S;)x=g(w),r(w),w=x;r(S)},Ee=(w,S,x)=>{const{bum:Y,scope:G,job:K,subTree:re,um:ne,m:se,a:X}=w;Zi(se),Zi(X),Y&&Fn(Y),G.stop(),K&&(K.flags|=8,ae(re,w,S,x)),ne&&at(ne,S),at(()=>{w.isUnmounted=!0},S),S&&S.pendingBranch&&!S.isUnmounted&&w.asyncDep&&!w.asyncResolved&&w.suspenseId===S.pendingId&&(S.deps--,S.deps===0&&S.resolve())},Te=(w,S,x,Y=!1,G=!1,K=0)=>{for(let re=K;re<w.length;re++)ae(w[re],S,x,Y,G)},Ne=w=>{if(w.shapeFlag&6)return Ne(w.component.subTree);if(w.shapeFlag&128)return w.suspense.next();const S=g(w.anchor||w.el),x=S&&S[jd];return x?g(x):S};let Pe=!1;const De=(w,S,x)=>{w==null?S._vnode&&ae(S._vnode,null,null,!0):k(S._vnode||null,w,S,null,null,null,x),S._vnode=w,Pe||(Pe=!0,Gi(),Fl(),Pe=!1)},Ue={p:k,um:ae,m:Z,r:Se,mt:m,mc:oe,pc:I,pbc:V,n:Ne,o:e};let qe,Ve;return{render:De,hydrate:qe,createApp:fh(De,qe)}}function Eo({type:e,props:t},s){return s==="svg"&&e==="foreignObject"||s==="mathml"&&e==="annotation-xml"&&t&&t.encoding&&t.encoding.includes("html")?void 0:s}function is({effect:e,job:t},s){s?(e.flags|=32,t.flags|=4):(e.flags&=-33,t.flags&=-5)}function _h(e,t){return(!e||e&&!e.pendingBranch)&&t&&!t.persisted}function mc(e,t,s=!1){const n=e.children,r=t.children;if(de(n)&&de(r))for(let o=0;o<n.length;o++){const i=n[o];let a=r[o];a.shapeFlag&1&&!a.dynamicChildren&&((a.patchFlag<=0||a.patchFlag===32)&&(a=r[o]=Qt(r[o]),a.el=i.el),!s&&a.patchFlag!==-2&&mc(i,a)),a.type===Zr&&(a.el=i.el)}}function Sh(e){const t=e.slice(),s=[0];let n,r,o,i,a;const l=e.length;for(n=0;n<l;n++){const h=e[n];if(h!==0){if(r=s[s.length-1],e[r]<h){t[n]=r,s.push(n);continue}for(o=0,i=s.length-1;o<i;)a=o+i>>1,e[s[a]]<h?o=a+1:i=a;h<e[s[o]]&&(o>0&&(t[n]=s[o-1]),s[o]=n)}}for(o=s.length,i=s[o-1];o-- >0;)s[o]=i,i=t[i];return s}function gc(e){const t=e.subTree.component;if(t)return t.asyncDep&&!t.asyncResolved?t:gc(t)}function Zi(e){if(e)for(let t=0;t<e.length;t++)e[t].flags|=8}const Rh=Symbol.for("v-scx"),Ch=()=>Hn(Rh);function Os(e,t,s){return vc(e,t,s)}function vc(e,t,s=Ie){const{immediate:n,deep:r,flush:o,once:i}=s,a=Fe({},s),l=t&&n||!t&&o!=="post";let h;if(mn){if(o==="sync"){const y=Ch();h=y.__watcherHandles||(y.__watcherHandles=[])}else if(!l){const y=()=>{};return y.stop=It,y.resume=It,y.pause=It,y}}const d=Ge;a.call=(y,A,k)=>wt(y,d,A,k);let p=!1;o==="post"?a.scheduler=y=>{at(y,d&&d.suspense)}:o!=="sync"&&(p=!0,a.scheduler=(y,A)=>{A?y():yi(y)}),a.augmentJob=y=>{t&&(y.flags|=4),p&&(y.flags|=2,d&&(y.id=d.uid,y.i=d))};const g=Ud(e,t,a);return mn&&(h?h.push(g):l&&g()),g}function Ah(e,t,s){const n=this.proxy,r=xe(e)?e.includes(".")?bc(n,e):()=>n[e]:e.bind(n,n);let o;me(t)?o=t:(o=t.handler,s=t);const i=Rn(this),a=vc(r,o.bind(n),s);return i(),a}function bc(e,t){const s=t.split(".");return()=>{let n=e;for(let r=0;r<s.length&&n;r++)n=n[s[r]];return n}}const kh=(e,t)=>t==="modelValue"||t==="model-value"?e.modelModifiers:e[`${t}Modifiers`]||e[`${bt(t)}Modifiers`]||e[`${gs(t)}Modifiers`];function Nh(e,t,...s){if(e.isUnmounted)return;const n=e.vnode.props||Ie;let r=s;const o=t.startsWith("update:"),i=o&&kh(n,t.slice(7));i&&(i.trim&&(r=s.map(d=>xe(d)?d.trim():d)),i.number&&(r=s.map(Zn)));let a,l=n[a=fo(t)]||n[a=fo(bt(t))];!l&&o&&(l=n[a=fo(gs(t))]),l&&wt(l,e,6,r);const h=n[a+"Once"];if(h){if(!e.emitted)e.emitted={};else if(e.emitted[a])return;e.emitted[a]=!0,wt(h,e,6,r)}}function yc(e,t,s=!1){const n=t.emitsCache,r=n.get(e);if(r!==void 0)return r;const o=e.emits;let i={},a=!1;if(!me(e)){const l=h=>{const d=yc(h,t,!0);d&&(a=!0,Fe(i,d))};!s&&t.mixins.length&&t.mixins.forEach(l),e.extends&&l(e.extends),e.mixins&&e.mixins.forEach(l)}return!o&&!a?(ke(e)&&n.set(e,null),null):(de(o)?o.forEach(l=>i[l]=null):Fe(i,o),ke(e)&&n.set(e,i),i)}function Jr(e,t){return!e||!Hr(t)?!1:(t=t.slice(2).replace(/Once$/,""),Re(e,t[0].toLowerCase()+t.slice(1))||Re(e,gs(t))||Re(e,t))}function To(e){const{type:t,vnode:s,proxy:n,withProxy:r,propsOptions:[o],slots:i,attrs:a,emit:l,render:h,renderCache:d,props:p,data:g,setupState:y,ctx:A,inheritAttrs:k}=e,j=nr(e);let W,C;try{if(s.shapeFlag&4){const O=r||n,q=O;W=Nt(h.call(q,O,d,p,y,g,A)),C=a}else{const O=t;W=Nt(O.length>1?O(p,{attrs:a,slots:i,emit:l}):O(p,null)),C=t.props?a:Oh(a)}}catch(O){tn.length=0,Qr(O,e,1),W=D(nt)}let R=W;if(C&&k!==!1){const O=Object.keys(C),{shapeFlag:q}=R;O.length&&q&7&&(o&&O.some(li)&&(C=Ih(C,o)),R=ts(R,C,!1,!0))}return s.dirs&&(R=ts(R,null,!1,!0),R.dirs=R.dirs?R.dirs.concat(s.dirs):s.dirs),s.transition&&hn(R,s.transition),W=R,nr(j),W}const Oh=e=>{let t;for(const s in e)(s==="class"||s==="style"||Hr(s))&&((t||(t={}))[s]=e[s]);return t},Ih=(e,t)=>{const s={};for(const n in e)(!li(n)||!(n.slice(9)in t))&&(s[n]=e[n]);return s};function $h(e,t,s){const{props:n,children:r,component:o}=e,{props:i,children:a,patchFlag:l}=t,h=o.emitsOptions;if(t.dirs||t.transition)return!0;if(s&&l>=0){if(l&1024)return!0;if(l&16)return n?ea(n,i,h):!!i;if(l&8){const d=t.dynamicProps;for(let p=0;p<d.length;p++){const g=d[p];if(i[g]!==n[g]&&!Jr(h,g))return!0}}}else return(r||a)&&(!a||!a.$stable)?!0:n===i?!1:n?i?ea(n,i,h):!0:!!i;return!1}function ea(e,t,s){const n=Object.keys(t);if(n.length!==Object.keys(e).length)return!0;for(let r=0;r<n.length;r++){const o=n[r];if(t[o]!==e[o]&&!Jr(s,o))return!0}return!1}function Lh({vnode:e,parent:t},s){for(;t;){const n=t.subTree;if(n.suspense&&n.suspense.activeBranch===e&&(n.el=e.el),n===e)(e=t.vnode).el=s,t=t.parent;else break}}const Ec=e=>e.__isSuspense;function qh(e,t){t&&t.pendingBranch?de(e)?t.effects.push(...e):t.effects.push(e):Bd(e)}const B=Symbol.for("v-fgt"),Zr=Symbol.for("v-txt"),nt=Symbol.for("v-cmt"),wo=Symbol.for("v-stc"),tn=[];let dt=null;function f(e=!1){tn.push(dt=e?null:[])}function Dh(){tn.pop(),dt=tn[tn.length-1]||null}let fn=1;function ta(e,t=!1){fn+=e,e<0&&dt&&t&&(dt.hasOnce=!0)}function Tc(e){return e.dynamicChildren=fn>0?dt||Ss:null,Dh(),fn>0&&dt&&dt.push(e),e}function v(e,t,s,n,r,o){return Tc(u(e,t,s,n,r,o,!0))}function J(e,t,s,n,r){return Tc(D(e,t,s,n,r,!0))}function pn(e){return e?e.__v_isVNode===!0:!1}function ds(e,t){return e.type===t.type&&e.key===t.key}const wc=({key:e})=>e??null,Bn=({ref:e,ref_key:t,ref_for:s})=>(typeof e=="number"&&(e=""+e),e!=null?xe(e)||je(e)||me(e)?{i:Be,r:e,k:t,f:!!s}:e:null);function u(e,t=null,s=null,n=0,r=null,o=e===B?0:1,i=!1,a=!1){const l={__v_isVNode:!0,__v_skip:!0,type:e,props:t,key:t&&wc(t),ref:t&&Bn(t),scopeId:Bl,slotScopeIds:null,children:s,component:null,suspense:null,ssContent:null,ssFallback:null,dirs:null,transition:null,el:null,anchor:null,target:null,targetStart:null,targetAnchor:null,staticCount:0,shapeFlag:o,patchFlag:n,dynamicProps:r,dynamicChildren:null,appContext:null,ctx:Be};return a?(wi(l,s),o&128&&e.normalize(l)):s&&(l.shapeFlag|=xe(s)?8:16),fn>0&&!i&&dt&&(l.patchFlag>0||o&6)&&l.patchFlag!==32&&dt.push(l),l}const D=Ph;function Ph(e,t=null,s=null,n=0,r=null,o=!1){if((!e||e===rh)&&(e=nt),pn(e)){const a=ts(e,t,!0);return s&&wi(a,s),fn>0&&!o&&dt&&(a.shapeFlag&6?dt[dt.indexOf(e)]=a:dt.push(a)),a.patchFlag=-2,a}if(Qh(e)&&(e=e.__vccOpts),t){t=xh(t);let{class:a,style:l}=t;a&&!xe(a)&&(t.class=te(a)),ke(l)&&(bi(l)&&!de(l)&&(l=Fe({},l)),t.style=ut(l))}const i=xe(e)?1:Ec(e)?128:jl(e)?64:ke(e)?4:me(e)?2:0;return u(e,t,s,n,r,i,o,!0)}function xh(e){return e?bi(e)||lc(e)?Fe({},e):e:null}function ts(e,t,s=!1,n=!1){const{props:r,ref:o,patchFlag:i,children:a,transition:l}=e,h=t?Mh(r||{},t):r,d={__v_isVNode:!0,__v_skip:!0,type:e.type,props:h,key:h&&wc(h),ref:t&&t.ref?s&&o?de(o)?o.concat(Bn(t)):[o,Bn(t)]:Bn(t):o,scopeId:e.scopeId,slotScopeIds:e.slotScopeIds,children:a,target:e.target,targetStart:e.targetStart,targetAnchor:e.targetAnchor,staticCount:e.staticCount,shapeFlag:e.shapeFlag,patchFlag:t&&e.type!==B?i===-1?16:i|16:i,dynamicProps:e.dynamicProps,dynamicChildren:e.dynamicChildren,appContext:e.appContext,dirs:e.dirs,transition:l,component:e.component,suspense:e.suspense,ssContent:e.ssContent&&ts(e.ssContent),ssFallback:e.ssFallback&&ts(e.ssFallback),el:e.el,anchor:e.anchor,ctx:e.ctx,ce:e.ce};return l&&n&&hn(d,l.clone(d)),d}function z(e=" ",t=0){return D(Zr,null,e,t)}function E(e="",t=!1){return t?(f(),J(nt,null,e)):D(nt,null,e)}function Nt(e){return e==null||typeof e=="boolean"?D(nt):de(e)?D(B,null,e.slice()):pn(e)?Qt(e):D(Zr,null,String(e))}function Qt(e){return e.el===null&&e.patchFlag!==-1||e.memo?e:ts(e)}function wi(e,t){let s=0;const{shapeFlag:n}=e;if(t==null)t=null;else if(de(t))s=16;else if(typeof t=="object")if(n&65){const r=t.default;r&&(r._c&&(r._d=!1),wi(e,r()),r._c&&(r._d=!0));return}else{s=32;const r=t._;!r&&!lc(t)?t._ctx=Be:r===3&&Be&&(Be.slots._===1?t._=1:(t._=2,e.patchFlag|=1024))}else me(t)?(t={default:t,_ctx:Be},s=32):(t=String(t),n&64?(s=16,t=[z(t)]):s=8);e.children=t,e.shapeFlag|=s}function Mh(...e){const t={};for(let s=0;s<e.length;s++){const n=e[s];for(const r in n)if(r==="class")t.class!==n.class&&(t.class=te([t.class,n.class]));else if(r==="style")t.style=ut([t.style,n.style]);else if(Hr(r)){const o=t[r],i=n[r];i&&o!==i&&!(de(o)&&o.includes(i))&&(t[r]=o?[].concat(o,i):i)}else r!==""&&(t[r]=n[r])}return t}function St(e,t,s,n=null){wt(e,t,7,[s,n])}const Uh=oc();let Fh=0;function Hh(e,t,s){const n=e.type,r=(t?t.appContext:e.appContext)||Uh,o={uid:Fh++,vnode:e,type:n,parent:t,appContext:r,root:null,next:null,subTree:null,effect:null,update:null,job:null,scope:new od(!0),render:null,proxy:null,exposed:null,exposeProxy:null,withProxy:null,provides:t?t.provides:Object.create(r.provides),ids:t?t.ids:["",0,0],accessCache:null,renderCache:[],components:null,directives:null,propsOptions:uc(n,r),emitsOptions:yc(n,r),emit:null,emitted:null,propsDefaults:Ie,inheritAttrs:n.inheritAttrs,ctx:Ie,data:Ie,props:Ie,attrs:Ie,slots:Ie,refs:Ie,setupState:Ie,setupContext:null,suspense:s,suspenseId:s?s.pendingId:0,asyncDep:null,asyncResolved:!1,isMounted:!1,isUnmounted:!1,isDeactivated:!1,bc:null,c:null,bm:null,m:null,bu:null,u:null,um:null,bum:null,da:null,a:null,rtg:null,rtc:null,ec:null,sp:null};return o.ctx={_:o},o.root=t?t.root:o,o.emit=Nh.bind(null,o),e.ce&&e.ce(o),o}let Ge=null;const Bh=()=>Ge||Be;let ir,Qo;{const e=Vr(),t=(s,n)=>{let r;return(r=e[s])||(r=e[s]=[]),r.push(n),o=>{r.length>1?r.forEach(i=>i(o)):r[0](o)}};ir=t("__VUE_INSTANCE_SETTERS__",s=>Ge=s),Qo=t("__VUE_SSR_SETTERS__",s=>mn=s)}const Rn=e=>{const t=Ge;return ir(e),e.scope.on(),()=>{e.scope.off(),ir(t)}},sa=()=>{Ge&&Ge.scope.off(),ir(null)};function _c(e){return e.vnode.shapeFlag&4}let mn=!1;function jh(e,t=!1,s=!1){t&&Qo(t);const{props:n,children:r}=e.vnode,o=_c(e);mh(e,n,o,t),yh(e,r,s);const i=o?Vh(e,t):void 0;return t&&Qo(!1),i}function Vh(e,t){const s=e.type;e.accessCache=Object.create(null),e.proxy=new Proxy(e.ctx,ih);const{setup:n}=s;if(n){ss();const r=e.setupContext=n.length>1?Wh(e):null,o=Rn(e),i=Sn(n,e,0,[e.props,r]),a=pl(i);if(ns(),o(),(a||e.sp)&&!ks(e)&&Yl(e),a){if(i.then(sa,sa),t)return i.then(l=>{na(e,l,t)}).catch(l=>{Qr(l,e,0)});e.asyncDep=i}else na(e,i,t)}else Sc(e,t)}function na(e,t,s){me(t)?e.type.__ssrInlineRender?e.ssrRender=t:e.render=t:ke(t)&&(e.setupState=xl(t)),Sc(e,s)}let ra;function Sc(e,t,s){const n=e.type;if(!e.render){if(!t&&ra&&!n.render){const r=n.template||Ei(e).template;if(r){const{isCustomElement:o,compilerOptions:i}=e.appContext.config,{delimiters:a,compilerOptions:l}=n,h=Fe(Fe({isCustomElement:o,delimiters:a},i),l);n.render=ra(r,h)}}e.render=n.render||It}{const r=Rn(e);ss();try{ah(e)}finally{ns(),r()}}}const Gh={get(e,t){return Xe(e,"get",""),e[t]}};function Wh(e){const t=s=>{e.exposed=s||{}};return{attrs:new Proxy(e.attrs,Gh),slots:e.slots,emit:e.emit,expose:t}}function eo(e){return e.exposed?e.exposeProxy||(e.exposeProxy=new Proxy(xl(Cd(e.exposed)),{get(t,s){if(s in t)return t[s];if(s in en)return en[s](e)},has(t,s){return s in t||s in en}})):e.proxy}function zh(e,t=!0){return me(e)?e.displayName||e.name:e.name||t&&e.__name}function Qh(e){return me(e)&&"__vccOpts"in e}const Rc=(e,t)=>xd(e,t,mn);function Yh(e,t,s){const n=arguments.length;return n===2?ke(t)&&!de(t)?pn(t)?D(e,null,[t]):D(e,t):D(e,null,t):(n>3?s=Array.prototype.slice.call(arguments,2):n===3&&pn(s)&&(s=[s]),D(e,t,s))}const Kh="3.5.13";/**
* @vue/runtime-dom v3.5.13
* (c) 2018-present Yuxi (Evan) You and Vue contributors
* @license MIT
**/let Yo;const oa=typeof window<"u"&&window.trustedTypes;if(oa)try{Yo=oa.createPolicy("vue",{createHTML:e=>e})}catch{}const Cc=Yo?e=>Yo.createHTML(e):e=>e,Xh="http://www.w3.org/2000/svg",Jh="http://www.w3.org/1998/Math/MathML",Pt=typeof document<"u"?document:null,ia=Pt&&Pt.createElement("template"),Zh={insert:(e,t,s)=>{t.insertBefore(e,s||null)},remove:e=>{const t=e.parentNode;t&&t.removeChild(e)},createElement:(e,t,s,n)=>{const r=t==="svg"?Pt.createElementNS(Xh,e):t==="mathml"?Pt.createElementNS(Jh,e):s?Pt.createElement(e,{is:s}):Pt.createElement(e);return e==="select"&&n&&n.multiple!=null&&r.setAttribute("multiple",n.multiple),r},createText:e=>Pt.createTextNode(e),createComment:e=>Pt.createComment(e),setText:(e,t)=>{e.nodeValue=t},setElementText:(e,t)=>{e.textContent=t},parentNode:e=>e.parentNode,nextSibling:e=>e.nextSibling,querySelector:e=>Pt.querySelector(e),setScopeId(e,t){e.setAttribute(t,"")},insertStaticContent(e,t,s,n,r,o){const i=s?s.previousSibling:t.lastChild;if(r&&(r===o||r.nextSibling))for(;t.insertBefore(r.cloneNode(!0),s),!(r===o||!(r=r.nextSibling)););else{ia.innerHTML=Cc(n==="svg"?`<svg>${e}</svg>`:n==="mathml"?`<math>${e}</math>`:e);const a=ia.content;if(n==="svg"||n==="mathml"){const l=a.firstChild;for(;l.firstChild;)a.appendChild(l.firstChild);a.removeChild(l)}t.insertBefore(a,s)}return[i?i.nextSibling:t.firstChild,s?s.previousSibling:t.lastChild]}},jt="transition",Fs="animation",gn=Symbol("_vtc"),Ac={name:String,type:String,css:{type:Boolean,default:!0},duration:[String,Number,Object],enterFromClass:String,enterActiveClass:String,enterToClass:String,appearFromClass:String,appearActiveClass:String,appearToClass:String,leaveFromClass:String,leaveActiveClass:String,leaveToClass:String},ef=Fe({},Vl,Ac),tf=e=>(e.displayName="Transition",e.props=ef,e),sf=tf((e,{slots:t})=>Yh(Wd,nf(e),t)),as=(e,t=[])=>{de(e)?e.forEach(s=>s(...t)):e&&e(...t)},aa=e=>e?de(e)?e.some(t=>t.length>1):e.length>1:!1;function nf(e){const t={};for(const M in e)M in Ac||(t[M]=e[M]);if(e.css===!1)return t;const{name:s="v",type:n,duration:r,enterFromClass:o=`${s}-enter-from`,enterActiveClass:i=`${s}-enter-active`,enterToClass:a=`${s}-enter-to`,appearFromClass:l=o,appearActiveClass:h=i,appearToClass:d=a,leaveFromClass:p=`${s}-leave-from`,leaveActiveClass:g=`${s}-leave-active`,leaveToClass:y=`${s}-leave-to`}=e,A=rf(r),k=A&&A[0],j=A&&A[1],{onBeforeEnter:W,onEnter:C,onEnterCancelled:R,onLeave:O,onLeaveCancelled:q,onBeforeAppear:L=W,onAppear:Q=C,onAppearCancelled:oe=R}=t,P=(M,c,m,b)=>{M._enterCancelled=b,ls(M,c?d:a),ls(M,c?h:i),m&&m()},V=(M,c)=>{M._isLeaving=!1,ls(M,p),ls(M,y),ls(M,g),c&&c()},F=M=>(c,m)=>{const b=M?Q:C,_=()=>P(c,M,m);as(b,[c,_]),la(()=>{ls(c,M?l:o),qt(c,M?d:a),aa(b)||ca(c,n,k,_)})};return Fe(t,{onBeforeEnter(M){as(W,[M]),qt(M,o),qt(M,i)},onBeforeAppear(M){as(L,[M]),qt(M,l),qt(M,h)},onEnter:F(!1),onAppear:F(!0),onLeave(M,c){M._isLeaving=!0;const m=()=>V(M,c);qt(M,p),M._enterCancelled?(qt(M,g),ha()):(ha(),qt(M,g)),la(()=>{M._isLeaving&&(ls(M,p),qt(M,y),aa(O)||ca(M,n,j,m))}),as(O,[M,m])},onEnterCancelled(M){P(M,!1,void 0,!0),as(R,[M])},onAppearCancelled(M){P(M,!0,void 0,!0),as(oe,[M])},onLeaveCancelled(M){V(M),as(q,[M])}})}function rf(e){if(e==null)return null;if(ke(e))return[_o(e.enter),_o(e.leave)];{const t=_o(e);return[t,t]}}function _o(e){return Xu(e)}function qt(e,t){t.split(/\s+/).forEach(s=>s&&e.classList.add(s)),(e[gn]||(e[gn]=new Set)).add(t)}function ls(e,t){t.split(/\s+/).forEach(n=>n&&e.classList.remove(n));const s=e[gn];s&&(s.delete(t),s.size||(e[gn]=void 0))}function la(e){requestAnimationFrame(()=>{requestAnimationFrame(e)})}let of=0;function ca(e,t,s,n){const r=e._endId=++of,o=()=>{r===e._endId&&n()};if(s!=null)return setTimeout(o,s);const{type:i,timeout:a,propCount:l}=af(e,t);if(!i)return n();const h=i+"end";let d=0;const p=()=>{e.removeEventListener(h,g),o()},g=y=>{y.target===e&&++d>=l&&p()};setTimeout(()=>{d<l&&p()},a+1),e.addEventListener(h,g)}function af(e,t){const s=window.getComputedStyle(e),n=A=>(s[A]||"").split(", "),r=n(`${jt}Delay`),o=n(`${jt}Duration`),i=ua(r,o),a=n(`${Fs}Delay`),l=n(`${Fs}Duration`),h=ua(a,l);let d=null,p=0,g=0;t===jt?i>0&&(d=jt,p=i,g=o.length):t===Fs?h>0&&(d=Fs,p=h,g=l.length):(p=Math.max(i,h),d=p>0?i>h?jt:Fs:null,g=d?d===jt?o.length:l.length:0);const y=d===jt&&/\b(transform|all)(,|$)/.test(n(`${jt}Property`).toString());return{type:d,timeout:p,propCount:g,hasTransform:y}}function ua(e,t){for(;e.length<t.length;)e=e.concat(e);return Math.max(...t.map((s,n)=>da(s)+da(e[n])))}function da(e){return e==="auto"?0:Number(e.slice(0,-1).replace(",","."))*1e3}function ha(){return document.body.offsetHeight}function lf(e,t,s){const n=e[gn];n&&(t=(t?[t,...n]:[...n]).join(" ")),t==null?e.removeAttribute("class"):s?e.setAttribute("class",t):e.className=t}const ar=Symbol("_vod"),kc=Symbol("_vsh"),Nc={beforeMount(e,{value:t},{transition:s}){e[ar]=e.style.display==="none"?"":e.style.display,s&&t?s.beforeEnter(e):Hs(e,t)},mounted(e,{value:t},{transition:s}){s&&t&&s.enter(e)},updated(e,{value:t,oldValue:s},{transition:n}){!t!=!s&&(n?t?(n.beforeEnter(e),Hs(e,!0),n.enter(e)):n.leave(e,()=>{Hs(e,!1)}):Hs(e,t))},beforeUnmount(e,{value:t}){Hs(e,t)}};function Hs(e,t){e.style.display=t?e[ar]:"none",e[kc]=!t}const cf=Symbol(""),uf=/(^|;)\s*display\s*:/;function df(e,t,s){const n=e.style,r=xe(s);let o=!1;if(s&&!r){if(t)if(xe(t))for(const i of t.split(";")){const a=i.slice(0,i.indexOf(":")).trim();s[a]==null&&jn(n,a,"")}else for(const i in t)s[i]==null&&jn(n,i,"");for(const i in s)i==="display"&&(o=!0),jn(n,i,s[i])}else if(r){if(t!==s){const i=n[cf];i&&(s+=";"+i),n.cssText=s,o=uf.test(s)}}else t&&e.removeAttribute("style");ar in e&&(e[ar]=o?n.display:"",e[kc]&&(n.display="none"))}const fa=/\s*!important$/;function jn(e,t,s){if(de(s))s.forEach(n=>jn(e,t,n));else if(s==null&&(s=""),t.startsWith("--"))e.setProperty(t,s);else{const n=hf(e,t);fa.test(s)?e.setProperty(gs(n),s.replace(fa,""),"important"):e[n]=s}}const pa=["Webkit","Moz","ms"],So={};function hf(e,t){const s=So[t];if(s)return s;let n=bt(t);if(n!=="filter"&&n in e)return So[t]=n;n=jr(n);for(let r=0;r<pa.length;r++){const o=pa[r]+n;if(o in e)return So[t]=o}return t}const ma="http://www.w3.org/1999/xlink";function ga(e,t,s,n,r,o=nd(t)){n&&t.startsWith("xlink:")?s==null?e.removeAttributeNS(ma,t.slice(6,t.length)):e.setAttributeNS(ma,t,s):s==null||o&&!bl(s)?e.removeAttribute(t):e.setAttribute(t,o?"":Tt(s)?String(s):s)}function va(e,t,s,n,r){if(t==="innerHTML"||t==="textContent"){s!=null&&(e[t]=t==="innerHTML"?Cc(s):s);return}const o=e.tagName;if(t==="value"&&o!=="PROGRESS"&&!o.includes("-")){const a=o==="OPTION"?e.getAttribute("value")||"":e.value,l=s==null?e.type==="checkbox"?"on":"":String(s);(a!==l||!("_value"in e))&&(e.value=l),s==null&&e.removeAttribute(t),e._value=s;return}let i=!1;if(s===""||s==null){const a=typeof e[t];a==="boolean"?s=bl(s):s==null&&a==="string"?(s="",i=!0):a==="number"&&(s=0,i=!0)}try{e[t]=s}catch{}i&&e.removeAttribute(r||t)}function Kt(e,t,s,n){e.addEventListener(t,s,n)}function ff(e,t,s,n){e.removeEventListener(t,s,n)}const ba=Symbol("_vei");function pf(e,t,s,n,r=null){const o=e[ba]||(e[ba]={}),i=o[t];if(n&&i)i.value=n;else{const[a,l]=mf(t);if(n){const h=o[t]=bf(n,r);Kt(e,a,h,l)}else i&&(ff(e,a,i,l),o[t]=void 0)}}const ya=/(?:Once|Passive|Capture)$/;function mf(e){let t;if(ya.test(e)){t={};let n;for(;n=e.match(ya);)e=e.slice(0,e.length-n[0].length),t[n[0].toLowerCase()]=!0}return[e[2]===":"?e.slice(3):gs(e.slice(2)),t]}let Ro=0;const gf=Promise.resolve(),vf=()=>Ro||(gf.then(()=>Ro=0),Ro=Date.now());function bf(e,t){const s=n=>{if(!n._vts)n._vts=Date.now();else if(n._vts<=s.attached)return;wt(yf(n,s.value),t,5,[n])};return s.value=e,s.attached=vf(),s}function yf(e,t){if(de(t)){const s=e.stopImmediatePropagation;return e.stopImmediatePropagation=()=>{s.call(e),e._stopped=!0},t.map(n=>r=>!r._stopped&&n&&n(r))}else return t}const Ea=e=>e.charCodeAt(0)===111&&e.charCodeAt(1)===110&&e.charCodeAt(2)>96&&e.charCodeAt(2)<123,Ef=(e,t,s,n,r,o)=>{const i=r==="svg";t==="class"?lf(e,n,i):t==="style"?df(e,s,n):Hr(t)?li(t)||pf(e,t,s,n,o):(t[0]==="."?(t=t.slice(1),!0):t[0]==="^"?(t=t.slice(1),!1):Tf(e,t,n,i))?(va(e,t,n),!e.tagName.includes("-")&&(t==="value"||t==="checked"||t==="selected")&&ga(e,t,n,i,o,t!=="value")):e._isVueCE&&(/[A-Z]/.test(t)||!xe(n))?va(e,bt(t),n,o,t):(t==="true-value"?e._trueValue=n:t==="false-value"&&(e._falseValue=n),ga(e,t,n,i))};function Tf(e,t,s,n){if(n)return!!(t==="innerHTML"||t==="textContent"||t in e&&Ea(t)&&me(s));if(t==="spellcheck"||t==="draggable"||t==="translate"||t==="form"||t==="list"&&e.tagName==="INPUT"||t==="type"&&e.tagName==="TEXTAREA")return!1;if(t==="width"||t==="height"){const r=e.tagName;if(r==="IMG"||r==="VIDEO"||r==="CANVAS"||r==="SOURCE")return!1}return Ea(t)&&xe(s)?!1:t in e}const Is=e=>{const t=e.props["onUpdate:modelValue"]||!1;return de(t)?s=>Fn(t,s):t};function wf(e){e.target.composing=!0}function Ta(e){const t=e.target;t.composing&&(t.composing=!1,t.dispatchEvent(new Event("input")))}const Ut=Symbol("_assign"),gt={created(e,{modifiers:{lazy:t,trim:s,number:n}},r){e[Ut]=Is(r);const o=n||r.props&&r.props.type==="number";Kt(e,t?"change":"input",i=>{if(i.target.composing)return;let a=e.value;s&&(a=a.trim()),o&&(a=Zn(a)),e[Ut](a)}),s&&Kt(e,"change",()=>{e.value=e.value.trim()}),t||(Kt(e,"compositionstart",wf),Kt(e,"compositionend",Ta),Kt(e,"change",Ta))},mounted(e,{value:t}){e.value=t??""},beforeUpdate(e,{value:t,oldValue:s,modifiers:{lazy:n,trim:r,number:o}},i){if(e[Ut]=Is(i),e.composing)return;const a=(o||e.type==="number")&&!/^0\d/.test(e.value)?Zn(e.value):e.value,l=t??"";a!==l&&(document.activeElement===e&&e.type!=="range"&&(n&&t===s||r&&e.value.trim()===l)||(e.value=l))}},Ot={deep:!0,created(e,t,s){e[Ut]=Is(s),Kt(e,"change",()=>{const n=e._modelValue,r=vn(e),o=e.checked,i=e[Ut];if(de(n)){const a=di(n,r),l=a!==-1;if(o&&!l)i(n.concat(r));else if(!o&&l){const h=[...n];h.splice(a,1),i(h)}}else if(Ls(n)){const a=new Set(n);o?a.add(r):a.delete(r),i(a)}else i(Oc(e,o))})},mounted:wa,beforeUpdate(e,t,s){e[Ut]=Is(s),wa(e,t,s)}};function wa(e,{value:t,oldValue:s},n){e._modelValue=t;let r;if(de(t))r=di(t,n.props.value)>-1;else if(Ls(t))r=t.has(n.props.value);else{if(t===s)return;r=_n(t,Oc(e,!0))}e.checked!==r&&(e.checked=r)}const _f={deep:!0,created(e,{value:t,modifiers:{number:s}},n){const r=Ls(t);Kt(e,"change",()=>{const o=Array.prototype.filter.call(e.options,i=>i.selected).map(i=>s?Zn(vn(i)):vn(i));e[Ut](e.multiple?r?new Set(o):o:o[0]),e._assigning=!0,Yr(()=>{e._assigning=!1})}),e[Ut]=Is(n)},mounted(e,{value:t}){_a(e,t)},beforeUpdate(e,t,s){e[Ut]=Is(s)},updated(e,{value:t}){e._assigning||_a(e,t)}};function _a(e,t){const s=e.multiple,n=de(t);if(!(s&&!n&&!Ls(t))){for(let r=0,o=e.options.length;r<o;r++){const i=e.options[r],a=vn(i);if(s)if(n){const l=typeof a;l==="string"||l==="number"?i.selected=t.some(h=>String(h)===String(a)):i.selected=di(t,a)>-1}else i.selected=t.has(a);else if(_n(vn(i),t)){e.selectedIndex!==r&&(e.selectedIndex=r);return}}!s&&e.selectedIndex!==-1&&(e.selectedIndex=-1)}}function vn(e){return"_value"in e?e._value:e.value}function Oc(e,t){const s=t?"_trueValue":"_falseValue";return s in e?e[s]:t}const Sf=["ctrl","shift","alt","meta"],Rf={stop:e=>e.stopPropagation(),prevent:e=>e.preventDefault(),self:e=>e.target!==e.currentTarget,ctrl:e=>!e.ctrlKey,shift:e=>!e.shiftKey,alt:e=>!e.altKey,meta:e=>!e.metaKey,left:e=>"button"in e&&e.button!==0,middle:e=>"button"in e&&e.button!==1,right:e=>"button"in e&&e.button!==2,exact:(e,t)=>Sf.some(s=>e[`${s}Key`]&&!t.includes(s))},ge=(e,t)=>{const s=e._withMods||(e._withMods={}),n=t.join(".");return s[n]||(s[n]=(r,...o)=>{for(let i=0;i<t.length;i++){const a=Rf[t[i]];if(a&&a(r,t))return}return e(r,...o)})},Cf=Fe({patchProp:Ef},Zh);let Sa;function Af(){return Sa||(Sa=Th(Cf))}const kf=(...e)=>{const t=Af().createApp(...e),{mount:s}=t;return t.mount=n=>{const r=Of(n);if(!r)return;const o=t._component;!me(o)&&!o.render&&!o.template&&(o.template=r.innerHTML),r.nodeType===1&&(r.textContent="");const i=s(r,!1,Nf(r));return r instanceof Element&&(r.removeAttribute("v-cloak"),r.setAttribute("data-v-app","")),i},t};function Nf(e){if(e instanceof SVGElement)return"svg";if(typeof MathMLElement=="function"&&e instanceof MathMLElement)return"mathml"}function Of(e){return xe(e)?document.querySelector(e):e}const he=(e,t)=>{const s=e.__vccOpts||e;for(const[n,r]of t)s[n]=r;return s},If={name:"Modal",props:["icon","shown","title","onClose"],methods:{close(){this.onClose&&this.onClose(),this.$emit("update:shown",!1)}}},$f={class:"modal"},Lf={class:"modal-header"},qf={class:"header-title"};function Df(e,t,s,n,r,o){const i=$("icon");return f(),J(sf,{name:"modal"},{default:ce(()=>[s.shown?(f(),v("div",{key:0,class:"modal-backdrop",onClick:t[1]||(t[1]=ge((...a)=>o.close&&o.close(...a),["self"]))},[u("div",$f,[u("div",Lf,[u("div",qf,[s.icon?(f(),J(i,{key:0,name:s.icon},null,8,["name"])):E("",!0),z(" "+T(s.title),1)]),u("a",{href:"#",class:"header-close",onClick:t[0]||(t[0]=ge((...a)=>o.close&&o.close(...a),["prevent"]))},[D(i,{name:"x"})])]),$t(e.$slots,"default")])])):E("",!0)]),_:3})}const vs=he(If,[["render",Df]]),Pf={name:"CreditsModal",components:{Modal:vs},computed:{credits(){return this.$credits.credits}}},xf={class:"credits-modal"},Mf={class:"credits-version"},Uf={class:"credits-authors"},Ff={class:"authors-author"},Hf={class:"author-name"},Bf={class:"author-links"},jf=["href"],Vf=["href"],Gf=["href"],Wf={key:0,class:"credits-contributors"},zf=["href","title"],Qf=["href","title"],Yf={key:0},Kf={class:"credits-sponsors"},Xf=["href","title"],Jf={key:1},Zf={class:"credits-dependencies"},ep={class:"dependencies-dependency"},tp=["href"],sp=["href"],np={class:"dependency-description"},rp={class:"dependencies-dependency"},op=["href"],ip=["href"],ap={class:"dependency-description"};function lp(e,t,s,n,r,o){const i=$("icon"),a=$("modal");return f(),J(a,{icon:"info",title:"Credits",shown:e.$credits.shown,"onUpdate:shown":t[0]||(t[0]=l=>e.$credits.shown=l)},{default:ce(()=>[u("div",xf,[t[8]||(t[8]=u("h1",null,"Clockwork App",-1)),u("p",Mf,"Version "+T(e.$credits.version),1),u("div",null,[t[1]||(t[1]=u("h2",null,"Created by",-1)),u("div",Uf,[(f(!0),v(B,null,le(e.$credits.authors,l=>(f(),v("div",Ff,[u("div",{class:"author-avatar",style:ut(`background-image:url(${l.avatarUrl};`)},null,4),u("div",null,[u("div",Hf,T(l.name),1),u("div",Bf,[u("a",{href:l.twitterUrl,target:"_blank"},[D(i,{name:"twitter"})],8,jf),u("a",{href:l.githubUrl,target:"_blank"},[D(i,{name:"github"})],8,Vf),u("a",{href:l.sponsorUrl,target:"_blank"},[D(i,{name:"heart"})],8,Gf)])])]))),256))]),o.credits.app.contributors.length||o.credits.php.contributors.length?(f(),v("div",Wf,[(f(!0),v(B,null,le(o.credits.app.contributors,l=>(f(),v("a",{class:"contributors-contributor",href:l.url,target:"_blank",title:l.userName},[u("div",{class:"contributor-avatar",style:ut(`background-image:url(${l.avatarUrl};`)},null,4)],8,zf))),256)),(f(!0),v(B,null,le(o.credits.php.contributors,l=>(f(),v("a",{class:"contributors-contributor",href:l.url,target:"_blank",title:l.userName},[u("div",{class:"contributor-avatar",style:ut(`background-image:url(${l.avatarUrl};`)},null,4)],8,Qf))),256))])):E("",!0)]),o.credits.app.sponsors.length?(f(),v("div",Yf,[t[2]||(t[2]=u("h2",null,"Sponsored by",-1)),u("div",Kf,[(f(!0),v(B,null,le(o.credits.app.sponsors,l=>(f(),v("a",{class:"sponsors-sponsor",href:l.url,target:"_blank",title:l.userName},[u("div",{class:"sponsor-avatar",style:ut(`background-image:url(${l.avatarUrl};`)},null,4)],8,Xf))),256))])])):E("",!0),o.credits.app.dependencies.length||o.credits.php.dependencies.length?(f(),v("div",Jf,[t[7]||(t[7]=u("h2",null,"Built with",-1)),u("div",Zf,[t[5]||(t[5]=u("h3",null,"Clockwork App",-1)),(f(!0),v(B,null,le(o.credits.app.dependencies,l=>(f(),v("div",ep,[u("div",null,[u("a",{href:l.url,target:"_blank"},T(l.name),9,tp),t[3]||(t[3]=z(" by ")),u("a",{href:l.authorUrl,target:"_blank"},T(l.author),9,sp)]),u("div",np,T(l.description),1)]))),256)),t[6]||(t[6]=u("h3",null,"Clockwork PHP",-1)),(f(!0),v(B,null,le(o.credits.php.dependencies,l=>(f(),v("div",rp,[u("div",null,[u("a",{href:l.url,target:"_blank"},T(l.name),9,op),t[4]||(t[4]=z(" by ")),u("a",{href:l.authorUrl,target:"_blank"},T(l.authors|e.join),9,ip)]),u("div",ap,T(l.description),1)]))),256))])])):E("",!0)])]),_:1},8,["shown"])}const cp=he(Pf,[["render",lp]]),up={name:"DetailsRequest"},dp={class:"content-request"},hp={class:"counters-row"},fp={key:0,class:"counter request-type"},pp={key:0,class:"type-text"},mp={key:1,class:"type-text"},gp={key:2,class:"type-text"},vp={key:3,class:"type-text"},bp={class:"counter request-main"},yp={class:"method-text"},Ep={class:"counter request-details"},Tp={class:"counters-group right-aligned"},wp={key:0,class:"counter request-alerts"},_p={class:"counter request-status"},Sp=["title"],Rp=["title"],Cp=["title"],Ap=["title"];function kp(e,t,s,n,r,o){const i=$("icon");return f(),v("div",dp,[u("div",hp,[e.$request.isCommand()||e.$request.isQueueJob()||e.$request.isTest()||e.$request.isAjax()?(f(),v("div",fp,[e.$request.isCommand()?(f(),v("span",pp,"CMD")):e.$request.isQueueJob()?(f(),v("span",mp,"QUEUE")):e.$request.isTest()?(f(),v("span",gp,"TEST")):e.$request.isAjax()?(f(),v("span",vp,"AJAX")):E("",!0)])):E("",!0),u("div",bp,[e.$request.isCommand()?(f(),v(B,{key:0},[z(T(e.$request.commandName),1)],64)):e.$request.isQueueJob()?(f(),v(B,{key:1},[z(T(e.$request.jobName),1)],64)):e.$request.isTest()?(f(),v(B,{key:2},[z(T(e.$request.testGroup),1)],64)):(f(),v(B,{key:3},[u("span",yp,T(e.$request.method),1),z(" "+T(e.$request.uri),1)],64))]),u("div",Ep,[e.$request.isCommand()?(f(),v(B,{key:0},[z(T(e.$request.commandLine),1)],64)):e.$request.isQueueJob()?(f(),v(B,{key:1},[z(T(e.$request.jobDescription),1)],64)):e.$request.isTest()?(f(),v(B,{key:2},[z(T(e.$request.testName),1)],64)):(f(),v(B,{key:3},[z(T(e.$request.controller),1)],64))]),u("div",Tp,[e.$request.errorsCount||e.$request.warningsCount?(f(),v("div",wp,[e.$request.errorsCount?(f(),J(i,{key:0,name:"alert-circle",class:"header-alert alert-errors"})):e.$request.warningsCount?(f(),J(i,{key:1,name:"alert-triangle",class:"header-alert alert-warnings"})):E("",!0)])):E("",!0),u("div",_p,[e.$request.isCommand()?(f(),v("span",{key:0,class:te({"status-text":!0,"client-error":e.$request.isCommandWarning(),"server-error":e.$request.isCommandError()}),title:e.$request.commandExitCode},T(e.$request.commandExitCode),11,Sp)):e.$request.isQueueJob()?(f(),v("span",{key:1,class:te({"status-text":!0,"status-text-small":!0,"client-error":e.$request.isQueueJobWarning(),"server-error":e.$request.isQueueJobError()}),title:e.$request.jobStatus},T(e.$request.jobStatus),11,Rp)):e.$request.isTest()?(f(),v("span",{key:2,class:te({"status-text":!0,"status-text-small":!0,"client-error":e.$request.isTestWarning(),"server-error":e.$request.isTestError()}),title:e.$request.testStatus},T(e.$request.testStatus),11,Cp)):(f(),v("span",{key:3,class:te({"status-text":!0,"client-error":e.$request.isClientError(),"server-error":e.$request.isServerError()}),title:e.$request.responseStatus},T(e.$request.responseStatus),11,Ap))])])])])}const Np=he(up,[["render",kp]]),Op={name:"Popover",data:()=>({shown:!1,classList:[]}),methods:{close(e){e&&this.$el.closest(".popover-container").contains(e.target)||(this.shown=!1)},async open(){this.shown=!0,await this.$nextTick();let t=this.$el.closest(".popover-viewport").getBoundingClientRect(),n=this.$el.closest(".popover-container").getBoundingClientRect();this.classList=[],t.left>n.left+n.width/2-200?this.classList=["left-aligned"]:t.right<n.left+n.width/2+200&&(this.classList=["right-aligned"])},toggle(){this.shown?this.close():this.open()}}},Ip={class:"popover-content"};function $p(e,t,s,n,r,o){const i=tc("on-click-outside");return e.shown?Oe((f(),v("div",{key:0,class:te(["popover",e.classList])},[u("div",Ip,[$t(e.$slots,"default")])],2)),[[i,o.close]]):E("",!0)}const Ic=he(Op,[["render",$p]]),Lp={name:"ShortenedText",props:["full"],data:()=>({expanded:!1}),methods:{expand(e){this.expanded||(e.stopPropagation(),e.preventDefault()),this.expanded=!0}}};function qp(e,t,s,n,r,o){return f(),v("span",{onClick:t[0]||(t[0]=i=>o.expand(i))},[e.expanded?(f(),v(B,{key:0},[z(T(s.full),1)],64)):$t(e.$slots,"default",{key:1})])}const bs=he(Lp,[["render",qp]]),Dp={name:"StackTrace",components:{Popover:Ic,ShortenedText:bs},props:["trace","file","line"],computed:{fullPath(){var e,t;return this.makeFullPath(this.file||((e=this.trace[0])==null?void 0:e.file),this.line||((t=this.trace[0])==null?void 0:t.line))},shortPath(){var e,t;return this.makeShortPath(this.file||((e=this.trace[0])==null?void 0:e.file),this.line||((t=this.trace[0])==null?void 0:t.line))}},methods:{togglePopover(e){this.trace&&(e.preventDefault(),this.$refs.popover.toggle())},makeFullPath(e,t){return`${e}:${t}`},makeShortPath(e,t){return this.makeFullPath(e,t).split(/[\/\\]/).pop()}}},Pp={class:"stack-trace popover-container"},xp=["href"],Mp={class:"stack-frame-call"},Up={class:"stack-frame-file"},Fp=["href"];function Hp(e,t,s,n,r,o){const i=$("shortened-text"),a=$("popover");return f(),v("div",Pp,[s.file||s.trace&&s.trace.length?(f(),v("a",{key:0,href:e.$editorLink(s.file||s.trace[0].file,s.line)},[D(i,{full:s.trace?o.shortPath:o.fullPath,onClick:t[0]||(t[0]=l=>o.togglePopover(l))},{default:ce(()=>[z(T(o.shortPath),1)]),_:1},8,["full"])],8,xp)):E("",!0),s.trace?(f(),J(a,{key:1,ref:"popover"},{default:ce(()=>[(f(!0),v(B,null,le(s.trace,l=>(f(),v("div",{class:te(["stack-frame",{"is-vendor":l.isVendor}])},[u("div",Mp,T(l.call),1),u("div",Up,[u("a",{href:e.$editorLink(l.file,l.line)},[D(i,{full:o.makeFullPath(l.file,l.line)},{default:ce(()=>[z(T(o.makeShortPath(l.file,l.line)),1)]),_:2},1032,["full"])],8,Fp)])],2))),256))]),_:1},512)):E("",!0)])}const ht=he(Dp,[["render",Hp]]),Bp={name:"ExceptionSection",components:{StackTrace:ht},props:["compact"],methods:{showPreviousException(e){this.$request.exceptions.push(e.previous),e.previous=void 0}}},jp={class:"exception-message"},Vp={key:0},Gp=["onClick"];function Wp(e,t,s,n,r,o){const i=$("icon"),a=$("stack-trace");return e.$request&&e.$request.exceptions.length?(f(),v("div",{key:0,class:te(["exception-section",{compact:s.compact}])},[(f(!0),v(B,null,le(e.$request.exceptions,(l,h)=>(f(),v("div",{class:"exception-info",key:`${e.$request.id}-${h}`},[u("div",jp,[s.compact?(f(),J(i,{key:0,name:"alert-circle"})):E("",!0),u("h3",null,[z(T(l.type)+" ",1),l.code?(f(),v("small",Vp,"#"+T(l.code),1)):E("",!0)]),z(" "+T(l.message),1)]),u("div",null,[l.previous?(f(),v("a",{key:0,href:"#",class:"exception-previous",onClick:ge(d=>o.showPreviousException(l),["prevent"]),title:"Show previous"},[D(i,{name:"arrow-down-circle"})],8,Gp)):E("",!0),D(a,{class:"exception-trace",trace:l.trace},null,8,["trace"])])]))),128))],2)):E("",!0)}const $c=he(Bp,[["render",Wp]]),zp={name:"ParentRequest",props:["compact"],data:()=>({parentRequest:null}),methods:{showRequestById(e){this.global.$request=this.$requests.findId(e)}},watch:{$request:{async handler(){this.parentRequest=null,!(!this.$request||!this.$request.parent||!this.$request.parent.id)&&(this.parentRequest=this.$requests.findId(this.$request.parent.id)||await this.$requests.loadId(this.$request.parent.id))},immediate:!0}}},Qp={key:0,class:"parent-name"},Yp={key:1,class:"parent-name"},Kp={key:2,class:"parent-name"},Xp={class:"parent-method"},Jp={class:"parent-uri"},Zp={class:"parent-close"};function em(e,t,s,n,r,o){return e.parentRequest?(f(),v("div",{key:0,class:te(["parent-request",{compact:s.compact}])},[u("div",null,[t[4]||(t[4]=u("div",{class:"parent-title"}," Subrequest of ",-1)),e.parentRequest.isCommand()?(f(),v("div",Qp,[t[1]||(t[1]=u("span",{class:"type-text"},"CMD",-1)),z(" "+T(e.parentRequest.commandName),1)])):e.parentRequest.isQueueJob()?(f(),v("div",Yp,[t[2]||(t[2]=u("span",{class:"type-text"},"QUEUE",-1)),z(" "+T(e.parentRequest.jobName),1)])):(f(),v("div",Kp,[u("span",Xp,T(e.parentRequest.method),1),t[3]||(t[3]=z()),u("span",Jp,T(e.parentRequest.uri),1)]))]),u("div",Zp,[u("a",{onClick:t[0]||(t[0]=i=>o.showRequestById(e.parentRequest.id)),href:"#"},"Show")])],2)):E("",!0)}const Lc=he(zp,[["render",em]]),tm={name:"MessagesOverlay",components:{ExceptionSection:$c,ParentRequest:Lc,StackTrace:ht},data:()=>({updateNotification:!1}),methods:{closeUpdateNotification(){this.$updateNotification.ignoreUpdate(this.$requests.remoteUrl),this.updateNotification=!1}},watch:{"$requests.remoteUrl":{handler(){this.updateNotification=this.$updateNotification.show(this.$requests.remoteUrl)},immediate:!0},"$updateNotification.serverVersion":function(){this.updateNotification=this.$updateNotification.show(this.$requests.remoteUrl)}}},sm={class:"messages-overlay"},nm={key:2,class:"update-notification"},rm=["href"],om={class:"updateNotification-close"};function im(e,t,s,n,r,o){const i=$("parent-request"),a=$("exception-section"),l=$("icon");return f(),v("div",sm,[e.$settings.global.requestSidebarCollapsed?(f(),J(i,{key:0,compact:"true"})):E("",!0),e.$settings.global.requestSidebarCollapsed?(f(),J(a,{key:1,compact:"true"})):E("",!0),e.updateNotification?(f(),v("div",nm,[D(l,{name:"info"}),u("span",null,[t[1]||(t[1]=z(" A new Clockwork server-side version ")),u("strong",null,T(e.updateNotification.version),1),t[2]||(t[2]=z(" is available, you are using ")),u("strong",null,T(e.updateNotification.currentVersion),1),t[3]||(t[3]=z(". ")),e.updateNotification.url?(f(),v("a",{key:0,href:e.updateNotification.url,target:"_blank"},"Read more",8,rm)):E("",!0)]),u("span",om,[u("a",{onClick:t[0]||(t[0]=(...h)=>o.closeUpdateNotification&&o.closeUpdateNotification(...h)),href:"#"},"Close")])])):E("",!0)])}const am=he(tm,[["render",im]]),lm="img/appearance-auto-icon.png",cm="img/appearance-light-icon.png",um="img/appearance-dark-icon.png",dm={name:"SettingsModal",components:{Modal:vs},data:()=>({showPersistWarning:!1,showAdvancedSettings:!1}),methods:{setAppearance(e){this.$settings.global.appearance=e,this.save()},save(){this.$settings.save(),this.$onDemand.enableProfiling()},showCredits(){this.$settings.toggle(),this.$credits.toggle()},closed(){this.showAdvancedSettings=!1}}},hm={class:"settings-modal"},fm={key:0,class:"settings-warning"},pm={class:"warning-text"},mm={key:0,class:"warning-details"},gm={class:"controls-group"},vm={class:"controls"},bm={class:"appearance-controls"},ym={class:"controls-group"},Em={class:"controls"},Tm={key:0,class:"help-text"},wm={class:"controls-group"},_m={class:"controls"},Sm={class:"controls-input-vgroup"},Rm={key:1,class:"controls-group"},Cm={class:"controls"},Am={key:2,class:"controls-group"},km={class:"controls"},Nm={class:"controls-checkbox"},Om={class:"controls-checkbox"},Im={key:3,class:"controls-group"},$m={class:"controls"},Lm={class:"controls-checkbox"},qm={class:"controls-checkbox"},Dm={class:"controls-checkbox"},Pm={key:4,class:"controls-group"},xm={class:"controls"},Mm={key:5,class:"controls-group"},Um={class:"controls"},Fm={class:"settings-footer"};function Hm(e,t,s,n,r,o){const i=$("modal");return f(),J(i,{icon:"settings",title:"Settings",shown:e.$settings.shown,"onUpdate:shown":t[26]||(t[26]=a=>e.$settings.shown=a),"on-close":o.closed},{default:ce(()=>[u("div",hm,[e.$settings.persistent?E("",!0):(f(),v("div",fm,[u("div",pm,[t[27]||(t[27]=u("span",{class:"warning-label"},"Warning",-1)),t[28]||(t[28]=u("span",null,"Settings can't be saved.",-1)),u("a",{href:"#",onClick:t[0]||(t[0]=ge(a=>e.showPersistWarning=!0,["prevent"]))},"More info")]),e.showPersistWarning?(f(),v("div",mm,' Tapped uses the "local storage" api to persist your settings. Please make sure the access to "local storage" is allowed for this app. ')):E("",!0)])),u("div",gm,[t[32]||(t[32]=u("label",{for:"settings-editor"},"Appearance",-1)),u("div",vm,[u("div",bm,[u("div",{class:te(["option",{selected:e.$settings.global.appearance=="auto"}]),onClick:t[1]||(t[1]=a=>o.setAppearance("auto"))},t[29]||(t[29]=[u("img",{src:lm},null,-1),z(" Auto ")]),2),u("div",{class:te(["option",{selected:e.$settings.global.appearance=="light"}]),onClick:t[2]||(t[2]=a=>o.setAppearance("light"))},t[30]||(t[30]=[u("img",{src:cm},null,-1),z(" Light ")]),2),u("div",{class:te(["option",{selected:e.$settings.global.appearance=="dark"}]),onClick:t[3]||(t[3]=a=>o.setAppearance("dark"))},t[31]||(t[31]=[u("img",{src:um},null,-1),z(" Dark ")]),2)])])]),u("div",ym,[t[35]||(t[35]=u("label",{for:"settings-editor"},"Code editor",-1)),u("div",Em,[Oe(u("select",{id:"settings-editor","onUpdate:modelValue":t[4]||(t[4]=a=>e.$settings.global.editor=a),onChange:t[5]||(t[5]=(...a)=>o.save&&o.save(...a))},t[33]||(t[33]=[u("option",{value:"phpstorm"},"PhpStorm",-1),u("option",{value:"sublime"},"Sublime Text",-1),u("option",{value:"vs-code"},"Visual Studio Code",-1)]),544),[[_f,e.$settings.global.editor]]),e.$settings.global.editor=="sublime"?(f(),v("div",Tm,t[34]||(t[34]=[z(" Requires "),u("a",{href:"https://github.com/inopinatus/sublime_url",target:"_blank"},"sublime_url",-1),z(" on MacOS. Not supported on other platforms. ")]))):E("",!0)])]),u("div",wm,[t[37]||(t[37]=u("label",{for:"settings-local-path-map"},"Code path",-1)),u("div",_m,[u("div",Sm,[Oe(u("input",{type:"text",name:"settings-local-path-map-real","onUpdate:modelValue":t[6]||(t[6]=a=>e.$settings.site.localPathMap.real=a),placeholder:"/real/path",onChange:t[7]||(t[7]=(...a)=>o.save&&o.save(...a))},null,544),[[gt,e.$settings.site.localPathMap.real]]),Oe(u("input",{type:"text",name:"settings-local-path-map-local","onUpdate:modelValue":t[8]||(t[8]=a=>e.$settings.site.localPathMap.local=a),placeholder:"/local/path",onChange:t[9]||(t[9]=(...a)=>o.save&&o.save(...a))},null,544),[[gt,e.$settings.site.localPathMap.local]])]),t[36]||(t[36]=u("div",{class:"help-text"}," Map a remote path to a local path when developing on a remote server or a virtual machine. ",-1))])]),e.$platform.hasFeature("requests-list")?(f(),v("div",Rm,[t[39]||(t[39]=u("label",{for:"settings-on-demand-secret"},"On-demand",-1)),u("div",Cm,[Oe(u("input",{type:"text",name:"settings-on-demand-secret",placeholder:"secret","onUpdate:modelValue":t[10]||(t[10]=a=>e.$settings.site.onDemandSecret=a),onChange:t[11]||(t[11]=(...a)=>o.save&&o.save(...a))},null,544),[[gt,e.$settings.site.onDemandSecret]]),t[38]||(t[38]=u("div",{class:"help-text"}," Only used if the server-side has on-demand mode with secret enabled. ",-1))])])):E("",!0),e.$platform.hasFeature("requests-list")?(f(),v("div",Am,[t[42]||(t[42]=u("label",null,null,-1)),u("div",km,[u("label",Nm,[Oe(u("input",{type:"checkbox","onUpdate:modelValue":t[12]||(t[12]=a=>e.$settings.global.showIncomingRequests=a),onChange:t[13]||(t[13]=(...a)=>o.save&&o.save(...a))},null,544),[[Ot,e.$settings.global.showIncomingRequests]]),t[40]||(t[40]=z(" Foxus incoming requests "))]),u("label",Om,[Oe(u("input",{type:"checkbox","onUpdate:modelValue":t[14]||(t[14]=a=>e.$settings.global.preserveLog=a),onChange:t[15]||(t[15]=(...a)=>o.save&&o.save(...a))},null,544),[[Ot,e.$settings.global.preserveLog]]),t[41]||(t[41]=z(" Keep requests log "))])])])):E("",!0),e.$platform.hasFeature("requests-list")?(f(),v("div",Im,[t[46]||(t[46]=u("label",null,null,-1)),u("div",$m,[u("label",Lm,[Oe(u("input",{type:"checkbox","onUpdate:modelValue":t[16]||(t[16]=a=>e.$settings.global.hideCommandTypeRequests=a),onChange:t[17]||(t[17]=(...a)=>o.save&&o.save(...a))},null,544),[[Ot,e.$settings.global.hideCommandTypeRequests]]),t[43]||(t[43]=z(" Hide commands in requests list "))]),u("label",qm,[Oe(u("input",{type:"checkbox","onUpdate:modelValue":t[18]||(t[18]=a=>e.$settings.global.hideQueueJobTypeRequests=a),onChange:t[19]||(t[19]=(...a)=>o.save&&o.save(...a))},null,544),[[Ot,e.$settings.global.hideQueueJobTypeRequests]]),t[44]||(t[44]=z(" Hide queue jobs in requests list "))]),u("label",Dm,[Oe(u("input",{type:"checkbox","onUpdate:modelValue":t[20]||(t[20]=a=>e.$settings.global.hideTestTypeRequests=a),onChange:t[21]||(t[21]=(...a)=>o.save&&o.save(...a))},null,544),[[Ot,e.$settings.global.hideTestTypeRequests]]),t[45]||(t[45]=z(" Hide tests in requests list "))])])])):E("",!0),e.showAdvancedSettings?(f(),v("div",Pm,[t[48]||(t[48]=u("label",{for:"settings-on-demand-secret"},"Sharing URL",-1)),u("div",xm,[Oe(u("input",{type:"text",name:"settings-sharing-url",placeholder:"https://clockwork.underground.works/ingest","onUpdate:modelValue":t[22]||(t[22]=a=>e.$settings.site.sharingUrl=a),onChange:t[23]||(t[23]=(...a)=>o.save&&o.save(...a))},null,544),[[gt,e.$settings.site.sharingUrl]]),t[47]||(t[47]=u("div",{class:"help-text"}," Set the sharing service URL, in case of running your own instance. ",-1))])])):E("",!0),e.showAdvancedSettings?E("",!0):(f(),v("div",Mm,[t[49]||(t[49]=u("label",null,null,-1)),u("div",Um,[u("a",{href:"#",onClick:t[24]||(t[24]=ge(a=>e.showAdvancedSettings=!0,["prevent"]))},"Show advanced")])])),u("div",Fm,[z(" Version "+T(e.$credits.version)+" • ",1),u("a",{href:"#",onClick:t[25]||(t[25]=ge((...a)=>o.showCredits&&o.showCredits(...a),["prevent"]))},"Credits")])])]),_:1},8,["shown","on-close"])}const Bm=he(dm,[["render",Hm]]),jm={name:"SharingModal",components:{Modal:vs},data:()=>({filter:{performance:!0,log:!0,events:!0,models:!0,database:!0,cache:!0,redis:!0,queue:!0,views:!0,notifications:!0,routes:!0,output:!0,userData:!0},isCopied:!1,error:!1}),computed:{sections(){var e,t;return[{text:"Performance",name:"performance",icon:"activity",available:!0,readonly:!0},{text:"Log",name:"log",icon:"edit-2",available:this.shownSections.log},{text:"Events",name:"events",icon:"zap",available:this.shownSections.events},{text:"Models",name:"models",icon:"disc",available:this.shownSections.models},{text:"Database",name:"database",icon:"database",available:this.shownSections.database},{text:"Cache",name:"cache",icon:"paperclip",available:this.shownSections.cache},{text:"Redis",name:"redis",icon:"layers",available:this.shownSections.redis},{text:"Queue",name:"queue",icon:"clock",available:this.shownSections.queue},{text:"Views",name:"views",icon:"image",available:this.shownSections.views},{text:"Notifications",name:"notifications",icon:"mail",available:this.shownSections.notifications},{text:"Routes",name:"routes",icon:"map",available:this.shownSections.routes},{text:"Output",name:"output",icon:"terminal",available:this.shownSections.output},{text:"Custom tabs",name:"userData",icon:"menu",available:(t=(e=this.$request)==null?void 0:e.userData)==null?void 0:t.length}]},shownSections(){var e,t,s,n,r,o,i,a,l,h,d,p,g,y,A,k,j,W,C,R,O;return{log:((t=(e=this.$request)==null?void 0:e.log)==null?void 0:t.length)>0,models:["modelsRetrieved","modelsCreated","modelsUpdated","modelsDeleted"].some(q=>{var L;return(L=this.$request)==null?void 0:L[q]})||((s=this.$request)==null?void 0:s.modelsActions.length)>0,database:((n=this.$request)==null?void 0:n.databaseQueriesCount)>0||((o=(r=this.$request)==null?void 0:r.databaseQueries)==null?void 0:o.length)>0,cache:["cacheReads","cacheHits","cacheWrites","cacheDeletes","cacheTime"].some(q=>{var L;return(L=this.$request)==null?void 0:L[q]})||((i=this.$request)==null?void 0:i.cacheQueries.length)>0,redis:((l=(a=this.$request)==null?void 0:a.redisCommands)==null?void 0:l.length)>0,queue:((d=(h=this.$request)==null?void 0:h.queueJobs)==null?void 0:d.length)>0,events:((g=(p=this.$request)==null?void 0:p.events)==null?void 0:g.length)>0,views:((A=(y=this.$request)==null?void 0:y.viewsData)==null?void 0:A.events.length)>0,notifications:((j=(k=this.$request)==null?void 0:k.notifications)==null?void 0:j.length)>0,routes:((C=(W=this.$request)==null?void 0:W.routes)==null?void 0:C.length)>0,output:((O=(R=this.$request)==null?void 0:R.commandOutput)==null?void 0:O.length)>0}},filterAll:{get(){return this.sections.every(e=>!e.available||this.filter[e.name])},set(e){this.sections.filter(t=>t.available&&!t.readonly).forEach(t=>this.filter[t.name]=e)}},errorMessage(){return this.error=="metadata-too-large"?"Shared request metadata is too large, please try selecting fewer sections.":this.error=="temporarily-unavailable"?"Share service is temporarily unavailable, please try again later.":"Unexpected error, please try again later."}},methods:{share(){this.$sharing.share(this.$request,this.filter).then(e=>{if(e&&e.error)return this.error=e.error;this.$copyText(this.$request.shareUrl).then(()=>this.isCopied=!0)})}},watch:{filter:{handler:function(){this.$sharing.clear(this.$request),this.isCopied=!1},deep:!0},$request:function(){this.isCopied=!1},"$sharing.shown":function(){this.isCopied=this.error=!1}}},Vm={class:"sharing-modal"},Gm={class:"sharing-content"},Wm={class:"item-text"},zm=["onUpdate:modelValue","disabled"],Qm={key:0,class:"error-message"},Ym={key:1,class:"sharing-terms"};function Km(e,t,s,n,r,o){const i=$("icon"),a=$("spinner"),l=$("modal");return f(),J(l,{icon:"share",title:"Share",shown:e.$sharing.shown,"onUpdate:shown":t[3]||(t[3]=h=>e.$sharing.shown=h)},{default:ce(()=>[u("div",Vm,[e.$sharing.termsAccepted?(f(),v(B,{key:0},[u("div",Gm,[u("label",{class:te(["content-item item-all",{active:o.filterAll}])},[t[4]||(t[4]=u("span",{class:"item-text"},"All",-1)),Oe(u("input",{type:"checkbox","onUpdate:modelValue":t[0]||(t[0]=h=>o.filterAll=h)},null,512),[[Ot,o.filterAll]])],2),(f(!0),v(B,null,le(o.sections,h=>(f(),v("label",{class:te(["content-item",{active:e.filter[h.name]&&h.available,unavailable:!h.available}])},[D(i,{name:h.icon},null,8,["name"]),u("span",Wm,T(h.text),1),Oe(u("input",{type:"checkbox","onUpdate:modelValue":d=>e.filter[h.name]=d,disabled:h.readonly||!h.available},null,8,zm),[[Ot,e.filter[h.name]]])],2))),256))]),e.error?(f(),v("p",Qm,T(o.errorMessage),1)):E("",!0),u("a",{href:"#",class:"button",onClick:t[1]||(t[1]=ge((...h)=>o.share&&o.share(...h),["prevent"]))},[e.isCopied?(f(),v(B,{key:0},[z(" Copied to clipboard! ")],64)):e.$sharing.inProgress?(f(),v(B,{key:1},[D(a,{width:"16",height:"16","no-fade-in":!0,color:e.$settings.appearance=="dark"?"#f27e02":"#258cdb"},null,8,["color"]),t[5]||(t[5]=z(" Sharing... "))],64)):(f(),v(B,{key:2},[z(" Share ")],64))])],64)):(f(),v("div",Ym,[u("h1",null,[D(i,{name:"users"})]),t[6]||(t[6]=u("p",null,"Request will be uploaded to the Clockwork Cloud servers and a unique public link generated for you.",-1)),t[7]||(t[7]=u("h2",null,"Deleting",-1)),t[8]||(t[8]=u("ul",null,[u("li",null,"You can delete the request anytime via the shared link."),u("li",null,"Shared links might expire after a few weeks.")],-1)),t[9]||(t[9]=u("h2",null,"Privacy",-1)),t[10]||(t[10]=u("ul",null,[u("li",null,"Shared requests are hosted on DigitalOcean servers."),u("li",null,"Collected data is never shared with third-parties.")],-1)),u("a",{href:"#",onClick:t[2]||(t[2]=ge(h=>e.$sharing.acceptTerms(),["prevent"])),class:"button"},"Continue")]))])]),_:1},8,["shown"])}const Xm=he(jm,[["render",Km]]),Jm={name:"SharingDeleteModal",components:{Modal:vs},data:()=>({deleting:!1,deleted:!1}),methods:{deleteShared(){this.deleting=!0,this.$sharing.deleteShared().then(()=>this.deleted=!0)}}},Zm={class:"delete-shared-modal"};function eg(e,t,s,n,r,o){const i=$("icon"),a=$("spinner"),l=$("modal");return f(),J(l,{icon:"trash-2",title:"Delete",shown:e.$sharing.shownDelete,"onUpdate:shown":t[1]||(t[1]=h=>e.$sharing.shownDelete=h)},{default:ce(()=>[u("div",Zm,[u("h1",null,[e.deleted?(f(),J(i,{key:0,name:"check-circle"})):(f(),J(i,{key:1,name:"trash-2"}))]),u("p",null,[e.deleted?(f(),v(B,{key:0},[z(" Shared request was successfully deleted. ")],64)):(f(),v(B,{key:1},[z(" Are you sure you want to delete this shared request? ")],64))]),u("a",{href:"#",onClick:t[0]||(t[0]=ge((...h)=>o.deleteShared&&o.deleteShared(...h),["prevent"])),class:"button"},[e.deleted?(f(),v(B,{key:0},[z(" Deleted! ")],64)):e.deleting?(f(),v(B,{key:1},[D(a,{width:"16",height:"16","no-fade-in":!0,color:e.$settings.appearance=="dark"?"#f27e02":"#258cdb"},null,8,["color"]),t[2]||(t[2]=z(" Deleting... "))],64)):(f(),v(B,{key:2},[z(" Delete ")],64))])])]),_:1},8,["shown"])}const tg=he(Jm,[["render",eg]]),sg={name:"TabHandle",props:["text","name","icon","badge","active","short","full"],methods:{selectTab(){this.$emit("tab-selected",this.name)}}},ng={key:1,class:"tab-title"},rg={key:2,class:"tab-badge"};function og(e,t,s,n,r,o){const i=$("icon");return f(),v("a",{onClick:t[0]||(t[0]=(...a)=>o.selectTab&&o.selectTab(...a)),class:te(["details-header-tab",{active:s.active,short:s.short,full:s.full}]),href:"#"},[s.icon?(f(),J(i,{key:0,name:s.icon,title:s.text},null,8,["name","title"])):E("",!0),s.short?E("",!0):(f(),v("div",ng,T(s.text),1)),s.badge&&!s.short?(f(),v("div",rg,T(s.badge),1)):E("",!0)],2)}const ig=he(sg,[["render",og]]);var to=ag;function ag(e,t,s){var n=null,r=null,o=function(){n&&(clearTimeout(n),r=null,n=null)},i=function(){var l=r;o(),l&&l()},a=function(){if(!t)return e.apply(this,arguments);var l=this,h=arguments,d=s&&!n;if(o(),r=function(){e.apply(l,h)},n=setTimeout(function(){if(n=null,!d){var p=r;return r=null,p()}},t),d)return r()};return a.cancel=o,a.flush=i,a}const lg={name:"TabBar",components:{TabHandle:ig},props:{tabs:{default:()=>[]},activeTab:{}},data:()=>({shortTabs:[],fullTabs:[]}),computed:{shownTabs(){return this.tabs.filter(e=>e.shown)}},methods:{hideOverflowingTabs(){this.shortTabs=[],this.fullTabs=[],this.$nextTick(()=>this.hideNextOverflowingTab())},hideNextOverflowingTab(){if(this.$el.scrollWidth<=this.$el.clientWidth)return;let e=this.tabs.indexOf(this.tabs.find(s=>s.name==this.activeTab)),t=this.tabs.slice().sort((s,n)=>Math.abs(e-this.tabs.indexOf(n))-Math.abs(e-this.tabs.indexOf(s))).find(s=>!this.shortTabs.includes(s));if(!t||t.name==this.activeTab)return this.fullTabs=this.tabs.filter(s=>!this.shortTabs.includes(s));this.shortTabs.push(t),this.$nextTick(()=>this.hideNextOverflowingTab())}},watch:{tabs(){this.hideOverflowingTabs()},activeTab(){this.hideOverflowingTabs()}},mounted(){this.resizeObserver=new ResizeObserver(to(()=>this.hideOverflowingTabs(),10)),this.resizeObserver.observe(this.$el)}},cg={class:"details-header-tabs"};function ug(e,t,s,n,r,o){const i=$("tab-handle");return f(),v("div",cg,[(f(!0),v(B,null,le(o.shownTabs,a=>(f(),J(i,{key:a.name,text:a.text,name:a.name,icon:a.icon,active:a.name==s.activeTab,short:e.shortTabs.includes(a),full:e.fullTabs.includes(a),onTabSelected:t[0]||(t[0]=l=>e.$emit("tab-selected",l))},{default:ce(()=>[z(T(a.text),1)]),_:2},1032,["text","name","icon","active","short","full"]))),128))])}const dg=he(lg,[["render",ug]]),hg={name:"DetailsTableFilterToggle",props:["filter"]};function fg(e,t,s,n,r,o){const i=$("icon");return f(),v("a",{href:"#",class:"toggle-filter",onClick:t[0]||(t[0]=ge(a=>s.filter.toggle(a),["stop"]))},[D(i,{name:"search"})])}const _i=he(hg,[["render",fg]]);class pg{constructor(t){if(t instanceof Object||(t=this.parseJson(t)),!(t instanceof Object))throw new Ra("Input does not contain serialized object.");this.data=t}parseJson(t){try{return JSON.parse(t)}catch(s){throw new Ra("Input is not a valid JSON string.",s)}}print(t){t.innerHTML=this.generateHtml()}generateHtml(){let[t,s]=this.resolveValueAndType(this.data);return this.createElement("ul",{class:"pretty-jason"},[this.createElement("li",{},[this.createElement("span",{data:{rendered:!0},click:n=>this.objectNodeClickedCallback(n)},[this.createElement("span",{class:"pretty-jason-icon",html:'<i class="pretty-jason-icon-closed"></i>'}),this.createElement("span",{text:`${t} `})]),this.generateHtmlPreview(this.data),this.generateHtmlNode(this.data)])])}generateHtmlNode(t){return this.createElement("ul",{style:{display:"none"}},Object.keys(t).filter(s=>!["__class__","__type__","__hash__"].includes(s)).map(s=>{let[n,r]=this.resolveValueAndType(t[s]);return this.createElement("li",{data:{key:s}},[this.createElement("span",{click:r=="object"?o=>this.objectNodeClickedCallback(o):void 0},[this.createElement("span",{class:"pretty-jason-icon",html:r=="object"?'<i class="pretty-jason-icon-closed"></i>':void 0}),this.createElement("span",{class:"pretty-jason-key",text:`${s}: `}),this.createElement("span",{class:`pretty-jason-value-${r}`,text:n})])])}))}generateHtmlPreview(t){return this.createElement("span",{class:"pretty-jason-preview"},Object.keys(t).filter(s=>!["__class__","__type__","__hash__"].includes(s)).slice(0,3).map(s=>{let[n,r]=this.resolveValueAndType(t[s]);return r=="string"&&n.length>=104&&(n=n.substring(0,101)+'…"'),this.createElement("span",{class:"pretty-jason-preview-item"},[this.createElement("span",{class:"pretty-jason-key",text:`${s}: `}),this.createElement("span",{class:`pretty-jason-value-${r}`,text:n})])}).concat(Object.keys(t).length>3?[this.createElement("span",{class:"pretty-jason-preview-item",text:"..."})]:[]))}resolveValueAndType(t){return t===null?["null","null"]:t===void 0?["undefined","undefined"]:typeof t=="boolean"?[t?"true":"false","boolean"]:typeof t=="string"?[`"${t}"`,"string"]:typeof t=="object"?t.__type__=="array"?[`Array(${Object.values(t).length-1})`,"object"]:t.__type__&&t.__type__!="object"?[t.__type__,t.__type__.replace(" ","-")]:[t.__class__||"Object","object"]:[t.toString(),typeof t]}objectNodeClickedCallback(t){let s=t.currentTarget;this.isNodeExpanded(s)?this.collapseNode(s,t.ctrlKey||t.metaKey):this.expandNode(s,t.ctrlKey||t.metaKey)}isNodeExpanded(t){let s=t.parentNode.querySelector("ul");return s&&s.style.display!="none"}expandNode(t,s){this.renderObjectNode(t);let n=t.parentNode.querySelector("ul"),r=t.querySelector("i");r.classList.remove("pretty-jason-icon-closed","pretty-jason-icon-open"),n.style.display="block",r.classList.add("pretty-jason-icon-open"),s&&n.querySelectorAll(".pretty-jason-icon-closed").forEach(o=>{this.expandNode(o.parentNode.parentNode,s)})}collapseNode(t,s){let n=t.parentNode.querySelector("ul"),r=t.querySelector("i");r.classList.remove("pretty-jason-icon-closed","pretty-jason-icon-open"),n.style.display="none",r.classList.add("pretty-jason-icon-closed"),s&&n.querySelectorAll(".pretty-jason-icon-open").forEach(o=>{this.collapseNode(o.parentNode.parentNode,s)})}renderObjectNode(t){if(t.dataset.rendered)return;let s=[],n=t;for(;n=n.parentNode;)if(!(n.tagName!="LI"||!("key"in n.dataset))){if(n.classList.contains("pretty-jason"))break;s.unshift(n.dataset.key)}t.parentNode.append(this.generateHtmlNode(this.getDataFromPath(s))),t.dataset.rendered=!0}getDataFromPath(t){let s=this.data,n;for(;(n=t.shift())!==void 0;)s=s[n];return s}createElement(t,s,n){let r=document.createElement(t);return s.html&&(r.innerHTML=s.html),s.text&&(r.innerText=s.text),s.class&&r.classList.add(s.class),s.style instanceof Object&&Object.keys(s.style).forEach(o=>r.style[o]=s.style[o]),s.data instanceof Object&&Object.keys(s.data).forEach(o=>r.dataset[o]=s.data[o]),s.click&&r.addEventListener("click",s.click),n instanceof Array&&n.forEach(o=>r.append(o)),r}}class Ra{constructor(t,s){this.message=t,this.exception=s}}const mg="aaa1rp3bb0ott3vie4c1le2ogado5udhabi7c0ademy5centure6ountant0s9o1tor4d0s1ult4e0g1ro2tna4f0l1rica5g0akhan5ency5i0g1rbus3force5tel5kdn3l0ibaba4pay4lfinanz6state5y2sace3tom5m0azon4ericanexpress7family11x2fam3ica3sterdam8nalytics7droid5quan4z2o0l2partments8p0le4q0uarelle8r0ab1mco4chi3my2pa2t0e3s0da2ia2sociates9t0hleta5torney7u0ction5di0ble3o3spost5thor3o0s4vianca6w0s2x0a2z0ure5ba0by2idu3namex3narepublic11d1k2r0celona5laycard4s5efoot5gains6seball5ketball8uhaus5yern5b0c1t1va3cg1n2d1e0ats2uty4er2ntley5rlin4st0buy5t2f1g1h0arti5i0ble3d1ke2ng0o3o1z2j1lack0friday9ockbuster8g1omberg7ue3m0s1w2n0pparibas9o0ats3ehringer8fa2m1nd2o0k0ing5sch2tik2on4t1utique6x2r0adesco6idgestone9oadway5ker3ther5ussels7s1t1uild0ers6siness6y1zz3v1w1y1z0h3ca0b1fe2l0l1vinklein9m0era3p2non3petown5ital0one8r0avan4ds2e0er0s4s2sa1e1h1ino4t0ering5holic7ba1n1re3c1d1enter4o1rn3f0a1d2g1h0anel2nel4rity4se2t2eap3intai5ristmas6ome4urch5i0priani6rcle4sco3tadel4i0c2y3k1l0aims4eaning6ick2nic1que6othing5ud3ub0med6m1n1o0ach3des3ffee4llege4ogne5m0cast4mbank4unity6pany2re3uter5sec4ndos3struction8ulting7tact3ractors9oking4l1p2rsica5untry4pon0s4rses6pa2r0edit0card4union9icket5own3s1uise0s6u0isinella9v1w1x1y0mru3ou3z2dabur3d1nce3ta1e1ing3sun4y2clk3ds2e0al0er2s3gree4livery5l1oitte5ta3mocrat6ntal2ist5si0gn4v2hl2iamonds6et2gital5rect0ory7scount3ver5h2y2j1k1m1np2o0cs1tor4g1mains5t1wnload7rive4tv2ubai3nlop4pont4rban5vag2r2z2earth3t2c0o2deka3u0cation8e1g1mail3erck5nergy4gineer0ing9terprises10pson4quipment8r0icsson6ni3s0q1tate5t1u0rovision8s2vents5xchange6pert3osed4ress5traspace10fage2il1rwinds6th3mily4n0s2rm0ers5shion4t3edex3edback6rrari3ero6i0delity5o2lm2nal1nce1ial7re0stone6mdale6sh0ing5t0ness6j1k1lickr3ghts4r2orist4wers5y2m1o0o0d1tball6rd1ex2sale4um3undation8x2r0ee1senius7l1ogans4ntier7tr2ujitsu5n0d2rniture7tbol5yi3ga0l0lery3o1up4me0s3p1rden4y2b0iz3d0n2e0a1nt0ing5orge5f1g0ee3h1i0ft0s3ves2ing5l0ass3e1obal2o4m0ail3bh2o1x2n1odaddy5ld0point6f2o0dyear5g0le4p1t1v2p1q1r0ainger5phics5tis4een3ipe3ocery4up4s1t1u0ardian6cci3ge2ide2tars5ru3w1y2hair2mburg5ngout5us3bo2dfc0bank7ealth0care8lp1sinki6re1mes5iphop4samitsu7tachi5v2k0t2m1n1ockey4ldings5iday5medepot5goods5s0ense7nda3rse3spital5t0ing5t0els3mail5use3w2r1sbc3t1u0ghes5yatt3undai7ibm2cbc2e1u2d1e0ee3fm2kano4l1m0amat4db2mo0bilien9n0c1dustries8finiti5o2g1k1stitute6urance4e4t0ernational10uit4vestments10o1piranga7q1r0ish4s0maili5t0anbul7t0au2v3jaguar4va3cb2e0ep2tzt3welry6io2ll2m0p2nj2o0bs1urg4t1y2p0morgan6rs3uegos4niper7kaufen5ddi3e0rryhotels6logistics9properties14fh2g1h1i0a1ds2m1ndle4tchen5wi3m1n1oeln3matsu5sher5p0mg2n2r0d1ed3uokgroup8w1y0oto4z2la0caixa5mborghini8er3ncaster6d0rover6xess5salle5t0ino3robe5w0yer5b1c1ds2ease3clerc5frak4gal2o2xus4gbt3i0dl2fe0insurance9style7ghting6ke2lly3mited4o2ncoln4k2psy3ve1ing5k1lc1p2oan0s3cker3us3l1ndon4tte1o3ve3pl0financial11r1s1t0d0a3u0ndbeck6xe1ury5v1y2ma0drid4if1son4keup4n0agement7go3p1rket0ing3s4riott5shalls7ttel5ba2c0kinsey7d1e0d0ia3et2lbourne7me1orial6n0u2rckmsd7g1h1iami3crosoft7l1ni1t2t0subishi9k1l0b1s2m0a2n1o0bi0le4da2e1i1m1nash3ey2ster5rmon3tgage6scow4to0rcycles9v0ie4p1q1r1s0d2t0n1r2u0seum3ic4v1w1x1y1z2na0b1goya4me2tura4vy3ba2c1e0c1t0bank4flix4work5ustar5w0s2xt0direct7us4f0l2g0o2hk2i0co2ke1on3nja3ssan1y5l1o0kia3rton4w0ruz3tv4p1r0a1w2tt2u1yc2z2obi1server7ffice5kinawa6layan0group9dnavy5lo3m0ega4ne1g1l0ine5oo2pen3racle3nge4g0anic5igins6saka4tsuka4t2vh3pa0ge2nasonic7ris2s1tners4s1y3y2ccw3e0t2f0izer5g1h0armacy6d1ilips5one2to0graphy6s4ysio5ics1tet2ures6d1n0g1k2oneer5zza4k1l0ace2y0station9umbing5s3m1n0c2ohl2ker3litie5rn2st3r0america6xi3ess3ime3o0d0uctions8f1gressive8mo2perties3y5tection8u0dential9s1t1ub2w0c2y2qa1pon3uebec3st5racing4dio4e0ad1lestate6tor2y4cipes5d0stone5umbrella9hab3ise0n3t2liance6n0t0als5pair3ort3ublican8st0aurant8view0s5xroth6ich0ardli6oh3l1o1p2o0cks3deo3gers4om3s0vp3u0gby3hr2n2w0e2yukyu6sa0arland6fe0ty4kura4le1on3msclub4ung5ndvik0coromant12ofi4p1rl2s1ve2xo3b0i1s2c0a1b1haeffler7midt4olarships8ol3ule3warz5ience5ot3d1e0arch3t2cure1ity6ek2lect4ner3rvices6ven3w1x0y3fr2g1h0angrila6rp2w2ell3ia1ksha5oes2p0ping5uji3w3i0lk2na1gles5te3j1k0i0n2y0pe4l0ing4m0art3ile4n0cf3o0ccer3ial4ftbank4ware6hu2lar2utions7ng1y2y2pa0ce3ort2t3r0l2s1t0ada2ples4r1tebank4farm7c0group6ockholm6rage3e3ream4udio2y3yle4u0cks3pplies3y2ort5rf1gery5zuki5v1watch4iss4x1y0dney4stems6z2tab1ipei4lk2obao4rget4tamotors6r2too4x0i3c0i2d0k2eam2ch0nology8l1masek5nnis4va3f1g1h0d1eater2re6iaa2ckets5enda4ps2res2ol4j0maxx4x2k0maxx5l1m0all4n1o0day3kyo3ols3p1ray3shiba5tal3urs3wn2yota3s3r0ade1ing4ining5vel0ers0insurance16ust3v2t1ube2i1nes3shu4v0s2w1z2ua1bank3s2g1k1nicom3versity8o2ol2ps2s1y1z2va0cations7na1guard7c1e0gas3ntures6risign5mögensberater2ung14sicherung10t2g1i0ajes4deo3g1king4llas4n1p1rgin4sa1ion4va1o3laanderen9n1odka3lvo3te1ing3o2yage5u2wales2mart4ter4ng0gou5tch0es6eather0channel12bcam3er2site5d0ding5ibo2r3f1hoswho6ien2ki2lliamhill9n0dows4e1ners6me2olterskluwer11odside6rk0s2ld3w2s1tc1f3xbox3erox4finity6ihuan4n2xx2yz3yachts4hoo3maxun5ndex5e1odobashi7ga2kohama6u0tube6t1un3za0ppos4ra3ero3ip2m1one3uerich6w2",gg="ελ1υ2бг1ел3дети4ею2католик6ом3мкд2он1сква6онлайн5рг3рус2ф2сайт3рб3укр3қаз3հայ3ישראל5קום3ابوظبي5رامكو5لاردن4بحرين5جزائر5سعودية6عليان5مغرب5مارات5یران5بارت2زار4يتك3ھارت5تونس4سودان3رية5شبكة4عراق2ب2مان4فلسطين6قطر3كاثوليك6وم3مصر2ليسيا5وريتانيا7قع4همراه5پاکستان7ڀارت4कॉम3नेट3भारत0म्3ोत5संगठन5বাংলা5ভারত2ৰত4ਭਾਰਤ4ભારત4ଭାରତ4இந்தியா6லங்கை6சிங்கப்பூர்11భారత్5ಭಾರತ4ഭാരതം5ලංකා4คอม3ไทย3ລາວ3გე2みんな3アマゾン4クラウド4グーグル4コム2ストア3セール3ファッション6ポイント4世界2中信1国1國1文网3亚马逊3企业2佛山2信息2健康2八卦2公司1益2台湾1灣2商城1店1标2嘉里0大酒店5在线2大拿2天主教3娱乐2家電2广东2微博2慈善2我爱你3手机2招聘2政务1府2新加坡2闻2时尚2書籍2机构2淡马锡3游戏2澳門2点看2移动2组织机构4网址1店1站1络2联通2谷歌2购物2通販2集团2電訊盈科4飞利浦3食品2餐厅2香格里拉3港2닷넷1컴2삼성2한국2",$s=(e,t)=>{for(const s in t)e[s]=t[s];return e},Ko="numeric",Xo="ascii",Jo="alpha",Vn="asciinumeric",qn="alphanumeric",Zo="domain",qc="emoji",vg="scheme",bg="slashscheme",Ca="whitespace";function yg(e,t){return e in t||(t[e]=[]),t[e]}function hs(e,t,s){t[Ko]&&(t[Vn]=!0,t[qn]=!0),t[Xo]&&(t[Vn]=!0,t[Jo]=!0),t[Vn]&&(t[qn]=!0),t[Jo]&&(t[qn]=!0),t[qn]&&(t[Zo]=!0),t[qc]&&(t[Zo]=!0);for(const n in t){const r=yg(n,s);r.indexOf(e)<0&&r.push(e)}}function Eg(e,t){const s={};for(const n in t)t[n].indexOf(e)>=0&&(s[n]=!0);return s}function lt(e){e===void 0&&(e=null),this.j={},this.jr=[],this.jd=null,this.t=e}lt.groups={};lt.prototype={accepts(){return!!this.t},go(e){const t=this,s=t.j[e];if(s)return s;for(let n=0;n<t.jr.length;n++){const r=t.jr[n][0],o=t.jr[n][1];if(o&&r.test(e))return o}return t.jd},has(e,t){return t===void 0&&(t=!1),t?e in this.j:!!this.go(e)},ta(e,t,s,n){for(let r=0;r<e.length;r++)this.tt(e[r],t,s,n)},tr(e,t,s,n){n=n||lt.groups;let r;return t&&t.j?r=t:(r=new lt(t),s&&n&&hs(t,s,n)),this.jr.push([e,r]),r},ts(e,t,s,n){let r=this;const o=e.length;if(!o)return r;for(let i=0;i<o-1;i++)r=r.tt(e[i]);return r.tt(e[o-1],t,s,n)},tt(e,t,s,n){n=n||lt.groups;const r=this;if(t&&t.j)return r.j[e]=t,t;const o=t;let i,a=r.go(e);if(a?(i=new lt,$s(i.j,a.j),i.jr.push.apply(i.jr,a.jr),i.jd=a.jd,i.t=a.t):i=new lt,o){if(n)if(i.t&&typeof i.t=="string"){const l=$s(Eg(i.t,n),s);hs(o,l,n)}else s&&hs(o,s,n);i.t=o}return r.j[e]=i,i}};const be=(e,t,s,n,r)=>e.ta(t,s,n,r),pt=(e,t,s,n,r)=>e.tr(t,s,n,r),Aa=(e,t,s,n,r)=>e.ts(t,s,n,r),ee=(e,t,s,n,r)=>e.tt(t,s,n,r),Dt="WORD",ei="UWORD",bn="LOCALHOST",ti="TLD",si="UTLD",Gn="SCHEME",_s="SLASH_SCHEME",Si="NUM",Dc="WS",Ri="NL",sn="OPENBRACE",nn="CLOSEBRACE",lr="OPENBRACKET",cr="CLOSEBRACKET",ur="OPENPAREN",dr="CLOSEPAREN",hr="OPENANGLEBRACKET",fr="CLOSEANGLEBRACKET",pr="FULLWIDTHLEFTPAREN",mr="FULLWIDTHRIGHTPAREN",gr="LEFTCORNERBRACKET",vr="RIGHTCORNERBRACKET",br="LEFTWHITECORNERBRACKET",yr="RIGHTWHITECORNERBRACKET",Er="FULLWIDTHLESSTHAN",Tr="FULLWIDTHGREATERTHAN",wr="AMPERSAND",_r="APOSTROPHE",Sr="ASTERISK",Yt="AT",Rr="BACKSLASH",Cr="BACKTICK",Ar="CARET",Xt="COLON",Ci="COMMA",kr="DOLLAR",Ct="DOT",Nr="EQUALS",Ai="EXCLAMATION",At="HYPHEN",Or="PERCENT",Ir="PIPE",$r="PLUS",Lr="POUND",qr="QUERY",ki="QUOTE",Ni="SEMI",kt="SLASH",rn="TILDE",Dr="UNDERSCORE",Pc="EMOJI",Pr="SYM";var xc=Object.freeze({__proto__:null,WORD:Dt,UWORD:ei,LOCALHOST:bn,TLD:ti,UTLD:si,SCHEME:Gn,SLASH_SCHEME:_s,NUM:Si,WS:Dc,NL:Ri,OPENBRACE:sn,CLOSEBRACE:nn,OPENBRACKET:lr,CLOSEBRACKET:cr,OPENPAREN:ur,CLOSEPAREN:dr,OPENANGLEBRACKET:hr,CLOSEANGLEBRACKET:fr,FULLWIDTHLEFTPAREN:pr,FULLWIDTHRIGHTPAREN:mr,LEFTCORNERBRACKET:gr,RIGHTCORNERBRACKET:vr,LEFTWHITECORNERBRACKET:br,RIGHTWHITECORNERBRACKET:yr,FULLWIDTHLESSTHAN:Er,FULLWIDTHGREATERTHAN:Tr,AMPERSAND:wr,APOSTROPHE:_r,ASTERISK:Sr,AT:Yt,BACKSLASH:Rr,BACKTICK:Cr,CARET:Ar,COLON:Xt,COMMA:Ci,DOLLAR:kr,DOT:Ct,EQUALS:Nr,EXCLAMATION:Ai,HYPHEN:At,PERCENT:Or,PIPE:Ir,PLUS:$r,POUND:Lr,QUERY:qr,QUOTE:ki,SEMI:Ni,SLASH:kt,TILDE:rn,UNDERSCORE:Dr,EMOJI:Pc,SYM:Pr});const Es=/[a-z]/,Co=new RegExp("\\p{L}","u"),Ao=new RegExp("\\p{Emoji}","u"),ko=/\d/,ka=/\s/,Na=`
`,Tg="️",wg="‍";let Dn=null,Pn=null;function _g(e){e===void 0&&(e=[]);const t={};lt.groups=t;const s=new lt;Dn==null&&(Dn=Oa(mg)),Pn==null&&(Pn=Oa(gg)),ee(s,"'",_r),ee(s,"{",sn),ee(s,"}",nn),ee(s,"[",lr),ee(s,"]",cr),ee(s,"(",ur),ee(s,")",dr),ee(s,"<",hr),ee(s,">",fr),ee(s,"（",pr),ee(s,"）",mr),ee(s,"「",gr),ee(s,"」",vr),ee(s,"『",br),ee(s,"』",yr),ee(s,"＜",Er),ee(s,"＞",Tr),ee(s,"&",wr),ee(s,"*",Sr),ee(s,"@",Yt),ee(s,"`",Cr),ee(s,"^",Ar),ee(s,":",Xt),ee(s,",",Ci),ee(s,"$",kr),ee(s,".",Ct),ee(s,"=",Nr),ee(s,"!",Ai),ee(s,"-",At),ee(s,"%",Or),ee(s,"|",Ir),ee(s,"+",$r),ee(s,"#",Lr),ee(s,"?",qr),ee(s,'"',ki),ee(s,"/",kt),ee(s,";",Ni),ee(s,"~",rn),ee(s,"_",Dr),ee(s,"\\",Rr);const n=pt(s,ko,Si,{[Ko]:!0});pt(n,ko,n);const r=pt(s,Es,Dt,{[Xo]:!0});pt(r,Es,r);const o=pt(s,Co,ei,{[Jo]:!0});pt(o,Es),pt(o,Co,o);const i=pt(s,ka,Dc,{[Ca]:!0});ee(s,Na,Ri,{[Ca]:!0}),ee(i,Na),pt(i,ka,i);const a=pt(s,Ao,Pc,{[qc]:!0});pt(a,Ao,a),ee(a,Tg,a);const l=ee(a,wg);pt(l,Ao,a);const h=[[Es,r]],d=[[Es,null],[Co,o]];for(let p=0;p<Dn.length;p++)Vt(s,Dn[p],ti,Dt,h);for(let p=0;p<Pn.length;p++)Vt(s,Pn[p],si,ei,d);hs(ti,{tld:!0,ascii:!0},t),hs(si,{utld:!0,alpha:!0},t),Vt(s,"file",Gn,Dt,h),Vt(s,"mailto",Gn,Dt,h),Vt(s,"http",_s,Dt,h),Vt(s,"https",_s,Dt,h),Vt(s,"ftp",_s,Dt,h),Vt(s,"ftps",_s,Dt,h),hs(Gn,{scheme:!0,ascii:!0},t),hs(_s,{slashscheme:!0,ascii:!0},t),e=e.sort((p,g)=>p[0]>g[0]?1:-1);for(let p=0;p<e.length;p++){const g=e[p][0],A=e[p][1]?{[vg]:!0}:{[bg]:!0};g.indexOf("-")>=0?A[Zo]=!0:Es.test(g)?ko.test(g)?A[Vn]=!0:A[Xo]=!0:A[Ko]=!0,Aa(s,g,g,A)}return Aa(s,"localhost",bn,{ascii:!0}),s.jd=new lt(Pr),{start:s,tokens:$s({groups:t},xc)}}function Sg(e,t){const s=Rg(t.replace(/[A-Z]/g,a=>a.toLowerCase())),n=s.length,r=[];let o=0,i=0;for(;i<n;){let a=e,l=null,h=0,d=null,p=-1,g=-1;for(;i<n&&(l=a.go(s[i]));)a=l,a.accepts()?(p=0,g=0,d=a):p>=0&&(p+=s[i].length,g++),h+=s[i].length,o+=s[i].length,i++;o-=p,i-=g,h-=p,r.push({t:d.t,v:t.slice(o-h,o),s:o-h,e:o})}return r}function Rg(e){const t=[],s=e.length;let n=0;for(;n<s;){let r=e.charCodeAt(n),o,i=r<55296||r>56319||n+1===s||(o=e.charCodeAt(n+1))<56320||o>57343?e[n]:e.slice(n,n+2);t.push(i),n+=i.length}return t}function Vt(e,t,s,n,r){let o;const i=t.length;for(let a=0;a<i-1;a++){const l=t[a];e.j[l]?o=e.j[l]:(o=new lt(n),o.jr=r.slice(),e.j[l]=o),e=o}return o=new lt(s),o.jr=r.slice(),e.j[t[i-1]]=o,o}function Oa(e){const t=[],s=[];let n=0,r="0123456789";for(;n<e.length;){let o=0;for(;r.indexOf(e[n+o])>=0;)o++;if(o>0){t.push(s.join(""));for(let i=parseInt(e.substring(n,n+o),10);i>0;i--)s.pop();n+=o}else s.push(e[n]),n++}return t}const yn={defaultProtocol:"http",events:null,format:Ia,formatHref:Ia,nl2br:!1,tagName:"a",target:null,rel:null,validate:!0,truncate:1/0,className:null,attributes:null,ignoreTags:[],render:null};function Oi(e,t){t===void 0&&(t=null);let s=$s({},yn);e&&(s=$s(s,e instanceof Oi?e.o:e));const n=s.ignoreTags,r=[];for(let o=0;o<n.length;o++)r.push(n[o].toUpperCase());this.o=s,t&&(this.defaultRender=t),this.ignoreTags=r}Oi.prototype={o:yn,ignoreTags:[],defaultRender(e){return e},check(e){return this.get("validate",e.toString(),e)},get(e,t,s){const n=t!=null;let r=this.o[e];return r&&(typeof r=="object"?(r=s.t in r?r[s.t]:yn[e],typeof r=="function"&&n&&(r=r(t,s))):typeof r=="function"&&n&&(r=r(t,s.t,s)),r)},getObj(e,t,s){let n=this.o[e];return typeof n=="function"&&t!=null&&(n=n(t,s.t,s)),n},render(e){const t=e.render(this);return(this.get("render",null,e)||this.defaultRender)(t,e.t,e)}};function Ia(e){return e}function Mc(e,t){this.t="token",this.v=e,this.tk=t}Mc.prototype={isLink:!1,toString(){return this.v},toHref(e){return this.toString()},toFormattedString(e){const t=this.toString(),s=e.get("truncate",t,this),n=e.get("format",t,this);return s&&n.length>s?n.substring(0,s)+"…":n},toFormattedHref(e){return e.get("formatHref",this.toHref(e.get("defaultProtocol")),this)},startIndex(){return this.tk[0].s},endIndex(){return this.tk[this.tk.length-1].e},toObject(e){return e===void 0&&(e=yn.defaultProtocol),{type:this.t,value:this.toString(),isLink:this.isLink,href:this.toHref(e),start:this.startIndex(),end:this.endIndex()}},toFormattedObject(e){return{type:this.t,value:this.toFormattedString(e),isLink:this.isLink,href:this.toFormattedHref(e),start:this.startIndex(),end:this.endIndex()}},validate(e){return e.get("validate",this.toString(),this)},render(e){const t=this,s=this.toHref(e.get("defaultProtocol")),n=e.get("formatHref",s,this),r=e.get("tagName",s,t),o=this.toFormattedString(e),i={},a=e.get("className",s,t),l=e.get("target",s,t),h=e.get("rel",s,t),d=e.getObj("attributes",s,t),p=e.getObj("events",s,t);return i.href=n,a&&(i.class=a),l&&(i.target=l),h&&(i.rel=h),d&&$s(i,d),{tagName:r,attributes:i,content:o,eventListeners:p}}};function so(e,t){class s extends Mc{constructor(r,o){super(r,o),this.t=e}}for(const n in t)s.prototype[n]=t[n];return s.t=e,s}const $a=so("email",{isLink:!0,toHref(){return"mailto:"+this.toString()}}),La=so("text"),Cg=so("nl"),xn=so("url",{isLink:!0,toHref(e){return e===void 0&&(e=yn.defaultProtocol),this.hasProtocol()?this.v:`${e}://${this.v}`},hasProtocol(){const e=this.tk;return e.length>=2&&e[0].t!==bn&&e[1].t===Xt}}),mt=e=>new lt(e);function Ag(e){let{groups:t}=e;const s=t.domain.concat([wr,Sr,Yt,Rr,Cr,Ar,kr,Nr,At,Si,Or,Ir,$r,Lr,kt,Pr,rn,Dr]),n=[_r,Xt,Ci,Ct,Ai,qr,ki,Ni,hr,fr,sn,nn,cr,lr,ur,dr,pr,mr,gr,vr,br,yr,Er,Tr],r=[wr,_r,Sr,Rr,Cr,Ar,kr,Nr,At,sn,nn,Or,Ir,$r,Lr,qr,kt,Pr,rn,Dr],o=mt(),i=ee(o,rn);be(i,r,i),be(i,t.domain,i);const a=mt(),l=mt(),h=mt();be(o,t.domain,a),be(o,t.scheme,l),be(o,t.slashscheme,h),be(a,r,i),be(a,t.domain,a);const d=ee(a,Yt);ee(i,Yt,d),ee(l,Yt,d),ee(h,Yt,d);const p=ee(i,Ct);be(p,r,i),be(p,t.domain,i);const g=mt();be(d,t.domain,g),be(g,t.domain,g);const y=ee(g,Ct);be(y,t.domain,g);const A=mt($a);be(y,t.tld,A),be(y,t.utld,A),ee(d,bn,A);const k=ee(g,At);be(k,t.domain,g),be(A,t.domain,g),ee(A,Ct,y),ee(A,At,k);const j=ee(A,Xt);be(j,t.numeric,$a);const W=ee(a,At),C=ee(a,Ct);be(W,t.domain,a),be(C,r,i),be(C,t.domain,a);const R=mt(xn);be(C,t.tld,R),be(C,t.utld,R),be(R,t.domain,a),be(R,r,i),ee(R,Ct,C),ee(R,At,W),ee(R,Yt,d);const O=ee(R,Xt),q=mt(xn);be(O,t.numeric,q);const L=mt(xn),Q=mt();be(L,s,L),be(L,n,Q),be(Q,s,L),be(Q,n,Q),ee(R,kt,L),ee(q,kt,L);const oe=ee(l,Xt),P=ee(h,Xt),V=ee(P,kt),F=ee(V,kt);be(l,t.domain,a),ee(l,Ct,C),ee(l,At,W),be(h,t.domain,a),ee(h,Ct,C),ee(h,At,W),be(oe,t.domain,L),ee(oe,kt,L),be(F,t.domain,L),be(F,s,L),ee(F,kt,L);const M=[[sn,nn],[lr,cr],[ur,dr],[hr,fr],[pr,mr],[gr,vr],[br,yr],[Er,Tr]];for(let c=0;c<M.length;c++){const[m,b]=M[c],_=ee(L,m);ee(Q,m,_),ee(_,b,L);const N=mt(xn);be(_,s,N);const I=mt();be(_,n),be(N,s,N),be(N,n,I),be(I,s,N),be(I,n,I),ee(N,b,L),ee(I,b,L)}return ee(o,bn,R),ee(o,Ri,Cg),{start:o,tokens:xc}}function kg(e,t,s){let n=s.length,r=0,o=[],i=[];for(;r<n;){let a=e,l=null,h=null,d=0,p=null,g=-1;for(;r<n&&!(l=a.go(s[r].t));)i.push(s[r++]);for(;r<n&&(h=l||a.go(s[r].t));)l=null,a=h,a.accepts()?(g=0,p=a):g>=0&&g++,r++,d++;if(g<0)r-=d,r<n&&(i.push(s[r]),r++);else{i.length>0&&(o.push(No(La,t,i)),i=[]),r-=g,d-=g;const y=p.t,A=s.slice(r-d,r);o.push(No(y,t,A))}}return i.length>0&&o.push(No(La,t,i)),o}function No(e,t,s){const n=s[0].s,r=s[s.length-1].e,o=t.slice(n,r);return new e(o,s)}const et={scanner:null,parser:null,tokenQueue:[],pluginQueue:[],customSchemes:[],initialized:!1};function Ng(){et.scanner=_g(et.customSchemes);for(let e=0;e<et.tokenQueue.length;e++)et.tokenQueue[e][1]({scanner:et.scanner});et.parser=Ag(et.scanner.tokens);for(let e=0;e<et.pluginQueue.length;e++)et.pluginQueue[e][1]({scanner:et.scanner,parser:et.parser});et.initialized=!0}function Og(e){return et.initialized||Ng(),kg(et.parser.start,e,Sg(et.scanner.start,e))}var Ig={amp:"&",gt:">",lt:"<",nbsp:" ",quot:'"'},$g=/^#[xX]([A-Fa-f0-9]+)$/,Lg=/^#([0-9]+)$/,qg=/^([A-Za-z0-9]+)$/,Dg=function(){function e(t){this.named=t}return e.prototype.parse=function(t){if(t){var s=t.match($g);if(s)return String.fromCharCode(parseInt(s[1],16));if(s=t.match(Lg),s)return String.fromCharCode(parseInt(s[1],10));if(s=t.match(qg),s)return this.named[s[1]]||"&"+s[1]+";"}},e}(),Pg=/[\t\n\f ]/,xg=/[A-Za-z]/,Mg=/\r\n?/g;function Ke(e){return Pg.test(e)}function qa(e){return xg.test(e)}function Ug(e){return e.replace(Mg,`
`)}var Fg=function(){function e(t,s,n){n===void 0&&(n="precompile"),this.delegate=t,this.entityParser=s,this.mode=n,this.state="beforeData",this.line=-1,this.column=-1,this.input="",this.index=-1,this.tagNameBuffer="",this.states={beforeData:function(){var r=this.peek();if(r==="<"&&!this.isIgnoredEndTag())this.transitionTo("tagOpen"),this.markTagStart(),this.consume();else{if(this.mode==="precompile"&&r===`
`){var o=this.tagNameBuffer.toLowerCase();(o==="pre"||o==="textarea")&&this.consume()}this.transitionTo("data"),this.delegate.beginData()}},data:function(){var r=this.peek(),o=this.tagNameBuffer;r==="<"&&!this.isIgnoredEndTag()?(this.delegate.finishData(),this.transitionTo("tagOpen"),this.markTagStart(),this.consume()):r==="&"&&o!=="script"&&o!=="style"?(this.consume(),this.delegate.appendToData(this.consumeCharRef()||"&")):(this.consume(),this.delegate.appendToData(r))},tagOpen:function(){var r=this.consume();r==="!"?this.transitionTo("markupDeclarationOpen"):r==="/"?this.transitionTo("endTagOpen"):(r==="@"||r===":"||qa(r))&&(this.transitionTo("tagName"),this.tagNameBuffer="",this.delegate.beginStartTag(),this.appendToTagName(r))},markupDeclarationOpen:function(){var r=this.consume();if(r==="-"&&this.peek()==="-")this.consume(),this.transitionTo("commentStart"),this.delegate.beginComment();else{var o=r.toUpperCase()+this.input.substring(this.index,this.index+6).toUpperCase();o==="DOCTYPE"&&(this.consume(),this.consume(),this.consume(),this.consume(),this.consume(),this.consume(),this.transitionTo("doctype"),this.delegate.beginDoctype&&this.delegate.beginDoctype())}},doctype:function(){var r=this.consume();Ke(r)&&this.transitionTo("beforeDoctypeName")},beforeDoctypeName:function(){var r=this.consume();Ke(r)||(this.transitionTo("doctypeName"),this.delegate.appendToDoctypeName&&this.delegate.appendToDoctypeName(r.toLowerCase()))},doctypeName:function(){var r=this.consume();Ke(r)?this.transitionTo("afterDoctypeName"):r===">"?(this.delegate.endDoctype&&this.delegate.endDoctype(),this.transitionTo("beforeData")):this.delegate.appendToDoctypeName&&this.delegate.appendToDoctypeName(r.toLowerCase())},afterDoctypeName:function(){var r=this.consume();if(!Ke(r))if(r===">")this.delegate.endDoctype&&this.delegate.endDoctype(),this.transitionTo("beforeData");else{var o=r.toUpperCase()+this.input.substring(this.index,this.index+5).toUpperCase(),i=o.toUpperCase()==="PUBLIC",a=o.toUpperCase()==="SYSTEM";(i||a)&&(this.consume(),this.consume(),this.consume(),this.consume(),this.consume(),this.consume()),i?this.transitionTo("afterDoctypePublicKeyword"):a&&this.transitionTo("afterDoctypeSystemKeyword")}},afterDoctypePublicKeyword:function(){var r=this.peek();Ke(r)?(this.transitionTo("beforeDoctypePublicIdentifier"),this.consume()):r==='"'?(this.transitionTo("doctypePublicIdentifierDoubleQuoted"),this.consume()):r==="'"?(this.transitionTo("doctypePublicIdentifierSingleQuoted"),this.consume()):r===">"&&(this.consume(),this.delegate.endDoctype&&this.delegate.endDoctype(),this.transitionTo("beforeData"))},doctypePublicIdentifierDoubleQuoted:function(){var r=this.consume();r==='"'?this.transitionTo("afterDoctypePublicIdentifier"):r===">"?(this.delegate.endDoctype&&this.delegate.endDoctype(),this.transitionTo("beforeData")):this.delegate.appendToDoctypePublicIdentifier&&this.delegate.appendToDoctypePublicIdentifier(r)},doctypePublicIdentifierSingleQuoted:function(){var r=this.consume();r==="'"?this.transitionTo("afterDoctypePublicIdentifier"):r===">"?(this.delegate.endDoctype&&this.delegate.endDoctype(),this.transitionTo("beforeData")):this.delegate.appendToDoctypePublicIdentifier&&this.delegate.appendToDoctypePublicIdentifier(r)},afterDoctypePublicIdentifier:function(){var r=this.consume();Ke(r)?this.transitionTo("betweenDoctypePublicAndSystemIdentifiers"):r===">"?(this.delegate.endDoctype&&this.delegate.endDoctype(),this.transitionTo("beforeData")):r==='"'?this.transitionTo("doctypeSystemIdentifierDoubleQuoted"):r==="'"&&this.transitionTo("doctypeSystemIdentifierSingleQuoted")},betweenDoctypePublicAndSystemIdentifiers:function(){var r=this.consume();Ke(r)||(r===">"?(this.delegate.endDoctype&&this.delegate.endDoctype(),this.transitionTo("beforeData")):r==='"'?this.transitionTo("doctypeSystemIdentifierDoubleQuoted"):r==="'"&&this.transitionTo("doctypeSystemIdentifierSingleQuoted"))},doctypeSystemIdentifierDoubleQuoted:function(){var r=this.consume();r==='"'?this.transitionTo("afterDoctypeSystemIdentifier"):r===">"?(this.delegate.endDoctype&&this.delegate.endDoctype(),this.transitionTo("beforeData")):this.delegate.appendToDoctypeSystemIdentifier&&this.delegate.appendToDoctypeSystemIdentifier(r)},doctypeSystemIdentifierSingleQuoted:function(){var r=this.consume();r==="'"?this.transitionTo("afterDoctypeSystemIdentifier"):r===">"?(this.delegate.endDoctype&&this.delegate.endDoctype(),this.transitionTo("beforeData")):this.delegate.appendToDoctypeSystemIdentifier&&this.delegate.appendToDoctypeSystemIdentifier(r)},afterDoctypeSystemIdentifier:function(){var r=this.consume();Ke(r)||r===">"&&(this.delegate.endDoctype&&this.delegate.endDoctype(),this.transitionTo("beforeData"))},commentStart:function(){var r=this.consume();r==="-"?this.transitionTo("commentStartDash"):r===">"?(this.delegate.finishComment(),this.transitionTo("beforeData")):(this.delegate.appendToCommentData(r),this.transitionTo("comment"))},commentStartDash:function(){var r=this.consume();r==="-"?this.transitionTo("commentEnd"):r===">"?(this.delegate.finishComment(),this.transitionTo("beforeData")):(this.delegate.appendToCommentData("-"),this.transitionTo("comment"))},comment:function(){var r=this.consume();r==="-"?this.transitionTo("commentEndDash"):this.delegate.appendToCommentData(r)},commentEndDash:function(){var r=this.consume();r==="-"?this.transitionTo("commentEnd"):(this.delegate.appendToCommentData("-"+r),this.transitionTo("comment"))},commentEnd:function(){var r=this.consume();r===">"?(this.delegate.finishComment(),this.transitionTo("beforeData")):(this.delegate.appendToCommentData("--"+r),this.transitionTo("comment"))},tagName:function(){var r=this.consume();Ke(r)?this.transitionTo("beforeAttributeName"):r==="/"?this.transitionTo("selfClosingStartTag"):r===">"?(this.delegate.finishTag(),this.transitionTo("beforeData")):this.appendToTagName(r)},endTagName:function(){var r=this.consume();Ke(r)?(this.transitionTo("beforeAttributeName"),this.tagNameBuffer=""):r==="/"?(this.transitionTo("selfClosingStartTag"),this.tagNameBuffer=""):r===">"?(this.delegate.finishTag(),this.transitionTo("beforeData"),this.tagNameBuffer=""):this.appendToTagName(r)},beforeAttributeName:function(){var r=this.peek();if(Ke(r)){this.consume();return}else r==="/"?(this.transitionTo("selfClosingStartTag"),this.consume()):r===">"?(this.consume(),this.delegate.finishTag(),this.transitionTo("beforeData")):r==="="?(this.delegate.reportSyntaxError("attribute name cannot start with equals sign"),this.transitionTo("attributeName"),this.delegate.beginAttribute(),this.consume(),this.delegate.appendToAttributeName(r)):(this.transitionTo("attributeName"),this.delegate.beginAttribute())},attributeName:function(){var r=this.peek();Ke(r)?(this.transitionTo("afterAttributeName"),this.consume()):r==="/"?(this.delegate.beginAttributeValue(!1),this.delegate.finishAttributeValue(),this.consume(),this.transitionTo("selfClosingStartTag")):r==="="?(this.transitionTo("beforeAttributeValue"),this.consume()):r===">"?(this.delegate.beginAttributeValue(!1),this.delegate.finishAttributeValue(),this.consume(),this.delegate.finishTag(),this.transitionTo("beforeData")):r==='"'||r==="'"||r==="<"?(this.delegate.reportSyntaxError(r+" is not a valid character within attribute names"),this.consume(),this.delegate.appendToAttributeName(r)):(this.consume(),this.delegate.appendToAttributeName(r))},afterAttributeName:function(){var r=this.peek();if(Ke(r)){this.consume();return}else r==="/"?(this.delegate.beginAttributeValue(!1),this.delegate.finishAttributeValue(),this.consume(),this.transitionTo("selfClosingStartTag")):r==="="?(this.consume(),this.transitionTo("beforeAttributeValue")):r===">"?(this.delegate.beginAttributeValue(!1),this.delegate.finishAttributeValue(),this.consume(),this.delegate.finishTag(),this.transitionTo("beforeData")):(this.delegate.beginAttributeValue(!1),this.delegate.finishAttributeValue(),this.transitionTo("attributeName"),this.delegate.beginAttribute(),this.consume(),this.delegate.appendToAttributeName(r))},beforeAttributeValue:function(){var r=this.peek();Ke(r)?this.consume():r==='"'?(this.transitionTo("attributeValueDoubleQuoted"),this.delegate.beginAttributeValue(!0),this.consume()):r==="'"?(this.transitionTo("attributeValueSingleQuoted"),this.delegate.beginAttributeValue(!0),this.consume()):r===">"?(this.delegate.beginAttributeValue(!1),this.delegate.finishAttributeValue(),this.consume(),this.delegate.finishTag(),this.transitionTo("beforeData")):(this.transitionTo("attributeValueUnquoted"),this.delegate.beginAttributeValue(!1),this.consume(),this.delegate.appendToAttributeValue(r))},attributeValueDoubleQuoted:function(){var r=this.consume();r==='"'?(this.delegate.finishAttributeValue(),this.transitionTo("afterAttributeValueQuoted")):r==="&"?this.delegate.appendToAttributeValue(this.consumeCharRef()||"&"):this.delegate.appendToAttributeValue(r)},attributeValueSingleQuoted:function(){var r=this.consume();r==="'"?(this.delegate.finishAttributeValue(),this.transitionTo("afterAttributeValueQuoted")):r==="&"?this.delegate.appendToAttributeValue(this.consumeCharRef()||"&"):this.delegate.appendToAttributeValue(r)},attributeValueUnquoted:function(){var r=this.peek();Ke(r)?(this.delegate.finishAttributeValue(),this.consume(),this.transitionTo("beforeAttributeName")):r==="/"?(this.delegate.finishAttributeValue(),this.consume(),this.transitionTo("selfClosingStartTag")):r==="&"?(this.consume(),this.delegate.appendToAttributeValue(this.consumeCharRef()||"&")):r===">"?(this.delegate.finishAttributeValue(),this.consume(),this.delegate.finishTag(),this.transitionTo("beforeData")):(this.consume(),this.delegate.appendToAttributeValue(r))},afterAttributeValueQuoted:function(){var r=this.peek();Ke(r)?(this.consume(),this.transitionTo("beforeAttributeName")):r==="/"?(this.consume(),this.transitionTo("selfClosingStartTag")):r===">"?(this.consume(),this.delegate.finishTag(),this.transitionTo("beforeData")):this.transitionTo("beforeAttributeName")},selfClosingStartTag:function(){var r=this.peek();r===">"?(this.consume(),this.delegate.markTagAsSelfClosing(),this.delegate.finishTag(),this.transitionTo("beforeData")):this.transitionTo("beforeAttributeName")},endTagOpen:function(){var r=this.consume();(r==="@"||r===":"||qa(r))&&(this.transitionTo("endTagName"),this.tagNameBuffer="",this.delegate.beginEndTag(),this.appendToTagName(r))}},this.reset()}return e.prototype.reset=function(){this.transitionTo("beforeData"),this.input="",this.tagNameBuffer="",this.index=0,this.line=1,this.column=0,this.delegate.reset()},e.prototype.transitionTo=function(t){this.state=t},e.prototype.tokenize=function(t){this.reset(),this.tokenizePart(t),this.tokenizeEOF()},e.prototype.tokenizePart=function(t){for(this.input+=Ug(t);this.index<this.input.length;){var s=this.states[this.state];if(s!==void 0)s.call(this);else throw new Error("unhandled state "+this.state)}},e.prototype.tokenizeEOF=function(){this.flushData()},e.prototype.flushData=function(){this.state==="data"&&(this.delegate.finishData(),this.transitionTo("beforeData"))},e.prototype.peek=function(){return this.input.charAt(this.index)},e.prototype.consume=function(){var t=this.peek();return this.index++,t===`
`?(this.line++,this.column=0):this.column++,t},e.prototype.consumeCharRef=function(){var t=this.input.indexOf(";",this.index);if(t!==-1){var s=this.input.slice(this.index,t),n=this.entityParser.parse(s);if(n){for(var r=s.length;r;)this.consume(),r--;return this.consume(),n}}},e.prototype.markTagStart=function(){this.delegate.tagOpen()},e.prototype.appendToTagName=function(t){this.tagNameBuffer+=t,this.delegate.appendToTagName(t)},e.prototype.isIgnoredEndTag=function(){var t=this.tagNameBuffer;return t==="title"&&this.input.substring(this.index,this.index+8)!=="</title>"||t==="style"&&this.input.substring(this.index,this.index+8)!=="</style>"||t==="script"&&this.input.substring(this.index,this.index+9)!=="<\/script>"},e}(),Hg=function(){function e(t,s){s===void 0&&(s={}),this.options=s,this.token=null,this.startLine=1,this.startColumn=0,this.tokens=[],this.tokenizer=new Fg(this,t,s.mode),this._currentAttribute=void 0}return e.prototype.tokenize=function(t){return this.tokens=[],this.tokenizer.tokenize(t),this.tokens},e.prototype.tokenizePart=function(t){return this.tokens=[],this.tokenizer.tokenizePart(t),this.tokens},e.prototype.tokenizeEOF=function(){return this.tokens=[],this.tokenizer.tokenizeEOF(),this.tokens[0]},e.prototype.reset=function(){this.token=null,this.startLine=1,this.startColumn=0},e.prototype.current=function(){var t=this.token;if(t===null)throw new Error("token was unexpectedly null");if(arguments.length===0)return t;for(var s=0;s<arguments.length;s++)if(t.type===arguments[s])return t;throw new Error("token type was unexpectedly "+t.type)},e.prototype.push=function(t){this.token=t,this.tokens.push(t)},e.prototype.currentAttribute=function(){return this._currentAttribute},e.prototype.addLocInfo=function(){this.options.loc&&(this.current().loc={start:{line:this.startLine,column:this.startColumn},end:{line:this.tokenizer.line,column:this.tokenizer.column}}),this.startLine=this.tokenizer.line,this.startColumn=this.tokenizer.column},e.prototype.beginDoctype=function(){this.push({type:"Doctype",name:""})},e.prototype.appendToDoctypeName=function(t){this.current("Doctype").name+=t},e.prototype.appendToDoctypePublicIdentifier=function(t){var s=this.current("Doctype");s.publicIdentifier===void 0?s.publicIdentifier=t:s.publicIdentifier+=t},e.prototype.appendToDoctypeSystemIdentifier=function(t){var s=this.current("Doctype");s.systemIdentifier===void 0?s.systemIdentifier=t:s.systemIdentifier+=t},e.prototype.endDoctype=function(){this.addLocInfo()},e.prototype.beginData=function(){this.push({type:"Chars",chars:""})},e.prototype.appendToData=function(t){this.current("Chars").chars+=t},e.prototype.finishData=function(){this.addLocInfo()},e.prototype.beginComment=function(){this.push({type:"Comment",chars:""})},e.prototype.appendToCommentData=function(t){this.current("Comment").chars+=t},e.prototype.finishComment=function(){this.addLocInfo()},e.prototype.tagOpen=function(){},e.prototype.beginStartTag=function(){this.push({type:"StartTag",tagName:"",attributes:[],selfClosing:!1})},e.prototype.beginEndTag=function(){this.push({type:"EndTag",tagName:""})},e.prototype.finishTag=function(){this.addLocInfo()},e.prototype.markTagAsSelfClosing=function(){this.current("StartTag").selfClosing=!0},e.prototype.appendToTagName=function(t){this.current("StartTag","EndTag").tagName+=t},e.prototype.beginAttribute=function(){this._currentAttribute=["","",!1]},e.prototype.appendToAttributeName=function(t){this.currentAttribute()[0]+=t},e.prototype.beginAttributeValue=function(t){this.currentAttribute()[2]=t},e.prototype.appendToAttributeValue=function(t){this.currentAttribute()[1]+=t},e.prototype.finishAttributeValue=function(){this.current("StartTag").attributes.push(this._currentAttribute)},e.prototype.reportSyntaxError=function(t){this.current().syntaxError=t},e}();function Bg(e,t){var s=new Hg(new Dg(Ig),t);return s.tokenize(e)}const Uc="LinkifyResult",xr="StartTag",Fc="EndTag",ni="Chars",jg="Comment",Vg="Doctype";function Gg(e,t){t===void 0&&(t={});const s=Bg(e),n=[],r=[],o=new Oi(t,Qg);for(let i=0;i<s.length;i++){const a=s[i];if(a.type===xr){n.push(a);const l=a.tagName.toUpperCase();if(!(l==="A"||o.ignoreTags.indexOf(l)>=0))continue;let d=n.length;zg(l,s,++i,n),i+=n.length-d-1}else if(a.type!==ni)n.push(a);else{const l=Wg(a.chars,o);n.push.apply(n,l)}}for(let i=0;i<n.length;i++){const a=n[i];switch(a.type){case Uc:r.push(a.rendered);break;case xr:{let l="<"+a.tagName;a.attributes.length>0&&(l+=" "+Kg(a.attributes).join(" ")),a.selfClosing&&(l+=" /"),l+=">",r.push(l);break}case Fc:r.push(`</${a.tagName}>`);break;case ni:r.push(ri(a.chars));break;case jg:r.push(`<!--${ri(a.chars)}-->`);break;case Vg:{let l=`<!DOCTYPE ${a.name}`;a.publicIdentifier&&(l+=` PUBLIC "${a.publicIdentifier}"`),a.systemIdentifier&&(l+=` "${a.systemIdentifier}"`),l+=">",r.push(l);break}}}return r.join("")}function Wg(e,t){const s=Og(e),n=[];for(let r=0;r<s.length;r++){const o=s[r];o.t==="nl"&&t.get("nl2br")?n.push({type:xr,tagName:"br",attributes:[],selfClosing:!0}):!o.isLink||!t.check(o)?n.push({type:ni,chars:o.toString()}):n.push({type:Uc,rendered:t.render(o)})}return n}function zg(e,t,s,n){let r=1;for(;s<t.length&&r>0;){let o=t[s];o.type===xr&&o.tagName.toUpperCase()===e?r++:o.type===Fc&&o.tagName.toUpperCase()===e&&r--,n.push(o),s++}return n}function Qg(e){let{tagName:t,attributes:s,content:n}=e;return`<${t} ${Yg(s)}>${ri(n)}</${t}>`}function ri(e){return e.replace(/</g,"&lt;").replace(/>/g,"&gt;")}function Hc(e){return e.replace(/"/g,"&quot;")}function Yg(e){const t=[];for(const s in e){const n=e[s]+"";t.push(`${s}="${Hc(n)}"`)}return t.join(" ")}function Kg(e){const t=[];for(let s=0;s<e.length;s++){const n=e[s][0],r=e[s][1]+"";t.push(`${n}="${Hc(r)}"`)}return t}const Xg={name:"PrettyPrint",props:["data","expanded","linkify"],data:()=>({hasLongText:!1,showFullText:!1}),methods:{render(){let e=this.data,t=document.createElement("div");if(e===!0)t.innerHTML="<i>true</i>";else if(e===!1)t.innerHTML="<i>false</i>";else if(e===void 0)t.innerHTML="<i>undefined</i>";else if(e===null)t.innerHTML="<i>null</i>";else if(typeof e=="number")t.innerText=e;else try{t.append(new pg(e).generateHtml())}catch{this.hasLongText=e.length>1e3,t.innerText=this.hasLongText&&!this.showFullText?e.substring(0,1e3)+"...":e,this.linkify&&(t.innerHTML=Gg(t.innerHTML,{target:(n,r)=>r==="url"&&"_blank"}))}this.$refs.content.firstChild&&this.$refs.content.firstChild.remove(),this.$refs.content.append(t),this.expanded&&this.$refs.content.querySelector(".pretty-jason > li > span").click()}},mounted(){this.render()},watch:{data(){this.render()},showFullText(){this.render()}}},Jg={ref:"content"};function Zg(e,t,s,n,r,o){return f(),v(B,null,[u("div",Jg,null,512),e.hasLongText&&!e.showFullText?(f(),v("a",{key:0,onClick:t[0]||(t[0]=ge(i=>e.showFullText=!0,["prevent"])),class:"pretty-print-more-link",href:"#"},"Show more")):E("",!0)],64)}const Qe=he(Xg,[["render",Zg]]),ev={name:"DetailsTable",components:{DetailsTableFilterToggle:_i,PrettyPrint:Qe},props:{badge:{},columns:{},filter:{},filterExample:{},icon:{default:"menu"},items:{},noHeader:{},noTableHead:{},perPage:{default:50},title:{}},data:()=>({firstShown:0}),computed:{filteredItems(){return this.filter?this.filter.filter(this.items):this.items},shownItems(){return this.firstShown>this.filteredItems.length&&(this.firstShown=Math.max(this.filteredItems.length-this.perPage,0)),this.filteredItems.slice(this.firstShown,this.firstShown+this.perPage)},hasPreviousItems(){return this.firstShown>0},previousItemsCount(){return this.firstShown},hasNextItems(){return this.firstShown+this.perPage<this.filteredItems.length},nextItemsCount(){return this.filteredItems.length-this.perPage-this.firstShown}},methods:{showPreviousItems(){this.firstShown-=this.perPage},showNextItems(){this.firstShown+=this.perPage;let e=this.$el.parentElement;for(;e&&e.scrollTop==0;)e=e.parentElement;let t=this.$el.offsetTop-e.offsetTop-5;e&&e.scrollTop>t&&(e.scrollTop=t)}},watch:{filteredItems(){this.firstShown=0}}},tv={class:"details-table"},sv={key:0,class:"table-header"},nv={class:"header-title"},rv={key:0,class:"title-badge"},ov={class:"header-group"},iv={key:0,class:"header-search"},av={class:"table-content"},lv={key:0},cv=["onClick"],uv={key:0,class:"pagination-controls"},dv=["colspan"],hv={key:1,class:"pagination-controls"},fv=["colspan"];function pv(e,t,s,n,r,o){const i=$("icon");return f(),v("div",tv,[s.noHeader?E("",!0):(f(),v("div",sv,[u("div",nv,[D(i,{name:s.icon},null,8,["name"]),z(" "+T(s.title)+" ",1),s.badge?(f(),v("span",rv,T(s.badge),1)):E("",!0)]),$t(e.$slots,"toolbar",{filter:s.filter},()=>[u("div",ov,[s.filter?(f(),v("div",iv,[Oe(u("input",{type:"search","onUpdate:modelValue":t[0]||(t[0]=a=>s.filter.input=a),placeholder:"Search..."},null,512),[[gt,s.filter.input]]),D(i,{name:"search"})])):E("",!0)])])])),u("div",av,[u("table",null,[u("thead",null,[s.noTableHead?E("",!0):(f(),v("tr",lv,[$t(e.$slots,"header",{filter:s.filter},()=>[(f(!0),v(B,null,le(s.columns,(a,l)=>(f(),v("th",{onClick:h=>s.filter.sortBy(a.sortBy||a.toLowerCase()),class:te(a.class)},[z(T(a.name||a)+" ",1),s.filter.sortedBy==(a.sortBy||a.toLowerCase())?(f(),J(i,{key:0,name:s.filter.sortedDesc?"chevron-down":"chevron-up"},null,8,["name"])):E("",!0)],10,cv))),256))])]))]),u("tbody",null,[o.hasPreviousItems?(f(),v("tr",uv,[u("td",{colspan:s.columns.length},[u("a",{href:"#",onClick:t[1]||(t[1]=(...a)=>o.showPreviousItems&&o.showPreviousItems(...a))},"Show "+T(o.previousItemsCount)+" previous",1)],8,dv)])):E("",!0),$t(e.$slots,"body",{items:o.shownItems}),o.hasNextItems?(f(),v("tr",hv,[u("td",{colspan:s.columns.length},[u("a",{href:"#",onClick:t[2]||(t[2]=(...a)=>o.showNextItems&&o.showNextItems(...a))},"Show "+T(o.nextItemsCount)+" more",1)],8,fv)])):E("",!0)])])])])}const He=he(ev,[["render",pv]]),Bc=6048e5,mv=864e5,jc=6e4,Vc=36e5,Da=Symbol.for("constructDateFrom");function Ht(e,t){return typeof e=="function"?e(t):e&&typeof e=="object"&&Da in e?e[Da](t):e instanceof Date?new e.constructor(t):new Date(t)}function Me(e,t){return Ht(t||e,e)}let gv={};function no(){return gv}function En(e,t){var a,l,h,d;const s=no(),n=(t==null?void 0:t.weekStartsOn)??((l=(a=t==null?void 0:t.locale)==null?void 0:a.options)==null?void 0:l.weekStartsOn)??s.weekStartsOn??((d=(h=s.locale)==null?void 0:h.options)==null?void 0:d.weekStartsOn)??0,r=Me(e,t==null?void 0:t.in),o=r.getDay(),i=(o<n?7:0)+o-n;return r.setDate(r.getDate()-i),r.setHours(0,0,0,0),r}function Mr(e,t){return En(e,{...t,weekStartsOn:1})}function Gc(e,t){const s=Me(e,t==null?void 0:t.in),n=s.getFullYear(),r=Ht(s,0);r.setFullYear(n+1,0,4),r.setHours(0,0,0,0);const o=Mr(r),i=Ht(s,0);i.setFullYear(n,0,4),i.setHours(0,0,0,0);const a=Mr(i);return s.getTime()>=o.getTime()?n+1:s.getTime()>=a.getTime()?n:n-1}function Pa(e){const t=Me(e),s=new Date(Date.UTC(t.getFullYear(),t.getMonth(),t.getDate(),t.getHours(),t.getMinutes(),t.getSeconds(),t.getMilliseconds()));return s.setUTCFullYear(t.getFullYear()),+e-+s}function vv(e,...t){const s=Ht.bind(null,t.find(n=>typeof n=="object"));return t.map(s)}function xa(e,t){const s=Me(e,t==null?void 0:t.in);return s.setHours(0,0,0,0),s}function bv(e,t,s){const[n,r]=vv(s==null?void 0:s.in,e,t),o=xa(n),i=xa(r),a=+o-Pa(o),l=+i-Pa(i);return Math.round((a-l)/mv)}function yv(e,t){const s=Gc(e,t),n=Ht(e,0);return n.setFullYear(s,0,4),n.setHours(0,0,0,0),Mr(n)}function Ev(e){return e instanceof Date||typeof e=="object"&&Object.prototype.toString.call(e)==="[object Date]"}function Tv(e){return!(!Ev(e)&&typeof e!="number"||isNaN(+Me(e)))}function wv(e,t){const s=Me(e,t==null?void 0:t.in);return s.setFullYear(s.getFullYear(),0,1),s.setHours(0,0,0,0),s}const _v={lessThanXSeconds:{one:"less than a second",other:"less than {{count}} seconds"},xSeconds:{one:"1 second",other:"{{count}} seconds"},halfAMinute:"half a minute",lessThanXMinutes:{one:"less than a minute",other:"less than {{count}} minutes"},xMinutes:{one:"1 minute",other:"{{count}} minutes"},aboutXHours:{one:"about 1 hour",other:"about {{count}} hours"},xHours:{one:"1 hour",other:"{{count}} hours"},xDays:{one:"1 day",other:"{{count}} days"},aboutXWeeks:{one:"about 1 week",other:"about {{count}} weeks"},xWeeks:{one:"1 week",other:"{{count}} weeks"},aboutXMonths:{one:"about 1 month",other:"about {{count}} months"},xMonths:{one:"1 month",other:"{{count}} months"},aboutXYears:{one:"about 1 year",other:"about {{count}} years"},xYears:{one:"1 year",other:"{{count}} years"},overXYears:{one:"over 1 year",other:"over {{count}} years"},almostXYears:{one:"almost 1 year",other:"almost {{count}} years"}},Sv=(e,t,s)=>{let n;const r=_v[e];return typeof r=="string"?n=r:t===1?n=r.one:n=r.other.replace("{{count}}",t.toString()),s!=null&&s.addSuffix?s.comparison&&s.comparison>0?"in "+n:n+" ago":n};function Oo(e){return(t={})=>{const s=t.width?String(t.width):e.defaultWidth;return e.formats[s]||e.formats[e.defaultWidth]}}const Rv={full:"EEEE, MMMM do, y",long:"MMMM do, y",medium:"MMM d, y",short:"MM/dd/yyyy"},Cv={full:"h:mm:ss a zzzz",long:"h:mm:ss a z",medium:"h:mm:ss a",short:"h:mm a"},Av={full:"{{date}} 'at' {{time}}",long:"{{date}} 'at' {{time}}",medium:"{{date}}, {{time}}",short:"{{date}}, {{time}}"},kv={date:Oo({formats:Rv,defaultWidth:"full"}),time:Oo({formats:Cv,defaultWidth:"full"}),dateTime:Oo({formats:Av,defaultWidth:"full"})},Nv={lastWeek:"'last' eeee 'at' p",yesterday:"'yesterday at' p",today:"'today at' p",tomorrow:"'tomorrow at' p",nextWeek:"eeee 'at' p",other:"P"},Ov=(e,t,s,n)=>Nv[e];function Bs(e){return(t,s)=>{const n=s!=null&&s.context?String(s.context):"standalone";let r;if(n==="formatting"&&e.formattingValues){const i=e.defaultFormattingWidth||e.defaultWidth,a=s!=null&&s.width?String(s.width):i;r=e.formattingValues[a]||e.formattingValues[i]}else{const i=e.defaultWidth,a=s!=null&&s.width?String(s.width):e.defaultWidth;r=e.values[a]||e.values[i]}const o=e.argumentCallback?e.argumentCallback(t):t;return r[o]}}const Iv={narrow:["B","A"],abbreviated:["BC","AD"],wide:["Before Christ","Anno Domini"]},$v={narrow:["1","2","3","4"],abbreviated:["Q1","Q2","Q3","Q4"],wide:["1st quarter","2nd quarter","3rd quarter","4th quarter"]},Lv={narrow:["J","F","M","A","M","J","J","A","S","O","N","D"],abbreviated:["Jan","Feb","Mar","Apr","May","Jun","Jul","Aug","Sep","Oct","Nov","Dec"],wide:["January","February","March","April","May","June","July","August","September","October","November","December"]},qv={narrow:["S","M","T","W","T","F","S"],short:["Su","Mo","Tu","We","Th","Fr","Sa"],abbreviated:["Sun","Mon","Tue","Wed","Thu","Fri","Sat"],wide:["Sunday","Monday","Tuesday","Wednesday","Thursday","Friday","Saturday"]},Dv={narrow:{am:"a",pm:"p",midnight:"mi",noon:"n",morning:"morning",afternoon:"afternoon",evening:"evening",night:"night"},abbreviated:{am:"AM",pm:"PM",midnight:"midnight",noon:"noon",morning:"morning",afternoon:"afternoon",evening:"evening",night:"night"},wide:{am:"a.m.",pm:"p.m.",midnight:"midnight",noon:"noon",morning:"morning",afternoon:"afternoon",evening:"evening",night:"night"}},Pv={narrow:{am:"a",pm:"p",midnight:"mi",noon:"n",morning:"in the morning",afternoon:"in the afternoon",evening:"in the evening",night:"at night"},abbreviated:{am:"AM",pm:"PM",midnight:"midnight",noon:"noon",morning:"in the morning",afternoon:"in the afternoon",evening:"in the evening",night:"at night"},wide:{am:"a.m.",pm:"p.m.",midnight:"midnight",noon:"noon",morning:"in the morning",afternoon:"in the afternoon",evening:"in the evening",night:"at night"}},xv=(e,t)=>{const s=Number(e),n=s%100;if(n>20||n<10)switch(n%10){case 1:return s+"st";case 2:return s+"nd";case 3:return s+"rd"}return s+"th"},Mv={ordinalNumber:xv,era:Bs({values:Iv,defaultWidth:"wide"}),quarter:Bs({values:$v,defaultWidth:"wide",argumentCallback:e=>e-1}),month:Bs({values:Lv,defaultWidth:"wide"}),day:Bs({values:qv,defaultWidth:"wide"}),dayPeriod:Bs({values:Dv,defaultWidth:"wide",formattingValues:Pv,defaultFormattingWidth:"wide"})};function js(e){return(t,s={})=>{const n=s.width,r=n&&e.matchPatterns[n]||e.matchPatterns[e.defaultMatchWidth],o=t.match(r);if(!o)return null;const i=o[0],a=n&&e.parsePatterns[n]||e.parsePatterns[e.defaultParseWidth],l=Array.isArray(a)?Fv(a,p=>p.test(i)):Uv(a,p=>p.test(i));let h;h=e.valueCallback?e.valueCallback(l):l,h=s.valueCallback?s.valueCallback(h):h;const d=t.slice(i.length);return{value:h,rest:d}}}function Uv(e,t){for(const s in e)if(Object.prototype.hasOwnProperty.call(e,s)&&t(e[s]))return s}function Fv(e,t){for(let s=0;s<e.length;s++)if(t(e[s]))return s}function Hv(e){return(t,s={})=>{const n=t.match(e.matchPattern);if(!n)return null;const r=n[0],o=t.match(e.parsePattern);if(!o)return null;let i=e.valueCallback?e.valueCallback(o[0]):o[0];i=s.valueCallback?s.valueCallback(i):i;const a=t.slice(r.length);return{value:i,rest:a}}}const Bv=/^(\d+)(th|st|nd|rd)?/i,jv=/\d+/i,Vv={narrow:/^(b|a)/i,abbreviated:/^(b\.?\s?c\.?|b\.?\s?c\.?\s?e\.?|a\.?\s?d\.?|c\.?\s?e\.?)/i,wide:/^(before christ|before common era|anno domini|common era)/i},Gv={any:[/^b/i,/^(a|c)/i]},Wv={narrow:/^[1234]/i,abbreviated:/^q[1234]/i,wide:/^[1234](th|st|nd|rd)? quarter/i},zv={any:[/1/i,/2/i,/3/i,/4/i]},Qv={narrow:/^[jfmasond]/i,abbreviated:/^(jan|feb|mar|apr|may|jun|jul|aug|sep|oct|nov|dec)/i,wide:/^(january|february|march|april|may|june|july|august|september|october|november|december)/i},Yv={narrow:[/^j/i,/^f/i,/^m/i,/^a/i,/^m/i,/^j/i,/^j/i,/^a/i,/^s/i,/^o/i,/^n/i,/^d/i],any:[/^ja/i,/^f/i,/^mar/i,/^ap/i,/^may/i,/^jun/i,/^jul/i,/^au/i,/^s/i,/^o/i,/^n/i,/^d/i]},Kv={narrow:/^[smtwf]/i,short:/^(su|mo|tu|we|th|fr|sa)/i,abbreviated:/^(sun|mon|tue|wed|thu|fri|sat)/i,wide:/^(sunday|monday|tuesday|wednesday|thursday|friday|saturday)/i},Xv={narrow:[/^s/i,/^m/i,/^t/i,/^w/i,/^t/i,/^f/i,/^s/i],any:[/^su/i,/^m/i,/^tu/i,/^w/i,/^th/i,/^f/i,/^sa/i]},Jv={narrow:/^(a|p|mi|n|(in the|at) (morning|afternoon|evening|night))/i,any:/^([ap]\.?\s?m\.?|midnight|noon|(in the|at) (morning|afternoon|evening|night))/i},Zv={any:{am:/^a/i,pm:/^p/i,midnight:/^mi/i,noon:/^no/i,morning:/morning/i,afternoon:/afternoon/i,evening:/evening/i,night:/night/i}},eb={ordinalNumber:Hv({matchPattern:Bv,parsePattern:jv,valueCallback:e=>parseInt(e,10)}),era:js({matchPatterns:Vv,defaultMatchWidth:"wide",parsePatterns:Gv,defaultParseWidth:"any"}),quarter:js({matchPatterns:Wv,defaultMatchWidth:"wide",parsePatterns:zv,defaultParseWidth:"any",valueCallback:e=>e+1}),month:js({matchPatterns:Qv,defaultMatchWidth:"wide",parsePatterns:Yv,defaultParseWidth:"any"}),day:js({matchPatterns:Kv,defaultMatchWidth:"wide",parsePatterns:Xv,defaultParseWidth:"any"}),dayPeriod:js({matchPatterns:Jv,defaultMatchWidth:"any",parsePatterns:Zv,defaultParseWidth:"any"})},tb={code:"en-US",formatDistance:Sv,formatLong:kv,formatRelative:Ov,localize:Mv,match:eb,options:{weekStartsOn:0,firstWeekContainsDate:1}};function sb(e,t){const s=Me(e,t==null?void 0:t.in);return bv(s,wv(s))+1}function nb(e,t){const s=Me(e,t==null?void 0:t.in),n=+Mr(s)-+yv(s);return Math.round(n/Bc)+1}function Wc(e,t){var d,p,g,y;const s=Me(e,t==null?void 0:t.in),n=s.getFullYear(),r=no(),o=(t==null?void 0:t.firstWeekContainsDate)??((p=(d=t==null?void 0:t.locale)==null?void 0:d.options)==null?void 0:p.firstWeekContainsDate)??r.firstWeekContainsDate??((y=(g=r.locale)==null?void 0:g.options)==null?void 0:y.firstWeekContainsDate)??1,i=Ht((t==null?void 0:t.in)||e,0);i.setFullYear(n+1,0,o),i.setHours(0,0,0,0);const a=En(i,t),l=Ht((t==null?void 0:t.in)||e,0);l.setFullYear(n,0,o),l.setHours(0,0,0,0);const h=En(l,t);return+s>=+a?n+1:+s>=+h?n:n-1}function rb(e,t){var a,l,h,d;const s=no(),n=(t==null?void 0:t.firstWeekContainsDate)??((l=(a=t==null?void 0:t.locale)==null?void 0:a.options)==null?void 0:l.firstWeekContainsDate)??s.firstWeekContainsDate??((d=(h=s.locale)==null?void 0:h.options)==null?void 0:d.firstWeekContainsDate)??1,r=Wc(e,t),o=Ht((t==null?void 0:t.in)||e,0);return o.setFullYear(r,0,n),o.setHours(0,0,0,0),En(o,t)}function ob(e,t){const s=Me(e,t==null?void 0:t.in),n=+En(s,t)-+rb(s,t);return Math.round(n/Bc)+1}function Ae(e,t){const s=e<0?"-":"",n=Math.abs(e).toString().padStart(t,"0");return s+n}const Gt={y(e,t){const s=e.getFullYear(),n=s>0?s:1-s;return Ae(t==="yy"?n%100:n,t.length)},M(e,t){const s=e.getMonth();return t==="M"?String(s+1):Ae(s+1,2)},d(e,t){return Ae(e.getDate(),t.length)},a(e,t){const s=e.getHours()/12>=1?"pm":"am";switch(t){case"a":case"aa":return s.toUpperCase();case"aaa":return s;case"aaaaa":return s[0];case"aaaa":default:return s==="am"?"a.m.":"p.m."}},h(e,t){return Ae(e.getHours()%12||12,t.length)},H(e,t){return Ae(e.getHours(),t.length)},m(e,t){return Ae(e.getMinutes(),t.length)},s(e,t){return Ae(e.getSeconds(),t.length)},S(e,t){const s=t.length,n=e.getMilliseconds(),r=Math.trunc(n*Math.pow(10,s-3));return Ae(r,t.length)}},Ts={am:"am",pm:"pm",midnight:"midnight",noon:"noon",morning:"morning",afternoon:"afternoon",evening:"evening",night:"night"},Ma={G:function(e,t,s){const n=e.getFullYear()>0?1:0;switch(t){case"G":case"GG":case"GGG":return s.era(n,{width:"abbreviated"});case"GGGGG":return s.era(n,{width:"narrow"});case"GGGG":default:return s.era(n,{width:"wide"})}},y:function(e,t,s){if(t==="yo"){const n=e.getFullYear(),r=n>0?n:1-n;return s.ordinalNumber(r,{unit:"year"})}return Gt.y(e,t)},Y:function(e,t,s,n){const r=Wc(e,n),o=r>0?r:1-r;if(t==="YY"){const i=o%100;return Ae(i,2)}return t==="Yo"?s.ordinalNumber(o,{unit:"year"}):Ae(o,t.length)},R:function(e,t){const s=Gc(e);return Ae(s,t.length)},u:function(e,t){const s=e.getFullYear();return Ae(s,t.length)},Q:function(e,t,s){const n=Math.ceil((e.getMonth()+1)/3);switch(t){case"Q":return String(n);case"QQ":return Ae(n,2);case"Qo":return s.ordinalNumber(n,{unit:"quarter"});case"QQQ":return s.quarter(n,{width:"abbreviated",context:"formatting"});case"QQQQQ":return s.quarter(n,{width:"narrow",context:"formatting"});case"QQQQ":default:return s.quarter(n,{width:"wide",context:"formatting"})}},q:function(e,t,s){const n=Math.ceil((e.getMonth()+1)/3);switch(t){case"q":return String(n);case"qq":return Ae(n,2);case"qo":return s.ordinalNumber(n,{unit:"quarter"});case"qqq":return s.quarter(n,{width:"abbreviated",context:"standalone"});case"qqqqq":return s.quarter(n,{width:"narrow",context:"standalone"});case"qqqq":default:return s.quarter(n,{width:"wide",context:"standalone"})}},M:function(e,t,s){const n=e.getMonth();switch(t){case"M":case"MM":return Gt.M(e,t);case"Mo":return s.ordinalNumber(n+1,{unit:"month"});case"MMM":return s.month(n,{width:"abbreviated",context:"formatting"});case"MMMMM":return s.month(n,{width:"narrow",context:"formatting"});case"MMMM":default:return s.month(n,{width:"wide",context:"formatting"})}},L:function(e,t,s){const n=e.getMonth();switch(t){case"L":return String(n+1);case"LL":return Ae(n+1,2);case"Lo":return s.ordinalNumber(n+1,{unit:"month"});case"LLL":return s.month(n,{width:"abbreviated",context:"standalone"});case"LLLLL":return s.month(n,{width:"narrow",context:"standalone"});case"LLLL":default:return s.month(n,{width:"wide",context:"standalone"})}},w:function(e,t,s,n){const r=ob(e,n);return t==="wo"?s.ordinalNumber(r,{unit:"week"}):Ae(r,t.length)},I:function(e,t,s){const n=nb(e);return t==="Io"?s.ordinalNumber(n,{unit:"week"}):Ae(n,t.length)},d:function(e,t,s){return t==="do"?s.ordinalNumber(e.getDate(),{unit:"date"}):Gt.d(e,t)},D:function(e,t,s){const n=sb(e);return t==="Do"?s.ordinalNumber(n,{unit:"dayOfYear"}):Ae(n,t.length)},E:function(e,t,s){const n=e.getDay();switch(t){case"E":case"EE":case"EEE":return s.day(n,{width:"abbreviated",context:"formatting"});case"EEEEE":return s.day(n,{width:"narrow",context:"formatting"});case"EEEEEE":return s.day(n,{width:"short",context:"formatting"});case"EEEE":default:return s.day(n,{width:"wide",context:"formatting"})}},e:function(e,t,s,n){const r=e.getDay(),o=(r-n.weekStartsOn+8)%7||7;switch(t){case"e":return String(o);case"ee":return Ae(o,2);case"eo":return s.ordinalNumber(o,{unit:"day"});case"eee":return s.day(r,{width:"abbreviated",context:"formatting"});case"eeeee":return s.day(r,{width:"narrow",context:"formatting"});case"eeeeee":return s.day(r,{width:"short",context:"formatting"});case"eeee":default:return s.day(r,{width:"wide",context:"formatting"})}},c:function(e,t,s,n){const r=e.getDay(),o=(r-n.weekStartsOn+8)%7||7;switch(t){case"c":return String(o);case"cc":return Ae(o,t.length);case"co":return s.ordinalNumber(o,{unit:"day"});case"ccc":return s.day(r,{width:"abbreviated",context:"standalone"});case"ccccc":return s.day(r,{width:"narrow",context:"standalone"});case"cccccc":return s.day(r,{width:"short",context:"standalone"});case"cccc":default:return s.day(r,{width:"wide",context:"standalone"})}},i:function(e,t,s){const n=e.getDay(),r=n===0?7:n;switch(t){case"i":return String(r);case"ii":return Ae(r,t.length);case"io":return s.ordinalNumber(r,{unit:"day"});case"iii":return s.day(n,{width:"abbreviated",context:"formatting"});case"iiiii":return s.day(n,{width:"narrow",context:"formatting"});case"iiiiii":return s.day(n,{width:"short",context:"formatting"});case"iiii":default:return s.day(n,{width:"wide",context:"formatting"})}},a:function(e,t,s){const r=e.getHours()/12>=1?"pm":"am";switch(t){case"a":case"aa":return s.dayPeriod(r,{width:"abbreviated",context:"formatting"});case"aaa":return s.dayPeriod(r,{width:"abbreviated",context:"formatting"}).toLowerCase();case"aaaaa":return s.dayPeriod(r,{width:"narrow",context:"formatting"});case"aaaa":default:return s.dayPeriod(r,{width:"wide",context:"formatting"})}},b:function(e,t,s){const n=e.getHours();let r;switch(n===12?r=Ts.noon:n===0?r=Ts.midnight:r=n/12>=1?"pm":"am",t){case"b":case"bb":return s.dayPeriod(r,{width:"abbreviated",context:"formatting"});case"bbb":return s.dayPeriod(r,{width:"abbreviated",context:"formatting"}).toLowerCase();case"bbbbb":return s.dayPeriod(r,{width:"narrow",context:"formatting"});case"bbbb":default:return s.dayPeriod(r,{width:"wide",context:"formatting"})}},B:function(e,t,s){const n=e.getHours();let r;switch(n>=17?r=Ts.evening:n>=12?r=Ts.afternoon:n>=4?r=Ts.morning:r=Ts.night,t){case"B":case"BB":case"BBB":return s.dayPeriod(r,{width:"abbreviated",context:"formatting"});case"BBBBB":return s.dayPeriod(r,{width:"narrow",context:"formatting"});case"BBBB":default:return s.dayPeriod(r,{width:"wide",context:"formatting"})}},h:function(e,t,s){if(t==="ho"){let n=e.getHours()%12;return n===0&&(n=12),s.ordinalNumber(n,{unit:"hour"})}return Gt.h(e,t)},H:function(e,t,s){return t==="Ho"?s.ordinalNumber(e.getHours(),{unit:"hour"}):Gt.H(e,t)},K:function(e,t,s){const n=e.getHours()%12;return t==="Ko"?s.ordinalNumber(n,{unit:"hour"}):Ae(n,t.length)},k:function(e,t,s){let n=e.getHours();return n===0&&(n=24),t==="ko"?s.ordinalNumber(n,{unit:"hour"}):Ae(n,t.length)},m:function(e,t,s){return t==="mo"?s.ordinalNumber(e.getMinutes(),{unit:"minute"}):Gt.m(e,t)},s:function(e,t,s){return t==="so"?s.ordinalNumber(e.getSeconds(),{unit:"second"}):Gt.s(e,t)},S:function(e,t){return Gt.S(e,t)},X:function(e,t,s){const n=e.getTimezoneOffset();if(n===0)return"Z";switch(t){case"X":return Fa(n);case"XXXX":case"XX":return us(n);case"XXXXX":case"XXX":default:return us(n,":")}},x:function(e,t,s){const n=e.getTimezoneOffset();switch(t){case"x":return Fa(n);case"xxxx":case"xx":return us(n);case"xxxxx":case"xxx":default:return us(n,":")}},O:function(e,t,s){const n=e.getTimezoneOffset();switch(t){case"O":case"OO":case"OOO":return"GMT"+Ua(n,":");case"OOOO":default:return"GMT"+us(n,":")}},z:function(e,t,s){const n=e.getTimezoneOffset();switch(t){case"z":case"zz":case"zzz":return"GMT"+Ua(n,":");case"zzzz":default:return"GMT"+us(n,":")}},t:function(e,t,s){const n=Math.trunc(+e/1e3);return Ae(n,t.length)},T:function(e,t,s){return Ae(+e,t.length)}};function Ua(e,t=""){const s=e>0?"-":"+",n=Math.abs(e),r=Math.trunc(n/60),o=n%60;return o===0?s+String(r):s+String(r)+t+Ae(o,2)}function Fa(e,t){return e%60===0?(e>0?"-":"+")+Ae(Math.abs(e)/60,2):us(e,t)}function us(e,t=""){const s=e>0?"-":"+",n=Math.abs(e),r=Ae(Math.trunc(n/60),2),o=Ae(n%60,2);return s+r+t+o}const Ha=(e,t)=>{switch(e){case"P":return t.date({width:"short"});case"PP":return t.date({width:"medium"});case"PPP":return t.date({width:"long"});case"PPPP":default:return t.date({width:"full"})}},zc=(e,t)=>{switch(e){case"p":return t.time({width:"short"});case"pp":return t.time({width:"medium"});case"ppp":return t.time({width:"long"});case"pppp":default:return t.time({width:"full"})}},ib=(e,t)=>{const s=e.match(/(P+)(p+)?/)||[],n=s[1],r=s[2];if(!r)return Ha(e,t);let o;switch(n){case"P":o=t.dateTime({width:"short"});break;case"PP":o=t.dateTime({width:"medium"});break;case"PPP":o=t.dateTime({width:"long"});break;case"PPPP":default:o=t.dateTime({width:"full"});break}return o.replace("{{date}}",Ha(n,t)).replace("{{time}}",zc(r,t))},ab={p:zc,P:ib},lb=/^D+$/,cb=/^Y+$/,ub=["D","DD","YY","YYYY"];function db(e){return lb.test(e)}function hb(e){return cb.test(e)}function fb(e,t,s){const n=pb(e,t,s);if(console.warn(n),ub.includes(e))throw new RangeError(n)}function pb(e,t,s){const n=e[0]==="Y"?"years":"days of the month";return`Use \`${e.toLowerCase()}\` instead of \`${e}\` (in \`${t}\`) for formatting ${n} to the input \`${s}\`; see: https://github.com/date-fns/date-fns/blob/master/docs/unicodeTokens.md`}const mb=/[yYQqMLwIdDecihHKkms]o|(\w)\1*|''|'(''|[^'])+('|$)|./g,gb=/P+p+|P+|p+|''|'(''|[^'])+('|$)|./g,vb=/^'([^]*?)'?$/,bb=/''/g,yb=/[a-zA-Z]/;function Wn(e,t,s){var d,p,g,y;const n=no(),r=n.locale??tb,o=n.firstWeekContainsDate??((p=(d=n.locale)==null?void 0:d.options)==null?void 0:p.firstWeekContainsDate)??1,i=n.weekStartsOn??((y=(g=n.locale)==null?void 0:g.options)==null?void 0:y.weekStartsOn)??0,a=Me(e,s==null?void 0:s.in);if(!Tv(a))throw new RangeError("Invalid time value");let l=t.match(gb).map(A=>{const k=A[0];if(k==="p"||k==="P"){const j=ab[k];return j(A,r.formatLong)}return A}).join("").match(mb).map(A=>{if(A==="''")return{isToken:!1,value:"'"};const k=A[0];if(k==="'")return{isToken:!1,value:Eb(A)};if(Ma[k])return{isToken:!0,value:A};if(k.match(yb))throw new RangeError("Format string contains an unescaped latin alphabet character `"+k+"`");return{isToken:!1,value:A}});r.localize.preprocessor&&(l=r.localize.preprocessor(a,l));const h={firstWeekContainsDate:o,weekStartsOn:i,locale:r};return l.map(A=>{if(!A.isToken)return A.value;const k=A.value;(hb(k)||db(k))&&fb(k,t,String(e));const j=Ma[k[0]];return j(a,k,r.localize,h)}).join("")}function Eb(e){const t=e.match(vb);return t?t[1].replace(bb,"'"):e}function Tb(e,t){return+Me(e)>+Me(t)}function wb(e,t){return+Me(e)<+Me(t)}function _b(e,t){return+Me(e)==+Me(t)}function Io(e,t){const s=()=>Ht(t==null?void 0:t.in,NaN),r=Ab(e);let o;if(r.date){const h=kb(r.date,2);o=Nb(h.restDateString,h.year)}if(!o||isNaN(+o))return s();const i=+o;let a=0,l;if(r.time&&(a=Ob(r.time),isNaN(a)))return s();if(r.timezone){if(l=Ib(r.timezone),isNaN(l))return s()}else{const h=new Date(i+a),d=Me(0,t==null?void 0:t.in);return d.setFullYear(h.getUTCFullYear(),h.getUTCMonth(),h.getUTCDate()),d.setHours(h.getUTCHours(),h.getUTCMinutes(),h.getUTCSeconds(),h.getUTCMilliseconds()),d}return Me(i+a+l,t==null?void 0:t.in)}const Mn={dateTimeDelimiter:/[T ]/,timeZoneDelimiter:/[Z ]/i,timezone:/([Z+-].*)$/},Sb=/^-?(?:(\d{3})|(\d{2})(?:-?(\d{2}))?|W(\d{2})(?:-?(\d{1}))?|)$/,Rb=/^(\d{2}(?:[.,]\d*)?)(?::?(\d{2}(?:[.,]\d*)?))?(?::?(\d{2}(?:[.,]\d*)?))?$/,Cb=/^([+-])(\d{2})(?::?(\d{2}))?$/;function Ab(e){const t={},s=e.split(Mn.dateTimeDelimiter);let n;if(s.length>2)return t;if(/:/.test(s[0])?n=s[0]:(t.date=s[0],n=s[1],Mn.timeZoneDelimiter.test(t.date)&&(t.date=e.split(Mn.timeZoneDelimiter)[0],n=e.substr(t.date.length,e.length))),n){const r=Mn.timezone.exec(n);r?(t.time=n.replace(r[1],""),t.timezone=r[1]):t.time=n}return t}function kb(e,t){const s=new RegExp("^(?:(\\d{4}|[+-]\\d{"+(4+t)+"})|(\\d{2}|[+-]\\d{"+(2+t)+"})$)"),n=e.match(s);if(!n)return{year:NaN,restDateString:""};const r=n[1]?parseInt(n[1]):null,o=n[2]?parseInt(n[2]):null;return{year:o===null?r:o*100,restDateString:e.slice((n[1]||n[2]).length)}}function Nb(e,t){if(t===null)return new Date(NaN);const s=e.match(Sb);if(!s)return new Date(NaN);const n=!!s[4],r=Vs(s[1]),o=Vs(s[2])-1,i=Vs(s[3]),a=Vs(s[4]),l=Vs(s[5])-1;if(n)return Pb(t,a,l)?$b(t,a,l):new Date(NaN);{const h=new Date(0);return!qb(t,o,i)||!Db(t,r)?new Date(NaN):(h.setUTCFullYear(t,o,Math.max(r,i)),h)}}function Vs(e){return e?parseInt(e):1}function Ob(e){const t=e.match(Rb);if(!t)return NaN;const s=$o(t[1]),n=$o(t[2]),r=$o(t[3]);return xb(s,n,r)?s*Vc+n*jc+r*1e3:NaN}function $o(e){return e&&parseFloat(e.replace(",","."))||0}function Ib(e){if(e==="Z")return 0;const t=e.match(Cb);if(!t)return 0;const s=t[1]==="+"?-1:1,n=parseInt(t[2]),r=t[3]&&parseInt(t[3])||0;return Mb(n,r)?s*(n*Vc+r*jc):NaN}function $b(e,t,s){const n=new Date(0);n.setUTCFullYear(e,0,4);const r=n.getUTCDay()||7,o=(t-1)*7+s+1-r;return n.setUTCDate(n.getUTCDate()+o),n}const Lb=[31,null,31,30,31,30,31,31,30,31,30,31];function Qc(e){return e%400===0||e%4===0&&e%100!==0}function qb(e,t,s){return t>=0&&t<=11&&s>=1&&s<=(Lb[t]||(Qc(e)?29:28))}function Db(e,t){return t>=1&&t<=(Qc(e)?366:365)}function Pb(e,t,s){return t>=1&&t<=53&&s>=0&&s<=6}function xb(e,t,s){return e===24?t===0&&s===0:s>=0&&s<60&&t>=0&&t<60&&e>=0&&e<25}function Mb(e,t){return t>=0&&t<=59}function Lo(e,t,s){const n=Me(e,s==null?void 0:s.in);return n.setMilliseconds(t),n}let Ub=class{constructor(t,s){this.tags=t,this.map=s,this.shown=!1,this.sortedBy=void 0,this.sortedDesc=!1,this.input=""}toggle(t){this.shown=!this.shown,this.shown&&Yr(()=>{let s=t.target;for(;(s=s.parentNode)&&s.tagName!="TABLE";);s.querySelector(".filter input").focus()})}sortBy(t){this.sortedBy==t?this.sortedDesc=!this.sortedDesc:(this.sortedBy=t,this.sortedDesc=!0)}filter(t){let{terms:s,tags:n}=this.tokenize(this.input);if(t=t.filter(r=>{let o=this.map?this.map(r):r;return this.matchesTerms(o,s)&&this.matchesTags(r,n)}),this.sortedBy){let r=this.tags.find(o=>o.tag==this.sortedBy);t.sort((o,i)=>{var a,l;return r&&r.type=="number"?o[this.sortedBy]-i[this.sortedBy]:(l=o[this.sortedBy])==null?void 0:l.toString().localeCompare((a=i[this.sortedBy])==null?void 0:a.toString())})}return this.sortedDesc&&(t=t.reverse()),t}matchesTerms(t,s){return s.length?typeof t=="object"&&t!==null?Object.values(t).find(n=>this.matchesTerms(n,s)):typeof t!="string"?!1:s.find(n=>t.toLowerCase().includes(n.toLowerCase())):!0}matchesTags(t,s){return Object.keys(s).length?Object.keys(s).every(n=>(n=this.tags.find(r=>r.tag==n),n?n.type=="number"||n.type=="date"?s[n.tag].every(r=>this.isTagApplicable(n,t,r)):s[n.tag].find(r=>this.isTagApplicable(n,t,r)):!1)):!0}isTagApplicable(t,s,n){if(t.apply)return t.apply(s,n);if(s=t.map?t.map(s):s[t.tag],t.type=="number"){let r;return(r=n.match(/^<(\d+(?:\.\d+)?)$/))?s<parseFloat(r[1]):(r=n.match(/^>(\d+(?:\.\d+)?)$/))?parseFloat(r[1])<s:(r=n.match(/^(\d+(?:\.\d+)?)-(\d+(?:\.\d+)?)$/))?parseFloat(r[1])<s&&s<parseFloat(r[2]):s==n}else if(t.type=="date"){let r;return(r=n.match(/^<(.+)$/))?wb(Lo(s,0),Io(r[1].match(/^\d+:\d+(:\d+)?$/)?Wn(new Date,"yyyy-MM-dd ")+r[1]:r[1])):(r=n.match(/^>(.+)$/))?Tb(Lo(s,0),Io(r[1].match(/^\d+:\d+(:\d+)?$/)?Wn(new Date,"yyyy-MM-dd ")+r[1]:r[1])):_b(Lo(s,0),Io(n.match(/^\d+:\d+(:\d+)?$/)?Wn(new Date,"yyyy-MM-dd ")+n:n))}else return typeof s=="string"&&s.toLowerCase().includes(n.toLowerCase())}tokenize(t){let s=[],n={},r=/(\w+:)?("[^"]*"|[^\s]+)/g,o;for(;o=r.exec(t);){let i=o[1]?o[1].substr(0,o[1].length-1):void 0,a=o[2];(o=a.match(/^"(.+?)"$/))&&(a=o[1]),i?(n[i]||(n[i]=[]),n[i].push(a)):s.push(a)}return{terms:s,tags:n}}};const ze=(...e)=>We(new Ub(...e)),Fb={name:"CacheTab",components:{DetailsTable:He,PrettyPrint:Qe,StackTrace:ht},props:["active"],data:()=>({filter:ze([{tag:"action",apply:(e,t)=>{if(["read","write","delete","miss"].includes(t.toLowerCase()))return e.type.toLowerCase()==t.toLowerCase()}},{tag:"key"},{tag:"file",map:e=>e.shortPath}])}),computed:{columns(){let e=[{name:"Action",sortBy:"type"},"Key","Value","Expires"];return this.$request.cacheQueries.some(t=>t.connection)&&e.unshift("Connection"),this.$request.cacheQueries.some(t=>t.duration)&&e.push("Duration"),e}}},Hb={key:0},Bb={class:"counters-row"},jb={key:0,class:"counter"},Vb={class:"counter-value"},Gb={key:1,class:"counter"},Wb={class:"counter-value"},zb={key:2,class:"counter"},Qb={class:"counter-value"},Yb={key:3,class:"counter"},Kb={class:"counter-value"},Xb={key:4,class:"counter"},Jb={class:"counter-value"},Zb={key:5,class:"counter"},ey={class:"counter-value"},ty={key:6,class:"counter"},sy={class:"counter-value"},ny={key:0},ry={class:"cache-query-type"},oy={class:"database-query"},iy={class:"database-query-content"},ay={key:0},ly={key:1};function cy(e,t,s,n,r,o){const i=$("pretty-print"),a=$("stack-trace"),l=$("details-table");return s.active?(f(),v("div",Hb,[u("div",Bb,[e.$request.cacheQueries.length?(f(),v("div",jb,[u("div",Vb,T(e.$request.cacheQueries.length),1),t[0]||(t[0]=u("div",{class:"counter-title"},"queries",-1))])):E("",!0),e.$request.cacheReads?(f(),v("div",Gb,[u("div",Wb,T(e.$request.cacheReads),1),t[1]||(t[1]=u("div",{class:"counter-title"},"reads",-1))])):E("",!0),e.$request.cacheHits?(f(),v("div",zb,[u("div",Qb,T(e.$request.cacheHits),1),t[2]||(t[2]=u("div",{class:"counter-title"},"hits",-1))])):E("",!0),e.$request.cacheMisses?(f(),v("div",Yb,[u("div",Kb,T(e.$request.cacheMisses),1),t[3]||(t[3]=u("div",{class:"counter-title"},"misses",-1))])):E("",!0),e.$request.cacheWrites?(f(),v("div",Xb,[u("div",Jb,T(e.$request.cacheWrites),1),t[4]||(t[4]=u("div",{class:"counter-title"},"writes",-1))])):E("",!0),e.$request.cacheDeletes?(f(),v("div",Zb,[u("div",ey,T(e.$request.cacheDeletes),1),t[5]||(t[5]=u("div",{class:"counter-title"},"deletes",-1))])):E("",!0),e.$request.cacheTime?(f(),v("div",ty,[u("div",sy,T(e.$request.cacheTime),1),t[6]||(t[6]=u("div",{class:"counter-title"},"time",-1))])):E("",!0)]),e.$request.cacheQueries.length?(f(),J(l,{key:0,title:"Queries",icon:"paperclip",columns:o.columns,items:e.$request.cacheQueries,filter:e.filter,"filter-example":"info@underground.works action:miss key:lastRequest file:Controller.php"},{body:ce(({items:h})=>[(f(!0),v(B,null,le(h,(d,p)=>(f(),v("tr",{key:`${e.$request.id}-${p}`},[o.columns.includes("Connection")?(f(),v("td",ny,T(d.connection),1)):E("",!0),u("td",ry,T(d.type),1),u("td",null,T(d.key),1),u("td",null,[u("div",oy,[u("div",iy,[D(i,{data:d.value},null,8,["data"])]),D(a,{class:"database-query-path",trace:d.trace,file:d.file,line:d.line},null,8,["trace","file","line"])])]),u("td",null,[d.expiration?(f(),v("span",ay,T(d.expiration),1)):E("",!0)]),o.columns.includes("Duration")?(f(),v("td",ly,T(e.$round(d.duration,3))+" ms",1)):E("",!0)]))),128))]),_:1},8,["columns","items","filter"])):E("",!0)])):E("",!0)}const uy=he(Fb,[["render",cy]]);var ve=typeof globalThis<"u"?globalThis:typeof window<"u"?window:typeof global<"u"?global:typeof self<"u"?self:{};function qs(e){return e&&e.__esModule&&Object.prototype.hasOwnProperty.call(e,"default")?e.default:e}var Yc={exports:{}};(function(e){var t=typeof window<"u"?window:typeof WorkerGlobalScope<"u"&&self instanceof WorkerGlobalScope?self:{};/**
 * Prism: Lightweight, robust, elegant syntax highlighting
 *
 * @license MIT <https://opensource.org/licenses/MIT>
 * @author Lea Verou <https://lea.verou.me>
 * @namespace
 * @public
 */var s=function(n){var r=/(?:^|\s)lang(?:uage)?-([\w-]+)(?=\s|$)/i,o=0,i={},a={manual:n.Prism&&n.Prism.manual,disableWorkerMessageHandler:n.Prism&&n.Prism.disableWorkerMessageHandler,util:{encode:function C(R){return R instanceof l?new l(R.type,C(R.content),R.alias):Array.isArray(R)?R.map(C):R.replace(/&/g,"&amp;").replace(/</g,"&lt;").replace(/\u00a0/g," ")},type:function(C){return Object.prototype.toString.call(C).slice(8,-1)},objId:function(C){return C.__id||Object.defineProperty(C,"__id",{value:++o}),C.__id},clone:function C(R,O){O=O||{};var q,L;switch(a.util.type(R)){case"Object":if(L=a.util.objId(R),O[L])return O[L];q={},O[L]=q;for(var Q in R)R.hasOwnProperty(Q)&&(q[Q]=C(R[Q],O));return q;case"Array":return L=a.util.objId(R),O[L]?O[L]:(q=[],O[L]=q,R.forEach(function(oe,P){q[P]=C(oe,O)}),q);default:return R}},getLanguage:function(C){for(;C;){var R=r.exec(C.className);if(R)return R[1].toLowerCase();C=C.parentElement}return"none"},setLanguage:function(C,R){C.className=C.className.replace(RegExp(r,"gi"),""),C.classList.add("language-"+R)},currentScript:function(){if(typeof document>"u")return null;if("currentScript"in document)return document.currentScript;try{throw new Error}catch(q){var C=(/at [^(\r\n]*\((.*):[^:]+:[^:]+\)$/i.exec(q.stack)||[])[1];if(C){var R=document.getElementsByTagName("script");for(var O in R)if(R[O].src==C)return R[O]}return null}},isActive:function(C,R,O){for(var q="no-"+R;C;){var L=C.classList;if(L.contains(R))return!0;if(L.contains(q))return!1;C=C.parentElement}return!!O}},languages:{plain:i,plaintext:i,text:i,txt:i,extend:function(C,R){var O=a.util.clone(a.languages[C]);for(var q in R)O[q]=R[q];return O},insertBefore:function(C,R,O,q){q=q||a.languages;var L=q[C],Q={};for(var oe in L)if(L.hasOwnProperty(oe)){if(oe==R)for(var P in O)O.hasOwnProperty(P)&&(Q[P]=O[P]);O.hasOwnProperty(oe)||(Q[oe]=L[oe])}var V=q[C];return q[C]=Q,a.languages.DFS(a.languages,function(F,M){M===V&&F!=C&&(this[F]=Q)}),Q},DFS:function C(R,O,q,L){L=L||{};var Q=a.util.objId;for(var oe in R)if(R.hasOwnProperty(oe)){O.call(R,oe,R[oe],q||oe);var P=R[oe],V=a.util.type(P);V==="Object"&&!L[Q(P)]?(L[Q(P)]=!0,C(P,O,null,L)):V==="Array"&&!L[Q(P)]&&(L[Q(P)]=!0,C(P,O,oe,L))}}},plugins:{},highlightAll:function(C,R){a.highlightAllUnder(document,C,R)},highlightAllUnder:function(C,R,O){var q={callback:O,container:C,selector:'code[class*="language-"], [class*="language-"] code, code[class*="lang-"], [class*="lang-"] code'};a.hooks.run("before-highlightall",q),q.elements=Array.prototype.slice.apply(q.container.querySelectorAll(q.selector)),a.hooks.run("before-all-elements-highlight",q);for(var L=0,Q;Q=q.elements[L++];)a.highlightElement(Q,R===!0,q.callback)},highlightElement:function(C,R,O){var q=a.util.getLanguage(C),L=a.languages[q];a.util.setLanguage(C,q);var Q=C.parentElement;Q&&Q.nodeName.toLowerCase()==="pre"&&a.util.setLanguage(Q,q);var oe=C.textContent,P={element:C,language:q,grammar:L,code:oe};function V(M){P.highlightedCode=M,a.hooks.run("before-insert",P),P.element.innerHTML=P.highlightedCode,a.hooks.run("after-highlight",P),a.hooks.run("complete",P),O&&O.call(P.element)}if(a.hooks.run("before-sanity-check",P),Q=P.element.parentElement,Q&&Q.nodeName.toLowerCase()==="pre"&&!Q.hasAttribute("tabindex")&&Q.setAttribute("tabindex","0"),!P.code){a.hooks.run("complete",P),O&&O.call(P.element);return}if(a.hooks.run("before-highlight",P),!P.grammar){V(a.util.encode(P.code));return}if(R&&n.Worker){var F=new Worker(a.filename);F.onmessage=function(M){V(M.data)},F.postMessage(JSON.stringify({language:P.language,code:P.code,immediateClose:!0}))}else V(a.highlight(P.code,P.grammar,P.language))},highlight:function(C,R,O){var q={code:C,grammar:R,language:O};if(a.hooks.run("before-tokenize",q),!q.grammar)throw new Error('The language "'+q.language+'" has no grammar.');return q.tokens=a.tokenize(q.code,q.grammar),a.hooks.run("after-tokenize",q),l.stringify(a.util.encode(q.tokens),q.language)},tokenize:function(C,R){var O=R.rest;if(O){for(var q in O)R[q]=O[q];delete R.rest}var L=new p;return g(L,L.head,C),d(C,L,R,L.head,0),A(L)},hooks:{all:{},add:function(C,R){var O=a.hooks.all;O[C]=O[C]||[],O[C].push(R)},run:function(C,R){var O=a.hooks.all[C];if(!(!O||!O.length))for(var q=0,L;L=O[q++];)L(R)}},Token:l};n.Prism=a;function l(C,R,O,q){this.type=C,this.content=R,this.alias=O,this.length=(q||"").length|0}l.stringify=function C(R,O){if(typeof R=="string")return R;if(Array.isArray(R)){var q="";return R.forEach(function(V){q+=C(V,O)}),q}var L={type:R.type,content:C(R.content,O),tag:"span",classes:["token",R.type],attributes:{},language:O},Q=R.alias;Q&&(Array.isArray(Q)?Array.prototype.push.apply(L.classes,Q):L.classes.push(Q)),a.hooks.run("wrap",L);var oe="";for(var P in L.attributes)oe+=" "+P+'="'+(L.attributes[P]||"").replace(/"/g,"&quot;")+'"';return"<"+L.tag+' class="'+L.classes.join(" ")+'"'+oe+">"+L.content+"</"+L.tag+">"};function h(C,R,O,q){C.lastIndex=R;var L=C.exec(O);if(L&&q&&L[1]){var Q=L[1].length;L.index+=Q,L[0]=L[0].slice(Q)}return L}function d(C,R,O,q,L,Q){for(var oe in O)if(!(!O.hasOwnProperty(oe)||!O[oe])){var P=O[oe];P=Array.isArray(P)?P:[P];for(var V=0;V<P.length;++V){if(Q&&Q.cause==oe+","+V)return;var F=P[V],M=F.inside,c=!!F.lookbehind,m=!!F.greedy,b=F.alias;if(m&&!F.pattern.global){var _=F.pattern.toString().match(/[imsuy]*$/)[0];F.pattern=RegExp(F.pattern.source,_+"g")}for(var N=F.pattern||F,I=q.next,U=L;I!==R.tail&&!(Q&&U>=Q.reach);U+=I.value.length,I=I.next){var H=I.value;if(R.length>C.length)return;if(!(H instanceof l)){var Z=1,ae;if(m){if(ae=h(N,U,C,c),!ae||ae.index>=C.length)break;var Te=ae.index,Se=ae.index+ae[0].length,ye=U;for(ye+=I.value.length;Te>=ye;)I=I.next,ye+=I.value.length;if(ye-=I.value.length,U=ye,I.value instanceof l)continue;for(var Ee=I;Ee!==R.tail&&(ye<Se||typeof Ee.value=="string");Ee=Ee.next)Z++,ye+=Ee.value.length;Z--,H=C.slice(U,ye),ae.index-=U}else if(ae=h(N,0,H,c),!ae)continue;var Te=ae.index,Ne=ae[0],Pe=H.slice(0,Te),De=H.slice(Te+Ne.length),Ue=U+H.length;Q&&Ue>Q.reach&&(Q.reach=Ue);var qe=I.prev;Pe&&(qe=g(R,qe,Pe),U+=Pe.length),y(R,qe,Z);var Ve=new l(oe,M?a.tokenize(Ne,M):Ne,b,Ne);if(I=g(R,qe,Ve),De&&g(R,I,De),Z>1){var w={cause:oe+","+V,reach:Ue};d(C,R,O,I.prev,U,w),Q&&w.reach>Q.reach&&(Q.reach=w.reach)}}}}}}function p(){var C={value:null,prev:null,next:null},R={value:null,prev:C,next:null};C.next=R,this.head=C,this.tail=R,this.length=0}function g(C,R,O){var q=R.next,L={value:O,prev:R,next:q};return R.next=L,q.prev=L,C.length++,L}function y(C,R,O){for(var q=R.next,L=0;L<O&&q!==C.tail;L++)q=q.next;R.next=q,q.prev=R,C.length-=L}function A(C){for(var R=[],O=C.head.next;O!==C.tail;)R.push(O.value),O=O.next;return R}if(!n.document)return n.addEventListener&&(a.disableWorkerMessageHandler||n.addEventListener("message",function(C){var R=JSON.parse(C.data),O=R.language,q=R.code,L=R.immediateClose;n.postMessage(a.highlight(q,a.languages[O],O)),L&&n.close()},!1)),a;var k=a.util.currentScript();k&&(a.filename=k.src,k.hasAttribute("data-manual")&&(a.manual=!0));function j(){a.manual||a.highlightAll()}if(!a.manual){var W=document.readyState;W==="loading"||W==="interactive"&&k&&k.defer?document.addEventListener("DOMContentLoaded",j):window.requestAnimationFrame?window.requestAnimationFrame(j):window.setTimeout(j,16)}return a}(t);e.exports&&(e.exports=s),typeof ve<"u"&&(ve.Prism=s)})(Yc);var dy=Yc.exports;const Ba=qs(dy);Prism.languages.sql={comment:{pattern:/(^|[^\\])(?:\/\*[\s\S]*?\*\/|(?:--|\/\/|#).*)/,lookbehind:!0},variable:[{pattern:/@(["'`])(?:\\[\s\S]|(?!\1)[^\\])+\1/,greedy:!0},/@[\w.$]+/],string:{pattern:/(^|[^@\\])("|')(?:\\[\s\S]|(?!\2)[^\\]|\2\2)*\2/,greedy:!0,lookbehind:!0},identifier:{pattern:/(^|[^@\\])`(?:\\[\s\S]|[^`\\]|``)*`/,greedy:!0,lookbehind:!0,inside:{punctuation:/^`|`$/}},function:/\b(?:AVG|COUNT|FIRST|FORMAT|LAST|LCASE|LEN|MAX|MID|MIN|MOD|NOW|ROUND|SUM|UCASE)(?=\s*\()/i,keyword:/\b(?:ACTION|ADD|AFTER|ALGORITHM|ALL|ALTER|ANALYZE|ANY|APPLY|AS|ASC|AUTHORIZATION|AUTO_INCREMENT|BACKUP|BDB|BEGIN|BERKELEYDB|BIGINT|BINARY|BIT|BLOB|BOOL|BOOLEAN|BREAK|BROWSE|BTREE|BULK|BY|CALL|CASCADED?|CASE|CHAIN|CHAR(?:ACTER|SET)?|CHECK(?:POINT)?|CLOSE|CLUSTERED|COALESCE|COLLATE|COLUMNS?|COMMENT|COMMIT(?:TED)?|COMPUTE|CONNECT|CONSISTENT|CONSTRAINT|CONTAINS(?:TABLE)?|CONTINUE|CONVERT|CREATE|CROSS|CURRENT(?:_DATE|_TIME|_TIMESTAMP|_USER)?|CURSOR|CYCLE|DATA(?:BASES?)?|DATE(?:TIME)?|DAY|DBCC|DEALLOCATE|DEC|DECIMAL|DECLARE|DEFAULT|DEFINER|DELAYED|DELETE|DELIMITERS?|DENY|DESC|DESCRIBE|DETERMINISTIC|DISABLE|DISCARD|DISK|DISTINCT|DISTINCTROW|DISTRIBUTED|DO|DOUBLE|DROP|DUMMY|DUMP(?:FILE)?|DUPLICATE|ELSE(?:IF)?|ENABLE|ENCLOSED|END|ENGINE|ENUM|ERRLVL|ERRORS|ESCAPED?|EXCEPT|EXEC(?:UTE)?|EXISTS|EXIT|EXPLAIN|EXTENDED|FETCH|FIELDS|FILE|FILLFACTOR|FIRST|FIXED|FLOAT|FOLLOWING|FOR(?: EACH ROW)?|FORCE|FOREIGN|FREETEXT(?:TABLE)?|FROM|FULL|FUNCTION|GEOMETRY(?:COLLECTION)?|GLOBAL|GOTO|GRANT|GROUP|HANDLER|HASH|HAVING|HOLDLOCK|HOUR|IDENTITY(?:COL|_INSERT)?|IF|IGNORE|IMPORT|INDEX|INFILE|INNER|INNODB|INOUT|INSERT|INT|INTEGER|INTERSECT|INTERVAL|INTO|INVOKER|ISOLATION|ITERATE|JOIN|KEYS?|KILL|LANGUAGE|LAST|LEAVE|LEFT|LEVEL|LIMIT|LINENO|LINES|LINESTRING|LOAD|LOCAL|LOCK|LONG(?:BLOB|TEXT)|LOOP|MATCH(?:ED)?|MEDIUM(?:BLOB|INT|TEXT)|MERGE|MIDDLEINT|MINUTE|MODE|MODIFIES|MODIFY|MONTH|MULTI(?:LINESTRING|POINT|POLYGON)|NATIONAL|NATURAL|NCHAR|NEXT|NO|NONCLUSTERED|NULLIF|NUMERIC|OFF?|OFFSETS?|ON|OPEN(?:DATASOURCE|QUERY|ROWSET)?|OPTIMIZE|OPTION(?:ALLY)?|ORDER|OUT(?:ER|FILE)?|OVER|PARTIAL|PARTITION|PERCENT|PIVOT|PLAN|POINT|POLYGON|PRECEDING|PRECISION|PREPARE|PREV|PRIMARY|PRINT|PRIVILEGES|PROC(?:EDURE)?|PUBLIC|PURGE|QUICK|RAISERROR|READS?|REAL|RECONFIGURE|REFERENCES|RELEASE|RENAME|REPEAT(?:ABLE)?|REPLACE|REPLICATION|REQUIRE|RESIGNAL|RESTORE|RESTRICT|RETURN(?:ING|S)?|REVOKE|RIGHT|ROLLBACK|ROUTINE|ROW(?:COUNT|GUIDCOL|S)?|RTREE|RULE|SAVE(?:POINT)?|SCHEMA|SECOND|SELECT|SERIAL(?:IZABLE)?|SESSION(?:_USER)?|SET(?:USER)?|SHARE|SHOW|SHUTDOWN|SIMPLE|SMALLINT|SNAPSHOT|SOME|SONAME|SQL|START(?:ING)?|STATISTICS|STATUS|STRIPED|SYSTEM_USER|TABLES?|TABLESPACE|TEMP(?:ORARY|TABLE)?|TERMINATED|TEXT(?:SIZE)?|THEN|TIME(?:STAMP)?|TINY(?:BLOB|INT|TEXT)|TOP?|TRAN(?:SACTIONS?)?|TRIGGER|TRUNCATE|TSEQUAL|TYPES?|UNBOUNDED|UNCOMMITTED|UNDEFINED|UNION|UNIQUE|UNLOCK|UNPIVOT|UNSIGNED|UPDATE(?:TEXT)?|USAGE|USE|USER|USING|VALUES?|VAR(?:BINARY|CHAR|CHARACTER|YING)|VIEW|WAITFOR|WARNINGS|WHEN|WHERE|WHILE|WITH(?: ROLLUP|IN)?|WORK|WRITE(?:TEXT)?|YEAR)\b/i,boolean:/\b(?:FALSE|NULL|TRUE)\b/i,number:/\b0x[\da-f]+\b|\b\d+(?:\.\d*)?|\B\.\d+\b/i,operator:/[-+*\/=%^~]|&&?|\|\|?|!=?|<(?:=>?|<|>)?|>[>=]?|\b(?:AND|BETWEEN|DIV|ILIKE|IN|IS|LIKE|NOT|OR|REGEXP|RLIKE|SOUNDS LIKE|XOR)\b/i,punctuation:/[;[\]()`,.]/};const hy={name:"HighlightedCode",props:["code","language"],computed:{languageClass(){return`language-${this.language}`},html(){return Ba.highlight(this.code,Ba.languages.sql,"sql")}}},fy={class:"highlighted-code"},py=["innerHTML"];function my(e,t,s,n,r,o){return f(),v("pre",fy,[u("code",{class:te(o.languageClass),innerHTML:o.html},null,10,py)])}const ro=he(hy,[["render",my]]),gy={name:"DatabaseTab",components:{DetailsTable:He,HighlightedCode:ro,PrettyPrint:Qe,ShortenedText:bs,StackTrace:ht},props:["active"],data:()=>({prettify:!1,filter:ze([{tag:"model"},{tag:"type",apply:(e,t)=>{if(["select","update","insert","delete"].includes(t.toLowerCase()))return e.query.match(new RegExp(`^${t.toLowerCase()}`,"i"))}},{tag:"file",map:e=>e.shortPath},{tag:"duration",type:"number"}])}),computed:{columns(){let e=["Model","Query","Duration"];return new Set(this.$request.databaseQueries.map(s=>s.connection)).size>1&&e.splice(1,0,"Connection"),e}},watch:{prettify(e,t){t!==void 0&&(this.$settings.global.databasePrettified=this.prettify,this.$settings.save())}},mounted(){this.prettify=this.$settings.global.databasePrettified||!1}},vy={key:0},by={class:"counters-row"},yy={class:"counter"},Ey={class:"counter-value"},Ty={key:0,class:"counter database-slow-query"},wy={class:"counter-value"},_y={key:1,class:"counter"},Sy={class:"counter-value"},Ry={key:2,class:"counter"},Cy={class:"counter-value"},Ay={key:3,class:"counter"},ky={class:"counter-value"},Ny={key:4,class:"counter"},Oy={class:"counter-value"},Iy={key:5,class:"counter"},$y={class:"counter-value"},Ly={class:"counter"},qy={class:"counter-value"},Dy={class:"header-group"},Py={class:"header-toggle"},xy={class:"header-group"},My={class:"header-search"},Uy=["onUpdate:modelValue"],Fy={key:0},Hy={class:"database-query"},By={class:"database-query-content"},jy={key:0,class:"database-query-bindings"},Vy={class:"database-duration"},Gy={key:0};function Wy(e,t,s,n,r,o){const i=$("icon"),a=$("shortened-text"),l=$("highlighted-code"),h=$("pretty-print"),d=$("stack-trace"),p=$("details-table");return s.active?(f(),v("div",vy,[u("div",by,[u("div",yy,[u("div",Ey,T(e.$request.databaseQueriesCount),1),t[1]||(t[1]=u("div",{class:"counter-title"},"queries",-1))]),e.$request.databaseSlowQueries?(f(),v("div",Ty,[u("div",wy,T(e.$request.databaseSlowQueries),1),t[2]||(t[2]=u("div",{class:"counter-title has-mark"},"slow",-1))])):E("",!0),e.$request.databaseSelects?(f(),v("div",_y,[u("div",Sy,T(e.$request.databaseSelects),1),t[3]||(t[3]=u("div",{class:"counter-title"},"selects",-1))])):E("",!0),e.$request.databaseInserts?(f(),v("div",Ry,[u("div",Cy,T(e.$request.databaseInserts),1),t[4]||(t[4]=u("div",{class:"counter-title"},"inserts",-1))])):E("",!0),e.$request.databaseUpdates?(f(),v("div",Ay,[u("div",ky,T(e.$request.databaseUpdates),1),t[5]||(t[5]=u("div",{class:"counter-title"},"updates",-1))])):E("",!0),e.$request.databaseDeletes?(f(),v("div",Ny,[u("div",Oy,T(e.$request.databaseDeletes),1),t[6]||(t[6]=u("div",{class:"counter-title"},"deletes",-1))])):E("",!0),e.$request.databaseOthers?(f(),v("div",Iy,[u("div",$y,T(e.$request.databaseOthers),1),t[7]||(t[7]=u("div",{class:"counter-title"},"other",-1))])):E("",!0),u("div",Ly,[u("div",qy,T(e.$request.databaseDurationRounded)+" ms",1),t[8]||(t[8]=u("div",{class:"counter-title"},"time",-1))])]),e.$request.databaseQueries.length?(f(),J(p,{key:0,title:"Queries",icon:"database",columns:o.columns,items:e.$request.databaseQueries,filter:e.filter,"filter-example":"where request_id model:request type:select file:Controller.php duration:>100"},{toolbar:ce(({filter:g})=>[u("div",Dy,[u("label",Py,[Oe(u("input",{type:"checkbox","onUpdate:modelValue":t[0]||(t[0]=y=>e.prettify=y)},null,512),[[Ot,e.prettify]]),t[9]||(t[9]=z(" Prettify "))])]),u("div",xy,[u("div",My,[Oe(u("input",{type:"search","onUpdate:modelValue":y=>g.input=y,placeholder:"Search..."},null,8,Uy),[[gt,g.input]]),D(i,{name:"search"})])])]),body:ce(({items:g})=>[(f(!0),v(B,null,le(g,(y,A)=>(f(),v("tr",{key:`${e.$request.id}-${A}`,class:te({"database-slow-query":y.tags.includes("slow")})},[u("td",null,[D(a,{full:y.model},{default:ce(()=>[z(T(y.shortModel),1)]),_:2},1032,["full"])]),o.columns.includes("Connection")?(f(),v("td",Fy,T(y.connection),1)):E("",!0),u("td",null,[u("div",Hy,[u("div",By,[D(l,{language:"sql",code:e.prettify?y.prettifiedQuery:y.query},null,8,["code"]),y.bindings?(f(),v("div",jy,[D(h,{data:y.bindings},null,8,["data"])])):E("",!0)]),D(d,{class:"database-query-path",trace:y.trace,file:y.file,line:y.line},null,8,["trace","file","line"])])]),u("td",Vy,[y.duration?(f(),v("span",Gy,T(e.$round(y.duration,3))+" ms",1)):E("",!0)])],2))),128))]),_:1},8,["columns","items","filter"])):E("",!0)])):E("",!0)}const zy=he(gy,[["render",Wy]]),Qy={name:"EventsTab",components:{DetailsTable:He,PrettyPrint:Qe,ShortenedText:bs,StackTrace:ht},props:["active"],data:()=>({filter:ze([{tag:"time",type:"date"},{tag:"file",map:e=>e.shortPath}]),expandedEvents:[]}),methods:{toggleEvent(e){this.isEventExpanded(e)?this.expandedEvents=this.expandedEvents.filter(t=>t!=e):this.expandedEvents.push(e)},isEventExpanded(e){return this.expandedEvents.indexOf(e)!==-1}}},Yy={key:0},Ky={class:"fired-event"},Xy={class:"fired-event-content"},Jy={key:0},Zy={key:1},eE={key:0,class:"fired-event-details"},tE={key:0,class:"fired-event-parameters"},sE={class:"fired-event-listeners"},nE={class:"fired-event-actions"},rE=["onClick"];function oE(e,t,s,n,r,o){const i=$("pretty-print"),a=$("stack-trace"),l=$("shortened-text"),h=$("icon"),d=$("details-table");return s.active?(f(),v("div",Yy,[D(d,{title:"Events",icon:"zap",columns:["Time","Event",""],items:e.$request.events,filter:e.filter,"filter-example":'"user registered" file:Controller.php time:<13:08:30'},{body:ce(({items:p})=>[(f(!0),v(B,null,le(p,(g,y)=>(f(),v("tr",{key:`${e.$request.id}-${y}`},[u("td",null,T(e.$date(g.time,"HH:mm:ss")),1),u("td",null,[u("div",Ky,[u("div",Xy,[g.objectEvent?(f(),v("div",Jy,[D(i,{data:g.data},null,8,["data"])])):E("",!0),g.objectEvent?E("",!0):(f(),v("div",Zy,T(g.event),1))]),D(a,{class:"fired-query-path",trace:g.trace,file:g.file,line:g.line},null,8,["trace","file","line"])]),o.isEventExpanded(g)?(f(),v("div",eE,[g.objectEvent?E("",!0):(f(),v("div",tE,[t[0]||(t[0]=u("h4",null,"Parameters",-1)),D(i,{data:g.data},null,8,["data"])])),u("div",sE,[t[1]||(t[1]=u("h4",null,"Listeners",-1)),(f(!0),v(B,null,le(g.listeners,(A,k)=>(f(),J(l,{key:`${e.$request.id}-${k}`,full:A.name},{default:ce(()=>[z(T(A.shortName),1)]),_:2},1032,["full"]))),128))])])):E("",!0)]),u("td",nE,[u("a",{href:"#",onClick:ge(A=>o.toggleEvent(g),["prevent"])},[D(h,{name:o.isEventExpanded(g)?"chevron-up":"chevron-down"},null,8,["name"])],8,rE)])]))),128))]),_:1},8,["items","filter"])])):E("",!0)}const iE=he(Qy,[["render",oE]]),aE={name:"PerformanceChart",props:{metrics:{default:()=>[]}},data:()=>({sections:[]}),methods:{refreshSections(){let e=this.$el.offsetWidth,t=this.metrics.reduce((s,n)=>s+n.value,0);this.sections=this.metrics.map(s=>({class:`section-${s.color}`,style:`width: ${e*s.value/t}px`}))}},mounted(){this.refreshSections(),this.resizeObserver=new ResizeObserver(to(e=>this.refreshSections(),10)),this.resizeObserver.observe(this.$el)},watch:{metrics(){this.refreshSections()}}},lE={class:"performance-chart"};function cE(e,t,s,n,r,o){return f(),v("div",lE,[(f(!0),v(B,null,le(e.sections,i=>(f(),v("div",{class:te(["chart-section",i.class]),style:ut(i.style)},null,6))),256))])}const Ii=he(aE,[["render",cE]]),uE='<svg xmlns="http://www.w3.org/2000/svg" width="24" height="24" viewBox="0 0 24 24" fill="none" stroke="currentColor" stroke-width="2" stroke-linecap="round" stroke-linejoin="round" class="feather feather-activity"><polyline points="22 12 18 12 15 21 9 3 6 12 2 12"></polyline></svg>',dE='<svg xmlns="http://www.w3.org/2000/svg" width="24" height="24" viewBox="0 0 24 24" fill="none" stroke="currentColor" stroke-width="2" stroke-linecap="round" stroke-linejoin="round" class="feather feather-alert-circle"><circle cx="12" cy="12" r="10"></circle><line x1="12" y1="8" x2="12" y2="12"></line><line x1="12" y1="16" x2="12.01" y2="16"></line></svg>',hE='<svg xmlns="http://www.w3.org/2000/svg" width="24" height="24" viewBox="0 0 24 24" fill="none" stroke="currentColor" stroke-width="2" stroke-linecap="round" stroke-linejoin="round" class="feather feather-alert-triangle"><path d="M10.29 3.86L1.82 18a2 2 0 0 0 1.71 3h16.94a2 2 0 0 0 1.71-3L13.71 3.86a2 2 0 0 0-3.42 0z"></path><line x1="12" y1="9" x2="12" y2="13"></line><line x1="12" y1="17" x2="12.01" y2="17"></line></svg>',fE='<svg xmlns="http://www.w3.org/2000/svg" width="24" height="24" viewBox="0 0 24 24" fill="none" stroke="currentColor" stroke-width="2" stroke-linecap="round" stroke-linejoin="round" class="feather feather-arrow-down-circle"><circle cx="12" cy="12" r="10"></circle><polyline points="8 12 12 16 16 12"></polyline><line x1="12" y1="8" x2="12" y2="16"></line></svg>',pE='<svg xmlns="http://www.w3.org/2000/svg" width="24" height="24" viewBox="0 0 24 24" fill="none" stroke="currentColor" stroke-width="2" stroke-linecap="round" stroke-linejoin="round" class="feather feather-check-circle"><path d="M22 11.08V12a10 10 0 1 1-5.93-9.14"></path><polyline points="22 4 12 14.01 9 11.01"></polyline></svg>',mE='<svg xmlns="http://www.w3.org/2000/svg" width="24" height="24" viewBox="0 0 24 24" fill="none" stroke="currentColor" stroke-width="2" stroke-linecap="round" stroke-linejoin="round" class="feather feather-chevron-down"><polyline points="6 9 12 15 18 9"></polyline></svg>',gE='<svg xmlns="http://www.w3.org/2000/svg" width="24" height="24" viewBox="0 0 24 24" fill="none" stroke="currentColor" stroke-width="2" stroke-linecap="round" stroke-linejoin="round" class="feather feather-chevron-left"><polyline points="15 18 9 12 15 6"></polyline></svg>',vE='<svg xmlns="http://www.w3.org/2000/svg" width="24" height="24" viewBox="0 0 24 24" fill="none" stroke="currentColor" stroke-width="2" stroke-linecap="round" stroke-linejoin="round" class="feather feather-chevron-right"><polyline points="9 18 15 12 9 6"></polyline></svg>',bE='<svg xmlns="http://www.w3.org/2000/svg" width="24" height="24" viewBox="0 0 24 24" fill="none" stroke="currentColor" stroke-width="2" stroke-linecap="round" stroke-linejoin="round" class="feather feather-chevron-up"><polyline points="18 15 12 9 6 15"></polyline></svg>',yE='<svg xmlns="http://www.w3.org/2000/svg" width="24" height="24" viewBox="0 0 24 24" fill="none" stroke="currentColor" stroke-width="2" stroke-linecap="round" stroke-linejoin="round" class="feather feather-clipboard"><path d="M16 4h2a2 2 0 0 1 2 2v14a2 2 0 0 1-2 2H6a2 2 0 0 1-2-2V6a2 2 0 0 1 2-2h2"></path><rect x="8" y="2" width="8" height="4" rx="1" ry="1"></rect></svg>',EE='<svg xmlns="http://www.w3.org/2000/svg" width="24" height="24" viewBox="0 0 24 24" fill="none" stroke="currentColor" stroke-width="2" stroke-linecap="round" stroke-linejoin="round" class="feather feather-clock"><circle cx="12" cy="12" r="10"></circle><polyline points="12 6 12 12 16 14"></polyline></svg>',TE='<svg xmlns="http://www.w3.org/2000/svg" width="24" height="24" viewBox="0 0 24 24" fill="none" stroke="currentColor" stroke-width="2" stroke-linecap="round" stroke-linejoin="round" class="feather feather-compass"><circle cx="12" cy="12" r="10"></circle><polygon points="16.24 7.76 14.12 14.12 7.76 16.24 9.88 9.88 16.24 7.76"></polygon></svg>',wE='<svg xmlns="http://www.w3.org/2000/svg" width="24" height="24" viewBox="0 0 24 24" fill="none" stroke="currentColor" stroke-width="2" stroke-linecap="round" stroke-linejoin="round" class="feather feather-cpu"><rect x="4" y="4" width="16" height="16" rx="2" ry="2"></rect><rect x="9" y="9" width="6" height="6"></rect><line x1="9" y1="1" x2="9" y2="4"></line><line x1="15" y1="1" x2="15" y2="4"></line><line x1="9" y1="20" x2="9" y2="23"></line><line x1="15" y1="20" x2="15" y2="23"></line><line x1="20" y1="9" x2="23" y2="9"></line><line x1="20" y1="14" x2="23" y2="14"></line><line x1="1" y1="9" x2="4" y2="9"></line><line x1="1" y1="14" x2="4" y2="14"></line></svg>',_E='<svg xmlns="http://www.w3.org/2000/svg" width="24" height="24" viewBox="0 0 24 24" fill="none" stroke="currentColor" stroke-width="2" stroke-linecap="round" stroke-linejoin="round" class="feather feather-database"><ellipse cx="12" cy="5" rx="9" ry="3"></ellipse><path d="M21 12c0 1.66-4 3-9 3s-9-1.34-9-3"></path><path d="M3 5v14c0 1.66 4 3 9 3s9-1.34 9-3V5"></path></svg>',SE='<svg xmlns="http://www.w3.org/2000/svg" width="24" height="24" viewBox="0 0 24 24" fill="none" stroke="currentColor" stroke-width="2" stroke-linecap="round" stroke-linejoin="round" class="feather feather-disc"><circle cx="12" cy="12" r="10"></circle><circle cx="12" cy="12" r="3"></circle></svg>',RE='<svg xmlns="http://www.w3.org/2000/svg" width="24" height="24" viewBox="0 0 24 24" fill="none" stroke="currentColor" stroke-width="2" stroke-linecap="round" stroke-linejoin="round" class="feather feather-download-cloud"><polyline points="8 17 12 21 16 17"></polyline><line x1="12" y1="12" x2="12" y2="21"></line><path d="M20.88 18.09A5 5 0 0 0 18 9h-1.26A8 8 0 1 0 3 16.29"></path></svg>',CE='<svg xmlns="http://www.w3.org/2000/svg" width="24" height="24" viewBox="0 0 24 24" fill="none" stroke="currentColor" stroke-width="2" stroke-linecap="round" stroke-linejoin="round" class="feather feather-edit-2"><path d="M17 3a2.828 2.828 0 1 1 4 4L7.5 20.5 2 22l1.5-5.5L17 3z"></path></svg>',AE='<svg xmlns="http://www.w3.org/2000/svg" width="24" height="24" viewBox="0 0 24 24" fill="none" stroke="currentColor" stroke-width="2" stroke-linecap="round" stroke-linejoin="round" class="feather feather-github"><path d="M9 19c-5 1.5-5-2.5-7-3m14 6v-3.87a3.37 3.37 0 0 0-.94-2.61c3.14-.35 6.44-1.54 6.44-7A5.44 5.44 0 0 0 20 4.77 5.07 5.07 0 0 0 19.91 1S18.73.65 16 2.48a13.38 13.38 0 0 0-7 0C6.27.65 5.09 1 5.09 1A5.07 5.07 0 0 0 5 4.77a5.44 5.44 0 0 0-1.5 3.78c0 5.42 3.3 6.61 6.44 7A3.37 3.37 0 0 0 9 18.13V22"></path></svg>',kE='<svg xmlns="http://www.w3.org/2000/svg" width="24" height="24" viewBox="0 0 24 24" fill="none" stroke="currentColor" stroke-width="2" stroke-linecap="round" stroke-linejoin="round" class="feather feather-hash"><line x1="4" y1="9" x2="20" y2="9"></line><line x1="4" y1="15" x2="20" y2="15"></line><line x1="10" y1="3" x2="8" y2="21"></line><line x1="16" y1="3" x2="14" y2="21"></line></svg>',NE='<svg xmlns="http://www.w3.org/2000/svg" width="24" height="24" viewBox="0 0 24 24" fill="none" stroke="currentColor" stroke-width="2" stroke-linecap="round" stroke-linejoin="round" class="feather feather-heart"><path d="M20.84 4.61a5.5 5.5 0 0 0-7.78 0L12 5.67l-1.06-1.06a5.5 5.5 0 0 0-7.78 7.78l1.06 1.06L12 21.23l7.78-7.78 1.06-1.06a5.5 5.5 0 0 0 0-7.78z"></path></svg>',OE='<svg xmlns="http://www.w3.org/2000/svg" width="24" height="24" viewBox="0 0 24 24" fill="none" stroke="currentColor" stroke-width="2" stroke-linecap="round" stroke-linejoin="round" class="feather feather-help-circle"><circle cx="12" cy="12" r="10"></circle><path d="M9.09 9a3 3 0 0 1 5.83 1c0 2-3 3-3 3"></path><line x1="12" y1="17" x2="12.01" y2="17"></line></svg>',IE='<svg xmlns="http://www.w3.org/2000/svg" width="24" height="24" viewBox="0 0 24 24" fill="none" stroke="currentColor" stroke-width="2" stroke-linecap="round" stroke-linejoin="round" class="feather feather-image"><rect x="3" y="3" width="18" height="18" rx="2" ry="2"></rect><circle cx="8.5" cy="8.5" r="1.5"></circle><polyline points="21 15 16 10 5 21"></polyline></svg>',$E='<svg xmlns="http://www.w3.org/2000/svg" width="24" height="24" viewBox="0 0 24 24" fill="none" stroke="currentColor" stroke-width="2" stroke-linecap="round" stroke-linejoin="round" class="feather feather-info"><circle cx="12" cy="12" r="10"></circle><line x1="12" y1="16" x2="12" y2="12"></line><line x1="12" y1="8" x2="12.01" y2="8"></line></svg>',LE='<svg xmlns="http://www.w3.org/2000/svg" width="24" height="24" viewBox="0 0 24 24" fill="none" stroke="currentColor" stroke-width="2" stroke-linecap="round" stroke-linejoin="round" class="feather feather-layers"><polygon points="12 2 2 7 12 12 22 7 12 2"></polygon><polyline points="2 17 12 22 22 17"></polyline><polyline points="2 12 12 17 22 12"></polyline></svg>',qE='<svg xmlns="http://www.w3.org/2000/svg" width="24" height="24" viewBox="0 0 24 24" fill="none" stroke="currentColor" stroke-width="2" stroke-linecap="round" stroke-linejoin="round" class="feather feather-link"><path d="M10 13a5 5 0 0 0 7.54.54l3-3a5 5 0 0 0-7.07-7.07l-1.72 1.71"></path><path d="M14 11a5 5 0 0 0-7.54-.54l-3 3a5 5 0 0 0 7.07 7.07l1.71-1.71"></path></svg>',DE='<svg xmlns="http://www.w3.org/2000/svg" width="24" height="24" viewBox="0 0 24 24" fill="none" stroke="currentColor" stroke-width="2" stroke-linecap="round" stroke-linejoin="round" class="feather feather-list"><line x1="8" y1="6" x2="21" y2="6"></line><line x1="8" y1="12" x2="21" y2="12"></line><line x1="8" y1="18" x2="21" y2="18"></line><line x1="3" y1="6" x2="3.01" y2="6"></line><line x1="3" y1="12" x2="3.01" y2="12"></line><line x1="3" y1="18" x2="3.01" y2="18"></line></svg>',PE='<svg xmlns="http://www.w3.org/2000/svg" width="24" height="24" viewBox="0 0 24 24" fill="none" stroke="currentColor" stroke-width="2" stroke-linecap="round" stroke-linejoin="round" class="feather feather-lock"><rect x="3" y="11" width="18" height="11" rx="2" ry="2"></rect><path d="M7 11V7a5 5 0 0 1 10 0v4"></path></svg>',xE='<svg xmlns="http://www.w3.org/2000/svg" width="24" height="24" viewBox="0 0 24 24" fill="none" stroke="currentColor" stroke-width="2" stroke-linecap="round" stroke-linejoin="round" class="feather feather-mail"><path d="M4 4h16c1.1 0 2 .9 2 2v12c0 1.1-.9 2-2 2H4c-1.1 0-2-.9-2-2V6c0-1.1.9-2 2-2z"></path><polyline points="22,6 12,13 2,6"></polyline></svg>',ME='<svg xmlns="http://www.w3.org/2000/svg" width="24" height="24" viewBox="0 0 24 24" fill="none" stroke="currentColor" stroke-width="2" stroke-linecap="round" stroke-linejoin="round" class="feather feather-map"><polygon points="1 6 1 22 8 18 16 22 23 18 23 2 16 6 8 2 1 6"></polygon><line x1="8" y1="2" x2="8" y2="18"></line><line x1="16" y1="6" x2="16" y2="22"></line></svg>',UE='<svg xmlns="http://www.w3.org/2000/svg" width="24" height="24" viewBox="0 0 24 24" fill="none" stroke="currentColor" stroke-width="2" stroke-linecap="round" stroke-linejoin="round" class="feather feather-menu"><line x1="3" y1="12" x2="21" y2="12"></line><line x1="3" y1="6" x2="21" y2="6"></line><line x1="3" y1="18" x2="21" y2="18"></line></svg>',FE='<svg xmlns="http://www.w3.org/2000/svg" width="24" height="24" viewBox="0 0 24 24" fill="none" stroke="currentColor" stroke-width="2" stroke-linecap="round" stroke-linejoin="round" class="feather feather-paperclip"><path d="M21.44 11.05l-9.19 9.19a6 6 0 0 1-8.49-8.49l9.19-9.19a4 4 0 0 1 5.66 5.66l-9.2 9.19a2 2 0 0 1-2.83-2.83l8.49-8.48"></path></svg>',HE='<svg xmlns="http://www.w3.org/2000/svg" width="24" height="24" viewBox="0 0 24 24" fill="none" stroke="currentColor" stroke-width="2" stroke-linecap="round" stroke-linejoin="round" class="feather feather-percent"><line x1="19" y1="5" x2="5" y2="19"></line><circle cx="6.5" cy="6.5" r="2.5"></circle><circle cx="17.5" cy="17.5" r="2.5"></circle></svg>',BE='<svg xmlns="http://www.w3.org/2000/svg" width="24" height="24" viewBox="0 0 24 24" fill="none" stroke="currentColor" stroke-width="2" stroke-linecap="round" stroke-linejoin="round" class="feather feather-pie-chart"><path d="M21.21 15.89A10 10 0 1 1 8 2.83"></path><path d="M22 12A10 10 0 0 0 12 2v10z"></path></svg>',jE='<svg xmlns="http://www.w3.org/2000/svg" width="24" height="24" viewBox="0 0 24 24" fill="none" stroke="currentColor" stroke-width="2" stroke-linecap="round" stroke-linejoin="round" class="feather feather-search"><circle cx="11" cy="11" r="8"></circle><line x1="21" y1="21" x2="16.65" y2="16.65"></line></svg>',VE='<svg xmlns="http://www.w3.org/2000/svg" width="24" height="24" viewBox="0 0 24 24" fill="none" stroke="currentColor" stroke-width="2" stroke-linecap="round" stroke-linejoin="round" class="feather feather-settings"><circle cx="12" cy="12" r="3"></circle><path d="M19.4 15a1.65 1.65 0 0 0 .33 1.82l.06.06a2 2 0 0 1 0 2.83 2 2 0 0 1-2.83 0l-.06-.06a1.65 1.65 0 0 0-1.82-.33 1.65 1.65 0 0 0-1 1.51V21a2 2 0 0 1-2 2 2 2 0 0 1-2-2v-.09A1.65 1.65 0 0 0 9 19.4a1.65 1.65 0 0 0-1.82.33l-.06.06a2 2 0 0 1-2.83 0 2 2 0 0 1 0-2.83l.06-.06a1.65 1.65 0 0 0 .33-1.82 1.65 1.65 0 0 0-1.51-1H3a2 2 0 0 1-2-2 2 2 0 0 1 2-2h.09A1.65 1.65 0 0 0 4.6 9a1.65 1.65 0 0 0-.33-1.82l-.06-.06a2 2 0 0 1 0-2.83 2 2 0 0 1 2.83 0l.06.06a1.65 1.65 0 0 0 1.82.33H9a1.65 1.65 0 0 0 1-1.51V3a2 2 0 0 1 2-2 2 2 0 0 1 2 2v.09a1.65 1.65 0 0 0 1 1.51 1.65 1.65 0 0 0 1.82-.33l.06-.06a2 2 0 0 1 2.83 0 2 2 0 0 1 0 2.83l-.06.06a1.65 1.65 0 0 0-.33 1.82V9a1.65 1.65 0 0 0 1.51 1H21a2 2 0 0 1 2 2 2 2 0 0 1-2 2h-.09a1.65 1.65 0 0 0-1.51 1z"></path></svg>',GE='<svg xmlns="http://www.w3.org/2000/svg" width="24" height="24" viewBox="0 0 24 24" fill="none" stroke="currentColor" stroke-width="2" stroke-linecap="round" stroke-linejoin="round" class="feather feather-share"><path d="M4 12v8a2 2 0 0 0 2 2h12a2 2 0 0 0 2-2v-8"></path><polyline points="16 6 12 2 8 6"></polyline><line x1="12" y1="2" x2="12" y2="15"></line></svg>',WE='<svg xmlns="http://www.w3.org/2000/svg" width="24" height="24" viewBox="0 0 24 24" fill="none" stroke="currentColor" stroke-width="2" stroke-linecap="round" stroke-linejoin="round" class="feather feather-slash"><circle cx="12" cy="12" r="10"></circle><line x1="4.93" y1="4.93" x2="19.07" y2="19.07"></line></svg>',zE='<svg xmlns="http://www.w3.org/2000/svg" width="24" height="24" viewBox="0 0 24 24" fill="none" stroke="currentColor" stroke-width="2" stroke-linecap="round" stroke-linejoin="round" class="feather feather-smile"><circle cx="12" cy="12" r="10"></circle><path d="M8 14s1.5 2 4 2 4-2 4-2"></path><line x1="9" y1="9" x2="9.01" y2="9"></line><line x1="15" y1="9" x2="15.01" y2="9"></line></svg>',QE='<svg xmlns="http://www.w3.org/2000/svg" width="24" height="24" viewBox="0 0 24 24" fill="none" stroke="currentColor" stroke-width="2" stroke-linecap="round" stroke-linejoin="round" class="feather feather-star"><polygon points="12 2 15.09 8.26 22 9.27 17 14.14 18.18 21.02 12 17.77 5.82 21.02 7 14.14 2 9.27 8.91 8.26 12 2"></polygon></svg>',YE='<svg xmlns="http://www.w3.org/2000/svg" width="24" height="24" viewBox="0 0 24 24" fill="none" stroke="currentColor" stroke-width="2" stroke-linecap="round" stroke-linejoin="round" class="feather feather-terminal"><polyline points="4 17 10 11 4 5"></polyline><line x1="12" y1="19" x2="20" y2="19"></line></svg>',KE='<svg xmlns="http://www.w3.org/2000/svg" width="24" height="24" viewBox="0 0 24 24" fill="none" stroke="currentColor" stroke-width="2" stroke-linecap="round" stroke-linejoin="round" class="feather feather-trash-2"><polyline points="3 6 5 6 21 6"></polyline><path d="M19 6v14a2 2 0 0 1-2 2H7a2 2 0 0 1-2-2V6m3 0V4a2 2 0 0 1 2-2h4a2 2 0 0 1 2 2v2"></path><line x1="10" y1="11" x2="10" y2="17"></line><line x1="14" y1="11" x2="14" y2="17"></line></svg>',XE='<svg xmlns="http://www.w3.org/2000/svg" width="24" height="24" viewBox="0 0 24 24" fill="none" stroke="currentColor" stroke-width="2" stroke-linecap="round" stroke-linejoin="round" class="feather feather-twitter"><path d="M23 3a10.9 10.9 0 0 1-3.14 1.53 4.48 4.48 0 0 0-7.86 3v1A10.66 10.66 0 0 1 3 4s-4 9 5 13a11.64 11.64 0 0 1-7 2c9 5 20 0 20-11.5a4.5 4.5 0 0 0-.08-.83A7.72 7.72 0 0 0 23 3z"></path></svg>',JE='<svg xmlns="http://www.w3.org/2000/svg" width="24" height="24" viewBox="0 0 24 24" fill="none" stroke="currentColor" stroke-width="2" stroke-linecap="round" stroke-linejoin="round" class="feather feather-upload-cloud"><polyline points="16 16 12 12 8 16"></polyline><line x1="12" y1="12" x2="12" y2="21"></line><path d="M20.39 18.39A5 5 0 0 0 18 9h-1.26A8 8 0 1 0 3 16.3"></path><polyline points="16 16 12 12 8 16"></polyline></svg>',ZE='<svg xmlns="http://www.w3.org/2000/svg" width="24" height="24" viewBox="0 0 24 24" fill="none" stroke="currentColor" stroke-width="2" stroke-linecap="round" stroke-linejoin="round" class="feather feather-user"><path d="M20 21v-2a4 4 0 0 0-4-4H8a4 4 0 0 0-4 4v2"></path><circle cx="12" cy="7" r="4"></circle></svg>',e1='<svg xmlns="http://www.w3.org/2000/svg" width="24" height="24" viewBox="0 0 24 24" fill="none" stroke="currentColor" stroke-width="2" stroke-linecap="round" stroke-linejoin="round" class="feather feather-users"><path d="M17 21v-2a4 4 0 0 0-4-4H5a4 4 0 0 0-4 4v2"></path><circle cx="9" cy="7" r="4"></circle><path d="M23 21v-2a4 4 0 0 0-3-3.87"></path><path d="M16 3.13a4 4 0 0 1 0 7.75"></path></svg>',t1='<svg xmlns="http://www.w3.org/2000/svg" width="24" height="24" viewBox="0 0 24 24" fill="none" stroke="currentColor" stroke-width="2" stroke-linecap="round" stroke-linejoin="round" class="feather feather-x"><line x1="18" y1="6" x2="6" y2="18"></line><line x1="6" y1="6" x2="18" y2="18"></line></svg>',s1='<svg xmlns="http://www.w3.org/2000/svg" width="24" height="24" viewBox="0 0 24 24" fill="none" stroke="currentColor" stroke-width="2" stroke-linecap="round" stroke-linejoin="round" class="feather feather-x-circle"><circle cx="12" cy="12" r="10"></circle><line x1="15" y1="9" x2="9" y2="15"></line><line x1="9" y1="9" x2="15" y2="15"></line></svg>',n1='<svg xmlns="http://www.w3.org/2000/svg" width="24" height="24" viewBox="0 0 24 24" fill="none" stroke="currentColor" stroke-width="2" stroke-linecap="round" stroke-linejoin="round" class="feather feather-zap"><polygon points="13 2 3 14 12 14 11 22 21 10 12 10 13 2"></polygon></svg>';let r1={ActivityIcon:uE,AlertCircleIcon:dE,AlertTriangleIcon:hE,ArrowDownCircleIcon:fE,CheckCircleIcon:pE,ChevronDownIcon:mE,ChevronLeftIcon:gE,ChevronRightIcon:vE,ChevronUpIcon:bE,ClipboardIcon:yE,ClockIcon:EE,CompassIcon:TE,CpuIcon:wE,DatabaseIcon:_E,DiscIcon:SE,DownloadCloudIcon:RE,Edit2Icon:CE,GithubIcon:AE,HashIcon:kE,HeartIcon:NE,HelpCircleIcon:OE,ImageIcon:IE,InfoIcon:$E,LayersIcon:LE,LinkIcon:qE,ListIcon:DE,LockIcon:PE,MailIcon:xE,MapIcon:ME,MenuIcon:UE,PaperclipIcon:FE,PercentIcon:HE,PieChartIcon:BE,SearchIcon:jE,SettingsIcon:VE,ShareIcon:GE,SlashIcon:WE,SmileIcon:zE,StarIcon:QE,TerminalIcon:YE,Trash2Icon:KE,TwitterIcon:XE,UploadCloudIcon:JE,UserIcon:ZE,UsersIcon:e1,XIcon:t1,XCircleIcon:s1,ZapIcon:n1};const o1={name:"Icon",props:["name"],computed:{content(){return r1[this.name.split("-").map(e=>e.charAt(0).toUpperCase()+e.slice(1)).join("")+"Icon"]}}},i1=["data-name","innerHTML"];function a1(e,t,s,n,r,o){return f(),v("div",{class:"ui-icon","data-name":s.name,innerHTML:o.content},null,8,i1)}const Kc=he(o1,[["render",a1]]),l1={name:"HttpRequestModal",components:{DetailsTable:He,Modal:vs,PerformanceChart:Ii,PrettyPrint:Qe,UiIcon:Kc},props:["request"],data:()=>({selectedTab:"request",showRequestHeaders:!1,showResponseHeaders:!1,showRawRequestBody:!1,showRawResponseBody:!1}),computed:{requestLocal:{get(){return this.request},set(e){this.$emit("update:request",e)}},hasRequestContent(){return this.request.request.content&&Object.values(this.request.request.content).length||this.request.request.body},hasResponseContent(){var e,t,s;return((e=this.request.response)==null?void 0:e.content)&&Object.values((t=this.request.response)==null?void 0:t.content).length||((s=this.request.response)==null?void 0:s.body)},hasJsonResponse(){var e;return((e=this.request.response)==null?void 0:e.content)instanceof Object},copyRequestContent(){this.$copyText(this.request.request.body||JSON.stringify(this.request.request.content))},copyResponseContent(){this.$copyText(this.request.response.body||JSON.stringify(this.request.response.content))},timings(){return this.request.stats.timing?[{name:"Lookup",value:this.request.stats.timing.lookup,color:"red"},{name:"Connect",value:this.request.stats.timing.connect,color:"purple"},{name:"Waiting",value:this.request.stats.timing.waiting,color:"blue"},{name:"Transfer",value:this.request.stats.timing.transfer,color:"green"}]:[]}},methods:{formatBytesSize(e){if(!e)return"0 B";const t=["B","KB","MB","GB","TB","PB","EB"],s=Math.floor(Math.log(e)/Math.log(1024));return`${Math.round(e/Math.pow(1024,s))} ${t[s]}`},formatBytesSpeed(e){return`${this.formatBytesSize(e)}/s`}}},c1={key:0,class:"http-request-details"},u1={class:"details-tabs"},d1={key:0,class:"details-request"},h1={class:"request-info"},f1={class:"request-scheme"},p1={class:"request-host"},m1={class:"request-path"},g1={class:"request-query"},v1={key:0,class:"info-headers"},b1={colspan:"2"},y1={class:"key"},E1={class:"value"},T1={class:"request-content"},w1={class:"request-content-header"},_1={key:0,class:"stats-item",title:"Upload Size"},S1={key:1,class:"stats-item",title:"Upload Speed"},R1={key:2,class:"stats-item"},C1={class:"header-actions"},A1={class:"request-content-content"},k1={key:0,class:"request-content-empty"},N1=["innerHTML"],O1={key:1,class:"details-response"},I1={key:0,class:"response-info"},$1={class:"header-status"},L1={class:"status-code"},q1={class:"status-message"},D1={key:0,class:"status-version"},P1={key:0,class:"info-headers"},x1={colspan:"2"},M1={class:"key"},U1={class:"value"},F1={key:1,class:"response-content"},H1={class:"response-content-header"},B1={key:0,class:"stats-item",title:"Download Size"},j1={key:1,class:"stats-item",title:"Download Speed"},V1={key:2,class:"stats-item"},G1={class:"header-actions"},W1={class:"response-content-content"},z1={key:0,class:"response-content-empty"},Q1=["innerHTML"],Y1=["srcdoc"],K1={key:2,class:"response-error"},X1={key:0},J1={key:3,class:"request-performance"},Z1={class:"performance-timings"},eT={class:"timings-timing"},tT=["title"];function sT(e,t,s,n,r,o){const i=$("ui-icon"),a=$("details-table"),l=$("pretty-print"),h=$("performance-chart"),d=$("modal");return f(),J(d,{icon:"compass",title:"HTTP Request",shown:o.requestLocal,"onUpdate:shown":t[8]||(t[8]=p=>o.requestLocal=p)},{default:ce(()=>{var p,g,y,A,k,j,W,C,R,O,q,L,Q,oe,P,V;return[s.request?(f(),v("div",c1,[u("div",u1,[u("a",{class:te(["tabs-tab",{active:e.selectedTab=="request"}]),href:"#",onClick:t[0]||(t[0]=ge(F=>e.selectedTab="request",["prevent"]))},[t[9]||(t[9]=z(" Request ")),u("span",{class:te(["request-method",`method-${s.request.request.method.toLowerCase()}`])},T(s.request.request.method),3)],2),u("a",{class:te(["tabs-tab",{active:e.selectedTab=="response","no-response":!s.request.response}]),href:"#",onClick:t[1]||(t[1]=ge(F=>e.selectedTab="response",["prevent"]))},[t[10]||(t[10]=z(" Response ")),s.request.response?(f(),v("span",{key:0,class:te(["response-status",{"client-error":((p=s.request.response)==null?void 0:p.status)>=400&&((g=s.request.response)==null?void 0:g.status)<=499,"server-error":((y=s.request.response)==null?void 0:y.status)>=500&&((A=s.request.response)==null?void 0:A.status)<=599}])},T(s.request.response.status),3)):E("",!0)],2)]),e.selectedTab=="request"?(f(),v("div",d1,[u("div",h1,[u("div",{onClick:t[2]||(t[2]=F=>e.showRequestHeaders=!e.showRequestHeaders),class:"info-header"},[u("div",null,[u("span",{class:te(["request-method",`method-${s.request.request.method.toLowerCase()}`])},T(s.request.request.method),3),t[11]||(t[11]=z()),u("span",f1,T(s.request.request.url.scheme),1),u("span",p1,T(s.request.request.url.host),1),u("span",m1,T(s.request.request.url.path),1),u("span",g1,T(s.request.request.url.query),1)]),D(i,{name:e.showRequestHeaders?"chevron-down":"chevron-up"},null,8,["name"])]),e.showRequestHeaders?(f(),v("div",v1,[D(a,{columns:["Key","Value"],items:Object.entries(s.request.request.headers),"no-header":!0,"no-table-head":!0},{body:ce(({items:F})=>[(f(!0),v(B,null,le(F,([M,c])=>(f(),v("tr",{key:`${e.$request.id}-${M}`},[u("td",b1,[u("div",y1,T(M),1),u("div",E1,T(c.join(", ")),1)])]))),128))]),_:1},8,["items"])])):E("",!0)]),u("div",T1,[u("div",w1,[((k=s.request.stats)==null?void 0:k.size.upload)!==null&&((j=s.request.stats)==null?void 0:j.size.upload)!==void 0?(f(),v("div",_1,[D(i,{name:"upload-cloud"}),z(" "+T(o.formatBytesSize(s.request.stats.size.upload)),1)])):E("",!0),((W=s.request.stats)==null?void 0:W.speed.upload)!==null&&((C=s.request.stats)==null?void 0:C.speed.upload)!==void 0?(f(),v("div",S1,[D(i,{name:"zap"}),z(" "+T(o.formatBytesSpeed(s.request.stats.speed.upload)),1)])):E("",!0),(R=s.request.stats)!=null&&R.hosts.local?(f(),v("div",R1,T(s.request.stats.hosts.local.ip)+":"+T(s.request.stats.hosts.local.port),1)):E("",!0),u("div",C1,[o.hasRequestContent?(f(),v("a",{key:0,onClick:t[3]||(t[3]=ge((...F)=>o.copyRequestContent&&o.copyRequestContent(...F),["prevent"])),class:"header-action",title:"Copy to clipboard"},[D(i,{name:"clipboard"})])):E("",!0),s.request.request.body?(f(),v("a",{key:1,onClick:t[4]||(t[4]=F=>e.showRawRequestBody=!e.showRawRequestBody),href:"#",class:te(["header-action",{active:e.showRawRequestBody}]),title:"Show raw request body"}," Raw ",2)):E("",!0)])]),u("div",A1,[o.hasRequestContent?e.showRawRequestBody?(f(),v("code",{key:2,innerHTML:s.request.request.body},null,8,N1)):(f(),J(l,{key:1,data:s.request.request.content,expanded:!0},null,8,["data"])):(f(),v("div",k1," No request body. "))])])])):E("",!0),e.selectedTab=="response"?(f(),v("div",O1,[s.request.response?(f(),v("div",I1,[u("div",{onClick:t[5]||(t[5]=F=>e.showResponseHeaders=!e.showResponseHeaders),class:te(["info-header",{"client-error":s.request.response.status>=400&&s.request.response.status<=499,"server-error":s.request.response.status>=500&&s.request.response.status<=599}])},[u("div",$1,[u("span",L1,T(s.request.response.status),1),u("span",q1,T(s.request.response.statusMessage),1)]),(O=s.request.stats)!=null&&O.version?(f(),v("span",D1," HTTP"+T(s.request.stats.version),1)):E("",!0),D(i,{name:e.showResponseHeaders?"chevron-down":"chevron-up"},null,8,["name"])],2),e.showResponseHeaders?(f(),v("div",P1,[D(a,{columns:["Key","Value"],items:Object.entries(s.request.response.headers),"no-header":!0,"no-table-head":!0},{body:ce(({items:F})=>[(f(!0),v(B,null,le(F,([M,c])=>(f(),v("tr",{key:`${e.$request.id}-${M}`},[u("td",x1,[u("div",M1,T(M),1),u("div",U1,T(c.join(", ")),1)])]))),128))]),_:1},8,["items"])])):E("",!0)])):E("",!0),s.request.response?(f(),v("div",F1,[u("div",H1,[((q=s.request.stats)==null?void 0:q.size.download)!==null&&((L=s.request.stats)==null?void 0:L.size.download)!==void 0?(f(),v("div",B1,[D(i,{name:"download-cloud"}),z(" "+T(o.formatBytesSize(s.request.stats.size.download)),1)])):E("",!0),((Q=s.request.stats)==null?void 0:Q.speed.download)!==null&&((oe=s.request.stats)==null?void 0:oe.speed.download)!==void 0?(f(),v("div",j1,[D(i,{name:"zap"}),z(" "+T(o.formatBytesSpeed(s.request.stats.speed.download)),1)])):E("",!0),(P=s.request.stats)!=null&&P.hosts.remote?(f(),v("div",V1,T(s.request.stats.hosts.remote.ip)+":"+T(s.request.stats.hosts.remote.port),1)):E("",!0),u("div",G1,[o.hasResponseContent?(f(),v("a",{key:0,onClick:t[6]||(t[6]=ge((...F)=>o.copyResponseContent&&o.copyResponseContent(...F),["prevent"])),class:"header-action",title:"Copy to clipboard"},[D(i,{name:"clipboard"})])):E("",!0),s.request.response.body&&o.hasJsonResponse?(f(),v("a",{key:1,onClick:t[7]||(t[7]=F=>e.showRawResponseBody=!e.showRawResponseBody),href:"#",class:te(["header-action",{active:e.showRawResponseBody}]),title:"Show raw response body"}," Raw ",2)):E("",!0)])]),u("div",W1,[o.hasResponseContent?o.hasJsonResponse&&!e.showRawResponseBody?(f(),J(l,{key:1,data:s.request.response.content,expanded:!0},null,8,["data"])):o.hasJsonResponse?(f(),v("code",{key:2,innerHTML:s.request.response.body},null,8,Q1)):(f(),v("iframe",{key:3,ref:"responseContent",srcdoc:s.request.response.body},null,8,Y1)):(f(),v("div",z1," No response body. "))])])):E("",!0),s.request.response?E("",!0):(f(),v("div",K1,[t[12]||(t[12]=u("p",null,"No response.",-1)),s.request.error?(f(),v("p",X1,"("+T(s.request.error)+")",1)):E("",!0)])),(V=s.request.stats)!=null&&V.timing?(f(),v("div",J1,[D(h,{metrics:o.timings},null,8,["metrics"]),u("div",Z1,[(f(!0),v(B,null,le(o.timings,F=>(f(),v("div",eT,[u("div",{class:te(["timing-color",F.color])},null,2),z(" "+T(F.name)+" ",1),u("div",{class:"timing-value",title:`${F.value} ms`},T(Math.round(F.value))+" ms",9,tT)]))),256))])])):E("",!0)])):E("",!0)])):E("",!0)]}),_:1},8,["shown"])}const nT=he(l1,[["render",sT]]),rT={name:"httpRequestsTab",components:{DetailsTable:He,PrettyPrint:Qe,RequestModal:nT,StackTrace:ht},props:["active"],data:()=>({filter:ze([{tag:"to"}]),showRequest:null})},oT={key:0},iT={class:"request-request"},aT={class:"request-content"},lT={class:"content-text"},cT={class:"text-scheme"},uT={class:"text-host"},dT={class:"text-path"},hT={class:"text-query"},fT={class:"request-status"},pT={class:"request-duration"},mT={class:"request-actions"},gT=["onClick"];function vT(e,t,s,n,r,o){const i=$("stack-trace"),a=$("icon"),l=$("details-table"),h=$("request-modal");return s.active?(f(),v("div",oT,[D(l,{title:"HTTP Requests",icon:"compass",columns:["Request","Status","Duration",""],items:e.$request.httpRequests,filter:e.filter,"filter-example":'"/users" method:post',class:"http-requests-requests"},{body:ce(({items:d})=>[(f(!0),v(B,null,le(d,(p,g)=>{var y,A,k,j,W,C;return f(),v("tr",{key:`${e.$request.id}-http-requests-${g}`},[u("td",iT,[u("div",aT,[u("div",lT,[u("span",{class:te(["text-method",`method-${p.request.method.toLowerCase()}`])},T(p.request.method),3),t[1]||(t[1]=z()),u("span",cT,T(p.request.url.scheme),1),u("span",uT,T(p.request.url.host),1),u("span",dT,T(p.request.url.path),1),u("span",hT,T(p.request.url.query),1)]),D(i,{class:"content-trace",trace:p.trace},null,8,["trace"])])]),u("td",fT,[u("span",{class:te({"status-text":(y=p.response)==null?void 0:y.status,"client-error":((A=p.response)==null?void 0:A.status)>=400&&((k=p.response)==null?void 0:k.status)<=499,"server-error":((j=p.response)==null?void 0:j.status)>=500&&((W=p.response)==null?void 0:W.status)<=599})},T(((C=p.response)==null?void 0:C.status)||"—"),3)]),u("td",pT,T(p.duration?`${e.$round(p.duration,1)} ms`:"—"),1),u("td",mT,[u("a",{href:"#",onClick:ge(R=>e.showRequest=p,["prevent"]),title:"Show request"},[D(a,{name:"search"})],8,gT)])])}),128))]),_:1},8,["items","filter"]),D(h,{request:e.showRequest,"onUpdate:request":t[0]||(t[0]=d=>e.showRequest=d)},null,8,["request"])])):E("",!0)}const bT=he(rT,[["render",vT]]),yT={name:"LogTab",components:{DetailsTable:He,PrettyPrint:Qe,StackTrace:ht},props:["active"],data:()=>({filter:ze([{tag:"time",type:"date"},{tag:"level"},{tag:"file",map:e=>e.shortPath}],e=>e.message)}),computed:{log(){return this.$request.log.filter(e=>{var t;return!((t=e.context)!=null&&t.performance)})}},methods:{showPreviousException(e){let t=this.$request.log.indexOf(e);this.$request.log.splice(t+1,0,{time:e.time,message:e.exception.previous.message,exception:e.exception.previous,level:"error",shortPath:`${e.exception.previous.file.split(/[\/\\]/).pop()}:${e.exception.previous.line}`,trace:e.exception.previous.trace}),e.exception.previous=void 0}}},ET={key:0},TT={class:"log-date"},wT={class:"log-level"},_T={class:"log-message"},ST={class:"log-message-content"},RT={key:0,class:"log-message-context"},CT={key:0,class:"log-message-exception"},AT=["onClick"],kT={class:"exception-type"},NT={key:1,class:"exception-code"};function OT(e,t,s,n,r,o){const i=$("pretty-print"),a=$("stack-trace"),l=$("details-table");return s.active?(f(),v("div",ET,[D(l,{title:"Messages",icon:"edit-2",columns:["Time","Level","Message"],items:o.log,filter:e.filter,"filter-example":"query failed level:error file:Controller.php time:>13:08:29"},{body:ce(({items:h})=>[(f(!0),v(B,null,le(h,(d,p)=>(f(),v("tr",{class:te({"log-row":!0,error:["emergency","alert","critical","error"].includes(d.level),warning:d.level=="warning"}),key:`${e.$request.id}-${p}`},[u("td",TT,T(e.$date(d.time,"HH:mm:ss")),1),u("td",wT,T(d.level),1),u("td",null,[u("div",_T,[u("div",ST,[D(i,{data:d.message,linkify:!0},null,8,["data"]),d.context?(f(),v("div",RT,[D(i,{data:d.context},null,8,["data"])])):E("",!0)]),d.exception?(f(),v("div",CT,[d.exception.previous?(f(),v("a",{key:0,href:"#",class:"exception-previous",onClick:ge(g=>o.showPreviousException(d),["prevent"])},"Show previous",8,AT)):E("",!0),u("span",kT,T(d.exception.type),1),d.exception.code?(f(),v("span",NT,"#"+T(d.exception.code),1)):E("",!0)])):E("",!0),D(a,{class:"log-message-path",trace:d.trace,file:d.file,line:d.line},null,8,["trace","file","line"])])])],2))),128))]),_:1},8,["items","filter"])])):E("",!0)}const IT=he(yT,[["render",OT]]),$T={name:"ModelsTab",components:{DetailsTable:He,HighlightedCode:ro,PrettyPrint:Qe,ShortenedText:bs,StackTrace:ht},props:["active"],data:()=>({selectedModelsTab:"actions",actionsFilter:ze([{tag:"model"},{tag:"action"},{tag:"file",map:e=>e.shortPath}]),countsFilter:ze([{tag:"model"},{tag:"retrieved",type:"number"},{tag:"created",type:"number"},{tag:"updated",type:"number"},{tag:"deleted",type:"number"}]),renderTrigger:0}),computed:{totals(){return{retrieved:Object.values(this.$request.modelsRetrieved).reduce((e,t)=>e+t,0),created:Object.values(this.$request.modelsCreated).reduce((e,t)=>e+t,0),updated:Object.values(this.$request.modelsUpdated).reduce((e,t)=>e+t,0),deleted:Object.values(this.$request.modelsDeleted).reduce((e,t)=>e+t,0)}},activeModelsTab(){return this.selectedModelsTab=="actions"&&!this.$request.modelsActions.length?"models":this.selectedModelsTab},modelsCounts(){let e=new Set([...Object.keys(this.$request.modelsRetrieved),...Object.keys(this.$request.modelsCreated),...Object.keys(this.$request.modelsUpdated),...Object.keys(this.$request.modelsDeleted)]);return Array.from(e).map(t=>({model:t,shortModel:t.split("\\").pop(),retrieved:this.$request.modelsRetrieved[t],created:this.$request.modelsCreated[t],updated:this.$request.modelsUpdated[t],deleted:this.$request.modelsDeleted[t]}))}},methods:{isTabActive(e){if(e=="")return this.selectedModelsTab==e},showTab(e){this.selectedModelsTab=e}}},LT={key:0},qT={class:"counters-row models-counters"},DT={key:0,class:"counter counter-retrieved"},PT={class:"counter-value"},xT={key:1,class:"counter counter-created"},MT={class:"counter-value"},UT={key:2,class:"counter counter-updated"},FT={class:"counter-value"},HT={key:3,class:"counter counter-deleted"},BT={class:"counter-value"},jT={key:0,class:"models-tabs"},VT={class:"actions-action"},GT={class:"action-model"},WT={class:"model-content"},zT={class:"content-text"},QT={key:0,class:"action-key"},YT={class:"database-duration"},KT=["onClick"],XT={class:"actions-details"},JT={colspan:"3"},ZT={key:0,class:"details-row"},e0={class:"row-group"},t0={key:1,class:"details-row"},s0={class:"row-group"},n0={key:2,class:"details-row"},r0={key:0,class:"row-group group-query"},o0={key:1,class:"row-group"},i0={key:2,class:"row-group"},a0={class:"counts-model"},l0={class:"counts-count"},c0={key:0,class:"count-text count-retrieved"},u0={key:1},d0={class:"counts-count"},h0={key:0,class:"count-text count-created"},f0={key:1},p0={class:"counts-count"},m0={key:0,class:"count-text count-updated"},g0={key:1},v0={class:"counts-count"},b0={key:0,class:"count-text count-deleted"},y0={key:1};function E0(e,t,s,n,r,o){const i=$("icon"),a=$("shortened-text"),l=$("stack-trace"),h=$("pretty-print"),d=$("highlighted-code"),p=$("details-table");return s.active?(f(),v("div",LT,[u("div",qT,[o.totals.retrieved?(f(),v("div",DT,[u("div",PT,T(o.totals.retrieved),1),t[2]||(t[2]=u("div",{class:"counter-title has-mark"},"retrieved",-1))])):E("",!0),o.totals.created?(f(),v("div",xT,[u("div",MT,T(o.totals.created),1),t[3]||(t[3]=u("div",{class:"counter-title has-mark"},"created",-1))])):E("",!0),o.totals.updated?(f(),v("div",UT,[u("div",FT,T(o.totals.updated),1),t[4]||(t[4]=u("div",{class:"counter-title has-mark"},"updated",-1))])):E("",!0),o.totals.deleted?(f(),v("div",HT,[u("div",BT,T(o.totals.deleted),1),t[5]||(t[5]=u("div",{class:"counter-title has-mark"},"deleted",-1))])):E("",!0)]),e.$request.modelsActions.length?(f(),v("div",jT,[u("a",{class:te(["models-tab",{active:o.activeModelsTab=="actions"}]),href:"#",onClick:t[0]||(t[0]=ge(g=>e.selectedModelsTab="actions",["prevent"]))},[D(i,{name:"activity"}),t[6]||(t[6]=z(" Actions "))],2),u("a",{class:te(["models-tab",{active:o.activeModelsTab=="models"}]),href:"#",onClick:t[1]||(t[1]=ge(g=>e.selectedModelsTab="models",["prevent"]))},[D(i,{name:"hash"}),t[7]||(t[7]=z(" Models "))],2)])):E("",!0),o.activeModelsTab=="actions"?(f(),J(p,{title:"Actions",icon:"activity",class:"models-actions",columns:["Model","",""],items:e.$request.modelsActions,filter:e.actionsFilter,"filter-example":"App\\User action:updated",key:e.renderTrigger},{body:ce(({items:g})=>[(f(!0),v(B,null,le(g,(y,A)=>(f(),v(B,{key:`${e.$request.id}-models-actions-${A}`},[u("tr",VT,[u("td",GT,[u("div",WT,[u("div",zT,[D(a,{full:y.model},{default:ce(()=>[z(T(y.shortModel),1)]),_:2},1032,["full"]),y.key?(f(),v("span",QT,[t[8]||(t[8]=u("span",{class:"key-hash"},"#",-1)),z(T(y.key),1)])):E("",!0)]),D(l,{class:"content-trace",trace:y.trace,file:y.file,line:y.line},null,8,["trace","file","line"])])]),u("td",YT,[u("span",{class:te(["action-action",`action-${y.action}`])},T(y.action),3)]),u("td",null,[y.attributes||y.changes?(f(),v("a",{key:0,href:"#",onClick:ge(k=>{y.isShowingDetails=!y.isShowingDetails,e.renderTrigger++},["prevent"]),title:"Show details"},[D(i,{name:y.isShowingDetails?"chevron-up":"chevron-down"},null,8,["name"])],8,KT)):E("",!0)])]),Oe(u("tr",XT,[u("td",JT,[y.attributes?(f(),v("div",ZT,[u("div",e0,[t[9]||(t[9]=u("h4",null,"Attributes",-1)),D(h,{data:y.attributes},null,8,["data"])])])):E("",!0),y.changes?(f(),v("div",t0,[u("div",s0,[t[10]||(t[10]=u("h4",null,"Changes",-1)),D(h,{data:y.changes},null,8,["data"])])])):E("",!0),y.query?(f(),v("div",n0,[y.query?(f(),v("div",r0,[t[11]||(t[11]=u("h4",null,"Query",-1)),D(d,{language:"sql",code:y.query},null,8,["code"])])):E("",!0),y.duration?(f(),v("div",o0,[t[12]||(t[12]=u("h4",null,"Duration",-1)),u("span",null,T(e.$round(y.duration,3))+" ms",1)])):E("",!0),y.connection?(f(),v("div",i0,[t[13]||(t[13]=u("h4",null,"Connection",-1)),u("span",null,T(y.connection),1)])):E("",!0)])):E("",!0)])],512),[[Nc,y.isShowingDetails]])],64))),128))]),_:1},8,["items","filter"])):E("",!0),o.activeModelsTab=="models"?(f(),J(p,{key:2,title:"Models",icon:"hash",class:"models-counts",columns:["Model","Retrieved","Created","Updated","Deleted"],items:o.modelsCounts,filter:e.countsFilter,"filter-example":"App\\User retrieved:>10"},{body:ce(({items:g})=>[(f(!0),v(B,null,le(g,(y,A)=>(f(),v("tr",{key:`${e.$request.id}-models-counts-${A}`},[u("td",a0,[D(a,{full:y.model},{default:ce(()=>[z(T(y.shortModel),1)]),_:2},1032,["full"])]),u("td",l0,[y.retrieved?(f(),v("span",c0,T(y.retrieved),1)):(f(),v("span",u0,"-"))]),u("td",d0,[y.created?(f(),v("span",h0,T(y.created),1)):(f(),v("span",f0,"-"))]),u("td",p0,[y.updated?(f(),v("span",m0,T(y.updated),1)):(f(),v("span",g0,"-"))]),u("td",v0,[y.deleted?(f(),v("span",b0,T(y.deleted),1)):(f(),v("span",y0,"-"))])]))),128))]),_:1},8,["items","filter"])):E("",!0)])):E("",!0)}const T0=he($T,[["render",E0]]),w0={name:"EmailMessageModal",components:{Modal:vs},props:["message"],computed:{messageLocal:{get(){return this.message},set(e){this.$emit("update:message",e)}}},watch:{async message(e){if(!e)return;await this.$nextTick();let t=this.$refs.content.contentWindow.document;t.open(),t.write(this.message.content),t.close()}}},_0={class:"email-message"},S0={class:"message-info"},R0={key:0,class:"info-row"},C0={class:"row-value"},A0={key:1,class:"info-row"},k0={class:"row-value"},N0={class:"message-content"},O0={ref:"content"};function I0(e,t,s,n,r,o){const i=$("modal");return f(),J(i,{icon:"mail",title:"Message",shown:o.messageLocal,"onUpdate:shown":t[0]||(t[0]=a=>o.messageLocal=a)},{default:ce(()=>[u("div",_0,[u("div",S0,[s.message?(f(),v("div",R0,[t[1]||(t[1]=u("span",{class:"row-label"},"To: ",-1)),u("span",C0,T(s.message.to.join(", ")),1)])):E("",!0),s.message?(f(),v("div",A0,[t[2]||(t[2]=u("span",{class:"row-label"},"Subject: ",-1)),u("span",k0,T(s.message.subject),1)])):E("",!0)]),u("div",N0,[u("iframe",O0,null,512)])])]),_:1},8,["shown"])}const $0=he(w0,[["render",I0]]);var Xc=L0;function L0(e,t){var s={};typeof t=="string"&&(t=[].slice.call(arguments,1));for(var n in e)(!e.hasOwnProperty||e.hasOwnProperty(n))&&t.indexOf(n)===-1&&(s[n]=e[n]);return s}const q0={name:"notificationsTab",components:{DetailsTable:He,DetailsTableFilterToggle:_i,MessageModal:$0,PrettyPrint:Qe,StackTrace:ht},props:["active"],data:()=>({filter:ze([{tag:"to"}]),showNotification:null,renderTrigger:0}),computed:{columns(){let e=["To","Subject",""];return new Set(this.$request.notifications.map(s=>s.type)).size>1&&e.splice(0,0,"Type"),e}},methods:{additionalData(e){return Xc(e,["cc","bcc","replyTo"])}}},D0={key:0},P0={key:0},x0={class:"notification-subject"},M0={class:"subject-content"},U0={class:"content-text"},F0={class:"notification-actions"},H0=["onClick"],B0=["onClick"],j0={class:"notifications-details"},V0=["colspan"],G0={class:"details-row"},W0={key:0,class:"row-group"},z0={key:1,class:"row-group"},Q0={key:2,class:"row-group"},Y0={key:3,class:"row-group"},K0={key:4,class:"row-group"},X0={class:"details-row"},J0={class:"row-group"},Z0={class:"details-row"},ew={class:"row-group"};function tw(e,t,s,n,r,o){const i=$("stack-trace"),a=$("icon"),l=$("pretty-print"),h=$("details-table"),d=$("message-modal");return s.active?(f(),v("div",D0,[(f(),J(h,{title:"Notifications",icon:"mail",columns:o.columns,items:e.$request.notifications,filter:e.filter,"filter-example":'"User Registration" to:its@underground.works',class:"notifications-notifications",key:e.renderTrigger},{body:ce(({items:p})=>[(f(!0),v(B,null,le(p,(g,y)=>(f(),v(B,{key:`${e.$request.id}-notifications-${y}`},[u("tr",null,[o.columns.includes("Type")?(f(),v("td",P0,T(e.$title(g.type)),1)):E("",!0),u("td",null,T(e.$join(g.to,", ")),1),u("td",x0,[u("div",M0,[u("div",U0,T(g.subject),1),D(i,{class:"content-trace",trace:g.trace,file:g.file,line:g.line},null,8,["trace","file","line"])])]),u("td",F0,[g.content?(f(),v("a",{key:0,href:"#",onClick:ge(A=>e.showNotification=g,["prevent"]),title:"Show message"},[D(a,{name:"search"})],8,H0)):E("",!0),u("a",{href:"#",onClick:ge(A=>{g.isShowingDetails=!g.isShowingDetails,e.renderTrigger++},["prevent"]),title:"Show details"},[D(a,{name:g.isShowingDetails?"chevron-up":"chevron-down"},null,8,["name"])],8,B0)])]),Oe(u("tr",j0,[u("td",{colspan:o.columns.length},[u("div",G0,[g.to?(f(),v("div",W0,[t[1]||(t[1]=u("h4",null,"To",-1)),u("span",null,T(e.$join(g.to,", ")),1)])):E("",!0),g.data.cc?(f(),v("div",z0,[t[2]||(t[2]=u("h4",null,"CC",-1)),u("span",null,T(e.$join(g.data.cc,", ")),1)])):E("",!0),g.data.bcc?(f(),v("div",Q0,[t[3]||(t[3]=u("h4",null,"BCC",-1)),u("span",null,T(e.$join(g.data.bcc,", ")),1)])):E("",!0),g.from?(f(),v("div",Y0,[t[4]||(t[4]=u("h4",null,"From",-1)),u("span",null,T(e.$join(g.from,", ")),1)])):E("",!0),g.data.replyTo?(f(),v("div",K0,[t[5]||(t[5]=u("h4",null,"Reply To",-1)),u("span",null,T(e.$join(g.data.replyTo,", ")),1)])):E("",!0)]),u("div",X0,[u("div",J0,[t[6]||(t[6]=u("h4",null,"Subject",-1)),D(l,{data:g.subject},null,8,["data"])])]),(f(!0),v(B,null,le(o.additionalData(g.data),(A,k)=>(f(),v("div",Z0,[u("div",ew,[u("h4",null,T(e.$title(k)),1),D(l,{data:A},null,8,["data"])])]))),256))],8,V0)],512),[[Nc,g.isShowingDetails]])],64))),128))]),_:1},8,["columns","items","filter"])),D(d,{message:e.showNotification,"onUpdate:message":t[0]||(t[0]=p=>e.showNotification=p)},null,8,["message"])])):E("",!0)}const sw=he(q0,[["render",tw]]);var Jc={},Ft={};const nw="Á",rw="á",ow="Ă",iw="ă",aw="∾",lw="∿",cw="∾̳",uw="Â",dw="â",hw="´",fw="А",pw="а",mw="Æ",gw="æ",vw="⁡",bw="𝔄",yw="𝔞",Ew="À",Tw="à",ww="ℵ",_w="ℵ",Sw="Α",Rw="α",Cw="Ā",Aw="ā",kw="⨿",Nw="&",Ow="&",Iw="⩕",$w="⩓",Lw="∧",qw="⩜",Dw="⩘",Pw="⩚",xw="∠",Mw="⦤",Uw="∠",Fw="⦨",Hw="⦩",Bw="⦪",jw="⦫",Vw="⦬",Gw="⦭",Ww="⦮",zw="⦯",Qw="∡",Yw="∟",Kw="⊾",Xw="⦝",Jw="∢",Zw="Å",e_="⍼",t_="Ą",s_="ą",n_="𝔸",r_="𝕒",o_="⩯",i_="≈",a_="⩰",l_="≊",c_="≋",u_="'",d_="⁡",h_="≈",f_="≊",p_="Å",m_="å",g_="𝒜",v_="𝒶",b_="≔",y_="*",E_="≈",T_="≍",w_="Ã",__="ã",S_="Ä",R_="ä",C_="∳",A_="⨑",k_="≌",N_="϶",O_="‵",I_="∽",$_="⋍",L_="∖",q_="⫧",D_="⊽",P_="⌅",x_="⌆",M_="⌅",U_="⎵",F_="⎶",H_="≌",B_="Б",j_="б",V_="„",G_="∵",W_="∵",z_="∵",Q_="⦰",Y_="϶",K_="ℬ",X_="ℬ",J_="Β",Z_="β",eS="ℶ",tS="≬",sS="𝔅",nS="𝔟",rS="⋂",oS="◯",iS="⋃",aS="⨀",lS="⨁",cS="⨂",uS="⨆",dS="★",hS="▽",fS="△",pS="⨄",mS="⋁",gS="⋀",vS="⤍",bS="⧫",yS="▪",ES="▴",TS="▾",wS="◂",_S="▸",SS="␣",RS="▒",CS="░",AS="▓",kS="█",NS="=⃥",OS="≡⃥",IS="⫭",$S="⌐",LS="𝔹",qS="𝕓",DS="⊥",PS="⊥",xS="⋈",MS="⧉",US="┐",FS="╕",HS="╖",BS="╗",jS="┌",VS="╒",GS="╓",WS="╔",zS="─",QS="═",YS="┬",KS="╤",XS="╥",JS="╦",ZS="┴",eR="╧",tR="╨",sR="╩",nR="⊟",rR="⊞",oR="⊠",iR="┘",aR="╛",lR="╜",cR="╝",uR="└",dR="╘",hR="╙",fR="╚",pR="│",mR="║",gR="┼",vR="╪",bR="╫",yR="╬",ER="┤",TR="╡",wR="╢",_R="╣",SR="├",RR="╞",CR="╟",AR="╠",kR="‵",NR="˘",OR="˘",IR="¦",$R="𝒷",LR="ℬ",qR="⁏",DR="∽",PR="⋍",xR="⧅",MR="\\",UR="⟈",FR="•",HR="•",BR="≎",jR="⪮",VR="≏",GR="≎",WR="≏",zR="Ć",QR="ć",YR="⩄",KR="⩉",XR="⩋",JR="∩",ZR="⋒",eC="⩇",tC="⩀",sC="ⅅ",nC="∩︀",rC="⁁",oC="ˇ",iC="ℭ",aC="⩍",lC="Č",cC="č",uC="Ç",dC="ç",hC="Ĉ",fC="ĉ",pC="∰",mC="⩌",gC="⩐",vC="Ċ",bC="ċ",yC="¸",EC="¸",TC="⦲",wC="¢",_C="·",SC="·",RC="𝔠",CC="ℭ",AC="Ч",kC="ч",NC="✓",OC="✓",IC="Χ",$C="χ",LC="ˆ",qC="≗",DC="↺",PC="↻",xC="⊛",MC="⊚",UC="⊝",FC="⊙",HC="®",BC="Ⓢ",jC="⊖",VC="⊕",GC="⊗",WC="○",zC="⧃",QC="≗",YC="⨐",KC="⫯",XC="⧂",JC="∲",ZC="”",eA="’",tA="♣",sA="♣",nA=":",rA="∷",oA="⩴",iA="≔",aA="≔",lA=",",cA="@",uA="∁",dA="∘",hA="∁",fA="ℂ",pA="≅",mA="⩭",gA="≡",vA="∮",bA="∯",yA="∮",EA="𝕔",TA="ℂ",wA="∐",_A="∐",SA="©",RA="©",CA="℗",AA="∳",kA="↵",NA="✗",OA="⨯",IA="𝒞",$A="𝒸",LA="⫏",qA="⫑",DA="⫐",PA="⫒",xA="⋯",MA="⤸",UA="⤵",FA="⋞",HA="⋟",BA="↶",jA="⤽",VA="⩈",GA="⩆",WA="≍",zA="∪",QA="⋓",YA="⩊",KA="⊍",XA="⩅",JA="∪︀",ZA="↷",e2="⤼",t2="⋞",s2="⋟",n2="⋎",r2="⋏",o2="¤",i2="↶",a2="↷",l2="⋎",c2="⋏",u2="∲",d2="∱",h2="⌭",f2="†",p2="‡",m2="ℸ",g2="↓",v2="↡",b2="⇓",y2="‐",E2="⫤",T2="⊣",w2="⤏",_2="˝",S2="Ď",R2="ď",C2="Д",A2="д",k2="‡",N2="⇊",O2="ⅅ",I2="ⅆ",$2="⤑",L2="⩷",q2="°",D2="∇",P2="Δ",x2="δ",M2="⦱",U2="⥿",F2="𝔇",H2="𝔡",B2="⥥",j2="⇃",V2="⇂",G2="´",W2="˙",z2="˝",Q2="`",Y2="˜",K2="⋄",X2="⋄",J2="⋄",Z2="♦",ek="♦",tk="¨",sk="ⅆ",nk="ϝ",rk="⋲",ok="÷",ik="÷",ak="⋇",lk="⋇",ck="Ђ",uk="ђ",dk="⌞",hk="⌍",fk="$",pk="𝔻",mk="𝕕",gk="¨",vk="˙",bk="⃜",yk="≐",Ek="≑",Tk="≐",wk="∸",_k="∔",Sk="⊡",Rk="⌆",Ck="∯",Ak="¨",kk="⇓",Nk="⇐",Ok="⇔",Ik="⫤",$k="⟸",Lk="⟺",qk="⟹",Dk="⇒",Pk="⊨",xk="⇑",Mk="⇕",Uk="∥",Fk="⤓",Hk="↓",Bk="↓",jk="⇓",Vk="⇵",Gk="̑",Wk="⇊",zk="⇃",Qk="⇂",Yk="⥐",Kk="⥞",Xk="⥖",Jk="↽",Zk="⥟",eN="⥗",tN="⇁",sN="↧",nN="⊤",rN="⤐",oN="⌟",iN="⌌",aN="𝒟",lN="𝒹",cN="Ѕ",uN="ѕ",dN="⧶",hN="Đ",fN="đ",pN="⋱",mN="▿",gN="▾",vN="⇵",bN="⥯",yN="⦦",EN="Џ",TN="џ",wN="⟿",_N="É",SN="é",RN="⩮",CN="Ě",AN="ě",kN="Ê",NN="ê",ON="≖",IN="≕",$N="Э",LN="э",qN="⩷",DN="Ė",PN="ė",xN="≑",MN="ⅇ",UN="≒",FN="𝔈",HN="𝔢",BN="⪚",jN="È",VN="è",GN="⪖",WN="⪘",zN="⪙",QN="∈",YN="⏧",KN="ℓ",XN="⪕",JN="⪗",ZN="Ē",eO="ē",tO="∅",sO="∅",nO="◻",rO="∅",oO="▫",iO=" ",aO=" ",lO=" ",cO="Ŋ",uO="ŋ",dO=" ",hO="Ę",fO="ę",pO="𝔼",mO="𝕖",gO="⋕",vO="⧣",bO="⩱",yO="ε",EO="Ε",TO="ε",wO="ϵ",_O="≖",SO="≕",RO="≂",CO="⪖",AO="⪕",kO="⩵",NO="=",OO="≂",IO="≟",$O="⇌",LO="≡",qO="⩸",DO="⧥",PO="⥱",xO="≓",MO="ℯ",UO="ℰ",FO="≐",HO="⩳",BO="≂",jO="Η",VO="η",GO="Ð",WO="ð",zO="Ë",QO="ë",YO="€",KO="!",XO="∃",JO="∃",ZO="ℰ",eI="ⅇ",tI="ⅇ",sI="≒",nI="Ф",rI="ф",oI="♀",iI="ﬃ",aI="ﬀ",lI="ﬄ",cI="𝔉",uI="𝔣",dI="ﬁ",hI="◼",fI="▪",pI="fj",mI="♭",gI="ﬂ",vI="▱",bI="ƒ",yI="𝔽",EI="𝕗",TI="∀",wI="∀",_I="⋔",SI="⫙",RI="ℱ",CI="⨍",AI="½",kI="⅓",NI="¼",OI="⅕",II="⅙",$I="⅛",LI="⅔",qI="⅖",DI="¾",PI="⅗",xI="⅜",MI="⅘",UI="⅚",FI="⅝",HI="⅞",BI="⁄",jI="⌢",VI="𝒻",GI="ℱ",WI="ǵ",zI="Γ",QI="γ",YI="Ϝ",KI="ϝ",XI="⪆",JI="Ğ",ZI="ğ",e$="Ģ",t$="Ĝ",s$="ĝ",n$="Г",r$="г",o$="Ġ",i$="ġ",a$="≥",l$="≧",c$="⪌",u$="⋛",d$="≥",h$="≧",f$="⩾",p$="⪩",m$="⩾",g$="⪀",v$="⪂",b$="⪄",y$="⋛︀",E$="⪔",T$="𝔊",w$="𝔤",_$="≫",S$="⋙",R$="⋙",C$="ℷ",A$="Ѓ",k$="ѓ",N$="⪥",O$="≷",I$="⪒",$$="⪤",L$="⪊",q$="⪊",D$="⪈",P$="≩",x$="⪈",M$="≩",U$="⋧",F$="𝔾",H$="𝕘",B$="`",j$="≥",V$="⋛",G$="≧",W$="⪢",z$="≷",Q$="⩾",Y$="≳",K$="𝒢",X$="ℊ",J$="≳",Z$="⪎",eL="⪐",tL="⪧",sL="⩺",nL=">",rL=">",oL="≫",iL="⋗",aL="⦕",lL="⩼",cL="⪆",uL="⥸",dL="⋗",hL="⋛",fL="⪌",pL="≷",mL="≳",gL="≩︀",vL="≩︀",bL="ˇ",yL=" ",EL="½",TL="ℋ",wL="Ъ",_L="ъ",SL="⥈",RL="↔",CL="⇔",AL="↭",kL="^",NL="ℏ",OL="Ĥ",IL="ĥ",$L="♥",LL="♥",qL="…",DL="⊹",PL="𝔥",xL="ℌ",ML="ℋ",UL="⤥",FL="⤦",HL="⇿",BL="∻",jL="↩",VL="↪",GL="𝕙",WL="ℍ",zL="―",QL="─",YL="𝒽",KL="ℋ",XL="ℏ",JL="Ħ",ZL="ħ",eq="≎",tq="≏",sq="⁃",nq="‐",rq="Í",oq="í",iq="⁣",aq="Î",lq="î",cq="И",uq="и",dq="İ",hq="Е",fq="е",pq="¡",mq="⇔",gq="𝔦",vq="ℑ",bq="Ì",yq="ì",Eq="ⅈ",Tq="⨌",wq="∭",_q="⧜",Sq="℩",Rq="Ĳ",Cq="ĳ",Aq="Ī",kq="ī",Nq="ℑ",Oq="ⅈ",Iq="ℐ",$q="ℑ",Lq="ı",qq="ℑ",Dq="⊷",Pq="Ƶ",xq="⇒",Mq="℅",Uq="∞",Fq="⧝",Hq="ı",Bq="⊺",jq="∫",Vq="∬",Gq="ℤ",Wq="∫",zq="⊺",Qq="⋂",Yq="⨗",Kq="⨼",Xq="⁣",Jq="⁢",Zq="Ё",eD="ё",tD="Į",sD="į",nD="𝕀",rD="𝕚",oD="Ι",iD="ι",aD="⨼",lD="¿",cD="𝒾",uD="ℐ",dD="∈",hD="⋵",fD="⋹",pD="⋴",mD="⋳",gD="∈",vD="⁢",bD="Ĩ",yD="ĩ",ED="І",TD="і",wD="Ï",_D="ï",SD="Ĵ",RD="ĵ",CD="Й",AD="й",kD="𝔍",ND="𝔧",OD="ȷ",ID="𝕁",$D="𝕛",LD="𝒥",qD="𝒿",DD="Ј",PD="ј",xD="Є",MD="є",UD="Κ",FD="κ",HD="ϰ",BD="Ķ",jD="ķ",VD="К",GD="к",WD="𝔎",zD="𝔨",QD="ĸ",YD="Х",KD="х",XD="Ќ",JD="ќ",ZD="𝕂",eP="𝕜",tP="𝒦",sP="𝓀",nP="⇚",rP="Ĺ",oP="ĺ",iP="⦴",aP="ℒ",lP="Λ",cP="λ",uP="⟨",dP="⟪",hP="⦑",fP="⟨",pP="⪅",mP="ℒ",gP="«",vP="⇤",bP="⤟",yP="←",EP="↞",TP="⇐",wP="⤝",_P="↩",SP="↫",RP="⤹",CP="⥳",AP="↢",kP="⤙",NP="⤛",OP="⪫",IP="⪭",$P="⪭︀",LP="⤌",qP="⤎",DP="❲",PP="{",xP="[",MP="⦋",UP="⦏",FP="⦍",HP="Ľ",BP="ľ",jP="Ļ",VP="ļ",GP="⌈",WP="{",zP="Л",QP="л",YP="⤶",KP="“",XP="„",JP="⥧",ZP="⥋",ex="↲",tx="≤",sx="≦",nx="⟨",rx="⇤",ox="←",ix="←",ax="⇐",lx="⇆",cx="↢",ux="⌈",dx="⟦",hx="⥡",fx="⥙",px="⇃",mx="⌊",gx="↽",vx="↼",bx="⇇",yx="↔",Ex="↔",Tx="⇔",wx="⇆",_x="⇋",Sx="↭",Rx="⥎",Cx="↤",Ax="⊣",kx="⥚",Nx="⋋",Ox="⧏",Ix="⊲",$x="⊴",Lx="⥑",qx="⥠",Dx="⥘",Px="↿",xx="⥒",Mx="↼",Ux="⪋",Fx="⋚",Hx="≤",Bx="≦",jx="⩽",Vx="⪨",Gx="⩽",Wx="⩿",zx="⪁",Qx="⪃",Yx="⋚︀",Kx="⪓",Xx="⪅",Jx="⋖",Zx="⋚",eM="⪋",tM="⋚",sM="≦",nM="≶",rM="≶",oM="⪡",iM="≲",aM="⩽",lM="≲",cM="⥼",uM="⌊",dM="𝔏",hM="𝔩",fM="≶",pM="⪑",mM="⥢",gM="↽",vM="↼",bM="⥪",yM="▄",EM="Љ",TM="љ",wM="⇇",_M="≪",SM="⋘",RM="⌞",CM="⇚",AM="⥫",kM="◺",NM="Ŀ",OM="ŀ",IM="⎰",$M="⎰",LM="⪉",qM="⪉",DM="⪇",PM="≨",xM="⪇",MM="≨",UM="⋦",FM="⟬",HM="⇽",BM="⟦",jM="⟵",VM="⟵",GM="⟸",WM="⟷",zM="⟷",QM="⟺",YM="⟼",KM="⟶",XM="⟶",JM="⟹",ZM="↫",e4="↬",t4="⦅",s4="𝕃",n4="𝕝",r4="⨭",o4="⨴",i4="∗",a4="_",l4="↙",c4="↘",u4="◊",d4="◊",h4="⧫",f4="(",p4="⦓",m4="⇆",g4="⌟",v4="⇋",b4="⥭",y4="‎",E4="⊿",T4="‹",w4="𝓁",_4="ℒ",S4="↰",R4="↰",C4="≲",A4="⪍",k4="⪏",N4="[",O4="‘",I4="‚",$4="Ł",L4="ł",q4="⪦",D4="⩹",P4="<",x4="<",M4="≪",U4="⋖",F4="⋋",H4="⋉",B4="⥶",j4="⩻",V4="◃",G4="⊴",W4="◂",z4="⦖",Q4="⥊",Y4="⥦",K4="≨︀",X4="≨︀",J4="¯",Z4="♂",eU="✠",tU="✠",sU="↦",nU="↦",rU="↧",oU="↤",iU="↥",aU="▮",lU="⨩",cU="М",uU="м",dU="—",hU="∺",fU="∡",pU=" ",mU="ℳ",gU="𝔐",vU="𝔪",bU="℧",yU="µ",EU="*",TU="⫰",wU="∣",_U="·",SU="⊟",RU="−",CU="∸",AU="⨪",kU="∓",NU="⫛",OU="…",IU="∓",$U="⊧",LU="𝕄",qU="𝕞",DU="∓",PU="𝓂",xU="ℳ",MU="∾",UU="Μ",FU="μ",HU="⊸",BU="⊸",jU="∇",VU="Ń",GU="ń",WU="∠⃒",zU="≉",QU="⩰̸",YU="≋̸",KU="ŉ",XU="≉",JU="♮",ZU="ℕ",e3="♮",t3=" ",s3="≎̸",n3="≏̸",r3="⩃",o3="Ň",i3="ň",a3="Ņ",l3="ņ",c3="≇",u3="⩭̸",d3="⩂",h3="Н",f3="н",p3="–",m3="⤤",g3="↗",v3="⇗",b3="↗",y3="≠",E3="≐̸",T3="​",w3="​",_3="​",S3="​",R3="≢",C3="⤨",A3="≂̸",k3="≫",N3="≪",O3=`
`,I3="∄",$3="∄",L3="𝔑",q3="𝔫",D3="≧̸",P3="≱",x3="≱",M3="≧̸",U3="⩾̸",F3="⩾̸",H3="⋙̸",B3="≵",j3="≫⃒",V3="≯",G3="≯",W3="≫̸",z3="↮",Q3="⇎",Y3="⫲",K3="∋",X3="⋼",J3="⋺",Z3="∋",e5="Њ",t5="њ",s5="↚",n5="⇍",r5="‥",o5="≦̸",i5="≰",a5="↚",l5="⇍",c5="↮",u5="⇎",d5="≰",h5="≦̸",f5="⩽̸",p5="⩽̸",m5="≮",g5="⋘̸",v5="≴",b5="≪⃒",y5="≮",E5="⋪",T5="⋬",w5="≪̸",_5="∤",S5="⁠",R5=" ",C5="𝕟",A5="ℕ",k5="⫬",N5="¬",O5="≢",I5="≭",$5="∦",L5="∉",q5="≠",D5="≂̸",P5="∄",x5="≯",M5="≱",U5="≧̸",F5="≫̸",H5="≹",B5="⩾̸",j5="≵",V5="≎̸",G5="≏̸",W5="∉",z5="⋵̸",Q5="⋹̸",Y5="∉",K5="⋷",X5="⋶",J5="⧏̸",Z5="⋪",eF="⋬",tF="≮",sF="≰",nF="≸",rF="≪̸",oF="⩽̸",iF="≴",aF="⪢̸",lF="⪡̸",cF="∌",uF="∌",dF="⋾",hF="⋽",fF="⊀",pF="⪯̸",mF="⋠",gF="∌",vF="⧐̸",bF="⋫",yF="⋭",EF="⊏̸",TF="⋢",wF="⊐̸",_F="⋣",SF="⊂⃒",RF="⊈",CF="⊁",AF="⪰̸",kF="⋡",NF="≿̸",OF="⊃⃒",IF="⊉",$F="≁",LF="≄",qF="≇",DF="≉",PF="∤",xF="∦",MF="∦",UF="⫽⃥",FF="∂̸",HF="⨔",BF="⊀",jF="⋠",VF="⊀",GF="⪯̸",WF="⪯̸",zF="⤳̸",QF="↛",YF="⇏",KF="↝̸",XF="↛",JF="⇏",ZF="⋫",eH="⋭",tH="⊁",sH="⋡",nH="⪰̸",rH="𝒩",oH="𝓃",iH="∤",aH="∦",lH="≁",cH="≄",uH="≄",dH="∤",hH="∦",fH="⋢",pH="⋣",mH="⊄",gH="⫅̸",vH="⊈",bH="⊂⃒",yH="⊈",EH="⫅̸",TH="⊁",wH="⪰̸",_H="⊅",SH="⫆̸",RH="⊉",CH="⊃⃒",AH="⊉",kH="⫆̸",NH="≹",OH="Ñ",IH="ñ",$H="≸",LH="⋪",qH="⋬",DH="⋫",PH="⋭",xH="Ν",MH="ν",UH="#",FH="№",HH=" ",BH="≍⃒",jH="⊬",VH="⊭",GH="⊮",WH="⊯",zH="≥⃒",QH=">⃒",YH="⤄",KH="⧞",XH="⤂",JH="≤⃒",ZH="<⃒",eB="⊴⃒",tB="⤃",sB="⊵⃒",nB="∼⃒",rB="⤣",oB="↖",iB="⇖",aB="↖",lB="⤧",cB="Ó",uB="ó",dB="⊛",hB="Ô",fB="ô",pB="⊚",mB="О",gB="о",vB="⊝",bB="Ő",yB="ő",EB="⨸",TB="⊙",wB="⦼",_B="Œ",SB="œ",RB="⦿",CB="𝔒",AB="𝔬",kB="˛",NB="Ò",OB="ò",IB="⧁",$B="⦵",LB="Ω",qB="∮",DB="↺",PB="⦾",xB="⦻",MB="‾",UB="⧀",FB="Ō",HB="ō",BB="Ω",jB="ω",VB="Ο",GB="ο",WB="⦶",zB="⊖",QB="𝕆",YB="𝕠",KB="⦷",XB="“",JB="‘",ZB="⦹",e6="⊕",t6="↻",s6="⩔",n6="∨",r6="⩝",o6="ℴ",i6="ℴ",a6="ª",l6="º",c6="⊶",u6="⩖",d6="⩗",h6="⩛",f6="Ⓢ",p6="𝒪",m6="ℴ",g6="Ø",v6="ø",b6="⊘",y6="Õ",E6="õ",T6="⨶",w6="⨷",_6="⊗",S6="Ö",R6="ö",C6="⌽",A6="‾",k6="⏞",N6="⎴",O6="⏜",I6="¶",$6="∥",L6="∥",q6="⫳",D6="⫽",P6="∂",x6="∂",M6="П",U6="п",F6="%",H6=".",B6="‰",j6="⊥",V6="‱",G6="𝔓",W6="𝔭",z6="Φ",Q6="φ",Y6="ϕ",K6="ℳ",X6="☎",J6="Π",Z6="π",e8="⋔",t8="ϖ",s8="ℏ",n8="ℎ",r8="ℏ",o8="⨣",i8="⊞",a8="⨢",l8="+",c8="∔",u8="⨥",d8="⩲",h8="±",f8="±",p8="⨦",m8="⨧",g8="±",v8="ℌ",b8="⨕",y8="𝕡",E8="ℙ",T8="£",w8="⪷",_8="⪻",S8="≺",R8="≼",C8="⪷",A8="≺",k8="≼",N8="≺",O8="⪯",I8="≼",$8="≾",L8="⪯",q8="⪹",D8="⪵",P8="⋨",x8="⪯",M8="⪳",U8="≾",F8="′",H8="″",B8="ℙ",j8="⪹",V8="⪵",G8="⋨",W8="∏",z8="∏",Q8="⌮",Y8="⌒",K8="⌓",X8="∝",J8="∝",Z8="∷",ej="∝",tj="≾",sj="⊰",nj="𝒫",rj="𝓅",oj="Ψ",ij="ψ",aj=" ",lj="𝔔",cj="𝔮",uj="⨌",dj="𝕢",hj="ℚ",fj="⁗",pj="𝒬",mj="𝓆",gj="ℍ",vj="⨖",bj="?",yj="≟",Ej='"',Tj='"',wj="⇛",_j="∽̱",Sj="Ŕ",Rj="ŕ",Cj="√",Aj="⦳",kj="⟩",Nj="⟫",Oj="⦒",Ij="⦥",$j="⟩",Lj="»",qj="⥵",Dj="⇥",Pj="⤠",xj="⤳",Mj="→",Uj="↠",Fj="⇒",Hj="⤞",Bj="↪",jj="↬",Vj="⥅",Gj="⥴",Wj="⤖",zj="↣",Qj="↝",Yj="⤚",Kj="⤜",Xj="∶",Jj="ℚ",Zj="⤍",eV="⤏",tV="⤐",sV="❳",nV="}",rV="]",oV="⦌",iV="⦎",aV="⦐",lV="Ř",cV="ř",uV="Ŗ",dV="ŗ",hV="⌉",fV="}",pV="Р",mV="р",gV="⤷",vV="⥩",bV="”",yV="”",EV="↳",TV="ℜ",wV="ℛ",_V="ℜ",SV="ℝ",RV="ℜ",CV="▭",AV="®",kV="®",NV="∋",OV="⇋",IV="⥯",$V="⥽",LV="⌋",qV="𝔯",DV="ℜ",PV="⥤",xV="⇁",MV="⇀",UV="⥬",FV="Ρ",HV="ρ",BV="ϱ",jV="⟩",VV="⇥",GV="→",WV="→",zV="⇒",QV="⇄",YV="↣",KV="⌉",XV="⟧",JV="⥝",ZV="⥕",eG="⇂",tG="⌋",sG="⇁",nG="⇀",rG="⇄",oG="⇌",iG="⇉",aG="↝",lG="↦",cG="⊢",uG="⥛",dG="⋌",hG="⧐",fG="⊳",pG="⊵",mG="⥏",gG="⥜",vG="⥔",bG="↾",yG="⥓",EG="⇀",TG="˚",wG="≓",_G="⇄",SG="⇌",RG="‏",CG="⎱",AG="⎱",kG="⫮",NG="⟭",OG="⇾",IG="⟧",$G="⦆",LG="𝕣",qG="ℝ",DG="⨮",PG="⨵",xG="⥰",MG=")",UG="⦔",FG="⨒",HG="⇉",BG="⇛",jG="›",VG="𝓇",GG="ℛ",WG="↱",zG="↱",QG="]",YG="’",KG="’",XG="⋌",JG="⋊",ZG="▹",eW="⊵",tW="▸",sW="⧎",nW="⧴",rW="⥨",oW="℞",iW="Ś",aW="ś",lW="‚",cW="⪸",uW="Š",dW="š",hW="⪼",fW="≻",pW="≽",mW="⪰",gW="⪴",vW="Ş",bW="ş",yW="Ŝ",EW="ŝ",TW="⪺",wW="⪶",_W="⋩",SW="⨓",RW="≿",CW="С",AW="с",kW="⊡",NW="⋅",OW="⩦",IW="⤥",$W="↘",LW="⇘",qW="↘",DW="§",PW=";",xW="⤩",MW="∖",UW="∖",FW="✶",HW="𝔖",BW="𝔰",jW="⌢",VW="♯",GW="Щ",WW="щ",zW="Ш",QW="ш",YW="↓",KW="←",XW="∣",JW="∥",ZW="→",e9="↑",t9="­",s9="Σ",n9="σ",r9="ς",o9="ς",i9="∼",a9="⩪",l9="≃",c9="≃",u9="⪞",d9="⪠",h9="⪝",f9="⪟",p9="≆",m9="⨤",g9="⥲",v9="←",b9="∘",y9="∖",E9="⨳",T9="⧤",w9="∣",_9="⌣",S9="⪪",R9="⪬",C9="⪬︀",A9="Ь",k9="ь",N9="⌿",O9="⧄",I9="/",$9="𝕊",L9="𝕤",q9="♠",D9="♠",P9="∥",x9="⊓",M9="⊓︀",U9="⊔",F9="⊔︀",H9="√",B9="⊏",j9="⊑",V9="⊏",G9="⊑",W9="⊐",z9="⊒",Q9="⊐",Y9="⊒",K9="□",X9="□",J9="⊓",Z9="⊏",ez="⊑",tz="⊐",sz="⊒",nz="⊔",rz="▪",oz="□",iz="▪",az="→",lz="𝒮",cz="𝓈",uz="∖",dz="⌣",hz="⋆",fz="⋆",pz="☆",mz="★",gz="ϵ",vz="ϕ",bz="¯",yz="⊂",Ez="⋐",Tz="⪽",wz="⫅",_z="⊆",Sz="⫃",Rz="⫁",Cz="⫋",Az="⊊",kz="⪿",Nz="⥹",Oz="⊂",Iz="⋐",$z="⊆",Lz="⫅",qz="⊆",Dz="⊊",Pz="⫋",xz="⫇",Mz="⫕",Uz="⫓",Fz="⪸",Hz="≻",Bz="≽",jz="≻",Vz="⪰",Gz="≽",Wz="≿",zz="⪰",Qz="⪺",Yz="⪶",Kz="⋩",Xz="≿",Jz="∋",Zz="∑",eQ="∑",tQ="♪",sQ="¹",nQ="²",rQ="³",oQ="⊃",iQ="⋑",aQ="⪾",lQ="⫘",cQ="⫆",uQ="⊇",dQ="⫄",hQ="⊃",fQ="⊇",pQ="⟉",mQ="⫗",gQ="⥻",vQ="⫂",bQ="⫌",yQ="⊋",EQ="⫀",TQ="⊃",wQ="⋑",_Q="⊇",SQ="⫆",RQ="⊋",CQ="⫌",AQ="⫈",kQ="⫔",NQ="⫖",OQ="⤦",IQ="↙",$Q="⇙",LQ="↙",qQ="⤪",DQ="ß",PQ="	",xQ="⌖",MQ="Τ",UQ="τ",FQ="⎴",HQ="Ť",BQ="ť",jQ="Ţ",VQ="ţ",GQ="Т",WQ="т",zQ="⃛",QQ="⌕",YQ="𝔗",KQ="𝔱",XQ="∴",JQ="∴",ZQ="∴",e7="Θ",t7="θ",s7="ϑ",n7="ϑ",r7="≈",o7="∼",i7="  ",a7=" ",l7=" ",c7="≈",u7="∼",d7="Þ",h7="þ",f7="˜",p7="∼",m7="≃",g7="≅",v7="≈",b7="⨱",y7="⊠",E7="×",T7="⨰",w7="∭",_7="⤨",S7="⌶",R7="⫱",C7="⊤",A7="𝕋",k7="𝕥",N7="⫚",O7="⤩",I7="‴",$7="™",L7="™",q7="▵",D7="▿",P7="◃",x7="⊴",M7="≜",U7="▹",F7="⊵",H7="◬",B7="≜",j7="⨺",V7="⃛",G7="⨹",W7="⧍",z7="⨻",Q7="⏢",Y7="𝒯",K7="𝓉",X7="Ц",J7="ц",Z7="Ћ",eY="ћ",tY="Ŧ",sY="ŧ",nY="≬",rY="↞",oY="↠",iY="Ú",aY="ú",lY="↑",cY="↟",uY="⇑",dY="⥉",hY="Ў",fY="ў",pY="Ŭ",mY="ŭ",gY="Û",vY="û",bY="У",yY="у",EY="⇅",TY="Ű",wY="ű",_Y="⥮",SY="⥾",RY="𝔘",CY="𝔲",AY="Ù",kY="ù",NY="⥣",OY="↿",IY="↾",$Y="▀",LY="⌜",qY="⌜",DY="⌏",PY="◸",xY="Ū",MY="ū",UY="¨",FY="_",HY="⏟",BY="⎵",jY="⏝",VY="⋃",GY="⊎",WY="Ų",zY="ų",QY="𝕌",YY="𝕦",KY="⤒",XY="↑",JY="↑",ZY="⇑",eK="⇅",tK="↕",sK="↕",nK="⇕",rK="⥮",oK="↿",iK="↾",aK="⊎",lK="↖",cK="↗",uK="υ",dK="ϒ",hK="ϒ",fK="Υ",pK="υ",mK="↥",gK="⊥",vK="⇈",bK="⌝",yK="⌝",EK="⌎",TK="Ů",wK="ů",_K="◹",SK="𝒰",RK="𝓊",CK="⋰",AK="Ũ",kK="ũ",NK="▵",OK="▴",IK="⇈",$K="Ü",LK="ü",qK="⦧",DK="⦜",PK="ϵ",xK="ϰ",MK="∅",UK="ϕ",FK="ϖ",HK="∝",BK="↕",jK="⇕",VK="ϱ",GK="ς",WK="⊊︀",zK="⫋︀",QK="⊋︀",YK="⫌︀",KK="ϑ",XK="⊲",JK="⊳",ZK="⫨",eX="⫫",tX="⫩",sX="В",nX="в",rX="⊢",oX="⊨",iX="⊩",aX="⊫",lX="⫦",cX="⊻",uX="∨",dX="⋁",hX="≚",fX="⋮",pX="|",mX="‖",gX="|",vX="‖",bX="∣",yX="|",EX="❘",TX="≀",wX=" ",_X="𝔙",SX="𝔳",RX="⊲",CX="⊂⃒",AX="⊃⃒",kX="𝕍",NX="𝕧",OX="∝",IX="⊳",$X="𝒱",LX="𝓋",qX="⫋︀",DX="⊊︀",PX="⫌︀",xX="⊋︀",MX="⊪",UX="⦚",FX="Ŵ",HX="ŵ",BX="⩟",jX="∧",VX="⋀",GX="≙",WX="℘",zX="𝔚",QX="𝔴",YX="𝕎",KX="𝕨",XX="℘",JX="≀",ZX="≀",eJ="𝒲",tJ="𝓌",sJ="⋂",nJ="◯",rJ="⋃",oJ="▽",iJ="𝔛",aJ="𝔵",lJ="⟷",cJ="⟺",uJ="Ξ",dJ="ξ",hJ="⟵",fJ="⟸",pJ="⟼",mJ="⋻",gJ="⨀",vJ="𝕏",bJ="𝕩",yJ="⨁",EJ="⨂",TJ="⟶",wJ="⟹",_J="𝒳",SJ="𝓍",RJ="⨆",CJ="⨄",AJ="△",kJ="⋁",NJ="⋀",OJ="Ý",IJ="ý",$J="Я",LJ="я",qJ="Ŷ",DJ="ŷ",PJ="Ы",xJ="ы",MJ="¥",UJ="𝔜",FJ="𝔶",HJ="Ї",BJ="ї",jJ="𝕐",VJ="𝕪",GJ="𝒴",WJ="𝓎",zJ="Ю",QJ="ю",YJ="ÿ",KJ="Ÿ",XJ="Ź",JJ="ź",ZJ="Ž",eZ="ž",tZ="З",sZ="з",nZ="Ż",rZ="ż",oZ="ℨ",iZ="​",aZ="Ζ",lZ="ζ",cZ="𝔷",uZ="ℨ",dZ="Ж",hZ="ж",fZ="⇝",pZ="𝕫",mZ="ℤ",gZ="𝒵",vZ="𝓏",bZ="‍",yZ="‌",Zc={Aacute:nw,aacute:rw,Abreve:ow,abreve:iw,ac:aw,acd:lw,acE:cw,Acirc:uw,acirc:dw,acute:hw,Acy:fw,acy:pw,AElig:mw,aelig:gw,af:vw,Afr:bw,afr:yw,Agrave:Ew,agrave:Tw,alefsym:ww,aleph:_w,Alpha:Sw,alpha:Rw,Amacr:Cw,amacr:Aw,amalg:kw,amp:Nw,AMP:Ow,andand:Iw,And:$w,and:Lw,andd:qw,andslope:Dw,andv:Pw,ang:xw,ange:Mw,angle:Uw,angmsdaa:Fw,angmsdab:Hw,angmsdac:Bw,angmsdad:jw,angmsdae:Vw,angmsdaf:Gw,angmsdag:Ww,angmsdah:zw,angmsd:Qw,angrt:Yw,angrtvb:Kw,angrtvbd:Xw,angsph:Jw,angst:Zw,angzarr:e_,Aogon:t_,aogon:s_,Aopf:n_,aopf:r_,apacir:o_,ap:i_,apE:a_,ape:l_,apid:c_,apos:u_,ApplyFunction:d_,approx:h_,approxeq:f_,Aring:p_,aring:m_,Ascr:g_,ascr:v_,Assign:b_,ast:y_,asymp:E_,asympeq:T_,Atilde:w_,atilde:__,Auml:S_,auml:R_,awconint:C_,awint:A_,backcong:k_,backepsilon:N_,backprime:O_,backsim:I_,backsimeq:$_,Backslash:L_,Barv:q_,barvee:D_,barwed:P_,Barwed:x_,barwedge:M_,bbrk:U_,bbrktbrk:F_,bcong:H_,Bcy:B_,bcy:j_,bdquo:V_,becaus:G_,because:W_,Because:z_,bemptyv:Q_,bepsi:Y_,bernou:K_,Bernoullis:X_,Beta:J_,beta:Z_,beth:eS,between:tS,Bfr:sS,bfr:nS,bigcap:rS,bigcirc:oS,bigcup:iS,bigodot:aS,bigoplus:lS,bigotimes:cS,bigsqcup:uS,bigstar:dS,bigtriangledown:hS,bigtriangleup:fS,biguplus:pS,bigvee:mS,bigwedge:gS,bkarow:vS,blacklozenge:bS,blacksquare:yS,blacktriangle:ES,blacktriangledown:TS,blacktriangleleft:wS,blacktriangleright:_S,blank:SS,blk12:RS,blk14:CS,blk34:AS,block:kS,bne:NS,bnequiv:OS,bNot:IS,bnot:$S,Bopf:LS,bopf:qS,bot:DS,bottom:PS,bowtie:xS,boxbox:MS,boxdl:US,boxdL:FS,boxDl:HS,boxDL:BS,boxdr:jS,boxdR:VS,boxDr:GS,boxDR:WS,boxh:zS,boxH:QS,boxhd:YS,boxHd:KS,boxhD:XS,boxHD:JS,boxhu:ZS,boxHu:eR,boxhU:tR,boxHU:sR,boxminus:nR,boxplus:rR,boxtimes:oR,boxul:iR,boxuL:aR,boxUl:lR,boxUL:cR,boxur:uR,boxuR:dR,boxUr:hR,boxUR:fR,boxv:pR,boxV:mR,boxvh:gR,boxvH:vR,boxVh:bR,boxVH:yR,boxvl:ER,boxvL:TR,boxVl:wR,boxVL:_R,boxvr:SR,boxvR:RR,boxVr:CR,boxVR:AR,bprime:kR,breve:NR,Breve:OR,brvbar:IR,bscr:$R,Bscr:LR,bsemi:qR,bsim:DR,bsime:PR,bsolb:xR,bsol:MR,bsolhsub:UR,bull:FR,bullet:HR,bump:BR,bumpE:jR,bumpe:VR,Bumpeq:GR,bumpeq:WR,Cacute:zR,cacute:QR,capand:YR,capbrcup:KR,capcap:XR,cap:JR,Cap:ZR,capcup:eC,capdot:tC,CapitalDifferentialD:sC,caps:nC,caret:rC,caron:oC,Cayleys:iC,ccaps:aC,Ccaron:lC,ccaron:cC,Ccedil:uC,ccedil:dC,Ccirc:hC,ccirc:fC,Cconint:pC,ccups:mC,ccupssm:gC,Cdot:vC,cdot:bC,cedil:yC,Cedilla:EC,cemptyv:TC,cent:wC,centerdot:_C,CenterDot:SC,cfr:RC,Cfr:CC,CHcy:AC,chcy:kC,check:NC,checkmark:OC,Chi:IC,chi:$C,circ:LC,circeq:qC,circlearrowleft:DC,circlearrowright:PC,circledast:xC,circledcirc:MC,circleddash:UC,CircleDot:FC,circledR:HC,circledS:BC,CircleMinus:jC,CirclePlus:VC,CircleTimes:GC,cir:WC,cirE:zC,cire:QC,cirfnint:YC,cirmid:KC,cirscir:XC,ClockwiseContourIntegral:JC,CloseCurlyDoubleQuote:ZC,CloseCurlyQuote:eA,clubs:tA,clubsuit:sA,colon:nA,Colon:rA,Colone:oA,colone:iA,coloneq:aA,comma:lA,commat:cA,comp:uA,compfn:dA,complement:hA,complexes:fA,cong:pA,congdot:mA,Congruent:gA,conint:vA,Conint:bA,ContourIntegral:yA,copf:EA,Copf:TA,coprod:wA,Coproduct:_A,copy:SA,COPY:RA,copysr:CA,CounterClockwiseContourIntegral:AA,crarr:kA,cross:NA,Cross:OA,Cscr:IA,cscr:$A,csub:LA,csube:qA,csup:DA,csupe:PA,ctdot:xA,cudarrl:MA,cudarrr:UA,cuepr:FA,cuesc:HA,cularr:BA,cularrp:jA,cupbrcap:VA,cupcap:GA,CupCap:WA,cup:zA,Cup:QA,cupcup:YA,cupdot:KA,cupor:XA,cups:JA,curarr:ZA,curarrm:e2,curlyeqprec:t2,curlyeqsucc:s2,curlyvee:n2,curlywedge:r2,curren:o2,curvearrowleft:i2,curvearrowright:a2,cuvee:l2,cuwed:c2,cwconint:u2,cwint:d2,cylcty:h2,dagger:f2,Dagger:p2,daleth:m2,darr:g2,Darr:v2,dArr:b2,dash:y2,Dashv:E2,dashv:T2,dbkarow:w2,dblac:_2,Dcaron:S2,dcaron:R2,Dcy:C2,dcy:A2,ddagger:k2,ddarr:N2,DD:O2,dd:I2,DDotrahd:$2,ddotseq:L2,deg:q2,Del:D2,Delta:P2,delta:x2,demptyv:M2,dfisht:U2,Dfr:F2,dfr:H2,dHar:B2,dharl:j2,dharr:V2,DiacriticalAcute:G2,DiacriticalDot:W2,DiacriticalDoubleAcute:z2,DiacriticalGrave:Q2,DiacriticalTilde:Y2,diam:K2,diamond:X2,Diamond:J2,diamondsuit:Z2,diams:ek,die:tk,DifferentialD:sk,digamma:nk,disin:rk,div:ok,divide:ik,divideontimes:ak,divonx:lk,DJcy:ck,djcy:uk,dlcorn:dk,dlcrop:hk,dollar:fk,Dopf:pk,dopf:mk,Dot:gk,dot:vk,DotDot:bk,doteq:yk,doteqdot:Ek,DotEqual:Tk,dotminus:wk,dotplus:_k,dotsquare:Sk,doublebarwedge:Rk,DoubleContourIntegral:Ck,DoubleDot:Ak,DoubleDownArrow:kk,DoubleLeftArrow:Nk,DoubleLeftRightArrow:Ok,DoubleLeftTee:Ik,DoubleLongLeftArrow:$k,DoubleLongLeftRightArrow:Lk,DoubleLongRightArrow:qk,DoubleRightArrow:Dk,DoubleRightTee:Pk,DoubleUpArrow:xk,DoubleUpDownArrow:Mk,DoubleVerticalBar:Uk,DownArrowBar:Fk,downarrow:Hk,DownArrow:Bk,Downarrow:jk,DownArrowUpArrow:Vk,DownBreve:Gk,downdownarrows:Wk,downharpoonleft:zk,downharpoonright:Qk,DownLeftRightVector:Yk,DownLeftTeeVector:Kk,DownLeftVectorBar:Xk,DownLeftVector:Jk,DownRightTeeVector:Zk,DownRightVectorBar:eN,DownRightVector:tN,DownTeeArrow:sN,DownTee:nN,drbkarow:rN,drcorn:oN,drcrop:iN,Dscr:aN,dscr:lN,DScy:cN,dscy:uN,dsol:dN,Dstrok:hN,dstrok:fN,dtdot:pN,dtri:mN,dtrif:gN,duarr:vN,duhar:bN,dwangle:yN,DZcy:EN,dzcy:TN,dzigrarr:wN,Eacute:_N,eacute:SN,easter:RN,Ecaron:CN,ecaron:AN,Ecirc:kN,ecirc:NN,ecir:ON,ecolon:IN,Ecy:$N,ecy:LN,eDDot:qN,Edot:DN,edot:PN,eDot:xN,ee:MN,efDot:UN,Efr:FN,efr:HN,eg:BN,Egrave:jN,egrave:VN,egs:GN,egsdot:WN,el:zN,Element:QN,elinters:YN,ell:KN,els:XN,elsdot:JN,Emacr:ZN,emacr:eO,empty:tO,emptyset:sO,EmptySmallSquare:nO,emptyv:rO,EmptyVerySmallSquare:oO,emsp13:iO,emsp14:aO,emsp:lO,ENG:cO,eng:uO,ensp:dO,Eogon:hO,eogon:fO,Eopf:pO,eopf:mO,epar:gO,eparsl:vO,eplus:bO,epsi:yO,Epsilon:EO,epsilon:TO,epsiv:wO,eqcirc:_O,eqcolon:SO,eqsim:RO,eqslantgtr:CO,eqslantless:AO,Equal:kO,equals:NO,EqualTilde:OO,equest:IO,Equilibrium:$O,equiv:LO,equivDD:qO,eqvparsl:DO,erarr:PO,erDot:xO,escr:MO,Escr:UO,esdot:FO,Esim:HO,esim:BO,Eta:jO,eta:VO,ETH:GO,eth:WO,Euml:zO,euml:QO,euro:YO,excl:KO,exist:XO,Exists:JO,expectation:ZO,exponentiale:eI,ExponentialE:tI,fallingdotseq:sI,Fcy:nI,fcy:rI,female:oI,ffilig:iI,fflig:aI,ffllig:lI,Ffr:cI,ffr:uI,filig:dI,FilledSmallSquare:hI,FilledVerySmallSquare:fI,fjlig:pI,flat:mI,fllig:gI,fltns:vI,fnof:bI,Fopf:yI,fopf:EI,forall:TI,ForAll:wI,fork:_I,forkv:SI,Fouriertrf:RI,fpartint:CI,frac12:AI,frac13:kI,frac14:NI,frac15:OI,frac16:II,frac18:$I,frac23:LI,frac25:qI,frac34:DI,frac35:PI,frac38:xI,frac45:MI,frac56:UI,frac58:FI,frac78:HI,frasl:BI,frown:jI,fscr:VI,Fscr:GI,gacute:WI,Gamma:zI,gamma:QI,Gammad:YI,gammad:KI,gap:XI,Gbreve:JI,gbreve:ZI,Gcedil:e$,Gcirc:t$,gcirc:s$,Gcy:n$,gcy:r$,Gdot:o$,gdot:i$,ge:a$,gE:l$,gEl:c$,gel:u$,geq:d$,geqq:h$,geqslant:f$,gescc:p$,ges:m$,gesdot:g$,gesdoto:v$,gesdotol:b$,gesl:y$,gesles:E$,Gfr:T$,gfr:w$,gg:_$,Gg:S$,ggg:R$,gimel:C$,GJcy:A$,gjcy:k$,gla:N$,gl:O$,glE:I$,glj:$$,gnap:L$,gnapprox:q$,gne:D$,gnE:P$,gneq:x$,gneqq:M$,gnsim:U$,Gopf:F$,gopf:H$,grave:B$,GreaterEqual:j$,GreaterEqualLess:V$,GreaterFullEqual:G$,GreaterGreater:W$,GreaterLess:z$,GreaterSlantEqual:Q$,GreaterTilde:Y$,Gscr:K$,gscr:X$,gsim:J$,gsime:Z$,gsiml:eL,gtcc:tL,gtcir:sL,gt:nL,GT:rL,Gt:oL,gtdot:iL,gtlPar:aL,gtquest:lL,gtrapprox:cL,gtrarr:uL,gtrdot:dL,gtreqless:hL,gtreqqless:fL,gtrless:pL,gtrsim:mL,gvertneqq:gL,gvnE:vL,Hacek:bL,hairsp:yL,half:EL,hamilt:TL,HARDcy:wL,hardcy:_L,harrcir:SL,harr:RL,hArr:CL,harrw:AL,Hat:kL,hbar:NL,Hcirc:OL,hcirc:IL,hearts:$L,heartsuit:LL,hellip:qL,hercon:DL,hfr:PL,Hfr:xL,HilbertSpace:ML,hksearow:UL,hkswarow:FL,hoarr:HL,homtht:BL,hookleftarrow:jL,hookrightarrow:VL,hopf:GL,Hopf:WL,horbar:zL,HorizontalLine:QL,hscr:YL,Hscr:KL,hslash:XL,Hstrok:JL,hstrok:ZL,HumpDownHump:eq,HumpEqual:tq,hybull:sq,hyphen:nq,Iacute:rq,iacute:oq,ic:iq,Icirc:aq,icirc:lq,Icy:cq,icy:uq,Idot:dq,IEcy:hq,iecy:fq,iexcl:pq,iff:mq,ifr:gq,Ifr:vq,Igrave:bq,igrave:yq,ii:Eq,iiiint:Tq,iiint:wq,iinfin:_q,iiota:Sq,IJlig:Rq,ijlig:Cq,Imacr:Aq,imacr:kq,image:Nq,ImaginaryI:Oq,imagline:Iq,imagpart:$q,imath:Lq,Im:qq,imof:Dq,imped:Pq,Implies:xq,incare:Mq,in:"∈",infin:Uq,infintie:Fq,inodot:Hq,intcal:Bq,int:jq,Int:Vq,integers:Gq,Integral:Wq,intercal:zq,Intersection:Qq,intlarhk:Yq,intprod:Kq,InvisibleComma:Xq,InvisibleTimes:Jq,IOcy:Zq,iocy:eD,Iogon:tD,iogon:sD,Iopf:nD,iopf:rD,Iota:oD,iota:iD,iprod:aD,iquest:lD,iscr:cD,Iscr:uD,isin:dD,isindot:hD,isinE:fD,isins:pD,isinsv:mD,isinv:gD,it:vD,Itilde:bD,itilde:yD,Iukcy:ED,iukcy:TD,Iuml:wD,iuml:_D,Jcirc:SD,jcirc:RD,Jcy:CD,jcy:AD,Jfr:kD,jfr:ND,jmath:OD,Jopf:ID,jopf:$D,Jscr:LD,jscr:qD,Jsercy:DD,jsercy:PD,Jukcy:xD,jukcy:MD,Kappa:UD,kappa:FD,kappav:HD,Kcedil:BD,kcedil:jD,Kcy:VD,kcy:GD,Kfr:WD,kfr:zD,kgreen:QD,KHcy:YD,khcy:KD,KJcy:XD,kjcy:JD,Kopf:ZD,kopf:eP,Kscr:tP,kscr:sP,lAarr:nP,Lacute:rP,lacute:oP,laemptyv:iP,lagran:aP,Lambda:lP,lambda:cP,lang:uP,Lang:dP,langd:hP,langle:fP,lap:pP,Laplacetrf:mP,laquo:gP,larrb:vP,larrbfs:bP,larr:yP,Larr:EP,lArr:TP,larrfs:wP,larrhk:_P,larrlp:SP,larrpl:RP,larrsim:CP,larrtl:AP,latail:kP,lAtail:NP,lat:OP,late:IP,lates:$P,lbarr:LP,lBarr:qP,lbbrk:DP,lbrace:PP,lbrack:xP,lbrke:MP,lbrksld:UP,lbrkslu:FP,Lcaron:HP,lcaron:BP,Lcedil:jP,lcedil:VP,lceil:GP,lcub:WP,Lcy:zP,lcy:QP,ldca:YP,ldquo:KP,ldquor:XP,ldrdhar:JP,ldrushar:ZP,ldsh:ex,le:tx,lE:sx,LeftAngleBracket:nx,LeftArrowBar:rx,leftarrow:ox,LeftArrow:ix,Leftarrow:ax,LeftArrowRightArrow:lx,leftarrowtail:cx,LeftCeiling:ux,LeftDoubleBracket:dx,LeftDownTeeVector:hx,LeftDownVectorBar:fx,LeftDownVector:px,LeftFloor:mx,leftharpoondown:gx,leftharpoonup:vx,leftleftarrows:bx,leftrightarrow:yx,LeftRightArrow:Ex,Leftrightarrow:Tx,leftrightarrows:wx,leftrightharpoons:_x,leftrightsquigarrow:Sx,LeftRightVector:Rx,LeftTeeArrow:Cx,LeftTee:Ax,LeftTeeVector:kx,leftthreetimes:Nx,LeftTriangleBar:Ox,LeftTriangle:Ix,LeftTriangleEqual:$x,LeftUpDownVector:Lx,LeftUpTeeVector:qx,LeftUpVectorBar:Dx,LeftUpVector:Px,LeftVectorBar:xx,LeftVector:Mx,lEg:Ux,leg:Fx,leq:Hx,leqq:Bx,leqslant:jx,lescc:Vx,les:Gx,lesdot:Wx,lesdoto:zx,lesdotor:Qx,lesg:Yx,lesges:Kx,lessapprox:Xx,lessdot:Jx,lesseqgtr:Zx,lesseqqgtr:eM,LessEqualGreater:tM,LessFullEqual:sM,LessGreater:nM,lessgtr:rM,LessLess:oM,lesssim:iM,LessSlantEqual:aM,LessTilde:lM,lfisht:cM,lfloor:uM,Lfr:dM,lfr:hM,lg:fM,lgE:pM,lHar:mM,lhard:gM,lharu:vM,lharul:bM,lhblk:yM,LJcy:EM,ljcy:TM,llarr:wM,ll:_M,Ll:SM,llcorner:RM,Lleftarrow:CM,llhard:AM,lltri:kM,Lmidot:NM,lmidot:OM,lmoustache:IM,lmoust:$M,lnap:LM,lnapprox:qM,lne:DM,lnE:PM,lneq:xM,lneqq:MM,lnsim:UM,loang:FM,loarr:HM,lobrk:BM,longleftarrow:jM,LongLeftArrow:VM,Longleftarrow:GM,longleftrightarrow:WM,LongLeftRightArrow:zM,Longleftrightarrow:QM,longmapsto:YM,longrightarrow:KM,LongRightArrow:XM,Longrightarrow:JM,looparrowleft:ZM,looparrowright:e4,lopar:t4,Lopf:s4,lopf:n4,loplus:r4,lotimes:o4,lowast:i4,lowbar:a4,LowerLeftArrow:l4,LowerRightArrow:c4,loz:u4,lozenge:d4,lozf:h4,lpar:f4,lparlt:p4,lrarr:m4,lrcorner:g4,lrhar:v4,lrhard:b4,lrm:y4,lrtri:E4,lsaquo:T4,lscr:w4,Lscr:_4,lsh:S4,Lsh:R4,lsim:C4,lsime:A4,lsimg:k4,lsqb:N4,lsquo:O4,lsquor:I4,Lstrok:$4,lstrok:L4,ltcc:q4,ltcir:D4,lt:P4,LT:x4,Lt:M4,ltdot:U4,lthree:F4,ltimes:H4,ltlarr:B4,ltquest:j4,ltri:V4,ltrie:G4,ltrif:W4,ltrPar:z4,lurdshar:Q4,luruhar:Y4,lvertneqq:K4,lvnE:X4,macr:J4,male:Z4,malt:eU,maltese:tU,Map:"⤅",map:sU,mapsto:nU,mapstodown:rU,mapstoleft:oU,mapstoup:iU,marker:aU,mcomma:lU,Mcy:cU,mcy:uU,mdash:dU,mDDot:hU,measuredangle:fU,MediumSpace:pU,Mellintrf:mU,Mfr:gU,mfr:vU,mho:bU,micro:yU,midast:EU,midcir:TU,mid:wU,middot:_U,minusb:SU,minus:RU,minusd:CU,minusdu:AU,MinusPlus:kU,mlcp:NU,mldr:OU,mnplus:IU,models:$U,Mopf:LU,mopf:qU,mp:DU,mscr:PU,Mscr:xU,mstpos:MU,Mu:UU,mu:FU,multimap:HU,mumap:BU,nabla:jU,Nacute:VU,nacute:GU,nang:WU,nap:zU,napE:QU,napid:YU,napos:KU,napprox:XU,natural:JU,naturals:ZU,natur:e3,nbsp:t3,nbump:s3,nbumpe:n3,ncap:r3,Ncaron:o3,ncaron:i3,Ncedil:a3,ncedil:l3,ncong:c3,ncongdot:u3,ncup:d3,Ncy:h3,ncy:f3,ndash:p3,nearhk:m3,nearr:g3,neArr:v3,nearrow:b3,ne:y3,nedot:E3,NegativeMediumSpace:T3,NegativeThickSpace:w3,NegativeThinSpace:_3,NegativeVeryThinSpace:S3,nequiv:R3,nesear:C3,nesim:A3,NestedGreaterGreater:k3,NestedLessLess:N3,NewLine:O3,nexist:I3,nexists:$3,Nfr:L3,nfr:q3,ngE:D3,nge:P3,ngeq:x3,ngeqq:M3,ngeqslant:U3,nges:F3,nGg:H3,ngsim:B3,nGt:j3,ngt:V3,ngtr:G3,nGtv:W3,nharr:z3,nhArr:Q3,nhpar:Y3,ni:K3,nis:X3,nisd:J3,niv:Z3,NJcy:e5,njcy:t5,nlarr:s5,nlArr:n5,nldr:r5,nlE:o5,nle:i5,nleftarrow:a5,nLeftarrow:l5,nleftrightarrow:c5,nLeftrightarrow:u5,nleq:d5,nleqq:h5,nleqslant:f5,nles:p5,nless:m5,nLl:g5,nlsim:v5,nLt:b5,nlt:y5,nltri:E5,nltrie:T5,nLtv:w5,nmid:_5,NoBreak:S5,NonBreakingSpace:R5,nopf:C5,Nopf:A5,Not:k5,not:N5,NotCongruent:O5,NotCupCap:I5,NotDoubleVerticalBar:$5,NotElement:L5,NotEqual:q5,NotEqualTilde:D5,NotExists:P5,NotGreater:x5,NotGreaterEqual:M5,NotGreaterFullEqual:U5,NotGreaterGreater:F5,NotGreaterLess:H5,NotGreaterSlantEqual:B5,NotGreaterTilde:j5,NotHumpDownHump:V5,NotHumpEqual:G5,notin:W5,notindot:z5,notinE:Q5,notinva:Y5,notinvb:K5,notinvc:X5,NotLeftTriangleBar:J5,NotLeftTriangle:Z5,NotLeftTriangleEqual:eF,NotLess:tF,NotLessEqual:sF,NotLessGreater:nF,NotLessLess:rF,NotLessSlantEqual:oF,NotLessTilde:iF,NotNestedGreaterGreater:aF,NotNestedLessLess:lF,notni:cF,notniva:uF,notnivb:dF,notnivc:hF,NotPrecedes:fF,NotPrecedesEqual:pF,NotPrecedesSlantEqual:mF,NotReverseElement:gF,NotRightTriangleBar:vF,NotRightTriangle:bF,NotRightTriangleEqual:yF,NotSquareSubset:EF,NotSquareSubsetEqual:TF,NotSquareSuperset:wF,NotSquareSupersetEqual:_F,NotSubset:SF,NotSubsetEqual:RF,NotSucceeds:CF,NotSucceedsEqual:AF,NotSucceedsSlantEqual:kF,NotSucceedsTilde:NF,NotSuperset:OF,NotSupersetEqual:IF,NotTilde:$F,NotTildeEqual:LF,NotTildeFullEqual:qF,NotTildeTilde:DF,NotVerticalBar:PF,nparallel:xF,npar:MF,nparsl:UF,npart:FF,npolint:HF,npr:BF,nprcue:jF,nprec:VF,npreceq:GF,npre:WF,nrarrc:zF,nrarr:QF,nrArr:YF,nrarrw:KF,nrightarrow:XF,nRightarrow:JF,nrtri:ZF,nrtrie:eH,nsc:tH,nsccue:sH,nsce:nH,Nscr:rH,nscr:oH,nshortmid:iH,nshortparallel:aH,nsim:lH,nsime:cH,nsimeq:uH,nsmid:dH,nspar:hH,nsqsube:fH,nsqsupe:pH,nsub:mH,nsubE:gH,nsube:vH,nsubset:bH,nsubseteq:yH,nsubseteqq:EH,nsucc:TH,nsucceq:wH,nsup:_H,nsupE:SH,nsupe:RH,nsupset:CH,nsupseteq:AH,nsupseteqq:kH,ntgl:NH,Ntilde:OH,ntilde:IH,ntlg:$H,ntriangleleft:LH,ntrianglelefteq:qH,ntriangleright:DH,ntrianglerighteq:PH,Nu:xH,nu:MH,num:UH,numero:FH,numsp:HH,nvap:BH,nvdash:jH,nvDash:VH,nVdash:GH,nVDash:WH,nvge:zH,nvgt:QH,nvHarr:YH,nvinfin:KH,nvlArr:XH,nvle:JH,nvlt:ZH,nvltrie:eB,nvrArr:tB,nvrtrie:sB,nvsim:nB,nwarhk:rB,nwarr:oB,nwArr:iB,nwarrow:aB,nwnear:lB,Oacute:cB,oacute:uB,oast:dB,Ocirc:hB,ocirc:fB,ocir:pB,Ocy:mB,ocy:gB,odash:vB,Odblac:bB,odblac:yB,odiv:EB,odot:TB,odsold:wB,OElig:_B,oelig:SB,ofcir:RB,Ofr:CB,ofr:AB,ogon:kB,Ograve:NB,ograve:OB,ogt:IB,ohbar:$B,ohm:LB,oint:qB,olarr:DB,olcir:PB,olcross:xB,oline:MB,olt:UB,Omacr:FB,omacr:HB,Omega:BB,omega:jB,Omicron:VB,omicron:GB,omid:WB,ominus:zB,Oopf:QB,oopf:YB,opar:KB,OpenCurlyDoubleQuote:XB,OpenCurlyQuote:JB,operp:ZB,oplus:e6,orarr:t6,Or:s6,or:n6,ord:r6,order:o6,orderof:i6,ordf:a6,ordm:l6,origof:c6,oror:u6,orslope:d6,orv:h6,oS:f6,Oscr:p6,oscr:m6,Oslash:g6,oslash:v6,osol:b6,Otilde:y6,otilde:E6,otimesas:T6,Otimes:w6,otimes:_6,Ouml:S6,ouml:R6,ovbar:C6,OverBar:A6,OverBrace:k6,OverBracket:N6,OverParenthesis:O6,para:I6,parallel:$6,par:L6,parsim:q6,parsl:D6,part:P6,PartialD:x6,Pcy:M6,pcy:U6,percnt:F6,period:H6,permil:B6,perp:j6,pertenk:V6,Pfr:G6,pfr:W6,Phi:z6,phi:Q6,phiv:Y6,phmmat:K6,phone:X6,Pi:J6,pi:Z6,pitchfork:e8,piv:t8,planck:s8,planckh:n8,plankv:r8,plusacir:o8,plusb:i8,pluscir:a8,plus:l8,plusdo:c8,plusdu:u8,pluse:d8,PlusMinus:h8,plusmn:f8,plussim:p8,plustwo:m8,pm:g8,Poincareplane:v8,pointint:b8,popf:y8,Popf:E8,pound:T8,prap:w8,Pr:_8,pr:S8,prcue:R8,precapprox:C8,prec:A8,preccurlyeq:k8,Precedes:N8,PrecedesEqual:O8,PrecedesSlantEqual:I8,PrecedesTilde:$8,preceq:L8,precnapprox:q8,precneqq:D8,precnsim:P8,pre:x8,prE:M8,precsim:U8,prime:F8,Prime:H8,primes:B8,prnap:j8,prnE:V8,prnsim:G8,prod:W8,Product:z8,profalar:Q8,profline:Y8,profsurf:K8,prop:X8,Proportional:J8,Proportion:Z8,propto:ej,prsim:tj,prurel:sj,Pscr:nj,pscr:rj,Psi:oj,psi:ij,puncsp:aj,Qfr:lj,qfr:cj,qint:uj,qopf:dj,Qopf:hj,qprime:fj,Qscr:pj,qscr:mj,quaternions:gj,quatint:vj,quest:bj,questeq:yj,quot:Ej,QUOT:Tj,rAarr:wj,race:_j,Racute:Sj,racute:Rj,radic:Cj,raemptyv:Aj,rang:kj,Rang:Nj,rangd:Oj,range:Ij,rangle:$j,raquo:Lj,rarrap:qj,rarrb:Dj,rarrbfs:Pj,rarrc:xj,rarr:Mj,Rarr:Uj,rArr:Fj,rarrfs:Hj,rarrhk:Bj,rarrlp:jj,rarrpl:Vj,rarrsim:Gj,Rarrtl:Wj,rarrtl:zj,rarrw:Qj,ratail:Yj,rAtail:Kj,ratio:Xj,rationals:Jj,rbarr:Zj,rBarr:eV,RBarr:tV,rbbrk:sV,rbrace:nV,rbrack:rV,rbrke:oV,rbrksld:iV,rbrkslu:aV,Rcaron:lV,rcaron:cV,Rcedil:uV,rcedil:dV,rceil:hV,rcub:fV,Rcy:pV,rcy:mV,rdca:gV,rdldhar:vV,rdquo:bV,rdquor:yV,rdsh:EV,real:TV,realine:wV,realpart:_V,reals:SV,Re:RV,rect:CV,reg:AV,REG:kV,ReverseElement:NV,ReverseEquilibrium:OV,ReverseUpEquilibrium:IV,rfisht:$V,rfloor:LV,rfr:qV,Rfr:DV,rHar:PV,rhard:xV,rharu:MV,rharul:UV,Rho:FV,rho:HV,rhov:BV,RightAngleBracket:jV,RightArrowBar:VV,rightarrow:GV,RightArrow:WV,Rightarrow:zV,RightArrowLeftArrow:QV,rightarrowtail:YV,RightCeiling:KV,RightDoubleBracket:XV,RightDownTeeVector:JV,RightDownVectorBar:ZV,RightDownVector:eG,RightFloor:tG,rightharpoondown:sG,rightharpoonup:nG,rightleftarrows:rG,rightleftharpoons:oG,rightrightarrows:iG,rightsquigarrow:aG,RightTeeArrow:lG,RightTee:cG,RightTeeVector:uG,rightthreetimes:dG,RightTriangleBar:hG,RightTriangle:fG,RightTriangleEqual:pG,RightUpDownVector:mG,RightUpTeeVector:gG,RightUpVectorBar:vG,RightUpVector:bG,RightVectorBar:yG,RightVector:EG,ring:TG,risingdotseq:wG,rlarr:_G,rlhar:SG,rlm:RG,rmoustache:CG,rmoust:AG,rnmid:kG,roang:NG,roarr:OG,robrk:IG,ropar:$G,ropf:LG,Ropf:qG,roplus:DG,rotimes:PG,RoundImplies:xG,rpar:MG,rpargt:UG,rppolint:FG,rrarr:HG,Rrightarrow:BG,rsaquo:jG,rscr:VG,Rscr:GG,rsh:WG,Rsh:zG,rsqb:QG,rsquo:YG,rsquor:KG,rthree:XG,rtimes:JG,rtri:ZG,rtrie:eW,rtrif:tW,rtriltri:sW,RuleDelayed:nW,ruluhar:rW,rx:oW,Sacute:iW,sacute:aW,sbquo:lW,scap:cW,Scaron:uW,scaron:dW,Sc:hW,sc:fW,sccue:pW,sce:mW,scE:gW,Scedil:vW,scedil:bW,Scirc:yW,scirc:EW,scnap:TW,scnE:wW,scnsim:_W,scpolint:SW,scsim:RW,Scy:CW,scy:AW,sdotb:kW,sdot:NW,sdote:OW,searhk:IW,searr:$W,seArr:LW,searrow:qW,sect:DW,semi:PW,seswar:xW,setminus:MW,setmn:UW,sext:FW,Sfr:HW,sfr:BW,sfrown:jW,sharp:VW,SHCHcy:GW,shchcy:WW,SHcy:zW,shcy:QW,ShortDownArrow:YW,ShortLeftArrow:KW,shortmid:XW,shortparallel:JW,ShortRightArrow:ZW,ShortUpArrow:e9,shy:t9,Sigma:s9,sigma:n9,sigmaf:r9,sigmav:o9,sim:i9,simdot:a9,sime:l9,simeq:c9,simg:u9,simgE:d9,siml:h9,simlE:f9,simne:p9,simplus:m9,simrarr:g9,slarr:v9,SmallCircle:b9,smallsetminus:y9,smashp:E9,smeparsl:T9,smid:w9,smile:_9,smt:S9,smte:R9,smtes:C9,SOFTcy:A9,softcy:k9,solbar:N9,solb:O9,sol:I9,Sopf:$9,sopf:L9,spades:q9,spadesuit:D9,spar:P9,sqcap:x9,sqcaps:M9,sqcup:U9,sqcups:F9,Sqrt:H9,sqsub:B9,sqsube:j9,sqsubset:V9,sqsubseteq:G9,sqsup:W9,sqsupe:z9,sqsupset:Q9,sqsupseteq:Y9,square:K9,Square:X9,SquareIntersection:J9,SquareSubset:Z9,SquareSubsetEqual:ez,SquareSuperset:tz,SquareSupersetEqual:sz,SquareUnion:nz,squarf:rz,squ:oz,squf:iz,srarr:az,Sscr:lz,sscr:cz,ssetmn:uz,ssmile:dz,sstarf:hz,Star:fz,star:pz,starf:mz,straightepsilon:gz,straightphi:vz,strns:bz,sub:yz,Sub:Ez,subdot:Tz,subE:wz,sube:_z,subedot:Sz,submult:Rz,subnE:Cz,subne:Az,subplus:kz,subrarr:Nz,subset:Oz,Subset:Iz,subseteq:$z,subseteqq:Lz,SubsetEqual:qz,subsetneq:Dz,subsetneqq:Pz,subsim:xz,subsub:Mz,subsup:Uz,succapprox:Fz,succ:Hz,succcurlyeq:Bz,Succeeds:jz,SucceedsEqual:Vz,SucceedsSlantEqual:Gz,SucceedsTilde:Wz,succeq:zz,succnapprox:Qz,succneqq:Yz,succnsim:Kz,succsim:Xz,SuchThat:Jz,sum:Zz,Sum:eQ,sung:tQ,sup1:sQ,sup2:nQ,sup3:rQ,sup:oQ,Sup:iQ,supdot:aQ,supdsub:lQ,supE:cQ,supe:uQ,supedot:dQ,Superset:hQ,SupersetEqual:fQ,suphsol:pQ,suphsub:mQ,suplarr:gQ,supmult:vQ,supnE:bQ,supne:yQ,supplus:EQ,supset:TQ,Supset:wQ,supseteq:_Q,supseteqq:SQ,supsetneq:RQ,supsetneqq:CQ,supsim:AQ,supsub:kQ,supsup:NQ,swarhk:OQ,swarr:IQ,swArr:$Q,swarrow:LQ,swnwar:qQ,szlig:DQ,Tab:PQ,target:xQ,Tau:MQ,tau:UQ,tbrk:FQ,Tcaron:HQ,tcaron:BQ,Tcedil:jQ,tcedil:VQ,Tcy:GQ,tcy:WQ,tdot:zQ,telrec:QQ,Tfr:YQ,tfr:KQ,there4:XQ,therefore:JQ,Therefore:ZQ,Theta:e7,theta:t7,thetasym:s7,thetav:n7,thickapprox:r7,thicksim:o7,ThickSpace:i7,ThinSpace:a7,thinsp:l7,thkap:c7,thksim:u7,THORN:d7,thorn:h7,tilde:f7,Tilde:p7,TildeEqual:m7,TildeFullEqual:g7,TildeTilde:v7,timesbar:b7,timesb:y7,times:E7,timesd:T7,tint:w7,toea:_7,topbot:S7,topcir:R7,top:C7,Topf:A7,topf:k7,topfork:N7,tosa:O7,tprime:I7,trade:$7,TRADE:L7,triangle:q7,triangledown:D7,triangleleft:P7,trianglelefteq:x7,triangleq:M7,triangleright:U7,trianglerighteq:F7,tridot:H7,trie:B7,triminus:j7,TripleDot:V7,triplus:G7,trisb:W7,tritime:z7,trpezium:Q7,Tscr:Y7,tscr:K7,TScy:X7,tscy:J7,TSHcy:Z7,tshcy:eY,Tstrok:tY,tstrok:sY,twixt:nY,twoheadleftarrow:rY,twoheadrightarrow:oY,Uacute:iY,uacute:aY,uarr:lY,Uarr:cY,uArr:uY,Uarrocir:dY,Ubrcy:hY,ubrcy:fY,Ubreve:pY,ubreve:mY,Ucirc:gY,ucirc:vY,Ucy:bY,ucy:yY,udarr:EY,Udblac:TY,udblac:wY,udhar:_Y,ufisht:SY,Ufr:RY,ufr:CY,Ugrave:AY,ugrave:kY,uHar:NY,uharl:OY,uharr:IY,uhblk:$Y,ulcorn:LY,ulcorner:qY,ulcrop:DY,ultri:PY,Umacr:xY,umacr:MY,uml:UY,UnderBar:FY,UnderBrace:HY,UnderBracket:BY,UnderParenthesis:jY,Union:VY,UnionPlus:GY,Uogon:WY,uogon:zY,Uopf:QY,uopf:YY,UpArrowBar:KY,uparrow:XY,UpArrow:JY,Uparrow:ZY,UpArrowDownArrow:eK,updownarrow:tK,UpDownArrow:sK,Updownarrow:nK,UpEquilibrium:rK,upharpoonleft:oK,upharpoonright:iK,uplus:aK,UpperLeftArrow:lK,UpperRightArrow:cK,upsi:uK,Upsi:dK,upsih:hK,Upsilon:fK,upsilon:pK,UpTeeArrow:mK,UpTee:gK,upuparrows:vK,urcorn:bK,urcorner:yK,urcrop:EK,Uring:TK,uring:wK,urtri:_K,Uscr:SK,uscr:RK,utdot:CK,Utilde:AK,utilde:kK,utri:NK,utrif:OK,uuarr:IK,Uuml:$K,uuml:LK,uwangle:qK,vangrt:DK,varepsilon:PK,varkappa:xK,varnothing:MK,varphi:UK,varpi:FK,varpropto:HK,varr:BK,vArr:jK,varrho:VK,varsigma:GK,varsubsetneq:WK,varsubsetneqq:zK,varsupsetneq:QK,varsupsetneqq:YK,vartheta:KK,vartriangleleft:XK,vartriangleright:JK,vBar:ZK,Vbar:eX,vBarv:tX,Vcy:sX,vcy:nX,vdash:rX,vDash:oX,Vdash:iX,VDash:aX,Vdashl:lX,veebar:cX,vee:uX,Vee:dX,veeeq:hX,vellip:fX,verbar:pX,Verbar:mX,vert:gX,Vert:vX,VerticalBar:bX,VerticalLine:yX,VerticalSeparator:EX,VerticalTilde:TX,VeryThinSpace:wX,Vfr:_X,vfr:SX,vltri:RX,vnsub:CX,vnsup:AX,Vopf:kX,vopf:NX,vprop:OX,vrtri:IX,Vscr:$X,vscr:LX,vsubnE:qX,vsubne:DX,vsupnE:PX,vsupne:xX,Vvdash:MX,vzigzag:UX,Wcirc:FX,wcirc:HX,wedbar:BX,wedge:jX,Wedge:VX,wedgeq:GX,weierp:WX,Wfr:zX,wfr:QX,Wopf:YX,wopf:KX,wp:XX,wr:JX,wreath:ZX,Wscr:eJ,wscr:tJ,xcap:sJ,xcirc:nJ,xcup:rJ,xdtri:oJ,Xfr:iJ,xfr:aJ,xharr:lJ,xhArr:cJ,Xi:uJ,xi:dJ,xlarr:hJ,xlArr:fJ,xmap:pJ,xnis:mJ,xodot:gJ,Xopf:vJ,xopf:bJ,xoplus:yJ,xotime:EJ,xrarr:TJ,xrArr:wJ,Xscr:_J,xscr:SJ,xsqcup:RJ,xuplus:CJ,xutri:AJ,xvee:kJ,xwedge:NJ,Yacute:OJ,yacute:IJ,YAcy:$J,yacy:LJ,Ycirc:qJ,ycirc:DJ,Ycy:PJ,ycy:xJ,yen:MJ,Yfr:UJ,yfr:FJ,YIcy:HJ,yicy:BJ,Yopf:jJ,yopf:VJ,Yscr:GJ,yscr:WJ,YUcy:zJ,yucy:QJ,yuml:YJ,Yuml:KJ,Zacute:XJ,zacute:JJ,Zcaron:ZJ,zcaron:eZ,Zcy:tZ,zcy:sZ,Zdot:nZ,zdot:rZ,zeetrf:oZ,ZeroWidthSpace:iZ,Zeta:aZ,zeta:lZ,zfr:cZ,Zfr:uZ,ZHcy:dZ,zhcy:hZ,zigrarr:fZ,zopf:pZ,Zopf:mZ,Zscr:gZ,zscr:vZ,zwj:bZ,zwnj:yZ},EZ="Á",TZ="á",wZ="Â",_Z="â",SZ="´",RZ="Æ",CZ="æ",AZ="À",kZ="à",NZ="&",OZ="&",IZ="Å",$Z="å",LZ="Ã",qZ="ã",DZ="Ä",PZ="ä",xZ="¦",MZ="Ç",UZ="ç",FZ="¸",HZ="¢",BZ="©",jZ="©",VZ="¤",GZ="°",WZ="÷",zZ="É",QZ="é",YZ="Ê",KZ="ê",XZ="È",JZ="è",ZZ="Ð",eee="ð",tee="Ë",see="ë",nee="½",ree="¼",oee="¾",iee=">",aee=">",lee="Í",cee="í",uee="Î",dee="î",hee="¡",fee="Ì",pee="ì",mee="¿",gee="Ï",vee="ï",bee="«",yee="<",Eee="<",Tee="¯",wee="µ",_ee="·",See=" ",Ree="¬",Cee="Ñ",Aee="ñ",kee="Ó",Nee="ó",Oee="Ô",Iee="ô",$ee="Ò",Lee="ò",qee="ª",Dee="º",Pee="Ø",xee="ø",Mee="Õ",Uee="õ",Fee="Ö",Hee="ö",Bee="¶",jee="±",Vee="£",Gee='"',Wee='"',zee="»",Qee="®",Yee="®",Kee="§",Xee="­",Jee="¹",Zee="²",ete="³",tte="ß",ste="Þ",nte="þ",rte="×",ote="Ú",ite="ú",ate="Û",lte="û",cte="Ù",ute="ù",dte="¨",hte="Ü",fte="ü",pte="Ý",mte="ý",gte="¥",vte="ÿ",bte={Aacute:EZ,aacute:TZ,Acirc:wZ,acirc:_Z,acute:SZ,AElig:RZ,aelig:CZ,Agrave:AZ,agrave:kZ,amp:NZ,AMP:OZ,Aring:IZ,aring:$Z,Atilde:LZ,atilde:qZ,Auml:DZ,auml:PZ,brvbar:xZ,Ccedil:MZ,ccedil:UZ,cedil:FZ,cent:HZ,copy:BZ,COPY:jZ,curren:VZ,deg:GZ,divide:WZ,Eacute:zZ,eacute:QZ,Ecirc:YZ,ecirc:KZ,Egrave:XZ,egrave:JZ,ETH:ZZ,eth:eee,Euml:tee,euml:see,frac12:nee,frac14:ree,frac34:oee,gt:iee,GT:aee,Iacute:lee,iacute:cee,Icirc:uee,icirc:dee,iexcl:hee,Igrave:fee,igrave:pee,iquest:mee,Iuml:gee,iuml:vee,laquo:bee,lt:yee,LT:Eee,macr:Tee,micro:wee,middot:_ee,nbsp:See,not:Ree,Ntilde:Cee,ntilde:Aee,Oacute:kee,oacute:Nee,Ocirc:Oee,ocirc:Iee,Ograve:$ee,ograve:Lee,ordf:qee,ordm:Dee,Oslash:Pee,oslash:xee,Otilde:Mee,otilde:Uee,Ouml:Fee,ouml:Hee,para:Bee,plusmn:jee,pound:Vee,quot:Gee,QUOT:Wee,raquo:zee,reg:Qee,REG:Yee,sect:Kee,shy:Xee,sup1:Jee,sup2:Zee,sup3:ete,szlig:tte,THORN:ste,thorn:nte,times:rte,Uacute:ote,uacute:ite,Ucirc:ate,ucirc:lte,Ugrave:cte,ugrave:ute,uml:dte,Uuml:hte,uuml:fte,Yacute:pte,yacute:mte,yen:gte,yuml:vte},yte="&",Ete="'",Tte=">",wte="<",_te='"',eu={amp:yte,apos:Ete,gt:Tte,lt:wte,quot:_te};var $i={};const Ste={0:65533,128:8364,130:8218,131:402,132:8222,133:8230,134:8224,135:8225,136:710,137:8240,138:352,139:8249,140:338,142:381,145:8216,146:8217,147:8220,148:8221,149:8226,150:8211,151:8212,152:732,153:8482,154:353,155:8250,156:339,158:382,159:376};var Rte=ve&&ve.__importDefault||function(e){return e&&e.__esModule?e:{default:e}};Object.defineProperty($i,"__esModule",{value:!0});var ja=Rte(Ste),Cte=String.fromCodePoint||function(e){var t="";return e>65535&&(e-=65536,t+=String.fromCharCode(e>>>10&1023|55296),e=56320|e&1023),t+=String.fromCharCode(e),t};function Ate(e){return e>=55296&&e<=57343||e>1114111?"�":(e in ja.default&&(e=ja.default[e]),Cte(e))}$i.default=Ate;var oo=ve&&ve.__importDefault||function(e){return e&&e.__esModule?e:{default:e}};Object.defineProperty(Ft,"__esModule",{value:!0});Ft.decodeHTML=Ft.decodeHTMLStrict=Ft.decodeXML=void 0;var oi=oo(Zc),kte=oo(bte),Nte=oo(eu),Va=oo($i),Ote=/&(?:[a-zA-Z0-9]+|#[xX][\da-fA-F]+|#\d+);/g;Ft.decodeXML=tu(Nte.default);Ft.decodeHTMLStrict=tu(oi.default);function tu(e){var t=su(e);return function(s){return String(s).replace(Ote,t)}}var Ga=function(e,t){return e<t?1:-1};Ft.decodeHTML=function(){for(var e=Object.keys(kte.default).sort(Ga),t=Object.keys(oi.default).sort(Ga),s=0,n=0;s<t.length;s++)e[n]===t[s]?(t[s]+=";?",n++):t[s]+=";";var r=new RegExp("&(?:"+t.join("|")+"|#[xX][\\da-fA-F]+;?|#\\d+;?)","g"),o=su(oi.default);function i(a){return a.substr(-1)!==";"&&(a+=";"),o(a)}return function(a){return String(a).replace(r,i)}}();function su(e){return function(s){if(s.charAt(1)==="#"){var n=s.charAt(2);return n==="X"||n==="x"?Va.default(parseInt(s.substr(3),16)):Va.default(parseInt(s.substr(2),10))}return e[s.slice(1,-1)]||s}}var ct={},nu=ve&&ve.__importDefault||function(e){return e&&e.__esModule?e:{default:e}};Object.defineProperty(ct,"__esModule",{value:!0});ct.escapeUTF8=ct.escape=ct.encodeNonAsciiHTML=ct.encodeHTML=ct.encodeXML=void 0;var Ite=nu(eu),ru=iu(Ite.default),ou=au(ru);ct.encodeXML=uu(ru);var $te=nu(Zc),Li=iu($te.default),Lte=au(Li);ct.encodeHTML=Dte(Li,Lte);ct.encodeNonAsciiHTML=uu(Li);function iu(e){return Object.keys(e).sort().reduce(function(t,s){return t[e[s]]="&"+s+";",t},{})}function au(e){for(var t=[],s=[],n=0,r=Object.keys(e);n<r.length;n++){var o=r[n];o.length===1?t.push("\\"+o):s.push(o)}t.sort();for(var i=0;i<t.length-1;i++){for(var a=i;a<t.length-1&&t[a].charCodeAt(1)+1===t[a+1].charCodeAt(1);)a+=1;var l=1+a-i;l<3||t.splice(i,l,t[i]+"-"+t[a])}return s.unshift("["+t.join("")+"]"),new RegExp(s.join("|"),"g")}var lu=/(?:[\x80-\uD7FF\uE000-\uFFFF]|[\uD800-\uDBFF][\uDC00-\uDFFF]|[\uD800-\uDBFF](?![\uDC00-\uDFFF])|(?:[^\uD800-\uDBFF]|^)[\uDC00-\uDFFF])/g,qte=String.prototype.codePointAt!=null?function(e){return e.codePointAt(0)}:function(e){return(e.charCodeAt(0)-55296)*1024+e.charCodeAt(1)-56320+65536};function io(e){return"&#x"+(e.length>1?qte(e):e.charCodeAt(0)).toString(16).toUpperCase()+";"}function Dte(e,t){return function(s){return s.replace(t,function(n){return e[n]}).replace(lu,io)}}var cu=new RegExp(ou.source+"|"+lu.source,"g");function Pte(e){return e.replace(cu,io)}ct.escape=Pte;function xte(e){return e.replace(ou,io)}ct.escapeUTF8=xte;function uu(e){return function(t){return t.replace(cu,function(s){return e[s]||io(s)})}}(function(e){Object.defineProperty(e,"__esModule",{value:!0}),e.decodeXMLStrict=e.decodeHTML5Strict=e.decodeHTML4Strict=e.decodeHTML5=e.decodeHTML4=e.decodeHTMLStrict=e.decodeHTML=e.decodeXML=e.encodeHTML5=e.encodeHTML4=e.escapeUTF8=e.escape=e.encodeNonAsciiHTML=e.encodeHTML=e.encodeXML=e.encode=e.decodeStrict=e.decode=void 0;var t=Ft,s=ct;function n(l,h){return(!h||h<=0?t.decodeXML:t.decodeHTML)(l)}e.decode=n;function r(l,h){return(!h||h<=0?t.decodeXML:t.decodeHTMLStrict)(l)}e.decodeStrict=r;function o(l,h){return(!h||h<=0?s.encodeXML:s.encodeHTML)(l)}e.encode=o;var i=ct;Object.defineProperty(e,"encodeXML",{enumerable:!0,get:function(){return i.encodeXML}}),Object.defineProperty(e,"encodeHTML",{enumerable:!0,get:function(){return i.encodeHTML}}),Object.defineProperty(e,"encodeNonAsciiHTML",{enumerable:!0,get:function(){return i.encodeNonAsciiHTML}}),Object.defineProperty(e,"escape",{enumerable:!0,get:function(){return i.escape}}),Object.defineProperty(e,"escapeUTF8",{enumerable:!0,get:function(){return i.escapeUTF8}}),Object.defineProperty(e,"encodeHTML4",{enumerable:!0,get:function(){return i.encodeHTML}}),Object.defineProperty(e,"encodeHTML5",{enumerable:!0,get:function(){return i.encodeHTML}});var a=Ft;Object.defineProperty(e,"decodeXML",{enumerable:!0,get:function(){return a.decodeXML}}),Object.defineProperty(e,"decodeHTML",{enumerable:!0,get:function(){return a.decodeHTML}}),Object.defineProperty(e,"decodeHTMLStrict",{enumerable:!0,get:function(){return a.decodeHTMLStrict}}),Object.defineProperty(e,"decodeHTML4",{enumerable:!0,get:function(){return a.decodeHTML}}),Object.defineProperty(e,"decodeHTML5",{enumerable:!0,get:function(){return a.decodeHTML}}),Object.defineProperty(e,"decodeHTML4Strict",{enumerable:!0,get:function(){return a.decodeHTMLStrict}}),Object.defineProperty(e,"decodeHTML5Strict",{enumerable:!0,get:function(){return a.decodeHTMLStrict}}),Object.defineProperty(e,"decodeXMLStrict",{enumerable:!0,get:function(){return a.decodeXML}})})(Jc);function Mte(e,t){if(!(e instanceof t))throw new TypeError("Cannot call a class as a function")}function Ute(e,t){for(var s=0;s<t.length;s++){var n=t[s];n.enumerable=n.enumerable||!1,n.configurable=!0,"value"in n&&(n.writable=!0),Object.defineProperty(e,n.key,n)}}function Fte(e,t,s){return t&&Ute(e.prototype,t),e}function du(e,t){var s=typeof Symbol<"u"&&e[Symbol.iterator]||e["@@iterator"];if(!s){if(Array.isArray(e)||(s=Hte(e))||t){s&&(e=s);var n=0,r=function(){};return{s:r,n:function(){return n>=e.length?{done:!0}:{done:!1,value:e[n++]}},e:function(h){throw h},f:r}}throw new TypeError(`Invalid attempt to iterate non-iterable instance.
In order to be iterable, non-array objects must have a [Symbol.iterator]() method.`)}var o=!0,i=!1,a;return{s:function(){s=s.call(e)},n:function(){var h=s.next();return o=h.done,h},e:function(h){i=!0,a=h},f:function(){try{!o&&s.return!=null&&s.return()}finally{if(i)throw a}}}}function Hte(e,t){if(e){if(typeof e=="string")return Wa(e,t);var s=Object.prototype.toString.call(e).slice(8,-1);if(s==="Object"&&e.constructor&&(s=e.constructor.name),s==="Map"||s==="Set")return Array.from(e);if(s==="Arguments"||/^(?:Ui|I)nt(?:8|16|32)(?:Clamped)?Array$/.test(s))return Wa(e,t)}}function Wa(e,t){(t==null||t>e.length)&&(t=e.length);for(var s=0,n=new Array(t);s<t;s++)n[s]=e[s];return n}var Bte=Jc,za={fg:"#FFF",bg:"#000",newline:!1,escapeXML:!1,stream:!1,colors:jte()};function jte(){var e={0:"#000",1:"#A00",2:"#0A0",3:"#A50",4:"#00A",5:"#A0A",6:"#0AA",7:"#AAA",8:"#555",9:"#F55",10:"#5F5",11:"#FF5",12:"#55F",13:"#F5F",14:"#5FF",15:"#FFF"};return Un(0,5).forEach(function(t){Un(0,5).forEach(function(s){Un(0,5).forEach(function(n){return Vte(t,s,n,e)})})}),Un(0,23).forEach(function(t){var s=t+232,n=hu(t*10+8);e[s]="#"+n+n+n}),e}function Vte(e,t,s,n){var r=16+e*36+t*6+s,o=e>0?e*40+55:0,i=t>0?t*40+55:0,a=s>0?s*40+55:0;n[r]=Gte([o,i,a])}function hu(e){for(var t=e.toString(16);t.length<2;)t="0"+t;return t}function Gte(e){var t=[],s=du(e),n;try{for(s.s();!(n=s.n()).done;){var r=n.value;t.push(hu(r))}}catch(o){s.e(o)}finally{s.f()}return"#"+t.join("")}function Qa(e,t,s,n){var r;return t==="text"?r=Yte(s,n):t==="display"?r=zte(e,s,n):t==="xterm256Foreground"?r=Qn(e,n.colors[s]):t==="xterm256Background"?r=Yn(e,n.colors[s]):t==="rgb"&&(r=Wte(e,s)),r}function Wte(e,t){t=t.substring(2).slice(0,-1);var s=+t.substr(0,2),n=t.substring(5).split(";"),r=n.map(function(o){return("0"+Number(o).toString(16)).substr(-2)}).join("");return zn(e,(s===38?"color:#":"background-color:#")+r)}function zte(e,t,s){t=parseInt(t,10);var n={"-1":function(){return"<br/>"},0:function(){return e.length&&fu(e)},1:function(){return Jt(e,"b")},3:function(){return Jt(e,"i")},4:function(){return Jt(e,"u")},8:function(){return zn(e,"display:none")},9:function(){return Jt(e,"strike")},22:function(){return zn(e,"font-weight:normal;text-decoration:none;font-style:normal")},23:function(){return Ka(e,"i")},24:function(){return Ka(e,"u")},39:function(){return Qn(e,s.fg)},49:function(){return Yn(e,s.bg)},53:function(){return zn(e,"text-decoration:overline")}},r;return n[t]?r=n[t]():4<t&&t<7?r=Jt(e,"blink"):29<t&&t<38?r=Qn(e,s.colors[t-30]):39<t&&t<48?r=Yn(e,s.colors[t-40]):89<t&&t<98?r=Qn(e,s.colors[8+(t-90)]):99<t&&t<108&&(r=Yn(e,s.colors[8+(t-100)])),r}function fu(e){var t=e.slice(0);return e.length=0,t.reverse().map(function(s){return"</"+s+">"}).join("")}function Un(e,t){for(var s=[],n=e;n<=t;n++)s.push(n);return s}function Qte(e){return function(t){return(e===null||t.category!==e)&&e!=="all"}}function Ya(e){e=parseInt(e,10);var t=null;return e===0?t="all":e===1?t="bold":2<e&&e<5?t="underline":4<e&&e<7?t="blink":e===8?t="hide":e===9?t="strike":29<e&&e<38||e===39||89<e&&e<98?t="foreground-color":(39<e&&e<48||e===49||99<e&&e<108)&&(t="background-color"),t}function Yte(e,t){return t.escapeXML?Bte.encodeXML(e):e}function Jt(e,t,s){return s||(s=""),e.push(t),"<".concat(t).concat(s?' style="'.concat(s,'"'):"",">")}function zn(e,t){return Jt(e,"span",t)}function Qn(e,t){return Jt(e,"span","color:"+t)}function Yn(e,t){return Jt(e,"span","background-color:"+t)}function Ka(e,t){var s;if(e.slice(-1)[0]===t&&(s=e.pop()),s)return"</"+t+">"}function Kte(e,t,s){var n=!1,r=3;function o(){return""}function i(q,L){return s("xterm256Foreground",L),""}function a(q,L){return s("xterm256Background",L),""}function l(q){return t.newline?s("display",-1):s("text",q),""}function h(q,L){n=!0,L.trim().length===0&&(L="0"),L=L.trimRight(";").split(";");var Q=du(L),oe;try{for(Q.s();!(oe=Q.n()).done;){var P=oe.value;s("display",P)}}catch(V){Q.e(V)}finally{Q.f()}return""}function d(q){return s("text",q),""}function p(q){return s("rgb",q),""}var g=[{pattern:/^\x08+/,sub:o},{pattern:/^\x1b\[[012]?K/,sub:o},{pattern:/^\x1b\[\(B/,sub:o},{pattern:/^\x1b\[[34]8;2;\d+;\d+;\d+m/,sub:p},{pattern:/^\x1b\[38;5;(\d+)m/,sub:i},{pattern:/^\x1b\[48;5;(\d+)m/,sub:a},{pattern:/^\n/,sub:l},{pattern:/^\r+\n/,sub:l},{pattern:/^\r/,sub:l},{pattern:/^\x1b\[((?:\d{1,3};?)+|)m/,sub:h},{pattern:/^\x1b\[\d?J/,sub:o},{pattern:/^\x1b\[\d{0,3};\d{0,3}f/,sub:o},{pattern:/^\x1b\[?[\d;]{0,3}/,sub:o},{pattern:/^(([^\x1b\x08\r\n])+)/,sub:d}];function y(q,L){L>r&&n||(n=!1,e=e.replace(q.pattern,q.sub))}var A=[],k=e,j=k.length;e:for(;j>0;){for(var W=0,C=0,R=g.length;C<R;W=++C){var O=g[W];if(y(O,W),e.length!==j){j=e.length;continue e}}if(e.length===j)break;A.push(0),j=e.length}return A}function Xte(e,t,s){return t!=="text"&&(e=e.filter(Qte(Ya(s))),e.push({token:t,data:s,category:Ya(s)})),e}var Jte=function(){function e(t){Mte(this,e),t=t||{},t.colors&&(t.colors=Object.assign({},za.colors,t.colors)),this.options=Object.assign({},za,t),this.stack=[],this.stickyStack=[]}return Fte(e,[{key:"toHtml",value:function(s){var n=this;s=typeof s=="string"?[s]:s;var r=this.stack,o=this.options,i=[];return this.stickyStack.forEach(function(a){var l=Qa(r,a.token,a.data,o);l&&i.push(l)}),Kte(s.join(""),o,function(a,l){var h=Qa(r,a,l,o);h&&i.push(h),o.stream&&(n.stickyStack=Xte(n.stickyStack,a,l))}),r.length&&i.push(fu(r)),i.join("")}}]),e}(),Zte=Jte;const ese=qs(Zte),tse={name:"OutputTab",props:["active"],computed:{formattedOutput(){return this.ansiToHtml.toHtml(this.$request.commandOutput||"")}},created(){this.ansiToHtml=new ese({fg:"#c7c7c7",bg:"#000000",escapeXML:!0,colors:{0:"#000000",1:"#c91b00",2:"#00c200",3:"#c7c400",4:"#0225c7",5:"#c930c7",6:"#00c5c7",7:"#c7c7c7",8:"#676767",9:"#ff6d67",10:"#5ff967",11:"#fefb67",12:"#6871ff",13:"#ff76ff",14:"#5ffdff",15:"#feffff"}})}},sse={key:0},nse=["innerHTML"];function rse(e,t,s,n,r,o){return s.active?(f(),v("div",sse,[u("div",{class:"command-output",innerHTML:o.formattedOutput},null,8,nse)])):E("",!0)}const ose=he(tse,[["render",rse]]),ise={name:"PerformanceClientSide",components:{DetailsTable:He,PerformanceChart:Ii},props:["metrics","vitals"],computed:{showVitalsInfo(){return this.$settings.global.performanceVitalsInfoShown}},methods:{toggleVitalsInfo(){this.$settings.global.performanceVitalsInfoShown=!this.$settings.global.performanceVitalsInfoShown,this.$settings.save()}}},ase={class:"performance-client-side"},lse={key:0,class:"counters-row performance-metrics"},cse={class:"counter performance-chart-legend"},use={class:"counter-value"},dse={class:"counters-group right-aligned"},hse={class:"counter performance-chart-legend"},fse={class:"counter-value"},pse={class:"header-group"},mse={class:"vitals-row"},gse={class:"vitals-metric"},vse={key:1,class:"metric-value value-unavailable"},bse={key:2,class:"metric-info"},yse={class:"vitals-metric"},Ese={key:1,class:"metric-value value-unavailable"},Tse={key:2,class:"metric-info"},wse={class:"vitals-row"},_se={class:"vitals-metric"},Sse={key:1,class:"metric-value value-unavailable"},Rse={key:2,class:"metric-info"},Cse={class:"vitals-metric"},Ase={key:1,class:"metric-value value-unavailable"},kse={key:2,class:"metric-info"},Nse={class:"vitals-row"},Ose={class:"vitals-metric"},Ise={key:1,class:"metric-value value-unavailable"},$se={key:2,class:"metric-info"},Lse={class:"vitals-metric"},qse={key:1,class:"metric-value value-unavailable"},Dse={key:2,class:"metric-info"};function Pse(e,t,s,n,r,o){const i=$("performance-chart"),a=$("icon"),l=$("details-table");return f(),v("div",ase,[s.metrics.filter(h=>h.value).length?(f(),v("div",lse,[e.metric.value?(f(!0),v(B,{key:0},le(s.metrics.filter(h=>!h.dom),h=>(f(),v("div",cse,[u("div",use,T(h.value)+" ms",1),u("div",{class:te(["counter-title",h.color?`has-mark mark-${h.color}`:""])},T(h.name),3)]))),256)):E("",!0),u("div",dse,[e.metric.value?(f(!0),v(B,{key:0},le(s.metrics.filter(h=>h.dom),h=>(f(),v("div",hse,[u("div",fse,T(h.value)+" ms",1),u("div",{class:te(["counter-title",h.color?`has-mark mark-${h.color}`:""])},T(h.name),3)]))),256)):E("",!0)])])):E("",!0),s.metrics.filter(h=>h.value&&h.onChart).length?(f(),J(i,{key:1,metrics:s.metrics.filter(h=>h.onChart)},null,8,["metrics"])):E("",!0),Object.values(s.vitals).filter(h=>h.value).length?(f(),J(l,{key:2,title:"Vitals",icon:"activity",items:[],class:"performance-vitals"},{toolbar:ce(()=>[u("div",pse,[u("a",{href:"#",title:"Show info",class:te(["header-item",{active:o.showVitalsInfo}]),onClick:t[0]||(t[0]=ge((...h)=>o.toggleVitalsInfo&&o.toggleVitalsInfo(...h),["prevent"]))},[D(a,{name:"help-circle"})],2)])]),body:ce(()=>[u("tr",null,[u("td",null,[u("div",mse,[u("div",gse,[t[2]||(t[2]=u("div",{class:"metric-name"},"Time To First Byte",-1)),s.vitals.ttfb.available?(f(),v("div",{key:0,class:te(["metric-value",`value-${s.vitals.ttfb.score}`])},T(e.$round(s.vitals.ttfb.value))+" ms ",3)):(f(),v("div",vse,"—")),o.showVitalsInfo?(f(),v("div",bse,t[1]||(t[1]=[z(" Time at which your server sends a response. "),u("a",{href:"https://web.dev/time-to-first-byte/",target:"_blank"},"Learn more",-1)]))):E("",!0)]),u("div",yse,[t[4]||(t[4]=u("div",{class:"metric-name"},"First Input Delay",-1)),s.vitals.fid.available?(f(),v("div",{key:0,class:te(["metric-value",`value-${s.vitals.fid.score}`])},T(e.$round(s.vitals.fid.value))+" ms ",3)):(f(),v("div",Ese,"—")),o.showVitalsInfo?(f(),v("div",Tse,t[3]||(t[3]=[z(" Time from when a user first interacts with a page to the time when the browser is actually able to respond to that interaction. "),u("a",{href:"https://web.dev/fid/",target:"_blank"},"Learn more",-1)]))):E("",!0)])])])]),u("tr",null,[u("td",null,[u("div",wse,[u("div",_se,[t[6]||(t[6]=u("div",{class:"metric-name"},"First Contentful Paint",-1)),s.vitals.fcp.available?(f(),v("div",{key:0,class:te(["metric-value",`value-${s.vitals.fcp.score}`])},T(e.$round(s.vitals.fcp.value))+" ms ",3)):(f(),v("div",Sse,"—")),o.showVitalsInfo?(f(),v("div",Rse,t[5]||(t[5]=[z(" First Contentful Paint marks the time at which the first text or image is painted. "),u("a",{href:"https://web.dev/first-contentful-paint/",target:"_blank"},"Learn more",-1)]))):E("",!0)]),u("div",Cse,[t[8]||(t[8]=u("div",{class:"metric-name"},"Largest Contentful Paint",-1)),s.vitals.lcp.available?(f(),v("div",{key:0,class:te(["metric-value",`value-${s.vitals.lcp.score}`])},T(e.$round(s.vitals.lcp.value))+" ms ",3)):(f(),v("div",Ase,"—")),o.showVitalsInfo?(f(),v("div",kse,t[7]||(t[7]=[z(" Largest Contentful Paint marks the time at which the largest text or image is painted. "),u("a",{href:"https://web.dev/lighthouse-largest-contentful-paint/",target:"_blank"},"Learn more",-1)]))):E("",!0)])])])]),u("tr",null,[u("td",null,[u("div",Nse,[u("div",Ose,[t[10]||(t[10]=u("div",{class:"metric-name"},"Cumulative Layout Shift",-1)),s.vitals.cls.available?(f(),v("div",{key:0,class:te(["metric-value",`value-${s.vitals.cls.score}`])},T(e.$round(s.vitals.cls.value))+" ms ",3)):(f(),v("div",Ise,"—")),o.showVitalsInfo?(f(),v("div",$se,t[9]||(t[9]=[z(" Cumulative Layout Shift measures the movement of visible elements within the viewport. "),u("a",{href:"https://web.dev/cls/",target:"_blank"},"Learn more",-1)]))):E("",!0)]),u("div",Lse,[t[12]||(t[12]=u("div",{class:"metric-name"},"Speed Index",-1)),s.vitals.si.available?(f(),v("div",{key:0,class:te(["metric-value",`value-${s.vitals.si.score}`])},T(e.$round(s.vitals.si.value))+" ms ",3)):(f(),v("div",qse,"—")),o.showVitalsInfo?(f(),v("div",Dse,t[11]||(t[11]=[z(" Speed Index shows how quickly the contents of a page are visibly populated. "),u("a",{href:"https://web.dev/speed-index/",target:"_blank"},"Learn more",-1)]))):E("",!0)])])])])]),_:1})):E("",!0)])}const xse=he(ise,[["render",Pse]]),Mse={name:"PerformanceLog",components:{DetailsTable:He,DetailsTableFilterToggle:_i,HighlightedCode:ro,PrettyPrint:Qe,ShortenedText:bs,StackTrace:ht},props:["issues","slowQueries"],data:()=>({databaseSlowQueriesFilter:ze([{tag:"model"},{tag:"type",apply:(e,t)=>{if(["select","update","insert","delete"].includes(t.toLowerCase()))return e.query.match(new RegExp(`^${t.toLowerCase()}`,"i"))}},{tag:"file",map:e=>e.shortPath},{tag:"duration",type:"number"}]),performanceLogFilter:ze([{tag:"time",type:"date"},{tag:"file",map:e=>e.shortPath}],e=>e.message)}),computed:{databaseSlowQueriesColumns(){let e=["Model","Query","Duration"];return new Set(this.slowQueries.map(s=>s.connection)).size>1&&e.splice(1,0,"Connection"),e}}},Use={class:"performance-log"},Fse={class:"log-message"},Hse={class:"log-message-content"},Bse={key:0},jse={key:0},Vse={class:"database-query"},Gse={class:"database-query-content"},Wse={class:"database-duration"};function zse(e,t,s,n,r,o){const i=$("pretty-print"),a=$("stack-trace"),l=$("details-table"),h=$("shortened-text"),d=$("highlighted-code");return f(),v("div",Use,[s.issues.length?(f(),J(l,{key:0,title:"Performance issues",icon:"alert-triangle",badge:s.issues.length,columns:["Message"],items:s.issues,filter:e.performanceLogFilter,"filter-example":"query failed file:Controller.php time:>13:08:29","no-table-head":!0},{body:ce(({items:p})=>[(f(!0),v(B,null,le(p,(g,y)=>(f(),v("tr",{class:"log-row",key:`${e.$request.id}-${y}`},[u("td",null,[u("div",Fse,[u("div",Hse,[D(i,{data:g.message},null,8,["data"]),g.context&&g.context.length?(f(),v("div",Bse,[D(i,{data:g.context},null,8,["data"])])):E("",!0)]),D(a,{class:"log-message-path",trace:g.trace,file:g.file,line:g.line},null,8,["trace","file","line"])])])]))),128))]),_:1},8,["badge","items","filter"])):E("",!0),s.slowQueries.length?(f(),J(l,{key:1,title:"Slow database queries",icon:"database",badge:s.slowQueries.length,columns:o.databaseSlowQueriesColumns,items:s.slowQueries,filter:e.databaseSlowQueriesFilter,"filter-example":"where request_id model:request type:select file:Controller.php duration:>100"},{body:ce(({items:p})=>[(f(!0),v(B,null,le(p,(g,y)=>(f(),v("tr",{key:`${e.$request.id}-${y}`},[u("td",null,[D(h,{full:g.model},{default:ce(()=>[z(T(g.shortModel),1)]),_:2},1032,["full"])]),o.databaseSlowQueriesColumns.includes("Connection")?(f(),v("td",jse,T(g.connection),1)):E("",!0),u("td",null,[u("div",Vse,[u("div",Gse,[D(d,{language:"sql",code:g.query},null,8,["code"])]),D(a,{class:"database-query-path",trace:g.trace,file:g.file,line:g.line},null,8,["trace","file","line"])])]),u("td",Wse,T(g.duration)+" ms",1)]))),128))]),_:1},8,["badge","columns","items","filter"])):E("",!0)])}const Qse=he(Mse,[["render",zse]]),Yse={name:"Profiler",components:{DetailsTable:He,ShortenedText:bs},data:()=>({filter:(()=>{let e=ze([{tag:"model"},{tag:"file",map:t=>t.shortPath},{tag:"self",type:"number"},{tag:"inclusive",type:"number"}],t=>t.name);return e.sortedBy="self",e.sortedDesc=!0,e})()}),computed:{enabled:{get(){return this.$profiler.isProfiling},set(e){e?this.$profiler.enableProfiling():this.$profiler.disableProfiling()}}},methods:{filterXdebug(e){return e?this.filter.filter(e):[]}}},Kse={class:"header-group"},Xse={class:"header-toggle"},Jse={class:"header-group"},Zse={key:0},ene={key:1},tne={class:"header-group"},sne={class:"header-group"},nne={class:"header-search"},rne=["onUpdate:modelValue"],one={class:"profiler-metric"},ine={class:"profiler-metric"},ane={class:"profiler-function"},lne={class:"profiler-function-name"},cne={class:"profiler-path"},une={key:1},dne={colspan:"3"},hne={class:"profiler-content"},fne={key:2},pne={key:3},mne={colspan:"3"},gne={class:"profiler-content"},vne={class:"content-actions"};function bne(e,t,s,n,r,o){const i=$("icon"),a=$("shortened-text"),l=$("spinner"),h=$("details-table");return f(),v("div",null,[D(h,{title:"Profiler",icon:"clock",columns:["Self","Inclusive","Function"],items:e.$profiler.functions,filter:e.filter,"per-page":100,class:"profiler"},{toolbar:ce(({filter:d})=>[u("div",Kse,[u("label",Xse,[Oe(u("input",{type:"checkbox","onUpdate:modelValue":t[0]||(t[0]=p=>o.enabled=p)},null,512),[[Ot,o.enabled]]),t[8]||(t[8]=z(" Enabled "))])]),u("div",Jse,[u("a",{href:"#",onClick:t[1]||(t[1]=ge(p=>e.$profiler.showPercentual(!1),["prevent","stop"])),class:te(["header-item item-text",{active:!e.$profiler.percentual}]),title:"Exact"},[e.$profiler.metric==0?(f(),v("span",Zse,"ms")):E("",!0),e.$profiler.metric==1?(f(),v("span",ene,"kB")):E("",!0)],2),u("a",{href:"#",onClick:t[2]||(t[2]=ge(p=>e.$profiler.showPercentual(),["prevent","stop"])),class:te(["header-item",{active:e.$profiler.percentual}]),title:"Percentual"},[D(i,{name:"percent"})],2)]),u("div",tne,[u("a",{href:"#",onClick:t[3]||(t[3]=ge(p=>e.$profiler.setShownFraction(.5),["prevent","stop"])),class:te(["header-item item-text",{active:e.$profiler.shownFraction==.5}])}," 50% ",2),u("a",{href:"#",onClick:t[4]||(t[4]=ge(p=>e.$profiler.setShownFraction(.9),["prevent","stop"])),class:te(["header-item item-text",{active:e.$profiler.shownFraction==.9}])}," 90% ",2),u("a",{href:"#",onClick:t[5]||(t[5]=ge(p=>e.$profiler.setShownFraction(1),["prevent","stop"])),class:te(["header-item item-text",{active:e.$profiler.shownFraction==1}])}," 100% ",2)]),u("div",sne,[u("div",nne,[Oe(u("input",{type:"search","onUpdate:modelValue":p=>d.input=p,placeholder:"Search..."},null,8,rne),[[gt,d.input]]),D(i,{name:"search"})])])]),body:ce(({items:d})=>[e.$profiler.ready?(f(!0),v(B,{key:0},le(o.filterXdebug(d),(p,g)=>(f(),v("tr",{key:`${e.$request.id}-${g}`},[u("td",one,T(e.$profiler.formatMetric(p.self)),1),u("td",ine,T(e.$profiler.formatMetric(p.inclusive)),1),u("td",ane,[u("div",lne,T(p.name),1),u("div",cne,[D(a,{full:p.fullPath},{default:ce(()=>[z(T(p.shortPath),1)]),_:2},1032,["full"])])])]))),128)):E("",!0),e.$profiler.loading||e.$profiler.parsing?(f(),v("tr",une,[u("td",dne,[u("div",hne,[D(l,{color:e.$settings.appearance=="dark"?"#f27e02":"#258cdb"},null,8,["color"]),u("p",null,T(e.$profiler.loading?"Loading profile...":"Processing profile..."),1)])])])):E("",!0),e.$profiler.invalid?(f(),v("tr",fne,t[9]||(t[9]=[u("td",{colspan:"3"},[u("div",{class:"profiler-content"},[u("h1",null," Profile contains invalid data. "),u("p",null,[z(" This is usually caused by a misconfigured Xdebug php extension."),u("br"),u("a",{href:"https://underground.works/clockwork/#docs-xdebug-profiler",target:"_blank"},"Read more about how to set up Xdebug")])])],-1)]))):E("",!0),e.$profiler.available?E("",!0):(f(),v("tr",pne,[u("td",mne,[u("div",gne,[t[10]||(t[10]=u("h1",null," Profile is not present for current request. ",-1)),t[11]||(t[11]=u("p",null,[z(" Profiling requires the Xdebug php extension."),u("br"),u("a",{href:"https://underground.works/clockwork/#docs-xdebug-profiler",target:"_blank"},"Read more about how to set up Xdebug")],-1)),u("p",vne,[e.$profiler.isProfiling?E("",!0):(f(),v("a",{key:0,href:"#",class:"button",onClick:t[6]||(t[6]=p=>e.$profiler.enableProfiling())}," Enable profiler ")),e.$profiler.isProfiling?(f(),v("a",{key:1,href:"#",class:"button",onClick:t[7]||(t[7]=p=>e.$profiler.disableProfiling())}," Disable profiler ")):E("",!0)])])])]))]),_:1},8,["items","filter"])])}const yne=he(Yse,[["render",bne]]),Ene={name:"Timeline",components:{DetailsTable:He,HighlightedCode:ro,Popover:Ic},props:{name:{},timeline:{},tags:{default:()=>[]}},data:()=>({condense:void 0,showDetails:!1,hiddenTags:void 0,presentedEvents:[],filter:ze([{tag:"duration",type:"number"}],e=>e.description)}),computed:{availableTags(){return this.tags.filter(e=>this.timeline.events.find(t=>t.tags&&t.tags.includes(e.tag)))},columns(){return this.showDetails?[{name:" ",sortBy:"start",class:"timeline-chart"},{name:"Event",sortBy:"name",class:"timeline-description"},{name:"Total",sortBy:"duration",class:"timeline-timing"},{name:"Self",sortBy:"durationSelf",class:"timeline-timing"},{name:"Child",sortBy:"durationChild",class:"timeline-timing"}]:[]}},methods:{toggleTag(e){this.hiddenTags.includes(e)?this.hiddenTags=this.hiddenTags.filter(t=>t!=e):this.hiddenTags.push(e)},resolveTags(e){return e.map(t=>this.tags.find(s=>s.tag==t)).filter(t=>t)},toggleDetails(){this.showDetails=!this.showDetails},showPopover(e){this.$refs.popovers[e].toggle()},async refreshEvents(e){if(!this.timeline||!this.$refs.timelineChart)return;await this.$nextTick();let t=this.$refs.timelineChart.offsetWidth-16;if(t<=0)return;let s=this.timeline.filter(this.filter,this.hiddenTags);this.condense&&(s=s.condense()),this.presentedEvents=s.present(t)},observeResizing(){let e=this.$refs.timeline.offsetWidth;this.resizeObserver=new ResizeObserver(to(([t])=>{e!=t.contentRect.width&&(e=t.contentRect.width,this.refreshEvents(t))},10)),this.resizeObserver.observe(this.$refs.timeline)},formatTiming(e,t="ms",s=""){return e==null?s:e<=0||e>1?`${Math.round(e)} ${t}`:`<1 ${t}`}},watch:{condense(e,t){t!==void 0&&(this.refreshEvents(),this.$settings.global.timelineCondensed[this.name]=this.condense,this.$settings.save())},hiddenTags(e,t){t!==void 0&&(this.refreshEvents(),this.$settings.global.timelineHiddenTags[this.name]=this.hiddenTags,this.$settings.save())},showDetails(){this.refreshEvents()},timeline(){this.refreshEvents()}},async mounted(){this.condense=this.$settings.global.timelineCondensed[this.name]||!1,this.hiddenTags=this.$settings.global.timelineHiddenTags[this.name]||[],await this.refreshEvents(),this.observeResizing()}},Tne={class:"header-group"},wne={class:"header-toggle"},_ne={key:0,class:"header-group"},Sne=["title","onClick"],Rne={class:"header-group"},Cne={class:"header-search"},Ane=["onUpdate:modelValue"],kne={class:"header-group"},Nne={class:"timeline-chart"},One=["onClick"],Ine={key:0,class:"label-tags"},$ne={key:1},Lne={class:"event-bar"},qne={class:"event-header"},Dne={class:"header-tags"},Pne={key:0,class:"event-description"},xne={key:1},Mne={class:"event-timings"},Une={class:"timings-timing timing-total"},Fne={class:"timing-value"},Hne={class:"timings-timing timing-self"},Bne={class:"timing-value"},jne={class:"timings-timing timing-children"},Vne={class:"timing-value"},Gne={class:"timeline-description"},Wne={class:"description-content"},zne={key:0,class:"description-tags"},Qne={key:2},Yne={class:"timeline-timing timing-total"},Kne={class:"timeline-timing"},Xne={class:"timeline-timing"},Jne={class:"timeline-size-monitor"},Zne={class:"timeline-graph",ref:"timelineChart"};function ere(e,t,s,n,r,o){const i=$("icon"),a=$("highlighted-code"),l=$("popover"),h=$("details-table");return f(),v("div",{class:te(["timeline",{"show-details":e.showDetails}]),ref:"timeline"},[D(h,{title:"Timeline",icon:"pie-chart",columns:o.columns,items:e.presentedEvents,filter:e.filter,"no-table-head":!e.showDetails,"filter-example":"database query duration:>50","per-page":100},{toolbar:ce(({filter:d})=>[u("div",Tne,[u("label",wne,[Oe(u("input",{type:"checkbox","onUpdate:modelValue":t[0]||(t[0]=p=>e.condense=p)},null,512),[[Ot,e.condense]]),t[2]||(t[2]=z(" Condense "))])]),o.availableTags.length?(f(),v("div",_ne,[(f(!0),v(B,null,le(o.availableTags,p=>(f(),v("a",{href:"#",class:te(["header-item",{active:e.hiddenTags&&!e.hiddenTags.includes(p.tag)}]),title:p.title,onClick:g=>o.toggleTag(p.tag)},[D(i,{name:p.icon},null,8,["name"])],10,Sne))),256))])):E("",!0),u("div",Rne,[u("div",Cne,[Oe(u("input",{type:"search","onUpdate:modelValue":p=>d.input=p,placeholder:"Search..."},null,8,Ane),[[gt,d.input]]),D(i,{name:"search"})])]),u("div",kne,[u("a",{href:"#",title:"Toggle details",class:te(["header-item",{active:e.showDetails}]),onClick:t[1]||(t[1]=ge((...p)=>o.toggleDetails&&o.toggleDetails(...p),["prevent"]))},[D(i,{name:"list"})],2)])]),body:ce(({items:d})=>[(f(!0),v(B,null,le(d,(p,g)=>(f(),v("tr",null,[u("td",Nne,[u("div",{class:"chart-event-group popover-container",style:ut(p.groupStyle),onClick:y=>o.showPopover(g)},[u("div",{class:te(["group-label",p.labelClass]),style:ut(p.labelStyle)},[p.tags?(f(),v("span",Ine,[(f(!0),v(B,null,le(o.resolveTags(p.tags),y=>(f(),v("span",null,[D(i,{name:y.icon,title:y.title},null,8,["name","title"])]))),256))])):E("",!0),z(" "+T(p.name)+" ",1),p.condensed?E("",!0):(f(),v("span",$ne,T(o.formatTiming(p.duration)),1))],6),(f(!0),v(B,null,le(p.events,(y,A)=>(f(),v("div",{class:te(["group-event",y.eventClass]),style:ut(y.eventStyle)},[u("div",Lne,[(f(!0),v(B,null,le(y.childrenSections,k=>(f(),v("div",{class:"bar-light",style:ut(k.style)},null,4))),256))])],6))),256)),D(l,{class:"timeline-popover",ref_for:!0,ref:"popovers"},{default:ce(()=>[(f(!0),v(B,null,le(p.events,y=>(f(),v("div",{class:te(["popover-event",y.eventClass])},[u("div",qne,[u("h1",null,T(y.name),1),u("div",Dne,[(f(!0),v(B,null,le(o.resolveTags(y.tags),A=>(f(),v("span",null,[D(i,{name:A.icon,title:A.title},null,8,["name","title"])]))),256))])]),y.description!=y.name?(f(),v("div",Pne,[y.tags&&y.tags.indexOf("databaseQueries")>-1?(f(),J(a,{key:0,language:"sql",code:y.description},null,8,["code"])):(f(),v("div",xne,T(y.description),1))])):E("",!0),u("div",Mne,[u("div",Une,[u("div",Fne,T(o.formatTiming(y.duration)),1),t[3]||(t[3]=u("div",{class:"timing-label"}," Total ",-1))]),u("div",Hne,[u("div",Bne,T(o.formatTiming(y.durationSelf)),1),t[4]||(t[4]=u("div",{class:"timing-label"}," Self ",-1))]),u("div",jne,[u("div",Vne,T(o.formatTiming(y.durationChildren,"ms","–")),1),t[5]||(t[5]=u("div",{class:"timing-label"}," Children ",-1))])])],2))),256))]),_:2},1536)],12,One)]),u("td",Gne,[$t(e.$slots,"table-description",{item:p},()=>[u("div",Wne,[p.tags&&p.tags.length?(f(),v("span",zne,[(f(!0),v(B,null,le(o.resolveTags(p.tags),y=>(f(),v("span",null,[D(i,{name:y.icon,title:y.title},null,8,["name","title"])]))),256))])):E("",!0),p.tags&&p.tags.indexOf("databaseQueries")>-1?(f(),J(a,{key:1,language:"sql",code:p.description},null,8,["code"])):(f(),v("div",Qne,T(p.description),1))])])]),u("td",Yne,T(p.duration|o.formatTiming),1),u("td",Kne,T(p.durationSelf|o.formatTiming),1),u("td",Xne,T(p.durationChildren|o.formatTiming("ms",p.condensed?"":"–")),1)]))),256)),u("tr",Jne,[u("td",Zne,null,512),t[6]||(t[6]=u("td",{class:"timeline-description"},null,-1)),t[7]||(t[7]=u("td",{class:"timeline-timing"},null,-1)),t[8]||(t[8]=u("td",{class:"timeline-timing"},null,-1)),t[9]||(t[9]=u("td",{class:"timeline-timing"},null,-1))])]),_:3},8,["columns","items","filter","no-table-head"])],2)}const pu=he(Ene,[["render",ere]]);var on=mu;function mu(){var e=[].slice.call(arguments),t=!1;typeof e[0]=="boolean"&&(t=e.shift());var s=e[0];if(Xa(s))throw new Error("extendee must be an object");for(var n=e.slice(1),r=n.length,o=0;o<r;o++){var i=n[o];for(var a in i)if(Object.prototype.hasOwnProperty.call(i,a)){var l=i[a];if(t&&tre(l)){var h=Array.isArray(l)?[]:{};s[a]=mu(!0,Object.prototype.hasOwnProperty.call(s,a)&&!Xa(s[a])?s[a]:h,l)}else s[a]=l}}return s}function tre(e){return Array.isArray(e)||{}.toString.call(e)=="[object Object]"}function Xa(e){return!e||typeof e!="object"&&typeof e!="function"}const sre={name:"PerformanceTab",components:{PerformanceChart:Ii,PerformanceClientSide:xse,PerformanceLog:Qse,Profiler:yne,Timeline:pu},props:["active"],data:()=>({selectedPerformanceTab:null,timelineTags:[{tag:"events",icon:"zap",title:"Events"},{tag:"databaseQueries",icon:"database",title:"Database"},{tag:"cacheQueries",icon:"paperclip",title:"Cache"},{tag:"redisCommands",icon:"layers",title:"Redis"},{tag:"queueJobs",icon:"clock",title:"Queue"},{tag:"httpRequests",icon:"compass",title:"HTTP Requests"},{tag:"views",icon:"image",title:"Views"},{tag:"notifications",icon:"mail",title:"Notifications"}]}),computed:{activePerformanceTab(){let e=this.selectedPerformanceTab||"issues";return e=="issues"&&!this.databaseSlowQueries.length&&!this.performanceIssues.length||e=="client-side"&&!this.isClientSideTabAvailable?"timeline":e},databaseSlowQueries(){return this.$request.databaseQueries.filter(e=>e.tags.includes("slow"))},isClientSideTabAvailable(){return this.$request.clientMetrics.filter(e=>e.value).length||Object.values(this.$request.webVitals).filter(e=>e.value).length},performanceIssues(){return this.$request.log.filter(e=>{var t;return(t=e.context)==null?void 0:t.performance}).map(e=>on({},e,{context:Xc(e.context,["performance","trace"])}))}},methods:{isTabActive(e){return this.activePerformanceTab==e},showTab(e){this.selectedPerformanceTab=e,e=="profiler"&&this.$profiler.loadRequest(this.$request)},refreshRequest(){!this.active||!this.$request||(this.$platform.hasFeature("load-client-metrics")&&this.$request.loadClientMetrics(this.$requests),this.activePerformanceTab=="profiler"&&this.$profiler.loadRequest(this.$request))}},watch:{active(){this.refreshRequest()},$request(){this.refreshRequest()}}},nre={key:0},rre={class:"counters-row performance-metrics"},ore={key:0,class:"counter"},ire={class:"counter-value"},are={key:1,class:"counter"},lre={class:"counter-value"},cre={class:"counters-group right-aligned"},ure={class:"counter-value"},dre={tabs:"performance"},hre={class:"performance-tabs"};function fre(e,t,s,n,r,o){const i=$("performance-chart"),a=$("icon"),l=$("performance-log"),h=$("timeline"),d=$("performance-client-side"),p=$("profiler");return s.active?(f(),v("div",nre,[u("div",rre,[e.$request.responseDurationRounded?(f(),v("div",ore,[u("div",ire,T(e.$request.responseDurationRounded)+" ms",1),t[4]||(t[4]=u("div",{class:"counter-title"},"Response time",-1))])):E("",!0),e.$request.memoryUsage?(f(),v("div",are,[u("div",lre,T(e.$request.memoryUsageFormatted),1),t[5]||(t[5]=u("div",{class:"counter-title"},"Memory",-1))])):E("",!0),u("div",cre,[(f(!0),v(B,null,le(e.$request.performanceMetrics,(g,y)=>(f(),v("div",{class:"counter performance-chart-legend",key:`${e.$request.id}-${y}`},[u("div",ure,T(g.value)+" ms",1),u("div",{class:te(["counter-title has-mark",`mark-${g.color}`])},T(g.name),3)]))),128))])]),D(i,{metrics:e.$request.performanceMetrics},null,8,["metrics"]),u("div",dre,[u("div",hre,[o.databaseSlowQueries.length||o.performanceIssues.length?(f(),v("a",{key:0,class:te(["performance-tab",{active:o.isTabActive("issues")}]),href:"#",onClick:t[0]||(t[0]=ge(g=>o.showTab("issues"),["prevent"]))},[D(a,{name:"alert-triangle"}),t[6]||(t[6]=z(" Issues "))],2)):E("",!0),u("a",{class:te(["performance-tab",{active:o.isTabActive("timeline")}]),href:"#",onClick:t[1]||(t[1]=ge(g=>o.showTab("timeline"),["prevent"]))},[D(a,{name:"pie-chart"}),t[7]||(t[7]=z(" Timeline "))],2),o.isClientSideTabAvailable?(f(),v("a",{key:1,class:te(["performance-tab",{active:o.isTabActive("client-side")}]),href:"#",onClick:t[2]||(t[2]=ge(g=>o.showTab("client-side"),["prevent"]))},[D(a,{name:"smile"}),t[8]||(t[8]=z(" Client-side "))],2)):E("",!0),e.$platform.hasFeature("profiler")?(f(),v("a",{key:2,class:te(["performance-tab",{active:o.isTabActive("profiler")}]),href:"#",onClick:t[3]||(t[3]=ge(g=>o.showTab("profiler"),["prevent"]))},[D(a,{name:"clock"}),t[9]||(t[9]=z(" Profiler "))],2)):E("",!0)]),o.isTabActive("issues")?(f(),J(l,{key:0,issues:o.performanceIssues,"slow-queries":o.databaseSlowQueries},null,8,["issues","slow-queries"])):E("",!0),o.isTabActive("timeline")?(f(),J(h,{key:1,name:"performance",timeline:e.$request.timeline,tags:e.timelineTags},null,8,["timeline","tags"])):E("",!0),o.isTabActive("client-side")?(f(),J(d,{key:2,metrics:e.$request.clientMetrics,vitals:e.$request.webVitals},null,8,["metrics","vitals"])):E("",!0),o.isTabActive("profiler")?(f(),J(p,{key:3})):E("",!0)])])):E("",!0)}const pre=he(sre,[["render",fre]]),mre={name:"RedisTab",components:{DetailsTable:He,PrettyPrint:Qe,StackTrace:ht},props:["active"],data:()=>({filter:ze([{tag:"connection"},{tag:"command"},{tag:"file",map:e=>e.shortPath},{tag:"duration",type:"number"}])}),computed:{columns(){let e=["Command","Parameters","Duration"];return new Set(this.$request.redisCommands.map(s=>s.connection)).size>1&&e.splice(0,0,"Connection"),e}}},gre={key:0},vre={key:0},bre={class:"database-query"},yre={class:"database-query-content"},Ere={class:"database-duration"};function Tre(e,t,s,n,r,o){const i=$("pretty-print"),a=$("stack-trace"),l=$("details-table");return s.active?(f(),v("div",gre,[D(l,{title:"Commands",icon:"layers",columns:o.columns,items:e.$request.redisCommands,filter:e.filter,"filter-example":"command:zrange connection:eshop file:StatsController.php duration:>50"},{body:ce(({items:h})=>[(f(!0),v(B,null,le(h,(d,p)=>(f(),v("tr",{key:`${e.$request.id}-${p}`},[o.columns.includes("Connection")?(f(),v("td",vre,T(d.connection),1)):E("",!0),u("td",null,T(d.command),1),u("td",null,[u("div",bre,[u("div",yre,[D(i,{data:d.parameters},null,8,["data"])]),D(a,{class:"database-query-path",trace:d.trace,file:d.file,line:d.line},null,8,["trace","file","line"])])]),u("td",Ere,T(d.duration)+" ms",1)]))),128))]),_:1},8,["columns","items","filter"])])):E("",!0)}const wre=he(mre,[["render",Tre]]),_re={name:"QueueTab",components:{DetailsTable:He,PrettyPrint:Qe,ShortenedText:bs,StackTrace:ht},props:["active"],data:()=>({filter:ze([{tag:"connection"},{tag:"queue"},{tag:"name"}]),jobRequests:{}}),computed:{columns(){let e=["Name","Data"],t=new Set(this.$request.queueJobs.map(n=>n.queue)).size>1,s=new Set(this.$request.queueJobs.map(n=>n.connection)).size>1;return t&&e.splice(0,0,"Queue"),s&&e.splice(0,0,"Connection"),e.concat(["Status",""])},queueJobs(){return this.$request?this.$request.queueJobs.map(e=>on({request:this.jobRequests[e.id]},e)):[]}},methods:{showJob(e){this.global.$request=this.$requests.findId(e.id)},async loadQueueJobRequest(e,t=0){if(t==12||e.loadRequestTimeout)return;let s=this.$requests.findId(e.id)||await this.$requests.loadId(e.id,null,!1);if(!s)return e.loadRequestTimeout=setTimeout(()=>{e.loadRequestTimeout=null,this.loadQueueJobRequest(e,t+1)},5e3);this.$set(this.jobRequests,e.id,s)}},watch:{active(e){e&&this.$request.queueJobs.forEach(t=>{t.id&&this.loadQueueJobRequest(t)})}}},Sre={key:0},Rre={key:0},Cre={key:1},Are={class:"database-query"},kre={class:"database-query-content"},Nre={key:0,class:"job-options"},Ore={key:0},Ire={key:1},$re=["onClick"];function Lre(e,t,s,n,r,o){const i=$("shortened-text"),a=$("pretty-print"),l=$("stack-trace"),h=$("icon"),d=$("details-table");return s.active?(f(),v("div",Sre,[D(d,{title:"Jobs",icon:"clock",columns:o.columns,items:o.queueJobs,filter:e.filter,"filter-example":"Underground.works name:GenerateInvoice queue:priority"},{body:ce(({items:p})=>[(f(!0),v(B,null,le(p,(g,y)=>(f(),v("tr",{key:`${e.$request.id}-${y}`},[o.columns.includes("Queue")?(f(),v("td",Rre,T(g.queue),1)):E("",!0),o.columns.includes("Connection")?(f(),v("td",Cre,T(g.connection),1)):E("",!0),u("td",null,[D(i,{full:g.name},{default:ce(()=>[z(T(g.shortName),1)]),_:2},1032,["full"])]),u("td",null,[u("div",Are,[u("div",kre,[D(a,{data:g.data},null,8,["data"])]),g.maxTries||g.timeout?(f(),v("div",Nre,[g.maxTries?(f(),v("span",Ore,T(g.maxTries)+" tries",1)):E("",!0),g.timeout?(f(),v("span",Ire,T(g.timeout)+"s timeout",1)):E("",!0)])):E("",!0),D(l,{class:"database-query-path",trace:g.trace,file:g.file,line:g.line},null,8,["trace","file","line"])])]),u("td",null,[u("span",{class:te({"job-status-text":!0,"is-success":g.request&&g.request.jobStatus=="done","is-error":g.request&&g.request.jobStatus=="failed"})},T(g.request?g.request.jobStatus:"waiting"),3)]),u("td",null,[g.request?(f(),v("a",{key:0,href:"#",onClick:ge(A=>o.showJob(g),["prevent"]),title:"Show details"},[D(h,{name:"search"})],8,$re)):E("",!0)])]))),128))]),_:1},8,["columns","items","filter"])])):E("",!0)}const qre=he(_re,[["render",Lre],["__scopeId","data-v-dcf5c414"]]),Dre={name:"RoutesTab",components:{DetailsTable:He},props:["active"],data:()=>({filter:ze([{tag:"method",apply:(e,t)=>{if(["get","post","put","delete","head","patch"].includes(t.toLowerCase()))return e.method.toLowerCase()==t.toLowerCase()}},{tag:"uri"}])}),computed:{columns(){let e=["Methods","URI","Action"];return this.$request.routes.some(t=>t.name)&&e.push("Name"),this.$request.routes.some(t=>t.middleware)&&e.push("Middleware"),this.$request.routes.some(t=>t.before)&&e.push("Before"),this.$request.routes.some(t=>t.after)&&e.push("After"),e}}},Pre={key:0},xre={key:0},Mre={key:1},Ure={key:2},Fre={key:3};function Hre(e,t,s,n,r,o){const i=$("details-table");return s.active?(f(),v("div",Pre,[D(i,{title:"Routes",icon:"map",columns:o.columns,items:e.$request.routes,filter:e.filter,"filter-example":"OrderController method:post uri:order"},{body:ce(({items:a})=>[(f(!0),v(B,null,le(a,(l,h)=>(f(),v("tr",{key:`${e.$request.id}-${h}`},[u("td",null,T(l.method),1),u("td",null,T(l.uri),1),u("td",null,T(l.action),1),o.columns.includes("Name")?(f(),v("td",xre,T(l.name),1)):E("",!0),o.columns.includes("Middleware")?(f(),v("td",Mre,[(f(!0),v(B,null,le(l.middleware,(d,p)=>(f(),v("span",null,T(d)+T(p==l.middleware.length-1?"":", "),1))),256))])):E("",!0),o.columns.includes("Before")?(f(),v("td",Ure,T(l.before),1)):E("",!0),o.columns.includes("After")?(f(),v("td",Fre,T(l.after),1)):E("",!0)]))),128))]),_:1},8,["columns","items","filter"])])):E("",!0)}const Bre=he(Dre,[["render",Hre]]),jre={name:"UserTab",components:{DetailsTable:He,PrettyPrint:Qe},props:["active","userTab"],data:()=>({filters:[]}),watch:{userTab:{handler(e){this.filters=e.sections.map(t=>{if(t.showAs=="table")return ze(t.data[0].map(s=>({tag:s.key})))})},immediate:!0}}},Vre={key:0},Gre={key:0,class:"counters-row"},Wre={class:"counter-value"},zre={class:"counter-title"};function Qre(e,t,s,n,r,o){const i=$("pretty-print"),a=$("details-table");return s.active?(f(),v("div",Vre,[(f(!0),v(B,null,le(s.userTab.sections,(l,h)=>(f(),v("div",{key:`${e.$request.id}-${h}`},[l.showAs=="counters"?(f(),v("div",Gre,[(f(!0),v(B,null,le(l.data,(d,p)=>(f(),v("div",{class:"counter",key:`${e.$request.id}-${p}`},[u("div",Wre,T(d.value),1),u("div",zre,T(d.key),1)]))),128))])):E("",!0),l.showAs=="table"?(f(),J(a,{key:1,title:l.title,columns:l.data[0].map(d=>d.key),items:l.data,filter:e.filters[h]},{body:ce(({items:d})=>[(f(!0),v(B,null,le(d,p=>(f(),v("tr",null,[(f(!0),v(B,null,le(p,g=>(f(),v("td",null,[D(i,{data:g.value},null,8,["data"])]))),256))]))),256))]),_:2},1032,["title","columns","items","filter"])):E("",!0)]))),128))])):E("",!0)}const Yre=he(jre,[["render",Qre]]),Kre={name:"ViewsTab",components:{PrettyPrint:Qe,Timeline:pu},props:["active"]},Xre={key:0},Jre={class:"views-view-name"};function Zre(e,t,s,n,r,o){const i=$("pretty-print"),a=$("timeline");return s.active?(f(),v("div",Xre,[D(a,{name:"views",icon:"image",timeline:e.$request.viewsData},{"table-description":ce(({item:l})=>[u("div",Jre,T(l.description),1),l.data?(f(),J(i,{key:0,data:l.data},null,8,["data"])):E("",!0)]),_:1},8,["timeline"])])):E("",!0)}const eoe=he(Kre,[["render",Zre]]);var toe=soe;function soe(e){if(e==null)return!0;if(Array.isArray(e)||typeof e=="string")return!e.length;var t={}.toString.call(e);return t=="[object Object]"?!Object.keys(e).length&&!Object.getOwnPropertySymbols(e).length:t=="[object Map]"||t=="[object Set]"?!e.size:Object(e)!==e||!Object.keys(e).length}const noe={name:"RequestDetails",components:{CreditsModal:cp,DetailsRequest:Np,MessagesOverlay:am,SettingsModal:Bm,SharingModal:Xm,SharingDeleteModal:tg,TabBar:dg,CacheTab:uy,DatabaseTab:zy,EventsTab:iE,HttpRequestsTab:bT,LogTab:IT,ModelsTab:T0,NotificationsTab:sw,OutputTab:ose,PerformanceTab:pre,RedisTab:wre,QueueTab:qre,RoutesTab:Bre,UserTab:Yre,ViewsTab:eoe},computed:{tabs(){var e,t;return[{text:"Performance",name:"performance",icon:"activity",shown:!0},{text:"Log",name:"log",icon:"edit-2",shown:this.shownTabs.log},{text:"Events",name:"events",icon:"zap",shown:this.shownTabs.events},{text:"Models",name:"models",icon:"disc",shown:this.shownTabs.models},{text:"Database",name:"database",icon:"database",shown:this.shownTabs.database},{text:"Cache",name:"cache",icon:"paperclip",shown:this.shownTabs.cache},{text:"Redis",name:"redis",icon:"layers",shown:this.shownTabs.redis},{text:"Queue",name:"queue",icon:"clock",shown:this.shownTabs.queue},{text:"HTTP",name:"httpRequests",icon:"compass",shown:this.shownTabs.httpRequests},{text:"Views",name:"views",icon:"image",shown:this.shownTabs.views},{text:"Notifications",name:"notifications",icon:"mail",shown:this.shownTabs.notifications},{text:"Routes",name:"routes",icon:"map",shown:this.shownTabs.routes}].concat((t=(e=this.$request)==null?void 0:e.userData)==null?void 0:t.map(s=>({text:s.title,name:`user-${s.key}`,icon:"menu",shown:!0}))).concat([{text:"Output",name:"output",icon:"terminal",shown:this.shownTabs.output}]).filter(Boolean)},activeTab(){if(this.$request)return this.shownTabs[this.global.activeDetailsTab]===!1?"performance":this.global.activeDetailsTab},shownTabs(){var e,t,s,n,r,o,i,a,l,h,d,p,g,y,A,k,j,W,C,R,O,q,L;return{log:((t=(e=this.$request)==null?void 0:e.log)==null?void 0:t.length)>0,models:["modelsRetrieved","modelsCreated","modelsUpdated","modelsDeleted"].some(Q=>{var oe;return!toe((oe=this.$request)==null?void 0:oe[Q])})||((s=this.$request)==null?void 0:s.modelsActions.length)>0,database:((n=this.$request)==null?void 0:n.databaseQueriesCount)>0||((o=(r=this.$request)==null?void 0:r.databaseQueries)==null?void 0:o.length)>0,cache:["cacheReads","cacheHits","cacheWrites","cacheDeletes","cacheTime"].some(Q=>{var oe;return(oe=this.$request)==null?void 0:oe[Q]})||((i=this.$request)==null?void 0:i.cacheQueries.length)>0,redis:((l=(a=this.$request)==null?void 0:a.redisCommands)==null?void 0:l.length)>0,queue:((d=(h=this.$request)==null?void 0:h.queueJobs)==null?void 0:d.length)>0,events:((g=(p=this.$request)==null?void 0:p.events)==null?void 0:g.length)>0,views:((A=(y=this.$request)==null?void 0:y.viewsData)==null?void 0:A.events.length)>0,notifications:((j=(k=this.$request)==null?void 0:k.notifications)==null?void 0:j.length)>0,httpRequests:((C=(W=this.$request)==null?void 0:W.httpRequests)==null?void 0:C.length)>0,routes:((O=(R=this.$request)==null?void 0:R.routes)==null?void 0:O.length)>0,output:((L=(q=this.$request)==null?void 0:q.commandOutput)==null?void 0:L.length)>0}}},methods:{showTab(e){this.global.activeDetailsTab=e,this.global.showIncomingRequests=!1},toggleRequestsList(){this.$settings.global.requestsListCollapsed=!this.$settings.global.requestsListCollapsed,this.$settings.save()},toggleRequestSidebar(){this.$settings.global.requestSidebarCollapsed=!this.$settings.global.requestSidebarCollapsed,this.$settings.save()},toggleSettingsModal(){this.$settings.toggle()}}},roe={class:"split-view-pane split-view-details popover-viewport"},ooe={key:0,class:"details-header"},ioe={class:"icons"},aoe={class:"icons"},loe={key:1,class:"details-content"},coe={class:"content-content"},uoe={key:2,class:"details-loading-overlay"},doe={key:3,class:"details-error-overlay"},hoe={class:"message"},foe={key:0,class:"message"},poe={key:1},moe={key:2};function goe(e,t,s,n,r,o){const i=$("icon"),a=$("tab-bar"),l=$("details-request"),h=$("events-tab"),d=$("models-tab"),p=$("database-tab"),g=$("cache-tab"),y=$("redis-tab"),A=$("queue-tab"),k=$("log-tab"),j=$("performance-tab"),W=$("views-tab"),C=$("notifications-tab"),R=$("http-requests-tab"),O=$("routes-tab"),q=$("user-tab"),L=$("output-tab"),Q=$("spinner"),oe=$("settings-modal"),P=$("credits-modal"),V=$("sharing-modal"),F=$("sharing-delete-modal"),M=$("messages-overlay");return f(),v("div",roe,[e.$platform.hasFeature("tab-bar")?(f(),v("div",ooe,[u("div",ioe,[e.$platform.hasFeature("requests-list")?(f(),v("a",{key:0,href:"#",title:"Toggle requests",onClick:t[0]||(t[0]=ge((...c)=>o.toggleRequestsList&&o.toggleRequestsList(...c),["prevent"]))},[D(i,{name:e.$settings.global.requestsListCollapsed?"chevron-right":"chevron-left"},null,8,["name"])])):E("",!0)]),D(a,{tabs:o.tabs,"active-tab":o.activeTab,onTabSelected:o.showTab},null,8,["tabs","active-tab","onTabSelected"]),u("div",aoe,[u("a",{href:"#",title:"Settings",onClick:t[1]||(t[1]=ge((...c)=>o.toggleSettingsModal&&o.toggleSettingsModal(...c),["prevent"])),class:te({active:e.$settings.shown})},[D(i,{name:"settings"})],2),u("a",{href:"#",title:"Toggle sidebar",onClick:t[2]||(t[2]=ge((...c)=>o.toggleRequestSidebar&&o.toggleRequestSidebar(...c),["prevent"]))},[D(i,{name:e.$settings.global.requestSidebarCollapsed?"chevron-left":"chevron-right"},null,8,["name"])])])])):E("",!0),e.$request&&!e.$request.loading&&!e.$request.error?(f(),v("div",loe,[t[6]||(t[6]=u("div",{class:"content-header"},null,-1)),e.$platform.hasFeature("details-request")?(f(),J(l,{key:0})):E("",!0),u("div",coe,[o.shownTabs.events?(f(),J(h,{key:0,active:o.activeTab=="events"},null,8,["active"])):E("",!0),o.shownTabs.models?(f(),J(d,{key:1,active:o.activeTab=="models"},null,8,["active"])):E("",!0),o.shownTabs.database?(f(),J(p,{key:2,active:o.activeTab=="database"},null,8,["active"])):E("",!0),o.shownTabs.cache?(f(),J(g,{key:3,active:o.activeTab=="cache"},null,8,["active"])):E("",!0),o.shownTabs.redis?(f(),J(y,{key:4,active:o.activeTab=="redis"},null,8,["active"])):E("",!0),o.shownTabs.queue?(f(),J(A,{key:5,active:o.activeTab=="queue"},null,8,["active"])):E("",!0),o.shownTabs.log?(f(),J(k,{key:6,active:o.activeTab=="log"},null,8,["active"])):E("",!0),D(j,{active:o.activeTab=="performance"},null,8,["active"]),o.shownTabs.views?(f(),J(W,{key:7,active:o.activeTab=="views"},null,8,["active"])):E("",!0),o.shownTabs.notifications?(f(),J(C,{key:8,active:o.activeTab=="notifications"},null,8,["active"])):E("",!0),o.shownTabs.httpRequests?(f(),J(R,{key:9,active:o.activeTab=="httpRequests"},null,8,["active"])):E("",!0),o.shownTabs.routes?(f(),J(O,{key:10,active:o.activeTab=="routes"},null,8,["active"])):E("",!0),(f(!0),v(B,null,le(e.$get(e.$request,"userData"),(c,m)=>(f(),J(q,{key:`${e.$request.id}-${m}`,"user-tab":c,active:o.activeTab==`user-${c.key}`},null,8,["user-tab","active"]))),128)),o.shownTabs.output?(f(),J(L,{key:11,active:o.activeTab=="output"},null,8,["active"])):E("",!0)])])):E("",!0),e.$get(e.$request,"loading")&&!e.$authentication.shown?(f(),v("div",uoe,[D(Q,{color:e.$settings.appearance=="dark"?"#f27e02":"#258cdb"},null,8,["color"])])):E("",!0),e.$get(e.$request,"error")&&e.$get(e.$request,"error.error")!="requires-authentication"?(f(),v("div",doe,[D(i,{name:"alert-circle"}),t[7]||(t[7]=u("p",{class:"title"},"Error loading request metadata.",-1)),u("p",hoe,T(e.$get(e.$request,"error.message")),1),t[8]||(t[8]=u("a",{href:"https://underground.works/clockwork/#faq-error-loading-metadata",target:"_blank"},"More info",-1))])):E("",!0),e.$authentication.shown?(f(),v("div",{key:4,class:te(["details-authentication-overlay",{failed:e.$authentication.failed}])},[u("form",{onSubmit:t[5]||(t[5]=ge(c=>e.$authentication.attempt(),["prevent"]))},[D(i,{name:"lock"}),t[9]||(t[9]=u("p",{class:"title"},"This site requires authentication.",-1)),t[10]||(t[10]=u("p",{class:"title failed"},"Authentication failed.",-1)),e.$authentication.message?(f(),v("p",foe,T(e.$authentication.message),1)):E("",!0),e.$authentication.requires.includes("username")?(f(),v("p",poe,[Oe(u("input",{type:"text","onUpdate:modelValue":t[3]||(t[3]=c=>e.$authentication.username=c),placeholder:"Username"},null,512),[[gt,e.$authentication.username]])])):E("",!0),e.$authentication.requires.includes("password")?(f(),v("p",moe,[Oe(u("input",{type:"password","onUpdate:modelValue":t[4]||(t[4]=c=>e.$authentication.password=c),placeholder:"Password"},null,512),[[gt,e.$authentication.password]])])):E("",!0),t[11]||(t[11]=u("p",null,[u("button",{type:"submit"},"Submit")],-1))],32)],2)):E("",!0),D(oe),D(P),D(V),D(F),D(M)])}const voe=he(noe,[["render",goe]]),boe={name:"SidebarSection",components:{DetailsTable:He,PrettyPrint:Qe},props:["title","name","filterExample","items"],data:()=>({filter:ze([{tag:"name"}]),expandedSearch:!1}),computed:{expanded(){return this.$settings.global.requestSidebarCollapsedSections[this.name]!==!1}},methods:{toggle(){this.$settings.global.requestSidebarCollapsedSections[this.name]=!this.expanded,this.$settings.save()},expandSearch(){this.expandedSearch=!0,this.$nextTick(()=>this.$refs.searchInput.focus())}}},yoe={class:"sidebar-section"},Eoe={class:"section-header"},Toe={class:"header-group"},woe={key:0,class:"header-search"},_oe={key:0},Soe={colspan:"2"},Roe={class:"key"},Coe={class:"value"};function Aoe(e,t,s,n,r,o){const i=$("icon"),a=$("pretty-print"),l=$("details-table");return f(),v("div",yoe,[u("div",Eoe,[u("div",{class:"header-title",onClick:t[0]||(t[0]=(...h)=>o.toggle&&o.toggle(...h))},[D(i,{name:o.expanded?"chevron-down":"chevron-up"},null,8,["name"]),z(" "+T(s.title),1)]),u("div",Toe,[e.expandedSearch?(f(),v("div",woe,[Oe(u("input",{type:"search","onUpdate:modelValue":t[1]||(t[1]=h=>e.filter.input=h),placeholder:"Search...",ref:"searchInput"},null,512),[[gt,e.filter.input]]),D(i,{name:"search"})])):(f(),v("a",{key:1,href:"#",class:"header-item",onClick:t[2]||(t[2]=ge((...h)=>o.expandSearch&&o.expandSearch(...h),["prevent"]))},[D(i,{name:"search"})]))])]),$t(e.$slots,"content",{expanded:o.expanded},()=>[o.expanded?(f(),v("div",_oe,[$t(e.$slots,"above-table")])):E("",!0),$t(e.$slots,"table",{items:s.items,filter:e.filter,filterExample:s.filterExample,expanded:o.expanded},()=>[o.expanded?(f(),J(l,{key:0,columns:["Key","Value"],items:s.items,filter:e.filter,"filter-example":s.filterExample,"no-header":!0,"no-table-head":!0},{body:ce(({items:h})=>[(f(!0),v(B,null,le(h,(d,p)=>(f(),v("tr",{key:`${e.$request.id}-${p}`},[u("td",Soe,[u("div",Roe,T(d.name),1),u("div",Coe,[D(a,{data:d.value},null,8,["data"])])])]))),128))]),_:1},8,["items","filter","filter-example"])):E("",!0)])])])}const ao=he(boe,[["render",Aoe]]),koe={name:"CommandTab",components:{SidebarSection:ao}},Noe={class:"command-tab"};function Ooe(e,t,s,n,r,o){const i=$("sidebar-section");return f(),v("div",Noe,[e.$request.commandArgumentsMerged.length?(f(),J(i,{key:0,title:"Arguments",name:"arguments",items:e.$request.commandArgumentsMerged,"filter-example":'"Mike Jones" name:name'},null,8,["items"])):E("",!0),e.$request.commandOptionsMerged.length?(f(),J(i,{key:1,title:"Options",name:"options",items:e.$request.commandOptionsMerged,"filter-example":'"Mike Jones" name:name'},null,8,["items"])):E("",!0)])}const Ioe=he(koe,[["render",Ooe]]),$oe={name:"QueueJobTab",components:{PrettyPrint:Qe,SidebarSection:ao}},Loe={class:"queue-job-tab"},qoe={key:0,class:"data-value"},Doe={key:0,class:"data-value"},Poe={key:0,class:"data-value"};function xoe(e,t,s,n,r,o){const i=$("pretty-print"),a=$("sidebar-section");return f(),v("div",Loe,[e.$request.jobPayload?(f(),J(a,{key:0,title:"Payload",name:"payload"},{content:ce(({expanded:l})=>[l?(f(),v("div",qoe,[D(i,{data:e.$request.jobPayload,expanded:!0},null,8,["data"])])):E("",!0)]),_:1})):E("",!0),e.$request.jobQueue?(f(),J(a,{key:1,title:"Queue",name:"queue"},{content:ce(({expanded:l})=>[l?(f(),v("div",Doe,T(e.$request.jobQueue),1)):E("",!0)]),_:1})):E("",!0),e.$request.jobConnection?(f(),J(a,{key:2,title:"Connection",name:"connection"},{content:ce(({expanded:l})=>[l?(f(),v("div",Poe,T(e.$request.jobConnection),1)):E("",!0)]),_:1})):E("",!0),e.$request.jobOptions.length?(f(),J(a,{key:3,title:"Options",name:"options",items:e.$request.jobOptions,"filter-example":'"Mike Jones" name:name'},null,8,["items"])):E("",!0)])}const Moe=he($oe,[["render",xoe]]),Uoe={name:"RequestTab",components:{DetailsTable:He,SidebarSection:ao},computed:{headers(){return this.$request.cookies.length?this.$request.headers.filter(e=>e.name!="Cookie"):this.$request.headers}}},Foe={class:"request-tab"},Hoe={key:0,class:"data-raw"},Boe={class:"value"},joe={key:0,class:"session-user"},Voe={key:0,class:"name"},Goe={key:0,class:"session-user-details"},Woe={key:0,class:"dimmed"};function zoe(e,t,s,n,r,o){const i=$("sidebar-section"),a=$("details-table"),l=$("icon");return f(),v("div",Foe,[o.headers.length?(f(),J(i,{key:0,title:"Headers",name:"headers",items:o.headers,"filter-example":"text/html name:Accept"},null,8,["items"])):E("",!0),e.$request.requestData?(f(),J(i,{key:1,title:"Data",name:"data",items:e.$request.requestData,"filter-example":"420 name:price"},oh({_:2},[e.$request.requestData instanceof Object?void 0:{name:"content",fn:ce(({expanded:h})=>[h?(f(),v("div",Hoe,T(e.$request.requestData),1)):E("",!0)]),key:"0"}]),1032,["items"])):E("",!0),e.$request.getData.length?(f(),J(i,{key:2,title:"GET data",name:"getData",items:e.$request.getData,"filter-example":"created_at name:orderBy"},null,8,["items"])):E("",!0),e.$request.postData.length?(f(),J(i,{key:3,title:"POST data",name:"postData",items:e.$request.postData,"filter-example":'"Mike Jones" name:name'},null,8,["items"])):E("",!0),e.$request.cookies.length?(f(),J(i,{key:4,title:"Cookies",name:"cookies",items:e.$request.cookies,"filter-example":'"Mike Jones" name:name'},null,8,["items"])):E("",!0),e.$request.middleware.length?(f(),J(i,{key:5,title:"Middleware",name:"middleware",items:e.$request.middleware,"filter-example":"auth:admin"},{table:ce(({items:h,filter:d,filterExample:p,expanded:g})=>[g?(f(),J(a,{key:0,columns:["Value"],items:h,filter:d,"filter-example":p,"no-header":!0,"no-table-head":!0},{header:ce(({filter:y})=>t[0]||(t[0]=[])),body:ce(({items:y})=>[(f(!0),v(B,null,le(y,(A,k)=>(f(),v("tr",{key:`${e.$request.id}-${k}`},[u("td",Boe,T(A),1)]))),128))]),_:2},1032,["items","filter","filter-example"])):E("",!0)]),_:1},8,["items"])):E("",!0),e.$request.sessionData.length||e.$request.authenticatedUser?(f(),J(i,{key:6,title:"Session",name:"session",items:e.$request.sessionData,"filter-example":"registration successful name:_token"},{"above-table":ce(()=>[e.$request.authenticatedUser?(f(),v("div",joe,[D(l,{name:"user"}),u("div",null,[e.$request.authenticatedUser.name&&e.$request.authenticatedUser.name.trim()?(f(),v("span",Voe,T(e.$request.authenticatedUser.name),1)):E("",!0),u("span",{class:te(e.$request.authenticatedUser.name&&e.$request.authenticatedUser.name.trim()?"dimmed":"")},T(e.$request.authenticatedUser.username),3)]),e.$request.authenticatedUser.email||e.$request.authenticatedUser.id?(f(),v("span",Goe,[e.$request.authenticatedUser.id?(f(),v("span",Woe,"#"+T(e.$request.authenticatedUser.id),1)):E("",!0)])):E("",!0)])):E("",!0)]),_:1},8,["items"])):E("",!0)])}const Qoe=he(Uoe,[["render",zoe]]),Yoe={name:"TestTab",components:{DetailsTable:He,PrettyPrint:Qe,SidebarSection:ao,StackTrace:ht},computed:{asserts(){return this.$request.testAsserts.reverse()}}},Koe={class:"request-tab test-tab"},Xoe={class:"value test-assert"},Joe={class:"assert-name"},Zoe={class:"assert-name-text"},eie={class:"assert-name-trace"};function tie(e,t,s,n,r,o){const i=$("stack-trace"),a=$("pretty-print"),l=$("details-table"),h=$("sidebar-section");return f(),v("div",Koe,[e.$request.testStatusMessage?(f(),v("div",{key:0,class:te(["test-status-message",{error:e.$request.isTestError(),warning:e.$request.isTestWarning()}])},T(e.$request.testStatusMessage),3)):E("",!0),o.asserts.length?(f(),J(h,{key:1,title:"Asserts",name:"asserts",items:o.asserts,"filter-example":"text/html name:Accept"},{table:ce(({items:d,filter:p,filterExample:g,expanded:y})=>[y?(f(),J(l,{key:0,columns:["Assert"],items:d,filter:p,"filter-example":g,"no-header":!0,"no-table-head":!0},{body:ce(({items:A})=>[(f(!0),v(B,null,le(A,(k,j)=>(f(),v("tr",{key:`${e.$request.id}-${j}`},[u("td",Xoe,[u("div",Joe,[u("div",{class:te(["assert-name-content",{"assert-failed":!k.passed}])},[u("span",Zoe,T(k.name),1)],2),u("div",eie,[D(i,{trace:k.trace},null,8,["trace"])])]),D(a,{data:k.arguments},null,8,["data"])])]))),128))]),_:2},1032,["items","filter","filter-example"])):E("",!0)]),_:1},8,["items"])):E("",!0)])}const sie=he(Yoe,[["render",tie]]),nie={name:"RequestSidebar",components:{CommandTab:Ioe,ExceptionSection:$c,ParentRequest:Lc,QueueJobTab:Moe,RequestTab:Qoe,TestTab:sie},computed:{shareUrl(){return this.$request?`${window.location.origin}#${this.$request.id}`:"#"}}},rie={key:0,class:"sidebar-header"},oie=["title"],iie={class:"info-main"},aie={key:0,class:"type-text"},lie={class:"method-text"},cie={key:4,href:"#",class:"info-copy",title:"Copy url"},uie={class:"info-details"},die={class:"header-status"},hie=["title"],fie=["title"],pie=["title"],mie=["title"],gie={class:"sidebar-content"},vie={class:"content-actions"},bie={class:"content-meta"},yie={key:0,class:"meta-date"},Eie={key:1,class:"meta-id"},Tie=["href"];function wie(e,t,s,n,r,o){const i=$("parent-request"),a=$("icon"),l=$("exception-section"),h=$("command-tab"),d=$("queue-job-tab"),p=$("test-tab"),g=$("request-tab"),y=tc("clipboard");return f(),v("div",{class:te([{"request-sidebar":!0,large:e.$settings.global.requestsListCollapsed},"popover-viewport"])},[D(i),e.$request?(f(),v("div",rie,[u("div",{class:"header-info",title:e.$request.tooltip},[u("div",iie,[e.$request.isCommand()?(f(),v(B,{key:0},[t[2]||(t[2]=u("span",{class:"type-text"},"CMD",-1)),z(" "+T(e.$request.commandName),1)],64)):e.$request.isQueueJob()?(f(),v(B,{key:1},[t[3]||(t[3]=u("span",{class:"type-text"},"QUEUE",-1)),z(" "+T(e.$request.jobName),1)],64)):e.$request.isTest()?(f(),v(B,{key:2},[t[4]||(t[4]=u("span",{class:"type-text"},"TEST",-1)),z(" "+T(e.$request.testGroup),1)],64)):(f(),v(B,{key:3},[e.$request.isAjax()?(f(),v("span",aie,"AJAX")):E("",!0),u("span",lie,T(e.$request.method),1),z(" "+T(e.$request.uri),1)],64)),e.$request&&e.$request.url?Oe((f(),v("a",cie,[D(a,{name:"link"})])),[[y,e.$request.url,"copy"]]):E("",!0)]),u("div",uie,[e.$request.isCommand()?(f(),v(B,{key:0},[z(T(e.$request.commandLine),1)],64)):e.$request.isQueueJob()?(f(),v(B,{key:1},[z(T(e.$request.jobDescription),1)],64)):e.$request.isTest()?(f(),v(B,{key:2},[z(T(e.$request.testName),1)],64)):(f(),v(B,{key:3},[z(T(e.$request.controller),1)],64))])],8,oie),e.$request.errorsCount?(f(),J(a,{key:0,name:"alert-circle",class:"header-alert alert-errors"})):e.$request.warningsCount?(f(),J(a,{key:1,name:"alert-triangle",class:"header-alert alert-warnings"})):E("",!0),u("div",die,[e.$request.isCommand()?(f(),v("span",{key:0,class:te({"status-text":!0,"client-error":e.$request.isCommandWarning(),"server-error":e.$request.isCommandError()}),title:e.$request.commandExitCode},T(e.$request.commandExitCode),11,hie)):e.$request.isQueueJob()?(f(),v("span",{key:1,class:te({"status-text":!0,"status-text-small":!0,"client-error":e.$request.isQueueJobWarning(),"server-error":e.$request.isQueueJobError()}),title:e.$request.jobStatus},T(e.$request.jobStatus),11,fie)):e.$request.isTest()?(f(),v("span",{key:2,class:te({"status-text":!0,"status-text-small":!0,"client-error":e.$request.isTestWarning(),"server-error":e.$request.isTestError()}),title:e.$request.testStatus},T(e.$request.testStatus),11,pie)):(f(),v("span",{key:3,class:te({"status-text":!0,"client-error":e.$request.isClientError(),"server-error":e.$request.isServerError()}),title:e.$request.responseStatus},T(e.$request.responseStatus),11,mie))])])):E("",!0),D(l),u("div",gie,[e.$request&&e.$request.isCommand()?(f(),J(h,{key:0})):E("",!0),e.$request&&e.$request.isQueueJob()?(f(),J(d,{key:1})):E("",!0),e.$request&&e.$request.isTest()?(f(),J(p,{key:2})):e.$request?(f(),J(g,{key:3})):E("",!0),u("div",vie,[e.$platform.hasFeature("sharing")?(f(),v("a",{key:0,href:"#",class:"button",onClick:t[0]||(t[0]=ge(A=>e.$sharing.toggle(),["prevent"]))},[D(a,{name:"share"}),t[5]||(t[5]=z(" Share "))])):E("",!0),e.$platform.hasFeature("delete-shared")?(f(),v("a",{key:1,href:"#",class:"button",onClick:t[1]||(t[1]=ge(A=>e.$sharing.toggleDelete(),["prevent"]))},[D(a,{name:"trash-2"}),t[6]||(t[6]=z(" Delete "))])):E("",!0)]),u("div",bie,[e.$request&&e.$request.time?(f(),v("div",yie,T(e.$date(e.$request.time*1e3,"y-MM-dd HH:mm:ss")),1)):E("",!0),e.$request?(f(),v("div",Eie,[u("a",{href:o.shareUrl},T(e.$request.id),9,Tie)])):E("",!0)])])],2)}const _ie=he(nie,[["render",wie]]),Sie={name:"RequestsList",components:{},data:()=>({loadingMoreRequests:!1}),computed:{requests(){let e=this.$requests.items;return this.$settings.global.hideCommandTypeRequests&&(e=e.filter(t=>t.type!="command")),this.$settings.global.hideQueueJobTypeRequests&&(e=e.filter(t=>t.type!="queue-job")),this.$settings.global.hideTestTypeRequests&&(e=e.filter(t=>t.type!="test")),e},showDatabaseTime(){return this.requests.find(e=>e.databaseDuration>0)}},mounted(){this.$refs.requestsContainer.scrollTop=this.$refs.requestsTable.offsetTop},methods:{isActive(e){var t;return((t=this.$request)==null?void 0:t.id)==e},showRequest(e){this.global.$request=e},loadMoreRequests(){this.loadingMoreRequests=!0,this.$requests.loadPrevious(10).then(()=>{this.loadingMoreRequests=!1})},shouldShowFirstRequest(){return!this.$settings.global.preserveLog&&(!this.$request||!this.$requests.findId(this.$request.id))},shouldShowIncomingRequest(){var e;return this.$settings.global.preserveLog&&(!this.$request||this.$settings.global.showIncomingRequests&&this.global.showIncomingRequests)&&(!this.$request||!((e=this.$requests.last())!=null&&e.isAjax()))},clear(){this.$requests.clear()}},watch:{"requests.length":{handler(e){this.shouldShowFirstRequest()?this.showRequest(this.$requests.first()):this.shouldShowIncomingRequest()&&(this.showRequest(this.$requests.last()),this.$nextTick(()=>this.$refs.requestsContainer.scrollTop=this.$refs.requestsTable.offsetHeight+this.$refs.requestsTable.offsetTop))}},$request:{handler(e){var n,r;((r=(n=this.$request)==null?void 0:n.error)==null?void 0:r.error)=="requires-authentication"&&this.$authentication.request(this.$request.error.message,this.$request.error.requires);let t=this.$requests.last(o=>!o.isAjax())||this.$requests.last(),s=this.$requests.all().indexOf(t);this.global.showIncomingRequests=this.$requests.all().slice(s).includes(e)}},"$request.loading":{handler(e){var t,s;e||((s=(t=this.$request)==null?void 0:t.error)==null?void 0:s.error)=="requires-authentication"&&this.$authentication.request(this.$request.error.message,this.$request.error.requires)}}}},Rie={class:"requests-header",id:"requests-header"},Cie={class:"duration"},Aie={key:0},kie={class:"requests-container",ref:"requestsContainer"},Nie={class:"requests-content"},Oie={class:"content-above",ref:"contentAbove"},Iie={class:"requests-search"},$ie={class:"requests-table",ref:"requestsTable"},Lie={id:"requests"},qie=["onClick"],Die=["title"],Pie={class:"controller-big"},xie={key:0,class:"type-text"},Mie={class:"method-text"},Uie={key:0},Fie={key:1},Hie={key:2},Bie={key:0},jie={key:1},Vie=["title"],Gie=["title"],Wie=["title"],zie=["title"],Qie=["title"],Yie={key:0};function Kie(e,t,s,n,r,o){const i=$("icon");return f(),v("div",{class:te([{"split-view-pane split-view-requests":!0,large:e.$settings.global.requestSidebarCollapsed},"popover-viewport"])},[u("div",Rie,[u("table",null,[u("thead",null,[u("tr",null,[t[6]||(t[6]=u("th",{class:"controller"},[z(" Path"),u("br"),u("small",null,"Controller")],-1)),t[7]||(t[7]=u("th",{class:"status"}," Status ",-1)),u("th",Cie,[t[4]||(t[4]=z(" Time")),t[5]||(t[5]=u("br",null,null,-1)),o.showDatabaseTime?(f(),v("small",Aie,"Database")):E("",!0)])])])])]),u("div",kie,[u("div",Nie,[u("div",Oie,[u("div",Iie,[Oe(u("input",{type:"search","onUpdate:modelValue":t[0]||(t[0]=a=>e.$requestsSearch.input=a),onInput:t[1]||(t[1]=(...a)=>e.$requestsSearch.searchDebounced&&e.$requestsSearch.searchDebounced(...a)),placeholder:"Search..."},null,544),[[gt,e.$requestsSearch.input]]),D(i,{name:"search"})]),u("a",{href:"#",class:"button",onClick:t[2]||(t[2]=ge((...a)=>o.loadMoreRequests&&o.loadMoreRequests(...a),["prevent"]))},T(e.loadingMoreRequests?"Loading...":"Load more"),1)],512),u("div",$ie,[u("table",Lie,[(f(!0),v(B,null,le(o.requests,a=>(f(),v("tr",{key:a.id,onClick:l=>o.showRequest(a),class:te({selected:o.isActive(a.id)})},[u("td",{class:"controller",title:a.tooltip},[u("span",Pie,[a.errorsCount?(f(),J(i,{key:0,name:"alert-circle",class:"request-alert alert-errors"})):a.warningsCount?(f(),J(i,{key:1,name:"alert-triangle",class:"request-alert alert-warnings"})):E("",!0),a.isCommand()?(f(),v(B,{key:2},[t[8]||(t[8]=u("span",{class:"type-text"},"CMD",-1)),z(" "+T(a.commandName),1)],64)):a.isQueueJob()?(f(),v(B,{key:3},[t[9]||(t[9]=u("span",{class:"type-text"},"QUEUE",-1)),z(" "+T(a.jobName),1)],64)):a.isTest()?(f(),v(B,{key:4},[t[10]||(t[10]=u("span",{class:"type-text"},"TEST",-1)),z(" "+T(a.testGroup),1)],64)):(f(),v(B,{key:5},[a.isAjax()?(f(),v("span",xie,"AJAX")):E("",!0),u("span",Mie,T(a.method),1),z(" "+T(a.uri),1)],64))]),t[11]||(t[11]=u("br",null,null,-1)),a.isCommand()?(f(),v("small",Uie,T(a.commandLine),1)):a.isQueueJob()?(f(),v("small",Fie,T(a.jobDescription),1)):a.isTest()?(f(),v("small",Hie,T(a.testName),1)):(f(),v(B,{key:3},[e.$settings.global.requestSidebarCollapsed?(f(),v("small",Bie,T(a.controller),1)):(f(),v("small",jie,T(e.$shortClass(a.controller)),1))],64))],8,Die),a.isCommand()?(f(),v("td",{key:0,class:"status",title:a.commandExitCode},[u("span",{class:te({"status-text":!0,"client-error":a.isCommandWarning(),"server-error":a.isCommandError()})},T(a.commandExitCode),3)],8,Vie)):a.isQueueJob()?(f(),v("td",{key:1,class:"status",title:a.jobStatus},[u("span",{class:te({"status-text":!0,"status-text-small":!0,"client-error":a.isQueueJobWarning(),"server-error":a.isQueueJobError()})},T(a.jobStatus),3)],8,Gie)):a.isTest()?(f(),v("td",{key:2,class:"status",title:a.testStatus},[u("span",{class:te({"status-text":!0,"status-text-small":!0,"client-error":a.isTestWarning(),"server-error":a.isTestError()})},T(a.testStatus),3)],8,Wie)):(f(),v("td",{key:3,class:"status",title:a.responseStatus},[u("span",{class:te({"status-text":!0,"client-error":a.isClientError(),"server-error":a.isServerError()})},T(a.responseStatus),3)],8,zie)),u("td",{class:"duration",title:`${a.responseDurationRounded} ms (${a.databaseDurationRounded} ms)`},[z(T(a.responseDurationRounded)+" ms",1),t[12]||(t[12]=u("br",null,null,-1)),o.showDatabaseTime?(f(),v("small",Yie,T(a.databaseDurationRounded)+" ms",1)):E("",!0)],8,Qie)],10,qie))),128))])],512),u("a",{href:"#",class:"button requests-clear",onClick:t[3]||(t[3]=ge((...a)=>o.clear&&o.clear(...a),["prevent"]))},[D(i,{name:"slash"}),t[13]||(t[13]=z(" Clear "))])])],512)],2)}const Xie=he(Sie,[["render",Kie]]);let gu=class Kn{constructor(t,s){this.platform=t,this.settings=s}get show(){return this.settings.global.seenReleaseNotesVersion!=Kn.latestRelease.version&&this.settings.persistent&&this.settings.loaded&&this.platform.hasFeature("whats-new")}seen(){this.settings.global.seenReleaseNotesVersion=Kn.latestRelease.version,this.settings.save()}static get latestRelease(){return Kn.releases[0]}static get releases(){return[{version:"5.3",url:"https://underground.works/blog/clockwork-5.3-released-with-http-requests-and-mode",notes:[{title:"HTTP Requests",text:["This new tab shows HTTP requests executed by your application, including details like request and response bodies and headers.","Requests executed via the Laravel HTTP client are automatically collected and you can also easily collect any Guzzle based library."],image:"http-requests.png",imagePlacement:"right"},{title:"Server-side Library Updated",text:["The server-side library was also updated with support for collecting HTTP requests, improved Vanilla integration and more.",'For the full list of improvements, changes, and fixes click on the "learn more" button.']}]},{version:"5.1",url:"https://underground.works/blog/clockwork-5.1-released-with-database-queries-highlighting-and-more",notes:[{title:"Database Queries Highlighting",text:["Database queries are now easier to read with SQL syntax highlighting. You can also enable the prettify mode to reformat the queries for even more readibility."],image:"database-queries.png",imagePlacement:"top"},{title:"Server-side Library Updated",text:["The server-side library was also updated with support for Laravel Octane, collecting cache values and more.",'For the full list of improvements, changes, and fixes click on the "learn more" button.']}]},{version:"5.0",url:"https://underground.works/blog/clockwork-5.0-released-with-client-side-metrics-toolbar-and-more",notes:[{title:"UI refinements",text:["Almost every part of the Clockwork UI was touched up and improved. From simplified requests list, new tab bar, counters and tables to reworked dark theme colors.",'You will also find a new "credits" link in the settings modal. This opens a credits modal with a little shout-out to all contributors, sponsors and used third-party dependencies.'],image:"clockwork-5.png",imagePlacement:"top"},{title:"Timeline",text:["Timeline was rebuilt from the ground up in this release.","The new timeline makes it easier than ever before to figure out what's happening in your application.","The condense option makes the timeline more compact and clicking on an event now reveals a popover with more details."],image:"timeline.png",imagePlacement:"right"},{title:"Client-side metrics and Web Vitals",text:["Clockwork helps you to keep your server-side performance in check. Optimizing the backend is just half of the battle though.","Clockwork can now collect client-side performance metrics. Supported are both navigation timings and Web Vitals","Collecting these metrics requires installing a tiny javascript library from npm or via cdn. Check the docs for more details."],image:"client-metrics.png",imagePlacement:"left"},{title:"Models",text:["Models tab is a new tool in your toolbelt for dealing with database issues.","Models actions give you a different point of view at your database usage.","Models counts will show you how many of each model you've retrieved, created, updated and deleted."],image:"models-tab.png",imagePlacement:"right"},{title:"Notifications",text:["Notifications tab is a new tab replacing the emails tab.","This time we support not only emails, but all kinds of notifications, like SMS or Slack messages.","With details like subject, recipient, sender, but also notifiable, notified and mailable objects in Larvel."],image:"notifications-tab.png",imagePlacement:"left"},{title:"Sharing",text:["Have you ever wanted to share a Clockwork profile with someone else? Maybe you'd like to share details of a crash from a local environment with a co-worker. Or before and after optimisation metrics with your boss.","Sharing a request uploads the metadata to a Clockwork share service and gives you a public link to share with others. On this link you will find a fully working Clockwork app showing the request you shared.","The share service is free to use, click on the share button in the sidebar to start."]},{title:"Toolbar",text:["Clockwork now gives you an option to show basic request information in the form of a toolbar in your app.","A tiny browser component has to be installed from npm or via cdn. See the docs for full installation instructions."],image:"toolbar.png",imagePlacement:"top"}]}]}};const Jie=(...e)=>We(new gu(...e)),Zie={name:"WhatsNew",components:{Modal:vs},computed:{release(){return gu.latestRelease}},methods:{close(){this.$whatsNew.seen()}}},eae={class:"whats-new"},tae={class:"whats-new-content"},sae=["src"],nae=["src"],rae={class:"whats-new-actions"},oae=["href"];function iae(e,t,s,n,r,o){const i=$("modal");return f(),J(i,{icon:"star",title:"What's new",shown:e.$whatsNew.show,"on-close":o.close},{default:ce(()=>[u("div",eae,[u("div",tae,[t[2]||(t[2]=u("h1",null,"Clockwork has just been updated!",-1)),(f(!0),v(B,null,le(o.release.notes,a=>(f(),v("div",{class:te(["whats-new-section",`image-${a.imagePlacement||"bottom"}`])},[a.image&&(a.imagePlacement||"bottom")!="bottom"?(f(),v("img",{key:0,src:`img/whats-new/${o.release.version}/${a.image}`},null,8,sae)):E("",!0),u("h2",null,T(a.title),1),(f(!0),v(B,null,le(a.text,l=>(f(),v("p",null,T(l),1))),256)),a.image&&(a.imagePlacement||"bottom")=="bottom"?(f(),v("img",{key:1,src:`img/whats-new/${o.release.version}/${a.image}`},null,8,nae)):E("",!0)],2))),256)),u("div",rae,[u("a",{href:o.release.url,target:"_blank",class:"actions-show-more"},"Learn more",8,oae),u("a",{onClick:t[0]||(t[0]=ge((...a)=>o.close&&o.close(...a),["prevent"])),href:"#",class:"actions-close"},"Close"),t[1]||(t[1]=u("p",null,[u("small",null,"Some of the new features might require server-side Clockwork library update.")],-1))])])])]),_:1},8,["shown","on-close"])}const aae=he(Zie,[["render",iae]]),lae={name:"LivewirePanel",data(){return{components:[],events:[],queries:[],isTimeTravelEnabled:!1,mcpClient:null}},methods:{refreshState(){this.mcpClient.getQueryAnalysis(),this.components.forEach(e=>{this.mcpClient.getComponentState(e.id)})},toggleTimeTravel(){this.isTimeTravelEnabled=!this.isTimeTravelEnabled,this.mcpClient.send({type:"timeTravel",enabled:this.isTimeTravelEnabled})},editState(e){this.mcpClient.updateComponentState(e.id,e.state)},viewEvents(e){this.mcpClient.getComponentEvents(e.id)},formatTime(e){return new Date(e).toLocaleTimeString()}},mounted(){this.mcpClient=this.$parent.mcpClient,this.mcpClient.subscribe("livewire.state",e=>{const t=this.components.findIndex(s=>s.id===e.componentId);t!==-1?this.components[t].state=e.state:this.components.push({id:e.componentId,name:e.name,state:e.state})}),this.mcpClient.subscribe("livewire.events",e=>{this.events=e.events}),this.mcpClient.subscribe("livewire.queries",e=>{this.queries=e.queries}),this.refreshState()},beforeUnmount(){this.mcpClient&&(this.mcpClient.unsubscribe("livewire.state"),this.mcpClient.unsubscribe("livewire.events"),this.mcpClient.unsubscribe("livewire.queries"))}},cae={class:"livewire-panel"},uae={class:"panel-header"},dae={class:"panel-controls"},hae={class:"panel-content"},fae={class:"state-inspector"},pae={class:"component-list"},mae={class:"component-header"},gae={class:"component-name"},vae={class:"component-id"},bae={class:"component-state"},yae={class:"component-actions"},Eae=["onClick"],Tae=["onClick"],wae={class:"event-timeline"},_ae={class:"timeline-list"},Sae={class:"event-time"},Rae={class:"event-name"},Cae={class:"event-component"},Aae={class:"query-analysis"},kae={class:"query-list"},Nae={class:"query-header"},Oae={class:"query-time"},Iae={class:"query-sql"};function $ae(e,t,s,n,r,o){return f(),v("div",cae,[u("div",uae,[t[2]||(t[2]=u("h2",null,"Livewire Debug",-1)),u("div",dae,[u("button",{onClick:t[0]||(t[0]=(...i)=>o.refreshState&&o.refreshState(...i))},"Refresh"),u("button",{onClick:t[1]||(t[1]=(...i)=>o.toggleTimeTravel&&o.toggleTimeTravel(...i))},"Time Travel")])]),u("div",hae,[u("div",fae,[t[3]||(t[3]=u("h3",null,"Component State",-1)),u("div",pae,[(f(!0),v(B,null,le(r.components,i=>(f(),v("div",{key:i.id,class:"component-item"},[u("div",mae,[u("span",gae,T(i.name),1),u("span",vae,"#"+T(i.id),1)]),u("div",bae,[u("pre",null,T(JSON.stringify(i.state,null,2)),1)]),u("div",yae,[u("button",{onClick:a=>o.editState(i)},"Edit State",8,Eae),u("button",{onClick:a=>o.viewEvents(i)},"View Events",8,Tae)])]))),128))])]),u("div",wae,[t[4]||(t[4]=u("h3",null,"Event Timeline",-1)),u("div",_ae,[(f(!0),v(B,null,le(r.events,i=>(f(),v("div",{key:i.id,class:"timeline-item"},[u("span",Sae,T(o.formatTime(i.timestamp)),1),u("span",Rae,T(i.name),1),u("span",Cae,T(i.component),1)]))),128))])]),u("div",Aae,[t[5]||(t[5]=u("h3",null,"Query Analysis",-1)),u("div",kae,[(f(!0),v(B,null,le(r.queries,i=>(f(),v("div",{key:i.id,class:"query-item"},[u("div",Nae,[u("span",Oae,T(i.time)+"ms",1),u("span",{class:te(["query-type",{"n1-warning":i.isN1}])},"N+1",2)]),u("pre",Iae,T(i.sql),1)]))),128))])])])])}const Lae=he(lae,[["render",$ae],["__scopeId","data-v-010785f7"]]);class qae{constructor(){this.ws=null,this.reconnectAttempts=0,this.maxReconnectAttempts=5,this.reconnectDelay=1e3,this.subscribers=new Map}connect(t="localhost",s=8080){try{this.ws=new WebSocket(`ws://${t}:${s}`),this.ws.onopen=()=>{console.log("Connected to Tapped MCP server"),this.reconnectAttempts=0,this.subscribeToAll()},this.ws.onmessage=n=>{const r=JSON.parse(n.data);this.handleMessage(r)},this.ws.onclose=()=>{console.log("Disconnected from Tapped MCP server"),this.attemptReconnect()},this.ws.onerror=n=>{console.error("WebSocket error:",n)}}catch(n){console.error("Failed to connect to MCP server:",n),this.attemptReconnect()}}attemptReconnect(){this.reconnectAttempts<this.maxReconnectAttempts&&(this.reconnectAttempts++,setTimeout(()=>{console.log(`Attempting to reconnect (${this.reconnectAttempts}/${this.maxReconnectAttempts})...`),this.connect()},this.reconnectDelay*this.reconnectAttempts))}subscribe(t,s){this.subscribers.has(t)||this.subscribers.set(t,new Set),this.subscribers.get(t).add(s),this.ws&&this.ws.readyState===WebSocket.OPEN&&this.send({type:"subscribe",channel:t})}unsubscribe(t,s){this.subscribers.has(t)&&(this.subscribers.get(t).delete(s),this.subscribers.get(t).size===0&&(this.subscribers.delete(t),this.ws&&this.ws.readyState===WebSocket.OPEN&&this.send({type:"unsubscribe",channel:t})))}subscribeToAll(){["livewire.state","livewire.events","livewire.queries","livewire.performance"].forEach(s=>{this.send({type:"subscribe",channel:s})})}handleMessage(t){const{type:s,channel:n,data:r}=t;s==="data"&&this.subscribers.has(n)&&this.subscribers.get(n).forEach(o=>o(r))}send(t){this.ws&&this.ws.readyState===WebSocket.OPEN&&this.ws.send(JSON.stringify(t))}getComponentState(t){this.send({type:"request",channel:"livewire.state",data:{componentId:t}})}updateComponentState(t,s){this.send({type:"update",channel:"livewire.state",data:{componentId:t,state:s}})}getComponentEvents(t){this.send({type:"request",channel:"livewire.events",data:{componentId:t}})}getQueryAnalysis(){this.send({type:"request",channel:"livewire.queries",data:{}})}}const Dae={name:"App",components:{RequestDetails:voe,RequestSidebar:_ie,RequestsList:Xie,WhatsNew:aae,LivewirePanel:Lae},data(){return{mcpClient:null,showLivewirePanel:!1}},computed:{appearance(){return this.$settings.appearance},showRequestsList(){return!this.$settings.global.requestsListCollapsed&&this.$platform.hasFeature("requests-list")},showRequestSidebar(){return!this.$settings.global.requestSidebarCollapsed&&this.$platform.hasFeature("request-sidebar")}},mounted(){this.mcpClient=new qae,this.mcpClient.connect(),this.mcpClient.subscribe("livewire.detected",e=>{this.showLivewirePanel=!0})},beforeUnmount(){this.mcpClient&&this.mcpClient.unsubscribe("livewire.detected")}};function Pae(e,t,s,n,r,o){const i=$("requests-list"),a=$("request-details"),l=$("request-sidebar"),h=$("livewire-panel"),d=$("whats-new");return f(),v("div",{class:te(["application split-view",o.appearance])},[o.showRequestsList?(f(),J(i,{key:0})):E("",!0),D(a),o.showRequestSidebar?(f(),J(l,{key:1})):E("",!0),r.showLivewirePanel?(f(),J(h,{key:2})):E("",!0),D(d)],2)}const xae=he(Dae,[["render",Pae]]),Mae={props:["color","height","width"],computed:{style(){let e=this.color?"color: "+this.color+";":"",t=this.width?"width: "+this.width+"px;":"",s=this.height?"height: "+this.height+"px;":"";return e+t+s}}};function Uae(e,t,s,n,r,o){return f(),v("div",{class:"spinner",style:ut(o.style)},t[0]||(t[0]=[u("div",null,null,-1),u("div",null,null,-1),u("div",null,null,-1),u("div",null,null,-1),u("div",null,null,-1),u("div",null,null,-1),u("div",null,null,-1),u("div",null,null,-1),u("div",null,null,-1),u("div",null,null,-1),u("div",null,null,-1),u("div",null,null,-1)]),4)}const Fae=he(Mae,[["render",Uae]]);var vu={exports:{}},bu={exports:{}};/*!
 * clipboard.js v2.0.11
 * https://clipboardjs.com/
 *
 * Licensed MIT © Zeno Rocha
 */(function(e,t){(function(s,n){e.exports=n()})(ve,function(){return n={686:function(o,d,a){a.d(d,{default:function(){return oe}});var d=a(279),l=a.n(d),d=a(370),h=a.n(d),d=a(817),p=a.n(d);function g(P){try{return document.execCommand(P)}catch{return}}var y=function(P){return P=p()(P),g("cut"),P};function A(c,V){var F,M,c=(F=c,M=document.documentElement.getAttribute("dir")==="rtl",(c=document.createElement("textarea")).style.fontSize="12pt",c.style.border="0",c.style.padding="0",c.style.margin="0",c.style.position="absolute",c.style[M?"right":"left"]="-9999px",M=window.pageYOffset||document.documentElement.scrollTop,c.style.top="".concat(M,"px"),c.setAttribute("readonly",""),c.value=F,c);return V.container.appendChild(c),V=p()(c),g("copy"),c.remove(),V}var k=function(P){var V=1<arguments.length&&arguments[1]!==void 0?arguments[1]:{container:document.body},F="";return typeof P=="string"?F=A(P,V):P instanceof HTMLInputElement&&!["text","search","url","tel","password"].includes(P==null?void 0:P.type)?F=A(P.value,V):(F=p()(P),g("copy")),F};function j(P){return(j=typeof Symbol=="function"&&typeof Symbol.iterator=="symbol"?function(V){return typeof V}:function(V){return V&&typeof Symbol=="function"&&V.constructor===Symbol&&V!==Symbol.prototype?"symbol":typeof V})(P)}var W=function(){var M=0<arguments.length&&arguments[0]!==void 0?arguments[0]:{},F=M.action,P=F===void 0?"copy":F,V=M.container,F=M.target,M=M.text;if(P!=="copy"&&P!=="cut")throw new Error('Invalid "action" value, use either "copy" or "cut"');if(F!==void 0){if(!F||j(F)!=="object"||F.nodeType!==1)throw new Error('Invalid "target" value, use a valid Element');if(P==="copy"&&F.hasAttribute("disabled"))throw new Error('Invalid "target" attribute. Please use "readonly" instead of "disabled" attribute');if(P==="cut"&&(F.hasAttribute("readonly")||F.hasAttribute("disabled")))throw new Error(`Invalid "target" attribute. You can't cut text from elements with "readonly" or "disabled" attributes`)}return M?k(M,{container:V}):F?P==="cut"?y(F):k(F,{container:V}):void 0};function C(P){return(C=typeof Symbol=="function"&&typeof Symbol.iterator=="symbol"?function(V){return typeof V}:function(V){return V&&typeof Symbol=="function"&&V.constructor===Symbol&&V!==Symbol.prototype?"symbol":typeof V})(P)}function R(P,V){for(var F=0;F<V.length;F++){var M=V[F];M.enumerable=M.enumerable||!1,M.configurable=!0,"value"in M&&(M.writable=!0),Object.defineProperty(P,M.key,M)}}function O(P,V){return(O=Object.setPrototypeOf||function(F,M){return F.__proto__=M,F})(P,V)}function q(P){var V=function(){if(typeof Reflect>"u"||!Reflect.construct||Reflect.construct.sham)return!1;if(typeof Proxy=="function")return!0;try{return Date.prototype.toString.call(Reflect.construct(Date,[],function(){})),!0}catch{return!1}}();return function(){var F,M=L(P);return F=V?(F=L(this).constructor,Reflect.construct(M,arguments,F)):M.apply(this,arguments),M=this,!(F=F)||C(F)!=="object"&&typeof F!="function"?function(c){if(c!==void 0)return c;throw new ReferenceError("this hasn't been initialised - super() hasn't been called")}(M):F}}function L(P){return(L=Object.setPrototypeOf?Object.getPrototypeOf:function(V){return V.__proto__||Object.getPrototypeOf(V)})(P)}function Q(P,V){if(P="data-clipboard-".concat(P),V.hasAttribute(P))return V.getAttribute(P)}var oe=function(){(function(m,b){if(typeof b!="function"&&b!==null)throw new TypeError("Super expression must either be null or a function");m.prototype=Object.create(b&&b.prototype,{constructor:{value:m,writable:!0,configurable:!0}}),b&&O(m,b)})(c,l());var P,V,F,M=q(c);function c(m,b){var _;return function(N){if(!(N instanceof c))throw new TypeError("Cannot call a class as a function")}(this),(_=M.call(this)).resolveOptions(b),_.listenClick(m),_}return P=c,F=[{key:"copy",value:function(m){var b=1<arguments.length&&arguments[1]!==void 0?arguments[1]:{container:document.body};return k(m,b)}},{key:"cut",value:function(m){return y(m)}},{key:"isSupported",value:function(){var m=0<arguments.length&&arguments[0]!==void 0?arguments[0]:["copy","cut"],m=typeof m=="string"?[m]:m,b=!!document.queryCommandSupported;return m.forEach(function(_){b=b&&!!document.queryCommandSupported(_)}),b}}],(V=[{key:"resolveOptions",value:function(){var m=0<arguments.length&&arguments[0]!==void 0?arguments[0]:{};this.action=typeof m.action=="function"?m.action:this.defaultAction,this.target=typeof m.target=="function"?m.target:this.defaultTarget,this.text=typeof m.text=="function"?m.text:this.defaultText,this.container=C(m.container)==="object"?m.container:document.body}},{key:"listenClick",value:function(m){var b=this;this.listener=h()(m,"click",function(_){return b.onClick(_)})}},{key:"onClick",value:function(N){var b=N.delegateTarget||N.currentTarget,_=this.action(b)||"copy",N=W({action:_,container:this.container,target:this.target(b),text:this.text(b)});this.emit(N?"success":"error",{action:_,text:N,trigger:b,clearSelection:function(){b&&b.focus(),window.getSelection().removeAllRanges()}})}},{key:"defaultAction",value:function(m){return Q("action",m)}},{key:"defaultTarget",value:function(m){if(m=Q("target",m),m)return document.querySelector(m)}},{key:"defaultText",value:function(m){return Q("text",m)}},{key:"destroy",value:function(){this.listener.destroy()}}])&&R(P.prototype,V),F&&R(P,F),c}()},828:function(o){var i;typeof Element>"u"||Element.prototype.matches||((i=Element.prototype).matches=i.matchesSelector||i.mozMatchesSelector||i.msMatchesSelector||i.oMatchesSelector||i.webkitMatchesSelector),o.exports=function(a,l){for(;a&&a.nodeType!==9;){if(typeof a.matches=="function"&&a.matches(l))return a;a=a.parentNode}}},438:function(o,i,a){var l=a(828);function h(d,p,g,y,A){var k=(function(j,W,C,R){return function(O){O.delegateTarget=l(O.target,W),O.delegateTarget&&R.call(j,O)}}).apply(this,arguments);return d.addEventListener(g,k,A),{destroy:function(){d.removeEventListener(g,k,A)}}}o.exports=function(d,p,g,y,A){return typeof d.addEventListener=="function"?h.apply(null,arguments):typeof g=="function"?h.bind(null,document).apply(null,arguments):(typeof d=="string"&&(d=document.querySelectorAll(d)),Array.prototype.map.call(d,function(k){return h(k,p,g,y,A)}))}},879:function(o,i){i.node=function(a){return a!==void 0&&a instanceof HTMLElement&&a.nodeType===1},i.nodeList=function(a){var l=Object.prototype.toString.call(a);return a!==void 0&&(l==="[object NodeList]"||l==="[object HTMLCollection]")&&"length"in a&&(a.length===0||i.node(a[0]))},i.string=function(a){return typeof a=="string"||a instanceof String},i.fn=function(a){return Object.prototype.toString.call(a)==="[object Function]"}},370:function(o,i,a){var l=a(879),h=a(438);o.exports=function(d,p,g){if(!d&&!p&&!g)throw new Error("Missing required arguments");if(!l.string(p))throw new TypeError("Second argument must be a String");if(!l.fn(g))throw new TypeError("Third argument must be a Function");if(l.node(d))return W=p,C=g,(j=d).addEventListener(W,C),{destroy:function(){j.removeEventListener(W,C)}};if(l.nodeList(d))return y=d,A=p,k=g,Array.prototype.forEach.call(y,function(R){R.addEventListener(A,k)}),{destroy:function(){Array.prototype.forEach.call(y,function(R){R.removeEventListener(A,k)})}};if(l.string(d))return d=d,p=p,g=g,h(document.body,d,p,g);throw new TypeError("First argument must be a String, HTMLElement, HTMLCollection, or NodeList");var y,A,k,j,W,C}},817:function(o){o.exports=function(i){var a,l=i.nodeName==="SELECT"?(i.focus(),i.value):i.nodeName==="INPUT"||i.nodeName==="TEXTAREA"?((a=i.hasAttribute("readonly"))||i.setAttribute("readonly",""),i.select(),i.setSelectionRange(0,i.value.length),a||i.removeAttribute("readonly"),i.value):(i.hasAttribute("contenteditable")&&i.focus(),l=window.getSelection(),(a=document.createRange()).selectNodeContents(i),l.removeAllRanges(),l.addRange(a),l.toString());return l}},279:function(o){function i(){}i.prototype={on:function(a,l,h){var d=this.e||(this.e={});return(d[a]||(d[a]=[])).push({fn:l,ctx:h}),this},once:function(a,l,h){var d=this;function p(){d.off(a,p),l.apply(h,arguments)}return p._=l,this.on(a,p,h)},emit:function(a){for(var l=[].slice.call(arguments,1),h=((this.e||(this.e={}))[a]||[]).slice(),d=0,p=h.length;d<p;d++)h[d].fn.apply(h[d].ctx,l);return this},off:function(a,l){var h=this.e||(this.e={}),d=h[a],p=[];if(d&&l)for(var g=0,y=d.length;g<y;g++)d[g].fn!==l&&d[g].fn._!==l&&p.push(d[g]);return p.length?h[a]=p:delete h[a],this}},o.exports=i,o.exports.TinyEmitter=i}},r={},s.n=function(o){var i=o&&o.__esModule?function(){return o.default}:function(){return o};return s.d(i,{a:i}),i},s.d=function(o,i){for(var a in i)s.o(i,a)&&!s.o(o,a)&&Object.defineProperty(o,a,{enumerable:!0,get:i[a]})},s.o=function(o,i){return Object.prototype.hasOwnProperty.call(o,i)},s(686).default;function s(o){if(r[o])return r[o].exports;var i=r[o]={exports:{}};return n[o](i,i.exports,s),i.exports}var n,r})})(bu);var Hae=bu.exports;(function(e,t){var s=Hae,n={autoSetContainer:!1,appendToBody:!0},r={install:function(o){var i=o.version.slice(0,2)==="3."?o.config.globalProperties:o.prototype;i.$clipboardConfig=n,i.$copyText=function(a,l){return new Promise(function(h,d){var p=document.createElement("button"),g=new s(p,{text:function(){return a},action:function(){return"copy"},container:typeof l=="object"?l:document.body});g.on("success",function(y){g.destroy(),h(y)}),g.on("error",function(y){g.destroy(),d(y)}),n.appendToBody&&document.body.appendChild(p),p.click(),n.appendToBody&&document.body.removeChild(p)})},o.directive("clipboard",{bind:function(a,l,h){if(l.arg==="success")a._vClipboard_success=l.value;else if(l.arg==="error")a._vClipboard_error=l.value;else{var d=new s(a,{text:function(){return l.value},action:function(){return l.arg==="cut"?"cut":"copy"},container:n.autoSetContainer?a:void 0});d.on("success",function(p){var g=a._vClipboard_success;g&&g(p)}),d.on("error",function(p){var g=a._vClipboard_error;g&&g(p)}),a._vClipboard=d}},update:function(a,l){l.arg==="success"?a._vClipboard_success=l.value:l.arg==="error"?a._vClipboard_error=l.value:(a._vClipboard.text=function(){return l.value},a._vClipboard.action=function(){return l.arg==="cut"?"cut":"copy"})},unbind:function(a,l){a._vClipboard&&(l.arg==="success"?delete a._vClipboard_success:l.arg==="error"?delete a._vClipboard_error:(a._vClipboard.destroy(),delete a._vClipboard))}})},config:n};e.exports=r})(vu);var Bae=vu.exports;const Ja=qs(Bae);function yu(e){return Tl()?(id(e),!0):!1}const Eu=typeof window<"u"&&typeof document<"u";typeof WorkerGlobalScope<"u"&&globalThis instanceof WorkerGlobalScope;const jae=Object.prototype.toString,Vae=e=>jae.call(e)==="[object Object]",an=()=>{},ii=Gae();function Gae(){var e,t;return Eu&&((e=window==null?void 0:window.navigator)==null?void 0:e.userAgent)&&(/iP(?:ad|hone|od)/.test(window.navigator.userAgent)||((t=window==null?void 0:window.navigator)==null?void 0:t.maxTouchPoints)>2&&/iPad|Macintosh/.test(window==null?void 0:window.navigator.userAgent))}function Za(e){return Array.isArray(e)?e:[e]}function Wae(...e){if(e.length!==1)return qd(...e);const t=e[0];return typeof t=="function"?gi(Id(()=>({get:t,set:an}))):zr(t)}const Tu=Eu?window:void 0;function Qs(e){var t;const s=es(e);return(t=s==null?void 0:s.$el)!=null?t:s}function Xn(...e){let t,s,n,r;if(typeof e[0]=="string"||Array.isArray(e[0])?([s,n,r]=e,t=Tu):[t,s,n,r]=e,!t)return an;s=Za(s),n=Za(n);const o=[],i=()=>{o.forEach(d=>d()),o.length=0},a=(d,p,g,y)=>(d.addEventListener(p,g,y),()=>d.removeEventListener(p,g,y)),l=Os(()=>[Qs(t),es(r)],([d,p])=>{if(i(),!d)return;const g=Vae(p)?{...p}:p;o.push(...s.flatMap(y=>n.map(A=>a(d,y,A,g))))},{immediate:!0,flush:"post"}),h=()=>{l(),i()};return yu(h),h}let el=!1;function tl(e,t,s={}){const{window:n=Tu,ignore:r=[],capture:o=!0,detectIframe:i=!1}=s;if(!n)return an;ii&&!el&&(el=!0,Array.from(n.document.body.children).forEach(k=>k.addEventListener("click",an)),n.document.documentElement.addEventListener("click",an));let a=!0;const l=k=>es(r).some(j=>{if(typeof j=="string")return Array.from(n.document.querySelectorAll(j)).some(W=>W===k.target||k.composedPath().includes(W));{const W=Qs(j);return W&&(k.target===W||k.composedPath().includes(W))}});function h(k){const j=es(k);return j&&j.$.subTree.shapeFlag===16}function d(k,j){const W=es(k),C=W.$.subTree&&W.$.subTree.children;return C==null||!Array.isArray(C)?!1:C.some(R=>R.el===j.target||j.composedPath().includes(R.el))}const p=k=>{const j=Qs(e);if(k.target!=null&&!(!(j instanceof Element)&&h(e)&&d(e,k))&&!(!j||j===k.target||k.composedPath().includes(j))){if(k.detail===0&&(a=!l(k)),!a){a=!0;return}t(k)}};let g=!1;const y=[Xn(n,"click",k=>{g||(g=!0,setTimeout(()=>{g=!1},0),p(k))},{passive:!0,capture:o}),Xn(n,"pointerdown",k=>{const j=Qs(e);a=!l(k)&&!!(j&&!k.composedPath().includes(j))},{passive:!0}),i&&Xn(n,"blur",k=>{setTimeout(()=>{var j;const W=Qs(e);((j=n.document.activeElement)==null?void 0:j.tagName)==="IFRAME"&&!(W!=null&&W.contains(n.document.activeElement))&&t(k)},0)},{passive:!0})].filter(Boolean);return()=>y.forEach(k=>k())}const zae={mounted(e,t){const s=!t.modifiers.bubble;if(typeof t.value=="function")e.__onClickOutside_stop=tl(e,t.value,{capture:s});else{const[n,r]=t.value;e.__onClickOutside_stop=tl(e,n,Object.assign({capture:s},r))}},unmounted(e){e.__onClickOutside_stop()}};function qo(e){return typeof Window<"u"&&e instanceof Window?e.document.documentElement:typeof Document<"u"&&e instanceof Document?e.documentElement:e}function wu(e){const t=window.getComputedStyle(e);if(t.overflowX==="scroll"||t.overflowY==="scroll"||t.overflowX==="auto"&&e.clientWidth<e.scrollWidth||t.overflowY==="auto"&&e.clientHeight<e.scrollHeight)return!0;{const s=e.parentNode;return!s||s.tagName==="BODY"?!1:wu(s)}}function Qae(e){const t=e||window.event,s=t.target;return wu(s)?!1:t.touches.length>1?!0:(t.preventDefault&&t.preventDefault(),!1)}const Do=new WeakMap;function Yae(e,t=!1){const s=zr(t);let n=null,r="";Os(Wae(e),a=>{const l=qo(es(a));if(l){const h=l;if(Do.get(h)||Do.set(h,h.style.overflow),h.style.overflow!=="hidden"&&(r=h.style.overflow),h.style.overflow==="hidden")return s.value=!0;if(s.value)return h.style.overflow="hidden"}},{immediate:!0});const o=()=>{const a=qo(es(e));!a||s.value||(ii&&(n=Xn(a,"touchmove",l=>{Qae(l)},{passive:!1})),a.style.overflow="hidden",s.value=!0)},i=()=>{const a=qo(es(e));!a||!s.value||(ii&&(n==null||n()),a.style.overflow=r,Do.delete(a),s.value=!1)};return yu(i),Rc({get(){return s.value},set(a){a?o():i()}})}function Kae(){let e=!1;const t=zr(!1);return(s,n)=>{if(t.value=n.value,e)return;e=!0;const r=Yae(s,n.value);Os(t,o=>r.value=o)}}Kae();var Xae=Array.isArray,qi=Xae,Jae=typeof ve=="object"&&ve&&ve.Object===Object&&ve,Zae=Jae,ele=Zae,tle=typeof self=="object"&&self&&self.Object===Object&&self,sle=ele||tle||Function("return this")(),Di=sle,nle=Di,rle=nle.Symbol,Pi=rle,sl=Pi,_u=Object.prototype,ole=_u.hasOwnProperty,ile=_u.toString,Gs=sl?sl.toStringTag:void 0;function ale(e){var t=ole.call(e,Gs),s=e[Gs];try{e[Gs]=void 0;var n=!0}catch{}var r=ile.call(e);return n&&(t?e[Gs]=s:delete e[Gs]),r}var lle=ale,cle=Object.prototype,ule=cle.toString;function dle(e){return ule.call(e)}var hle=dle,nl=Pi,fle=lle,ple=hle,mle="[object Null]",gle="[object Undefined]",rl=nl?nl.toStringTag:void 0;function vle(e){return e==null?e===void 0?gle:mle:rl&&rl in Object(e)?fle(e):ple(e)}var Su=vle;function ble(e){return e!=null&&typeof e=="object"}var yle=ble,Ele=Su,Tle=yle,wle="[object Symbol]";function _le(e){return typeof e=="symbol"||Tle(e)&&Ele(e)==wle}var xi=_le,Sle=qi,Rle=xi,Cle=/\.|\[(?:[^[\]]*|(["'])(?:(?!\1)[^\\]|\\.)*?\1)\]/,Ale=/^\w*$/;function kle(e,t){if(Sle(e))return!1;var s=typeof e;return s=="number"||s=="symbol"||s=="boolean"||e==null||Rle(e)?!0:Ale.test(e)||!Cle.test(e)||t!=null&&e in Object(t)}var Nle=kle;function Ole(e){var t=typeof e;return e!=null&&(t=="object"||t=="function")}var Ru=Ole,Ile=Su,$le=Ru,Lle="[object AsyncFunction]",qle="[object Function]",Dle="[object GeneratorFunction]",Ple="[object Proxy]";function xle(e){if(!$le(e))return!1;var t=Ile(e);return t==qle||t==Dle||t==Lle||t==Ple}var Mle=xle,Ule=Di,Fle=Ule["__core-js_shared__"],Hle=Fle,Po=Hle,ol=function(){var e=/[^.]+$/.exec(Po&&Po.keys&&Po.keys.IE_PROTO||"");return e?"Symbol(src)_1."+e:""}();function Ble(e){return!!ol&&ol in e}var jle=Ble,Vle=Function.prototype,Gle=Vle.toString;function Wle(e){if(e!=null){try{return Gle.call(e)}catch{}try{return e+""}catch{}}return""}var zle=Wle,Qle=Mle,Yle=jle,Kle=Ru,Xle=zle,Jle=/[\\^$.*+?()[\]{}|]/g,Zle=/^\[object .+?Constructor\]$/,ece=Function.prototype,tce=Object.prototype,sce=ece.toString,nce=tce.hasOwnProperty,rce=RegExp("^"+sce.call(nce).replace(Jle,"\\$&").replace(/hasOwnProperty|(function).*?(?=\\\()| for .+?(?=\\\])/g,"$1.*?")+"$");function oce(e){if(!Kle(e)||Yle(e))return!1;var t=Qle(e)?rce:Zle;return t.test(Xle(e))}var ice=oce;function ace(e,t){return e==null?void 0:e[t]}var lce=ace,cce=ice,uce=lce;function dce(e,t){var s=uce(e,t);return cce(s)?s:void 0}var Cu=dce,hce=Cu,fce=hce(Object,"create"),lo=fce,il=lo;function pce(){this.__data__=il?il(null):{},this.size=0}var mce=pce;function gce(e){var t=this.has(e)&&delete this.__data__[e];return this.size-=t?1:0,t}var vce=gce,bce=lo,yce="__lodash_hash_undefined__",Ece=Object.prototype,Tce=Ece.hasOwnProperty;function wce(e){var t=this.__data__;if(bce){var s=t[e];return s===yce?void 0:s}return Tce.call(t,e)?t[e]:void 0}var _ce=wce,Sce=lo,Rce=Object.prototype,Cce=Rce.hasOwnProperty;function Ace(e){var t=this.__data__;return Sce?t[e]!==void 0:Cce.call(t,e)}var kce=Ace,Nce=lo,Oce="__lodash_hash_undefined__";function Ice(e,t){var s=this.__data__;return this.size+=this.has(e)?0:1,s[e]=Nce&&t===void 0?Oce:t,this}var $ce=Ice,Lce=mce,qce=vce,Dce=_ce,Pce=kce,xce=$ce;function Ds(e){var t=-1,s=e==null?0:e.length;for(this.clear();++t<s;){var n=e[t];this.set(n[0],n[1])}}Ds.prototype.clear=Lce;Ds.prototype.delete=qce;Ds.prototype.get=Dce;Ds.prototype.has=Pce;Ds.prototype.set=xce;var Mce=Ds;function Uce(){this.__data__=[],this.size=0}var Fce=Uce;function Hce(e,t){return e===t||e!==e&&t!==t}var Bce=Hce,jce=Bce;function Vce(e,t){for(var s=e.length;s--;)if(jce(e[s][0],t))return s;return-1}var co=Vce,Gce=co,Wce=Array.prototype,zce=Wce.splice;function Qce(e){var t=this.__data__,s=Gce(t,e);if(s<0)return!1;var n=t.length-1;return s==n?t.pop():zce.call(t,s,1),--this.size,!0}var Yce=Qce,Kce=co;function Xce(e){var t=this.__data__,s=Kce(t,e);return s<0?void 0:t[s][1]}var Jce=Xce,Zce=co;function eue(e){return Zce(this.__data__,e)>-1}var tue=eue,sue=co;function nue(e,t){var s=this.__data__,n=sue(s,e);return n<0?(++this.size,s.push([e,t])):s[n][1]=t,this}var rue=nue,oue=Fce,iue=Yce,aue=Jce,lue=tue,cue=rue;function Ps(e){var t=-1,s=e==null?0:e.length;for(this.clear();++t<s;){var n=e[t];this.set(n[0],n[1])}}Ps.prototype.clear=oue;Ps.prototype.delete=iue;Ps.prototype.get=aue;Ps.prototype.has=lue;Ps.prototype.set=cue;var uue=Ps,due=Cu,hue=Di,fue=due(hue,"Map"),pue=fue,al=Mce,mue=uue,gue=pue;function vue(){this.size=0,this.__data__={hash:new al,map:new(gue||mue),string:new al}}var bue=vue;function yue(e){var t=typeof e;return t=="string"||t=="number"||t=="symbol"||t=="boolean"?e!=="__proto__":e===null}var Eue=yue,Tue=Eue;function wue(e,t){var s=e.__data__;return Tue(t)?s[typeof t=="string"?"string":"hash"]:s.map}var uo=wue,_ue=uo;function Sue(e){var t=_ue(this,e).delete(e);return this.size-=t?1:0,t}var Rue=Sue,Cue=uo;function Aue(e){return Cue(this,e).get(e)}var kue=Aue,Nue=uo;function Oue(e){return Nue(this,e).has(e)}var Iue=Oue,$ue=uo;function Lue(e,t){var s=$ue(this,e),n=s.size;return s.set(e,t),this.size+=s.size==n?0:1,this}var que=Lue,Due=bue,Pue=Rue,xue=kue,Mue=Iue,Uue=que;function xs(e){var t=-1,s=e==null?0:e.length;for(this.clear();++t<s;){var n=e[t];this.set(n[0],n[1])}}xs.prototype.clear=Due;xs.prototype.delete=Pue;xs.prototype.get=xue;xs.prototype.has=Mue;xs.prototype.set=Uue;var Fue=xs,Au=Fue,Hue="Expected a function";function Mi(e,t){if(typeof e!="function"||t!=null&&typeof t!="function")throw new TypeError(Hue);var s=function(){var n=arguments,r=t?t.apply(this,n):n[0],o=s.cache;if(o.has(r))return o.get(r);var i=e.apply(this,n);return s.cache=o.set(r,i)||o,i};return s.cache=new(Mi.Cache||Au),s}Mi.Cache=Au;var Bue=Mi,jue=Bue,Vue=500;function Gue(e){var t=jue(e,function(n){return s.size===Vue&&s.clear(),n}),s=t.cache;return t}var Wue=Gue,zue=Wue,Que=/[^.[\]]+|\[(?:(-?\d+(?:\.\d+)?)|(["'])((?:(?!\2)[^\\]|\\.)*?)\2)\]|(?=(?:\.|\[\])(?:\.|\[\]|$))/g,Yue=/\\(\\)?/g,Kue=zue(function(e){var t=[];return e.charCodeAt(0)===46&&t.push(""),e.replace(Que,function(s,n,r,o){t.push(r?o.replace(Yue,"$1"):n||s)}),t}),Xue=Kue;function Jue(e,t){for(var s=-1,n=e==null?0:e.length,r=Array(n);++s<n;)r[s]=t(e[s],s,e);return r}var Zue=Jue,ll=Pi,ede=Zue,tde=qi,sde=xi,nde=1/0,cl=ll?ll.prototype:void 0,ul=cl?cl.toString:void 0;function ku(e){if(typeof e=="string")return e;if(tde(e))return ede(e,ku)+"";if(sde(e))return ul?ul.call(e):"";var t=e+"";return t=="0"&&1/e==-nde?"-0":t}var rde=ku,ode=rde;function ide(e){return e==null?"":ode(e)}var ade=ide,lde=qi,cde=Nle,ude=Xue,dde=ade;function hde(e,t){return lde(e)?e:cde(e,t)?[e]:ude(dde(e))}var fde=hde,pde=xi,mde=1/0;function gde(e){if(typeof e=="string"||pde(e))return e;var t=e+"";return t=="0"&&1/e==-mde?"-0":t}var vde=gde,bde=fde,yde=vde;function Ede(e,t){t=bde(t,e);for(var s=0,n=t.length;e!=null&&s<n;)e=e[yde(t[s++])];return s&&s==n?e:void 0}var Tde=Ede,wde=Tde;function _de(e,t,s){var n=e==null?void 0:wde(e,t);return n===void 0?s:n}var Sde=_de;const Rde=qs(Sde);function Cde(e){let t=kf(xae);return t.config.devtools=!0,t.config.performance=!0,e.$editorLinks.register(t),e.$textFilters.register(t),t.component("icon",Kc),t.component("spinner",Fae),t.mixin({data:()=>({global:e}),computed:Object.entries(e).reduce((s,[n,r])=>(s[n]=function(){return this.global[n]},s),{})}),Ja.config.autoSetContainer=!0,t.use(Ja),t.directive("on-click-outside",zae),t.mixin({methods:{$get:Rde}}),t}var Nu=Ys;function Ys(e){let t=e;var s={}.toString.call(e).slice(8,-1);if(s=="Set")return new Set([...e].map(r=>Ys(r)));if(s=="Map")return new Map([...e].map(r=>[Ys(r[0]),Ys(r[1])]));if(s=="Date")return new Date(e.getTime());if(s=="RegExp")return RegExp(e.source,Ade(e));if(s=="Array"||s=="Object"){t=Array.isArray(e)?[]:{};for(var n in e)t[n]=Ys(e[n])}return t}function Ade(e){if(typeof e.source.flags=="string")return e.source.flags;var t=[];return e.global&&t.push("g"),e.ignoreCase&&t.push("i"),e.multiline&&t.push("m"),e.sticky&&t.push("y"),e.unicode&&t.push("u"),t.join("")}var kde=Nde;function Nde(e,t){if(!Array.isArray(e)||!Array.isArray(t))throw new Error("expected both arguments to be arrays");for(var s=[],n=Ode(t),r={},o=0;o<e.length;o++){var i=e[o];n.hasOwnProperty(i)&&!r.hasOwnProperty(i)&&(s.push(i),r[i]=!0)}return s}function Ode(e){for(var t={},s=0;s<e.length;s++){var n=e[s];t.hasOwnProperty(n)||(t[n]=!0)}return t}class Ur{constructor(t,s,n){this.startTime=s,this.endTime=n,this.events=[],t.map(r=>this.append(r))}append(t){t.start=t.start||this.startTime,t.start<this.startTime&&(t.start=this.startTime),t.end>this.endTime&&(t.end=this.endTime),this.events.push(new Ide(t)),this.sort()}appendTotalEvent(){this.append({description:"Total time",start:this.startTime,duration:this.endTime-this.startTime,color:"grey"})}merge(t){this.events=this.events.concat(t.events),this.sort()}copy(){return new Ur(Nu(this.events),this.startTime,this.endTime)}sort(){return this.events=this.events.sort((t,s)=>t.start-s.start),this}filter(t,s){let n=this.copy();return n.events=t.filter(n.events),n.events=n.events.filter(r=>!kde(r.tags,s).length),n}condense(){let t=this.copy(),s=(t.endTime-t.startTime)/64;return t.events=t.events.reduce((n,r)=>{if(r.duration>=s)return[...n,r];let o=n[n.length-1];return o instanceof Ws&&o.end<=r.start?(o.push(r),n):[...n,new Ws(r)]},[]),t}present(t){return this.events.map(s=>(s instanceof Ws||(s=new Ws(s)),s.present(this,t)))}findChildren(t){return this.events.flatMap(s=>s instanceof Ws?s.events:s).reduce((s,n)=>(n!==t&&t.contains(n)&&s.every(r=>!r.contains(n))&&s.push(n),s),[])}}class Ide{constructor(t){this.name=t.name||t.description,this.description=t.description||"",this.start=t.start instanceof Date?t.start.getTime()/1e3:t.start,this.duration=t.duration||0,this.color=t.color||"blue",this.end=this.start+this.duration/1e3,this.tags=t.tags||[],this.data=t.data}present(t,s){if(this.presented)return this;this.startRelative=(this.start-t.startTime)*1e3/(t.endTime-t.startTime),this.durationRelative=this.duration/(t.endTime-t.startTime),this.offset=this.startRelative*s,this.width=this.durationRelative*s,this.width<3&&(this.width=3),this.width>s&&(this.width=s),this.width+this.offset>s&&(this.offset=s-this.width),this.eventClass=this.color,this.eventStyle={left:"0px",width:`${this.width}px`},this.labelWidth=this.startRelative>.5?this.offset:s-this.width-this.offset,this.labelClass=this.startRelative>.5?["before",this.color]:["after",this.color],this.labelStyle={width:`${this.labelWidth}px`},this.width>200&&(this.labelClass=["inside",this.color]);let n=t.findChildren(this).map(r=>r.present(t,s));return this.childrenSections=n.map(r=>({style:{left:`${r.offset-this.offset}px`,width:`${r.width}px`}})),this.durationChildren=n.length?n.reduce((r,o)=>r+o.duration,0):null,this.durationSelf=this.duration-this.durationChildren,this.presented=!0,this}contains(t){return this.start<t.start&&t.end<this.end}}class Ws{constructor(t){this.events=t instanceof Array?t:[t],this.name=this.firstEvent.name,this.description=this.firstEvent.description,this.start=this.firstEvent.start,this.duration=this.lastEvent.end-this.firstEvent.start,this.color=this.firstEvent.color,this.end=this.lastEvent.end}get condensed(){return this.events.length>1}get firstEvent(){return this.events[0]}get lastEvent(){return this.events[this.events.length-1]}push(t){this.events.push(t),this.name=this.description=`${this.events.length} events`,this.duration=this.lastEvent.end-this.firstEvent.start,this.end=this.lastEvent.end}present(t,s){return this.events.forEach(n=>{n.present(t,s),n.eventStyle.left=`${n.offset-this.events[0].offset}px`}),this.duration=this.condensed?null:this.firstEvent.duration,this.durationSelf=this.condensed?null:this.firstEvent.durationSelf,this.durationChildren=this.condensed?null:this.firstEvent.durationChildren,this.offset=this.firstEvent.offset,this.width=this.lastEvent.width+this.lastEvent.offset-this.firstEvent.offset,this.color=this.offset>s/2?this.firstEvent.color:this.lastEvent.color,this.labelWidth=this.offset>s/2?this.offset:s-this.width-this.offset,this.labelClass=this.offset>s/2?["before",this.color]:["after",this.color],this.labelStyle={width:`${this.labelWidth}px`},this.width>200&&!this.condensed&&(this.labelClass=["inside",this.color]),this.groupStyle={"margin-left":`${this.offset}px`,width:`${this.width}px`},this.tags=this.condensed?[]:this.firstEvent.tags,this.data=this.condensed?void 0:this.firstEvent.data,this}}const $de={100:{code:100,message:"Continue",description:"The server has received the request headers, and the client should proceed to send the request body."},101:{code:101,message:"Switching Protocols",description:"The requester has asked the server to switch protocols."},102:{code:102,message:"Processing",description:"This code indicates that the server has received and is processing the request, but no response is available yet. This prevents the client from timing out and assuming the request was lost."},103:{code:103,message:"Early Hints",description:"Used to return some response headers before final HTTP message."},200:{code:200,message:"OK",description:"The request is OK (this is the standard response for successful HTTP requests)."},201:{code:201,message:"Created",description:"The request has been fulfilled, and a new resource is created."},202:{code:202,message:"Accepted",description:"The request has been accepted for processing, but the processing has not been completed."},203:{code:203,message:"Non-Authoritative Information",description:"The request has been successfully processed, but is returning information that may be from another source."},204:{code:204,message:"No Content",description:"The request has been successfully processed, but is not returning any content."},205:{code:205,message:"Reset Content",description:"The request has been successfully processed, but is not returning any content, and requires that the requester reset the document view."},206:{code:206,message:"Partial Content",description:"The server is delivering only part of the resource due to a range header sent by the client."},207:{code:207,message:"Multi-Status",description:"The message body that follows is by default an XML message and can contain a number of separate response codes, depending on how many sub-requests were made."},208:{code:208,message:"Already Reported",description:"The members of a DAV binding have already been enumerated in a preceding part of the (multistatus) response, and are not being included again."},218:{code:218,message:"This is fine (Apache Web Server)",description:"Used as a catch-all error condition for allowing response bodies to flow through Apache when ProxyErrorOverride is enabled."},226:{code:226,message:"IM Used",description:"The server has fulfilled a request for the resource, and the response is a representation of the result of one or more instance-manipulations applied to the current instance."},300:{code:300,message:"Multiple Choices",description:"A link list. The user can select a link and go to that location. Maximum five addresses."},301:{code:301,message:"Moved Permanently",description:"The requested page has moved to a new URL."},302:{code:302,message:"Found",description:"The requested page has moved temporarily to a new URL."},303:{code:303,message:"See Other",description:"The requested page can be found under a different URL."},304:{code:304,message:"Not Modified",description:"Indicates the requested page has not been modified since last requested."},306:{code:306,message:"Switch Proxy",description:'No longer used. Originally meant "Subsequent requests should use the specified proxy."'},307:{code:307,message:"Temporary Redirect",description:"The requested page has moved temporarily to a new URL."},308:{code:308,message:"Resume Incomplete",description:"Used in the resumable requests proposal to resume aborted PUT or POST requests."},400:{code:400,message:"Bad Request",description:"The request cannot be fulfilled due to bad syntax."},401:{code:401,message:"Unauthorized",description:"The request was a legal request, but the server is refusing to respond to it. For use when authentication is possible but has failed or not yet been provided."},402:{code:402,message:"Payment Required",description:"Not yet implemented by RFC standards, but reserved for future use."},403:{code:403,message:"Forbidden",description:"The request was a legal request, but the server is refusing to respond to it."},404:{code:404,message:"Not Found",description:"The requested page could not be found but may be available again in the future."},405:{code:405,message:"Method Not Allowed",description:"A request was made of a page using a request method not supported by that page."},406:{code:406,message:"Not Acceptable",description:"The server can only generate a response that is not accepted by the client."},407:{code:407,message:"Proxy Authentication Required",description:"The client must first authenticate itself with the proxy."},408:{code:408,message:"Request Timeout",description:"The server timed out waiting for the request."},409:{code:409,message:"Conflict",description:"The request could not be completed because of a conflict in the request."},410:{code:410,message:"Gone",description:"The requested page is no longer available."},411:{code:411,message:"Length Required",description:'The "Content-Length" is not defined. The server will not accept the request without it.'},412:{code:412,message:"Precondition Failed",description:"The precondition given in the request evaluated to false by the server."},413:{code:413,message:"Request Entity Too Large",description:"The server will not accept the request, because the request entity is too large."},414:{code:414,message:"Request-URI Too Long",description:"The server will not accept the request, because the URL is too long. Occurs when you convert a POST request to a GET request with a long query information."},415:{code:415,message:"Unsupported Media Type",description:"The server will not accept the request, because the media type is not supported."},416:{code:416,message:"Requested Range Not Satisfiable",description:"The client has asked for a portion of the file, but the server cannot supply that portion."},417:{code:417,message:"Expectation Failed",description:"The server cannot meet the requirements of the Expect request-header field."},418:{code:418,message:"I'm a teapot",description:`Any attempt to brew coffee with a teapot should result in the error code "418 I'm a teapot". The resulting entity body MAY be short and stout.`},419:{code:419,message:"Page Expired (Laravel Framework)",description:"Used by the Laravel Framework when a CSRF Token is missing or expired."},420:{code:420,message:"Method Failure (Spring Framework)",description:"A deprecated response used by the Spring Framework when a method has failed."},421:{code:421,message:"Misdirected Request",description:"The request was directed at a server that is not able to produce a response (for example because a connection reuse)."},422:{code:422,message:"Unprocessable Entity",description:"The request was well-formed but was unable to be followed due to semantic errors."},423:{code:423,message:"Locked",description:"The resource that is being accessed is locked."},424:{code:424,message:"Failed Dependency",description:"The request failed due to failure of a previous request (e.g., a PROPPATCH)."},426:{code:426,message:"Upgrade Required",description:"The client should switch to a different protocol such as TLS/1.0, given in the Upgrade header field."},428:{code:428,message:"Precondition Required",description:"The origin server requires the request to be conditional."},429:{code:429,message:"Too Many Requests",description:"The user has sent too many requests in a given amount of time. Intended for use with rate limiting schemes."},431:{code:431,message:"Request Header Fields Too Large",description:"The server is unwilling to process the request because either an individual header field, or all the header fields collectively, are too large."},440:{code:440,message:"Login Time-out",description:"The client's session has expired and must log in again. (IIS)"},444:{code:444,message:"Connection Closed Without Response",description:"A non-standard status code used to instruct nginx to close the connection without sending a response to the client, most commonly used to deny malicious or malformed requests."},449:{code:449,message:"Retry With",description:"The server cannot honour the request because the user has not provided the required information. (IIS)"},450:{code:450,message:"Blocked by Windows Parental Controls",description:"The Microsoft extension code indicated when Windows Parental Controls are turned on and are blocking access to the requested webpage."},451:{code:451,message:"Unavailable For Legal Reasons",description:"A server operator has received a legal demand to deny access to a resource or to a set of resources that includes the requested resource."},494:{code:494,message:"Request Header Too Large",description:"Used by nginx to indicate the client sent too large of a request or header line that is too long."},495:{code:495,message:"SSL Certificate Error",description:"An expansion of the 400 Bad Request response code, used when the client has provided an invalid client certificate."},496:{code:496,message:"SSL Certificate Required",description:"An expansion of the 400 Bad Request response code, used when a client certificate is required but not provided."},497:{code:497,message:"HTTP Request Sent to HTTPS Port",description:"An expansion of the 400 Bad Request response code, used when the client has made a HTTP request to a port listening for HTTPS requests."},498:{code:498,message:"Invalid Token (Esri)",description:"Returned by ArcGIS for Server. Code 498 indicates an expired or otherwise invalid token."},499:{code:499,message:"Client Closed Request",description:"A non-standard status code introduced by nginx for the case when a client closes the connection while nginx is processing the request."},500:{code:500,message:"Internal Server Error",description:"An error has occurred in a server side script, a no more specific message is suitable."},501:{code:501,message:"Not Implemented",description:"The server either does not recognize the request method, or it lacks the ability to fulfill the request."},502:{code:502,message:"Bad Gateway",description:"The server was acting as a gateway or proxy and received an invalid response from the upstream server."},503:{code:503,message:"Service Unavailable",description:"The server is currently unavailable (overloaded or down)."},504:{code:504,message:"Gateway Timeout",description:"The server was acting as a gateway or proxy and did not receive a timely response from the upstream server."},505:{code:505,message:"HTTP Version Not Supported",description:"The server does not support the HTTP protocol version used in the request."},506:{code:506,message:"Variant Also Negotiates",description:"Transparent content negotiation for the request results in a circular reference."},507:{code:507,message:"Insufficient Storage",description:"The server is unable to store the representation needed to complete the request."},508:{code:508,message:"Loop Detected",description:"The server detected an infinite loop while processing the request (sent instead of 208 Already Reported)."},509:{code:509,message:"Bandwidth Limit Exceeded",description:"The server has exceeded the bandwidth specified by the server administrator; this is often used by shared hosting providers to limit the bandwidth of customers."},510:{code:510,message:"Not Extended",description:"Further extensions to the request are required for the server to fulfil it."},511:{code:511,message:"Network Authentication Required",description:"The client needs to authenticate to gain network access."},520:{code:520,message:"Unknown Error",description:'The 520 error is used as a "catch-all response for when the origin server returns something unexpected", listing connection resets, large headers, and empty or invalid responses as common triggers.'},521:{code:521,message:"Web Server Is Down",description:"The origin server has refused the connection from Cloudflare."},522:{code:522,message:"Connection Timed Out",description:"Cloudflare could not negotiate a TCP handshake with the origin server."},523:{code:523,message:"Origin Is Unreachable",description:"Cloudflare could not reach the origin server; for example, if the DNS records for the origin server are incorrect."},524:{code:524,message:"A Timeout Occurred",description:"Cloudflare was able to complete a TCP connection to the origin server, but did not receive a timely HTTP response."},525:{code:525,message:"SSL Handshake Failed",description:"Cloudflare could not negotiate a SSL/TLS handshake with the origin server."},526:{code:526,message:"Invalid SSL Certificate",description:"Used by Cloudflare and Cloud Foundry's gorouter to indicate failure to validate the SSL/TLS certificate that the origin server presented."},527:{code:527,message:"Railgun Listener to Origin Error",description:"Error 527 indicates that the request timed out or failed after the WAN connection had been established."},530:{code:530,message:"Origin DNS Error",description:"Error 530 indicates that the requested host name could not be resolved on the Cloudflare network to an origin server."},598:{code:598,message:"Network Read Timeout Error",description:"Used by some HTTP proxies to signal a network read timeout behind the proxy to a client in front of the proxy."},"1xx":{code:"1xx",message:"Information",description:"1xx codes are often interim responses for sharing connection status information. Not intended for final request or response action."},"2xx":{code:"2xx",message:"Successful",description:"2xx codes indicate successful responses usually this means the action requested by the client was received, understood and accepted successfully."},"3xx":{code:"3xx",message:"Redirection",description:"3xx codes are a class of responses that suggest the User-Agent must follow another course of action to obtain the complete requested resource."},"4xx":{code:"4xx",message:"Client Error",description:"4xx codes generally are error responses specifying an issue at the client’s end. Potentially a network issue."},"5xx":{code:"5xx",message:"Server Error",description:"5xx error codes indicate that an error or unresolvable request occurred on the server side, whether that is a proxy or the origin host."}};var Lde=qde;function qde(e,t){var s={};typeof t=="string"&&(t=[].slice.call(arguments,1));for(var n=t.length,r=0;r<n;r++){var o=t[r];o in e&&(s[o]=e[o])}return s}var Ou={},Iu={},Cn={},$u={},Lu={};(function(e){e.__esModule=!0;var t=/[\\^$.*+?()[\]{}|]/g,s=RegExp(t.source);function n(r){return r&&s.test(r)?r.replace(t,"\\$&"):r||""}e.default=n})(Lu);var An={};(function(e){e.__esModule=!0,e.TokenTypes=void 0,function(t){t.WHITESPACE="whitespace",t.WORD="word",t.STRING="string",t.RESERVED="reserved",t.RESERVED_TOP_LEVEL="reserved-top-level",t.RESERVED_TOP_LEVEL_NO_INDENT="reserved-top-level-no-indent",t.RESERVED_NEWLINE="reserved-newline",t.OPERATOR="operator",t.NO_SPACE_OPERATOR="no-space-operator",t.OPEN_PAREN="open-paren",t.CLOSE_PAREN="close-paren",t.LINE_COMMENT="line-comment",t.BLOCK_COMMENT="block-comment",t.NUMBER="number",t.PLACEHOLDER="placeholder",t.SERVERVARIABLE="servervariable"}(e.TokenTypes||(e.TokenTypes={}))})(An);(function(e){var t=ve&&ve.__importDefault||function(o){return o&&o.__esModule?o:{default:o}};e.__esModule=!0;var s=t(Lu),n=An,r=function(){function o(i){this.WHITESPACE_REGEX=/^(\s+)/u,this.NUMBER_REGEX=/^((-\s*)?[0-9]+(\.[0-9]+)?|0x[0-9a-fA-F]+|0b[01]+|([a-fA-F0-9]{8}-[a-fA-F0-9]{4}-[a-fA-F0-9]{4}-[a-fA-F0-9]{4}-[a-fA-F0-9]{12}))\b/u,this.AMBIGUOS_OPERATOR_REGEX=/^(\?\||\?&)/u,this.OPERATOR_REGEX=/^(!=|<>|>>|<<|==|<=|>=|!<|!>|\|\|\/|\|\/|\|\||~~\*|~~|!~~\*|!~~|~\*|!~\*|!~|:=|=>|&&|@>|<@|#-|@@|@|.)/u,this.NO_SPACE_OPERATOR_REGEX=/^(::|->>|->|#>>|#>)/u,this.BLOCK_COMMENT_REGEX=/^(\/\*[^]*?(?:\*\/|$))/u,this.LINE_COMMENT_REGEX=this.createLineCommentRegex(i.lineCommentTypes),this.RESERVED_TOP_LEVEL_REGEX=this.createReservedWordRegex(i.reservedTopLevelWords),this.RESERVED_TOP_LEVEL_NO_INDENT_REGEX=this.createReservedWordRegex(i.reservedTopLevelWordsNoIndent),this.RESERVED_NEWLINE_REGEX=this.createReservedWordRegex(i.reservedNewlineWords),this.RESERVED_PLAIN_REGEX=this.createReservedWordRegex(i.reservedWords),this.WORD_REGEX=this.createWordRegex(i.specialWordChars),this.STRING_REGEX=this.createStringRegex(i.stringTypes),this.OPEN_PAREN_REGEX=this.createParenRegex(i.openParens),this.CLOSE_PAREN_REGEX=this.createParenRegex(i.closeParens),this.INDEXED_PLACEHOLDER_REGEX=this.createPlaceholderRegex(i.indexedPlaceholderTypes,"[0-9]*"),this.IDENT_NAMED_PLACEHOLDER_REGEX=this.createPlaceholderRegex(i.namedPlaceholderTypes,"[a-zA-Z0-9._$]+"),this.STRING_NAMED_PLACEHOLDER_REGEX=this.createPlaceholderRegex(i.namedPlaceholderTypes,this.createStringPattern(i.stringTypes))}return o.prototype.createLineCommentRegex=function(i){var a="((?<!#)>|(?:[^>]))";return new RegExp("^((?:".concat(i.map(function(l){return(0,s.default)(l)}).join("|"),")").concat(a,`.*?(?:\r
|\r|
|$))`),"u")},o.prototype.createReservedWordRegex=function(i){var a=i.join("|").replace(/ /gu,"\\s+");return new RegExp("^(".concat(a,")\\b"),"iu")},o.prototype.createWordRegex=function(i){return new RegExp("^([\\p{Alphabetic}\\p{Mark}\\p{Decimal_Number}\\p{Connector_Punctuation}\\p{Join_Control}".concat(i.join(""),"]+)"),"u")},o.prototype.createStringRegex=function(i){return new RegExp("^("+this.createStringPattern(i)+")","u")},o.prototype.createStringPattern=function(i){var a={"``":"((`[^`]*($|`))+)","[]":"((\\[[^\\]]*($|\\]))(\\][^\\]]*($|\\]))*)",'""':'(("[^"\\\\]*(?:\\\\.[^"\\\\]*)*("|$))+)',"''":"(('[^'\\\\]*(?:\\\\.[^'\\\\]*)*('|$))+)","N''":"((N'[^N'\\\\]*(?:\\\\.[^N'\\\\]*)*('|$))+)","E''":"(((E|e)'[^'\\\\]*(?:\\\\.[^'\\\\]*)*('|$))+)"};return i.map(function(l){return a[l]}).join("|")},o.prototype.createParenRegex=function(i){var a=this;return new RegExp("^("+i.map(function(l){return a.escapeParen(l)}).join("|")+")","iu")},o.prototype.escapeParen=function(i){return i.length===1?(0,s.default)(i):"\\b"+i+"\\b"},o.prototype.createPlaceholderRegex=function(i,a){if(!i||i.length===0)return null;var l=i.map(s.default).join("|");return new RegExp("^((?:".concat(l,")(?:").concat(a,"))"),"u")},o.prototype.tokenize=function(i){if(!i)return[];for(var a=[],l;i.length;)l=this.getNextToken(i,l),i=i.substring(l.value.length),a.push(l);return a},o.prototype.getNextToken=function(i,a){return this.getWhitespaceToken(i)||this.getCommentToken(i)||this.getStringToken(i)||this.getOpenParenToken(i)||this.getCloseParenToken(i)||this.getAmbiguosOperatorToken(i)||this.getNoSpaceOperatorToken(i)||this.getServerVariableToken(i)||this.getPlaceholderToken(i)||this.getNumberToken(i)||this.getReservedWordToken(i,a)||this.getWordToken(i)||this.getOperatorToken(i)},o.prototype.getWhitespaceToken=function(i){return this.getTokenOnFirstMatch({input:i,type:n.TokenTypes.WHITESPACE,regex:this.WHITESPACE_REGEX})},o.prototype.getCommentToken=function(i){return this.getLineCommentToken(i)||this.getBlockCommentToken(i)},o.prototype.getLineCommentToken=function(i){return this.getTokenOnFirstMatch({input:i,type:n.TokenTypes.LINE_COMMENT,regex:this.LINE_COMMENT_REGEX})},o.prototype.getBlockCommentToken=function(i){return this.getTokenOnFirstMatch({input:i,type:n.TokenTypes.BLOCK_COMMENT,regex:this.BLOCK_COMMENT_REGEX})},o.prototype.getStringToken=function(i){return this.getTokenOnFirstMatch({input:i,type:n.TokenTypes.STRING,regex:this.STRING_REGEX})},o.prototype.getOpenParenToken=function(i){return this.getTokenOnFirstMatch({input:i,type:n.TokenTypes.OPEN_PAREN,regex:this.OPEN_PAREN_REGEX})},o.prototype.getCloseParenToken=function(i){return this.getTokenOnFirstMatch({input:i,type:n.TokenTypes.CLOSE_PAREN,regex:this.CLOSE_PAREN_REGEX})},o.prototype.getPlaceholderToken=function(i){return this.getIdentNamedPlaceholderToken(i)||this.getStringNamedPlaceholderToken(i)||this.getIndexedPlaceholderToken(i)},o.prototype.getServerVariableToken=function(i){return this.getTokenOnFirstMatch({input:i,type:n.TokenTypes.SERVERVARIABLE,regex:/(^@@\w+)/iu})},o.prototype.getIdentNamedPlaceholderToken=function(i){return this.getPlaceholderTokenWithKey({input:i,regex:this.IDENT_NAMED_PLACEHOLDER_REGEX,parseKey:function(a){return a.slice(1)}})},o.prototype.getStringNamedPlaceholderToken=function(i){var a=this;return this.getPlaceholderTokenWithKey({input:i,regex:this.STRING_NAMED_PLACEHOLDER_REGEX,parseKey:function(l){return a.getEscapedPlaceholderKey({key:l.slice(2,-1),quoteChar:l.slice(-1)})}})},o.prototype.getIndexedPlaceholderToken=function(i){return this.getPlaceholderTokenWithKey({input:i,regex:this.INDEXED_PLACEHOLDER_REGEX,parseKey:function(a){return a.slice(1)}})},o.prototype.getPlaceholderTokenWithKey=function(i){var a=i.input,l=i.regex,h=i.parseKey,d=this.getTokenOnFirstMatch({input:a,regex:l,type:n.TokenTypes.PLACEHOLDER});return d&&(d.key=h(d.value)),d},o.prototype.getEscapedPlaceholderKey=function(i){var a=i.key,l=i.quoteChar;return a.replace(new RegExp((0,s.default)("\\"+l),"gu"),l)},o.prototype.getNumberToken=function(i){return this.getTokenOnFirstMatch({input:i,type:n.TokenTypes.NUMBER,regex:this.NUMBER_REGEX})},o.prototype.getOperatorToken=function(i){return this.getTokenOnFirstMatch({input:i,type:n.TokenTypes.OPERATOR,regex:this.OPERATOR_REGEX})},o.prototype.getAmbiguosOperatorToken=function(i){return this.getTokenOnFirstMatch({input:i,type:n.TokenTypes.OPERATOR,regex:this.AMBIGUOS_OPERATOR_REGEX})},o.prototype.getNoSpaceOperatorToken=function(i){return this.getTokenOnFirstMatch({input:i,type:n.TokenTypes.NO_SPACE_OPERATOR,regex:this.NO_SPACE_OPERATOR_REGEX})},o.prototype.getReservedWordToken=function(i,a){if(!(a&&a.value&&a.value==="."))return this.getToplevelReservedToken(i)||this.getNewlineReservedToken(i)||this.getTopLevelReservedTokenNoIndent(i)||this.getPlainReservedToken(i)},o.prototype.getToplevelReservedToken=function(i){return this.getTokenOnFirstMatch({input:i,type:n.TokenTypes.RESERVED_TOP_LEVEL,regex:this.RESERVED_TOP_LEVEL_REGEX})},o.prototype.getNewlineReservedToken=function(i){return this.getTokenOnFirstMatch({input:i,type:n.TokenTypes.RESERVED_NEWLINE,regex:this.RESERVED_NEWLINE_REGEX})},o.prototype.getPlainReservedToken=function(i){return this.getTokenOnFirstMatch({input:i,type:n.TokenTypes.RESERVED,regex:this.RESERVED_PLAIN_REGEX})},o.prototype.getTopLevelReservedTokenNoIndent=function(i){return this.getTokenOnFirstMatch({input:i,type:n.TokenTypes.RESERVED_TOP_LEVEL_NO_INDENT,regex:this.RESERVED_TOP_LEVEL_NO_INDENT_REGEX})},o.prototype.getWordToken=function(i){return this.getTokenOnFirstMatch({input:i,type:n.TokenTypes.WORD,regex:this.WORD_REGEX})},o.prototype.getTokenOnFirstMatch=function(i){var a=i.input,l=i.type,h=i.regex,d=a.match(h);if(d)return{type:l,value:d[1]}},o}();e.default=r})($u);var qu={},Du={},Pu={};(function(e){e.__esModule=!0;var t=function(s){return s===void 0&&(s=[]),s[s.length-1]};e.default=t})(Pu);(function(e){var t=ve&&ve.__importDefault||function(i){return i&&i.__esModule?i:{default:i}};e.__esModule=!0;var s=t(Pu),n="top-level",r="block-level",o=function(){function i(a){this.indent=a,this.indentTypes=[],this.indent=a||"  "}return i.prototype.getIndent=function(){return new Array(this.indentTypes.length).fill(this.indent).join("")},i.prototype.increaseTopLevel=function(){this.indentTypes.push(n)},i.prototype.increaseBlockLevel=function(){this.indentTypes.push(r)},i.prototype.decreaseTopLevel=function(){(0,s.default)(this.indentTypes)===n&&this.indentTypes.pop()},i.prototype.decreaseBlockLevel=function(){for(;this.indentTypes.length>0;){var a=this.indentTypes.pop();if(a!==n)break}},i.prototype.resetIndentation=function(){this.indentTypes=[]},i}();e.default=o})(Du);var xu={};(function(e){e.__esModule=!0;var t=An,s=50,n=function(){function r(){this.level=0}return r.prototype.beginIfPossible=function(o,i){this.level===0&&this.isInlineBlock(o,i)?this.level=1:this.level>0?this.level++:this.level=0},r.prototype.end=function(){this.level--},r.prototype.isActive=function(){return this.level>0},r.prototype.isInlineBlock=function(o,i){for(var a=0,l=0,h=i;h<o.length;h++){var d=o[h];if(a+=d.value.length,a>s)return!1;if(d.type===t.TokenTypes.OPEN_PAREN)l++;else if(d.type===t.TokenTypes.CLOSE_PAREN&&(l--,l===0))return!0;if(this.isForbiddenToken(d))return!1}return!1},r.prototype.isForbiddenToken=function(o){var i=o.type,a=o.value;return i===t.TokenTypes.RESERVED_TOP_LEVEL||i===t.TokenTypes.RESERVED_NEWLINE||i===t.TokenTypes.LINE_COMMENT||i===t.TokenTypes.BLOCK_COMMENT||a===";"},r}();e.default=n})(xu);var Mu={};(function(e){e.__esModule=!0;var t=function(){function s(n){this.params=n,this.index=0,this.params=n}return s.prototype.get=function(n){var r=n.key,o=n.value;return this.params?r?this.params[r]:this.params[this.index++]:o},s}();e.default=t})(Mu);(function(e){var t=ve&&ve.__importDefault||function(h){return h&&h.__esModule?h:{default:h}};e.__esModule=!0;var s=An,n=t(Du),r=t(xu),o=t(Mu),i=[" ","	"],a=function(h){for(var d=h.length-1;d>=0&&i.includes(h[d]);)d--;return h.substring(0,d+1)},l=function(){function h(d,p,g){this.cfg=d,this.tokenizer=p,this.tokenOverride=g,this.tokens=[],this.previousReservedWord={type:null,value:null},this.previousNonWhiteSpace={type:null,value:null},this.index=0,this.indentation=new n.default(this.cfg.indent),this.inlineBlock=new r.default,this.params=new o.default(this.cfg.params)}return h.prototype.format=function(d){this.tokens=this.tokenizer.tokenize(d);var p=this.getFormattedQueryFromTokens();return p.trim()},h.prototype.getFormattedQueryFromTokens=function(){var d=this,p="";return this.tokens.forEach(function(g,y){d.index=y,d.tokenOverride&&(g=d.tokenOverride(g,d.previousReservedWord)||g),g.type===s.TokenTypes.WHITESPACE?p=d.formatWhitespace(g,p):g.type===s.TokenTypes.LINE_COMMENT?p=d.formatLineComment(g,p):g.type===s.TokenTypes.BLOCK_COMMENT?p=d.formatBlockComment(g,p):g.type===s.TokenTypes.RESERVED_TOP_LEVEL||g.type===s.TokenTypes.RESERVED_TOP_LEVEL_NO_INDENT||g.type===s.TokenTypes.RESERVED_NEWLINE||g.type===s.TokenTypes.RESERVED?p=d.formatReserved(g,p):g.type===s.TokenTypes.OPEN_PAREN?p=d.formatOpeningParentheses(g,p):g.type===s.TokenTypes.CLOSE_PAREN?p=d.formatClosingParentheses(g,p):g.type===s.TokenTypes.NO_SPACE_OPERATOR?p=d.formatWithoutSpaces(g,p):g.type===s.TokenTypes.PLACEHOLDER||g.type===s.TokenTypes.SERVERVARIABLE?p=d.formatPlaceholder(g,p):g.value===","?p=d.formatComma(g,p):g.value===":"?p=d.formatWithSpaceAfter(g,p):g.value==="."?p=d.formatWithoutSpaces(g,p):g.value===";"?p=d.formatQuerySeparator(g,p):p=d.formatWithSpaces(g,p),g.type!==s.TokenTypes.WHITESPACE&&(d.previousNonWhiteSpace=g)}),p},h.prototype.formatWhitespace=function(d,p){return this.cfg.linesBetweenQueries==="preserve"&&/((\r\n|\n)(\r\n|\n)+)/u.test(d.value)&&this.previousToken().value===";"?p.replace(/(\n|\r\n)$/u,"")+d.value:p},h.prototype.formatReserved=function(d,p){return d.type===s.TokenTypes.RESERVED_NEWLINE&&this.previousReservedWord&&this.previousReservedWord.value&&d.value.toUpperCase()==="AND"&&this.previousReservedWord.value.toUpperCase()==="BETWEEN"&&(d.type=s.TokenTypes.RESERVED),d.type===s.TokenTypes.RESERVED_TOP_LEVEL?p=this.formatTopLevelReservedWord(d,p):d.type===s.TokenTypes.RESERVED_TOP_LEVEL_NO_INDENT?p=this.formatTopLevelReservedWordNoIndent(d,p):d.type===s.TokenTypes.RESERVED_NEWLINE?p=this.formatNewlineReservedWord(d,p):p=this.formatWithSpaces(d,p),this.previousReservedWord=d,p},h.prototype.formatLineComment=function(d,p){return this.addNewline(p+d.value)},h.prototype.formatBlockComment=function(d,p){return this.addNewline(this.addNewline(p)+this.indentComment(d.value))},h.prototype.indentComment=function(d){return d.replace(/\n[ \t]*/gu,`
`+this.indentation.getIndent()+" ")},h.prototype.formatTopLevelReservedWordNoIndent=function(d,p){return this.indentation.decreaseTopLevel(),p=this.addNewline(p)+this.equalizeWhitespace(this.formatReservedWord(d.value)),this.addNewline(p)},h.prototype.formatTopLevelReservedWord=function(d,p){var g=this.previousNonWhiteSpace.value!==","&&!["GRANT"].includes("".concat(this.previousNonWhiteSpace.value).toUpperCase());return g&&(this.indentation.decreaseTopLevel(),p=this.addNewline(p)),p=p+this.equalizeWhitespace(this.formatReservedWord(d.value))+" ",g&&this.indentation.increaseTopLevel(),p},h.prototype.formatNewlineReservedWord=function(d,p){return this.addNewline(p)+this.equalizeWhitespace(this.formatReservedWord(d.value))+" "},h.prototype.equalizeWhitespace=function(d){return d.replace(/\s+/gu," ")},h.prototype.formatOpeningParentheses=function(d,p){d.value=this.formatCase(d.value);var g=this.previousToken().type;return g!==s.TokenTypes.WHITESPACE&&g!==s.TokenTypes.OPEN_PAREN&&g!==s.TokenTypes.LINE_COMMENT&&(p=a(p)),p+=d.value,this.inlineBlock.beginIfPossible(this.tokens,this.index),this.inlineBlock.isActive()||(this.indentation.increaseBlockLevel(),p=this.addNewline(p)),p},h.prototype.formatClosingParentheses=function(d,p){return d.value=this.formatCase(d.value),this.inlineBlock.isActive()?(this.inlineBlock.end(),this.formatWithSpaceAfter(d,p)):(this.indentation.decreaseBlockLevel(),this.formatWithSpaces(d,this.addNewline(p)))},h.prototype.formatPlaceholder=function(d,p){return p+this.params.get(d)+" "},h.prototype.formatComma=function(d,p){return p=a(p)+d.value+" ",this.inlineBlock.isActive()||/^LIMIT$/iu.test(this.previousReservedWord.value)?p:this.addNewline(p)},h.prototype.formatWithSpaceAfter=function(d,p){return a(p)+d.value+" "},h.prototype.formatWithoutSpaces=function(d,p){return a(p)+d.value},h.prototype.formatWithSpaces=function(d,p){var g=d.type===s.TokenTypes.RESERVED?this.formatReservedWord(d.value):d.value;return p+g+" "},h.prototype.formatReservedWord=function(d){return this.formatCase(d)},h.prototype.formatQuerySeparator=function(d,p){this.indentation.resetIndentation();var g=`
`;return this.cfg.linesBetweenQueries!=="preserve"&&(g=`
`.repeat(this.cfg.linesBetweenQueries||1)),a(p)+d.value+g},h.prototype.addNewline=function(d){return d=a(d),d.endsWith(`
`)||(d+=`
`),d+this.indentation.getIndent()},h.prototype.previousToken=function(){return this.tokens[this.index-1]||{type:null,value:null}},h.prototype.formatCase=function(d){return this.cfg.reservedWordCase==="upper"?d.toUpperCase():this.cfg.reservedWordCase==="lower"?d.toLowerCase():d},h}();e.default=l})(qu);(function(e){var t=ve&&ve.__importDefault||function(o){return o&&o.__esModule?o:{default:o}};e.__esModule=!0;var s=t($u),n=t(qu),r=function(){function o(i){this.cfg=i}return o.prototype.format=function(i){return new n.default(this.cfg,this.tokenizer(),this.tokenOverride).format(i)},o.prototype.tokenize=function(i){return this.tokenizer().tokenize(i)},o.prototype.tokenizer=function(){return new s.default(this.getTokenizerConfig())},o}();e.default=r})(Cn);(function(e){var t=ve&&ve.__extends||function(){var h=function(d,p){return h=Object.setPrototypeOf||{__proto__:[]}instanceof Array&&function(g,y){g.__proto__=y}||function(g,y){for(var A in y)Object.prototype.hasOwnProperty.call(y,A)&&(g[A]=y[A])},h(d,p)};return function(d,p){if(typeof p!="function"&&p!==null)throw new TypeError("Class extends value "+String(p)+" is not a constructor or null");h(d,p);function g(){this.constructor=d}d.prototype=p===null?Object.create(p):(g.prototype=p.prototype,new g)}}(),s=ve&&ve.__importDefault||function(h){return h&&h.__esModule?h:{default:h}};e.__esModule=!0;var n=s(Cn),r=function(h){t(d,h);function d(){return h!==null&&h.apply(this,arguments)||this}return d.prototype.getTokenizerConfig=function(){return{reservedWords:o,reservedTopLevelWords:i,reservedNewlineWords:l,reservedTopLevelWordsNoIndent:a,stringTypes:['""',"''","``","[]"],openParens:["("],closeParens:[")"],indexedPlaceholderTypes:["?"],namedPlaceholderTypes:[":"],lineCommentTypes:["--"],specialWordChars:["#","@"]}},d}(n.default);e.default=r;var o=["ABS","ACTIVATE","ALIAS","ALL","ALLOCATE","ALLOW","ALTER","ANY","ARE","ARRAY","AS","ASC","ASENSITIVE","ASSOCIATE","ASUTIME","ASYMMETRIC","AT","ATOMIC","ATTRIBUTES","AUDIT","AUTHORIZATION","AUX","AUXILIARY","AVG","BEFORE","BEGIN","BETWEEN","BIGINT","BINARY","BLOB","BOOLEAN","BOTH","BUFFERPOOL","BY","CACHE","CALL","CALLED","CAPTURE","CARDINALITY","CASCADED","CASE","CAST","CCSID","CEIL","CEILING","CHAR","CHARACTER","CHARACTER_LENGTH","CHAR_LENGTH","CHECK","CLOB","CLONE","CLOSE","CLUSTER","COALESCE","COLLATE","COLLECT","COLLECTION","COLLID","COLUMN","COMMENT","COMMIT","CONCAT","CONDITION","CONNECT","CONNECTION","CONSTRAINT","CONTAINS","CONTINUE","CONVERT","CORR","CORRESPONDING","COUNT","COUNT_BIG","COVAR_POP","COVAR_SAMP","CREATE","CROSS","CUBE","CUME_DIST","CURRENT","CURRENT_DATE","CURRENT_DEFAULT_TRANSFORM_GROUP","CURRENT_LC_CTYPE","CURRENT_PATH","CURRENT_ROLE","CURRENT_SCHEMA","CURRENT_SERVER","CURRENT_TIME","CURRENT_TIMESTAMP","CURRENT_TIMEZONE","CURRENT_TRANSFORM_GROUP_FOR_TYPE","CURRENT_USER","CURSOR","CYCLE","DATA","DATABASE","DATAPARTITIONNAME","DATAPARTITIONNUM","DATE","DAY","DAYS","DB2GENERAL","DB2GENRL","DB2SQL","DBINFO","DBPARTITIONNAME","DBPARTITIONNUM","DEALLOCATE","DEC","DECIMAL","DECLARE","DEFAULT","DEFAULTS","DEFINITION","DELETE","DENSERANK","DENSE_RANK","DEREF","DESCRIBE","DESCRIPTOR","DETERMINISTIC","DIAGNOSTICS","DISABLE","DISALLOW","DISCONNECT","DISTINCT","DO","DOCUMENT","DOUBLE","DROP","DSSIZE","DYNAMIC","EACH","EDITPROC","ELEMENT","ELSE","ELSEIF","ENABLE","ENCODING","ENCRYPTION","END","END-EXEC","ENDING","ERASE","ESCAPE","EVERY","EXCEPTION","EXCLUDING","EXCLUSIVE","EXEC","EXECUTE","EXISTS","EXIT","EXP","EXPLAIN","EXTENDED","EXTERNAL","EXTRACT","FALSE","FENCED","FETCH","FIELDPROC","FILE","FILTER","FINAL","FIRST","FLOAT","FLOOR","FOR","FOREIGN","FREE","FULL","FUNCTION","FUSION","GENERAL","GENERATED","GET","GLOBAL","GOTO","GRANT","GRAPHIC","GROUP","GROUPING","HANDLER","HASH","HASHED_VALUE","HINT","HOLD","HOUR","HOURS","IDENTITY","IF","IMMEDIATE","IN","INCLUDING","INCLUSIVE","INCREMENT","INDEX","INDICATOR","INDICATORS","INF","INFINITY","INHERIT","INNER","INOUT","INSENSITIVE","INSERT","INT","INTEGER","INTEGRITY","INTERSECTION","INTERVAL","INTO","IS","ISOBID","ISOLATION","ITERATE","JAR","JAVA","KEEP","KEY","LABEL","LANGUAGE","LARGE","LATERAL","LC_CTYPE","LEADING","LEAVE","LEFT","LIKE","LINKTYPE","LN","LOCAL","LOCALDATE","LOCALE","LOCALTIME","LOCALTIMESTAMP","LOCATOR","LOCATORS","LOCK","LOCKMAX","LOCKSIZE","LONG","LOOP","LOWER","MAINTAINED","MATCH","MATERIALIZED","MAX","MAXVALUE","MEMBER","MERGE","METHOD","MICROSECOND","MICROSECONDS","MIN","MINUTE","MINUTES","MINVALUE","MOD","MODE","MODIFIES","MODULE","MONTH","MONTHS","MULTISET","NAN","NATIONAL","NATURAL","NCHAR","NCLOB","NEW","NEW_TABLE","NEXTVAL","NO","NOCACHE","NOCYCLE","NODENAME","NODENUMBER","NOMAXVALUE","NOMINVALUE","NONE","NOORDER","NORMALIZE","NORMALIZED","NOT","NULL","NULLIF","NULLS","NUMERIC","NUMPARTS","OBID","OCTET_LENGTH","OF","OFFSET","OLD","OLD_TABLE","ON","ONLY","OPEN","OPTIMIZATION","OPTIMIZE","OPTION","ORDER","OUT","OUTER","OVER","OVERLAPS","OVERLAY","OVERRIDING","PACKAGE","PADDED","PAGESIZE","PARAMETER","PART","PARTITION","PARTITIONED","PARTITIONING","PARTITIONS","PASSWORD","PATH","PERCENTILE_CONT","PERCENTILE_DISC","PERCENT_RANK","PIECESIZE","PLAN","POSITION","POWER","PRECISION","PREPARE","PREVVAL","PRIMARY","PRIQTY","PRIVILEGES","PROCEDURE","PROGRAM","PSID","PUBLIC","QUERY","QUERYNO","RANGE","RANK","READ","READS","REAL","RECOVERY","RECURSIVE","REF","REFERENCES","REFERENCING","REFRESH","REGR_AVGX","REGR_AVGY","REGR_COUNT","REGR_INTERCEPT","REGR_R2","REGR_SLOPE","REGR_SXX","REGR_SXY","REGR_SYY","RELEASE","RENAME","REPEAT","RESET","RESIGNAL","RESTART","RESTRICT","RESULT","RESULT_SET_LOCATOR","RETURN","RETURNS","REVOKE","RIGHT","ROLE","ROLLBACK","ROLLUP","ROUND_CEILING","ROUND_DOWN","ROUND_FLOOR","ROUND_HALF_DOWN","ROUND_HALF_EVEN","ROUND_HALF_UP","ROUND_UP","ROUTINE","ROW","ROWNUMBER","ROWS","ROWSET","ROW_NUMBER","RRN","RUN","SAVEPOINT","SCHEMA","SCOPE","SCRATCHPAD","SCROLL","SEARCH","SECOND","SECONDS","SECQTY","SECURITY","SENSITIVE","SEQUENCE","SESSION","SESSION_USER","SIGNAL","SIMILAR","SIMPLE","SMALLINT","SNAN","SOME","SOURCE","SPECIFIC","SPECIFICTYPE","SQL","SQLEXCEPTION","SQLID","SQLSTATE","SQLWARNING","SQRT","STACKED","STANDARD","START","STARTING","STATEMENT","STATIC","STATMENT","STAY","STDDEV_POP","STDDEV_SAMP","STOGROUP","STORES","STYLE","SUBMULTISET","SUBSTRING","SUM","SUMMARY","SYMMETRIC","SYNONYM","SYSFUN","SYSIBM","SYSPROC","SYSTEM","SYSTEM_USER","TABLE","TABLESAMPLE","TABLESPACE","THEN","TIME","TIMESTAMP","TIMEZONE_HOUR","TIMEZONE_MINUTE","TO","TRAILING","TRANSACTION","TRANSLATE","TRANSLATION","TREAT","TRIGGER","TRIM","TRUE","TRUNCATE","TYPE","UESCAPE","UNDO","UNIQUE","UNKNOWN","UNNEST","UNTIL","UPPER","USAGE","USER","USING","VALIDPROC","VALUE","VARCHAR","VARIABLE","VARIANT","VARYING","VAR_POP","VAR_SAMP","VCAT","VERSION","VIEW","VOLATILE","VOLUMES","WHEN","WHENEVER","WHILE","WIDTH_BUCKET","WINDOW","WITH","WITHIN","WITHOUT","WLM","WRITE","XMLELEMENT","XMLEXISTS","XMLNAMESPACES","YEAR","YEARS"],i=["ADD","AFTER","ALTER COLUMN","ALTER TABLE","DELETE FROM","EXCEPT","FETCH FIRST","FROM","GROUP BY","GO","HAVING","INSERT INTO","INTERSECT","LIMIT","ORDER BY","SELECT","SET CURRENT SCHEMA","SET SCHEMA","SET","UPDATE","VALUES","WHERE"],a=["INTERSECT","INTERSECT ALL","MINUS","UNION","UNION ALL"],l=["AND","CROSS JOIN","INNER JOIN","JOIN","LEFT JOIN","LEFT OUTER JOIN","OR","OUTER JOIN","RIGHT JOIN","RIGHT OUTER JOIN"]})(Iu);var Uu={};(function(e){var t=ve&&ve.__extends||function(){var h=function(d,p){return h=Object.setPrototypeOf||{__proto__:[]}instanceof Array&&function(g,y){g.__proto__=y}||function(g,y){for(var A in y)Object.prototype.hasOwnProperty.call(y,A)&&(g[A]=y[A])},h(d,p)};return function(d,p){if(typeof p!="function"&&p!==null)throw new TypeError("Class extends value "+String(p)+" is not a constructor or null");h(d,p);function g(){this.constructor=d}d.prototype=p===null?Object.create(p):(g.prototype=p.prototype,new g)}}(),s=ve&&ve.__importDefault||function(h){return h&&h.__esModule?h:{default:h}};e.__esModule=!0;var n=s(Cn),r=function(h){t(d,h);function d(){return h!==null&&h.apply(this,arguments)||this}return d.prototype.getTokenizerConfig=function(){return{reservedWords:o,reservedTopLevelWords:i,reservedNewlineWords:l,reservedTopLevelWordsNoIndent:a,stringTypes:['""',"''","``"],openParens:["(","[","{"],closeParens:[")","]","}"],namedPlaceholderTypes:["$"],lineCommentTypes:["#","--"],specialWordChars:[]}},d}(n.default);e.default=r;var o=["ALL","ALTER","ANALYZE","AND","ANY","ARRAY","AS","ASC","BEGIN","BETWEEN","BINARY","BOOLEAN","BREAK","BUCKET","BUILD","BY","CALL","CASE","CAST","CLUSTER","COLLATE","COLLECTION","COMMIT","CONNECT","CONTINUE","CORRELATE","COVER","CREATE","DATABASE","DATASET","DATASTORE","DECLARE","DECREMENT","DELETE","DERIVED","DESC","DESCRIBE","DISTINCT","DO","DROP","EACH","ELEMENT","ELSE","END","EVERY","EXCEPT","EXCLUDE","EXECUTE","EXISTS","EXPLAIN","FALSE","FETCH","FIRST","FLATTEN","FOR","FORCE","FROM","FUNCTION","GRANT","GROUP","GSI","HAVING","IF","IGNORE","ILIKE","IN","INCLUDE","INCREMENT","INDEX","INFER","INLINE","INNER","INSERT","INTERSECT","INTO","IS","JOIN","KEY","KEYS","KEYSPACE","KNOWN","LAST","LEFT","LET","LETTING","LIKE","LIMIT","LSM","MAP","MAPPING","MATCHED","MATERIALIZED","MERGE","MISSING","NAMESPACE","NEST","NOT","NULL","NUMBER","OBJECT","OFFSET","ON","OPTION","OR","ORDER","OUTER","OVER","PARSE","PARTITION","PASSWORD","PATH","POOL","PREPARE","PRIMARY","PRIVATE","PRIVILEGE","PROCEDURE","PUBLIC","RAW","REALM","REDUCE","RENAME","RETURN","RETURNING","REVOKE","RIGHT","ROLE","ROLLBACK","SATISFIES","SCHEMA","SELECT","SELF","SEMI","SET","SHOW","SOME","START","STATISTICS","STRING","SYSTEM","THEN","TO","TRANSACTION","TRIGGER","TRUE","TRUNCATE","UNDER","UNION","UNIQUE","UNKNOWN","UNNEST","UNSET","UPDATE","UPSERT","USE","USER","USING","VALIDATE","VALUE","VALUED","VALUES","VIA","VIEW","WHEN","WHERE","WHILE","WITH","WITHIN","WORK","XOR"],i=["DELETE FROM","EXCEPT ALL","EXCEPT","EXPLAIN DELETE FROM","EXPLAIN UPDATE","EXPLAIN UPSERT","FROM","GROUP BY","HAVING","INFER","INSERT INTO","LET","LIMIT","MERGE","NEST","ORDER BY","PREPARE","SELECT","SET CURRENT SCHEMA","SET SCHEMA","SET","UNNEST","UPDATE","UPSERT","USE KEYS","VALUES","WHERE"],a=["INTERSECT","INTERSECT ALL","MINUS","UNION","UNION ALL"],l=["AND","INNER JOIN","JOIN","LEFT JOIN","LEFT OUTER JOIN","OR","OUTER JOIN","RIGHT JOIN","RIGHT OUTER JOIN","XOR"]})(Uu);var Fu={};(function(e){var t=ve&&ve.__extends||function(){var d=function(p,g){return d=Object.setPrototypeOf||{__proto__:[]}instanceof Array&&function(y,A){y.__proto__=A}||function(y,A){for(var k in A)Object.prototype.hasOwnProperty.call(A,k)&&(y[k]=A[k])},d(p,g)};return function(p,g){if(typeof g!="function"&&g!==null)throw new TypeError("Class extends value "+String(g)+" is not a constructor or null");d(p,g);function y(){this.constructor=p}p.prototype=g===null?Object.create(g):(y.prototype=g.prototype,new y)}}(),s=ve&&ve.__importDefault||function(d){return d&&d.__esModule?d:{default:d}};e.__esModule=!0;var n=s(Cn),r=An,o=function(d){t(p,d);function p(){var g=d!==null&&d.apply(this,arguments)||this;return g.tokenOverride=function(y,A){if(y.type===r.TokenTypes.RESERVED_TOP_LEVEL&&A.value&&y.value.toUpperCase()==="SET"&&A.value.toUpperCase()==="BY")return y.type=r.TokenTypes.RESERVED,y},g}return p.prototype.getTokenizerConfig=function(){return{reservedWords:i,reservedTopLevelWords:a,reservedNewlineWords:h,reservedTopLevelWordsNoIndent:l,stringTypes:['""',"N''","''","``"],openParens:["(","CASE"],closeParens:[")","END"],indexedPlaceholderTypes:["?"],namedPlaceholderTypes:[":"],lineCommentTypes:["--"],specialWordChars:["_","$","#",".","@"]}},p}(n.default);e.default=o;var i=["A","ACCESSIBLE","AGENT","AGGREGATE","ALL","ALTER","ANY","ARRAY","AS","ASC","AT","ATTRIBUTE","AUTHID","AVG","BETWEEN","BFILE_BASE","BINARY_INTEGER","BINARY","BLOB_BASE","BLOCK","BODY","BOOLEAN","BOTH","BOUND","BREADTH","BULK","BY","BYTE","C","CALL","CALLING","CASCADE","CASE","CHAR_BASE","CHAR","CHARACTER","CHARSET","CHARSETFORM","CHARSETID","CHECK","CLOB_BASE","CLONE","CLOSE","CLUSTER","CLUSTERS","COALESCE","COLAUTH","COLLECT","COLUMNS","COMMENT","COMMIT","COMMITTED","COMPILED","COMPRESS","CONNECT","CONSTANT","CONSTRUCTOR","CONTEXT","CONTINUE","CONVERT","COUNT","CRASH","CREATE","CREDENTIAL","CURRENT","CURRVAL","CURSOR","CUSTOMDATUM","DANGLING","DATA","DATE_BASE","DATE","DAY","DECIMAL","DEFAULT","DEFINE","DELETE","DEPTH","DESC","DETERMINISTIC","DIRECTORY","DISTINCT","DO","DOUBLE","DROP","DURATION","ELEMENT","ELSIF","EMPTY","END","ESCAPE","EXCEPTIONS","EXCLUSIVE","EXECUTE","EXISTS","EXIT","EXTENDS","EXTERNAL","EXTRACT","FALSE","FETCH","FINAL","FIRST","FIXED","FLOAT","FOR","FORALL","FORCE","FROM","FUNCTION","GENERAL","GOTO","GRANT","GROUP","HASH","HEAP","HIDDEN","HOUR","IDENTIFIED","IF","IMMEDIATE","IN","INCLUDING","INDEX","INDEXES","INDICATOR","INDICES","INFINITE","INSTANTIABLE","INT","INTEGER","INTERFACE","INTERVAL","INTO","INVALIDATE","IS","ISOLATION","JAVA","LANGUAGE","LARGE","LEADING","LENGTH","LEVEL","LIBRARY","LIKE","LIKE2","LIKE4","LIKEC","LIMITED","LOCAL","LOCK","LONG","MAP","MAX","MAXLEN","MEMBER","MERGE","MIN","MINUTE","MLSLABEL","MOD","MODE","MONTH","MULTISET","NAME","NAN","NATIONAL","NATIVE","NATURAL","NATURALN","NCHAR","NEW","NEXTVAL","NOCOMPRESS","NOCOPY","NOT","NOWAIT","NULL","NULLIF","NUMBER_BASE","NUMBER","OBJECT","OCICOLL","OCIDATE","OCIDATETIME","OCIDURATION","OCIINTERVAL","OCILOBLOCATOR","OCINUMBER","OCIRAW","OCIREF","OCIREFCURSOR","OCIROWID","OCISTRING","OCITYPE","OF","OLD","ON","ONLY","OPAQUE","OPEN","OPERATOR","OPTION","ORACLE","ORADATA","ORDER","ORGANIZATION","ORLANY","ORLVARY","OTHERS","OUT","OVERLAPS","OVERRIDING","PACKAGE","PARALLEL_ENABLE","PARAMETER","PARAMETERS","PARENT","PARTITION","PASCAL","PCTFREE","PIPE","PIPELINED","PLS_INTEGER","PLUGGABLE","POSITIVE","POSITIVEN","PRAGMA","PRECISION","PRIOR","PRIVATE","PROCEDURE","PUBLIC","RAISE","RANGE","RAW","READ","REAL","RECORD","REF","REFERENCE","RELEASE","RELIES_ON","REM","REMAINDER","RENAME","RESOURCE","RESULT_CACHE","RESULT","RETURN","RETURNING","REVERSE","REVOKE","ROLLBACK","ROW","ROWID","ROWNUM","ROWTYPE","SAMPLE","SAVE","SAVEPOINT","SB1","SB2","SB4","SEARCH","SECOND","SEGMENT","SELF","SEPARATE","SEQUENCE","SERIALIZABLE","SHARE","SHORT","SIZE_T","SIZE","SMALLINT","SOME","SPACE","SPARSE","SQL","SQLCODE","SQLDATA","SQLERRM","SQLNAME","SQLSTATE","STANDARD","START","STATIC","STDDEV","STORED","STRING","STRUCT","STYLE","SUBMULTISET","SUBPARTITION","SUBSTITUTABLE","SUBTYPE","SUCCESSFUL","SUM","SYNONYM","SYSDATE","TABAUTH","TABLE","TDO","THE","THEN","TIME","TIMESTAMP","TIMEZONE_ABBR","TIMEZONE_HOUR","TIMEZONE_MINUTE","TIMEZONE_REGION","TO","TRAILING","TRANSACTION","TRANSACTIONAL","TRIGGER","TRUE","TRUSTED","TYPE","UB1","UB2","UB4","UID","UNDER","UNIQUE","UNPLUG","UNSIGNED","UNTRUSTED","USE","USER","USING","VALIDATE","VALIST","VALUE","VARCHAR","VARCHAR2","VARIABLE","VARIANCE","VARRAY","VARYING","VIEW","VIEWS","VOID","WHENEVER","WHILE","WITH","WORK","WRAPPED","WRITE","YEAR","ZONE"],a=["ADD","ALTER COLUMN","ALTER TABLE","BEGIN","CONNECT BY","DECLARE","DELETE FROM","DELETE","END","EXCEPT","EXCEPTION","FETCH FIRST","FROM","GROUP BY","HAVING","INSERT INTO","INSERT","LIMIT","LOOP","MODIFY","ORDER BY","SELECT","SET CURRENT SCHEMA","SET SCHEMA","SET","START WITH","UPDATE","VALUES","WHERE"],l=["INTERSECT","INTERSECT ALL","MINUS","UNION","UNION ALL"],h=["AND","CROSS APPLY","CROSS JOIN","ELSE","END","INNER JOIN","JOIN","LEFT JOIN","LEFT OUTER JOIN","OR","OUTER APPLY","OUTER JOIN","RIGHT JOIN","RIGHT OUTER JOIN","WHEN","XOR"]})(Fu);var Hu={};(function(e){var t=ve&&ve.__extends||function(){var h=function(d,p){return h=Object.setPrototypeOf||{__proto__:[]}instanceof Array&&function(g,y){g.__proto__=y}||function(g,y){for(var A in y)Object.prototype.hasOwnProperty.call(y,A)&&(g[A]=y[A])},h(d,p)};return function(d,p){if(typeof p!="function"&&p!==null)throw new TypeError("Class extends value "+String(p)+" is not a constructor or null");h(d,p);function g(){this.constructor=d}d.prototype=p===null?Object.create(p):(g.prototype=p.prototype,new g)}}(),s=ve&&ve.__importDefault||function(h){return h&&h.__esModule?h:{default:h}};e.__esModule=!0;var n=s(Cn),r=function(h){t(d,h);function d(){return h!==null&&h.apply(this,arguments)||this}return d.prototype.getTokenizerConfig=function(){return{reservedWords:o,reservedTopLevelWords:i,reservedNewlineWords:l,reservedTopLevelWordsNoIndent:a,stringTypes:['""',"N''","''","``","[]","E''"],openParens:["(","CASE"],closeParens:[")","END"],indexedPlaceholderTypes:["?"],namedPlaceholderTypes:["@",":","%","$"],lineCommentTypes:["#","--"],specialWordChars:[]}},d}(n.default);e.default=r;var o=["ACCESSIBLE","ACTION","AGAINST","AGGREGATE","ALGORITHM","ALL","ALTER","ANALYSE","ANALYZE","AS","ASC","AUTOCOMMIT","AUTO_INCREMENT","BACKUP","BEGIN","BETWEEN","BINLOG","BOTH","CASCADE","CASE","CHANGE","CHANGED","CHARACTER SET","CHARSET","CHECK","CHECKSUM","COLLATE","COLLATION","COLUMN","COLUMNS","COMMENT","COMMIT","COMMITTED","COMPRESSED","CONCURRENT","CONSTRAINT","CONTAINS","CONVERT","COUNT","CREATE","CROSS","CURRENT_TIMESTAMP","DATABASE","DATABASES","DAY_HOUR","DAY_MINUTE","DAY_SECOND","DAY","DEFAULT","DEFINER","DELAYED","DELETE","DESC","DESCRIBE","DETERMINISTIC","DISTINCT","DISTINCTROW","DIV","DO","DROP","DUMPFILE","DUPLICATE","DYNAMIC","ELSE","ENCLOSED","END","ENGINE","ENGINES","ENGINE_TYPE","ESCAPE","ESCAPED","EVENTS","EXEC","EXECUTE","EXISTS","EXPLAIN","EXTENDED","FAST","FETCH","FIELDS","FILE","FIRST","FIXED","FLUSH","FOR","FORCE","FOREIGN","FULL","FULLTEXT","FUNCTION","GLOBAL","GRANTS","GROUP_CONCAT","HEAP","HIGH_PRIORITY","HOSTS","HOUR","HOUR_MINUTE","HOUR_SECOND","IDENTIFIED","IF","IFNULL","IGNORE","IN","INDEX","INDEXES","INFILE","INSERT","INSERT_ID","INSERT_METHOD","INTERVAL","INTO","INVOKER","IS","ISOLATION","KEY","KEYS","KILL","LAST_INSERT_ID","LEADING","LEVEL","LIKE","LINEAR","LINES","LOAD","LOCAL","LOCK","LOCKS","LOGS","LOW_PRIORITY","MARIA","MASTER","MASTER_CONNECT_RETRY","MASTER_HOST","MASTER_LOG_FILE","MATCH","MAX_CONNECTIONS_PER_HOUR","MAX_QUERIES_PER_HOUR","MAX_ROWS","MAX_UPDATES_PER_HOUR","MAX_USER_CONNECTIONS","MEDIUM","MERGE","MINUTE","MINUTE_SECOND","MIN_ROWS","MODE","MONTH","MRG_MYISAM","MYISAM","NAMES","NATURAL","NOT","NOW()","NULL","OFFSET","ON DELETE","ON UPDATE","ON","ONLY","OPEN","OPTIMIZE","OPTION","OPTIONALLY","OUTFILE","PACK_KEYS","PAGE","PARTIAL","PARTITION","PARTITIONS","PASSWORD","PRIMARY","PRIVILEGES","PROCEDURE","PROCESS","PROCESSLIST","PURGE","QUICK","RAID0","RAID_CHUNKS","RAID_CHUNKSIZE","RAID_TYPE","RANGE","READ","READ_ONLY","READ_WRITE","REFERENCES","REGEXP","RELOAD","RENAME","REPAIR","REPEATABLE","REPLACE","REPLICATION","RESET","RESTORE","RESTRICT","RETURN","RETURNS","REVOKE","RLIKE","ROLLBACK","ROW","ROWS","ROW_FORMAT","SECOND","SECURITY","SEPARATOR","SERIALIZABLE","SESSION","SHARE","SHOW","SHUTDOWN","SLAVE","SONAME","SOUNDS","SQL","SQL_AUTO_IS_NULL","SQL_BIG_RESULT","SQL_BIG_SELECTS","SQL_BIG_TABLES","SQL_BUFFER_RESULT","SQL_CACHE","SQL_CALC_FOUND_ROWS","SQL_LOG_BIN","SQL_LOG_OFF","SQL_LOG_UPDATE","SQL_LOW_PRIORITY_UPDATES","SQL_MAX_JOIN_SIZE","SQL_NO_CACHE","SQL_QUOTE_SHOW_CREATE","SQL_SAFE_UPDATES","SQL_SELECT_LIMIT","SQL_SLAVE_SKIP_COUNTER","SQL_SMALL_RESULT","SQL_WARNINGS","START","STARTING","STATUS","STOP","STORAGE","STRAIGHT_JOIN","STRING","STRIPED","SUPER","TABLE","TABLES","TEMPORARY","TERMINATED","THEN","TO","TRAILING","TRANSACTIONAL","TRIGGER","TRUE","TRUNCATE","TYPE","TYPES","UNCOMMITTED","UNIQUE","UNLOCK","UNSIGNED","USAGE","USE","USING","VARIABLES","VIEW","WHEN","WITH","WORK","WRITE","YEAR_MONTH"],i=["ADD","AFTER","ALTER COLUMN","ALTER TABLE","CREATE OR REPLACE","DECLARE","DELETE FROM","EXCEPT","FETCH FIRST","FROM","GO","GRANT","GROUP BY","HAVING","INSERT INTO","INSERT","LIMIT","MODIFY","ORDER BY","RETURNING","SELECT","SET CURRENT SCHEMA","SET SCHEMA","SET","UPDATE","VALUES","WHERE"],a=["INTERSECT ALL","INTERSECT","MINUS","UNION ALL","UNION"],l=["AND","CROSS APPLY","CROSS JOIN","ELSE","INNER JOIN","FULL JOIN","FULL OUTER JOIN","LEFT JOIN","LEFT OUTER JOIN","NATURAL JOIN","OR","OUTER APPLY","OUTER JOIN","RENAME","RIGHT JOIN","RIGHT OUTER JOIN","JOIN","WHEN","XOR"]})(Hu);(function(e){var t=ve&&ve.__importDefault||function(l){return l&&l.__esModule?l:{default:l}};e.__esModule=!0,e.tokenize=e.format=void 0;var s=t(Iu),n=t(Uu),r=t(Fu),o=t(Hu),i=function(l,h){switch(h===void 0&&(h={}),h.language){case"db2":return new s.default(h).format(l);case"n1ql":return new n.default(h).format(l);case"pl/sql":return new r.default(h).format(l);case"sql":default:return new o.default(h).format(l)}};e.format=i;var a=function(l,h){return h===void 0&&(h={}),new o.default(h).tokenize(l)};e.tokenize=a,e.default={format:e.format,tokenize:e.tokenize}})(Ou);const Dde=qs(Ou);var Bu={exports:{}},Ks={exports:{}};/*! https://mths.be/punycode v1.4.0 by @mathias */Ks.exports;var dl;function Pde(){return dl||(dl=1,function(e,t){(function(s){var n=t&&!t.nodeType&&t,r=e&&!e.nodeType&&e,o=typeof ve=="object"&&ve;(o.global===o||o.window===o||o.self===o)&&(s=o);var i,a=2147483647,l=36,h=1,d=26,p=38,g=700,y=72,A=128,k="-",j=/^xn--/,W=/[^\x20-\x7E]/,C=/[\x2E\u3002\uFF0E\uFF61]/g,R={overflow:"Overflow: input needs wider integers to process","not-basic":"Illegal input >= 0x80 (not a basic code point)","invalid-input":"Invalid input"},O=l-h,q=Math.floor,L=String.fromCharCode,Q;function oe(H){throw new RangeError(R[H])}function P(H,Z){for(var ae=H.length,Se=[];ae--;)Se[ae]=Z(H[ae]);return Se}function V(H,Z){var ae=H.split("@"),Se="";ae.length>1&&(Se=ae[0]+"@",H=ae[1]),H=H.replace(C,".");var ye=H.split("."),Ee=P(ye,Z).join(".");return Se+Ee}function F(H){for(var Z=[],ae=0,Se=H.length,ye,Ee;ae<Se;)ye=H.charCodeAt(ae++),ye>=55296&&ye<=56319&&ae<Se?(Ee=H.charCodeAt(ae++),(Ee&64512)==56320?Z.push(((ye&1023)<<10)+(Ee&1023)+65536):(Z.push(ye),ae--)):Z.push(ye);return Z}function M(H){return P(H,function(Z){var ae="";return Z>65535&&(Z-=65536,ae+=L(Z>>>10&1023|55296),Z=56320|Z&1023),ae+=L(Z),ae}).join("")}function c(H){return H-48<10?H-22:H-65<26?H-65:H-97<26?H-97:l}function m(H,Z){return H+22+75*(H<26)-((Z!=0)<<5)}function b(H,Z,ae){var Se=0;for(H=ae?q(H/g):H>>1,H+=q(H/Z);H>O*d>>1;Se+=l)H=q(H/O);return q(Se+(O+1)*H/(H+p))}function _(H){var Z=[],ae=H.length,Se,ye=0,Ee=A,Te=y,Ne,Pe,De,Ue,qe,Ve,w,S,x;for(Ne=H.lastIndexOf(k),Ne<0&&(Ne=0),Pe=0;Pe<Ne;++Pe)H.charCodeAt(Pe)>=128&&oe("not-basic"),Z.push(H.charCodeAt(Pe));for(De=Ne>0?Ne+1:0;De<ae;){for(Ue=ye,qe=1,Ve=l;De>=ae&&oe("invalid-input"),w=c(H.charCodeAt(De++)),(w>=l||w>q((a-ye)/qe))&&oe("overflow"),ye+=w*qe,S=Ve<=Te?h:Ve>=Te+d?d:Ve-Te,!(w<S);Ve+=l)x=l-S,qe>q(a/x)&&oe("overflow"),qe*=x;Se=Z.length+1,Te=b(ye-Ue,Se,Ue==0),q(ye/Se)>a-Ee&&oe("overflow"),Ee+=q(ye/Se),ye%=Se,Z.splice(ye++,0,Ee)}return M(Z)}function N(H){var Z,ae,Se,ye,Ee,Te,Ne,Pe,De,Ue,qe,Ve=[],w,S,x,Y;for(H=F(H),w=H.length,Z=A,ae=0,Ee=y,Te=0;Te<w;++Te)qe=H[Te],qe<128&&Ve.push(L(qe));for(Se=ye=Ve.length,ye&&Ve.push(k);Se<w;){for(Ne=a,Te=0;Te<w;++Te)qe=H[Te],qe>=Z&&qe<Ne&&(Ne=qe);for(S=Se+1,Ne-Z>q((a-ae)/S)&&oe("overflow"),ae+=(Ne-Z)*S,Z=Ne,Te=0;Te<w;++Te)if(qe=H[Te],qe<Z&&++ae>a&&oe("overflow"),qe==Z){for(Pe=ae,De=l;Ue=De<=Ee?h:De>=Ee+d?d:De-Ee,!(Pe<Ue);De+=l)Y=Pe-Ue,x=l-Ue,Ve.push(L(m(Ue+Y%x,0))),Pe=q(Y/x);Ve.push(L(m(Pe,0))),Ee=b(ae,S,Se==ye),ae=0,++Se}++ae,++Z}return Ve.join("")}function I(H){return V(H,function(Z){return j.test(Z)?_(Z.slice(4).toLowerCase()):Z})}function U(H){return V(H,function(Z){return W.test(Z)?"xn--"+N(Z):Z})}if(i={version:"1.3.2",ucs2:{decode:F,encode:M},decode:_,encode:N,toASCII:U,toUnicode:I},n&&r)if(e.exports==n)r.exports=i;else for(Q in i)i.hasOwnProperty(Q)&&(n[Q]=i[Q]);else s.punycode=i})(ve)}(Ks,Ks.exports)),Ks.exports}var xo={exports:{}};/*!
 * URI.js - Mutating URLs
 * IPv6 Support
 *
 * Version: 1.19.11
 *
 * Author: Rodney Rehm
 * Web: http://medialize.github.io/URI.js/
 *
 * Licensed under
 *   MIT License http://www.opensource.org/licenses/mit-license
 *
 */var hl;function xde(){return hl||(hl=1,function(e){(function(t,s){e.exports?e.exports=s():t.IPv6=s(t)})(ve,function(t){var s=t&&t.IPv6;function n(o){var i=o.toLowerCase(),a=i.split(":"),l=a.length,h=8;a[0]===""&&a[1]===""&&a[2]===""?(a.shift(),a.shift()):a[0]===""&&a[1]===""?a.shift():a[l-1]===""&&a[l-2]===""&&a.pop(),l=a.length,a[l-1].indexOf(".")!==-1&&(h=7);var d;for(d=0;d<l&&a[d]!=="";d++);if(d<h)for(a.splice(d,1,"0000");a.length<h;)a.splice(d,0,"0000");for(var p,g=0;g<h;g++){p=a[g].split("");for(var y=0;y<3&&(p[0]==="0"&&p.length>1);y++)p.splice(0,1);a[g]=p.join("")}var A=-1,k=0,j=0,W=-1,C=!1;for(g=0;g<h;g++)C?a[g]==="0"?j+=1:(C=!1,j>k&&(A=W,k=j)):a[g]==="0"&&(C=!0,W=g,j=1);j>k&&(A=W,k=j),k>1&&a.splice(A,k,""),l=a.length;var R="";for(a[0]===""&&(R=":"),g=0;g<l&&(R+=a[g],g!==l-1);g++)R+=":";return a[l-1]===""&&(R+=":"),R}function r(){return t.IPv6===this&&(t.IPv6=s),this}return{best:n,noConflict:r}})}(xo)),xo.exports}var Mo={exports:{}};/*!
 * URI.js - Mutating URLs
 * Second Level Domain (SLD) Support
 *
 * Version: 1.19.11
 *
 * Author: Rodney Rehm
 * Web: http://medialize.github.io/URI.js/
 *
 * Licensed under
 *   MIT License http://www.opensource.org/licenses/mit-license
 *
 */var fl;function Mde(){return fl||(fl=1,function(e){(function(t,s){e.exports?e.exports=s():t.SecondLevelDomains=s(t)})(ve,function(t){var s=t&&t.SecondLevelDomains,n={list:{ac:" com gov mil net org ",ae:" ac co gov mil name net org pro sch ",af:" com edu gov net org ",al:" com edu gov mil net org ",ao:" co ed gv it og pb ",ar:" com edu gob gov int mil net org tur ",at:" ac co gv or ",au:" asn com csiro edu gov id net org ",ba:" co com edu gov mil net org rs unbi unmo unsa untz unze ",bb:" biz co com edu gov info net org store tv ",bh:" biz cc com edu gov info net org ",bn:" com edu gov net org ",bo:" com edu gob gov int mil net org tv ",br:" adm adv agr am arq art ato b bio blog bmd cim cng cnt com coop ecn edu eng esp etc eti far flog fm fnd fot fst g12 ggf gov imb ind inf jor jus lel mat med mil mus net nom not ntr odo org ppg pro psc psi qsl rec slg srv tmp trd tur tv vet vlog wiki zlg ",bs:" com edu gov net org ",bz:" du et om ov rg ",ca:" ab bc mb nb nf nl ns nt nu on pe qc sk yk ",ck:" biz co edu gen gov info net org ",cn:" ac ah bj com cq edu fj gd gov gs gx gz ha hb he hi hl hn jl js jx ln mil net nm nx org qh sc sd sh sn sx tj tw xj xz yn zj ",co:" com edu gov mil net nom org ",cr:" ac c co ed fi go or sa ",cy:" ac biz com ekloges gov ltd name net org parliament press pro tm ",do:" art com edu gob gov mil net org sld web ",dz:" art asso com edu gov net org pol ",ec:" com edu fin gov info med mil net org pro ",eg:" com edu eun gov mil name net org sci ",er:" com edu gov ind mil net org rochest w ",es:" com edu gob nom org ",et:" biz com edu gov info name net org ",fj:" ac biz com info mil name net org pro ",fk:" ac co gov net nom org ",fr:" asso com f gouv nom prd presse tm ",gg:" co net org ",gh:" com edu gov mil org ",gn:" ac com gov net org ",gr:" com edu gov mil net org ",gt:" com edu gob ind mil net org ",gu:" com edu gov net org ",hk:" com edu gov idv net org ",hu:" 2000 agrar bolt casino city co erotica erotika film forum games hotel info ingatlan jogasz konyvelo lakas media news org priv reklam sex shop sport suli szex tm tozsde utazas video ",id:" ac co go mil net or sch web ",il:" ac co gov idf k12 muni net org ",in:" ac co edu ernet firm gen gov i ind mil net nic org res ",iq:" com edu gov i mil net org ",ir:" ac co dnssec gov i id net org sch ",it:" edu gov ",je:" co net org ",jo:" com edu gov mil name net org sch ",jp:" ac ad co ed go gr lg ne or ",ke:" ac co go info me mobi ne or sc ",kh:" com edu gov mil net org per ",ki:" biz com de edu gov info mob net org tel ",km:" asso com coop edu gouv k medecin mil nom notaires pharmaciens presse tm veterinaire ",kn:" edu gov net org ",kr:" ac busan chungbuk chungnam co daegu daejeon es gangwon go gwangju gyeongbuk gyeonggi gyeongnam hs incheon jeju jeonbuk jeonnam k kg mil ms ne or pe re sc seoul ulsan ",kw:" com edu gov net org ",ky:" com edu gov net org ",kz:" com edu gov mil net org ",lb:" com edu gov net org ",lk:" assn com edu gov grp hotel int ltd net ngo org sch soc web ",lr:" com edu gov net org ",lv:" asn com conf edu gov id mil net org ",ly:" com edu gov id med net org plc sch ",ma:" ac co gov m net org press ",mc:" asso tm ",me:" ac co edu gov its net org priv ",mg:" com edu gov mil nom org prd tm ",mk:" com edu gov inf name net org pro ",ml:" com edu gov net org presse ",mn:" edu gov org ",mo:" com edu gov net org ",mt:" com edu gov net org ",mv:" aero biz com coop edu gov info int mil museum name net org pro ",mw:" ac co com coop edu gov int museum net org ",mx:" com edu gob net org ",my:" com edu gov mil name net org sch ",nf:" arts com firm info net other per rec store web ",ng:" biz com edu gov mil mobi name net org sch ",ni:" ac co com edu gob mil net nom org ",np:" com edu gov mil net org ",nr:" biz com edu gov info net org ",om:" ac biz co com edu gov med mil museum net org pro sch ",pe:" com edu gob mil net nom org sld ",ph:" com edu gov i mil net ngo org ",pk:" biz com edu fam gob gok gon gop gos gov net org web ",pl:" art bialystok biz com edu gda gdansk gorzow gov info katowice krakow lodz lublin mil net ngo olsztyn org poznan pwr radom slupsk szczecin torun warszawa waw wroc wroclaw zgora ",pr:" ac biz com edu est gov info isla name net org pro prof ",ps:" com edu gov net org plo sec ",pw:" belau co ed go ne or ",ro:" arts com firm info nom nt org rec store tm www ",rs:" ac co edu gov in org ",sb:" com edu gov net org ",sc:" com edu gov net org ",sh:" co com edu gov net nom org ",sl:" com edu gov net org ",st:" co com consulado edu embaixada gov mil net org principe saotome store ",sv:" com edu gob org red ",sz:" ac co org ",tr:" av bbs bel biz com dr edu gen gov info k12 name net org pol tel tsk tv web ",tt:" aero biz cat co com coop edu gov info int jobs mil mobi museum name net org pro tel travel ",tw:" club com ebiz edu game gov idv mil net org ",mu:" ac co com gov net or org ",mz:" ac co edu gov org ",na:" co com ",nz:" ac co cri geek gen govt health iwi maori mil net org parliament school ",pa:" abo ac com edu gob ing med net nom org sld ",pt:" com edu gov int net nome org publ ",py:" com edu gov mil net org ",qa:" com edu gov mil net org ",re:" asso com nom ",ru:" ac adygeya altai amur arkhangelsk astrakhan bashkiria belgorod bir bryansk buryatia cbg chel chelyabinsk chita chukotka chuvashia com dagestan e-burg edu gov grozny int irkutsk ivanovo izhevsk jar joshkar-ola kalmykia kaluga kamchatka karelia kazan kchr kemerovo khabarovsk khakassia khv kirov koenig komi kostroma kranoyarsk kuban kurgan kursk lipetsk magadan mari mari-el marine mil mordovia mosreg msk murmansk nalchik net nnov nov novosibirsk nsk omsk orenburg org oryol penza perm pp pskov ptz rnd ryazan sakhalin samara saratov simbirsk smolensk spb stavropol stv surgut tambov tatarstan tom tomsk tsaritsyn tsk tula tuva tver tyumen udm udmurtia ulan-ude vladikavkaz vladimir vladivostok volgograd vologda voronezh vrn vyatka yakutia yamal yekaterinburg yuzhno-sakhalinsk ",rw:" ac co com edu gouv gov int mil net ",sa:" com edu gov med net org pub sch ",sd:" com edu gov info med net org tv ",se:" a ac b bd c d e f g h i k l m n o org p parti pp press r s t tm u w x y z ",sg:" com edu gov idn net org per ",sn:" art com edu gouv org perso univ ",sy:" com edu gov mil net news org ",th:" ac co go in mi net or ",tj:" ac biz co com edu go gov info int mil name net nic org test web ",tn:" agrinet com defense edunet ens fin gov ind info intl mincom nat net org perso rnrt rns rnu tourism ",tz:" ac co go ne or ",ua:" biz cherkassy chernigov chernovtsy ck cn co com crimea cv dn dnepropetrovsk donetsk dp edu gov if in ivano-frankivsk kh kharkov kherson khmelnitskiy kiev kirovograd km kr ks kv lg lugansk lutsk lviv me mk net nikolaev od odessa org pl poltava pp rovno rv sebastopol sumy te ternopil uzhgorod vinnica vn zaporizhzhe zhitomir zp zt ",ug:" ac co go ne or org sc ",uk:" ac bl british-library co cym gov govt icnet jet lea ltd me mil mod national-library-scotland nel net nhs nic nls org orgn parliament plc police sch scot soc ",us:" dni fed isa kids nsn ",uy:" com edu gub mil net org ",ve:" co com edu gob info mil net org web ",vi:" co com k12 net org ",vn:" ac biz com edu gov health info int name net org pro ",ye:" co com gov ltd me net org plc ",yu:" ac co edu gov org ",za:" ac agric alt bourse city co cybernet db edu gov grondar iaccess imt inca landesign law mil net ngo nis nom olivetti org pix school tm web ",zm:" ac co com edu gov net org sch ",com:"ar br cn de eu gb gr hu jpn kr no qc ru sa se uk us uy za ",net:"gb jp se uk ",org:"ae",de:"com "},has:function(r){var o=r.lastIndexOf(".");if(o<=0||o>=r.length-1)return!1;var i=r.lastIndexOf(".",o-1);if(i<=0||i>=o-1)return!1;var a=n.list[r.slice(o+1)];return a?a.indexOf(" "+r.slice(i+1,o)+" ")>=0:!1},is:function(r){var o=r.lastIndexOf(".");if(o<=0||o>=r.length-1)return!1;var i=r.lastIndexOf(".",o-1);if(i>=0)return!1;var a=n.list[r.slice(o+1)];return a?a.indexOf(" "+r.slice(0,o)+" ")>=0:!1},get:function(r){var o=r.lastIndexOf(".");if(o<=0||o>=r.length-1)return null;var i=r.lastIndexOf(".",o-1);if(i<=0||i>=o-1)return null;var a=n.list[r.slice(o+1)];return!a||a.indexOf(" "+r.slice(i+1,o)+" ")<0?null:r.slice(i+1)},noConflict:function(){return t.SecondLevelDomains===this&&(t.SecondLevelDomains=s),this}};return n})}(Mo)),Mo.exports}/*!
 * URI.js - Mutating URLs
 *
 * Version: 1.19.11
 *
 * Author: Rodney Rehm
 * Web: http://medialize.github.io/URI.js/
 *
 * Licensed under
 *   MIT License http://www.opensource.org/licenses/mit-license
 *
 */(function(e){(function(t,s){e.exports?e.exports=s(Pde(),xde(),Mde()):t.URI=s(t.punycode,t.IPv6,t.SecondLevelDomains,t)})(ve,function(t,s,n,r){var o=r&&r.URI;function i(c,m){var b=arguments.length>=1,_=arguments.length>=2;if(!(this instanceof i))return b?_?new i(c,m):new i(c):new i;if(c===void 0){if(b)throw new TypeError("undefined is not a valid argument for URI");typeof location<"u"?c=location.href+"":c=""}if(c===null&&b)throw new TypeError("null is not a valid argument for URI");return this.href(c),m!==void 0?this.absoluteTo(m):this}function a(c){return/^[0-9]+$/.test(c)}i.version="1.19.11";var l=i.prototype,h=Object.prototype.hasOwnProperty;function d(c){return c.replace(/([.*+?^=!:${}()|[\]\/\\])/g,"\\$1")}function p(c){return c===void 0?"Undefined":String(Object.prototype.toString.call(c)).slice(8,-1)}function g(c){return p(c)==="Array"}function y(c,m){var b={},_,N;if(p(m)==="RegExp")b=null;else if(g(m))for(_=0,N=m.length;_<N;_++)b[m[_]]=!0;else b[m]=!0;for(_=0,N=c.length;_<N;_++){var I=b&&b[c[_]]!==void 0||!b&&m.test(c[_]);I&&(c.splice(_,1),N--,_--)}return c}function A(c,m){var b,_;if(g(m)){for(b=0,_=m.length;b<_;b++)if(!A(c,m[b]))return!1;return!0}var N=p(m);for(b=0,_=c.length;b<_;b++)if(N==="RegExp"){if(typeof c[b]=="string"&&c[b].match(m))return!0}else if(c[b]===m)return!0;return!1}function k(c,m){if(!g(c)||!g(m)||c.length!==m.length)return!1;c.sort(),m.sort();for(var b=0,_=c.length;b<_;b++)if(c[b]!==m[b])return!1;return!0}function j(c){var m=/^\/+|\/+$/g;return c.replace(m,"")}i._parts=function(){return{protocol:null,username:null,password:null,hostname:null,urn:null,port:null,path:null,query:null,fragment:null,preventInvalidHostname:i.preventInvalidHostname,duplicateQueryParameters:i.duplicateQueryParameters,escapeQuerySpace:i.escapeQuerySpace}},i.preventInvalidHostname=!1,i.duplicateQueryParameters=!1,i.escapeQuerySpace=!0,i.protocol_expression=/^[a-z][a-z0-9.+-]*$/i,i.idn_expression=/[^a-z0-9\._-]/i,i.punycode_expression=/(xn--)/i,i.ip4_expression=/^\d{1,3}\.\d{1,3}\.\d{1,3}\.\d{1,3}$/,i.ip6_expression=/^\s*((([0-9A-Fa-f]{1,4}:){7}([0-9A-Fa-f]{1,4}|:))|(([0-9A-Fa-f]{1,4}:){6}(:[0-9A-Fa-f]{1,4}|((25[0-5]|2[0-4]\d|1\d\d|[1-9]?\d)(\.(25[0-5]|2[0-4]\d|1\d\d|[1-9]?\d)){3})|:))|(([0-9A-Fa-f]{1,4}:){5}(((:[0-9A-Fa-f]{1,4}){1,2})|:((25[0-5]|2[0-4]\d|1\d\d|[1-9]?\d)(\.(25[0-5]|2[0-4]\d|1\d\d|[1-9]?\d)){3})|:))|(([0-9A-Fa-f]{1,4}:){4}(((:[0-9A-Fa-f]{1,4}){1,3})|((:[0-9A-Fa-f]{1,4})?:((25[0-5]|2[0-4]\d|1\d\d|[1-9]?\d)(\.(25[0-5]|2[0-4]\d|1\d\d|[1-9]?\d)){3}))|:))|(([0-9A-Fa-f]{1,4}:){3}(((:[0-9A-Fa-f]{1,4}){1,4})|((:[0-9A-Fa-f]{1,4}){0,2}:((25[0-5]|2[0-4]\d|1\d\d|[1-9]?\d)(\.(25[0-5]|2[0-4]\d|1\d\d|[1-9]?\d)){3}))|:))|(([0-9A-Fa-f]{1,4}:){2}(((:[0-9A-Fa-f]{1,4}){1,5})|((:[0-9A-Fa-f]{1,4}){0,3}:((25[0-5]|2[0-4]\d|1\d\d|[1-9]?\d)(\.(25[0-5]|2[0-4]\d|1\d\d|[1-9]?\d)){3}))|:))|(([0-9A-Fa-f]{1,4}:){1}(((:[0-9A-Fa-f]{1,4}){1,6})|((:[0-9A-Fa-f]{1,4}){0,4}:((25[0-5]|2[0-4]\d|1\d\d|[1-9]?\d)(\.(25[0-5]|2[0-4]\d|1\d\d|[1-9]?\d)){3}))|:))|(:(((:[0-9A-Fa-f]{1,4}){1,7})|((:[0-9A-Fa-f]{1,4}){0,5}:((25[0-5]|2[0-4]\d|1\d\d|[1-9]?\d)(\.(25[0-5]|2[0-4]\d|1\d\d|[1-9]?\d)){3}))|:)))(%.+)?\s*$/,i.find_uri_expression=/\b((?:[a-z][\w-]+:(?:\/{1,3}|[a-z0-9%])|www\d{0,3}[.]|[a-z0-9.\-]+[.][a-z]{2,4}\/)(?:[^\s()<>]+|\(([^\s()<>]+|(\([^\s()<>]+\)))*\))+(?:\(([^\s()<>]+|(\([^\s()<>]+\)))*\)|[^\s`!()\[\]{};:'".,<>?«»“”‘’]))/ig,i.findUri={start:/\b(?:([a-z][a-z0-9.+-]*:\/\/)|www\.)/gi,end:/[\s\r\n]|$/,trim:/[`!()\[\]{};:'".,<>?«»“”„‘’]+$/,parens:/(\([^\)]*\)|\[[^\]]*\]|\{[^}]*\}|<[^>]*>)/g},i.leading_whitespace_expression=/^[\x00-\x20\u00a0\u1680\u2000-\u200a\u2028\u2029\u202f\u205f\u3000\ufeff]+/,i.ascii_tab_whitespace=/[\u0009\u000A\u000D]+/g,i.defaultPorts={http:"80",https:"443",ftp:"21",gopher:"70",ws:"80",wss:"443"},i.hostProtocols=["http","https"],i.invalid_hostname_characters=/[^a-zA-Z0-9\.\-:_]/,i.domAttributes={a:"href",blockquote:"cite",link:"href",base:"href",script:"src",form:"action",img:"src",area:"href",iframe:"src",embed:"src",source:"src",track:"src",input:"src",audio:"src",video:"src"},i.getDomAttribute=function(c){if(!(!c||!c.nodeName)){var m=c.nodeName.toLowerCase();if(!(m==="input"&&c.type!=="image"))return i.domAttributes[m]}};function W(c){return escape(c)}function C(c){return encodeURIComponent(c).replace(/[!'()*]/g,W).replace(/\*/g,"%2A")}i.encode=C,i.decode=decodeURIComponent,i.iso8859=function(){i.encode=escape,i.decode=unescape},i.unicode=function(){i.encode=C,i.decode=decodeURIComponent},i.characters={pathname:{encode:{expression:/%(24|26|2B|2C|3B|3D|3A|40)/ig,map:{"%24":"$","%26":"&","%2B":"+","%2C":",","%3B":";","%3D":"=","%3A":":","%40":"@"}},decode:{expression:/[\/\?#]/g,map:{"/":"%2F","?":"%3F","#":"%23"}}},reserved:{encode:{expression:/%(21|23|24|26|27|28|29|2A|2B|2C|2F|3A|3B|3D|3F|40|5B|5D)/ig,map:{"%3A":":","%2F":"/","%3F":"?","%23":"#","%5B":"[","%5D":"]","%40":"@","%21":"!","%24":"$","%26":"&","%27":"'","%28":"(","%29":")","%2A":"*","%2B":"+","%2C":",","%3B":";","%3D":"="}}},urnpath:{encode:{expression:/%(21|24|27|28|29|2A|2B|2C|3B|3D|40)/ig,map:{"%21":"!","%24":"$","%27":"'","%28":"(","%29":")","%2A":"*","%2B":"+","%2C":",","%3B":";","%3D":"=","%40":"@"}},decode:{expression:/[\/\?#:]/g,map:{"/":"%2F","?":"%3F","#":"%23",":":"%3A"}}}},i.encodeQuery=function(c,m){var b=i.encode(c+"");return m===void 0&&(m=i.escapeQuerySpace),m?b.replace(/%20/g,"+"):b},i.decodeQuery=function(c,m){c+="",m===void 0&&(m=i.escapeQuerySpace);try{return i.decode(m?c.replace(/\+/g,"%20"):c)}catch{return c}};var R={encode:"encode",decode:"decode"},O,q=function(c,m){return function(b){try{return i[m](b+"").replace(i.characters[c][m].expression,function(_){return i.characters[c][m].map[_]})}catch{return b}}};for(O in R)i[O+"PathSegment"]=q("pathname",R[O]),i[O+"UrnPathSegment"]=q("urnpath",R[O]);var L=function(c,m,b){return function(_){var N;b?N=function(Z){return i[m](i[b](Z))}:N=i[m];for(var I=(_+"").split(c),U=0,H=I.length;U<H;U++)I[U]=N(I[U]);return I.join(c)}};i.decodePath=L("/","decodePathSegment"),i.decodeUrnPath=L(":","decodeUrnPathSegment"),i.recodePath=L("/","encodePathSegment","decode"),i.recodeUrnPath=L(":","encodeUrnPathSegment","decode"),i.encodeReserved=q("reserved","encode"),i.parse=function(c,m){var b;return m||(m={preventInvalidHostname:i.preventInvalidHostname}),c=c.replace(i.leading_whitespace_expression,""),c=c.replace(i.ascii_tab_whitespace,""),b=c.indexOf("#"),b>-1&&(m.fragment=c.substring(b+1)||null,c=c.substring(0,b)),b=c.indexOf("?"),b>-1&&(m.query=c.substring(b+1)||null,c=c.substring(0,b)),c=c.replace(/^(https?|ftp|wss?)?:+[/\\]*/i,"$1://"),c=c.replace(/^[/\\]{2,}/i,"//"),c.substring(0,2)==="//"?(m.protocol=null,c=c.substring(2),c=i.parseAuthority(c,m)):(b=c.indexOf(":"),b>-1&&(m.protocol=c.substring(0,b)||null,m.protocol&&!m.protocol.match(i.protocol_expression)?m.protocol=void 0:c.substring(b+1,b+3).replace(/\\/g,"/")==="//"?(c=c.substring(b+3),c=i.parseAuthority(c,m)):(c=c.substring(b+1),m.urn=!0))),m.path=c,m},i.parseHost=function(c,m){c||(c=""),c=c.replace(/\\/g,"/");var b=c.indexOf("/"),_,N;if(b===-1&&(b=c.length),c.charAt(0)==="[")_=c.indexOf("]"),m.hostname=c.substring(1,_)||null,m.port=c.substring(_+2,b)||null,m.port==="/"&&(m.port=null);else{var I=c.indexOf(":"),U=c.indexOf("/"),H=c.indexOf(":",I+1);H!==-1&&(U===-1||H<U)?(m.hostname=c.substring(0,b)||null,m.port=null):(N=c.substring(0,b).split(":"),m.hostname=N[0]||null,m.port=N[1]||null)}return m.hostname&&c.substring(b).charAt(0)!=="/"&&(b++,c="/"+c),m.preventInvalidHostname&&i.ensureValidHostname(m.hostname,m.protocol),m.port&&i.ensureValidPort(m.port),c.substring(b)||"/"},i.parseAuthority=function(c,m){return c=i.parseUserinfo(c,m),i.parseHost(c,m)},i.parseUserinfo=function(c,m){var b=c,_=c.indexOf("\\");_!==-1&&(c=c.replace(/\\/g,"/"));var N=c.indexOf("/"),I=c.lastIndexOf("@",N>-1?N:c.length-1),U;return I>-1&&(N===-1||I<N)?(U=c.substring(0,I).split(":"),m.username=U[0]?i.decode(U[0]):null,U.shift(),m.password=U[0]?i.decode(U.join(":")):null,c=b.substring(I+1)):(m.username=null,m.password=null),c},i.parseQuery=function(c,m){if(!c)return{};if(c=c.replace(/&+/g,"&").replace(/^\?*&*|&+$/g,""),!c)return{};for(var b={},_=c.split("&"),N=_.length,I,U,H,Z=0;Z<N;Z++)I=_[Z].split("="),U=i.decodeQuery(I.shift(),m),H=I.length?i.decodeQuery(I.join("="),m):null,U!=="__proto__"&&(h.call(b,U)?((typeof b[U]=="string"||b[U]===null)&&(b[U]=[b[U]]),b[U].push(H)):b[U]=H);return b},i.build=function(c){var m="",b=!1;return c.protocol&&(m+=c.protocol+":"),!c.urn&&(m||c.hostname)&&(m+="//",b=!0),m+=i.buildAuthority(c)||"",typeof c.path=="string"&&(c.path.charAt(0)!=="/"&&b&&(m+="/"),m+=c.path),typeof c.query=="string"&&c.query&&(m+="?"+c.query),typeof c.fragment=="string"&&c.fragment&&(m+="#"+c.fragment),m},i.buildHost=function(c){var m="";if(c.hostname)i.ip6_expression.test(c.hostname)?m+="["+c.hostname+"]":m+=c.hostname;else return"";return c.port&&(m+=":"+c.port),m},i.buildAuthority=function(c){return i.buildUserinfo(c)+i.buildHost(c)},i.buildUserinfo=function(c){var m="";return c.username&&(m+=i.encode(c.username)),c.password&&(m+=":"+i.encode(c.password)),m&&(m+="@"),m},i.buildQuery=function(c,m,b){var _="",N,I,U,H;for(I in c)if(I!=="__proto__"&&h.call(c,I))if(g(c[I]))for(N={},U=0,H=c[I].length;U<H;U++)c[I][U]!==void 0&&N[c[I][U]+""]===void 0&&(_+="&"+i.buildQueryParameter(I,c[I][U],b),m!==!0&&(N[c[I][U]+""]=!0));else c[I]!==void 0&&(_+="&"+i.buildQueryParameter(I,c[I],b));return _.substring(1)},i.buildQueryParameter=function(c,m,b){return i.encodeQuery(c,b)+(m!==null?"="+i.encodeQuery(m,b):"")},i.addQuery=function(c,m,b){if(typeof m=="object")for(var _ in m)h.call(m,_)&&i.addQuery(c,_,m[_]);else if(typeof m=="string"){if(c[m]===void 0){c[m]=b;return}else typeof c[m]=="string"&&(c[m]=[c[m]]);g(b)||(b=[b]),c[m]=(c[m]||[]).concat(b)}else throw new TypeError("URI.addQuery() accepts an object, string as the name parameter")},i.setQuery=function(c,m,b){if(typeof m=="object")for(var _ in m)h.call(m,_)&&i.setQuery(c,_,m[_]);else if(typeof m=="string")c[m]=b===void 0?null:b;else throw new TypeError("URI.setQuery() accepts an object, string as the name parameter")},i.removeQuery=function(c,m,b){var _,N,I;if(g(m))for(_=0,N=m.length;_<N;_++)c[m[_]]=void 0;else if(p(m)==="RegExp")for(I in c)m.test(I)&&(c[I]=void 0);else if(typeof m=="object")for(I in m)h.call(m,I)&&i.removeQuery(c,I,m[I]);else if(typeof m=="string")b!==void 0?p(b)==="RegExp"?!g(c[m])&&b.test(c[m])?c[m]=void 0:c[m]=y(c[m],b):c[m]===String(b)&&(!g(b)||b.length===1)?c[m]=void 0:g(c[m])&&(c[m]=y(c[m],b)):c[m]=void 0;else throw new TypeError("URI.removeQuery() accepts an object, string, RegExp as the first parameter")},i.hasQuery=function(c,m,b,_){switch(p(m)){case"String":break;case"RegExp":for(var N in c)if(h.call(c,N)&&m.test(N)&&(b===void 0||i.hasQuery(c,N,b)))return!0;return!1;case"Object":for(var I in m)if(h.call(m,I)&&!i.hasQuery(c,I,m[I]))return!1;return!0;default:throw new TypeError("URI.hasQuery() accepts a string, regular expression or object as the name parameter")}switch(p(b)){case"Undefined":return m in c;case"Boolean":var U=!!(g(c[m])?c[m].length:c[m]);return b===U;case"Function":return!!b(c[m],m,c);case"Array":if(!g(c[m]))return!1;var H=_?A:k;return H(c[m],b);case"RegExp":return g(c[m])?_?A(c[m],b):!1:!!(c[m]&&c[m].match(b));case"Number":b=String(b);case"String":return g(c[m])?_?A(c[m],b):!1:c[m]===b;default:throw new TypeError("URI.hasQuery() accepts undefined, boolean, string, number, RegExp, Function as the value parameter")}},i.joinPaths=function(){for(var c=[],m=[],b=0,_=0;_<arguments.length;_++){var N=new i(arguments[_]);c.push(N);for(var I=N.segment(),U=0;U<I.length;U++)typeof I[U]=="string"&&m.push(I[U]),I[U]&&b++}if(!m.length||!b)return new i("");var H=new i("").segment(m);return(c[0].path()===""||c[0].path().slice(0,1)==="/")&&H.path("/"+H.path()),H.normalize()},i.commonPath=function(c,m){var b=Math.min(c.length,m.length),_;for(_=0;_<b;_++)if(c.charAt(_)!==m.charAt(_)){_--;break}return _<1?c.charAt(0)===m.charAt(0)&&c.charAt(0)==="/"?"/":"":((c.charAt(_)!=="/"||m.charAt(_)!=="/")&&(_=c.substring(0,_).lastIndexOf("/")),c.substring(0,_+1))},i.withinString=function(c,m,b){b||(b={});var _=b.start||i.findUri.start,N=b.end||i.findUri.end,I=b.trim||i.findUri.trim,U=b.parens||i.findUri.parens,H=/[a-z0-9-]=["']?$/i;for(_.lastIndex=0;;){var Z=_.exec(c);if(!Z)break;var ae=Z.index;if(b.ignoreHtml){var Se=c.slice(Math.max(ae-3,0),ae);if(Se&&H.test(Se))continue}for(var ye=ae+c.slice(ae).search(N),Ee=c.slice(ae,ye),Te=-1;;){var Ne=U.exec(Ee);if(!Ne)break;var Pe=Ne.index+Ne[0].length;Te=Math.max(Te,Pe)}if(Te>-1?Ee=Ee.slice(0,Te)+Ee.slice(Te).replace(I,""):Ee=Ee.replace(I,""),!(Ee.length<=Z[0].length)&&!(b.ignore&&b.ignore.test(Ee))){ye=ae+Ee.length;var De=m(Ee,ae,ye,c);if(De===void 0){_.lastIndex=ye;continue}De=String(De),c=c.slice(0,ae)+De+c.slice(ye),_.lastIndex=ae+De.length}}return _.lastIndex=0,c},i.ensureValidHostname=function(c,m){var b=!!c,_=!!m,N=!1;if(_&&(N=A(i.hostProtocols,m)),N&&!b)throw new TypeError("Hostname cannot be empty, if protocol is "+m);if(c&&c.match(i.invalid_hostname_characters)){if(!t)throw new TypeError('Hostname "'+c+'" contains characters other than [A-Z0-9.-:_] and Punycode.js is not available');if(t.toASCII(c).match(i.invalid_hostname_characters))throw new TypeError('Hostname "'+c+'" contains characters other than [A-Z0-9.-:_]')}},i.ensureValidPort=function(c){if(c){var m=Number(c);if(!(a(m)&&m>0&&m<65536))throw new TypeError('Port "'+c+'" is not a valid port')}},i.noConflict=function(c){if(c){var m={URI:this.noConflict()};return r.URITemplate&&typeof r.URITemplate.noConflict=="function"&&(m.URITemplate=r.URITemplate.noConflict()),r.IPv6&&typeof r.IPv6.noConflict=="function"&&(m.IPv6=r.IPv6.noConflict()),r.SecondLevelDomains&&typeof r.SecondLevelDomains.noConflict=="function"&&(m.SecondLevelDomains=r.SecondLevelDomains.noConflict()),m}else r.URI===this&&(r.URI=o);return this},l.build=function(c){return c===!0?this._deferred_build=!0:(c===void 0||this._deferred_build)&&(this._string=i.build(this._parts),this._deferred_build=!1),this},l.clone=function(){return new i(this)},l.valueOf=l.toString=function(){return this.build(!1)._string};function Q(c){return function(m,b){return m===void 0?this._parts[c]||"":(this._parts[c]=m||null,this.build(!b),this)}}function oe(c,m){return function(b,_){return b===void 0?this._parts[c]||"":(b!==null&&(b=b+"",b.charAt(0)===m&&(b=b.substring(1))),this._parts[c]=b,this.build(!_),this)}}l.protocol=Q("protocol"),l.username=Q("username"),l.password=Q("password"),l.hostname=Q("hostname"),l.port=Q("port"),l.query=oe("query","?"),l.fragment=oe("fragment","#"),l.search=function(c,m){var b=this.query(c,m);return typeof b=="string"&&b.length?"?"+b:b},l.hash=function(c,m){var b=this.fragment(c,m);return typeof b=="string"&&b.length?"#"+b:b},l.pathname=function(c,m){if(c===void 0||c===!0){var b=this._parts.path||(this._parts.hostname?"/":"");return c?(this._parts.urn?i.decodeUrnPath:i.decodePath)(b):b}else return this._parts.urn?this._parts.path=c?i.recodeUrnPath(c):"":this._parts.path=c?i.recodePath(c):"/",this.build(!m),this},l.path=l.pathname,l.href=function(c,m){var b;if(c===void 0)return this.toString();this._string="",this._parts=i._parts();var _=c instanceof i,N=typeof c=="object"&&(c.hostname||c.path||c.pathname);if(c.nodeName){var I=i.getDomAttribute(c);c=c[I]||"",N=!1}if(!_&&N&&c.pathname!==void 0&&(c=c.toString()),typeof c=="string"||c instanceof String)this._parts=i.parse(String(c),this._parts);else if(_||N){var U=_?c._parts:c;for(b in U)b!=="query"&&h.call(this._parts,b)&&(this._parts[b]=U[b]);U.query&&this.query(U.query,!1)}else throw new TypeError("invalid input");return this.build(!m),this},l.is=function(c){var m=!1,b=!1,_=!1,N=!1,I=!1,U=!1,H=!1,Z=!this._parts.urn;switch(this._parts.hostname&&(Z=!1,b=i.ip4_expression.test(this._parts.hostname),_=i.ip6_expression.test(this._parts.hostname),m=b||_,N=!m,I=N&&n&&n.has(this._parts.hostname),U=N&&i.idn_expression.test(this._parts.hostname),H=N&&i.punycode_expression.test(this._parts.hostname)),c.toLowerCase()){case"relative":return Z;case"absolute":return!Z;case"domain":case"name":return N;case"sld":return I;case"ip":return m;case"ip4":case"ipv4":case"inet4":return b;case"ip6":case"ipv6":case"inet6":return _;case"idn":return U;case"url":return!this._parts.urn;case"urn":return!!this._parts.urn;case"punycode":return H}return null};var P=l.protocol,V=l.port,F=l.hostname;l.protocol=function(c,m){if(c&&(c=c.replace(/:(\/\/)?$/,""),!c.match(i.protocol_expression)))throw new TypeError('Protocol "'+c+`" contains characters other than [A-Z0-9.+-] or doesn't start with [A-Z]`);return P.call(this,c,m)},l.scheme=l.protocol,l.port=function(c,m){return this._parts.urn?c===void 0?"":this:(c!==void 0&&(c===0&&(c=null),c&&(c+="",c.charAt(0)===":"&&(c=c.substring(1)),i.ensureValidPort(c))),V.call(this,c,m))},l.hostname=function(c,m){if(this._parts.urn)return c===void 0?"":this;if(c!==void 0){var b={preventInvalidHostname:this._parts.preventInvalidHostname},_=i.parseHost(c,b);if(_!=="/")throw new TypeError('Hostname "'+c+'" contains characters other than [A-Z0-9.-]');c=b.hostname,this._parts.preventInvalidHostname&&i.ensureValidHostname(c,this._parts.protocol)}return F.call(this,c,m)},l.origin=function(c,m){if(this._parts.urn)return c===void 0?"":this;if(c===void 0){var b=this.protocol(),_=this.authority();return _?(b?b+"://":"")+this.authority():""}else{var N=i(c);return this.protocol(N.protocol()).authority(N.authority()).build(!m),this}},l.host=function(c,m){if(this._parts.urn)return c===void 0?"":this;if(c===void 0)return this._parts.hostname?i.buildHost(this._parts):"";var b=i.parseHost(c,this._parts);if(b!=="/")throw new TypeError('Hostname "'+c+'" contains characters other than [A-Z0-9.-]');return this.build(!m),this},l.authority=function(c,m){if(this._parts.urn)return c===void 0?"":this;if(c===void 0)return this._parts.hostname?i.buildAuthority(this._parts):"";var b=i.parseAuthority(c,this._parts);if(b!=="/")throw new TypeError('Hostname "'+c+'" contains characters other than [A-Z0-9.-]');return this.build(!m),this},l.userinfo=function(c,m){if(this._parts.urn)return c===void 0?"":this;if(c===void 0){var b=i.buildUserinfo(this._parts);return b&&b.substring(0,b.length-1)}else return c[c.length-1]!=="@"&&(c+="@"),i.parseUserinfo(c,this._parts),this.build(!m),this},l.resource=function(c,m){var b;return c===void 0?this.path()+this.search()+this.hash():(b=i.parse(c),this._parts.path=b.path,this._parts.query=b.query,this._parts.fragment=b.fragment,this.build(!m),this)},l.subdomain=function(c,m){if(this._parts.urn)return c===void 0?"":this;if(c===void 0){if(!this._parts.hostname||this.is("IP"))return"";var b=this._parts.hostname.length-this.domain().length-1;return this._parts.hostname.substring(0,b)||""}else{var _=this._parts.hostname.length-this.domain().length,N=this._parts.hostname.substring(0,_),I=new RegExp("^"+d(N));if(c&&c.charAt(c.length-1)!=="."&&(c+="."),c.indexOf(":")!==-1)throw new TypeError("Domains cannot contain colons");return c&&i.ensureValidHostname(c,this._parts.protocol),this._parts.hostname=this._parts.hostname.replace(I,c),this.build(!m),this}},l.domain=function(c,m){if(this._parts.urn)return c===void 0?"":this;if(typeof c=="boolean"&&(m=c,c=void 0),c===void 0){if(!this._parts.hostname||this.is("IP"))return"";var b=this._parts.hostname.match(/\./g);if(b&&b.length<2)return this._parts.hostname;var _=this._parts.hostname.length-this.tld(m).length-1;return _=this._parts.hostname.lastIndexOf(".",_-1)+1,this._parts.hostname.substring(_)||""}else{if(!c)throw new TypeError("cannot set domain empty");if(c.indexOf(":")!==-1)throw new TypeError("Domains cannot contain colons");if(i.ensureValidHostname(c,this._parts.protocol),!this._parts.hostname||this.is("IP"))this._parts.hostname=c;else{var N=new RegExp(d(this.domain())+"$");this._parts.hostname=this._parts.hostname.replace(N,c)}return this.build(!m),this}},l.tld=function(c,m){if(this._parts.urn)return c===void 0?"":this;if(typeof c=="boolean"&&(m=c,c=void 0),c===void 0){if(!this._parts.hostname||this.is("IP"))return"";var b=this._parts.hostname.lastIndexOf("."),_=this._parts.hostname.substring(b+1);return m!==!0&&n&&n.list[_.toLowerCase()]&&n.get(this._parts.hostname)||_}else{var N;if(c)if(c.match(/[^a-zA-Z0-9-]/))if(n&&n.is(c))N=new RegExp(d(this.tld())+"$"),this._parts.hostname=this._parts.hostname.replace(N,c);else throw new TypeError('TLD "'+c+'" contains characters other than [A-Z0-9]');else{if(!this._parts.hostname||this.is("IP"))throw new ReferenceError("cannot set TLD on non-domain host");N=new RegExp(d(this.tld())+"$"),this._parts.hostname=this._parts.hostname.replace(N,c)}else throw new TypeError("cannot set TLD empty");return this.build(!m),this}},l.directory=function(c,m){if(this._parts.urn)return c===void 0?"":this;if(c===void 0||c===!0){if(!this._parts.path&&!this._parts.hostname)return"";if(this._parts.path==="/")return"/";var b=this._parts.path.length-this.filename().length-1,_=this._parts.path.substring(0,b)||(this._parts.hostname?"/":"");return c?i.decodePath(_):_}else{var N=this._parts.path.length-this.filename().length,I=this._parts.path.substring(0,N),U=new RegExp("^"+d(I));return this.is("relative")||(c||(c="/"),c.charAt(0)!=="/"&&(c="/"+c)),c&&c.charAt(c.length-1)!=="/"&&(c+="/"),c=i.recodePath(c),this._parts.path=this._parts.path.replace(U,c),this.build(!m),this}},l.filename=function(c,m){if(this._parts.urn)return c===void 0?"":this;if(typeof c!="string"){if(!this._parts.path||this._parts.path==="/")return"";var b=this._parts.path.lastIndexOf("/"),_=this._parts.path.substring(b+1);return c?i.decodePathSegment(_):_}else{var N=!1;c.charAt(0)==="/"&&(c=c.substring(1)),c.match(/\.?\//)&&(N=!0);var I=new RegExp(d(this.filename())+"$");return c=i.recodePath(c),this._parts.path=this._parts.path.replace(I,c),N?this.normalizePath(m):this.build(!m),this}},l.suffix=function(c,m){if(this._parts.urn)return c===void 0?"":this;if(c===void 0||c===!0){if(!this._parts.path||this._parts.path==="/")return"";var b=this.filename(),_=b.lastIndexOf("."),N,I;return _===-1?"":(N=b.substring(_+1),I=/^[a-z0-9%]+$/i.test(N)?N:"",c?i.decodePathSegment(I):I)}else{c.charAt(0)==="."&&(c=c.substring(1));var U=this.suffix(),H;if(U)c?H=new RegExp(d(U)+"$"):H=new RegExp(d("."+U)+"$");else{if(!c)return this;this._parts.path+="."+i.recodePath(c)}return H&&(c=i.recodePath(c),this._parts.path=this._parts.path.replace(H,c)),this.build(!m),this}},l.segment=function(c,m,b){var _=this._parts.urn?":":"/",N=this.path(),I=N.substring(0,1)==="/",U=N.split(_);if(c!==void 0&&typeof c!="number"&&(b=m,m=c,c=void 0),c!==void 0&&typeof c!="number")throw new Error('Bad segment "'+c+'", must be 0-based integer');if(I&&U.shift(),c<0&&(c=Math.max(U.length+c,0)),m===void 0)return c===void 0?U:U[c];if(c===null||U[c]===void 0)if(g(m)){U=[];for(var H=0,Z=m.length;H<Z;H++)!m[H].length&&(!U.length||!U[U.length-1].length)||(U.length&&!U[U.length-1].length&&U.pop(),U.push(j(m[H])))}else(m||typeof m=="string")&&(m=j(m),U[U.length-1]===""?U[U.length-1]=m:U.push(m));else m?U[c]=j(m):U.splice(c,1);return I&&U.unshift(""),this.path(U.join(_),b)},l.segmentCoded=function(c,m,b){var _,N,I;if(typeof c!="number"&&(b=m,m=c,c=void 0),m===void 0){if(_=this.segment(c,m,b),!g(_))_=_!==void 0?i.decode(_):void 0;else for(N=0,I=_.length;N<I;N++)_[N]=i.decode(_[N]);return _}if(!g(m))m=typeof m=="string"||m instanceof String?i.encode(m):m;else for(N=0,I=m.length;N<I;N++)m[N]=i.encode(m[N]);return this.segment(c,m,b)};var M=l.query;return l.query=function(c,m){if(c===!0)return i.parseQuery(this._parts.query,this._parts.escapeQuerySpace);if(typeof c=="function"){var b=i.parseQuery(this._parts.query,this._parts.escapeQuerySpace),_=c.call(this,b);return this._parts.query=i.buildQuery(_||b,this._parts.duplicateQueryParameters,this._parts.escapeQuerySpace),this.build(!m),this}else return c!==void 0&&typeof c!="string"?(this._parts.query=i.buildQuery(c,this._parts.duplicateQueryParameters,this._parts.escapeQuerySpace),this.build(!m),this):M.call(this,c,m)},l.setQuery=function(c,m,b){var _=i.parseQuery(this._parts.query,this._parts.escapeQuerySpace);if(typeof c=="string"||c instanceof String)_[c]=m!==void 0?m:null;else if(typeof c=="object")for(var N in c)h.call(c,N)&&(_[N]=c[N]);else throw new TypeError("URI.addQuery() accepts an object, string as the name parameter");return this._parts.query=i.buildQuery(_,this._parts.duplicateQueryParameters,this._parts.escapeQuerySpace),typeof c!="string"&&(b=m),this.build(!b),this},l.addQuery=function(c,m,b){var _=i.parseQuery(this._parts.query,this._parts.escapeQuerySpace);return i.addQuery(_,c,m===void 0?null:m),this._parts.query=i.buildQuery(_,this._parts.duplicateQueryParameters,this._parts.escapeQuerySpace),typeof c!="string"&&(b=m),this.build(!b),this},l.removeQuery=function(c,m,b){var _=i.parseQuery(this._parts.query,this._parts.escapeQuerySpace);return i.removeQuery(_,c,m),this._parts.query=i.buildQuery(_,this._parts.duplicateQueryParameters,this._parts.escapeQuerySpace),typeof c!="string"&&(b=m),this.build(!b),this},l.hasQuery=function(c,m,b){var _=i.parseQuery(this._parts.query,this._parts.escapeQuerySpace);return i.hasQuery(_,c,m,b)},l.setSearch=l.setQuery,l.addSearch=l.addQuery,l.removeSearch=l.removeQuery,l.hasSearch=l.hasQuery,l.normalize=function(){return this._parts.urn?this.normalizeProtocol(!1).normalizePath(!1).normalizeQuery(!1).normalizeFragment(!1).build():this.normalizeProtocol(!1).normalizeHostname(!1).normalizePort(!1).normalizePath(!1).normalizeQuery(!1).normalizeFragment(!1).build()},l.normalizeProtocol=function(c){return typeof this._parts.protocol=="string"&&(this._parts.protocol=this._parts.protocol.toLowerCase(),this.build(!c)),this},l.normalizeHostname=function(c){return this._parts.hostname&&(this.is("IDN")&&t?this._parts.hostname=t.toASCII(this._parts.hostname):this.is("IPv6")&&s&&(this._parts.hostname=s.best(this._parts.hostname)),this._parts.hostname=this._parts.hostname.toLowerCase(),this.build(!c)),this},l.normalizePort=function(c){return typeof this._parts.protocol=="string"&&this._parts.port===i.defaultPorts[this._parts.protocol]&&(this._parts.port=null,this.build(!c)),this},l.normalizePath=function(c){var m=this._parts.path;if(!m)return this;if(this._parts.urn)return this._parts.path=i.recodeUrnPath(this._parts.path),this.build(!c),this;if(this._parts.path==="/")return this;m=i.recodePath(m);var b,_="",N,I;for(m.charAt(0)!=="/"&&(b=!0,m="/"+m),(m.slice(-3)==="/.."||m.slice(-2)==="/.")&&(m+="/"),m=m.replace(/(\/(\.\/)+)|(\/\.$)/g,"/").replace(/\/{2,}/g,"/"),b&&(_=m.substring(1).match(/^(\.\.\/)+/)||"",_&&(_=_[0]));N=m.search(/\/\.\.(\/|$)/),N!==-1;){if(N===0){m=m.substring(3);continue}I=m.substring(0,N).lastIndexOf("/"),I===-1&&(I=N),m=m.substring(0,I)+m.substring(N+3)}return b&&this.is("relative")&&(m=_+m.substring(1)),this._parts.path=m,this.build(!c),this},l.normalizePathname=l.normalizePath,l.normalizeQuery=function(c){return typeof this._parts.query=="string"&&(this._parts.query.length?this.query(i.parseQuery(this._parts.query,this._parts.escapeQuerySpace)):this._parts.query=null,this.build(!c)),this},l.normalizeFragment=function(c){return this._parts.fragment||(this._parts.fragment=null,this.build(!c)),this},l.normalizeSearch=l.normalizeQuery,l.normalizeHash=l.normalizeFragment,l.iso8859=function(){var c=i.encode,m=i.decode;i.encode=escape,i.decode=decodeURIComponent;try{this.normalize()}finally{i.encode=c,i.decode=m}return this},l.unicode=function(){var c=i.encode,m=i.decode;i.encode=C,i.decode=unescape;try{this.normalize()}finally{i.encode=c,i.decode=m}return this},l.readable=function(){var c=this.clone();c.username("").password("").normalize();var m="";if(c._parts.protocol&&(m+=c._parts.protocol+"://"),c._parts.hostname&&(c.is("punycode")&&t?(m+=t.toUnicode(c._parts.hostname),c._parts.port&&(m+=":"+c._parts.port)):m+=c.host()),c._parts.hostname&&c._parts.path&&c._parts.path.charAt(0)!=="/"&&(m+="/"),m+=c.path(!0),c._parts.query){for(var b="",_=0,N=c._parts.query.split("&"),I=N.length;_<I;_++){var U=(N[_]||"").split("=");b+="&"+i.decodeQuery(U[0],this._parts.escapeQuerySpace).replace(/&/g,"%26"),U[1]!==void 0&&(b+="="+i.decodeQuery(U[1],this._parts.escapeQuerySpace).replace(/&/g,"%26"))}m+="?"+b.substring(1)}return m+=i.decodeQuery(c.hash(),!0),m},l.absoluteTo=function(c){var m=this.clone(),b=["protocol","username","password","hostname","port"],_,N,I;if(this._parts.urn)throw new Error("URNs do not have any generally defined hierarchical components");if(c instanceof i||(c=new i(c)),m._parts.protocol||(m._parts.protocol=c._parts.protocol,this._parts.hostname))return m;for(N=0;I=b[N];N++)m._parts[I]=c._parts[I];return m._parts.path?(m._parts.path.substring(-2)===".."&&(m._parts.path+="/"),m.path().charAt(0)!=="/"&&(_=c.directory(),_=_||(c.path().indexOf("/")===0?"/":""),m._parts.path=(_?_+"/":"")+m._parts.path,m.normalizePath())):(m._parts.path=c._parts.path,m._parts.query||(m._parts.query=c._parts.query)),m.build(),m},l.relativeTo=function(c){var m=this.clone().normalize(),b,_,N,I,U;if(m._parts.urn)throw new Error("URNs do not have any generally defined hierarchical components");if(c=new i(c).normalize(),b=m._parts,_=c._parts,I=m.path(),U=c.path(),I.charAt(0)!=="/")throw new Error("URI is already relative");if(U.charAt(0)!=="/")throw new Error("Cannot calculate a URI relative to another relative URI");if(b.protocol===_.protocol&&(b.protocol=null),b.username!==_.username||b.password!==_.password||b.protocol!==null||b.username!==null||b.password!==null)return m.build();if(b.hostname===_.hostname&&b.port===_.port)b.hostname=null,b.port=null;else return m.build();if(I===U)return b.path="",m.build();if(N=i.commonPath(I,U),!N)return m.build();var H=_.path.substring(N.length).replace(/[^\/]*$/,"").replace(/.*?\//g,"../");return b.path=H+b.path.substring(N.length)||"./",m.build()},l.equals=function(c){var m=this.clone(),b=new i(c),_={},N={},I={},U,H,Z;if(m.normalize(),b.normalize(),m.toString()===b.toString())return!0;if(U=m.query(),H=b.query(),m.query(""),b.query(""),m.toString()!==b.toString()||U.length!==H.length)return!1;_=i.parseQuery(U,this._parts.escapeQuerySpace),N=i.parseQuery(H,this._parts.escapeQuerySpace);for(Z in _)if(h.call(_,Z)){if(g(_[Z])){if(!k(_[Z],N[Z]))return!1}else if(_[Z]!==N[Z])return!1;I[Z]=!0}for(Z in N)if(h.call(N,Z)&&!I[Z])return!1;return!0},l.preventInvalidHostname=function(c){return this._parts.preventInvalidHostname=!!c,this},l.duplicateQueryParameters=function(c){return this._parts.duplicateQueryParameters=!!c,this},l.escapeQuerySpace=function(c){return this._parts.escapeQuerySpace=!!c,this},i})})(Bu);var Ude=Bu.exports;const Tn=qs(Ude);class ho{constructor(t){Object.assign(this,t),this.original=t,this.time=parseFloat(this.time),this.responseDuration=parseFloat(this.responseDuration),this.responseDurationRounded=this.responseDuration?Math.round(this.responseDuration):0,this.databaseDurationRounded=this.databaseDuration?Math.round(this.databaseDuration):0,this.memoryUsageFormatted=this.memoryUsage?this.formatBytes(this.memoryUsage):void 0,this.processCacheStats(),this.cacheQueries=this.processCacheQueries(this.cacheQueries),this.cookies=this.createKeypairs(this.cookies),this.middleware=this.middleware instanceof Array?this.middleware:[],this.processDatabase(),this.processModels(),this.notifications=this.processNotifications(this.notifications,this.emailsData),this.processHttpRequests(),this.events=this.processEvents(this.events),this.getData=this.createKeypairs(this.getData),this.requestData=this.requestData instanceof Object?this.createKeypairs(this.requestData,!1):this.requestData,this.headers=this.processHeaders(this.headers),this.log=We(this.processLog(this.log)),this.postData=this.createKeypairs(this.postData),this.queueJobs=this.processQueueJobs(this.queueJobs),this.redisCommands=this.processRedisCommands(this.redisCommands),this.sessionData=this.createKeypairs(this.sessionData),this.performanceMetrics=this.processPerformanceMetrics(this.performanceMetrics),this.viewsData=this.processViews(this.viewsData),this.userData=this.processUserData(this.userData),this.timeline=this.processTimeline(this.timelineData),this.clientMetrics=this.processClientMetrics(this.clientMetrics),this.webVitals=this.processWebVitals(this.webVitals),this.processCommand(),this.processQueueJob(),this.processTest(),this.errorsCount=this.getErrorsCount(),this.warningsCount=this.getWarningsCount(),this.exceptions=We(this.processExceptions()),this.loadClientMetricsAttempts=0}static placeholder(t,s,n){return Object.assign(new ho({loading:!0,id:t,uri:s?new Tn(s.url).pathname():"/",controller:"Waiting...",method:s?s.method:"GET",responseStatus:"?",parent:n}),{responseDurationRounded:"?",databaseDurationRounded:"?"})}resolve(t,s){return Object.assign(this,s?Lde(t,s):t,{loading:!1,error:void 0,original:Object.assign(this.original,t.original)})}resolveWithError(t){return Object.assign(this,{loading:!1,error:t})}loadClientMetrics(t){this.isRequest()&&(this.clientMetrics.some(s=>s.value)&&Object.values(this.webVitals).some(s=>s.value)||this.loadClientMetricsTimeout||++this.loadClientMetricsAttempts>4||(this.loadClientMetricsTimeout=setTimeout(()=>{t.findId(this.id)&&t.loadId(this.id,["clientMetrics","webVitals"]).then(()=>{this.loadClientMetricsTimeout=void 0,this.loadClientMetrics(t)})},2500)))}isClientError(){return this.responseStatus>=400&&this.responseStatus<500}isServerError(){return this.responseStatus>=500&&this.responseStatus<600}isAjax(){return this.headers.find(t=>t.name=="X-Requested-With"&&t.value=="XMLHttpRequest")}isRequest(){return this.type=="request"||!this.type}isCommand(){return this.type=="command"}isCommandError(){return this.commandExitCode==1}isCommandWarning(){return this.commandExitCode>1}isQueueJob(){return this.type=="queue-job"}isQueueJobError(){return this.jobStatus=="failed"}isQueueJobWarning(){return this.jobStatus=="released"}isTest(){return this.type=="test"}isTestError(){return["failed","error"].includes(this.testStatus)}isTestWarning(){return["warning"].includes(this.testStatus)}get tooltip(){return this.isCommand()?`[CMD] ${this.commandName} (${this.commandLine})`:this.isQueueJob()?`[QUEUE] ${this.jobName} (${this.jobDescription})`:this.isTest()?`[TEST] ${this.testGroup} (${this.testName})`:`${this.method} ${this.uri} (${this.controller})`}createKeypairs(t,s=!0){if(!(t instanceof Object))return[];let n=Object.keys(t).map(r=>({name:r,value:t[r]}));return s&&(n=n.sort((r,o)=>r.name.localeCompare(o.name))),n}processCacheStats(){this.cacheDeletes=parseInt(this.cacheDeletes||0),this.cacheHits=parseInt(this.cacheHits||0),this.cacheReads=parseInt(this.cacheReads||0),this.cacheWrites=parseInt(this.cacheWrites||0),this.cacheMisses=this.cacheReads&&this.cacheHits?this.cacheReads-this.cacheHits:null,this.cacheTime=parseFloat(this.cacheTime||0),this.cacheTimeRounded=Math.round(this.cacheTime)}processCacheQueries(t){return t instanceof Array?t.map(s=>(s.expiration=s.expiration?this.formatTime(s.expiration):void 0,s.value=s.value!==void 0?s.value:"",s)):[]}processClientMetrics(t){return t=this.enforceObject(t),[{name:"Redirect",value:t.redirect},{name:"DNS",value:t.dns,color:"purple",onChart:!0},{name:"Connection",value:t.connection,color:"blue",onChart:!0},{name:"Waiting",value:t.waiting,color:"red",onChart:!0},{name:"Receiving",value:t.receiving,color:"green",onChart:!0},{name:"To interactive",value:t.domInteractive,color:"blue",onChart:!0,dom:!0},{name:"To complete",value:t.domComplete,color:"purple",onChart:!0,dom:!0}]}processDatabase(){this.databaseQueries=this.processDatabaseQueries(this.databaseQueries),this.databaseQueriesCount=parseInt(this.databaseQueriesCount)||this.databaseQueries.length,this.databaseSlowQueries=parseInt(this.databaseSlowQueries)||this.databaseQueries.filter(t=>t.tags.includes("slow")).length,this.databaseSelects=parseInt(this.databaseSelects)||this.databaseQueries.filter(t=>t.query.match(/^select /i)).length,this.databaseInserts=parseInt(this.databaseInserts)||this.databaseQueries.filter(t=>t.query.match(/^insert /i)).length,this.databaseUpdates=parseInt(this.databaseUpdates)||this.databaseQueries.filter(t=>t.query.match(/^update /i)).length,this.databaseDeletes=parseInt(this.databaseDeletes)||this.databaseQueries.filter(t=>t.query.match(/^delete /i)).length,this.databaseOthers=parseInt(this.databaseOthers)||this.databaseQueries.filter(t=>!t.query.match(/^(select|insert|update|delete) /i)).length,this.databaseDuration=parseFloat(this.databaseDuration||0)}processDatabaseQueries(t){return t instanceof Array?t.map(s=>{s.model=s.model||"-",s.shortModel=s.model?s.model.split("\\").pop():"-",s.tags=s.tags instanceof Array?s.tags:[],s.bindings=this.optionalNonEmptyObject(s.bindings),s.prettifiedQuery=Dde.format(s.query);let n,r=s.query.trim();return(n=r.match(/^SELECT\s[\s\S]*?\sFROM\s+([A-Za-z-_'".]+)/i))?s.shortQuery=`SELECT FROM ${n[1].replaceAll(/['"]/g,"")}`:(n=r.match(/^INSERT\s+INTO\s+([A-Za-z-_'".]+)/i))?s.shortQuery=`INSERT INTO ${n[1].replaceAll(/['"]/g,"")}`:(n=r.match(/^UPDATE\s+([A-Za-z-_'".]+)/i))?s.shortQuery=`UPDATE ${n[1].replaceAll(/['"]/g,"")}`:(n=r.match(/^DELETE\s+FROM\s+([A-Za-z-_'".]+)/i))?s.shortQuery=`DELETE FROM ${n[1].replaceAll(/['"]/g,"")}`:s.shortQuery=r,s}):[]}processNotifications(t,s){return s=Object.values(this.optionalNonEmptyObject(s,{})).filter(n=>n.data instanceof Object).map(n=>({subject:n.data.subject,to:[n.data.to],from:[n.data.from],time:n.start,duration:n.duration,type:"mail",data:[]})),this.enforceArray(t).concat(s).map(function(n){return n.isShowingDetails=!1,n})}processHttpRequests(){this.httpRequests=this.enforceArray(this.httpRequests).map(t=>{var n;let s;return(s=t.request.url.match(/(.+?:\/\/)(.+?)(\/.+?)?(\?.+)?$/))?t.request.url={full:t.request.url,scheme:s[1],host:s[2],path:s[3],query:s[4]}:t.request.url={full:t.request.url},(n=t.response)!=null&&n.status&&(t.response.statusMessage=$de[t.response.status].message),t})}processEvents(t){return t instanceof Array?t.map(s=>(s.objectEvent=s.data instanceof Object&&s.event==s.data.__class__,s.time=s.time?new Date(s.time*1e3):void 0,s.listeners=s.listeners instanceof Array?s.listeners:[],s.listeners=s.listeners.map(n=>{let r,o;return(o=n.match(/Closure \(.*[\/\\](.+?:\d+)-\d+\)/))?r="Closure ("+o[1]+")":r=n.split(/[\/\\]/).pop(),{name:n,shortName:r}}),s)):[]}processExceptions(){let t=this.log.length?this.log[this.log.length-1].exception:null;if(this.isRequest()&&!this.isServerError()||!t)return[];t=Nu(t);let s=t;do s.trace=[{call:`${s.type}()`,file:s.file,line:s.line,isVendor:!1},...s.trace];while(s=s.previous);return[t]}processHeaders(t){return t instanceof Object?Object.keys(t).map(s=>{let n=t[s];return s=s.split("-").map(r=>r.charAt(0).toUpperCase()+r.slice(1).toLowerCase()).join("-"),{name:s,value:n}}).reduce((s,n)=>(n=n.value instanceof Array?n.value.map(r=>({name:n.name,value:r})):[n],s.concat(n)),[]).sort((s,n)=>s.name.localeCompare(n.name)):[]}processLog(t){return t instanceof Array?t.map(s=>(s.exception&&(s.file=s.exception.file,s.line=s.exception.line,s.trace=s.exception.trace),s.time=new Date(s.time*1e3),s.context=s.context instanceof Object&&Object.keys(s.context).filter(n=>n!="__type__").length?s.context:void 0,s)):[]}processModels(){this.modelsActions=this.processModelsActions(this.modelsActions)}processModelsActions(t){return this.enforceArray(t).map(s=>(s.shortModel=s.model?s.model.split("\\").pop():"",s.attributes=this.optionalNonEmptyObject(s.attributes),s.changes=this.optionalNonEmptyObject(s.changes),s.tags=this.enforceArray(s.tags),s.bindings=this.optionalNonEmptyObject(s.bindings),s.isShowingDetails=!1,s))}processPerformanceMetrics(t){if(!t)return[{name:"App",value:(this.responseDurationRounded||0)-(this.databaseDurationRounded||0)-(this.cacheTimeRounded||0),color:"blue"},{name:"DB",value:this.databaseDurationRounded,color:"red"},{name:"Cache",value:this.cacheTimeRounded,color:"green"}].filter(n=>n.value>0);t=t.filter(n=>n instanceof Object).map((n,r)=>(n.color=n.color||"purple",n));let s=t.reduce((n,r)=>n+r.value,0);return t.push({name:"Other",value:this.responseDurationRounded-s,color:"purple"}),t}processQueueJobs(t){return t instanceof Array?t.map(s=>(s.shortName=s.name.split("\\").pop(),s)):[]}processRedisCommands(t){return t instanceof Array?t:[]}processTest(){this.testName&&([this.testGroup,this.testName]=this.testName.includes("::")?this.testName.split("::"):[this.testName,""])}processTimeline(t){let s=new Ur(Object.values(this.optionalNonEmptyObject(t,{})),this.time,this.time+this.responseDuration);return t&&!t.total&&s.appendTotalEvent(),this.databaseQueries.forEach(n=>s.append({start:n.time,duration:n.duration,name:n.shortQuery,description:n.query,color:"red",tags:["databaseQueries"]})),this.events.forEach(n=>s.append({start:n.time,duration:n.duration,description:n.event,color:"purple",tags:["events"]})),this.cacheQueries.forEach(n=>s.append({start:n.time,duration:n.duration,description:`${n.type.toUpperCase()} ${n.key}`,color:"green",tags:["cacheQueries"]})),this.redisCommands.forEach(n=>s.append({start:n.time,duration:n.duration,description:`${n.command} ${Object.values(n.parameters).join(" ")}`,color:"green",tags:["redisCommands"]})),this.queueJobs.forEach(n=>s.append({start:n.time,duration:n.duration,description:n.name,color:"purple",tags:["queueJobs"]})),this.notifications.forEach(n=>s.append({start:n.time,duration:n.duration,description:`${n.to} - ${n.subject}`,color:"purple",tags:["notifications"]})),this.httpRequests.forEach(n=>s.append({start:n.time,duration:n.duration,description:`${n.request.method} ${n.request.url.full}`,color:"purple",tags:["httpRequests"]})),s.merge(this.viewsData),s}processViews(t){let s=Object.values(this.optionalNonEmptyObject(t,{})).map(n=>{var r,o,i,a;return{start:n.start,duration:n.duration,name:((r=n.data)==null?void 0:r.name)||n.description,description:(((o=n.data)==null?void 0:o.name)||n.description)+((i=n.data)!=null&&i.memoryUsage?` (${this.formatBytes(n.data.memoryUsage)})`:""),data:this.optionalNonEmptyObject((a=n.data)==null?void 0:a.data),color:"purple",tags:["views"]}});return new Ur(s,this.time,this.time+this.responseDuration)}processUserData(t){if(!(t instanceof Object))return[];let s=([r,o])=>r!="__meta",n=r=>([o,i])=>({key:r[o]||o,value:i});return Object.entries(t).filter(([r,o])=>o instanceof Object||o.__meta||o.__meta.title).map(([r,o])=>({key:r,title:o.__meta.title,sections:Object.entries(o).filter(s).map(([i,a])=>{let l=a.__meta.labels||{};return{data:a.__meta.showAs=="counters"?Object.entries(a).filter(s).map(n(l)):Object.entries(a).filter(s).map(([d,p])=>Object.entries(p).map(n(l))),showAs:a.__meta.showAs,title:a.__meta.title}})}))}processWebVitals(t){t=this.enforceObject(t);let s={cls:{slow:7300,moderate:3800},fid:{slow:300,moderate:100},lcp:{slow:4e3,moderate:2e3},fcp:{slow:4e3,moderate:2e3},ttfb:{slow:600,moderate:600},si:{slow:5800,moderate:4300}};return Object.keys(s).forEach(n=>{let r=t[n],o="fast",i=!isNaN(parseFloat(r));r>s[n].slow?o="slow":r>s[n].moderate&&(o="moderate"),t[n]={value:r,score:o,available:i}}),t}processCommand(){this.commandLine="",this.commandLine+=Object.values(this.commandArguments||{}).filter(t=>t).join(" "),this.commandLine+=Object.entries(this.commandOptions||{}).reduce((t,[s,n])=>t+(n===!0?` --${s}`:` --${s}=${n}`),""),this.commandArgumentsMerged=this.createKeypairs(Object.assign({},this.commandArgumentsDefaults||{},this.commandArguments||{}),!1),this.commandOptionsMerged=this.createKeypairs(Object.assign({},this.commandOptionsDefaults||{},this.commandOptions||{}),!1)}processQueueJob(){this.jobOptions=this.createKeypairs(this.jobOptions)}getErrorsCount(){return this.log.reduce((t,s)=>s.level=="error"?t+1:t,0)}getWarningsCount(){return this.log.filter(t=>t.level=="warning").length+this.databaseSlowQueries}formatTime(t){let s=Math.floor(t/60),n=Math.floor(s/60);t=t%60,s=s%60;let r=[];return n&&r.push(n+"h"),s&&r.push(s+"min"),t&&r.push(t+"sec"),r.join(" ")}formatBytes(t){let s=["B","kB","MB","GB","TB","PB"],n=Math.floor(Math.log(t)/Math.log(1024));return`${Math.round(t/Math.round(Math.pow(1024,n)))} ${s[n]}`}enforceArray(t){return t instanceof Array?t:[]}enforceObject(t){return t instanceof Object&&Object.keys(t).filter(s=>s!="__type__").length?t:{}}optionalNonEmptyObject(t,s){return t instanceof Object&&Object.keys(t).filter(n=>n!="__type__").length?t:s}}const Fde=(...e)=>We(new ho(...e));function Jn(...e){return We(ho.placeholder(...e))}class ln{get api(){return chrome||browser}static runningAsExtension(){return typeof chrome=="object"&&chrome.devtools||typeof browser=="object"&&browser.devtools}init(t){this.global=t,this.requests=t.$requests,this.profiler=t.$profiler,this.settings=t.$settings,this.updateNotification=t.$updateNotification,this.lastPolledId=null,this.useProperTheme(),this.setMetadataUrl(),this.setMetadataClient(),this.listenToRequests(),this.throttlePolling(),this.loadLastRequest()}useProperTheme(){this.api.devtools.panels.themeName==="dark"&&(this.settings.defaultAppearance="dark")}setMetadataUrl(){this.resolveTabUrl().then(t=>this.requests.setRemote(t))}setMetadataClient(){this.requests.setClient((t,s,n,r)=>this.profiler.withoutProfiling(()=>this.fetch(t,s,n,r).then(({response:o,data:i})=>{if(o){if(o.status==403)throw{error:"requires-authentication",message:i.message,requires:i.requires};if(o.status!=200)throw{error:"error-response",message:"Server returned an error response."};if(!s.includes("only=")&&!(i instanceof Array)&&(!(i instanceof Object)||!Object.keys(i).length))throw{error:"empty-response",message:"Server returned an empty metadata."}}else throw{error:"network-error",message:"This can be caused by a network error, misconfigured web server or an invalid SSL certificate."};return i})))}fetch(t,s,n={},r={}){return new Promise((o,i)=>{this.api.runtime.sendMessage({action:"fetch",method:t,url:s,data:n,headers:r},a=>o(a))})}setCookie(t,s,n){return this.resolveTabUrl().then(r=>{this.api.runtime.sendMessage({action:"setCookie",url:r,name:t,value:s,path:"/",expirationDate:Math.floor(Date.now()/1e3)+n})})}getCookie(t){return this.resolveTabUrl().then(s=>new Promise((n,r)=>{this.api.runtime.sendMessage({action:"getCookie",url:s,name:t},o=>n(o))}))}resolveTabUrl(){return new Promise((t,s)=>{this.api.runtime.sendMessage({action:"getTabUrl",tabId:this.api.devtools.inspectedWindow.tabId},n=>t(n))})}listenToRequests(){this.api.runtime.onMessage.addListener(t=>{if(t.action!=="requestCompleted"||navigator.userAgent.toLowerCase().indexOf("firefox/57.0")===-1&&t.request.tabId!=this.api.devtools.inspectedWindow.tabId)return;let s=this.parseHeaders(t.request.responseHeaders);if(!s)return;this.updateNotification.serverVersion=s.version,this.requests.setRemote(t.request.url,s);let n=Jn(s.id,t.request);this.requests.loadId(s.id,null,n).then(()=>this.retryLoading(n)),s.subrequests.forEach(r=>{this.requests.setRemote(r.url,{path:r.path}),this.requests.loadId(r.id,null,Jn(r.id,r,n))}),this.requests.setRemote(t.request.url,s)}),(!this.settings.global.hideCommandTypeRequests||!this.settings.global.hideQueueJobTypeRequests||!this.settings.global.hideTestTypeRequests)&&this.startPollingRequests(),this.api.runtime.onMessage.addListener(t=>{t.action==="navigationStarted"&&(this.settings.global.preserveLog||t.details.tabId==this.api.devtools.inspectedWindow.tabId&&this.requests.clear())})}loadLastRequest(){this.api.runtime.sendMessage({action:"getLastTappedRequestInTab",tabId:this.api.devtools.inspectedWindow.tabId},t=>{if(!t)return;let s=this.parseHeaders(t.responseHeaders);this.updateNotification.serverVersion=s.version,this.requests.setRemote(t.url,s),this.requests.loadId(s.id,null,Jn(s.id,t)),(!this.settings.global.hideCommandTypeRequests||!this.settings.global.hideQueueJobTypeRequests||!this.settings.global.hideTestTypeRequests)&&this.startPollingRequests()})}parseHeaders(t){let s,n=(s=t.find(l=>l.name.toLowerCase()=="x-clockwork-id"||l.name.toLowerCase()=="x-tapped-id"))?s.value:void 0,r=(s=t.find(l=>l.name.toLowerCase()=="x-clockwork-path"||l.name.toLowerCase()=="x-tapped-path"))?s.value:void 0,o=(s=t.find(l=>l.name.toLowerCase()=="x-clockwork-version"||l.name.toLowerCase()=="x-tapped-version"))?s.value:void 0;if(!n)return;let i={};t.forEach(l=>{if(l.name.toLowerCase().indexOf("x-clockwork-header-")===0||l.name.toLowerCase().indexOf("x-tapped-header-")===0){let h=l.name.replace(/^x-(clockwork|tapped)-header-/i,"");i[h]=l.value}});let a=t.filter(l=>l.name.toLowerCase()=="x-clockwork-subrequest"||l.name.toLowerCase()=="x-tapped-subrequest").reduce((l,h)=>l.concat(h.value.split(",").map(d=>{let p=d.trim().split(";");return{id:p[0],url:decodeURIComponent(p[1]),path:decodeURIComponent(p[2])}})),[]);return{id:n,path:r,version:o,headers:i,subrequests:a}}retryLoading(t,s=0){t.error&&(s>3||setTimeout(()=>this.requests.loadId(t.id).then(()=>this.retryLoading(t,s+1)),(s+1)*(s+1)*100))}startPollingRequests(){var t;this.pollingInterval=1e3,this.isPolling=!0,this.lastPolledId=(t=this.requests.last())==null?void 0:t.id,this.pollTimeout||this.pollRequests()}stopPollingRequests(){this.isPolling=!1,clearTimeout(this.pollTimeout),this.pollTimeout=null}pollRequests(){clearTimeout(this.pollTimeout);let t=[this.settings.global.hideCommandTypeRequests?null:"command",this.settings.global.hideQueueJobTypeRequests?null:"queue-job",this.settings.global.hideTestTypeRequests?null:"test"].filter(Boolean);this.requests.withQuery({"type[]":t},()=>{this.requests.loadNext().then(s=>{var n;this.lastPolledId=((n=this.requests.last())==null?void 0:n.id)||this.lastPolledId,this.isPolling&&(this.pollTimeout=setTimeout(()=>this.pollRequests(),this.updatePollingInterval(s.length)))}).catch(()=>{this.isPolling&&(this.pollTimeout=setTimeout(()=>this.pollRequests(),this.updatePollingInterval(!1)))})})}throttlePolling(){document.addEventListener("visibilitychange",()=>{this.pollingInterval=document.hidden?6e4:1e3,!document.hidden&&this.isPolling&&this.pollRequests()})}updatePollingInterval(t){let s=new Date().getTime();return(t||!this.pollingLastReceived)&&(this.pollingLastReceived=s),s-this.pollingLastReceived>6e4?this.pollingInterval=5e3:s-this.pollingLastReceived>3e4?this.pollingInterval=2500:this.pollingInterval=1e3}hasFeature(t){return!["delete-shared","details-request","sharing","share-button"].includes(t)}settingsChanged(){this.settings.global.hideCommandTypeRequests&&this.settings.global.hideQueueJobTypeRequests&&this.settings.global.hideTestTypeRequests?this.stopPollingRequests():this.startPollingRequests()}}class Hde{init(t){this.global=t,this.requests=t.$requests,this.authentication=t.$authentication,this.profiler=t.$profiler,this.settings=t.$settings,this.lastPolledId=null,this.useProperTheme(),this.setMetadataUrl(),this.setMetadataClient(),this.loadRequestFromUri(),this.startPollingRequests(),this.throttlePolling(),this.settings.sites.length&&(this.settings.activeSite=this.settings.sites.find(s=>window.location.href.match(new RegExp(`^${s.regexp}`))))}useProperTheme(){window.matchMedia("(prefers-color-scheme: dark)").matches&&(this.settings.defaultAppearance="dark"),window.matchMedia("(prefers-color-scheme: dark)").addEventListener("change",t=>{this.settings.defaultAppearance=t.matches?"dark":"light"})}setMetadataUrl(){if(this.settings.global.metadataPath)return this.requests.setRemote(window.location.href,{path:this.settings.global.metadataPath});this.requests.setRemote(window.location.href,{path:new Tn(window.location.href).path().split("/").slice(0,-2).join("/")+"/__tapped/"})}setMetadataClient(){this.requests.setClient((t,s,n,r)=>this.profiler.withoutProfiling(()=>this.fetch(t,s,n,r).then(({response:o,data:i})=>{if(o.status==403)throw{error:"requires-authentication",message:i.message,requires:i.requires};if(o.status!=200)throw{error:"error-response",message:"Server returned an error response."};if(!s.includes("only=")&&!(i instanceof Array)&&(!(i instanceof Object)||!Object.keys(i).length))throw{error:"empty-response",message:"Server returned an empty metadata."};return i})))}fetch(t,s,n={},r={}){let o=new FormData;return Object.entries(n).forEach(([i,a])=>o.append(i,a)),fetch(s,{method:t,body:Object.keys(n).length?o:null,headers:r}).then(i=>i.json().then(a=>({response:i,data:a}))).catch(i=>{throw{error:"network-error",message:"This can be caused by a network error, misconfigured web server or an invalid SSL certificate."}})}setCookie(t,s,n){return document.cookie=`${t}=${s};path=/;max-age=${n}`,Promise.resolve()}getCookie(t){let s=document.cookie.match(new RegExp(`(?:^| )${t}=([^;]*)`));return Promise.resolve(s?s[1]:void 0)}loadRequestFromUri(){let t=Tn(window.location.href).fragment();t&&this.requests.loadId(t,!1)}startPollingRequests(){this.pollingInterval=1e3,this.requests.loadLatest().then(()=>{var t;if(!(this.lastPolledId=(t=this.requests.last())==null?void 0:t.id))throw new Error;this.pollRequests()}).catch(t=>{t.error=="requires-authentication"?this.authentication.request(t.message,t.requires).then(()=>{this.startPollingRequests()}):setTimeout(()=>this.startPollingRequests(),this.pollingInterval)})}pollRequests(){var t;clearTimeout(this.pollTimeout),this.requests.loadNext(null,((t=this.requests.last())==null?void 0:t.id)||this.lastPolledId).then(s=>{var n;if(!this.settings.global.preserveLog){let r=this.requests.last(i=>i.isRequest()&&!i.isAjax()),o=this.requests.all().indexOf(r);this.requests.setItems(this.requests.all().slice(o))}this.lastPolledId=((n=this.requests.last())==null?void 0:n.id)||this.lastPolledId,this.pollTimeout=setTimeout(()=>this.pollRequests(),this.updatePollingInterval(s.length))}).catch(()=>{this.pollTimeout=setTimeout(()=>this.pollRequests(),this.updatePollingInterval(!1))})}throttlePolling(){document.addEventListener("visibilitychange",()=>{this.pollingInterval=document.hidden?6e4:1e3,document.hidden||this.pollRequests()})}updatePollingInterval(t){let s=new Date().getTime();return(t||!this.pollingLastReceived)&&(this.pollingLastReceived=s),s-this.pollingLastReceived>6e4?this.pollingInterval=5e3:s-this.pollingLastReceived>3e4?this.pollingInterval=2500:this.pollingInterval=1e3}hasFeature(t){return!["delete-shared","details-request"].includes(t)}settingsChanged(){this.settings.global.metadataPath&&this.setMetadataUrl()}}class Bde{constructor(t){this.requests=t,this.username=this.password="",this.shown=!1,this.failed=!1,this.requires=[]}attempt(){let t={username:this.username,password:this.password};return this.username=this.password="",this.failed=!1,this.requests.client("POST",`${this.requests.remoteUrl}auth`,t).then(s=>{this.shown=!1,this.requests.setAuthenticationToken(s.token),this.requests.items.forEach(n=>{if(n.error&&n.error.error=="requires-authentication")return this.requests.loadId(n.id)}),this.accept()}).catch(s=>{this.failed=!0})}request(t,s){return this.shown=!0,this.requires=s,this.message=t,new Promise((n,r)=>{this.accept=n,this.reject=r})}}const jde=(...e)=>We(new Bde(...e));class Vde{constructor(t){this.platform=t,this.shown=!1,this.loaded=!1,this.version="5.3.2",this.credits=ps({app:{contributors:[],dependencies:[],sponsors:[]},php:{contributors:[],dependencies:[],sponsors:[]}}),this.authors=[{name:"its",avatarUrl:"https://avatars.githubusercontent.com/u/821582?v=3",twitterUrl:"https://twitter.com/itsgoingd",githubUrl:"https://github.com/itsgoingd",sponsorUrl:"https://github.com/sponsors/itsgoingd"}]}toggle(){this.shown=!this.shown,this.load()}load(){if(this.loaded)return;let t=["app","php"],s=["contributors","dependencies","sponsors"],n=[];t.forEach(r=>{s.forEach(o=>{n.push(this.platform.fetch("GET",`https://meta.underground.works/clockwork-${r}/${o}.json`).then(({data:i})=>this.credits[r][o]=i))})}),Promise.all(n).then(()=>this.loaded=!0)}}const Gde=(...e)=>We(new Vde(...e));class Wde{constructor(t){this.settings=t}register(t){t.mixin({methods:{$editorLink:this.filter()}})}filter(){return(t,s)=>{let n={atom:(o,i)=>`atom://open?url=file://${o}&line=${i}`,phpstorm:(o,i)=>`phpstorm://open?file=${o}&line=${i}`,sublime:(o,i)=>`subl://open?url=file://${o}&line=${i}`,textmate:(o,i)=>`txmt://open?url=file://${o}&line=${i}`,"vs-code":(o,i)=>`vscode://file/${o}:${i}`},r=this.settings.global.editor;if(!(!r||!n[r]))return t&&this.settings.site.localPathMap.real&&(t=t.replace(this.settings.site.localPathMap.real,this.settings.site.localPathMap.local)),n[r](t,s)}}}const zde=(...e)=>We(new Wde(...e));class Qde{constructor(){this.backend=null,this.isLocalStorageAvailable()?this.backend="local-storage":this.isBrowserStorageAvailable()&&(this.backend="browser-storage"),this.persistent=!!this.backend,this.data=null}initialize(){return this.load(),this}async get(t,s){return await this.load(),this.data[t]==null&&await this.set(t,s),this.data[t]}async set(t,s){await this.load(),this.data[t]=s,this.save()}load(){return this.data?Promise.resolve():new Promise(t=>{if(this.backend=="local-storage"){const s=localStorage.getItem("tapped");if(s)this.loaded(t,s);else{const n=localStorage.getItem("clockwork");this.loaded(t,n),n&&localStorage.setItem("tapped",n)}}else this.backend=="browser-storage"?(window.browser||window.chrome).storage.local.get(["tapped","clockwork"],s=>{s.tapped?this.loaded(t,s.tapped):(this.loaded(t,s.clockwork),s.clockwork&&(window.browser||window.chrome).storage.local.set({tapped:s.clockwork}))}):this.loaded(t)})}loaded(t,s){try{this.data=JSON.parse(s)}catch{}this.data=this.data instanceof Object?this.data:{},t()}save(){if(this.backend=="local-storage")try{localStorage.setItem("tapped",JSON.stringify(this.data))}catch{}else this.backend=="browser-storage"&&(window.browser||window.chrome).storage.local.set({tapped:JSON.stringify(this.data)})}isLocalStorageAvailable(){try{localStorage}catch{return!1}return!0}isBrowserStorageAvailable(){return window.browser&&browser.storage||window.chrome&&chrome.storage}}const Yde=(...e)=>We(new Qde(...e)).initialize();class Kde{constructor(t,s){this.platform=t,this.settings=s,this.enabled=!1,this.cookieLifetime=60}enableProfiling(){this.enabled=!0,this.platform.setCookie("tapped-profile",this.settings.site.onDemandSecret,this.cookieLifetime),clearTimeout(this.timeout),this.timeout=setTimeout(()=>{this.enabled&&this.enableProfiling()},this.cookieLifetime*1e3)}disableProfiling(){this.enabled=!1,clearTimeout(this.timeout)}}const Xde=(...e)=>We(new Kde(...e));class Fr{constructor(t,s){this.metadata=t,this.functions=s}static parse(t){return new Promise((s,n)=>{s(Fr.parseSync(t))})}static parseSync(t){let s={},n=[],r={},o={};t=t.split(`
`);let i=0,a,l,h,d;for(;(a=t[i++])!==void 0;)if(a.startsWith("fl=")){let[p,g]=this.resolveCompressedName(a.match(/fl=(.+)/)[0],r);a=t[i++];let[y,A]=this.resolveCompressedName(a.match(/fn=(.+)/)[0],o);a=t[i++];let k=a.split(" ").map(W=>parseFloat(W)),j=k.shift();h=n[y],h||(n[y]=h={name:A,file:g,line:j,invocations:0,self:new Array(k.length).fill(0),inclusive:new Array(k.length).fill(0),callers:[],subCalls:[]}),h.invocations++,h.self=h.self.map((W,C)=>W+k[C]),h.inclusive=h.inclusive.map((W,C)=>W+k[C])}else if(a.startsWith("cfn=")){let[p,g]=this.resolveCompressedName(a.match(/cfn=(.+)/)[0],o);a=t[i++],a=t[i++];let y=a.split(" ").map(C=>parseFloat(C)),A=y.shift(),k=n[p];h.inclusive=y.map((C,R)=>C+(h.inclusive[R]||0));let j=k.callers[d];j||(k.callers[d]=j={name:h.name,line:A,calls:0,summed:new Array(y.length).fill(0)}),j.calls++,j.summed=j.summed.map((C,R)=>C+y[R]);let W=h.subCalls[p];W||(h.subCalls[p]=W={name:g,line:A,calls:0,summed:new Array(y.length).fill(0)}),W.calls++,W.summed=W.summed.map((C,R)=>C+y[R])}else(l=a.match(/^(.+?): (.+)/))&&(s[l[1]]=l[2]);return new Fr(s,n.slice(1))}static resolveCompressedName(t,s){let[n,r,o]=t.match(/\((\d+)\)(?: (.*))?/);return o&&(s[r]=o),[r,s[r]]}}class Jde{constructor(t,s){this.requests=t,this.platform=s,this.available=!1,this.loading=!1,this.parsing=!1,this.ready=!1,this.invalid=!1,this.isProfiling=!1,this.metric=0,this.percentual=!1,this.shownFraction=.9,this.request=void 0,this.functions=[]}initialize(){return this.platform.getCookie("XDEBUG_PROFILE").then(t=>this.isProfiling=t),this}enableProfiling(){return this.platform.setCookie("XDEBUG_PROFILE","1",60*60*24*30).then(()=>{this.isProfiling=!0})}disableProfiling(t=!1,s=!1){return t&&this.clear(),this.platform.setCookie("XDEBUG_PROFILE","0",0).then(()=>{s||(this.isProfiling=!1)})}async withoutProfiling(t){if(!this.isProfiling)return t();await this.disableProfiling(!1,!0);let s=t();return await this.enableProfiling(),s}loadRequest(t){if(!(this.request&&this.request.id==t.id)){if(!t.xdebug||!t.xdebug.profile)return this.clear();if(this.request=t,this.available=this.loading=this.parsing=this.ready=!1,this.summary=this.metadata=this.functions=[],this.available=!0,t.xdebug.profileData)return this.parseProfile();this.loading=!0,this.requests.loadExtended(t.id,["xdebug"]).then(s=>{this.loading=!1,this.parseProfile()})}}parseProfile(){if(!this.request.xdebug.profileData)return this.available=!1;this.ready=this.invalid=!1,this.parsing=!0,Fr.parse(this.request.xdebug.profileData).then(t=>{if(!t.metadata.summary)return this.parsing=this.available=!1;this.metadata=t.metadata,this.summary=this.metadata.summary.split(" ");let s=this.metadata.events.includes("Time_(10ns)");this.functionsAll=t.functions.filter(n=>n.name!="{main}").map(n=>(n.selfAll=n.self,n.inclusiveAll=n.inclusive,n.fullPath=n.file=="php:internal"?"internal":`${n.file}:${n.line}`,n.shortPath=n.fullPath!="internal"?n.fullPath.split(/[\/\\]/).pop():n.fullPath,s&&(n.selfAll[0]=n.selfAll[0]/100,n.inclusiveAll[0]=n.inclusiveAll[0]/100),n)),this.presentProfile(),this.parsing=!1,this.ready=!0}).catch(t=>{this.parsing=!1,this.invalid=!0})}presentProfile(){let t=this.shownFraction*this.summary[this.metric];this.functions=this.functionsAll.filter(s=>(t-=s.selfAll[this.metric],t>0)).map(s=>(s.self=this.percentual?s.selfAll[this.metric]/this.summary[this.metric]*100:s.selfAll[this.metric],s.inclusive=this.percentual?s.inclusiveAll[this.metric]/this.summary[this.metric]*100:s.inclusiveAll[this.metric],s))}clear(){this.available=this.loading=this.parsing=this.ready=!1,this.summary=this.metadata=this.functions=[],this.request=void 0}showMetric(t){this.metric=t,this.presentProfile()}showPercentual(t){this.percentual=t===!0||t===void 0,this.presentProfile()}setShownFraction(t){this.shownFraction=t,this.presentProfile()}formatMetric(t){return this.percentual?Math.round(t)+" %":this.metric==1?Math.round(t/1024)+" kB":Math.round(t/100)/10+" ms"}}const Zde=(...e)=>We(new Jde(...e)).initialize();class ehe{constructor(){this.settings=null,this.items=ps([]),this.query={},this.exclusive={}}all(){return this.items}findId(t){return this.items.find(s=>s.id==t)}loadId(t,s,n){let r=this.findId(t);return r?n=r:n!==!1&&(n=this.push(n||Jn(t))),n&&!s&&(n.loading=!0),this.withQuery(s?{only:s.join(",")}:{},()=>this.load(t,o=>o.then(i=>(n?n.resolve(i[0],s):this.items.push(i[0]),s||this.sort(),n||i[0])).catch(i=>{n&&n.resolveWithError(i)})))}loadExtended(t,s){let n=this.findId(t);return this.withQuery(s?{only:s.join(",")}:{},()=>this.load(`${t}/extended`,r=>r.then(o=>n.resolve(o[0],s)).catch(o=>{})))}loadLatest(t=!0){return this.load("latest",s=>s.then(n=>(t&&this.merge(n),n[0])),t)}returnLatest(){return this.loadLatest(!1)}loadNext(t,s,n=!0){var r;return s=s||((r=this.last(o=>!o.loading))==null?void 0:r.id),s?this.load(`${s}/next`+(t?`/${t}`:""),o=>o.then(i=>(n&&this.merge(i),i)).catch(i=>{}),n):Promise.resolve([])}returnNext(t,s){return this.loadNext(t,s,!1)}loadPrevious(t,s,n=!0){return!s&&!this.items.length?Promise.resolve([]):(s=s||this.first(r=>!r.loading).id,this.load(`${s}/previous`+(t?`/${t}`:""),r=>r.then(o=>(n&&this.merge(o),o)).catch(o=>{}),n))}returnPrevious(t,s){return this.loadPrevious(t,s,!1)}clear(){this.items.splice(0)}merge(t){t=t.filter(s=>!this.findId(s.id)),t.length&&(this.items.push(...t),this.sort())}push(t){return t=ps(t),this.items.push(t),t}sort(){this.items=this.items.sort((t,s)=>t.time-s.time)}first(t){return t?this.items.find(t):this.items[0]}last(t){return t?this.items.slice().reverse().find(t):this.items[this.items.length-1]}setClient(t){this.client=t}setItems(t){this.items.splice(0),this.items.push(...t)}setRemote(t,s){s=s||{},s.path=s.path||"/__tapped/",t=new Tn(t);let[n,r]=s.path.split("?");t.pathname(n||""),t.query(r||""),t.hash(""),this.remoteUrl=t.toString(),this.remoteHeaders=s.headers||{}}setAuthenticationToken(t){this.settings.site.authToken=t,this.settings.save()}setQuery(t){this.query=t}withQuery(t,s){let n=this.query;this.query=t;let r=s();return this.query=n,r}load(t,s,n=!1){if(n)return this.loadExclusive(t,s);let r=Tn(`${this.remoteUrl}${t}`).addQuery(this.query).toString(),o=Object.assign({},this.remoteHeaders,{"X-Tapped-Auth":this.settings.site.authToken});return s(this.client("GET",r,{},o).then(i=>i?(i instanceof Array?i:[i]).map(a=>Fde(a)):[]))}loadExclusive(t,s){return this.exclusive[t]?this.exclusive[t]:this.exclusive[t]=this.load(t,s).finally(()=>this.exclusive[t]=null)}}const the=(...e)=>We(new ehe(...e));class she{constructor(t){this.requests=t,this.tags=[{tag:"controller"},{tag:"method",validate:s=>["get","post","put","patch","delete","head"].includes(s)},{tag:"status",validate:s=>s>=100&&s<600},{tag:"time"},{tag:"received",validate:s=>new Date(s)},{tag:"type",validate:s=>["command","queue-job","request"].includes(s)}],this.shown=!1,this.input="",this.searchDebounced=to(()=>this.search(),500)}toggle(){this.shown=!this.shown,this.shown?Yr(()=>document.querySelector(".requests-search input").focus()):(this.input="",this.search())}search(){let{terms:t,tags:s}=this.tokenize(this.input);s=Object.entries(s).filter(([n,r])=>(n=this.tags.find(o=>o.tag==n),n&&(!n.validate||r.every(o=>n.validate(o))))).reduce((n,[r,o])=>(n[`${r}[]`]=o,n),{}),this.requests.setQuery(t.length||Object.keys(s).length?{"uri[]":t,"name[]":t,...s}:{}),this.requests.returnLatest().then(n=>{this.requests.returnPrevious(9,n.id).then(r=>{this.requests.setItems(r?[...r,n]:[n])})}).catch(()=>{this.requests.clear()})}tokenize(t){let s=[],n={},r=/(\w+:)?("[^"]*"|[^\s]+)/g,o;for(;o=r.exec(t);){let i=o[1]?o[1].substr(0,o[1].length-1):void 0,a=o[2];(o=a.match(/^"(.+?)"$/))&&(a=o[1]),i?(n[i]||(n[i]=[]),n[i].push(a)):s.push(a)}return{terms:s,tags:n}}}const nhe=(...e)=>We(new she(...e));var rhe=ohe;function ohe(e,t){for(var s={},n=Object.keys(e),r=n.length,o=0;o<r;o++){var i=n[o];s[i]=t(e[i],i,e)}return s}class ihe{constructor(t,s,n){this.store=t,this.requests=s,this.platform=n,this.requests.settings=this,this.shown=!1,this.loaded=!1,this.settings=ps(this.defaults()),this.defaultAppearance="light"}initialize(){return this.load(),this}get global(){return this.settings.global}get site(){return this.settings.site[this.requests.remoteUrl]||(this.settings.site[this.requests.remoteUrl]=on(!0,{},this.defaults().site)),this.settings.site[this.requests.remoteUrl]}get persistent(){return this.store.persistent}get appearance(){return this.global.appearance!="auto"?this.global.appearance:this.defaultAppearance}toggle(){this.shown=!this.shown}save(){this.store.set("settings",this.settings),this.platform.settingsChanged()}async load(){let t=this.defaults(),s=await this.store.get("settings",{});Object.assign(this.settings,{global:on(!0,t.global,s.global||{}),site:rhe(s.site||{},n=>on(!0,{},t.site,n||{}))}),this.loaded=!0,this.platform.settingsChanged()}defaults(){return{global:{appearance:"auto",databasePrettified:!1,editor:null,showIncomingRequests:!0,hideCommandTypeRequests:this.platform instanceof ln,hideQueueJobTypeRequests:this.platform instanceof ln,hideTestTypeRequests:this.platform instanceof ln,ignoredUpdateNotifications:{},metadataPath:null,performanceVitalsInfoShown:!0,preserveLog:!0,requestsListCollapsed:!1,requestSidebarCollapsed:!1,requestSidebarCollapsedSections:{headers:!1,data:!1,getData:!1,postData:!1,cookies:!1,middleware:!1,session:!1,arguments:!1,options:!1,payload:!1,queue:!1,connection:!1,asserts:!1},seenReleaseNotesVersion:null,shareTermsAccepted:!1,timelineCondensed:{performance:!0,views:!1},timelineHiddenTags:{}},site:{localPathMap:{real:null,local:null},onDemandSecret:null,sharingUrl:"https://tapped.thinkneverland.com/ingest"}}}}const ahe=(...e)=>We(new ihe(...e)).initialize();class lhe{register(t){t.mixin({methods:{$date:this.date,$join:this.join,$round:this.round,$shortClass:this.shortClass,$title:this.title}})}date(t,s){return Wn(t,s)}join(t,s=", "){return t instanceof Array?t.join(s):t}round(t,s=0){return parseFloat(parseFloat(t).toFixed(s))}shortClass(t){return t?t.split("\\").pop():""}title(t){return typeof t!="string"?t:t.replace(/(\w)([A-Z])/,"$1 $2").split(" ").map(s=>s[0].toUpperCase()+s.substr(1).toLowerCase()).join(" ")}}const che=(...e)=>new lhe(...e);class uhe{constructor(t){this.settings=t,this.serverVersion=null}get ignoredUpdates(){return this.settings.global.ignoredUpdateNotifications||{}}latest(){return{version:"4.1.2",url:"https://underground.works/blog/clockwork-4.1-released-with-commands-queue-jobs-tests-profiling-and-more"}}show(t){if(!(this.ignoresUpdate(t)||!this.serverVersion)&&this.versionCompare(this.latest().version,this.serverVersion)==1)return{version:this.latest().version,url:this.latest().url,currentVersion:this.serverVersion}}ignoresUpdate(t){let s=this.ignoredUpdates[t];return s&&this.versionCompare(s,this.latest().version)>=0}ignoreUpdate(t){let s=this.ignoredUpdates;s[t]=this.latest().version,this.store.set("update-notification.ignored-updates",s)}versionCompare(t,s){t=t.split(".").map(n=>parseInt(n)),s=s.split(".").map(n=>parseInt(n));for(let n=0;n<Math.max(t.length,s.length);n++){if(t[n]&&!s[n]||t[n]>s[n])return 1;if(!t[n]&&s[n]||t[n]<s[n])return-1}return 0}}const dhe=(...e)=>We(new uhe(...e));let rs;rs=ln.runningAsExtension()?new ln:new Hde;let ju=Yde(),kn=the(),Nn=ahe(ju,kn,rs),hhe=jde(kn),fhe=Gde(rs),phe=zde(Nn),Vu=Xde(rs,Nn),mhe=Zde(kn,rs),ghe=nhe(kn),vhe=che(),bhe=dhe(Nn),yhe=Jie(rs,Nn),Gu={$requests:kn,$platform:rs,$authentication:hhe,$credits:fhe,$editorLinks:phe,$onDemand:Vu,$profiler:mhe,$requestsSearch:ghe,$settings:Nn,$textFilters:vhe,$store:ju,$updateNotification:bhe,$whatsNew:yhe,$request:null,activeDetailsTab:"performance",showIncomingRequests:!0};rs.init(Gu);Vu.enableProfiling();let Ehe=Cde(Gu);Ehe.mount("#app");
 